[2021-04-17T04:47:00.593-0700][gc,heap] Heap region size: 1M
[2021-04-17T04:47:00.603-0700][gc     ] Using G1
[2021-04-17T04:47:00.603-0700][gc,heap,coops] Heap address: 0x00000000c0000000, size: 1024 MB, Compressed Oops mode: 32-bit
[2021-04-17T04:47:00.603-0700][gc,cds       ] Mark closed archive regions in map: [0x00000000fff00000, 0x00000000fff6aff8]
[2021-04-17T04:47:00.603-0700][gc,cds       ] Mark open archive regions in map: [0x00000000ffe00000, 0x00000000ffe46ff8]
[2021-04-17T04:47:01.718-0700][gc,start     ] GC(0) Pause Young (Normal) (G1 Evacuation Pause)
[2021-04-17T04:47:01.719-0700][gc,task      ] GC(0) Using 8 workers of 8 for evacuation
[2021-04-17T04:47:01.731-0700][gc,phases    ] GC(0)   Pre Evacuate Collection Set: 0.0ms
[2021-04-17T04:47:01.731-0700][gc,phases    ] GC(0)   Evacuate Collection Set: 10.9ms
[2021-04-17T04:47:01.731-0700][gc,phases    ] GC(0)   Post Evacuate Collection Set: 0.5ms
[2021-04-17T04:47:01.731-0700][gc,phases    ] GC(0)   Other: 1.5ms
[2021-04-17T04:47:01.731-0700][gc,heap      ] GC(0) Eden regions: 51->0(44)
[2021-04-17T04:47:01.731-0700][gc,heap      ] GC(0) Survivor regions: 0->7(7)
[2021-04-17T04:47:01.731-0700][gc,heap      ] GC(0) Old regions: 2->2
[2021-04-17T04:47:01.731-0700][gc,heap      ] GC(0) Humongous regions: 0->0
[2021-04-17T04:47:01.731-0700][gc,metaspace ] GC(0) Metaspace: 15616K->15616K(1062912K)
[2021-04-17T04:47:01.731-0700][gc           ] GC(0) Pause Young (Normal) (G1 Evacuation Pause) 51M->7M(1024M) 12.950ms
[2021-04-17T04:47:01.731-0700][gc,cpu       ] GC(0) User=0.08s Sys=0.00s Real=0.01s
[2021-04-17T04:47:02.012-0700][gc,start     ] GC(1) Pause Young (Concurrent Start) (Metadata GC Threshold)
[2021-04-17T04:47:02.012-0700][gc,task      ] GC(1) Using 8 workers of 8 for evacuation
[2021-04-17T04:47:02.021-0700][gc,phases    ] GC(1)   Pre Evacuate Collection Set: 0.0ms
[2021-04-17T04:47:02.021-0700][gc,phases    ] GC(1)   Evacuate Collection Set: 9.0ms
[2021-04-17T04:47:02.021-0700][gc,phases    ] GC(1)   Post Evacuate Collection Set: 0.5ms
[2021-04-17T04:47:02.021-0700][gc,phases    ] GC(1)   Other: 0.2ms
[2021-04-17T04:47:02.021-0700][gc,heap      ] GC(1) Eden regions: 20->0(50)
[2021-04-17T04:47:02.021-0700][gc,heap      ] GC(1) Survivor regions: 7->1(7)
[2021-04-17T04:47:02.021-0700][gc,heap      ] GC(1) Old regions: 2->9
[2021-04-17T04:47:02.021-0700][gc,heap      ] GC(1) Humongous regions: 0->0
[2021-04-17T04:47:02.021-0700][gc,metaspace ] GC(1) Metaspace: 20610K->20610K(1067008K)
[2021-04-17T04:47:02.021-0700][gc           ] GC(1) Pause Young (Concurrent Start) (Metadata GC Threshold) 27M->7M(1024M) 9.726ms
[2021-04-17T04:47:02.021-0700][gc,cpu       ] GC(1) User=0.04s Sys=0.01s Real=0.01s
[2021-04-17T04:47:02.021-0700][gc           ] GC(2) Concurrent Cycle
[2021-04-17T04:47:02.021-0700][gc,marking   ] GC(2) Concurrent Clear Claimed Marks
[2021-04-17T04:47:02.021-0700][gc,marking   ] GC(2) Concurrent Clear Claimed Marks 0.036ms
[2021-04-17T04:47:02.021-0700][gc,marking   ] GC(2) Concurrent Scan Root Regions
[2021-04-17T04:47:02.022-0700][gc,marking   ] GC(2) Concurrent Scan Root Regions 0.884ms
[2021-04-17T04:47:02.022-0700][gc,marking   ] GC(2) Concurrent Mark (1.451s)
[2021-04-17T04:47:02.022-0700][gc,marking   ] GC(2) Concurrent Mark From Roots
[2021-04-17T04:47:02.023-0700][gc,task      ] GC(2) Using 2 workers of 2 for marking
[2021-04-17T04:47:02.028-0700][gc,marking   ] GC(2) Concurrent Mark From Roots 5.617ms
[2021-04-17T04:47:02.028-0700][gc,marking   ] GC(2) Concurrent Preclean
[2021-04-17T04:47:02.028-0700][gc,marking   ] GC(2) Concurrent Preclean 0.179ms
[2021-04-17T04:47:02.028-0700][gc,marking   ] GC(2) Concurrent Mark (1.451s, 1.457s) 5.845ms
[2021-04-17T04:47:02.028-0700][gc,start     ] GC(2) Pause Remark
[2021-04-17T04:47:02.030-0700][gc,stringtable] GC(2) Cleaned string and symbol table, strings: 5078 processed, 0 removed, symbols: 50692 processed, 42 removed
[2021-04-17T04:47:02.031-0700][gc            ] GC(2) Pause Remark 8M->8M(1024M) 2.464ms
[2021-04-17T04:47:02.031-0700][gc,cpu        ] GC(2) User=0.01s Sys=0.00s Real=0.01s
[2021-04-17T04:47:02.031-0700][gc,marking    ] GC(2) Concurrent Rebuild Remembered Sets
[2021-04-17T04:47:02.035-0700][gc,marking    ] GC(2) Concurrent Rebuild Remembered Sets 4.439ms
[2021-04-17T04:47:02.035-0700][gc,start      ] GC(2) Pause Cleanup
[2021-04-17T04:47:02.036-0700][gc            ] GC(2) Pause Cleanup 8M->8M(1024M) 0.316ms
[2021-04-17T04:47:02.036-0700][gc,cpu        ] GC(2) User=0.00s Sys=0.00s Real=0.00s
[2021-04-17T04:47:02.036-0700][gc,marking    ] GC(2) Concurrent Cleanup for Next Mark
[2021-04-17T04:47:02.041-0700][gc,marking    ] GC(2) Concurrent Cleanup for Next Mark 5.038ms
[2021-04-17T04:47:02.041-0700][gc            ] GC(2) Concurrent Cycle 19.579ms
[2021-04-17T04:47:02.648-0700][gc,start      ] GC(3) Pause Young (Normal) (G1 Evacuation Pause)
[2021-04-17T04:47:02.648-0700][gc,task       ] GC(3) Using 8 workers of 8 for evacuation
[2021-04-17T04:47:02.653-0700][gc,phases     ] GC(3)   Pre Evacuate Collection Set: 0.0ms
[2021-04-17T04:47:02.653-0700][gc,phases     ] GC(3)   Evacuate Collection Set: 4.5ms
[2021-04-17T04:47:02.653-0700][gc,phases     ] GC(3)   Post Evacuate Collection Set: 0.4ms
[2021-04-17T04:47:02.653-0700][gc,phases     ] GC(3)   Other: 0.2ms
[2021-04-17T04:47:02.653-0700][gc,heap       ] GC(3) Eden regions: 50->0(46)
[2021-04-17T04:47:02.653-0700][gc,heap       ] GC(3) Survivor regions: 1->5(7)
[2021-04-17T04:47:02.653-0700][gc,heap       ] GC(3) Old regions: 9->9
[2021-04-17T04:47:02.653-0700][gc,heap       ] GC(3) Humongous regions: 129->129
[2021-04-17T04:47:02.653-0700][gc,metaspace  ] GC(3) Metaspace: 29951K->29951K(1077248K)
[2021-04-17T04:47:02.653-0700][gc            ] GC(3) Pause Young (Normal) (G1 Evacuation Pause) 186M->140M(1024M) 5.151ms
[2021-04-17T04:47:02.653-0700][gc,cpu        ] GC(3) User=0.04s Sys=0.00s Real=0.01s
[2021-04-17T04:47:18.653-0700][gc,start      ] GC(4) Pause Young (Concurrent Start) (Metadata GC Threshold)
[2021-04-17T04:47:18.653-0700][gc,task       ] GC(4) Using 8 workers of 8 for evacuation
[2021-04-17T04:47:18.658-0700][gc,phases     ] GC(4)   Pre Evacuate Collection Set: 0.1ms
[2021-04-17T04:47:18.658-0700][gc,phases     ] GC(4)   Evacuate Collection Set: 4.8ms
[2021-04-17T04:47:18.658-0700][gc,phases     ] GC(4)   Post Evacuate Collection Set: 0.4ms
[2021-04-17T04:47:18.659-0700][gc,phases     ] GC(4)   Other: 0.2ms
[2021-04-17T04:47:18.659-0700][gc,heap       ] GC(4) Eden regions: 22->0(49)
[2021-04-17T04:47:18.659-0700][gc,heap       ] GC(4) Survivor regions: 5->2(7)
[2021-04-17T04:47:18.659-0700][gc,heap       ] GC(4) Old regions: 9->14
[2021-04-17T04:47:18.659-0700][gc,heap       ] GC(4) Humongous regions: 129->129
[2021-04-17T04:47:18.659-0700][gc,metaspace  ] GC(4) Metaspace: 34624K->34624K(1081344K)
[2021-04-17T04:47:18.659-0700][gc            ] GC(4) Pause Young (Concurrent Start) (Metadata GC Threshold) 162M->141M(1024M) 5.495ms
[2021-04-17T04:47:18.659-0700][gc,cpu        ] GC(4) User=0.02s Sys=0.00s Real=0.01s
[2021-04-17T04:47:18.659-0700][gc            ] GC(5) Concurrent Cycle
[2021-04-17T04:47:18.659-0700][gc,marking    ] GC(5) Concurrent Clear Claimed Marks
[2021-04-17T04:47:18.659-0700][gc,marking    ] GC(5) Concurrent Clear Claimed Marks 0.122ms
[2021-04-17T04:47:18.659-0700][gc,marking    ] GC(5) Concurrent Scan Root Regions
[2021-04-17T04:47:18.660-0700][gc,marking    ] GC(5) Concurrent Scan Root Regions 0.874ms
[2021-04-17T04:47:18.660-0700][gc,marking    ] GC(5) Concurrent Mark (18.088s)
[2021-04-17T04:47:18.660-0700][gc,marking    ] GC(5) Concurrent Mark From Roots
[2021-04-17T04:47:18.660-0700][gc,task       ] GC(5) Using 2 workers of 2 for marking
[2021-04-17T04:47:18.669-0700][gc,marking    ] GC(5) Concurrent Mark From Roots 8.864ms
[2021-04-17T04:47:18.669-0700][gc,marking    ] GC(5) Concurrent Preclean
[2021-04-17T04:47:18.669-0700][gc,marking    ] GC(5) Concurrent Preclean 0.199ms
[2021-04-17T04:47:18.669-0700][gc,marking    ] GC(5) Concurrent Mark (18.088s, 18.098s) 9.129ms
[2021-04-17T04:47:18.669-0700][gc,start      ] GC(5) Pause Remark
[2021-04-17T04:47:18.671-0700][gc,stringtable] GC(5) Cleaned string and symbol table, strings: 9544 processed, 11 removed, symbols: 79591 processed, 8 removed
[2021-04-17T04:47:18.672-0700][gc            ] GC(5) Pause Remark 142M->142M(1024M) 2.599ms
[2021-04-17T04:47:18.672-0700][gc,cpu        ] GC(5) User=0.01s Sys=0.00s Real=0.00s
[2021-04-17T04:47:18.672-0700][gc,marking    ] GC(5) Concurrent Rebuild Remembered Sets
[2021-04-17T04:47:18.679-0700][gc,marking    ] GC(5) Concurrent Rebuild Remembered Sets 7.214ms
[2021-04-17T04:47:18.681-0700][gc,start      ] GC(5) Pause Cleanup
[2021-04-17T04:47:18.681-0700][gc            ] GC(5) Pause Cleanup 143M->143M(1024M) 0.204ms
[2021-04-17T04:47:18.681-0700][gc,cpu        ] GC(5) User=0.00s Sys=0.00s Real=0.00s
[2021-04-17T04:47:18.681-0700][gc,marking    ] GC(5) Concurrent Cleanup for Next Mark
[2021-04-17T04:47:18.687-0700][gc,marking    ] GC(5) Concurrent Cleanup for Next Mark 5.553ms
[2021-04-17T04:47:18.687-0700][gc            ] GC(5) Concurrent Cycle 27.977ms
[2021-04-17T04:49:23.559-0700][gc,start      ] GC(6) Pause Young (Normal) (G1 Evacuation Pause)
[2021-04-17T04:49:23.559-0700][gc,task       ] GC(6) Using 8 workers of 8 for evacuation
[2021-04-17T04:49:23.565-0700][gc,phases     ] GC(6)   Pre Evacuate Collection Set: 0.0ms
[2021-04-17T04:49:23.565-0700][gc,phases     ] GC(6)   Evacuate Collection Set: 5.1ms
[2021-04-17T04:49:23.565-0700][gc,phases     ] GC(6)   Post Evacuate Collection Set: 0.8ms
[2021-04-17T04:49:23.565-0700][gc,phases     ] GC(6)   Other: 0.2ms
[2021-04-17T04:49:23.565-0700][gc,heap       ] GC(6) Eden regions: 49->0(46)
[2021-04-17T04:49:23.565-0700][gc,heap       ] GC(6) Survivor regions: 2->5(7)
[2021-04-17T04:49:23.565-0700][gc,heap       ] GC(6) Old regions: 14->14
[2021-04-17T04:49:23.565-0700][gc,heap       ] GC(6) Humongous regions: 129->129
[2021-04-17T04:49:23.565-0700][gc,metaspace  ] GC(6) Metaspace: 39729K->39729K(1085440K)
[2021-04-17T04:49:23.565-0700][gc            ] GC(6) Pause Young (Normal) (G1 Evacuation Pause) 190M->145M(1024M) 6.286ms
[2021-04-17T04:49:23.565-0700][gc,cpu        ] GC(6) User=0.04s Sys=0.00s Real=0.00s
[2021-04-17T04:49:34.899-0700][gc,start      ] GC(7) Pause Young (Normal) (G1 Evacuation Pause)
[2021-04-17T04:49:34.899-0700][gc,task       ] GC(7) Using 8 workers of 8 for evacuation
[2021-04-17T04:49:34.904-0700][gc,phases     ] GC(7)   Pre Evacuate Collection Set: 0.0ms
[2021-04-17T04:49:34.904-0700][gc,phases     ] GC(7)   Evacuate Collection Set: 4.0ms
[2021-04-17T04:49:34.904-0700][gc,phases     ] GC(7)   Post Evacuate Collection Set: 0.6ms
[2021-04-17T04:49:34.904-0700][gc,phases     ] GC(7)   Other: 0.3ms
[2021-04-17T04:49:34.904-0700][gc,heap       ] GC(7) Eden regions: 46->0(49)
[2021-04-17T04:49:34.904-0700][gc,heap       ] GC(7) Survivor regions: 5->2(7)
[2021-04-17T04:49:34.904-0700][gc,heap       ] GC(7) Old regions: 14->16
[2021-04-17T04:49:34.904-0700][gc,heap       ] GC(7) Humongous regions: 129->129
[2021-04-17T04:49:34.904-0700][gc,metaspace  ] GC(7) Metaspace: 40436K->40436K(1085440K)
[2021-04-17T04:49:34.904-0700][gc            ] GC(7) Pause Young (Normal) (G1 Evacuation Pause) 191M->145M(1024M) 4.912ms
[2021-04-17T04:49:34.904-0700][gc,cpu        ] GC(7) User=0.03s Sys=0.00s Real=0.00s
[2021-04-17T04:49:49.691-0700][gc,start      ] GC(8) Pause Young (Normal) (G1 Evacuation Pause)
[2021-04-17T04:49:49.691-0700][gc,task       ] GC(8) Using 8 workers of 8 for evacuation
[2021-04-17T04:49:49.697-0700][gc,phases     ] GC(8)   Pre Evacuate Collection Set: 0.0ms
[2021-04-17T04:49:49.697-0700][gc,phases     ] GC(8)   Evacuate Collection Set: 5.8ms
[2021-04-17T04:49:49.697-0700][gc,phases     ] GC(8)   Post Evacuate Collection Set: 0.3ms
[2021-04-17T04:49:49.697-0700][gc,phases     ] GC(8)   Other: 0.2ms
[2021-04-17T04:49:49.697-0700][gc,heap       ] GC(8) Eden regions: 49->0(47)
[2021-04-17T04:49:49.697-0700][gc,heap       ] GC(8) Survivor regions: 2->4(7)
[2021-04-17T04:49:49.697-0700][gc,heap       ] GC(8) Old regions: 16->16
[2021-04-17T04:49:49.697-0700][gc,heap       ] GC(8) Humongous regions: 129->129
[2021-04-17T04:49:49.697-0700][gc,metaspace  ] GC(8) Metaspace: 40475K->40475K(1085440K)
[2021-04-17T04:49:49.697-0700][gc            ] GC(8) Pause Young (Normal) (G1 Evacuation Pause) 194M->147M(1024M) 6.487ms
[2021-04-17T04:49:49.697-0700][gc,cpu        ] GC(8) User=0.02s Sys=0.01s Real=0.01s
[2021-04-17T04:50:04.177-0700][gc,start      ] GC(9) Pause Young (Normal) (G1 Evacuation Pause)
[2021-04-17T04:50:04.177-0700][gc,task       ] GC(9) Using 8 workers of 8 for evacuation
[2021-04-17T04:50:04.184-0700][gc,phases     ] GC(9)   Pre Evacuate Collection Set: 0.0ms
[2021-04-17T04:50:04.184-0700][gc,phases     ] GC(9)   Evacuate Collection Set: 5.5ms
[2021-04-17T04:50:04.184-0700][gc,phases     ] GC(9)   Post Evacuate Collection Set: 0.4ms
[2021-04-17T04:50:04.184-0700][gc,phases     ] GC(9)   Other: 0.2ms
[2021-04-17T04:50:04.184-0700][gc,heap       ] GC(9) Eden regions: 47->0(48)
[2021-04-17T04:50:04.184-0700][gc,heap       ] GC(9) Survivor regions: 4->3(7)
[2021-04-17T04:50:04.184-0700][gc,heap       ] GC(9) Old regions: 16->17
[2021-04-17T04:50:04.184-0700][gc,heap       ] GC(9) Humongous regions: 129->129
[2021-04-17T04:50:04.184-0700][gc,metaspace  ] GC(9) Metaspace: 40568K->40568K(1085440K)
[2021-04-17T04:50:04.184-0700][gc            ] GC(9) Pause Young (Normal) (G1 Evacuation Pause) 194M->147M(1024M) 6.288ms
[2021-04-17T04:50:04.184-0700][gc,cpu        ] GC(9) User=0.03s Sys=0.00s Real=0.00s
[2021-04-17T04:51:50.254-0700][gc,start      ] GC(10) Pause Young (Normal) (G1 Evacuation Pause)
[2021-04-17T04:51:50.254-0700][gc,task       ] GC(10) Using 8 workers of 8 for evacuation
[2021-04-17T04:51:50.268-0700][gc,phases     ] GC(10)   Pre Evacuate Collection Set: 0.0ms
[2021-04-17T04:51:50.268-0700][gc,phases     ] GC(10)   Evacuate Collection Set: 12.1ms
[2021-04-17T04:51:50.268-0700][gc,phases     ] GC(10)   Post Evacuate Collection Set: 1.0ms
[2021-04-17T04:51:50.268-0700][gc,phases     ] GC(10)   Other: 0.5ms
[2021-04-17T04:51:50.268-0700][gc,heap       ] GC(10) Eden regions: 48->0(46)
[2021-04-17T04:51:50.268-0700][gc,heap       ] GC(10) Survivor regions: 3->5(7)
[2021-04-17T04:51:50.268-0700][gc,heap       ] GC(10) Old regions: 17->17
[2021-04-17T04:51:50.268-0700][gc,heap       ] GC(10) Humongous regions: 129->129
[2021-04-17T04:51:50.268-0700][gc,metaspace  ] GC(10) Metaspace: 40599K->40599K(1085440K)
[2021-04-17T04:51:50.268-0700][gc            ] GC(10) Pause Young (Normal) (G1 Evacuation Pause) 195M->149M(1024M) 13.794ms
[2021-04-17T04:51:50.268-0700][gc,cpu        ] GC(10) User=0.09s Sys=0.00s Real=0.01s
[2021-04-17T04:56:39.714-0700][gc,start      ] GC(11) Pause Young (Normal) (G1 Evacuation Pause)
[2021-04-17T04:56:39.714-0700][gc,task       ] GC(11) Using 8 workers of 8 for evacuation
[2021-04-17T04:56:39.724-0700][gc,phases     ] GC(11)   Pre Evacuate Collection Set: 0.0ms
[2021-04-17T04:56:39.724-0700][gc,phases     ] GC(11)   Evacuate Collection Set: 9.4ms
[2021-04-17T04:56:39.724-0700][gc,phases     ] GC(11)   Post Evacuate Collection Set: 0.3ms
[2021-04-17T04:56:39.724-0700][gc,phases     ] GC(11)   Other: 0.2ms
[2021-04-17T04:56:39.724-0700][gc,heap       ] GC(11) Eden regions: 46->0(47)
[2021-04-17T04:56:39.724-0700][gc,heap       ] GC(11) Survivor regions: 5->7(7)
[2021-04-17T04:56:39.724-0700][gc,heap       ] GC(11) Old regions: 17->19
[2021-04-17T04:56:39.724-0700][gc,heap       ] GC(11) Humongous regions: 129->129
[2021-04-17T04:56:39.724-0700][gc,metaspace  ] GC(11) Metaspace: 40674K->40674K(1085440K)
[2021-04-17T04:56:39.724-0700][gc            ] GC(11) Pause Young (Normal) (G1 Evacuation Pause) 195M->152M(1024M) 10.013ms
[2021-04-17T04:56:39.724-0700][gc,cpu        ] GC(11) User=0.05s Sys=0.00s Real=0.01s
[2021-04-17T04:58:31.425-0700][gc,start      ] GC(12) Pause Young (Normal) (G1 Evacuation Pause)
[2021-04-17T04:58:31.425-0700][gc,task       ] GC(12) Using 8 workers of 8 for evacuation
[2021-04-17T04:58:31.447-0700][gc,mmu        ] GC(12) MMU target violated: 21.0ms (20.0ms/21.0ms)
[2021-04-17T04:58:31.447-0700][gc,phases     ] GC(12)   Pre Evacuate Collection Set: 0.1ms
[2021-04-17T04:58:31.447-0700][gc,phases     ] GC(12)   Evacuate Collection Set: 21.2ms
[2021-04-17T04:58:31.447-0700][gc,phases     ] GC(12)   Post Evacuate Collection Set: 0.4ms
[2021-04-17T04:58:31.447-0700][gc,phases     ] GC(12)   Other: 0.5ms
[2021-04-17T04:58:31.447-0700][gc,heap       ] GC(12) Eden regions: 44->0(47)
[2021-04-17T04:58:31.447-0700][gc,heap       ] GC(12) Survivor regions: 7->4(7)
[2021-04-17T04:58:31.447-0700][gc,heap       ] GC(12) Old regions: 19->24
[2021-04-17T04:58:31.447-0700][gc,heap       ] GC(12) Humongous regions: 129->129
[2021-04-17T04:58:31.447-0700][gc,metaspace  ] GC(12) Metaspace: 40943K->40943K(1087488K)
[2021-04-17T04:58:31.447-0700][gc            ] GC(12) Pause Young (Normal) (G1 Evacuation Pause) 196M->155M(1024M) 22.312ms
[2021-04-17T04:58:31.447-0700][gc,cpu        ] GC(12) User=0.14s Sys=0.01s Real=0.02s
[2021-04-17T04:58:37.110-0700][gc,heap,exit  ] Heap
[2021-04-17T04:58:37.110-0700][gc,heap,exit  ]  garbage-first heap   total 1048576K, used 167036K [0x00000000c0000000, 0x0000000100000000)
[2021-04-17T04:58:37.110-0700][gc,heap,exit  ]   region size 1024K, 13 young (13312K), 4 survivors (4096K)
[2021-04-17T04:58:37.110-0700][gc,heap,exit  ]  Metaspace       used 41650K, capacity 43777K, committed 43980K, reserved 1087488K
[2021-04-17T04:58:37.110-0700][gc,heap,exit  ]   class space    used 5078K, capacity 6082K, committed 6092K, reserved 1048576K
