[2021-04-17T04:12:39.873-0700][gc,heap] Heap region size: 1M
[2021-04-17T04:12:39.881-0700][gc     ] Using G1
[2021-04-17T04:12:39.881-0700][gc,heap,coops] Heap address: 0x00000000c0000000, size: 1024 MB, Compressed Oops mode: 32-bit
[2021-04-17T04:12:39.882-0700][gc,cds       ] Mark closed archive regions in map: [0x00000000fff00000, 0x00000000fff6aff8]
[2021-04-17T04:12:39.882-0700][gc,cds       ] Mark open archive regions in map: [0x00000000ffe00000, 0x00000000ffe46ff8]
[2021-04-17T04:12:41.060-0700][gc,start     ] GC(0) Pause Young (Normal) (G1 Evacuation Pause)
[2021-04-17T04:12:41.061-0700][gc,task      ] GC(0) Using 8 workers of 8 for evacuation
[2021-04-17T04:12:41.077-0700][gc,phases    ] GC(0)   Pre Evacuate Collection Set: 0.0ms
[2021-04-17T04:12:41.077-0700][gc,phases    ] GC(0)   Evacuate Collection Set: 14.6ms
[2021-04-17T04:12:41.077-0700][gc,phases    ] GC(0)   Post Evacuate Collection Set: 0.7ms
[2021-04-17T04:12:41.077-0700][gc,phases    ] GC(0)   Other: 1.3ms
[2021-04-17T04:12:41.077-0700][gc,heap      ] GC(0) Eden regions: 51->0(44)
[2021-04-17T04:12:41.077-0700][gc,heap      ] GC(0) Survivor regions: 0->7(7)
[2021-04-17T04:12:41.077-0700][gc,heap      ] GC(0) Old regions: 2->2
[2021-04-17T04:12:41.077-0700][gc,heap      ] GC(0) Humongous regions: 0->0
[2021-04-17T04:12:41.077-0700][gc,metaspace ] GC(0) Metaspace: 15646K->15646K(1062912K)
[2021-04-17T04:12:41.077-0700][gc           ] GC(0) Pause Young (Normal) (G1 Evacuation Pause) 51M->7M(1024M) 16.705ms
[2021-04-17T04:12:41.077-0700][gc,cpu       ] GC(0) User=0.10s Sys=0.01s Real=0.02s
[2021-04-17T04:12:41.342-0700][gc,start     ] GC(1) Pause Young (Concurrent Start) (Metadata GC Threshold)
[2021-04-17T04:12:41.342-0700][gc,task      ] GC(1) Using 8 workers of 8 for evacuation
[2021-04-17T04:12:41.350-0700][gc,phases    ] GC(1)   Pre Evacuate Collection Set: 0.0ms
[2021-04-17T04:12:41.350-0700][gc,phases    ] GC(1)   Evacuate Collection Set: 7.5ms
[2021-04-17T04:12:41.350-0700][gc,phases    ] GC(1)   Post Evacuate Collection Set: 0.4ms
[2021-04-17T04:12:41.350-0700][gc,phases    ] GC(1)   Other: 0.2ms
[2021-04-17T04:12:41.350-0700][gc,heap      ] GC(1) Eden regions: 20->0(49)
[2021-04-17T04:12:41.350-0700][gc,heap      ] GC(1) Survivor regions: 7->2(7)
[2021-04-17T04:12:41.350-0700][gc,heap      ] GC(1) Old regions: 2->9
[2021-04-17T04:12:41.350-0700][gc,heap      ] GC(1) Humongous regions: 0->0
[2021-04-17T04:12:41.350-0700][gc,metaspace ] GC(1) Metaspace: 20568K->20568K(1067008K)
[2021-04-17T04:12:41.350-0700][gc           ] GC(1) Pause Young (Concurrent Start) (Metadata GC Threshold) 26M->8M(1024M) 8.252ms
[2021-04-17T04:12:41.350-0700][gc,cpu       ] GC(1) User=0.04s Sys=0.00s Real=0.01s
[2021-04-17T04:12:41.350-0700][gc           ] GC(2) Concurrent Cycle
[2021-04-17T04:12:41.350-0700][gc,marking   ] GC(2) Concurrent Clear Claimed Marks
[2021-04-17T04:12:41.350-0700][gc,marking   ] GC(2) Concurrent Clear Claimed Marks 0.025ms
[2021-04-17T04:12:41.350-0700][gc,marking   ] GC(2) Concurrent Scan Root Regions
[2021-04-17T04:12:41.352-0700][gc,marking   ] GC(2) Concurrent Scan Root Regions 1.167ms
[2021-04-17T04:12:41.352-0700][gc,marking   ] GC(2) Concurrent Mark (1.481s)
[2021-04-17T04:12:41.352-0700][gc,marking   ] GC(2) Concurrent Mark From Roots
[2021-04-17T04:12:41.352-0700][gc,task      ] GC(2) Using 2 workers of 2 for marking
[2021-04-17T04:12:41.358-0700][gc,marking   ] GC(2) Concurrent Mark From Roots 6.110ms
[2021-04-17T04:12:41.358-0700][gc,marking   ] GC(2) Concurrent Preclean
[2021-04-17T04:12:41.358-0700][gc,marking   ] GC(2) Concurrent Preclean 0.136ms
[2021-04-17T04:12:41.358-0700][gc,marking   ] GC(2) Concurrent Mark (1.481s, 1.488s) 6.281ms
[2021-04-17T04:12:41.358-0700][gc,start     ] GC(2) Pause Remark
[2021-04-17T04:12:41.360-0700][gc,stringtable] GC(2) Cleaned string and symbol table, strings: 5085 processed, 0 removed, symbols: 50675 processed, 42 removed
[2021-04-17T04:12:41.361-0700][gc            ] GC(2) Pause Remark 8M->8M(1024M) 2.426ms
[2021-04-17T04:12:41.361-0700][gc,cpu        ] GC(2) User=0.01s Sys=0.00s Real=0.00s
[2021-04-17T04:12:41.361-0700][gc,marking    ] GC(2) Concurrent Rebuild Remembered Sets
[2021-04-17T04:12:41.364-0700][gc,marking    ] GC(2) Concurrent Rebuild Remembered Sets 3.282ms
[2021-04-17T04:12:41.364-0700][gc,start      ] GC(2) Pause Cleanup
[2021-04-17T04:12:41.364-0700][gc            ] GC(2) Pause Cleanup 9M->9M(1024M) 0.229ms
[2021-04-17T04:12:41.364-0700][gc,cpu        ] GC(2) User=0.00s Sys=0.00s Real=0.00s
[2021-04-17T04:12:41.364-0700][gc,marking    ] GC(2) Concurrent Cleanup for Next Mark
[2021-04-17T04:12:41.369-0700][gc,marking    ] GC(2) Concurrent Cleanup for Next Mark 4.953ms
[2021-04-17T04:12:41.369-0700][gc            ] GC(2) Concurrent Cycle 18.989ms
[2021-04-17T04:12:41.966-0700][gc,start      ] GC(3) Pause Young (Normal) (G1 Evacuation Pause)
[2021-04-17T04:12:41.966-0700][gc,task       ] GC(3) Using 8 workers of 8 for evacuation
[2021-04-17T04:12:41.970-0700][gc,phases     ] GC(3)   Pre Evacuate Collection Set: 0.0ms
[2021-04-17T04:12:41.970-0700][gc,phases     ] GC(3)   Evacuate Collection Set: 3.4ms
[2021-04-17T04:12:41.970-0700][gc,phases     ] GC(3)   Post Evacuate Collection Set: 0.4ms
[2021-04-17T04:12:41.970-0700][gc,phases     ] GC(3)   Other: 0.2ms
[2021-04-17T04:12:41.970-0700][gc,heap       ] GC(3) Eden regions: 49->0(46)
[2021-04-17T04:12:41.970-0700][gc,heap       ] GC(3) Survivor regions: 2->5(7)
[2021-04-17T04:12:41.970-0700][gc,heap       ] GC(3) Old regions: 9->9
[2021-04-17T04:12:41.970-0700][gc,heap       ] GC(3) Humongous regions: 129->129
[2021-04-17T04:12:41.970-0700][gc,metaspace  ] GC(3) Metaspace: 29927K->29927K(1077248K)
[2021-04-17T04:12:41.970-0700][gc            ] GC(3) Pause Young (Normal) (G1 Evacuation Pause) 186M->140M(1024M) 4.028ms
[2021-04-17T04:12:41.970-0700][gc,cpu        ] GC(3) User=0.03s Sys=0.00s Real=0.01s
[2021-04-17T04:13:11.386-0700][gc,start      ] GC(4) Pause Young (Concurrent Start) (Metadata GC Threshold)
[2021-04-17T04:13:11.386-0700][gc,task       ] GC(4) Using 8 workers of 8 for evacuation
[2021-04-17T04:13:11.399-0700][gc,phases     ] GC(4)   Pre Evacuate Collection Set: 0.1ms
[2021-04-17T04:13:11.399-0700][gc,phases     ] GC(4)   Evacuate Collection Set: 11.8ms
[2021-04-17T04:13:11.399-0700][gc,phases     ] GC(4)   Post Evacuate Collection Set: 1.1ms
[2021-04-17T04:13:11.399-0700][gc,phases     ] GC(4)   Other: 0.4ms
[2021-04-17T04:13:11.399-0700][gc,heap       ] GC(4) Eden regions: 22->0(49)
[2021-04-17T04:13:11.399-0700][gc,heap       ] GC(4) Survivor regions: 5->2(7)
[2021-04-17T04:13:11.399-0700][gc,heap       ] GC(4) Old regions: 9->14
[2021-04-17T04:13:11.399-0700][gc,heap       ] GC(4) Humongous regions: 129->129
[2021-04-17T04:13:11.399-0700][gc,metaspace  ] GC(4) Metaspace: 34651K->34651K(1081344K)
[2021-04-17T04:13:11.399-0700][gc            ] GC(4) Pause Young (Concurrent Start) (Metadata GC Threshold) 162M->142M(1024M) 13.670ms
[2021-04-17T04:13:11.399-0700][gc,cpu        ] GC(4) User=0.06s Sys=0.01s Real=0.02s
[2021-04-17T04:13:11.399-0700][gc            ] GC(5) Concurrent Cycle
[2021-04-17T04:13:11.400-0700][gc,marking    ] GC(5) Concurrent Clear Claimed Marks
[2021-04-17T04:13:11.400-0700][gc,marking    ] GC(5) Concurrent Clear Claimed Marks 0.198ms
[2021-04-17T04:13:11.400-0700][gc,marking    ] GC(5) Concurrent Scan Root Regions
[2021-04-17T04:13:11.402-0700][gc,marking    ] GC(5) Concurrent Scan Root Regions 2.445ms
[2021-04-17T04:13:11.402-0700][gc,marking    ] GC(5) Concurrent Mark (31.532s)
[2021-04-17T04:13:11.402-0700][gc,marking    ] GC(5) Concurrent Mark From Roots
[2021-04-17T04:13:11.402-0700][gc,task       ] GC(5) Using 2 workers of 2 for marking
[2021-04-17T04:13:11.422-0700][gc,marking    ] GC(5) Concurrent Mark From Roots 19.545ms
[2021-04-17T04:13:11.422-0700][gc,marking    ] GC(5) Concurrent Preclean
[2021-04-17T04:13:11.422-0700][gc,marking    ] GC(5) Concurrent Preclean 0.189ms
[2021-04-17T04:13:11.422-0700][gc,marking    ] GC(5) Concurrent Mark (31.532s, 31.552s) 19.813ms
[2021-04-17T04:13:11.422-0700][gc,start      ] GC(5) Pause Remark
[2021-04-17T04:13:11.426-0700][gc,stringtable] GC(5) Cleaned string and symbol table, strings: 9529 processed, 11 removed, symbols: 80379 processed, 9 removed
[2021-04-17T04:13:11.427-0700][gc            ] GC(5) Pause Remark 142M->142M(1024M) 4.536ms
[2021-04-17T04:13:11.427-0700][gc,cpu        ] GC(5) User=0.03s Sys=0.00s Real=0.00s
[2021-04-17T04:13:11.427-0700][gc,marking    ] GC(5) Concurrent Rebuild Remembered Sets
[2021-04-17T04:13:11.433-0700][gc,marking    ] GC(5) Concurrent Rebuild Remembered Sets 6.162ms
[2021-04-17T04:13:11.433-0700][gc,start      ] GC(5) Pause Cleanup
[2021-04-17T04:13:11.433-0700][gc            ] GC(5) Pause Cleanup 143M->143M(1024M) 0.179ms
[2021-04-17T04:13:11.433-0700][gc,cpu        ] GC(5) User=0.00s Sys=0.00s Real=0.00s
[2021-04-17T04:13:11.433-0700][gc,marking    ] GC(5) Concurrent Cleanup for Next Mark
[2021-04-17T04:13:11.438-0700][gc,marking    ] GC(5) Concurrent Cleanup for Next Mark 4.484ms
[2021-04-17T04:13:11.438-0700][gc            ] GC(5) Concurrent Cycle 38.450ms
[2021-04-17T04:17:28.202-0700][gc,start      ] GC(6) Pause Young (Normal) (G1 Evacuation Pause)
[2021-04-17T04:17:28.202-0700][gc,task       ] GC(6) Using 8 workers of 8 for evacuation
[2021-04-17T04:17:28.219-0700][gc,phases     ] GC(6)   Pre Evacuate Collection Set: 0.0ms
[2021-04-17T04:17:28.219-0700][gc,phases     ] GC(6)   Evacuate Collection Set: 15.4ms
[2021-04-17T04:17:28.219-0700][gc,phases     ] GC(6)   Post Evacuate Collection Set: 1.5ms
[2021-04-17T04:17:28.219-0700][gc,phases     ] GC(6)   Other: 0.4ms
[2021-04-17T04:17:28.219-0700][gc,heap       ] GC(6) Eden regions: 49->0(47)
[2021-04-17T04:17:28.219-0700][gc,heap       ] GC(6) Survivor regions: 2->4(7)
[2021-04-17T04:17:28.219-0700][gc,heap       ] GC(6) Old regions: 14->14
[2021-04-17T04:17:28.219-0700][gc,heap       ] GC(6) Humongous regions: 129->129
[2021-04-17T04:17:28.219-0700][gc,metaspace  ] GC(6) Metaspace: 39615K->39615K(1085440K)
[2021-04-17T04:17:28.219-0700][gc            ] GC(6) Pause Young (Normal) (G1 Evacuation Pause) 191M->144M(1024M) 17.701ms
[2021-04-17T04:17:28.219-0700][gc,cpu        ] GC(6) User=0.10s Sys=0.00s Real=0.02s
[2021-04-17T04:17:40.769-0700][gc,start      ] GC(7) Pause Young (Normal) (G1 Evacuation Pause)
[2021-04-17T04:17:40.769-0700][gc,task       ] GC(7) Using 8 workers of 8 for evacuation
[2021-04-17T04:17:40.775-0700][gc,phases     ] GC(7)   Pre Evacuate Collection Set: 0.0ms
[2021-04-17T04:17:40.775-0700][gc,phases     ] GC(7)   Evacuate Collection Set: 3.9ms
[2021-04-17T04:17:40.775-0700][gc,phases     ] GC(7)   Post Evacuate Collection Set: 1.1ms
[2021-04-17T04:17:40.775-0700][gc,phases     ] GC(7)   Other: 0.3ms
[2021-04-17T04:17:40.775-0700][gc,heap       ] GC(7) Eden regions: 47->0(47)
[2021-04-17T04:17:40.775-0700][gc,heap       ] GC(7) Survivor regions: 4->4(7)
[2021-04-17T04:17:40.775-0700][gc,heap       ] GC(7) Old regions: 14->15
[2021-04-17T04:17:40.775-0700][gc,heap       ] GC(7) Humongous regions: 129->129
[2021-04-17T04:17:40.775-0700][gc,metaspace  ] GC(7) Metaspace: 39858K->39858K(1085440K)
[2021-04-17T04:17:40.775-0700][gc            ] GC(7) Pause Young (Normal) (G1 Evacuation Pause) 191M->145M(1024M) 5.630ms
[2021-04-17T04:17:40.775-0700][gc,cpu        ] GC(7) User=0.03s Sys=0.00s Real=0.00s
[2021-04-17T04:17:55.149-0700][gc,start      ] GC(8) Pause Young (Normal) (G1 Evacuation Pause)
[2021-04-17T04:17:55.149-0700][gc,task       ] GC(8) Using 8 workers of 8 for evacuation
[2021-04-17T04:17:55.172-0700][gc,mmu        ] GC(8) MMU target violated: 21.0ms (20.0ms/21.0ms)
[2021-04-17T04:17:55.172-0700][gc,phases     ] GC(8)   Pre Evacuate Collection Set: 0.0ms
[2021-04-17T04:17:55.172-0700][gc,phases     ] GC(8)   Evacuate Collection Set: 21.4ms
[2021-04-17T04:17:55.172-0700][gc,phases     ] GC(8)   Post Evacuate Collection Set: 0.9ms
[2021-04-17T04:17:55.172-0700][gc,phases     ] GC(8)   Other: 0.5ms
[2021-04-17T04:17:55.172-0700][gc,heap       ] GC(8) Eden regions: 47->0(46)
[2021-04-17T04:17:55.172-0700][gc,heap       ] GC(8) Survivor regions: 4->5(7)
[2021-04-17T04:17:55.172-0700][gc,heap       ] GC(8) Old regions: 15->15
[2021-04-17T04:17:55.172-0700][gc,heap       ] GC(8) Humongous regions: 129->129
[2021-04-17T04:17:55.172-0700][gc,metaspace  ] GC(8) Metaspace: 39889K->39889K(1085440K)
[2021-04-17T04:17:55.172-0700][gc            ] GC(8) Pause Young (Normal) (G1 Evacuation Pause) 192M->146M(1024M) 23.031ms
[2021-04-17T04:17:55.172-0700][gc,cpu        ] GC(8) User=0.10s Sys=0.00s Real=0.02s
[2021-04-17T04:18:09.064-0700][gc,start      ] GC(9) Pause Young (Normal) (G1 Evacuation Pause)
[2021-04-17T04:18:09.064-0700][gc,task       ] GC(9) Using 8 workers of 8 for evacuation
[2021-04-17T04:18:09.078-0700][gc,phases     ] GC(9)   Pre Evacuate Collection Set: 0.0ms
[2021-04-17T04:18:09.078-0700][gc,phases     ] GC(9)   Evacuate Collection Set: 13.3ms
[2021-04-17T04:18:09.078-0700][gc,phases     ] GC(9)   Post Evacuate Collection Set: 0.9ms
[2021-04-17T04:18:09.078-0700][gc,phases     ] GC(9)   Other: 0.4ms
[2021-04-17T04:18:09.078-0700][gc,heap       ] GC(9) Eden regions: 46->0(47)
[2021-04-17T04:18:09.078-0700][gc,heap       ] GC(9) Survivor regions: 5->4(7)
[2021-04-17T04:18:09.078-0700][gc,heap       ] GC(9) Old regions: 15->16
[2021-04-17T04:18:09.078-0700][gc,heap       ] GC(9) Humongous regions: 129->129
[2021-04-17T04:18:09.078-0700][gc,metaspace  ] GC(9) Metaspace: 40633K->40633K(1085440K)
[2021-04-17T04:18:09.079-0700][gc            ] GC(9) Pause Young (Normal) (G1 Evacuation Pause) 192M->146M(1024M) 14.778ms
[2021-04-17T04:18:09.079-0700][gc,cpu        ] GC(9) User=0.10s Sys=0.00s Real=0.02s
[2021-04-17T04:18:24.518-0700][gc,start      ] GC(10) Pause Young (Normal) (G1 Evacuation Pause)
[2021-04-17T04:18:24.518-0700][gc,task       ] GC(10) Using 8 workers of 8 for evacuation
[2021-04-17T04:18:24.525-0700][gc,phases     ] GC(10)   Pre Evacuate Collection Set: 0.0ms
[2021-04-17T04:18:24.525-0700][gc,phases     ] GC(10)   Evacuate Collection Set: 6.1ms
[2021-04-17T04:18:24.526-0700][gc,phases     ] GC(10)   Post Evacuate Collection Set: 0.9ms
[2021-04-17T04:18:24.526-0700][gc,phases     ] GC(10)   Other: 0.4ms
[2021-04-17T04:18:24.526-0700][gc,heap       ] GC(10) Eden regions: 47->0(48)
[2021-04-17T04:18:24.526-0700][gc,heap       ] GC(10) Survivor regions: 4->3(7)
[2021-04-17T04:18:24.526-0700][gc,heap       ] GC(10) Old regions: 16->16
[2021-04-17T04:18:24.526-0700][gc,heap       ] GC(10) Humongous regions: 129->129
[2021-04-17T04:18:24.526-0700][gc,metaspace  ] GC(10) Metaspace: 40667K->40667K(1085440K)
[2021-04-17T04:18:24.526-0700][gc            ] GC(10) Pause Young (Normal) (G1 Evacuation Pause) 193M->146M(1024M) 7.791ms
[2021-04-17T04:18:24.526-0700][gc,cpu        ] GC(10) User=0.05s Sys=0.00s Real=0.00s
[2021-04-17T04:18:39.895-0700][gc,start      ] GC(11) Pause Young (Normal) (G1 Evacuation Pause)
[2021-04-17T04:18:39.895-0700][gc,task       ] GC(11) Using 8 workers of 8 for evacuation
[2021-04-17T04:18:39.903-0700][gc,phases     ] GC(11)   Pre Evacuate Collection Set: 0.0ms
[2021-04-17T04:18:39.904-0700][gc,phases     ] GC(11)   Evacuate Collection Set: 6.7ms
[2021-04-17T04:18:39.904-0700][gc,phases     ] GC(11)   Post Evacuate Collection Set: 1.0ms
[2021-04-17T04:18:39.904-0700][gc,phases     ] GC(11)   Other: 0.4ms
[2021-04-17T04:18:39.904-0700][gc,heap       ] GC(11) Eden regions: 48->0(50)
[2021-04-17T04:18:39.904-0700][gc,heap       ] GC(11) Survivor regions: 3->3(7)
[2021-04-17T04:18:39.904-0700][gc,heap       ] GC(11) Old regions: 16->16
[2021-04-17T04:18:39.904-0700][gc,heap       ] GC(11) Humongous regions: 129->129
[2021-04-17T04:18:39.904-0700][gc,metaspace  ] GC(11) Metaspace: 40733K->40733K(1085440K)
[2021-04-17T04:18:39.904-0700][gc            ] GC(11) Pause Young (Normal) (G1 Evacuation Pause) 194M->146M(1024M) 8.374ms
[2021-04-17T04:18:39.904-0700][gc,cpu        ] GC(11) User=0.05s Sys=0.00s Real=0.01s
[2021-04-17T04:21:11.380-0700][gc,start      ] GC(12) Pause Young (Normal) (G1 Evacuation Pause)
[2021-04-17T04:21:11.380-0700][gc,task       ] GC(12) Using 8 workers of 8 for evacuation
[2021-04-17T04:21:11.387-0700][gc,phases     ] GC(12)   Pre Evacuate Collection Set: 0.0ms
[2021-04-17T04:21:11.387-0700][gc,phases     ] GC(12)   Evacuate Collection Set: 6.8ms
[2021-04-17T04:21:11.387-0700][gc,phases     ] GC(12)   Post Evacuate Collection Set: 0.4ms
[2021-04-17T04:21:11.387-0700][gc,phases     ] GC(12)   Other: 0.3ms
[2021-04-17T04:21:11.387-0700][gc,heap       ] GC(12) Eden regions: 50->0(52)
[2021-04-17T04:21:11.387-0700][gc,heap       ] GC(12) Survivor regions: 3->5(7)
[2021-04-17T04:21:11.387-0700][gc,heap       ] GC(12) Old regions: 16->16
[2021-04-17T04:21:11.387-0700][gc,heap       ] GC(12) Humongous regions: 129->129
[2021-04-17T04:21:11.387-0700][gc,metaspace  ] GC(12) Metaspace: 40764K->40764K(1087488K)
[2021-04-17T04:21:11.387-0700][gc            ] GC(12) Pause Young (Normal) (G1 Evacuation Pause) 196M->148M(1024M) 7.610ms
[2021-04-17T04:21:11.387-0700][gc,cpu        ] GC(12) User=0.05s Sys=0.00s Real=0.00s
[2021-04-17T04:25:03.265-0700][gc,start      ] GC(13) Pause Young (Normal) (G1 Evacuation Pause)
[2021-04-17T04:25:03.265-0700][gc,task       ] GC(13) Using 8 workers of 8 for evacuation
[2021-04-17T04:25:03.270-0700][gc,phases     ] GC(13)   Pre Evacuate Collection Set: 0.0ms
[2021-04-17T04:25:03.270-0700][gc,phases     ] GC(13)   Evacuate Collection Set: 5.3ms
[2021-04-17T04:25:03.270-0700][gc,phases     ] GC(13)   Post Evacuate Collection Set: 0.4ms
[2021-04-17T04:25:03.270-0700][gc,phases     ] GC(13)   Other: 0.2ms
[2021-04-17T04:25:03.270-0700][gc,heap       ] GC(13) Eden regions: 52->0(148)
[2021-04-17T04:25:03.271-0700][gc,heap       ] GC(13) Survivor regions: 5->7(8)
[2021-04-17T04:25:03.271-0700][gc,heap       ] GC(13) Old regions: 16->17
[2021-04-17T04:25:03.271-0700][gc,heap       ] GC(13) Humongous regions: 129->129
[2021-04-17T04:25:03.271-0700][gc,metaspace  ] GC(13) Metaspace: 40944K->40944K(1087488K)
[2021-04-17T04:25:03.271-0700][gc            ] GC(13) Pause Young (Normal) (G1 Evacuation Pause) 200M->150M(1024M) 5.985ms
[2021-04-17T04:25:03.271-0700][gc,cpu        ] GC(13) User=0.03s Sys=0.01s Real=0.01s
[2021-04-17T04:25:21.472-0700][gc,heap,exit  ] Heap
[2021-04-17T04:25:21.472-0700][gc,heap,exit  ]  garbage-first heap   total 1048576K, used 186180K [0x00000000c0000000, 0x0000000100000000)
[2021-04-17T04:25:21.472-0700][gc,heap,exit  ]   region size 1024K, 39 young (39936K), 7 survivors (7168K)
[2021-04-17T04:25:21.472-0700][gc,heap,exit  ]  Metaspace       used 41774K, capacity 43928K, committed 44032K, reserved 1087488K
[2021-04-17T04:25:21.472-0700][gc,heap,exit  ]   class space    used 5101K, capacity 6123K, committed 6144K, reserved 1048576K
