[2021-04-17T04:26:12.579-0700][gc,heap] Heap region size: 1M
[2021-04-17T04:26:12.595-0700][gc     ] Using G1
[2021-04-17T04:26:12.595-0700][gc,heap,coops] Heap address: 0x00000000c0000000, size: 1024 MB, Compressed Oops mode: 32-bit
[2021-04-17T04:26:12.595-0700][gc,cds       ] Mark closed archive regions in map: [0x00000000fff00000, 0x00000000fff6aff8]
[2021-04-17T04:26:12.595-0700][gc,cds       ] Mark open archive regions in map: [0x00000000ffe00000, 0x00000000ffe46ff8]
[2021-04-17T04:26:13.734-0700][gc,start     ] GC(0) Pause Young (Normal) (G1 Evacuation Pause)
[2021-04-17T04:26:13.735-0700][gc,task      ] GC(0) Using 8 workers of 8 for evacuation
[2021-04-17T04:26:13.748-0700][gc,phases    ] GC(0)   Pre Evacuate Collection Set: 0.0ms
[2021-04-17T04:26:13.748-0700][gc,phases    ] GC(0)   Evacuate Collection Set: 12.1ms
[2021-04-17T04:26:13.748-0700][gc,phases    ] GC(0)   Post Evacuate Collection Set: 0.5ms
[2021-04-17T04:26:13.748-0700][gc,phases    ] GC(0)   Other: 1.0ms
[2021-04-17T04:26:13.748-0700][gc,heap      ] GC(0) Eden regions: 51->0(44)
[2021-04-17T04:26:13.748-0700][gc,heap      ] GC(0) Survivor regions: 0->7(7)
[2021-04-17T04:26:13.748-0700][gc,heap      ] GC(0) Old regions: 2->2
[2021-04-17T04:26:13.748-0700][gc,heap      ] GC(0) Humongous regions: 0->0
[2021-04-17T04:26:13.748-0700][gc,metaspace ] GC(0) Metaspace: 15627K->15627K(1062912K)
[2021-04-17T04:26:13.748-0700][gc           ] GC(0) Pause Young (Normal) (G1 Evacuation Pause) 51M->7M(1024M) 13.637ms
[2021-04-17T04:26:13.748-0700][gc,cpu       ] GC(0) User=0.09s Sys=0.00s Real=0.01s
[2021-04-17T04:26:14.037-0700][gc,start     ] GC(1) Pause Young (Concurrent Start) (Metadata GC Threshold)
[2021-04-17T04:26:14.037-0700][gc,task      ] GC(1) Using 8 workers of 8 for evacuation
[2021-04-17T04:26:14.047-0700][gc,phases    ] GC(1)   Pre Evacuate Collection Set: 0.0ms
[2021-04-17T04:26:14.047-0700][gc,phases    ] GC(1)   Evacuate Collection Set: 8.3ms
[2021-04-17T04:26:14.047-0700][gc,phases    ] GC(1)   Post Evacuate Collection Set: 0.9ms
[2021-04-17T04:26:14.047-0700][gc,phases    ] GC(1)   Other: 0.2ms
[2021-04-17T04:26:14.047-0700][gc,heap      ] GC(1) Eden regions: 20->0(49)
[2021-04-17T04:26:14.047-0700][gc,heap      ] GC(1) Survivor regions: 7->2(7)
[2021-04-17T04:26:14.047-0700][gc,heap      ] GC(1) Old regions: 2->9
[2021-04-17T04:26:14.047-0700][gc,heap      ] GC(1) Humongous regions: 0->0
[2021-04-17T04:26:14.047-0700][gc,metaspace ] GC(1) Metaspace: 20603K->20603K(1067008K)
[2021-04-17T04:26:14.047-0700][gc           ] GC(1) Pause Young (Concurrent Start) (Metadata GC Threshold) 27M->8M(1024M) 9.506ms
[2021-04-17T04:26:14.047-0700][gc,cpu       ] GC(1) User=0.05s Sys=0.01s Real=0.00s
[2021-04-17T04:26:14.047-0700][gc           ] GC(2) Concurrent Cycle
[2021-04-17T04:26:14.047-0700][gc,marking   ] GC(2) Concurrent Clear Claimed Marks
[2021-04-17T04:26:14.047-0700][gc,marking   ] GC(2) Concurrent Clear Claimed Marks 0.039ms
[2021-04-17T04:26:14.047-0700][gc,marking   ] GC(2) Concurrent Scan Root Regions
[2021-04-17T04:26:14.048-0700][gc,marking   ] GC(2) Concurrent Scan Root Regions 1.271ms
[2021-04-17T04:26:14.048-0700][gc,marking   ] GC(2) Concurrent Mark (1.475s)
[2021-04-17T04:26:14.048-0700][gc,marking   ] GC(2) Concurrent Mark From Roots
[2021-04-17T04:26:14.048-0700][gc,task      ] GC(2) Using 2 workers of 2 for marking
[2021-04-17T04:26:14.055-0700][gc,marking   ] GC(2) Concurrent Mark From Roots 6.890ms
[2021-04-17T04:26:14.055-0700][gc,marking   ] GC(2) Concurrent Preclean
[2021-04-17T04:26:14.055-0700][gc,marking   ] GC(2) Concurrent Preclean 0.220ms
[2021-04-17T04:26:14.055-0700][gc,marking   ] GC(2) Concurrent Mark (1.475s, 1.483s) 7.182ms
[2021-04-17T04:26:14.055-0700][gc,start     ] GC(2) Pause Remark
[2021-04-17T04:26:14.057-0700][gc,stringtable] GC(2) Cleaned string and symbol table, strings: 5097 processed, 0 removed, symbols: 50691 processed, 42 removed
[2021-04-17T04:26:14.057-0700][gc            ] GC(2) Pause Remark 8M->8M(1024M) 1.947ms
[2021-04-17T04:26:14.057-0700][gc,cpu        ] GC(2) User=0.00s Sys=0.00s Real=0.01s
[2021-04-17T04:26:14.057-0700][gc,marking    ] GC(2) Concurrent Rebuild Remembered Sets
[2021-04-17T04:26:14.061-0700][gc,marking    ] GC(2) Concurrent Rebuild Remembered Sets 3.977ms
[2021-04-17T04:26:14.062-0700][gc,start      ] GC(2) Pause Cleanup
[2021-04-17T04:26:14.062-0700][gc            ] GC(2) Pause Cleanup 9M->9M(1024M) 0.239ms
[2021-04-17T04:26:14.062-0700][gc,cpu        ] GC(2) User=0.00s Sys=0.00s Real=0.00s
[2021-04-17T04:26:14.062-0700][gc,marking    ] GC(2) Concurrent Cleanup for Next Mark
[2021-04-17T04:26:14.067-0700][gc,marking    ] GC(2) Concurrent Cleanup for Next Mark 4.870ms
[2021-04-17T04:26:14.067-0700][gc            ] GC(2) Concurrent Cycle 20.058ms
[2021-04-17T04:26:14.723-0700][gc,start      ] GC(3) Pause Young (Normal) (G1 Evacuation Pause)
[2021-04-17T04:26:14.723-0700][gc,task       ] GC(3) Using 8 workers of 8 for evacuation
[2021-04-17T04:26:14.728-0700][gc,phases     ] GC(3)   Pre Evacuate Collection Set: 0.0ms
[2021-04-17T04:26:14.728-0700][gc,phases     ] GC(3)   Evacuate Collection Set: 4.6ms
[2021-04-17T04:26:14.728-0700][gc,phases     ] GC(3)   Post Evacuate Collection Set: 0.4ms
[2021-04-17T04:26:14.728-0700][gc,phases     ] GC(3)   Other: 0.1ms
[2021-04-17T04:26:14.728-0700][gc,heap       ] GC(3) Eden regions: 49->0(46)
[2021-04-17T04:26:14.728-0700][gc,heap       ] GC(3) Survivor regions: 2->5(7)
[2021-04-17T04:26:14.728-0700][gc,heap       ] GC(3) Old regions: 9->9
[2021-04-17T04:26:14.728-0700][gc,heap       ] GC(3) Humongous regions: 129->129
[2021-04-17T04:26:14.728-0700][gc,metaspace  ] GC(3) Metaspace: 29786K->29786K(1077248K)
[2021-04-17T04:26:14.728-0700][gc            ] GC(3) Pause Young (Normal) (G1 Evacuation Pause) 186M->140M(1024M) 5.131ms
[2021-04-17T04:26:14.728-0700][gc,cpu        ] GC(3) User=0.03s Sys=0.00s Real=0.00s
[2021-04-17T04:26:40.227-0700][gc,start      ] GC(4) Pause Young (Concurrent Start) (Metadata GC Threshold)
[2021-04-17T04:26:40.227-0700][gc,task       ] GC(4) Using 8 workers of 8 for evacuation
[2021-04-17T04:26:40.233-0700][gc,phases     ] GC(4)   Pre Evacuate Collection Set: 0.1ms
[2021-04-17T04:26:40.233-0700][gc,phases     ] GC(4)   Evacuate Collection Set: 4.7ms
[2021-04-17T04:26:40.233-0700][gc,phases     ] GC(4)   Post Evacuate Collection Set: 0.4ms
[2021-04-17T04:26:40.233-0700][gc,phases     ] GC(4)   Other: 0.2ms
[2021-04-17T04:26:40.233-0700][gc,heap       ] GC(4) Eden regions: 23->0(49)
[2021-04-17T04:26:40.233-0700][gc,heap       ] GC(4) Survivor regions: 5->2(7)
[2021-04-17T04:26:40.233-0700][gc,heap       ] GC(4) Old regions: 9->13
[2021-04-17T04:26:40.233-0700][gc,heap       ] GC(4) Humongous regions: 129->129
[2021-04-17T04:26:40.233-0700][gc,metaspace  ] GC(4) Metaspace: 34645K->34645K(1081344K)
[2021-04-17T04:26:40.233-0700][gc            ] GC(4) Pause Young (Concurrent Start) (Metadata GC Threshold) 162M->141M(1024M) 5.336ms
[2021-04-17T04:26:40.233-0700][gc,cpu        ] GC(4) User=0.03s Sys=0.00s Real=0.01s
[2021-04-17T04:26:40.233-0700][gc            ] GC(5) Concurrent Cycle
[2021-04-17T04:26:40.233-0700][gc,marking    ] GC(5) Concurrent Clear Claimed Marks
[2021-04-17T04:26:40.233-0700][gc,marking    ] GC(5) Concurrent Clear Claimed Marks 0.068ms
[2021-04-17T04:26:40.233-0700][gc,marking    ] GC(5) Concurrent Scan Root Regions
[2021-04-17T04:26:40.234-0700][gc,marking    ] GC(5) Concurrent Scan Root Regions 1.005ms
[2021-04-17T04:26:40.234-0700][gc,marking    ] GC(5) Concurrent Mark (27.661s)
[2021-04-17T04:26:40.234-0700][gc,marking    ] GC(5) Concurrent Mark From Roots
[2021-04-17T04:26:40.234-0700][gc,task       ] GC(5) Using 2 workers of 2 for marking
[2021-04-17T04:26:40.243-0700][gc,marking    ] GC(5) Concurrent Mark From Roots 9.605ms
[2021-04-17T04:26:40.243-0700][gc,marking    ] GC(5) Concurrent Preclean
[2021-04-17T04:26:40.244-0700][gc,marking    ] GC(5) Concurrent Preclean 0.152ms
[2021-04-17T04:26:40.244-0700][gc,marking    ] GC(5) Concurrent Mark (27.661s, 27.671s) 9.816ms
[2021-04-17T04:26:40.244-0700][gc,start      ] GC(5) Pause Remark
[2021-04-17T04:26:40.245-0700][gc,stringtable] GC(5) Cleaned string and symbol table, strings: 9533 processed, 10 removed, symbols: 79597 processed, 8 removed
[2021-04-17T04:26:40.246-0700][gc            ] GC(5) Pause Remark 142M->142M(1024M) 1.693ms
[2021-04-17T04:26:40.246-0700][gc,cpu        ] GC(5) User=0.01s Sys=0.00s Real=0.00s
[2021-04-17T04:26:40.246-0700][gc,marking    ] GC(5) Concurrent Rebuild Remembered Sets
[2021-04-17T04:26:40.251-0700][gc,marking    ] GC(5) Concurrent Rebuild Remembered Sets 5.095ms
[2021-04-17T04:26:40.252-0700][gc,start      ] GC(5) Pause Cleanup
[2021-04-17T04:26:40.252-0700][gc            ] GC(5) Pause Cleanup 142M->142M(1024M) 0.207ms
[2021-04-17T04:26:40.252-0700][gc,cpu        ] GC(5) User=0.00s Sys=0.00s Real=0.00s
[2021-04-17T04:26:40.252-0700][gc,marking    ] GC(5) Concurrent Cleanup for Next Mark
[2021-04-17T04:26:40.256-0700][gc,marking    ] GC(5) Concurrent Cleanup for Next Mark 4.277ms
[2021-04-17T04:26:40.256-0700][gc            ] GC(5) Concurrent Cycle 23.483ms
[2021-04-17T04:28:13.964-0700][gc,start      ] GC(6) Pause Young (Normal) (G1 Evacuation Pause)
[2021-04-17T04:28:13.964-0700][gc,task       ] GC(6) Using 8 workers of 8 for evacuation
[2021-04-17T04:28:13.976-0700][gc,phases     ] GC(6)   Pre Evacuate Collection Set: 0.0ms
[2021-04-17T04:28:13.976-0700][gc,phases     ] GC(6)   Evacuate Collection Set: 11.0ms
[2021-04-17T04:28:13.976-0700][gc,phases     ] GC(6)   Post Evacuate Collection Set: 1.2ms
[2021-04-17T04:28:13.976-0700][gc,phases     ] GC(6)   Other: 0.3ms
[2021-04-17T04:28:13.976-0700][gc,heap       ] GC(6) Eden regions: 49->0(46)
[2021-04-17T04:28:13.976-0700][gc,heap       ] GC(6) Survivor regions: 2->5(7)
[2021-04-17T04:28:13.976-0700][gc,heap       ] GC(6) Old regions: 13->13
[2021-04-17T04:28:13.976-0700][gc,heap       ] GC(6) Humongous regions: 129->129
[2021-04-17T04:28:13.976-0700][gc,metaspace  ] GC(6) Metaspace: 39764K->39764K(1085440K)
[2021-04-17T04:28:13.976-0700][gc            ] GC(6) Pause Young (Normal) (G1 Evacuation Pause) 190M->145M(1024M) 12.739ms
[2021-04-17T04:28:13.976-0700][gc,cpu        ] GC(6) User=0.09s Sys=0.00s Real=0.01s
[2021-04-17T04:28:25.030-0700][gc,start      ] GC(7) Pause Young (Normal) (G1 Evacuation Pause)
[2021-04-17T04:28:25.030-0700][gc,task       ] GC(7) Using 8 workers of 8 for evacuation
[2021-04-17T04:28:25.035-0700][gc,phases     ] GC(7)   Pre Evacuate Collection Set: 0.0ms
[2021-04-17T04:28:25.035-0700][gc,phases     ] GC(7)   Evacuate Collection Set: 4.3ms
[2021-04-17T04:28:25.035-0700][gc,phases     ] GC(7)   Post Evacuate Collection Set: 0.5ms
[2021-04-17T04:28:25.035-0700][gc,phases     ] GC(7)   Other: 0.2ms
[2021-04-17T04:28:25.035-0700][gc,heap       ] GC(7) Eden regions: 46->0(49)
[2021-04-17T04:28:25.035-0700][gc,heap       ] GC(7) Survivor regions: 5->2(7)
[2021-04-17T04:28:25.035-0700][gc,heap       ] GC(7) Old regions: 13->16
[2021-04-17T04:28:25.035-0700][gc,heap       ] GC(7) Humongous regions: 129->129
[2021-04-17T04:28:25.035-0700][gc,metaspace  ] GC(7) Metaspace: 40473K->40473K(1085440K)
[2021-04-17T04:28:25.035-0700][gc            ] GC(7) Pause Young (Normal) (G1 Evacuation Pause) 191M->145M(1024M) 5.111ms
[2021-04-17T04:28:25.035-0700][gc,cpu        ] GC(7) User=0.03s Sys=0.00s Real=0.00s
[2021-04-17T04:28:40.156-0700][gc,start      ] GC(8) Pause Young (Normal) (G1 Evacuation Pause)
[2021-04-17T04:28:40.156-0700][gc,task       ] GC(8) Using 8 workers of 8 for evacuation
[2021-04-17T04:28:40.161-0700][gc,phases     ] GC(8)   Pre Evacuate Collection Set: 0.0ms
[2021-04-17T04:28:40.161-0700][gc,phases     ] GC(8)   Evacuate Collection Set: 4.5ms
[2021-04-17T04:28:40.161-0700][gc,phases     ] GC(8)   Post Evacuate Collection Set: 0.3ms
[2021-04-17T04:28:40.161-0700][gc,phases     ] GC(8)   Other: 0.2ms
[2021-04-17T04:28:40.161-0700][gc,heap       ] GC(8) Eden regions: 49->0(47)
[2021-04-17T04:28:40.161-0700][gc,heap       ] GC(8) Survivor regions: 2->4(7)
[2021-04-17T04:28:40.161-0700][gc,heap       ] GC(8) Old regions: 16->16
[2021-04-17T04:28:40.161-0700][gc,heap       ] GC(8) Humongous regions: 129->129
[2021-04-17T04:28:40.161-0700][gc,metaspace  ] GC(8) Metaspace: 40512K->40512K(1085440K)
[2021-04-17T04:28:40.161-0700][gc            ] GC(8) Pause Young (Normal) (G1 Evacuation Pause) 194M->147M(1024M) 5.173ms
[2021-04-17T04:28:40.161-0700][gc,cpu        ] GC(8) User=0.03s Sys=0.00s Real=0.01s
[2021-04-17T04:28:54.459-0700][gc,start      ] GC(9) Pause Young (Normal) (G1 Evacuation Pause)
[2021-04-17T04:28:54.459-0700][gc,task       ] GC(9) Using 8 workers of 8 for evacuation
[2021-04-17T04:28:54.470-0700][gc,phases     ] GC(9)   Pre Evacuate Collection Set: 0.0ms
[2021-04-17T04:28:54.470-0700][gc,phases     ] GC(9)   Evacuate Collection Set: 9.8ms
[2021-04-17T04:28:54.470-0700][gc,phases     ] GC(9)   Post Evacuate Collection Set: 0.9ms
[2021-04-17T04:28:54.470-0700][gc,phases     ] GC(9)   Other: 0.4ms
[2021-04-17T04:28:54.470-0700][gc,heap       ] GC(9) Eden regions: 47->0(48)
[2021-04-17T04:28:54.470-0700][gc,heap       ] GC(9) Survivor regions: 4->3(7)
[2021-04-17T04:28:54.470-0700][gc,heap       ] GC(9) Old regions: 16->17
[2021-04-17T04:28:54.470-0700][gc,heap       ] GC(9) Humongous regions: 129->129
[2021-04-17T04:28:54.470-0700][gc,metaspace  ] GC(9) Metaspace: 40605K->40605K(1085440K)
[2021-04-17T04:28:54.470-0700][gc            ] GC(9) Pause Young (Normal) (G1 Evacuation Pause) 194M->147M(1024M) 11.312ms
[2021-04-17T04:28:54.470-0700][gc,cpu        ] GC(9) User=0.07s Sys=0.01s Real=0.01s
[2021-04-17T04:29:17.785-0700][gc,start      ] GC(10) Pause Young (Normal) (G1 Evacuation Pause)
[2021-04-17T04:29:17.785-0700][gc,task       ] GC(10) Using 8 workers of 8 for evacuation
[2021-04-17T04:29:17.794-0700][gc,phases     ] GC(10)   Pre Evacuate Collection Set: 0.0ms
[2021-04-17T04:29:17.794-0700][gc,phases     ] GC(10)   Evacuate Collection Set: 7.9ms
[2021-04-17T04:29:17.794-0700][gc,phases     ] GC(10)   Post Evacuate Collection Set: 0.9ms
[2021-04-17T04:29:17.794-0700][gc,phases     ] GC(10)   Other: 0.4ms
[2021-04-17T04:29:17.795-0700][gc,heap       ] GC(10) Eden regions: 48->0(47)
[2021-04-17T04:29:17.795-0700][gc,heap       ] GC(10) Survivor regions: 3->4(7)
[2021-04-17T04:29:17.795-0700][gc,heap       ] GC(10) Old regions: 17->17
[2021-04-17T04:29:17.795-0700][gc,heap       ] GC(10) Humongous regions: 129->129
[2021-04-17T04:29:17.795-0700][gc,metaspace  ] GC(10) Metaspace: 40621K->40621K(1085440K)
[2021-04-17T04:29:17.795-0700][gc            ] GC(10) Pause Young (Normal) (G1 Evacuation Pause) 195M->147M(1024M) 9.468ms
[2021-04-17T04:29:17.795-0700][gc,cpu        ] GC(10) User=0.07s Sys=0.00s Real=0.01s
[2021-04-17T04:34:25.097-0700][gc,start      ] GC(11) Pause Young (Normal) (G1 Evacuation Pause)
[2021-04-17T04:34:25.097-0700][gc,task       ] GC(11) Using 8 workers of 8 for evacuation
[2021-04-17T04:34:25.115-0700][gc,phases     ] GC(11)   Pre Evacuate Collection Set: 0.0ms
[2021-04-17T04:34:25.115-0700][gc,phases     ] GC(11)   Evacuate Collection Set: 17.0ms
[2021-04-17T04:34:25.115-0700][gc,phases     ] GC(11)   Post Evacuate Collection Set: 0.8ms
[2021-04-17T04:34:25.115-0700][gc,phases     ] GC(11)   Other: 0.4ms
[2021-04-17T04:34:25.115-0700][gc,heap       ] GC(11) Eden regions: 47->0(45)
[2021-04-17T04:34:25.115-0700][gc,heap       ] GC(11) Survivor regions: 4->6(7)
[2021-04-17T04:34:25.115-0700][gc,heap       ] GC(11) Old regions: 17->17
[2021-04-17T04:34:25.115-0700][gc,heap       ] GC(11) Humongous regions: 129->129
[2021-04-17T04:34:25.115-0700][gc,metaspace  ] GC(11) Metaspace: 40700K->40700K(1085440K)
[2021-04-17T04:34:25.115-0700][gc            ] GC(11) Pause Young (Normal) (G1 Evacuation Pause) 194M->150M(1024M) 18.589ms
[2021-04-17T04:34:25.115-0700][gc,cpu        ] GC(11) User=0.12s Sys=0.00s Real=0.01s
[2021-04-17T04:36:10.540-0700][gc,heap,exit  ] Heap
[2021-04-17T04:36:10.540-0700][gc,heap,exit  ]  garbage-first heap   total 1048576K, used 172610K [0x00000000c0000000, 0x0000000100000000)
[2021-04-17T04:36:10.540-0700][gc,heap,exit  ]   region size 1024K, 26 young (26624K), 6 survivors (6144K)
[2021-04-17T04:36:10.540-0700][gc,heap,exit  ]  Metaspace       used 40879K, capacity 42847K, committed 43084K, reserved 1087488K
[2021-04-17T04:36:10.540-0700][gc,heap,exit  ]   class space    used 4963K, capacity 5890K, committed 5964K, reserved 1048576K
