[2021-04-17T14:41:23.465-0700][gc,heap] Heap region size: 1M
[2021-04-17T14:41:23.478-0700][gc     ] Using G1
[2021-04-17T14:41:23.478-0700][gc,heap,coops] Heap address: 0x00000000c0000000, size: 1024 MB, Compressed Oops mode: 32-bit
[2021-04-17T14:41:23.478-0700][gc,cds       ] Mark closed archive regions in map: [0x00000000fff00000, 0x00000000fff6aff8]
[2021-04-17T14:41:23.478-0700][gc,cds       ] Mark open archive regions in map: [0x00000000ffe00000, 0x00000000ffe46ff8]
[2021-04-17T14:41:24.593-0700][gc,start     ] GC(0) Pause Young (Normal) (G1 Evacuation Pause)
[2021-04-17T14:41:24.594-0700][gc,task      ] GC(0) Using 8 workers of 8 for evacuation
[2021-04-17T14:41:24.607-0700][gc,phases    ] GC(0)   Pre Evacuate Collection Set: 0.0ms
[2021-04-17T14:41:24.607-0700][gc,phases    ] GC(0)   Evacuate Collection Set: 12.2ms
[2021-04-17T14:41:24.608-0700][gc,phases    ] GC(0)   Post Evacuate Collection Set: 0.6ms
[2021-04-17T14:41:24.608-0700][gc,phases    ] GC(0)   Other: 1.2ms
[2021-04-17T14:41:24.608-0700][gc,heap      ] GC(0) Eden regions: 51->0(44)
[2021-04-17T14:41:24.608-0700][gc,heap      ] GC(0) Survivor regions: 0->7(7)
[2021-04-17T14:41:24.608-0700][gc,heap      ] GC(0) Old regions: 2->2
[2021-04-17T14:41:24.608-0700][gc,heap      ] GC(0) Humongous regions: 0->0
[2021-04-17T14:41:24.608-0700][gc,metaspace ] GC(0) Metaspace: 15649K->15649K(1062912K)
[2021-04-17T14:41:24.608-0700][gc           ] GC(0) Pause Young (Normal) (G1 Evacuation Pause) 51M->7M(1024M) 14.132ms
[2021-04-17T14:41:24.608-0700][gc,cpu       ] GC(0) User=0.08s Sys=0.01s Real=0.01s
[2021-04-17T14:41:24.863-0700][gc,start     ] GC(1) Pause Young (Concurrent Start) (Metadata GC Threshold)
[2021-04-17T14:41:24.863-0700][gc,task      ] GC(1) Using 8 workers of 8 for evacuation
[2021-04-17T14:41:24.871-0700][gc,phases    ] GC(1)   Pre Evacuate Collection Set: 0.1ms
[2021-04-17T14:41:24.871-0700][gc,phases    ] GC(1)   Evacuate Collection Set: 7.3ms
[2021-04-17T14:41:24.871-0700][gc,phases    ] GC(1)   Post Evacuate Collection Set: 0.6ms
[2021-04-17T14:41:24.871-0700][gc,phases    ] GC(1)   Other: 0.2ms
[2021-04-17T14:41:24.871-0700][gc,heap      ] GC(1) Eden regions: 20->0(50)
[2021-04-17T14:41:24.871-0700][gc,heap      ] GC(1) Survivor regions: 7->1(7)
[2021-04-17T14:41:24.871-0700][gc,heap      ] GC(1) Old regions: 2->9
[2021-04-17T14:41:24.871-0700][gc,heap      ] GC(1) Humongous regions: 0->0
[2021-04-17T14:41:24.871-0700][gc,metaspace ] GC(1) Metaspace: 20531K->20531K(1067008K)
[2021-04-17T14:41:24.871-0700][gc           ] GC(1) Pause Young (Concurrent Start) (Metadata GC Threshold) 26M->7M(1024M) 8.205ms
[2021-04-17T14:41:24.871-0700][gc,cpu       ] GC(1) User=0.05s Sys=0.00s Real=0.01s
[2021-04-17T14:41:24.871-0700][gc           ] GC(2) Concurrent Cycle
[2021-04-17T14:41:24.871-0700][gc,marking   ] GC(2) Concurrent Clear Claimed Marks
[2021-04-17T14:41:24.871-0700][gc,marking   ] GC(2) Concurrent Clear Claimed Marks 0.041ms
[2021-04-17T14:41:24.871-0700][gc,marking   ] GC(2) Concurrent Scan Root Regions
[2021-04-17T14:41:24.872-0700][gc,marking   ] GC(2) Concurrent Scan Root Regions 0.952ms
[2021-04-17T14:41:24.872-0700][gc,marking   ] GC(2) Concurrent Mark (1.436s)
[2021-04-17T14:41:24.872-0700][gc,marking   ] GC(2) Concurrent Mark From Roots
[2021-04-17T14:41:24.872-0700][gc,task      ] GC(2) Using 2 workers of 2 for marking
[2021-04-17T14:41:24.878-0700][gc,marking   ] GC(2) Concurrent Mark From Roots 5.921ms
[2021-04-17T14:41:24.878-0700][gc,marking   ] GC(2) Concurrent Preclean
[2021-04-17T14:41:24.878-0700][gc,marking   ] GC(2) Concurrent Preclean 0.156ms
[2021-04-17T14:41:24.878-0700][gc,marking   ] GC(2) Concurrent Mark (1.436s, 1.442s) 6.122ms
[2021-04-17T14:41:24.879-0700][gc,start     ] GC(2) Pause Remark
[2021-04-17T14:41:24.880-0700][gc,stringtable] GC(2) Cleaned string and symbol table, strings: 5060 processed, 0 removed, symbols: 50304 processed, 42 removed
[2021-04-17T14:41:24.880-0700][gc            ] GC(2) Pause Remark 8M->8M(1024M) 1.735ms
[2021-04-17T14:41:24.880-0700][gc,cpu        ] GC(2) User=0.01s Sys=0.00s Real=0.00s
[2021-04-17T14:41:24.880-0700][gc,marking    ] GC(2) Concurrent Rebuild Remembered Sets
[2021-04-17T14:41:24.883-0700][gc,marking    ] GC(2) Concurrent Rebuild Remembered Sets 3.079ms
[2021-04-17T14:41:24.884-0700][gc,start      ] GC(2) Pause Cleanup
[2021-04-17T14:41:24.884-0700][gc            ] GC(2) Pause Cleanup 8M->8M(1024M) 0.202ms
[2021-04-17T14:41:24.884-0700][gc,cpu        ] GC(2) User=0.00s Sys=0.00s Real=0.00s
[2021-04-17T14:41:24.884-0700][gc,marking    ] GC(2) Concurrent Cleanup for Next Mark
[2021-04-17T14:41:24.888-0700][gc,marking    ] GC(2) Concurrent Cleanup for Next Mark 4.134ms
[2021-04-17T14:41:24.888-0700][gc            ] GC(2) Concurrent Cycle 16.741ms
[2021-04-17T14:41:25.646-0700][gc,start      ] GC(3) Pause Young (Normal) (G1 Evacuation Pause)
[2021-04-17T14:41:25.646-0700][gc,task       ] GC(3) Using 8 workers of 8 for evacuation
[2021-04-17T14:41:25.650-0700][gc,phases     ] GC(3)   Pre Evacuate Collection Set: 0.0ms
[2021-04-17T14:41:25.650-0700][gc,phases     ] GC(3)   Evacuate Collection Set: 3.6ms
[2021-04-17T14:41:25.650-0700][gc,phases     ] GC(3)   Post Evacuate Collection Set: 0.3ms
[2021-04-17T14:41:25.650-0700][gc,phases     ] GC(3)   Other: 0.1ms
[2021-04-17T14:41:25.650-0700][gc,heap       ] GC(3) Eden regions: 50->0(46)
[2021-04-17T14:41:25.650-0700][gc,heap       ] GC(3) Survivor regions: 1->5(7)
[2021-04-17T14:41:25.650-0700][gc,heap       ] GC(3) Old regions: 9->9
[2021-04-17T14:41:25.650-0700][gc,heap       ] GC(3) Humongous regions: 129->129
[2021-04-17T14:41:25.650-0700][gc,metaspace  ] GC(3) Metaspace: 29982K->29982K(1077248K)
[2021-04-17T14:41:25.650-0700][gc            ] GC(3) Pause Young (Normal) (G1 Evacuation Pause) 186M->140M(1024M) 4.114ms
[2021-04-17T14:41:25.650-0700][gc,cpu        ] GC(3) User=0.02s Sys=0.00s Real=0.01s
[2021-04-17T14:41:38.105-0700][gc,start      ] GC(4) Pause Young (Concurrent Start) (Metadata GC Threshold)
[2021-04-17T14:41:38.105-0700][gc,task       ] GC(4) Using 8 workers of 8 for evacuation
[2021-04-17T14:41:38.110-0700][gc,phases     ] GC(4)   Pre Evacuate Collection Set: 0.1ms
[2021-04-17T14:41:38.110-0700][gc,phases     ] GC(4)   Evacuate Collection Set: 4.5ms
[2021-04-17T14:41:38.110-0700][gc,phases     ] GC(4)   Post Evacuate Collection Set: 0.5ms
[2021-04-17T14:41:38.110-0700][gc,phases     ] GC(4)   Other: 0.2ms
[2021-04-17T14:41:38.110-0700][gc,heap       ] GC(4) Eden regions: 22->0(49)
[2021-04-17T14:41:38.110-0700][gc,heap       ] GC(4) Survivor regions: 5->2(7)
[2021-04-17T14:41:38.110-0700][gc,heap       ] GC(4) Old regions: 9->13
[2021-04-17T14:41:38.110-0700][gc,heap       ] GC(4) Humongous regions: 129->129
[2021-04-17T14:41:38.110-0700][gc,metaspace  ] GC(4) Metaspace: 34630K->34630K(1081344K)
[2021-04-17T14:41:38.110-0700][gc            ] GC(4) Pause Young (Concurrent Start) (Metadata GC Threshold) 161M->141M(1024M) 5.299ms
[2021-04-17T14:41:38.110-0700][gc,cpu        ] GC(4) User=0.01s Sys=0.00s Real=0.01s
[2021-04-17T14:41:38.110-0700][gc            ] GC(5) Concurrent Cycle
[2021-04-17T14:41:38.110-0700][gc,marking    ] GC(5) Concurrent Clear Claimed Marks
[2021-04-17T14:41:38.110-0700][gc,marking    ] GC(5) Concurrent Clear Claimed Marks 0.087ms
[2021-04-17T14:41:38.110-0700][gc,marking    ] GC(5) Concurrent Scan Root Regions
[2021-04-17T14:41:38.111-0700][gc,marking    ] GC(5) Concurrent Scan Root Regions 0.858ms
[2021-04-17T14:41:38.111-0700][gc,marking    ] GC(5) Concurrent Mark (14.674s)
[2021-04-17T14:41:38.111-0700][gc,marking    ] GC(5) Concurrent Mark From Roots
[2021-04-17T14:41:38.111-0700][gc,task       ] GC(5) Using 2 workers of 2 for marking
[2021-04-17T14:41:38.120-0700][gc,marking    ] GC(5) Concurrent Mark From Roots 8.676ms
[2021-04-17T14:41:38.120-0700][gc,marking    ] GC(5) Concurrent Preclean
[2021-04-17T14:41:38.120-0700][gc,marking    ] GC(5) Concurrent Preclean 0.152ms
[2021-04-17T14:41:38.120-0700][gc,marking    ] GC(5) Concurrent Mark (14.674s, 14.683s) 8.882ms
[2021-04-17T14:41:38.120-0700][gc,start      ] GC(5) Pause Remark
[2021-04-17T14:41:38.122-0700][gc,stringtable] GC(5) Cleaned string and symbol table, strings: 9529 processed, 10 removed, symbols: 79601 processed, 8 removed
[2021-04-17T14:41:38.122-0700][gc            ] GC(5) Pause Remark 142M->142M(1024M) 1.632ms
[2021-04-17T14:41:38.122-0700][gc,cpu        ] GC(5) User=0.01s Sys=0.00s Real=0.00s
[2021-04-17T14:41:38.122-0700][gc,marking    ] GC(5) Concurrent Rebuild Remembered Sets
[2021-04-17T14:41:38.128-0700][gc,marking    ] GC(5) Concurrent Rebuild Remembered Sets 5.774ms
[2021-04-17T14:41:38.128-0700][gc,start      ] GC(5) Pause Cleanup
[2021-04-17T14:41:38.128-0700][gc            ] GC(5) Pause Cleanup 143M->143M(1024M) 0.243ms
[2021-04-17T14:41:38.128-0700][gc,cpu        ] GC(5) User=0.00s Sys=0.00s Real=0.00s
[2021-04-17T14:41:38.128-0700][gc,marking    ] GC(5) Concurrent Cleanup for Next Mark
[2021-04-17T14:41:38.133-0700][gc,marking    ] GC(5) Concurrent Cleanup for Next Mark 4.389ms
[2021-04-17T14:41:38.133-0700][gc            ] GC(5) Concurrent Cycle 22.880ms
[2021-04-17T14:42:44.305-0700][gc,start      ] GC(6) Pause Young (Normal) (G1 Evacuation Pause)
[2021-04-17T14:42:44.305-0700][gc,task       ] GC(6) Using 8 workers of 8 for evacuation
[2021-04-17T14:42:44.311-0700][gc,phases     ] GC(6)   Pre Evacuate Collection Set: 0.0ms
[2021-04-17T14:42:44.311-0700][gc,phases     ] GC(6)   Evacuate Collection Set: 4.9ms
[2021-04-17T14:42:44.311-0700][gc,phases     ] GC(6)   Post Evacuate Collection Set: 0.6ms
[2021-04-17T14:42:44.311-0700][gc,phases     ] GC(6)   Other: 0.2ms
[2021-04-17T14:42:44.311-0700][gc,heap       ] GC(6) Eden regions: 49->0(46)
[2021-04-17T14:42:44.311-0700][gc,heap       ] GC(6) Survivor regions: 2->5(7)
[2021-04-17T14:42:44.311-0700][gc,heap       ] GC(6) Old regions: 13->13
[2021-04-17T14:42:44.311-0700][gc,heap       ] GC(6) Humongous regions: 129->129
[2021-04-17T14:42:44.311-0700][gc,metaspace  ] GC(6) Metaspace: 39815K->39815K(1085440K)
[2021-04-17T14:42:44.311-0700][gc            ] GC(6) Pause Young (Normal) (G1 Evacuation Pause) 190M->145M(1024M) 5.817ms
[2021-04-17T14:42:44.311-0700][gc,cpu        ] GC(6) User=0.04s Sys=0.00s Real=0.01s
[2021-04-17T14:42:55.572-0700][gc,start      ] GC(7) Pause Young (Normal) (G1 Evacuation Pause)
[2021-04-17T14:42:55.572-0700][gc,task       ] GC(7) Using 8 workers of 8 for evacuation
[2021-04-17T14:42:55.584-0700][gc,phases     ] GC(7)   Pre Evacuate Collection Set: 0.0ms
[2021-04-17T14:42:55.584-0700][gc,phases     ] GC(7)   Evacuate Collection Set: 10.6ms
[2021-04-17T14:42:55.584-0700][gc,phases     ] GC(7)   Post Evacuate Collection Set: 1.1ms
[2021-04-17T14:42:55.584-0700][gc,phases     ] GC(7)   Other: 0.4ms
[2021-04-17T14:42:55.584-0700][gc,heap       ] GC(7) Eden regions: 46->0(49)
[2021-04-17T14:42:55.584-0700][gc,heap       ] GC(7) Survivor regions: 5->2(7)
[2021-04-17T14:42:55.584-0700][gc,heap       ] GC(7) Old regions: 13->16
[2021-04-17T14:42:55.584-0700][gc,heap       ] GC(7) Humongous regions: 129->129
[2021-04-17T14:42:55.584-0700][gc,metaspace  ] GC(7) Metaspace: 40555K->40555K(1085440K)
[2021-04-17T14:42:55.584-0700][gc            ] GC(7) Pause Young (Normal) (G1 Evacuation Pause) 191M->145M(1024M) 12.276ms
[2021-04-17T14:42:55.584-0700][gc,cpu        ] GC(7) User=0.08s Sys=0.00s Real=0.01s
[2021-04-17T14:43:10.663-0700][gc,start      ] GC(8) Pause Young (Normal) (G1 Evacuation Pause)
[2021-04-17T14:43:10.663-0700][gc,task       ] GC(8) Using 8 workers of 8 for evacuation
[2021-04-17T14:43:10.673-0700][gc,phases     ] GC(8)   Pre Evacuate Collection Set: 0.0ms
[2021-04-17T14:43:10.673-0700][gc,phases     ] GC(8)   Evacuate Collection Set: 9.5ms
[2021-04-17T14:43:10.673-0700][gc,phases     ] GC(8)   Post Evacuate Collection Set: 0.9ms
[2021-04-17T14:43:10.673-0700][gc,phases     ] GC(8)   Other: 0.4ms
[2021-04-17T14:43:10.673-0700][gc,heap       ] GC(8) Eden regions: 49->0(47)
[2021-04-17T14:43:10.673-0700][gc,heap       ] GC(8) Survivor regions: 2->4(7)
[2021-04-17T14:43:10.673-0700][gc,heap       ] GC(8) Old regions: 16->16
[2021-04-17T14:43:10.673-0700][gc,heap       ] GC(8) Humongous regions: 129->129
[2021-04-17T14:43:10.673-0700][gc,metaspace  ] GC(8) Metaspace: 40577K->40577K(1085440K)
[2021-04-17T14:43:10.674-0700][gc            ] GC(8) Pause Young (Normal) (G1 Evacuation Pause) 194M->147M(1024M) 10.986ms
[2021-04-17T14:43:10.674-0700][gc,cpu        ] GC(8) User=0.08s Sys=0.00s Real=0.01s
[2021-04-17T14:43:25.062-0700][gc,start      ] GC(9) Pause Young (Normal) (G1 Evacuation Pause)
[2021-04-17T14:43:25.063-0700][gc,task       ] GC(9) Using 8 workers of 8 for evacuation
[2021-04-17T14:43:25.073-0700][gc,phases     ] GC(9)   Pre Evacuate Collection Set: 0.0ms
[2021-04-17T14:43:25.073-0700][gc,phases     ] GC(9)   Evacuate Collection Set: 9.1ms
[2021-04-17T14:43:25.073-0700][gc,phases     ] GC(9)   Post Evacuate Collection Set: 0.9ms
[2021-04-17T14:43:25.073-0700][gc,phases     ] GC(9)   Other: 0.4ms
[2021-04-17T14:43:25.073-0700][gc,heap       ] GC(9) Eden regions: 47->0(47)
[2021-04-17T14:43:25.073-0700][gc,heap       ] GC(9) Survivor regions: 4->4(7)
[2021-04-17T14:43:25.073-0700][gc,heap       ] GC(9) Old regions: 16->17
[2021-04-17T14:43:25.073-0700][gc,heap       ] GC(9) Humongous regions: 129->129
[2021-04-17T14:43:25.073-0700][gc,metaspace  ] GC(9) Metaspace: 40653K->40653K(1085440K)
[2021-04-17T14:43:25.073-0700][gc            ] GC(9) Pause Young (Normal) (G1 Evacuation Pause) 194M->147M(1024M) 10.663ms
[2021-04-17T14:43:25.073-0700][gc,cpu        ] GC(9) User=0.07s Sys=0.00s Real=0.01s
[2021-04-17T14:44:23.512-0700][gc,start      ] GC(10) Pause Young (Normal) (G1 Evacuation Pause)
[2021-04-17T14:44:23.512-0700][gc,task       ] GC(10) Using 8 workers of 8 for evacuation
[2021-04-17T14:44:23.516-0700][gc,phases     ] GC(10)   Pre Evacuate Collection Set: 0.0ms
[2021-04-17T14:44:23.516-0700][gc,phases     ] GC(10)   Evacuate Collection Set: 3.8ms
[2021-04-17T14:44:23.516-0700][gc,phases     ] GC(10)   Post Evacuate Collection Set: 0.5ms
[2021-04-17T14:44:23.516-0700][gc,phases     ] GC(10)   Other: 0.2ms
[2021-04-17T14:44:23.516-0700][gc,heap       ] GC(10) Eden regions: 47->0(46)
[2021-04-17T14:44:23.516-0700][gc,heap       ] GC(10) Survivor regions: 4->5(7)
[2021-04-17T14:44:23.516-0700][gc,heap       ] GC(10) Old regions: 17->17
[2021-04-17T14:44:23.516-0700][gc,heap       ] GC(10) Humongous regions: 129->129
[2021-04-17T14:44:23.516-0700][gc,metaspace  ] GC(10) Metaspace: 40665K->40665K(1085440K)
[2021-04-17T14:44:23.516-0700][gc            ] GC(10) Pause Young (Normal) (G1 Evacuation Pause) 194M->149M(1024M) 4.545ms
[2021-04-17T14:44:23.516-0700][gc,cpu        ] GC(10) User=0.02s Sys=0.00s Real=0.00s
[2021-04-17T14:46:33.790-0700][gc,start      ] GC(11) Pause Young (Normal) (G1 Evacuation Pause)
[2021-04-17T14:46:33.790-0700][gc,task       ] GC(11) Using 8 workers of 8 for evacuation
[2021-04-17T14:46:33.797-0700][gc,phases     ] GC(11)   Pre Evacuate Collection Set: 0.0ms
[2021-04-17T14:46:33.797-0700][gc,phases     ] GC(11)   Evacuate Collection Set: 7.1ms
[2021-04-17T14:46:33.797-0700][gc,phases     ] GC(11)   Post Evacuate Collection Set: 0.4ms
[2021-04-17T14:46:33.797-0700][gc,phases     ] GC(11)   Other: 0.3ms
[2021-04-17T14:46:33.797-0700][gc,heap       ] GC(11) Eden regions: 46->0(49)
[2021-04-17T14:46:33.797-0700][gc,heap       ] GC(11) Survivor regions: 5->4(7)
[2021-04-17T14:46:33.797-0700][gc,heap       ] GC(11) Old regions: 17->19
[2021-04-17T14:46:33.797-0700][gc,heap       ] GC(11) Humongous regions: 129->129
[2021-04-17T14:46:33.797-0700][gc,metaspace  ] GC(11) Metaspace: 40969K->40969K(1087488K)
[2021-04-17T14:46:33.797-0700][gc            ] GC(11) Pause Young (Normal) (G1 Evacuation Pause) 195M->149M(1024M) 7.913ms
[2021-04-17T14:46:33.797-0700][gc,cpu        ] GC(11) User=0.06s Sys=0.00s Real=0.01s
[2021-04-17T14:46:52.904-0700][gc,heap,exit  ] Heap
[2021-04-17T14:46:52.904-0700][gc,heap,exit  ]  garbage-first heap   total 1048576K, used 163332K [0x00000000c0000000, 0x0000000100000000)
[2021-04-17T14:46:52.904-0700][gc,heap,exit  ]   region size 1024K, 15 young (15360K), 4 survivors (4096K)
[2021-04-17T14:46:52.904-0700][gc,heap,exit  ]  Metaspace       used 41682K, capacity 43880K, committed 44108K, reserved 1087488K
[2021-04-17T14:46:52.904-0700][gc,heap,exit  ]   class space    used 5114K, capacity 6141K, committed 6220K, reserved 1048576K
