[2021-04-17T04:58:49.334-0700][gc,heap] Heap region size: 1M
[2021-04-17T04:58:49.344-0700][gc     ] Using G1
[2021-04-17T04:58:49.344-0700][gc,heap,coops] Heap address: 0x00000000c0000000, size: 1024 MB, Compressed Oops mode: 32-bit
[2021-04-17T04:58:49.344-0700][gc,cds       ] Mark closed archive regions in map: [0x00000000fff00000, 0x00000000fff6aff8]
[2021-04-17T04:58:49.344-0700][gc,cds       ] Mark open archive regions in map: [0x00000000ffe00000, 0x00000000ffe46ff8]
[2021-04-17T04:58:50.477-0700][gc,start     ] GC(0) Pause Young (Normal) (G1 Evacuation Pause)
[2021-04-17T04:58:50.478-0700][gc,task      ] GC(0) Using 8 workers of 8 for evacuation
[2021-04-17T04:58:50.491-0700][gc,phases    ] GC(0)   Pre Evacuate Collection Set: 0.0ms
[2021-04-17T04:58:50.491-0700][gc,phases    ] GC(0)   Evacuate Collection Set: 12.6ms
[2021-04-17T04:58:50.491-0700][gc,phases    ] GC(0)   Post Evacuate Collection Set: 0.5ms
[2021-04-17T04:58:50.491-0700][gc,phases    ] GC(0)   Other: 1.4ms
[2021-04-17T04:58:50.491-0700][gc,heap      ] GC(0) Eden regions: 51->0(44)
[2021-04-17T04:58:50.491-0700][gc,heap      ] GC(0) Survivor regions: 0->7(7)
[2021-04-17T04:58:50.491-0700][gc,heap      ] GC(0) Old regions: 2->2
[2021-04-17T04:58:50.491-0700][gc,heap      ] GC(0) Humongous regions: 0->0
[2021-04-17T04:58:50.491-0700][gc,metaspace ] GC(0) Metaspace: 15647K->15647K(1062912K)
[2021-04-17T04:58:50.491-0700][gc           ] GC(0) Pause Young (Normal) (G1 Evacuation Pause) 51M->7M(1024M) 14.550ms
[2021-04-17T04:58:50.491-0700][gc,cpu       ] GC(0) User=0.09s Sys=0.01s Real=0.01s
[2021-04-17T04:58:50.774-0700][gc,start     ] GC(1) Pause Young (Concurrent Start) (Metadata GC Threshold)
[2021-04-17T04:58:50.774-0700][gc,task      ] GC(1) Using 8 workers of 8 for evacuation
[2021-04-17T04:58:50.782-0700][gc,phases    ] GC(1)   Pre Evacuate Collection Set: 0.0ms
[2021-04-17T04:58:50.782-0700][gc,phases    ] GC(1)   Evacuate Collection Set: 7.7ms
[2021-04-17T04:58:50.782-0700][gc,phases    ] GC(1)   Post Evacuate Collection Set: 0.4ms
[2021-04-17T04:58:50.782-0700][gc,phases    ] GC(1)   Other: 0.3ms
[2021-04-17T04:58:50.782-0700][gc,heap      ] GC(1) Eden regions: 20->0(50)
[2021-04-17T04:58:50.782-0700][gc,heap      ] GC(1) Survivor regions: 7->1(7)
[2021-04-17T04:58:50.782-0700][gc,heap      ] GC(1) Old regions: 2->9
[2021-04-17T04:58:50.782-0700][gc,heap      ] GC(1) Humongous regions: 0->0
[2021-04-17T04:58:50.782-0700][gc,metaspace ] GC(1) Metaspace: 20526K->20526K(1067008K)
[2021-04-17T04:58:50.782-0700][gc           ] GC(1) Pause Young (Concurrent Start) (Metadata GC Threshold) 26M->7M(1024M) 8.548ms
[2021-04-17T04:58:50.782-0700][gc,cpu       ] GC(1) User=0.04s Sys=0.01s Real=0.01s
[2021-04-17T04:58:50.782-0700][gc           ] GC(2) Concurrent Cycle
[2021-04-17T04:58:50.782-0700][gc,marking   ] GC(2) Concurrent Clear Claimed Marks
[2021-04-17T04:58:50.783-0700][gc,marking   ] GC(2) Concurrent Clear Claimed Marks 0.026ms
[2021-04-17T04:58:50.783-0700][gc,marking   ] GC(2) Concurrent Scan Root Regions
[2021-04-17T04:58:50.783-0700][gc,marking   ] GC(2) Concurrent Scan Root Regions 0.812ms
[2021-04-17T04:58:50.783-0700][gc,marking   ] GC(2) Concurrent Mark (1.468s)
[2021-04-17T04:58:50.783-0700][gc,marking   ] GC(2) Concurrent Mark From Roots
[2021-04-17T04:58:50.784-0700][gc,task      ] GC(2) Using 2 workers of 2 for marking
[2021-04-17T04:58:50.789-0700][gc,marking   ] GC(2) Concurrent Mark From Roots 5.857ms
[2021-04-17T04:58:50.789-0700][gc,marking   ] GC(2) Concurrent Preclean
[2021-04-17T04:58:50.789-0700][gc,marking   ] GC(2) Concurrent Preclean 0.137ms
[2021-04-17T04:58:50.789-0700][gc,marking   ] GC(2) Concurrent Mark (1.468s, 1.474s) 6.037ms
[2021-04-17T04:58:50.790-0700][gc,start     ] GC(2) Pause Remark
[2021-04-17T04:58:50.792-0700][gc,stringtable] GC(2) Cleaned string and symbol table, strings: 5066 processed, 0 removed, symbols: 50675 processed, 42 removed
[2021-04-17T04:58:50.792-0700][gc            ] GC(2) Pause Remark 8M->8M(1024M) 1.615ms
[2021-04-17T04:58:50.792-0700][gc,cpu        ] GC(2) User=0.00s Sys=0.00s Real=0.00s
[2021-04-17T04:58:50.792-0700][gc,marking    ] GC(2) Concurrent Rebuild Remembered Sets
[2021-04-17T04:58:50.795-0700][gc,marking    ] GC(2) Concurrent Rebuild Remembered Sets 3.328ms
[2021-04-17T04:58:50.796-0700][gc,start      ] GC(2) Pause Cleanup
[2021-04-17T04:58:50.796-0700][gc            ] GC(2) Pause Cleanup 8M->8M(1024M) 0.257ms
[2021-04-17T04:58:50.796-0700][gc,cpu        ] GC(2) User=0.00s Sys=0.00s Real=0.00s
[2021-04-17T04:58:50.796-0700][gc,marking    ] GC(2) Concurrent Cleanup for Next Mark
[2021-04-17T04:58:50.802-0700][gc,marking    ] GC(2) Concurrent Cleanup for Next Mark 6.041ms
[2021-04-17T04:58:50.802-0700][gc            ] GC(2) Concurrent Cycle 19.529ms
[2021-04-17T04:58:51.439-0700][gc,start      ] GC(3) Pause Young (Normal) (G1 Evacuation Pause)
[2021-04-17T04:58:51.439-0700][gc,task       ] GC(3) Using 8 workers of 8 for evacuation
[2021-04-17T04:58:51.443-0700][gc,phases     ] GC(3)   Pre Evacuate Collection Set: 0.0ms
[2021-04-17T04:58:51.443-0700][gc,phases     ] GC(3)   Evacuate Collection Set: 3.9ms
[2021-04-17T04:58:51.443-0700][gc,phases     ] GC(3)   Post Evacuate Collection Set: 0.4ms
[2021-04-17T04:58:51.443-0700][gc,phases     ] GC(3)   Other: 0.2ms
[2021-04-17T04:58:51.443-0700][gc,heap       ] GC(3) Eden regions: 50->0(46)
[2021-04-17T04:58:51.443-0700][gc,heap       ] GC(3) Survivor regions: 1->5(7)
[2021-04-17T04:58:51.443-0700][gc,heap       ] GC(3) Old regions: 9->9
[2021-04-17T04:58:51.443-0700][gc,heap       ] GC(3) Humongous regions: 129->129
[2021-04-17T04:58:51.443-0700][gc,metaspace  ] GC(3) Metaspace: 29986K->29986K(1077248K)
[2021-04-17T04:58:51.443-0700][gc            ] GC(3) Pause Young (Normal) (G1 Evacuation Pause) 186M->140M(1024M) 4.535ms
[2021-04-17T04:58:51.443-0700][gc,cpu        ] GC(3) User=0.03s Sys=0.00s Real=0.00s
[2021-04-17T04:59:08.142-0700][gc,start      ] GC(4) Pause Young (Concurrent Start) (Metadata GC Threshold)
[2021-04-17T04:59:08.142-0700][gc,task       ] GC(4) Using 8 workers of 8 for evacuation
[2021-04-17T04:59:08.147-0700][gc,phases     ] GC(4)   Pre Evacuate Collection Set: 0.1ms
[2021-04-17T04:59:08.147-0700][gc,phases     ] GC(4)   Evacuate Collection Set: 4.3ms
[2021-04-17T04:59:08.147-0700][gc,phases     ] GC(4)   Post Evacuate Collection Set: 0.5ms
[2021-04-17T04:59:08.147-0700][gc,phases     ] GC(4)   Other: 0.2ms
[2021-04-17T04:59:08.147-0700][gc,heap       ] GC(4) Eden regions: 21->0(49)
[2021-04-17T04:59:08.147-0700][gc,heap       ] GC(4) Survivor regions: 5->2(7)
[2021-04-17T04:59:08.147-0700][gc,heap       ] GC(4) Old regions: 9->14
[2021-04-17T04:59:08.147-0700][gc,heap       ] GC(4) Humongous regions: 129->129
[2021-04-17T04:59:08.147-0700][gc,metaspace  ] GC(4) Metaspace: 34545K->34545K(1081344K)
[2021-04-17T04:59:08.147-0700][gc            ] GC(4) Pause Young (Concurrent Start) (Metadata GC Threshold) 161M->141M(1024M) 5.102ms
[2021-04-17T04:59:08.147-0700][gc,cpu        ] GC(4) User=0.02s Sys=0.00s Real=0.00s
[2021-04-17T04:59:08.147-0700][gc            ] GC(5) Concurrent Cycle
[2021-04-17T04:59:08.147-0700][gc,marking    ] GC(5) Concurrent Clear Claimed Marks
[2021-04-17T04:59:08.147-0700][gc,marking    ] GC(5) Concurrent Clear Claimed Marks 0.099ms
[2021-04-17T04:59:08.147-0700][gc,marking    ] GC(5) Concurrent Scan Root Regions
[2021-04-17T04:59:08.148-0700][gc,marking    ] GC(5) Concurrent Scan Root Regions 0.864ms
[2021-04-17T04:59:08.148-0700][gc,marking    ] GC(5) Concurrent Mark (18.832s)
[2021-04-17T04:59:08.148-0700][gc,marking    ] GC(5) Concurrent Mark From Roots
[2021-04-17T04:59:08.148-0700][gc,task       ] GC(5) Using 2 workers of 2 for marking
[2021-04-17T04:59:08.158-0700][gc,marking    ] GC(5) Concurrent Mark From Roots 9.563ms
[2021-04-17T04:59:08.158-0700][gc,marking    ] GC(5) Concurrent Preclean
[2021-04-17T04:59:08.158-0700][gc,marking    ] GC(5) Concurrent Preclean 0.115ms
[2021-04-17T04:59:08.158-0700][gc,marking    ] GC(5) Concurrent Mark (18.832s, 18.842s) 9.715ms
[2021-04-17T04:59:08.158-0700][gc,start      ] GC(5) Pause Remark
[2021-04-17T04:59:08.160-0700][gc,stringtable] GC(5) Cleaned string and symbol table, strings: 9509 processed, 11 removed, symbols: 79378 processed, 9 removed
[2021-04-17T04:59:08.160-0700][gc            ] GC(5) Pause Remark 142M->142M(1024M) 2.503ms
[2021-04-17T04:59:08.160-0700][gc,cpu        ] GC(5) User=0.01s Sys=0.00s Real=0.00s
[2021-04-17T04:59:08.160-0700][gc,marking    ] GC(5) Concurrent Rebuild Remembered Sets
[2021-04-17T04:59:08.166-0700][gc,marking    ] GC(5) Concurrent Rebuild Remembered Sets 5.372ms
[2021-04-17T04:59:08.166-0700][gc,start      ] GC(5) Pause Cleanup
[2021-04-17T04:59:08.166-0700][gc            ] GC(5) Pause Cleanup 142M->142M(1024M) 0.245ms
[2021-04-17T04:59:08.166-0700][gc,cpu        ] GC(5) User=0.00s Sys=0.00s Real=0.00s
[2021-04-17T04:59:08.166-0700][gc,marking    ] GC(5) Concurrent Cleanup for Next Mark
[2021-04-17T04:59:08.170-0700][gc,marking    ] GC(5) Concurrent Cleanup for Next Mark 3.866ms
[2021-04-17T04:59:08.170-0700][gc            ] GC(5) Concurrent Cycle 23.243ms
[2021-04-17T05:00:16.560-0700][gc,start      ] GC(6) Pause Young (Normal) (G1 Evacuation Pause)
[2021-04-17T05:00:16.560-0700][gc,task       ] GC(6) Using 8 workers of 8 for evacuation
[2021-04-17T05:00:16.565-0700][gc,phases     ] GC(6)   Pre Evacuate Collection Set: 0.0ms
[2021-04-17T05:00:16.565-0700][gc,phases     ] GC(6)   Evacuate Collection Set: 3.7ms
[2021-04-17T05:00:16.565-0700][gc,phases     ] GC(6)   Post Evacuate Collection Set: 0.8ms
[2021-04-17T05:00:16.565-0700][gc,phases     ] GC(6)   Other: 0.2ms
[2021-04-17T05:00:16.565-0700][gc,heap       ] GC(6) Eden regions: 49->0(46)
[2021-04-17T05:00:16.565-0700][gc,heap       ] GC(6) Survivor regions: 2->5(7)
[2021-04-17T05:00:16.565-0700][gc,heap       ] GC(6) Old regions: 14->14
[2021-04-17T05:00:16.565-0700][gc,heap       ] GC(6) Humongous regions: 129->129
[2021-04-17T05:00:16.565-0700][gc,metaspace  ] GC(6) Metaspace: 39749K->39749K(1085440K)
[2021-04-17T05:00:16.565-0700][gc            ] GC(6) Pause Young (Normal) (G1 Evacuation Pause) 190M->145M(1024M) 4.783ms
[2021-04-17T05:00:16.565-0700][gc,cpu        ] GC(6) User=0.03s Sys=0.00s Real=0.00s
[2021-04-17T05:00:27.800-0700][gc,start      ] GC(7) Pause Young (Normal) (G1 Evacuation Pause)
[2021-04-17T05:00:27.800-0700][gc,task       ] GC(7) Using 8 workers of 8 for evacuation
[2021-04-17T05:00:27.814-0700][gc,phases     ] GC(7)   Pre Evacuate Collection Set: 0.0ms
[2021-04-17T05:00:27.814-0700][gc,phases     ] GC(7)   Evacuate Collection Set: 12.0ms
[2021-04-17T05:00:27.814-0700][gc,phases     ] GC(7)   Post Evacuate Collection Set: 1.0ms
[2021-04-17T05:00:27.814-0700][gc,phases     ] GC(7)   Other: 0.4ms
[2021-04-17T05:00:27.814-0700][gc,heap       ] GC(7) Eden regions: 46->0(49)
[2021-04-17T05:00:27.814-0700][gc,heap       ] GC(7) Survivor regions: 5->2(7)
[2021-04-17T05:00:27.814-0700][gc,heap       ] GC(7) Old regions: 14->16
[2021-04-17T05:00:27.814-0700][gc,heap       ] GC(7) Humongous regions: 129->129
[2021-04-17T05:00:27.814-0700][gc,metaspace  ] GC(7) Metaspace: 40443K->40443K(1085440K)
[2021-04-17T05:00:27.814-0700][gc            ] GC(7) Pause Young (Normal) (G1 Evacuation Pause) 191M->145M(1024M) 13.527ms
[2021-04-17T05:00:27.814-0700][gc,cpu        ] GC(7) User=0.08s Sys=0.01s Real=0.01s
[2021-04-17T05:00:42.215-0700][gc,start      ] GC(8) Pause Young (Normal) (G1 Evacuation Pause)
[2021-04-17T05:00:42.216-0700][gc,task       ] GC(8) Using 8 workers of 8 for evacuation
[2021-04-17T05:00:42.221-0700][gc,phases     ] GC(8)   Pre Evacuate Collection Set: 0.0ms
[2021-04-17T05:00:42.221-0700][gc,phases     ] GC(8)   Evacuate Collection Set: 4.8ms
[2021-04-17T05:00:42.221-0700][gc,phases     ] GC(8)   Post Evacuate Collection Set: 0.6ms
[2021-04-17T05:00:42.221-0700][gc,phases     ] GC(8)   Other: 0.2ms
[2021-04-17T05:00:42.221-0700][gc,heap       ] GC(8) Eden regions: 49->0(47)
[2021-04-17T05:00:42.221-0700][gc,heap       ] GC(8) Survivor regions: 2->4(7)
[2021-04-17T05:00:42.221-0700][gc,heap       ] GC(8) Old regions: 16->16
[2021-04-17T05:00:42.221-0700][gc,heap       ] GC(8) Humongous regions: 129->129
[2021-04-17T05:00:42.221-0700][gc,metaspace  ] GC(8) Metaspace: 40520K->40520K(1085440K)
[2021-04-17T05:00:42.221-0700][gc            ] GC(8) Pause Young (Normal) (G1 Evacuation Pause) 194M->147M(1024M) 5.725ms
[2021-04-17T05:00:42.221-0700][gc,cpu        ] GC(8) User=0.04s Sys=0.00s Real=0.01s
[2021-04-17T05:02:01.897-0700][gc,start      ] GC(9) Pause Young (Normal) (G1 Evacuation Pause)
[2021-04-17T05:02:01.897-0700][gc,task       ] GC(9) Using 8 workers of 8 for evacuation
[2021-04-17T05:02:01.902-0700][gc,phases     ] GC(9)   Pre Evacuate Collection Set: 0.0ms
[2021-04-17T05:02:01.902-0700][gc,phases     ] GC(9)   Evacuate Collection Set: 3.9ms
[2021-04-17T05:02:01.902-0700][gc,phases     ] GC(9)   Post Evacuate Collection Set: 0.4ms
[2021-04-17T05:02:01.902-0700][gc,phases     ] GC(9)   Other: 0.2ms
[2021-04-17T05:02:01.902-0700][gc,heap       ] GC(9) Eden regions: 47->0(46)
[2021-04-17T05:02:01.902-0700][gc,heap       ] GC(9) Survivor regions: 4->5(7)
[2021-04-17T05:02:01.902-0700][gc,heap       ] GC(9) Old regions: 16->16
[2021-04-17T05:02:01.902-0700][gc,heap       ] GC(9) Humongous regions: 129->129
[2021-04-17T05:02:01.902-0700][gc,metaspace  ] GC(9) Metaspace: 40634K->40634K(1085440K)
[2021-04-17T05:02:01.902-0700][gc            ] GC(9) Pause Young (Normal) (G1 Evacuation Pause) 194M->148M(1024M) 4.656ms
[2021-04-17T05:02:01.902-0700][gc,cpu        ] GC(9) User=0.03s Sys=0.00s Real=0.00s
[2021-04-17T05:02:31.824-0700][gc,heap,exit  ] Heap
[2021-04-17T05:02:31.824-0700][gc,heap,exit  ]  garbage-first heap   total 1048576K, used 165941K [0x00000000c0000000, 0x0000000100000000)
[2021-04-17T05:02:31.824-0700][gc,heap,exit  ]   region size 1024K, 20 young (20480K), 5 survivors (5120K)
[2021-04-17T05:02:31.824-0700][gc,heap,exit  ]  Metaspace       used 41444K, capacity 43533K, committed 43776K, reserved 1087488K
[2021-04-17T05:02:31.824-0700][gc,heap,exit  ]   class space    used 5083K, capacity 6091K, committed 6144K, reserved 1048576K
