[2021-04-17T04:41:27.478-0700][gc,heap] Heap region size: 1M
[2021-04-17T04:41:27.487-0700][gc     ] Using G1
[2021-04-17T04:41:27.487-0700][gc,heap,coops] Heap address: 0x00000000c0000000, size: 1024 MB, Compressed Oops mode: 32-bit
[2021-04-17T04:41:27.488-0700][gc,cds       ] Mark closed archive regions in map: [0x00000000fff00000, 0x00000000fff6aff8]
[2021-04-17T04:41:27.488-0700][gc,cds       ] Mark open archive regions in map: [0x00000000ffe00000, 0x00000000ffe46ff8]
[2021-04-17T04:41:28.660-0700][gc,start     ] GC(0) Pause Young (Normal) (G1 Evacuation Pause)
[2021-04-17T04:41:28.662-0700][gc,task      ] GC(0) Using 8 workers of 8 for evacuation
[2021-04-17T04:41:28.672-0700][gc,phases    ] GC(0)   Pre Evacuate Collection Set: 0.0ms
[2021-04-17T04:41:28.672-0700][gc,phases    ] GC(0)   Evacuate Collection Set: 9.6ms
[2021-04-17T04:41:28.672-0700][gc,phases    ] GC(0)   Post Evacuate Collection Set: 0.5ms
[2021-04-17T04:41:28.672-0700][gc,phases    ] GC(0)   Other: 1.5ms
[2021-04-17T04:41:28.672-0700][gc,heap      ] GC(0) Eden regions: 51->0(44)
[2021-04-17T04:41:28.672-0700][gc,heap      ] GC(0) Survivor regions: 0->7(7)
[2021-04-17T04:41:28.672-0700][gc,heap      ] GC(0) Old regions: 2->2
[2021-04-17T04:41:28.672-0700][gc,heap      ] GC(0) Humongous regions: 0->0
[2021-04-17T04:41:28.672-0700][gc,metaspace ] GC(0) Metaspace: 15622K->15622K(1062912K)
[2021-04-17T04:41:28.672-0700][gc           ] GC(0) Pause Young (Normal) (G1 Evacuation Pause) 51M->7M(1024M) 11.680ms
[2021-04-17T04:41:28.672-0700][gc,cpu       ] GC(0) User=0.06s Sys=0.02s Real=0.01s
[2021-04-17T04:41:28.950-0700][gc,start     ] GC(1) Pause Young (Concurrent Start) (Metadata GC Threshold)
[2021-04-17T04:41:28.950-0700][gc,task      ] GC(1) Using 8 workers of 8 for evacuation
[2021-04-17T04:41:28.958-0700][gc,phases    ] GC(1)   Pre Evacuate Collection Set: 0.0ms
[2021-04-17T04:41:28.958-0700][gc,phases    ] GC(1)   Evacuate Collection Set: 7.0ms
[2021-04-17T04:41:28.958-0700][gc,phases    ] GC(1)   Post Evacuate Collection Set: 0.4ms
[2021-04-17T04:41:28.958-0700][gc,phases    ] GC(1)   Other: 0.2ms
[2021-04-17T04:41:28.958-0700][gc,heap      ] GC(1) Eden regions: 20->0(49)
[2021-04-17T04:41:28.958-0700][gc,heap      ] GC(1) Survivor regions: 7->2(7)
[2021-04-17T04:41:28.958-0700][gc,heap      ] GC(1) Old regions: 2->9
[2021-04-17T04:41:28.958-0700][gc,heap      ] GC(1) Humongous regions: 0->0
[2021-04-17T04:41:28.958-0700][gc,metaspace ] GC(1) Metaspace: 20617K->20617K(1067008K)
[2021-04-17T04:41:28.958-0700][gc           ] GC(1) Pause Young (Concurrent Start) (Metadata GC Threshold) 27M->8M(1024M) 7.779ms
[2021-04-17T04:41:28.958-0700][gc,cpu       ] GC(1) User=0.04s Sys=0.01s Real=0.01s
[2021-04-17T04:41:28.958-0700][gc           ] GC(2) Concurrent Cycle
[2021-04-17T04:41:28.958-0700][gc,marking   ] GC(2) Concurrent Clear Claimed Marks
[2021-04-17T04:41:28.958-0700][gc,marking   ] GC(2) Concurrent Clear Claimed Marks 0.034ms
[2021-04-17T04:41:28.958-0700][gc,marking   ] GC(2) Concurrent Scan Root Regions
[2021-04-17T04:41:28.959-0700][gc,marking   ] GC(2) Concurrent Scan Root Regions 0.918ms
[2021-04-17T04:41:28.959-0700][gc,marking   ] GC(2) Concurrent Mark (1.483s)
[2021-04-17T04:41:28.959-0700][gc,marking   ] GC(2) Concurrent Mark From Roots
[2021-04-17T04:41:28.959-0700][gc,task      ] GC(2) Using 2 workers of 2 for marking
[2021-04-17T04:41:28.965-0700][gc,marking   ] GC(2) Concurrent Mark From Roots 6.489ms
[2021-04-17T04:41:28.965-0700][gc,marking   ] GC(2) Concurrent Preclean
[2021-04-17T04:41:28.966-0700][gc,marking   ] GC(2) Concurrent Preclean 0.192ms
[2021-04-17T04:41:28.966-0700][gc,marking   ] GC(2) Concurrent Mark (1.483s, 1.490s) 6.746ms
[2021-04-17T04:41:28.966-0700][gc,start     ] GC(2) Pause Remark
[2021-04-17T04:41:28.970-0700][gc,stringtable] GC(2) Cleaned string and symbol table, strings: 5082 processed, 0 removed, symbols: 50693 processed, 42 removed
[2021-04-17T04:41:28.971-0700][gc            ] GC(2) Pause Remark 8M->8M(1024M) 4.928ms
[2021-04-17T04:41:28.971-0700][gc,cpu        ] GC(2) User=0.02s Sys=0.00s Real=0.01s
[2021-04-17T04:41:28.971-0700][gc,marking    ] GC(2) Concurrent Rebuild Remembered Sets
[2021-04-17T04:41:28.976-0700][gc,marking    ] GC(2) Concurrent Rebuild Remembered Sets 5.104ms
[2021-04-17T04:41:28.976-0700][gc,start      ] GC(2) Pause Cleanup
[2021-04-17T04:41:28.976-0700][gc            ] GC(2) Pause Cleanup 9M->9M(1024M) 0.217ms
[2021-04-17T04:41:28.976-0700][gc,cpu        ] GC(2) User=0.00s Sys=0.00s Real=0.00s
[2021-04-17T04:41:28.976-0700][gc,marking    ] GC(2) Concurrent Cleanup for Next Mark
[2021-04-17T04:41:28.981-0700][gc,marking    ] GC(2) Concurrent Cleanup for Next Mark 4.800ms
[2021-04-17T04:41:28.981-0700][gc            ] GC(2) Concurrent Cycle 23.236ms
[2021-04-17T04:41:29.601-0700][gc,start      ] GC(3) Pause Young (Normal) (G1 Evacuation Pause)
[2021-04-17T04:41:29.601-0700][gc,task       ] GC(3) Using 8 workers of 8 for evacuation
[2021-04-17T04:41:29.605-0700][gc,phases     ] GC(3)   Pre Evacuate Collection Set: 0.0ms
[2021-04-17T04:41:29.605-0700][gc,phases     ] GC(3)   Evacuate Collection Set: 3.5ms
[2021-04-17T04:41:29.605-0700][gc,phases     ] GC(3)   Post Evacuate Collection Set: 0.3ms
[2021-04-17T04:41:29.605-0700][gc,phases     ] GC(3)   Other: 0.1ms
[2021-04-17T04:41:29.605-0700][gc,heap       ] GC(3) Eden regions: 49->0(46)
[2021-04-17T04:41:29.605-0700][gc,heap       ] GC(3) Survivor regions: 2->5(7)
[2021-04-17T04:41:29.605-0700][gc,heap       ] GC(3) Old regions: 9->9
[2021-04-17T04:41:29.605-0700][gc,heap       ] GC(3) Humongous regions: 129->129
[2021-04-17T04:41:29.605-0700][gc,metaspace  ] GC(3) Metaspace: 29820K->29820K(1077248K)
[2021-04-17T04:41:29.605-0700][gc            ] GC(3) Pause Young (Normal) (G1 Evacuation Pause) 186M->140M(1024M) 4.009ms
[2021-04-17T04:41:29.605-0700][gc,cpu        ] GC(3) User=0.03s Sys=0.00s Real=0.00s
[2021-04-17T04:41:55.361-0700][gc,start      ] GC(4) Pause Young (Concurrent Start) (Metadata GC Threshold)
[2021-04-17T04:41:55.361-0700][gc,task       ] GC(4) Using 8 workers of 8 for evacuation
[2021-04-17T04:41:55.367-0700][gc,phases     ] GC(4)   Pre Evacuate Collection Set: 0.1ms
[2021-04-17T04:41:55.367-0700][gc,phases     ] GC(4)   Evacuate Collection Set: 5.3ms
[2021-04-17T04:41:55.367-0700][gc,phases     ] GC(4)   Post Evacuate Collection Set: 0.4ms
[2021-04-17T04:41:55.367-0700][gc,phases     ] GC(4)   Other: 0.2ms
[2021-04-17T04:41:55.367-0700][gc,heap       ] GC(4) Eden regions: 22->0(49)
[2021-04-17T04:41:55.367-0700][gc,heap       ] GC(4) Survivor regions: 5->2(7)
[2021-04-17T04:41:55.367-0700][gc,heap       ] GC(4) Old regions: 9->13
[2021-04-17T04:41:55.367-0700][gc,heap       ] GC(4) Humongous regions: 129->129
[2021-04-17T04:41:55.367-0700][gc,metaspace  ] GC(4) Metaspace: 34532K->34532K(1081344K)
[2021-04-17T04:41:55.367-0700][gc            ] GC(4) Pause Young (Concurrent Start) (Metadata GC Threshold) 161M->141M(1024M) 6.129ms
[2021-04-17T04:41:55.367-0700][gc,cpu        ] GC(4) User=0.03s Sys=0.00s Real=0.00s
[2021-04-17T04:41:55.367-0700][gc            ] GC(5) Concurrent Cycle
[2021-04-17T04:41:55.367-0700][gc,marking    ] GC(5) Concurrent Clear Claimed Marks
[2021-04-17T04:41:55.367-0700][gc,marking    ] GC(5) Concurrent Clear Claimed Marks 0.109ms
[2021-04-17T04:41:55.367-0700][gc,marking    ] GC(5) Concurrent Scan Root Regions
[2021-04-17T04:41:55.369-0700][gc,marking    ] GC(5) Concurrent Scan Root Regions 1.391ms
[2021-04-17T04:41:55.369-0700][gc,marking    ] GC(5) Concurrent Mark (27.893s)
[2021-04-17T04:41:55.369-0700][gc,marking    ] GC(5) Concurrent Mark From Roots
[2021-04-17T04:41:55.369-0700][gc,task       ] GC(5) Using 2 workers of 2 for marking
[2021-04-17T04:41:55.377-0700][gc,marking    ] GC(5) Concurrent Mark From Roots 8.177ms
[2021-04-17T04:41:55.377-0700][gc,marking    ] GC(5) Concurrent Preclean
[2021-04-17T04:41:55.377-0700][gc,marking    ] GC(5) Concurrent Preclean 0.147ms
[2021-04-17T04:41:55.377-0700][gc,marking    ] GC(5) Concurrent Mark (27.893s, 27.902s) 8.391ms
[2021-04-17T04:41:55.377-0700][gc,start      ] GC(5) Pause Remark
[2021-04-17T04:41:55.380-0700][gc,stringtable] GC(5) Cleaned string and symbol table, strings: 9493 processed, 11 removed, symbols: 79289 processed, 9 removed
[2021-04-17T04:41:55.380-0700][gc            ] GC(5) Pause Remark 141M->141M(1024M) 2.616ms
[2021-04-17T04:41:55.380-0700][gc,cpu        ] GC(5) User=0.01s Sys=0.00s Real=0.00s
[2021-04-17T04:41:55.380-0700][gc,marking    ] GC(5) Concurrent Rebuild Remembered Sets
[2021-04-17T04:41:55.385-0700][gc,marking    ] GC(5) Concurrent Rebuild Remembered Sets 4.784ms
[2021-04-17T04:41:55.385-0700][gc,start      ] GC(5) Pause Cleanup
[2021-04-17T04:41:55.385-0700][gc            ] GC(5) Pause Cleanup 141M->141M(1024M) 0.240ms
[2021-04-17T04:41:55.385-0700][gc,cpu        ] GC(5) User=0.00s Sys=0.00s Real=0.00s
[2021-04-17T04:41:55.385-0700][gc,marking    ] GC(5) Concurrent Cleanup for Next Mark
[2021-04-17T04:41:55.389-0700][gc,marking    ] GC(5) Concurrent Cleanup for Next Mark 3.743ms
[2021-04-17T04:41:55.389-0700][gc            ] GC(5) Concurrent Cycle 21.880ms
[2021-04-17T04:43:24.311-0700][gc,start      ] GC(6) Pause Young (Normal) (G1 Evacuation Pause)
[2021-04-17T04:43:24.312-0700][gc,task       ] GC(6) Using 8 workers of 8 for evacuation
[2021-04-17T04:43:24.324-0700][gc,phases     ] GC(6)   Pre Evacuate Collection Set: 0.0ms
[2021-04-17T04:43:24.324-0700][gc,phases     ] GC(6)   Evacuate Collection Set: 10.8ms
[2021-04-17T04:43:24.324-0700][gc,phases     ] GC(6)   Post Evacuate Collection Set: 1.0ms
[2021-04-17T04:43:24.324-0700][gc,phases     ] GC(6)   Other: 0.6ms
[2021-04-17T04:43:24.324-0700][gc,heap       ] GC(6) Eden regions: 49->0(46)
[2021-04-17T04:43:24.324-0700][gc,heap       ] GC(6) Survivor regions: 2->5(7)
[2021-04-17T04:43:24.324-0700][gc,heap       ] GC(6) Old regions: 13->13
[2021-04-17T04:43:24.324-0700][gc,heap       ] GC(6) Humongous regions: 129->129
[2021-04-17T04:43:24.324-0700][gc,metaspace  ] GC(6) Metaspace: 39619K->39619K(1085440K)
[2021-04-17T04:43:24.324-0700][gc            ] GC(6) Pause Young (Normal) (G1 Evacuation Pause) 190M->145M(1024M) 12.571ms
[2021-04-17T04:43:24.324-0700][gc,cpu        ] GC(6) User=0.08s Sys=0.00s Real=0.01s
[2021-04-17T04:43:36.545-0700][gc,start      ] GC(7) Pause Young (Normal) (G1 Evacuation Pause)
[2021-04-17T04:43:36.545-0700][gc,task       ] GC(7) Using 8 workers of 8 for evacuation
[2021-04-17T04:43:36.559-0700][gc,phases     ] GC(7)   Pre Evacuate Collection Set: 0.0ms
[2021-04-17T04:43:36.559-0700][gc,phases     ] GC(7)   Evacuate Collection Set: 12.0ms
[2021-04-17T04:43:36.559-0700][gc,phases     ] GC(7)   Post Evacuate Collection Set: 1.0ms
[2021-04-17T04:43:36.559-0700][gc,phases     ] GC(7)   Other: 0.4ms
[2021-04-17T04:43:36.559-0700][gc,heap       ] GC(7) Eden regions: 46->0(48)
[2021-04-17T04:43:36.559-0700][gc,heap       ] GC(7) Survivor regions: 5->3(7)
[2021-04-17T04:43:36.559-0700][gc,heap       ] GC(7) Old regions: 13->16
[2021-04-17T04:43:36.559-0700][gc,heap       ] GC(7) Humongous regions: 129->129
[2021-04-17T04:43:36.559-0700][gc,metaspace  ] GC(7) Metaspace: 39657K->39657K(1085440K)
[2021-04-17T04:43:36.559-0700][gc            ] GC(7) Pause Young (Normal) (G1 Evacuation Pause) 191M->145M(1024M) 13.606ms
[2021-04-17T04:43:36.559-0700][gc,cpu        ] GC(7) User=0.09s Sys=0.00s Real=0.02s
[2021-04-17T04:43:49.968-0700][gc,start      ] GC(8) Pause Young (Normal) (G1 Evacuation Pause)
[2021-04-17T04:43:49.968-0700][gc,task       ] GC(8) Using 8 workers of 8 for evacuation
[2021-04-17T04:43:49.972-0700][gc,phases     ] GC(8)   Pre Evacuate Collection Set: 0.0ms
[2021-04-17T04:43:49.972-0700][gc,phases     ] GC(8)   Evacuate Collection Set: 3.2ms
[2021-04-17T04:43:49.972-0700][gc,phases     ] GC(8)   Post Evacuate Collection Set: 0.5ms
[2021-04-17T04:43:49.972-0700][gc,phases     ] GC(8)   Other: 0.2ms
[2021-04-17T04:43:49.972-0700][gc,heap       ] GC(8) Eden regions: 48->0(47)
[2021-04-17T04:43:49.972-0700][gc,heap       ] GC(8) Survivor regions: 3->4(7)
[2021-04-17T04:43:49.972-0700][gc,heap       ] GC(8) Old regions: 16->16
[2021-04-17T04:43:49.972-0700][gc,heap       ] GC(8) Humongous regions: 129->129
[2021-04-17T04:43:49.972-0700][gc,metaspace  ] GC(8) Metaspace: 40369K->40369K(1085440K)
[2021-04-17T04:43:49.972-0700][gc            ] GC(8) Pause Young (Normal) (G1 Evacuation Pause) 193M->147M(1024M) 4.046ms
[2021-04-17T04:43:49.972-0700][gc,cpu        ] GC(8) User=0.02s Sys=0.00s Real=0.01s
[2021-04-17T04:44:04.478-0700][gc,start      ] GC(9) Pause Young (Normal) (G1 Evacuation Pause)
[2021-04-17T04:44:04.478-0700][gc,task       ] GC(9) Using 8 workers of 8 for evacuation
[2021-04-17T04:44:04.482-0700][gc,phases     ] GC(9)   Pre Evacuate Collection Set: 0.0ms
[2021-04-17T04:44:04.482-0700][gc,phases     ] GC(9)   Evacuate Collection Set: 4.1ms
[2021-04-17T04:44:04.482-0700][gc,phases     ] GC(9)   Post Evacuate Collection Set: 0.5ms
[2021-04-17T04:44:04.482-0700][gc,phases     ] GC(9)   Other: 0.2ms
[2021-04-17T04:44:04.482-0700][gc,heap       ] GC(9) Eden regions: 47->0(47)
[2021-04-17T04:44:04.483-0700][gc,heap       ] GC(9) Survivor regions: 4->4(7)
[2021-04-17T04:44:04.483-0700][gc,heap       ] GC(9) Old regions: 16->16
[2021-04-17T04:44:04.483-0700][gc,heap       ] GC(9) Humongous regions: 129->129
[2021-04-17T04:44:04.483-0700][gc,metaspace  ] GC(9) Metaspace: 40416K->40416K(1085440K)
[2021-04-17T04:44:04.483-0700][gc            ] GC(9) Pause Young (Normal) (G1 Evacuation Pause) 194M->147M(1024M) 4.953ms
[2021-04-17T04:44:04.483-0700][gc,cpu        ] GC(9) User=0.03s Sys=0.00s Real=0.00s
[2021-04-17T04:44:19.018-0700][gc,start      ] GC(10) Pause Young (Normal) (G1 Evacuation Pause)
[2021-04-17T04:44:19.018-0700][gc,task       ] GC(10) Using 8 workers of 8 for evacuation
[2021-04-17T04:44:19.029-0700][gc,phases     ] GC(10)   Pre Evacuate Collection Set: 0.0ms
[2021-04-17T04:44:19.029-0700][gc,phases     ] GC(10)   Evacuate Collection Set: 9.9ms
[2021-04-17T04:44:19.029-0700][gc,phases     ] GC(10)   Post Evacuate Collection Set: 1.0ms
[2021-04-17T04:44:19.029-0700][gc,phases     ] GC(10)   Other: 0.4ms
[2021-04-17T04:44:19.029-0700][gc,heap       ] GC(10) Eden regions: 47->0(48)
[2021-04-17T04:44:19.029-0700][gc,heap       ] GC(10) Survivor regions: 4->6(7)
[2021-04-17T04:44:19.029-0700][gc,heap       ] GC(10) Old regions: 16->16
[2021-04-17T04:44:19.029-0700][gc,heap       ] GC(10) Humongous regions: 129->129
[2021-04-17T04:44:19.029-0700][gc,metaspace  ] GC(10) Metaspace: 40461K->40461K(1085440K)
[2021-04-17T04:44:19.029-0700][gc            ] GC(10) Pause Young (Normal) (G1 Evacuation Pause) 194M->148M(1024M) 11.439ms
[2021-04-17T04:44:19.030-0700][gc,cpu        ] GC(10) User=0.08s Sys=0.00s Real=0.01s
[2021-04-17T04:44:34.440-0700][gc,start      ] GC(11) Pause Young (Normal) (G1 Evacuation Pause)
[2021-04-17T04:44:34.441-0700][gc,task       ] GC(11) Using 8 workers of 8 for evacuation
[2021-04-17T04:44:34.453-0700][gc,phases     ] GC(11)   Pre Evacuate Collection Set: 0.0ms
[2021-04-17T04:44:34.454-0700][gc,phases     ] GC(11)   Evacuate Collection Set: 11.6ms
[2021-04-17T04:44:34.454-0700][gc,phases     ] GC(11)   Post Evacuate Collection Set: 1.0ms
[2021-04-17T04:44:34.454-0700][gc,phases     ] GC(11)   Other: 0.4ms
[2021-04-17T04:44:34.454-0700][gc,heap       ] GC(11) Eden regions: 48->0(52)
[2021-04-17T04:44:34.454-0700][gc,heap       ] GC(11) Survivor regions: 6->4(7)
[2021-04-17T04:44:34.454-0700][gc,heap       ] GC(11) Old regions: 16->19
[2021-04-17T04:44:34.454-0700][gc,heap       ] GC(11) Humongous regions: 129->129
[2021-04-17T04:44:34.454-0700][gc,metaspace  ] GC(11) Metaspace: 40463K->40463K(1085440K)
[2021-04-17T04:44:34.454-0700][gc            ] GC(11) Pause Young (Normal) (G1 Evacuation Pause) 196M->149M(1024M) 13.324ms
[2021-04-17T04:44:34.454-0700][gc,cpu        ] GC(11) User=0.08s Sys=0.01s Real=0.01s
[2021-04-17T04:46:36.981-0700][gc,heap,exit  ] Heap
[2021-04-17T04:46:36.981-0700][gc,heap,exit  ]  garbage-first heap   total 1048576K, used 190529K [0x00000000c0000000, 0x0000000100000000)
[2021-04-17T04:46:36.981-0700][gc,heap,exit  ]   region size 1024K, 43 young (44032K), 4 survivors (4096K)
[2021-04-17T04:46:36.981-0700][gc,heap,exit  ]  Metaspace       used 41365K, capacity 43480K, committed 43776K, reserved 1087488K
[2021-04-17T04:46:36.981-0700][gc,heap,exit  ]   class space    used 5043K, capacity 6023K, committed 6144K, reserved 1048576K
