[2021-04-17T14:48:09.452-0700][gc,heap] Heap region size: 1M
[2021-04-17T14:48:09.468-0700][gc     ] Using G1
[2021-04-17T14:48:09.468-0700][gc,heap,coops] Heap address: 0x00000000c0000000, size: 1024 MB, Compressed Oops mode: 32-bit
[2021-04-17T14:48:09.468-0700][gc,cds       ] Mark closed archive regions in map: [0x00000000fff00000, 0x00000000fff6aff8]
[2021-04-17T14:48:09.468-0700][gc,cds       ] Mark open archive regions in map: [0x00000000ffe00000, 0x00000000ffe46ff8]
[2021-04-17T14:48:10.576-0700][gc,start     ] GC(0) Pause Young (Normal) (G1 Evacuation Pause)
[2021-04-17T14:48:10.577-0700][gc,task      ] GC(0) Using 8 workers of 8 for evacuation
[2021-04-17T14:48:10.591-0700][gc,phases    ] GC(0)   Pre Evacuate Collection Set: 0.0ms
[2021-04-17T14:48:10.591-0700][gc,phases    ] GC(0)   Evacuate Collection Set: 13.3ms
[2021-04-17T14:48:10.591-0700][gc,phases    ] GC(0)   Post Evacuate Collection Set: 0.6ms
[2021-04-17T14:48:10.591-0700][gc,phases    ] GC(0)   Other: 1.3ms
[2021-04-17T14:48:10.591-0700][gc,heap      ] GC(0) Eden regions: 51->0(44)
[2021-04-17T14:48:10.591-0700][gc,heap      ] GC(0) Survivor regions: 0->7(7)
[2021-04-17T14:48:10.591-0700][gc,heap      ] GC(0) Old regions: 2->2
[2021-04-17T14:48:10.591-0700][gc,heap      ] GC(0) Humongous regions: 0->0
[2021-04-17T14:48:10.591-0700][gc,metaspace ] GC(0) Metaspace: 15648K->15648K(1062912K)
[2021-04-17T14:48:10.591-0700][gc           ] GC(0) Pause Young (Normal) (G1 Evacuation Pause) 51M->7M(1024M) 15.361ms
[2021-04-17T14:48:10.591-0700][gc,cpu       ] GC(0) User=0.08s Sys=0.01s Real=0.02s
[2021-04-17T14:48:10.890-0700][gc,start     ] GC(1) Pause Young (Concurrent Start) (Metadata GC Threshold)
[2021-04-17T14:48:10.890-0700][gc,task      ] GC(1) Using 8 workers of 8 for evacuation
[2021-04-17T14:48:10.899-0700][gc,phases    ] GC(1)   Pre Evacuate Collection Set: 0.0ms
[2021-04-17T14:48:10.899-0700][gc,phases    ] GC(1)   Evacuate Collection Set: 8.6ms
[2021-04-17T14:48:10.899-0700][gc,phases    ] GC(1)   Post Evacuate Collection Set: 0.4ms
[2021-04-17T14:48:10.899-0700][gc,phases    ] GC(1)   Other: 0.2ms
[2021-04-17T14:48:10.899-0700][gc,heap      ] GC(1) Eden regions: 20->0(50)
[2021-04-17T14:48:10.899-0700][gc,heap      ] GC(1) Survivor regions: 7->1(7)
[2021-04-17T14:48:10.899-0700][gc,heap      ] GC(1) Old regions: 2->9
[2021-04-17T14:48:10.899-0700][gc,heap      ] GC(1) Humongous regions: 0->0
[2021-04-17T14:48:10.899-0700][gc,metaspace ] GC(1) Metaspace: 20624K->20624K(1067008K)
[2021-04-17T14:48:10.899-0700][gc           ] GC(1) Pause Young (Concurrent Start) (Metadata GC Threshold) 27M->8M(1024M) 9.291ms
[2021-04-17T14:48:10.899-0700][gc,cpu       ] GC(1) User=0.04s Sys=0.00s Real=0.01s
[2021-04-17T14:48:10.899-0700][gc           ] GC(2) Concurrent Cycle
[2021-04-17T14:48:10.899-0700][gc,marking   ] GC(2) Concurrent Clear Claimed Marks
[2021-04-17T14:48:10.899-0700][gc,marking   ] GC(2) Concurrent Clear Claimed Marks 0.033ms
[2021-04-17T14:48:10.899-0700][gc,marking   ] GC(2) Concurrent Scan Root Regions
[2021-04-17T14:48:10.900-0700][gc,marking   ] GC(2) Concurrent Scan Root Regions 0.975ms
[2021-04-17T14:48:10.900-0700][gc,marking   ] GC(2) Concurrent Mark (1.480s)
[2021-04-17T14:48:10.900-0700][gc,marking   ] GC(2) Concurrent Mark From Roots
[2021-04-17T14:48:10.900-0700][gc,task      ] GC(2) Using 2 workers of 2 for marking
[2021-04-17T14:48:10.906-0700][gc,marking   ] GC(2) Concurrent Mark From Roots 5.408ms
[2021-04-17T14:48:10.906-0700][gc,marking   ] GC(2) Concurrent Preclean
[2021-04-17T14:48:10.906-0700][gc,marking   ] GC(2) Concurrent Preclean 0.142ms
[2021-04-17T14:48:10.906-0700][gc,marking   ] GC(2) Concurrent Mark (1.480s, 1.486s) 5.590ms
[2021-04-17T14:48:10.906-0700][gc,start     ] GC(2) Pause Remark
[2021-04-17T14:48:10.908-0700][gc,stringtable] GC(2) Cleaned string and symbol table, strings: 5100 processed, 0 removed, symbols: 50694 processed, 42 removed
[2021-04-17T14:48:10.909-0700][gc            ] GC(2) Pause Remark 8M->8M(1024M) 2.859ms
[2021-04-17T14:48:10.909-0700][gc,cpu        ] GC(2) User=0.01s Sys=0.01s Real=0.01s
[2021-04-17T14:48:10.909-0700][gc,marking    ] GC(2) Concurrent Rebuild Remembered Sets
[2021-04-17T14:48:10.913-0700][gc,marking    ] GC(2) Concurrent Rebuild Remembered Sets 3.779ms
[2021-04-17T14:48:10.913-0700][gc,start      ] GC(2) Pause Cleanup
[2021-04-17T14:48:10.913-0700][gc            ] GC(2) Pause Cleanup 9M->9M(1024M) 0.286ms
[2021-04-17T14:48:10.913-0700][gc,cpu        ] GC(2) User=0.00s Sys=0.00s Real=0.00s
[2021-04-17T14:48:10.913-0700][gc,marking    ] GC(2) Concurrent Cleanup for Next Mark
[2021-04-17T14:48:10.918-0700][gc,marking    ] GC(2) Concurrent Cleanup for Next Mark 4.603ms
[2021-04-17T14:48:10.918-0700][gc            ] GC(2) Concurrent Cycle 18.569ms
[2021-04-17T14:48:11.567-0700][gc,start      ] GC(3) Pause Young (Normal) (G1 Evacuation Pause)
[2021-04-17T14:48:11.567-0700][gc,task       ] GC(3) Using 8 workers of 8 for evacuation
[2021-04-17T14:48:11.570-0700][gc,phases     ] GC(3)   Pre Evacuate Collection Set: 0.0ms
[2021-04-17T14:48:11.570-0700][gc,phases     ] GC(3)   Evacuate Collection Set: 2.8ms
[2021-04-17T14:48:11.570-0700][gc,phases     ] GC(3)   Post Evacuate Collection Set: 0.3ms
[2021-04-17T14:48:11.570-0700][gc,phases     ] GC(3)   Other: 0.1ms
[2021-04-17T14:48:11.570-0700][gc,heap       ] GC(3) Eden regions: 50->0(46)
[2021-04-17T14:48:11.570-0700][gc,heap       ] GC(3) Survivor regions: 1->5(7)
[2021-04-17T14:48:11.570-0700][gc,heap       ] GC(3) Old regions: 9->9
[2021-04-17T14:48:11.570-0700][gc,heap       ] GC(3) Humongous regions: 129->129
[2021-04-17T14:48:11.570-0700][gc,metaspace  ] GC(3) Metaspace: 29966K->29966K(1077248K)
[2021-04-17T14:48:11.570-0700][gc            ] GC(3) Pause Young (Normal) (G1 Evacuation Pause) 187M->140M(1024M) 3.293ms
[2021-04-17T14:48:11.570-0700][gc,cpu        ] GC(3) User=0.02s Sys=0.00s Real=0.01s
[2021-04-17T14:48:23.287-0700][gc,start      ] GC(4) Pause Young (Concurrent Start) (Metadata GC Threshold)
[2021-04-17T14:48:23.287-0700][gc,task       ] GC(4) Using 8 workers of 8 for evacuation
[2021-04-17T14:48:23.292-0700][gc,phases     ] GC(4)   Pre Evacuate Collection Set: 0.1ms
[2021-04-17T14:48:23.292-0700][gc,phases     ] GC(4)   Evacuate Collection Set: 4.5ms
[2021-04-17T14:48:23.292-0700][gc,phases     ] GC(4)   Post Evacuate Collection Set: 0.4ms
[2021-04-17T14:48:23.292-0700][gc,phases     ] GC(4)   Other: 0.2ms
[2021-04-17T14:48:23.292-0700][gc,heap       ] GC(4) Eden regions: 21->0(49)
[2021-04-17T14:48:23.292-0700][gc,heap       ] GC(4) Survivor regions: 5->2(7)
[2021-04-17T14:48:23.292-0700][gc,heap       ] GC(4) Old regions: 9->14
[2021-04-17T14:48:23.292-0700][gc,heap       ] GC(4) Humongous regions: 129->129
[2021-04-17T14:48:23.292-0700][gc,metaspace  ] GC(4) Metaspace: 34632K->34632K(1081344K)
[2021-04-17T14:48:23.292-0700][gc            ] GC(4) Pause Young (Concurrent Start) (Metadata GC Threshold) 161M->142M(1024M) 5.190ms
[2021-04-17T14:48:23.292-0700][gc,cpu        ] GC(4) User=0.02s Sys=0.00s Real=0.01s
[2021-04-17T14:48:23.292-0700][gc            ] GC(5) Concurrent Cycle
[2021-04-17T14:48:23.292-0700][gc,marking    ] GC(5) Concurrent Clear Claimed Marks
[2021-04-17T14:48:23.292-0700][gc,marking    ] GC(5) Concurrent Clear Claimed Marks 0.130ms
[2021-04-17T14:48:23.292-0700][gc,marking    ] GC(5) Concurrent Scan Root Regions
[2021-04-17T14:48:23.293-0700][gc,marking    ] GC(5) Concurrent Scan Root Regions 0.905ms
[2021-04-17T14:48:23.293-0700][gc,marking    ] GC(5) Concurrent Mark (13.874s)
[2021-04-17T14:48:23.293-0700][gc,marking    ] GC(5) Concurrent Mark From Roots
[2021-04-17T14:48:23.293-0700][gc,task       ] GC(5) Using 2 workers of 2 for marking
[2021-04-17T14:48:23.304-0700][gc,marking    ] GC(5) Concurrent Mark From Roots 10.926ms
[2021-04-17T14:48:23.304-0700][gc,marking    ] GC(5) Concurrent Preclean
[2021-04-17T14:48:23.305-0700][gc,marking    ] GC(5) Concurrent Preclean 0.112ms
[2021-04-17T14:48:23.305-0700][gc,marking    ] GC(5) Concurrent Mark (13.874s, 13.885s) 11.091ms
[2021-04-17T14:48:23.305-0700][gc,start      ] GC(5) Pause Remark
[2021-04-17T14:48:23.307-0700][gc,stringtable] GC(5) Cleaned string and symbol table, strings: 9534 processed, 10 removed, symbols: 79597 processed, 8 removed
[2021-04-17T14:48:23.307-0700][gc            ] GC(5) Pause Remark 143M->143M(1024M) 2.419ms
[2021-04-17T14:48:23.307-0700][gc,cpu        ] GC(5) User=0.01s Sys=0.01s Real=0.00s
[2021-04-17T14:48:23.307-0700][gc,marking    ] GC(5) Concurrent Rebuild Remembered Sets
[2021-04-17T14:48:23.313-0700][gc,marking    ] GC(5) Concurrent Rebuild Remembered Sets 5.826ms
[2021-04-17T14:48:23.314-0700][gc,start      ] GC(5) Pause Cleanup
[2021-04-17T14:48:23.314-0700][gc            ] GC(5) Pause Cleanup 143M->143M(1024M) 0.196ms
[2021-04-17T14:48:23.314-0700][gc,cpu        ] GC(5) User=0.01s Sys=0.00s Real=0.00s
[2021-04-17T14:48:23.314-0700][gc,marking    ] GC(5) Concurrent Cleanup for Next Mark
[2021-04-17T14:48:23.318-0700][gc,marking    ] GC(5) Concurrent Cleanup for Next Mark 4.142ms
[2021-04-17T14:48:23.318-0700][gc            ] GC(5) Concurrent Cycle 26.007ms
[2021-04-17T14:49:31.790-0700][gc,start      ] GC(6) Pause Young (Normal) (G1 Evacuation Pause)
[2021-04-17T14:49:31.790-0700][gc,task       ] GC(6) Using 8 workers of 8 for evacuation
[2021-04-17T14:49:31.793-0700][gc,phases     ] GC(6)   Pre Evacuate Collection Set: 0.0ms
[2021-04-17T14:49:31.793-0700][gc,phases     ] GC(6)   Evacuate Collection Set: 3.0ms
[2021-04-17T14:49:31.793-0700][gc,phases     ] GC(6)   Post Evacuate Collection Set: 0.6ms
[2021-04-17T14:49:31.793-0700][gc,phases     ] GC(6)   Other: 0.1ms
[2021-04-17T14:49:31.793-0700][gc,heap       ] GC(6) Eden regions: 49->0(46)
[2021-04-17T14:49:31.793-0700][gc,heap       ] GC(6) Survivor regions: 2->5(7)
[2021-04-17T14:49:31.793-0700][gc,heap       ] GC(6) Old regions: 14->14
[2021-04-17T14:49:31.793-0700][gc,heap       ] GC(6) Humongous regions: 129->129
[2021-04-17T14:49:31.794-0700][gc,metaspace  ] GC(6) Metaspace: 39823K->39823K(1085440K)
[2021-04-17T14:49:31.794-0700][gc            ] GC(6) Pause Young (Normal) (G1 Evacuation Pause) 191M->145M(1024M) 3.839ms
[2021-04-17T14:49:31.794-0700][gc,cpu        ] GC(6) User=0.02s Sys=0.00s Real=0.00s
[2021-04-17T14:49:42.843-0700][gc,start      ] GC(7) Pause Young (Normal) (G1 Evacuation Pause)
[2021-04-17T14:49:42.843-0700][gc,task       ] GC(7) Using 8 workers of 8 for evacuation
[2021-04-17T14:49:42.849-0700][gc,phases     ] GC(7)   Pre Evacuate Collection Set: 0.0ms
[2021-04-17T14:49:42.849-0700][gc,phases     ] GC(7)   Evacuate Collection Set: 5.2ms
[2021-04-17T14:49:42.849-0700][gc,phases     ] GC(7)   Post Evacuate Collection Set: 0.5ms
[2021-04-17T14:49:42.849-0700][gc,phases     ] GC(7)   Other: 0.2ms
[2021-04-17T14:49:42.849-0700][gc,heap       ] GC(7) Eden regions: 46->0(49)
[2021-04-17T14:49:42.849-0700][gc,heap       ] GC(7) Survivor regions: 5->2(7)
[2021-04-17T14:49:42.849-0700][gc,heap       ] GC(7) Old regions: 14->16
[2021-04-17T14:49:42.849-0700][gc,heap       ] GC(7) Humongous regions: 129->129
[2021-04-17T14:49:42.849-0700][gc,metaspace  ] GC(7) Metaspace: 40574K->40574K(1085440K)
[2021-04-17T14:49:42.849-0700][gc            ] GC(7) Pause Young (Normal) (G1 Evacuation Pause) 191M->145M(1024M) 6.087ms
[2021-04-17T14:49:42.849-0700][gc,cpu        ] GC(7) User=0.03s Sys=0.01s Real=0.01s
[2021-04-17T14:49:57.882-0700][gc,start      ] GC(8) Pause Young (Normal) (G1 Evacuation Pause)
[2021-04-17T14:49:57.882-0700][gc,task       ] GC(8) Using 8 workers of 8 for evacuation
[2021-04-17T14:49:57.892-0700][gc,phases     ] GC(8)   Pre Evacuate Collection Set: 0.0ms
[2021-04-17T14:49:57.892-0700][gc,phases     ] GC(8)   Evacuate Collection Set: 8.5ms
[2021-04-17T14:49:57.892-0700][gc,phases     ] GC(8)   Post Evacuate Collection Set: 0.9ms
[2021-04-17T14:49:57.892-0700][gc,phases     ] GC(8)   Other: 0.4ms
[2021-04-17T14:49:57.892-0700][gc,heap       ] GC(8) Eden regions: 49->0(47)
[2021-04-17T14:49:57.892-0700][gc,heap       ] GC(8) Survivor regions: 2->4(7)
[2021-04-17T14:49:57.892-0700][gc,heap       ] GC(8) Old regions: 16->16
[2021-04-17T14:49:57.892-0700][gc,heap       ] GC(8) Humongous regions: 129->129
[2021-04-17T14:49:57.892-0700][gc,metaspace  ] GC(8) Metaspace: 40592K->40592K(1085440K)
[2021-04-17T14:49:57.892-0700][gc            ] GC(8) Pause Young (Normal) (G1 Evacuation Pause) 194M->147M(1024M) 10.229ms
[2021-04-17T14:49:57.892-0700][gc,cpu        ] GC(8) User=0.07s Sys=0.00s Real=0.01s
[2021-04-17T14:50:12.159-0700][gc,start      ] GC(9) Pause Young (Normal) (G1 Evacuation Pause)
[2021-04-17T14:50:12.159-0700][gc,task       ] GC(9) Using 8 workers of 8 for evacuation
[2021-04-17T14:50:12.163-0700][gc,phases     ] GC(9)   Pre Evacuate Collection Set: 0.0ms
[2021-04-17T14:50:12.163-0700][gc,phases     ] GC(9)   Evacuate Collection Set: 3.3ms
[2021-04-17T14:50:12.163-0700][gc,phases     ] GC(9)   Post Evacuate Collection Set: 0.5ms
[2021-04-17T14:50:12.163-0700][gc,phases     ] GC(9)   Other: 0.2ms
[2021-04-17T14:50:12.163-0700][gc,heap       ] GC(9) Eden regions: 47->0(47)
[2021-04-17T14:50:12.163-0700][gc,heap       ] GC(9) Survivor regions: 4->4(7)
[2021-04-17T14:50:12.163-0700][gc,heap       ] GC(9) Old regions: 16->18
[2021-04-17T14:50:12.163-0700][gc,heap       ] GC(9) Humongous regions: 129->129
[2021-04-17T14:50:12.163-0700][gc,metaspace  ] GC(9) Metaspace: 40672K->40672K(1085440K)
[2021-04-17T14:50:12.163-0700][gc            ] GC(9) Pause Young (Normal) (G1 Evacuation Pause) 194M->147M(1024M) 4.084ms
[2021-04-17T14:50:12.163-0700][gc,cpu        ] GC(9) User=0.03s Sys=0.00s Real=0.00s
[2021-04-17T14:52:31.599-0700][gc,start      ] GC(10) Pause Young (Normal) (G1 Evacuation Pause)
[2021-04-17T14:52:31.599-0700][gc,task       ] GC(10) Using 8 workers of 8 for evacuation
[2021-04-17T14:52:31.610-0700][gc,phases     ] GC(10)   Pre Evacuate Collection Set: 0.0ms
[2021-04-17T14:52:31.610-0700][gc,phases     ] GC(10)   Evacuate Collection Set: 10.1ms
[2021-04-17T14:52:31.610-0700][gc,phases     ] GC(10)   Post Evacuate Collection Set: 0.8ms
[2021-04-17T14:52:31.611-0700][gc,phases     ] GC(10)   Other: 0.4ms
[2021-04-17T14:52:31.611-0700][gc,heap       ] GC(10) Eden regions: 47->0(47)
[2021-04-17T14:52:31.611-0700][gc,heap       ] GC(10) Survivor regions: 4->4(7)
[2021-04-17T14:52:31.611-0700][gc,heap       ] GC(10) Old regions: 18->18
[2021-04-17T14:52:31.611-0700][gc,heap       ] GC(10) Humongous regions: 129->129
[2021-04-17T14:52:31.611-0700][gc,metaspace  ] GC(10) Metaspace: 40757K->40757K(1087488K)
[2021-04-17T14:52:31.611-0700][gc            ] GC(10) Pause Young (Normal) (G1 Evacuation Pause) 194M->148M(1024M) 11.599ms
[2021-04-17T14:52:31.611-0700][gc,cpu        ] GC(10) User=0.07s Sys=0.00s Real=0.01s
[2021-04-17T14:53:41.949-0700][gc,heap,exit  ] Heap
[2021-04-17T14:53:41.949-0700][gc,heap,exit  ]  garbage-first heap   total 1048576K, used 168707K [0x00000000c0000000, 0x0000000100000000)
[2021-04-17T14:53:41.949-0700][gc,heap,exit  ]   region size 1024K, 21 young (21504K), 4 survivors (4096K)
[2021-04-17T14:53:41.949-0700][gc,heap,exit  ]  Metaspace       used 41509K, capacity 43693K, committed 43852K, reserved 1087488K
[2021-04-17T14:53:41.949-0700][gc,heap,exit  ]   class space    used 5122K, capacity 6156K, committed 6220K, reserved 1048576K
