[2021-04-17T14:53:55.838-0700][gc,heap] Heap region size: 1M
[2021-04-17T14:53:55.848-0700][gc     ] Using G1
[2021-04-17T14:53:55.848-0700][gc,heap,coops] Heap address: 0x00000000c0000000, size: 1024 MB, Compressed Oops mode: 32-bit
[2021-04-17T14:53:55.848-0700][gc,cds       ] Mark closed archive regions in map: [0x00000000fff00000, 0x00000000fff6aff8]
[2021-04-17T14:53:55.848-0700][gc,cds       ] Mark open archive regions in map: [0x00000000ffe00000, 0x00000000ffe46ff8]
[2021-04-17T14:53:56.935-0700][gc,start     ] GC(0) Pause Young (Normal) (G1 Evacuation Pause)
[2021-04-17T14:53:56.936-0700][gc,task      ] GC(0) Using 8 workers of 8 for evacuation
[2021-04-17T14:53:56.946-0700][gc,phases    ] GC(0)   Pre Evacuate Collection Set: 0.0ms
[2021-04-17T14:53:56.946-0700][gc,phases    ] GC(0)   Evacuate Collection Set: 9.1ms
[2021-04-17T14:53:56.946-0700][gc,phases    ] GC(0)   Post Evacuate Collection Set: 0.4ms
[2021-04-17T14:53:56.946-0700][gc,phases    ] GC(0)   Other: 1.4ms
[2021-04-17T14:53:56.946-0700][gc,heap      ] GC(0) Eden regions: 51->0(44)
[2021-04-17T14:53:56.946-0700][gc,heap      ] GC(0) Survivor regions: 0->7(7)
[2021-04-17T14:53:56.946-0700][gc,heap      ] GC(0) Old regions: 2->2
[2021-04-17T14:53:56.946-0700][gc,heap      ] GC(0) Humongous regions: 0->0
[2021-04-17T14:53:56.946-0700][gc,metaspace ] GC(0) Metaspace: 15641K->15641K(1062912K)
[2021-04-17T14:53:56.946-0700][gc           ] GC(0) Pause Young (Normal) (G1 Evacuation Pause) 51M->7M(1024M) 11.034ms
[2021-04-17T14:53:56.946-0700][gc,cpu       ] GC(0) User=0.07s Sys=0.01s Real=0.01s
[2021-04-17T14:53:57.217-0700][gc,start     ] GC(1) Pause Young (Concurrent Start) (Metadata GC Threshold)
[2021-04-17T14:53:57.217-0700][gc,task      ] GC(1) Using 8 workers of 8 for evacuation
[2021-04-17T14:53:57.225-0700][gc,phases    ] GC(1)   Pre Evacuate Collection Set: 0.0ms
[2021-04-17T14:53:57.225-0700][gc,phases    ] GC(1)   Evacuate Collection Set: 7.2ms
[2021-04-17T14:53:57.225-0700][gc,phases    ] GC(1)   Post Evacuate Collection Set: 0.3ms
[2021-04-17T14:53:57.225-0700][gc,phases    ] GC(1)   Other: 0.2ms
[2021-04-17T14:53:57.225-0700][gc,heap      ] GC(1) Eden regions: 20->0(49)
[2021-04-17T14:53:57.225-0700][gc,heap      ] GC(1) Survivor regions: 7->2(7)
[2021-04-17T14:53:57.225-0700][gc,heap      ] GC(1) Old regions: 2->9
[2021-04-17T14:53:57.225-0700][gc,heap      ] GC(1) Humongous regions: 0->0
[2021-04-17T14:53:57.225-0700][gc,metaspace ] GC(1) Metaspace: 20611K->20611K(1067008K)
[2021-04-17T14:53:57.225-0700][gc           ] GC(1) Pause Young (Concurrent Start) (Metadata GC Threshold) 27M->8M(1024M) 7.888ms
[2021-04-17T14:53:57.225-0700][gc,cpu       ] GC(1) User=0.05s Sys=0.01s Real=0.00s
[2021-04-17T14:53:57.225-0700][gc           ] GC(2) Concurrent Cycle
[2021-04-17T14:53:57.225-0700][gc,marking   ] GC(2) Concurrent Clear Claimed Marks
[2021-04-17T14:53:57.225-0700][gc,marking   ] GC(2) Concurrent Clear Claimed Marks 0.024ms
[2021-04-17T14:53:57.225-0700][gc,marking   ] GC(2) Concurrent Scan Root Regions
[2021-04-17T14:53:57.226-0700][gc,marking   ] GC(2) Concurrent Scan Root Regions 0.936ms
[2021-04-17T14:53:57.226-0700][gc,marking   ] GC(2) Concurrent Mark (1.391s)
[2021-04-17T14:53:57.226-0700][gc,marking   ] GC(2) Concurrent Mark From Roots
[2021-04-17T14:53:57.226-0700][gc,task      ] GC(2) Using 2 workers of 2 for marking
[2021-04-17T14:53:57.232-0700][gc,marking   ] GC(2) Concurrent Mark From Roots 6.273ms
[2021-04-17T14:53:57.232-0700][gc,marking   ] GC(2) Concurrent Preclean
[2021-04-17T14:53:57.233-0700][gc,marking   ] GC(2) Concurrent Preclean 0.135ms
[2021-04-17T14:53:57.233-0700][gc,marking   ] GC(2) Concurrent Mark (1.391s, 1.398s) 6.451ms
[2021-04-17T14:53:57.233-0700][gc,start     ] GC(2) Pause Remark
[2021-04-17T14:53:57.236-0700][gc,stringtable] GC(2) Cleaned string and symbol table, strings: 5084 processed, 0 removed, symbols: 50704 processed, 42 removed
[2021-04-17T14:53:57.237-0700][gc            ] GC(2) Pause Remark 8M->8M(1024M) 4.029ms
[2021-04-17T14:53:57.237-0700][gc,cpu        ] GC(2) User=0.02s Sys=0.00s Real=0.01s
[2021-04-17T14:53:57.237-0700][gc,marking    ] GC(2) Concurrent Rebuild Remembered Sets
[2021-04-17T14:53:57.240-0700][gc,marking    ] GC(2) Concurrent Rebuild Remembered Sets 3.166ms
[2021-04-17T14:53:57.240-0700][gc,start      ] GC(2) Pause Cleanup
[2021-04-17T14:53:57.240-0700][gc            ] GC(2) Pause Cleanup 8M->8M(1024M) 0.214ms
[2021-04-17T14:53:57.240-0700][gc,cpu        ] GC(2) User=0.00s Sys=0.00s Real=0.00s
[2021-04-17T14:53:57.240-0700][gc,marking    ] GC(2) Concurrent Cleanup for Next Mark
[2021-04-17T14:53:57.245-0700][gc,marking    ] GC(2) Concurrent Cleanup for Next Mark 4.653ms
[2021-04-17T14:53:57.245-0700][gc            ] GC(2) Concurrent Cycle 19.892ms
[2021-04-17T14:53:57.832-0700][gc,start      ] GC(3) Pause Young (Normal) (G1 Evacuation Pause)
[2021-04-17T14:53:57.832-0700][gc,task       ] GC(3) Using 8 workers of 8 for evacuation
[2021-04-17T14:53:57.838-0700][gc,phases     ] GC(3)   Pre Evacuate Collection Set: 0.0ms
[2021-04-17T14:53:57.838-0700][gc,phases     ] GC(3)   Evacuate Collection Set: 5.7ms
[2021-04-17T14:53:57.838-0700][gc,phases     ] GC(3)   Post Evacuate Collection Set: 0.3ms
[2021-04-17T14:53:57.838-0700][gc,phases     ] GC(3)   Other: 0.1ms
[2021-04-17T14:53:57.838-0700][gc,heap       ] GC(3) Eden regions: 49->0(46)
[2021-04-17T14:53:57.838-0700][gc,heap       ] GC(3) Survivor regions: 2->5(7)
[2021-04-17T14:53:57.838-0700][gc,heap       ] GC(3) Old regions: 9->9
[2021-04-17T14:53:57.838-0700][gc,heap       ] GC(3) Humongous regions: 129->129
[2021-04-17T14:53:57.838-0700][gc,metaspace  ] GC(3) Metaspace: 29983K->29983K(1077248K)
[2021-04-17T14:53:57.838-0700][gc            ] GC(3) Pause Young (Normal) (G1 Evacuation Pause) 186M->140M(1024M) 6.207ms
[2021-04-17T14:53:57.838-0700][gc,cpu        ] GC(3) User=0.04s Sys=0.00s Real=0.01s
[2021-04-17T14:54:10.663-0700][gc,start      ] GC(4) Pause Young (Concurrent Start) (Metadata GC Threshold)
[2021-04-17T14:54:10.663-0700][gc,task       ] GC(4) Using 8 workers of 8 for evacuation
[2021-04-17T14:54:10.668-0700][gc,phases     ] GC(4)   Pre Evacuate Collection Set: 0.1ms
[2021-04-17T14:54:10.668-0700][gc,phases     ] GC(4)   Evacuate Collection Set: 4.4ms
[2021-04-17T14:54:10.668-0700][gc,phases     ] GC(4)   Post Evacuate Collection Set: 0.4ms
[2021-04-17T14:54:10.668-0700][gc,phases     ] GC(4)   Other: 0.2ms
[2021-04-17T14:54:10.668-0700][gc,heap       ] GC(4) Eden regions: 21->0(49)
[2021-04-17T14:54:10.668-0700][gc,heap       ] GC(4) Survivor regions: 5->2(7)
[2021-04-17T14:54:10.668-0700][gc,heap       ] GC(4) Old regions: 9->13
[2021-04-17T14:54:10.668-0700][gc,heap       ] GC(4) Humongous regions: 129->129
[2021-04-17T14:54:10.668-0700][gc,metaspace  ] GC(4) Metaspace: 34524K->34524K(1081344K)
[2021-04-17T14:54:10.668-0700][gc            ] GC(4) Pause Young (Concurrent Start) (Metadata GC Threshold) 161M->141M(1024M) 5.159ms
[2021-04-17T14:54:10.668-0700][gc,cpu        ] GC(4) User=0.03s Sys=0.00s Real=0.00s
[2021-04-17T14:54:10.668-0700][gc            ] GC(5) Concurrent Cycle
[2021-04-17T14:54:10.668-0700][gc,marking    ] GC(5) Concurrent Clear Claimed Marks
[2021-04-17T14:54:10.669-0700][gc,marking    ] GC(5) Concurrent Clear Claimed Marks 0.120ms
[2021-04-17T14:54:10.669-0700][gc,marking    ] GC(5) Concurrent Scan Root Regions
[2021-04-17T14:54:10.670-0700][gc,marking    ] GC(5) Concurrent Scan Root Regions 0.911ms
[2021-04-17T14:54:10.670-0700][gc,marking    ] GC(5) Concurrent Mark (14.835s)
[2021-04-17T14:54:10.670-0700][gc,marking    ] GC(5) Concurrent Mark From Roots
[2021-04-17T14:54:10.670-0700][gc,task       ] GC(5) Using 2 workers of 2 for marking
[2021-04-17T14:54:10.679-0700][gc,marking    ] GC(5) Concurrent Mark From Roots 9.511ms
[2021-04-17T14:54:10.679-0700][gc,marking    ] GC(5) Concurrent Preclean
[2021-04-17T14:54:10.679-0700][gc,marking    ] GC(5) Concurrent Preclean 0.149ms
[2021-04-17T14:54:10.679-0700][gc,marking    ] GC(5) Concurrent Mark (14.835s, 14.845s) 9.699ms
[2021-04-17T14:54:10.679-0700][gc,start      ] GC(5) Pause Remark
[2021-04-17T14:54:10.682-0700][gc,stringtable] GC(5) Cleaned string and symbol table, strings: 9538 processed, 11 removed, symbols: 79377 processed, 8 removed
[2021-04-17T14:54:10.682-0700][gc            ] GC(5) Pause Remark 142M->142M(1024M) 2.708ms
[2021-04-17T14:54:10.682-0700][gc,cpu        ] GC(5) User=0.02s Sys=0.00s Real=0.00s
[2021-04-17T14:54:10.682-0700][gc,marking    ] GC(5) Concurrent Rebuild Remembered Sets
[2021-04-17T14:54:10.688-0700][gc,marking    ] GC(5) Concurrent Rebuild Remembered Sets 6.175ms
[2021-04-17T14:54:10.688-0700][gc,start      ] GC(5) Pause Cleanup
[2021-04-17T14:54:10.689-0700][gc            ] GC(5) Pause Cleanup 142M->142M(1024M) 0.217ms
[2021-04-17T14:54:10.689-0700][gc,cpu        ] GC(5) User=0.00s Sys=0.00s Real=0.01s
[2021-04-17T14:54:10.689-0700][gc,marking    ] GC(5) Concurrent Cleanup for Next Mark
[2021-04-17T14:54:10.693-0700][gc,marking    ] GC(5) Concurrent Cleanup for Next Mark 3.796ms
[2021-04-17T14:54:10.693-0700][gc            ] GC(5) Concurrent Cycle 24.129ms
[2021-04-17T14:56:10.693-0700][gc,start      ] GC(6) Pause Young (Normal) (G1 Evacuation Pause)
[2021-04-17T14:56:10.693-0700][gc,task       ] GC(6) Using 8 workers of 8 for evacuation
[2021-04-17T14:56:10.698-0700][gc,phases     ] GC(6)   Pre Evacuate Collection Set: 0.0ms
[2021-04-17T14:56:10.698-0700][gc,phases     ] GC(6)   Evacuate Collection Set: 4.2ms
[2021-04-17T14:56:10.698-0700][gc,phases     ] GC(6)   Post Evacuate Collection Set: 0.6ms
[2021-04-17T14:56:10.698-0700][gc,phases     ] GC(6)   Other: 0.2ms
[2021-04-17T14:56:10.698-0700][gc,heap       ] GC(6) Eden regions: 49->0(46)
[2021-04-17T14:56:10.698-0700][gc,heap       ] GC(6) Survivor regions: 2->5(7)
[2021-04-17T14:56:10.698-0700][gc,heap       ] GC(6) Old regions: 13->13
[2021-04-17T14:56:10.698-0700][gc,heap       ] GC(6) Humongous regions: 129->129
[2021-04-17T14:56:10.698-0700][gc,metaspace  ] GC(6) Metaspace: 39709K->39709K(1085440K)
[2021-04-17T14:56:10.698-0700][gc            ] GC(6) Pause Young (Normal) (G1 Evacuation Pause) 190M->144M(1024M) 5.071ms
[2021-04-17T14:56:10.698-0700][gc,cpu        ] GC(6) User=0.03s Sys=0.00s Real=0.01s
[2021-04-17T14:56:21.810-0700][gc,start      ] GC(7) Pause Young (Normal) (G1 Evacuation Pause)
[2021-04-17T14:56:21.810-0700][gc,task       ] GC(7) Using 8 workers of 8 for evacuation
[2021-04-17T14:56:21.814-0700][gc,phases     ] GC(7)   Pre Evacuate Collection Set: 0.0ms
[2021-04-17T14:56:21.814-0700][gc,phases     ] GC(7)   Evacuate Collection Set: 3.8ms
[2021-04-17T14:56:21.814-0700][gc,phases     ] GC(7)   Post Evacuate Collection Set: 0.5ms
[2021-04-17T14:56:21.814-0700][gc,phases     ] GC(7)   Other: 0.2ms
[2021-04-17T14:56:21.814-0700][gc,heap       ] GC(7) Eden regions: 46->0(47)
[2021-04-17T14:56:21.814-0700][gc,heap       ] GC(7) Survivor regions: 5->4(7)
[2021-04-17T14:56:21.814-0700][gc,heap       ] GC(7) Old regions: 13->14
[2021-04-17T14:56:21.814-0700][gc,heap       ] GC(7) Humongous regions: 129->129
[2021-04-17T14:56:21.814-0700][gc,metaspace  ] GC(7) Metaspace: 40433K->40433K(1085440K)
[2021-04-17T14:56:21.814-0700][gc            ] GC(7) Pause Young (Normal) (G1 Evacuation Pause) 190M->145M(1024M) 4.509ms
[2021-04-17T14:56:21.814-0700][gc,cpu        ] GC(7) User=0.03s Sys=0.00s Real=0.00s
[2021-04-17T14:56:36.140-0700][gc,start      ] GC(8) Pause Young (Normal) (G1 Evacuation Pause)
[2021-04-17T14:56:36.140-0700][gc,task       ] GC(8) Using 8 workers of 8 for evacuation
[2021-04-17T14:56:36.147-0700][gc,phases     ] GC(8)   Pre Evacuate Collection Set: 0.0ms
[2021-04-17T14:56:36.147-0700][gc,phases     ] GC(8)   Evacuate Collection Set: 5.9ms
[2021-04-17T14:56:36.147-0700][gc,phases     ] GC(8)   Post Evacuate Collection Set: 0.5ms
[2021-04-17T14:56:36.147-0700][gc,phases     ] GC(8)   Other: 0.3ms
[2021-04-17T14:56:36.147-0700][gc,heap       ] GC(8) Eden regions: 47->0(46)
[2021-04-17T14:56:36.147-0700][gc,heap       ] GC(8) Survivor regions: 4->5(7)
[2021-04-17T14:56:36.147-0700][gc,heap       ] GC(8) Old regions: 14->14
[2021-04-17T14:56:36.147-0700][gc,heap       ] GC(8) Humongous regions: 129->129
[2021-04-17T14:56:36.147-0700][gc,metaspace  ] GC(8) Metaspace: 40444K->40444K(1085440K)
[2021-04-17T14:56:36.147-0700][gc            ] GC(8) Pause Young (Normal) (G1 Evacuation Pause) 192M->145M(1024M) 6.807ms
[2021-04-17T14:56:36.147-0700][gc,cpu        ] GC(8) User=0.04s Sys=0.01s Real=0.00s
[2021-04-17T14:56:51.420-0700][gc,start      ] GC(9) Pause Young (Normal) (G1 Evacuation Pause)
[2021-04-17T14:56:51.420-0700][gc,task       ] GC(9) Using 8 workers of 8 for evacuation
[2021-04-17T14:56:51.431-0700][gc,phases     ] GC(9)   Pre Evacuate Collection Set: 0.0ms
[2021-04-17T14:56:51.431-0700][gc,phases     ] GC(9)   Evacuate Collection Set: 9.7ms
[2021-04-17T14:56:51.431-0700][gc,phases     ] GC(9)   Post Evacuate Collection Set: 1.0ms
[2021-04-17T14:56:51.431-0700][gc,phases     ] GC(9)   Other: 0.4ms
[2021-04-17T14:56:51.431-0700][gc,heap       ] GC(9) Eden regions: 46->0(49)
[2021-04-17T14:56:51.431-0700][gc,heap       ] GC(9) Survivor regions: 5->2(7)
[2021-04-17T14:56:51.431-0700][gc,heap       ] GC(9) Old regions: 14->16
[2021-04-17T14:56:51.431-0700][gc,heap       ] GC(9) Humongous regions: 129->129
[2021-04-17T14:56:51.431-0700][gc,metaspace  ] GC(9) Metaspace: 40446K->40446K(1085440K)
[2021-04-17T14:56:51.431-0700][gc            ] GC(9) Pause Young (Normal) (G1 Evacuation Pause) 191M->145M(1024M) 11.346ms
[2021-04-17T14:56:51.431-0700][gc,cpu        ] GC(9) User=0.08s Sys=0.00s Real=0.01s
[2021-04-17T14:57:06.534-0700][gc,start      ] GC(10) Pause Young (Normal) (G1 Evacuation Pause)
[2021-04-17T14:57:06.534-0700][gc,task       ] GC(10) Using 8 workers of 8 for evacuation
[2021-04-17T14:57:06.542-0700][gc,phases     ] GC(10)   Pre Evacuate Collection Set: 0.0ms
[2021-04-17T14:57:06.542-0700][gc,phases     ] GC(10)   Evacuate Collection Set: 7.3ms
[2021-04-17T14:57:06.542-0700][gc,phases     ] GC(10)   Post Evacuate Collection Set: 0.8ms
[2021-04-17T14:57:06.542-0700][gc,phases     ] GC(10)   Other: 0.4ms
[2021-04-17T14:57:06.542-0700][gc,heap       ] GC(10) Eden regions: 49->0(47)
[2021-04-17T14:57:06.542-0700][gc,heap       ] GC(10) Survivor regions: 2->4(7)
[2021-04-17T14:57:06.542-0700][gc,heap       ] GC(10) Old regions: 16->16
[2021-04-17T14:57:06.542-0700][gc,heap       ] GC(10) Humongous regions: 129->129
[2021-04-17T14:57:06.542-0700][gc,metaspace  ] GC(10) Metaspace: 40530K->40530K(1085440K)
[2021-04-17T14:57:06.542-0700][gc            ] GC(10) Pause Young (Normal) (G1 Evacuation Pause) 194M->146M(1024M) 8.733ms
[2021-04-17T14:57:06.542-0700][gc,cpu        ] GC(10) User=0.06s Sys=0.00s Real=0.01s
[2021-04-17T14:57:21.586-0700][gc,start      ] GC(11) Pause Young (Normal) (G1 Evacuation Pause)
[2021-04-17T14:57:21.586-0700][gc,task       ] GC(11) Using 8 workers of 8 for evacuation
[2021-04-17T14:57:21.595-0700][gc,phases     ] GC(11)   Pre Evacuate Collection Set: 0.0ms
[2021-04-17T14:57:21.595-0700][gc,phases     ] GC(11)   Evacuate Collection Set: 7.4ms
[2021-04-17T14:57:21.595-0700][gc,phases     ] GC(11)   Post Evacuate Collection Set: 1.1ms
[2021-04-17T14:57:21.595-0700][gc,phases     ] GC(11)   Other: 0.4ms
[2021-04-17T14:57:21.595-0700][gc,heap       ] GC(11) Eden regions: 47->0(51)
[2021-04-17T14:57:21.595-0700][gc,heap       ] GC(11) Survivor regions: 4->4(7)
[2021-04-17T14:57:21.595-0700][gc,heap       ] GC(11) Old regions: 16->16
[2021-04-17T14:57:21.595-0700][gc,heap       ] GC(11) Humongous regions: 129->129
[2021-04-17T14:57:21.595-0700][gc,metaspace  ] GC(11) Metaspace: 40539K->40539K(1085440K)
[2021-04-17T14:57:21.595-0700][gc            ] GC(11) Pause Young (Normal) (G1 Evacuation Pause) 193M->146M(1024M) 9.138ms
[2021-04-17T14:57:21.595-0700][gc,cpu        ] GC(11) User=0.06s Sys=0.00s Real=0.01s
[2021-04-17T14:57:38.095-0700][gc,start      ] GC(12) Pause Young (Normal) (G1 Evacuation Pause)
[2021-04-17T14:57:38.095-0700][gc,task       ] GC(12) Using 8 workers of 8 for evacuation
[2021-04-17T14:57:38.106-0700][gc,phases     ] GC(12)   Pre Evacuate Collection Set: 0.0ms
[2021-04-17T14:57:38.106-0700][gc,phases     ] GC(12)   Evacuate Collection Set: 9.0ms
[2021-04-17T14:57:38.106-0700][gc,phases     ] GC(12)   Post Evacuate Collection Set: 1.0ms
[2021-04-17T14:57:38.106-0700][gc,phases     ] GC(12)   Other: 0.4ms
[2021-04-17T14:57:38.106-0700][gc,heap       ] GC(12) Eden regions: 51->0(55)
[2021-04-17T14:57:38.106-0700][gc,heap       ] GC(12) Survivor regions: 4->5(7)
[2021-04-17T14:57:38.106-0700][gc,heap       ] GC(12) Old regions: 16->16
[2021-04-17T14:57:38.106-0700][gc,heap       ] GC(12) Humongous regions: 129->129
[2021-04-17T14:57:38.106-0700][gc,metaspace  ] GC(12) Metaspace: 40549K->40549K(1085440K)
[2021-04-17T14:57:38.106-0700][gc            ] GC(12) Pause Young (Normal) (G1 Evacuation Pause) 197M->147M(1024M) 10.745ms
[2021-04-17T14:57:38.106-0700][gc,cpu        ] GC(12) User=0.07s Sys=0.00s Real=0.01s
[2021-04-17T14:57:55.749-0700][gc,start      ] GC(13) Pause Young (Normal) (G1 Evacuation Pause)
[2021-04-17T14:57:55.749-0700][gc,task       ] GC(13) Using 8 workers of 8 for evacuation
[2021-04-17T14:57:55.763-0700][gc,phases     ] GC(13)   Pre Evacuate Collection Set: 0.0ms
[2021-04-17T14:57:55.763-0700][gc,phases     ] GC(13)   Evacuate Collection Set: 13.6ms
[2021-04-17T14:57:55.763-0700][gc,phases     ] GC(13)   Post Evacuate Collection Set: 0.8ms
[2021-04-17T14:57:55.764-0700][gc,phases     ] GC(13)   Other: 0.5ms
[2021-04-17T14:57:55.764-0700][gc,heap       ] GC(13) Eden regions: 55->0(74)
[2021-04-17T14:57:55.764-0700][gc,heap       ] GC(13) Survivor regions: 5->6(8)
[2021-04-17T14:57:55.764-0700][gc,heap       ] GC(13) Old regions: 16->16
[2021-04-17T14:57:55.764-0700][gc,heap       ] GC(13) Humongous regions: 129->129
[2021-04-17T14:57:55.764-0700][gc,metaspace  ] GC(13) Metaspace: 40563K->40563K(1085440K)
[2021-04-17T14:57:55.764-0700][gc            ] GC(13) Pause Young (Normal) (G1 Evacuation Pause) 202M->148M(1024M) 15.175ms
[2021-04-17T14:57:55.764-0700][gc,cpu        ] GC(13) User=0.07s Sys=0.00s Real=0.02s
[2021-04-17T14:58:20.082-0700][gc,start      ] GC(14) Pause Young (Normal) (G1 Evacuation Pause)
[2021-04-17T14:58:20.082-0700][gc,task       ] GC(14) Using 8 workers of 8 for evacuation
[2021-04-17T14:58:20.095-0700][gc,phases     ] GC(14)   Pre Evacuate Collection Set: 0.0ms
[2021-04-17T14:58:20.095-0700][gc,phases     ] GC(14)   Evacuate Collection Set: 11.5ms
[2021-04-17T14:58:20.095-0700][gc,phases     ] GC(14)   Post Evacuate Collection Set: 0.9ms
[2021-04-17T14:58:20.095-0700][gc,phases     ] GC(14)   Other: 0.4ms
[2021-04-17T14:58:20.095-0700][gc,heap       ] GC(14) Eden regions: 74->0(585)
[2021-04-17T14:58:20.095-0700][gc,heap       ] GC(14) Survivor regions: 6->6(10)
[2021-04-17T14:58:20.095-0700][gc,heap       ] GC(14) Old regions: 16->16
[2021-04-17T14:58:20.095-0700][gc,heap       ] GC(14) Humongous regions: 129->129
[2021-04-17T14:58:20.095-0700][gc,metaspace  ] GC(14) Metaspace: 40574K->40574K(1085440K)
[2021-04-17T14:58:20.095-0700][gc            ] GC(14) Pause Young (Normal) (G1 Evacuation Pause) 222M->149M(1024M) 13.088ms
[2021-04-17T14:58:20.095-0700][gc,cpu        ] GC(14) User=0.10s Sys=0.00s Real=0.01s
[2021-04-17T15:01:30.835-0700][gc,start      ] GC(15) Pause Young (Normal) (G1 Evacuation Pause)
[2021-04-17T15:01:30.835-0700][gc,task       ] GC(15) Using 8 workers of 8 for evacuation
[2021-04-17T15:01:30.857-0700][gc,mmu        ] GC(15) MMU target violated: 21.0ms (20.0ms/21.0ms)
[2021-04-17T15:01:30.857-0700][gc,phases     ] GC(15)   Pre Evacuate Collection Set: 0.0ms
[2021-04-17T15:01:30.857-0700][gc,phases     ] GC(15)   Evacuate Collection Set: 20.4ms
[2021-04-17T15:01:30.857-0700][gc,phases     ] GC(15)   Post Evacuate Collection Set: 1.4ms
[2021-04-17T15:01:30.857-0700][gc,phases     ] GC(15)   Other: 0.7ms
[2021-04-17T15:01:30.857-0700][gc,heap       ] GC(15) Eden regions: 585->0(147)
[2021-04-17T15:01:30.857-0700][gc,heap       ] GC(15) Survivor regions: 6->10(74)
[2021-04-17T15:01:30.857-0700][gc,heap       ] GC(15) Old regions: 16->16
[2021-04-17T15:01:30.857-0700][gc,heap       ] GC(15) Humongous regions: 129->129
[2021-04-17T15:01:30.857-0700][gc,metaspace  ] GC(15) Metaspace: 40737K->40737K(1087488K)
[2021-04-17T15:01:30.857-0700][gc            ] GC(15) Pause Young (Normal) (G1 Evacuation Pause) 734M->153M(1024M) 22.711ms
[2021-04-17T15:01:30.857-0700][gc,cpu        ] GC(15) User=0.17s Sys=0.00s Real=0.03s
[2021-04-17T15:02:18.808-0700][gc,start      ] GC(16) Pause Young (Normal) (G1 Evacuation Pause)
[2021-04-17T15:02:18.808-0700][gc,task       ] GC(16) Using 8 workers of 8 for evacuation
[2021-04-17T15:02:18.828-0700][gc,phases     ] GC(16)   Pre Evacuate Collection Set: 0.0ms
[2021-04-17T15:02:18.828-0700][gc,phases     ] GC(16)   Evacuate Collection Set: 17.9ms
[2021-04-17T15:02:18.828-0700][gc,phases     ] GC(16)   Post Evacuate Collection Set: 1.0ms
[2021-04-17T15:02:18.828-0700][gc,phases     ] GC(16)   Other: 0.4ms
[2021-04-17T15:02:18.828-0700][gc,heap       ] GC(16) Eden regions: 147->0(44)
[2021-04-17T15:02:18.828-0700][gc,heap       ] GC(16) Survivor regions: 10->11(20)
[2021-04-17T15:02:18.828-0700][gc,heap       ] GC(16) Old regions: 16->16
[2021-04-17T15:02:18.828-0700][gc,heap       ] GC(16) Humongous regions: 129->129
[2021-04-17T15:02:18.828-0700][gc,metaspace  ] GC(16) Metaspace: 40740K->40740K(1087488K)
[2021-04-17T15:02:18.828-0700][gc            ] GC(16) Pause Young (Normal) (G1 Evacuation Pause) 300M->154M(1024M) 19.600ms
[2021-04-17T15:02:18.828-0700][gc,cpu        ] GC(16) User=0.14s Sys=0.00s Real=0.02s
[2021-04-17T15:02:33.056-0700][gc,start      ] GC(17) Pause Young (Normal) (G1 Evacuation Pause)
[2021-04-17T15:02:33.056-0700][gc,task       ] GC(17) Using 8 workers of 8 for evacuation
[2021-04-17T15:02:33.081-0700][gc,mmu        ] GC(17) MMU target violated: 21.0ms (20.0ms/21.0ms)
[2021-04-17T15:02:33.082-0700][gc,phases     ] GC(17)   Pre Evacuate Collection Set: 0.1ms
[2021-04-17T15:02:33.082-0700][gc,phases     ] GC(17)   Evacuate Collection Set: 24.3ms
[2021-04-17T15:02:33.082-0700][gc,phases     ] GC(17)   Post Evacuate Collection Set: 0.4ms
[2021-04-17T15:02:33.082-0700][gc,phases     ] GC(17)   Other: 0.5ms
[2021-04-17T15:02:33.082-0700][gc,heap       ] GC(17) Eden regions: 44->0(74)
[2021-04-17T15:02:33.082-0700][gc,heap       ] GC(17) Survivor regions: 11->4(7)
[2021-04-17T15:02:33.082-0700][gc,heap       ] GC(17) Old regions: 16->25
[2021-04-17T15:02:33.082-0700][gc,heap       ] GC(17) Humongous regions: 129->129
[2021-04-17T15:02:33.082-0700][gc,metaspace  ] GC(17) Metaspace: 40744K->40744K(1087488K)
[2021-04-17T15:02:33.082-0700][gc            ] GC(17) Pause Young (Normal) (G1 Evacuation Pause) 198M->156M(1024M) 25.375ms
[2021-04-17T15:02:33.082-0700][gc,cpu        ] GC(17) User=0.17s Sys=0.01s Real=0.03s
[2021-04-17T15:02:57.121-0700][gc,start      ] GC(18) Pause Young (Normal) (G1 Evacuation Pause)
[2021-04-17T15:02:57.121-0700][gc,task       ] GC(18) Using 8 workers of 8 for evacuation
[2021-04-17T15:02:57.131-0700][gc,phases     ] GC(18)   Pre Evacuate Collection Set: 0.0ms
[2021-04-17T15:02:57.131-0700][gc,phases     ] GC(18)   Evacuate Collection Set: 8.3ms
[2021-04-17T15:02:57.131-0700][gc,phases     ] GC(18)   Post Evacuate Collection Set: 0.7ms
[2021-04-17T15:02:57.131-0700][gc,phases     ] GC(18)   Other: 0.4ms
[2021-04-17T15:02:57.131-0700][gc,heap       ] GC(18) Eden regions: 74->0(85)
[2021-04-17T15:02:57.131-0700][gc,heap       ] GC(18) Survivor regions: 4->4(10)
[2021-04-17T15:02:57.131-0700][gc,heap       ] GC(18) Old regions: 25->25
[2021-04-17T15:02:57.131-0700][gc,heap       ] GC(18) Humongous regions: 129->129
[2021-04-17T15:02:57.131-0700][gc,metaspace  ] GC(18) Metaspace: 40744K->40744K(1087488K)
[2021-04-17T15:02:57.131-0700][gc            ] GC(18) Pause Young (Normal) (G1 Evacuation Pause) 230M->155M(1024M) 9.780ms
[2021-04-17T15:02:57.131-0700][gc,cpu        ] GC(18) User=0.07s Sys=0.00s Real=0.01s
[2021-04-17T15:03:24.737-0700][gc,start      ] GC(19) Pause Young (Normal) (G1 Evacuation Pause)
[2021-04-17T15:03:24.737-0700][gc,task       ] GC(19) Using 8 workers of 8 for evacuation
[2021-04-17T15:03:24.746-0700][gc,phases     ] GC(19)   Pre Evacuate Collection Set: 0.0ms
[2021-04-17T15:03:24.746-0700][gc,phases     ] GC(19)   Evacuate Collection Set: 8.3ms
[2021-04-17T15:03:24.746-0700][gc,phases     ] GC(19)   Post Evacuate Collection Set: 0.7ms
[2021-04-17T15:03:24.746-0700][gc,phases     ] GC(19)   Other: 0.4ms
[2021-04-17T15:03:24.746-0700][gc,heap       ] GC(19) Eden regions: 85->0(97)
[2021-04-17T15:03:24.746-0700][gc,heap       ] GC(19) Survivor regions: 4->4(12)
[2021-04-17T15:03:24.746-0700][gc,heap       ] GC(19) Old regions: 25->25
[2021-04-17T15:03:24.746-0700][gc,heap       ] GC(19) Humongous regions: 129->129
[2021-04-17T15:03:24.746-0700][gc,metaspace  ] GC(19) Metaspace: 40745K->40745K(1087488K)
[2021-04-17T15:03:24.746-0700][gc            ] GC(19) Pause Young (Normal) (G1 Evacuation Pause) 240M->156M(1024M) 9.720ms
[2021-04-17T15:03:24.746-0700][gc,cpu        ] GC(19) User=0.06s Sys=0.01s Real=0.01s
[2021-04-17T15:03:55.965-0700][gc,start      ] GC(20) Pause Young (Normal) (G1 Evacuation Pause)
[2021-04-17T15:03:55.965-0700][gc,task       ] GC(20) Using 8 workers of 8 for evacuation
[2021-04-17T15:03:55.975-0700][gc,phases     ] GC(20)   Pre Evacuate Collection Set: 0.0ms
[2021-04-17T15:03:55.975-0700][gc,phases     ] GC(20)   Evacuate Collection Set: 8.8ms
[2021-04-17T15:03:55.975-0700][gc,phases     ] GC(20)   Post Evacuate Collection Set: 0.9ms
[2021-04-17T15:03:55.975-0700][gc,phases     ] GC(20)   Other: 0.4ms
[2021-04-17T15:03:55.975-0700][gc,heap       ] GC(20) Eden regions: 96->0(104)
[2021-04-17T15:03:55.975-0700][gc,heap       ] GC(20) Survivor regions: 4->4(13)
[2021-04-17T15:03:55.975-0700][gc,heap       ] GC(20) Old regions: 25->25
[2021-04-17T15:03:55.975-0700][gc,heap       ] GC(20) Humongous regions: 129->129
[2021-04-17T15:03:55.975-0700][gc,metaspace  ] GC(20) Metaspace: 40749K->40749K(1087488K)
[2021-04-17T15:03:55.975-0700][gc            ] GC(20) Pause Young (Normal) (G1 Evacuation Pause) 252M->156M(1024M) 10.336ms
[2021-04-17T15:03:55.975-0700][gc,cpu        ] GC(20) User=0.08s Sys=0.00s Real=0.01s
[2021-04-17T15:04:29.224-0700][gc,start      ] GC(21) Pause Young (Normal) (G1 Evacuation Pause)
[2021-04-17T15:04:29.224-0700][gc,task       ] GC(21) Using 8 workers of 8 for evacuation
[2021-04-17T15:04:29.236-0700][gc,phases     ] GC(21)   Pre Evacuate Collection Set: 0.0ms
[2021-04-17T15:04:29.236-0700][gc,phases     ] GC(21)   Evacuate Collection Set: 10.4ms
[2021-04-17T15:04:29.236-0700][gc,phases     ] GC(21)   Post Evacuate Collection Set: 0.9ms
[2021-04-17T15:04:29.236-0700][gc,phases     ] GC(21)   Other: 0.4ms
[2021-04-17T15:04:29.236-0700][gc,heap       ] GC(21) Eden regions: 104->0(106)
[2021-04-17T15:04:29.236-0700][gc,heap       ] GC(21) Survivor regions: 4->5(14)
[2021-04-17T15:04:29.236-0700][gc,heap       ] GC(21) Old regions: 25->25
[2021-04-17T15:04:29.236-0700][gc,heap       ] GC(21) Humongous regions: 129->129
[2021-04-17T15:04:29.236-0700][gc,metaspace  ] GC(21) Metaspace: 40776K->40776K(1087488K)
[2021-04-17T15:04:29.236-0700][gc            ] GC(21) Pause Young (Normal) (G1 Evacuation Pause) 260M->157M(1024M) 11.965ms
[2021-04-17T15:04:29.236-0700][gc,cpu        ] GC(21) User=0.09s Sys=0.00s Real=0.01s
[2021-04-17T15:05:03.741-0700][gc,start      ] GC(22) Pause Young (Normal) (G1 Evacuation Pause)
[2021-04-17T15:05:03.741-0700][gc,task       ] GC(22) Using 8 workers of 8 for evacuation
[2021-04-17T15:05:03.755-0700][gc,phases     ] GC(22)   Pre Evacuate Collection Set: 0.0ms
[2021-04-17T15:05:03.755-0700][gc,phases     ] GC(22)   Evacuate Collection Set: 13.2ms
[2021-04-17T15:05:03.755-0700][gc,phases     ] GC(22)   Post Evacuate Collection Set: 0.9ms
[2021-04-17T15:05:03.755-0700][gc,phases     ] GC(22)   Other: 0.4ms
[2021-04-17T15:05:03.755-0700][gc,heap       ] GC(22) Eden regions: 106->0(107)
[2021-04-17T15:05:03.755-0700][gc,heap       ] GC(22) Survivor regions: 5->7(14)
[2021-04-17T15:05:03.755-0700][gc,heap       ] GC(22) Old regions: 25->25
[2021-04-17T15:05:03.755-0700][gc,heap       ] GC(22) Humongous regions: 129->129
[2021-04-17T15:05:03.755-0700][gc,metaspace  ] GC(22) Metaspace: 40776K->40776K(1087488K)
[2021-04-17T15:05:03.756-0700][gc            ] GC(22) Pause Young (Normal) (G1 Evacuation Pause) 263M->158M(1024M) 14.780ms
[2021-04-17T15:05:03.756-0700][gc,cpu        ] GC(22) User=0.11s Sys=0.00s Real=0.01s
[2021-04-17T15:05:38.610-0700][gc,start      ] GC(23) Pause Young (Normal) (G1 Evacuation Pause)
[2021-04-17T15:05:38.610-0700][gc,task       ] GC(23) Using 8 workers of 8 for evacuation
[2021-04-17T15:05:38.625-0700][gc,phases     ] GC(23)   Pre Evacuate Collection Set: 0.0ms
[2021-04-17T15:05:38.625-0700][gc,phases     ] GC(23)   Evacuate Collection Set: 13.6ms
[2021-04-17T15:05:38.625-0700][gc,phases     ] GC(23)   Post Evacuate Collection Set: 0.9ms
[2021-04-17T15:05:38.625-0700][gc,phases     ] GC(23)   Other: 0.5ms
[2021-04-17T15:05:38.625-0700][gc,heap       ] GC(23) Eden regions: 107->0(107)
[2021-04-17T15:05:38.625-0700][gc,heap       ] GC(23) Survivor regions: 7->7(15)
[2021-04-17T15:05:38.625-0700][gc,heap       ] GC(23) Old regions: 25->25
[2021-04-17T15:05:38.625-0700][gc,heap       ] GC(23) Humongous regions: 129->129
[2021-04-17T15:05:38.625-0700][gc,metaspace  ] GC(23) Metaspace: 40780K->40780K(1087488K)
[2021-04-17T15:05:38.625-0700][gc            ] GC(23) Pause Young (Normal) (G1 Evacuation Pause) 265M->159M(1024M) 15.189ms
[2021-04-17T15:05:38.625-0700][gc,cpu        ] GC(23) User=0.11s Sys=0.00s Real=0.01s
[2021-04-17T15:06:13.449-0700][gc,start      ] GC(24) Pause Young (Normal) (G1 Evacuation Pause)
[2021-04-17T15:06:13.449-0700][gc,task       ] GC(24) Using 8 workers of 8 for evacuation
[2021-04-17T15:06:13.456-0700][gc,phases     ] GC(24)   Pre Evacuate Collection Set: 0.0ms
[2021-04-17T15:06:13.456-0700][gc,phases     ] GC(24)   Evacuate Collection Set: 6.0ms
[2021-04-17T15:06:13.456-0700][gc,phases     ] GC(24)   Post Evacuate Collection Set: 0.4ms
[2021-04-17T15:06:13.456-0700][gc,phases     ] GC(24)   Other: 0.2ms
[2021-04-17T15:06:13.456-0700][gc,heap       ] GC(24) Eden regions: 107->0(112)
[2021-04-17T15:06:13.456-0700][gc,heap       ] GC(24) Survivor regions: 7->9(15)
[2021-04-17T15:06:13.456-0700][gc,heap       ] GC(24) Old regions: 25->25
[2021-04-17T15:06:13.456-0700][gc,heap       ] GC(24) Humongous regions: 129->129
[2021-04-17T15:06:13.456-0700][gc,metaspace  ] GC(24) Metaspace: 40783K->40783K(1087488K)
[2021-04-17T15:06:13.456-0700][gc            ] GC(24) Pause Young (Normal) (G1 Evacuation Pause) 266M->160M(1024M) 6.762ms
[2021-04-17T15:06:13.456-0700][gc,cpu        ] GC(24) User=0.04s Sys=0.01s Real=0.00s
[2021-04-17T15:06:50.020-0700][gc,start      ] GC(25) Pause Young (Normal) (G1 Evacuation Pause)
[2021-04-17T15:06:50.020-0700][gc,task       ] GC(25) Using 8 workers of 8 for evacuation
[2021-04-17T15:06:50.038-0700][gc,phases     ] GC(25)   Pre Evacuate Collection Set: 0.0ms
[2021-04-17T15:06:50.038-0700][gc,phases     ] GC(25)   Evacuate Collection Set: 16.4ms
[2021-04-17T15:06:50.038-0700][gc,phases     ] GC(25)   Post Evacuate Collection Set: 1.0ms
[2021-04-17T15:06:50.038-0700][gc,phases     ] GC(25)   Other: 0.4ms
[2021-04-17T15:06:50.038-0700][gc,heap       ] GC(25) Eden regions: 112->0(110)
[2021-04-17T15:06:50.038-0700][gc,heap       ] GC(25) Survivor regions: 9->10(16)
[2021-04-17T15:06:50.038-0700][gc,heap       ] GC(25) Old regions: 25->25
[2021-04-17T15:06:50.038-0700][gc,heap       ] GC(25) Humongous regions: 129->129
[2021-04-17T15:06:50.038-0700][gc,metaspace  ] GC(25) Metaspace: 40785K->40785K(1087488K)
[2021-04-17T15:06:50.038-0700][gc            ] GC(25) Pause Young (Normal) (G1 Evacuation Pause) 272M->161M(1024M) 18.082ms
[2021-04-17T15:06:50.038-0700][gc,cpu        ] GC(25) User=0.13s Sys=0.00s Real=0.02s
[2021-04-17T15:07:25.747-0700][gc,start      ] GC(26) Pause Young (Normal) (G1 Evacuation Pause)
[2021-04-17T15:07:25.747-0700][gc,task       ] GC(26) Using 8 workers of 8 for evacuation
[2021-04-17T15:07:25.767-0700][gc,phases     ] GC(26)   Pre Evacuate Collection Set: 0.0ms
[2021-04-17T15:07:25.767-0700][gc,phases     ] GC(26)   Evacuate Collection Set: 18.3ms
[2021-04-17T15:07:25.767-0700][gc,phases     ] GC(26)   Post Evacuate Collection Set: 1.0ms
[2021-04-17T15:07:25.767-0700][gc,phases     ] GC(26)   Other: 0.4ms
[2021-04-17T15:07:25.767-0700][gc,heap       ] GC(26) Eden regions: 110->0(109)
[2021-04-17T15:07:25.767-0700][gc,heap       ] GC(26) Survivor regions: 10->9(15)
[2021-04-17T15:07:25.767-0700][gc,heap       ] GC(26) Old regions: 25->27
[2021-04-17T15:07:25.767-0700][gc,heap       ] GC(26) Humongous regions: 129->129
[2021-04-17T15:07:25.767-0700][gc,metaspace  ] GC(26) Metaspace: 40791K->40791K(1087488K)
[2021-04-17T15:07:25.767-0700][gc            ] GC(26) Pause Young (Normal) (G1 Evacuation Pause) 271M->162M(1024M) 19.996ms
[2021-04-17T15:07:25.767-0700][gc,cpu        ] GC(26) User=0.15s Sys=0.00s Real=0.02s
[2021-04-17T15:08:01.077-0700][gc,start      ] GC(27) Pause Young (Normal) (G1 Evacuation Pause)
[2021-04-17T15:08:01.077-0700][gc,task       ] GC(27) Using 8 workers of 8 for evacuation
[2021-04-17T15:08:01.096-0700][gc,phases     ] GC(27)   Pre Evacuate Collection Set: 0.1ms
[2021-04-17T15:08:01.096-0700][gc,phases     ] GC(27)   Evacuate Collection Set: 17.3ms
[2021-04-17T15:08:01.096-0700][gc,phases     ] GC(27)   Post Evacuate Collection Set: 0.9ms
[2021-04-17T15:08:01.096-0700][gc,phases     ] GC(27)   Other: 0.5ms
[2021-04-17T15:08:01.096-0700][gc,heap       ] GC(27) Eden regions: 109->0(110)
[2021-04-17T15:08:01.096-0700][gc,heap       ] GC(27) Survivor regions: 9->9(15)
[2021-04-17T15:08:01.096-0700][gc,heap       ] GC(27) Old regions: 27->27
[2021-04-17T15:08:01.096-0700][gc,heap       ] GC(27) Humongous regions: 129->129
[2021-04-17T15:08:01.096-0700][gc,metaspace  ] GC(27) Metaspace: 40797K->40797K(1087488K)
[2021-04-17T15:08:01.096-0700][gc            ] GC(27) Pause Young (Normal) (G1 Evacuation Pause) 271M->162M(1024M) 18.914ms
[2021-04-17T15:08:01.096-0700][gc,cpu        ] GC(27) User=0.14s Sys=0.00s Real=0.01s
[2021-04-17T15:08:36.881-0700][gc,start      ] GC(28) Pause Young (Normal) (G1 Evacuation Pause)
[2021-04-17T15:08:36.881-0700][gc,task       ] GC(28) Using 8 workers of 8 for evacuation
[2021-04-17T15:08:36.907-0700][gc,mmu        ] GC(28) MMU target violated: 21.0ms (20.0ms/21.0ms)
[2021-04-17T15:08:36.907-0700][gc,phases     ] GC(28)   Pre Evacuate Collection Set: 0.0ms
[2021-04-17T15:08:36.907-0700][gc,phases     ] GC(28)   Evacuate Collection Set: 24.2ms
[2021-04-17T15:08:36.907-0700][gc,phases     ] GC(28)   Post Evacuate Collection Set: 1.1ms
[2021-04-17T15:08:36.907-0700][gc,phases     ] GC(28)   Other: 0.6ms
[2021-04-17T15:08:36.907-0700][gc,heap       ] GC(28) Eden regions: 110->0(85)
[2021-04-17T15:08:36.907-0700][gc,heap       ] GC(28) Survivor regions: 9->10(15)
[2021-04-17T15:08:36.907-0700][gc,heap       ] GC(28) Old regions: 27->27
[2021-04-17T15:08:36.907-0700][gc,heap       ] GC(28) Humongous regions: 129->129
[2021-04-17T15:08:36.907-0700][gc,metaspace  ] GC(28) Metaspace: 40797K->40797K(1087488K)
[2021-04-17T15:08:36.907-0700][gc            ] GC(28) Pause Young (Normal) (G1 Evacuation Pause) 272M->164M(1024M) 26.117ms
[2021-04-17T15:08:36.907-0700][gc,cpu        ] GC(28) User=0.16s Sys=0.00s Real=0.02s
[2021-04-17T15:09:04.158-0700][gc,start      ] GC(29) Pause Young (Normal) (G1 Evacuation Pause)
[2021-04-17T15:09:04.158-0700][gc,task       ] GC(29) Using 8 workers of 8 for evacuation
[2021-04-17T15:09:04.169-0700][gc,phases     ] GC(29)   Pre Evacuate Collection Set: 0.0ms
[2021-04-17T15:09:04.169-0700][gc,phases     ] GC(29)   Evacuate Collection Set: 9.6ms
[2021-04-17T15:09:04.169-0700][gc,phases     ] GC(29)   Post Evacuate Collection Set: 0.4ms
[2021-04-17T15:09:04.169-0700][gc,phases     ] GC(29)   Other: 0.4ms
[2021-04-17T15:09:04.169-0700][gc,heap       ] GC(29) Eden regions: 84->0(106)
[2021-04-17T15:09:04.169-0700][gc,heap       ] GC(29) Survivor regions: 10->8(12)
[2021-04-17T15:09:04.169-0700][gc,heap       ] GC(29) Old regions: 27->30
[2021-04-17T15:09:04.169-0700][gc,heap       ] GC(29) Humongous regions: 129->129
[2021-04-17T15:09:04.169-0700][gc,metaspace  ] GC(29) Metaspace: 40799K->40799K(1087488K)
[2021-04-17T15:09:04.169-0700][gc            ] GC(29) Pause Young (Normal) (G1 Evacuation Pause) 248M->165M(1024M) 10.419ms
[2021-04-17T15:09:04.169-0700][gc,cpu        ] GC(29) User=0.07s Sys=0.01s Real=0.01s
[2021-04-17T15:09:38.300-0700][gc,start      ] GC(30) Pause Young (Normal) (G1 Evacuation Pause)
[2021-04-17T15:09:38.300-0700][gc,task       ] GC(30) Using 8 workers of 8 for evacuation
[2021-04-17T15:09:38.316-0700][gc,phases     ] GC(30)   Pre Evacuate Collection Set: 0.1ms
[2021-04-17T15:09:38.317-0700][gc,phases     ] GC(30)   Evacuate Collection Set: 15.2ms
[2021-04-17T15:09:38.317-0700][gc,phases     ] GC(30)   Post Evacuate Collection Set: 1.0ms
[2021-04-17T15:09:38.317-0700][gc,phases     ] GC(30)   Other: 0.5ms
[2021-04-17T15:09:38.317-0700][gc,heap       ] GC(30) Eden regions: 106->0(109)
[2021-04-17T15:09:38.317-0700][gc,heap       ] GC(30) Survivor regions: 8->8(15)
[2021-04-17T15:09:38.317-0700][gc,heap       ] GC(30) Old regions: 30->30
[2021-04-17T15:09:38.317-0700][gc,heap       ] GC(30) Humongous regions: 129->129
[2021-04-17T15:09:38.317-0700][gc,metaspace  ] GC(30) Metaspace: 40817K->40817K(1087488K)
[2021-04-17T15:09:38.317-0700][gc            ] GC(30) Pause Young (Normal) (G1 Evacuation Pause) 271M->164M(1024M) 17.079ms
[2021-04-17T15:09:38.317-0700][gc,cpu        ] GC(30) User=0.12s Sys=0.00s Real=0.02s
[2021-04-17T15:10:13.878-0700][gc,start      ] GC(31) Pause Young (Normal) (G1 Evacuation Pause)
[2021-04-17T15:10:13.878-0700][gc,task       ] GC(31) Using 8 workers of 8 for evacuation
[2021-04-17T15:10:13.896-0700][gc,phases     ] GC(31)   Pre Evacuate Collection Set: 0.0ms
[2021-04-17T15:10:13.897-0700][gc,phases     ] GC(31)   Evacuate Collection Set: 17.6ms
[2021-04-17T15:10:13.897-0700][gc,phases     ] GC(31)   Post Evacuate Collection Set: 1.0ms
[2021-04-17T15:10:13.897-0700][gc,phases     ] GC(31)   Other: 0.4ms
[2021-04-17T15:10:13.897-0700][gc,heap       ] GC(31) Eden regions: 109->0(105)
[2021-04-17T15:10:13.897-0700][gc,heap       ] GC(31) Survivor regions: 8->10(15)
[2021-04-17T15:10:13.897-0700][gc,heap       ] GC(31) Old regions: 30->30
[2021-04-17T15:10:13.897-0700][gc,heap       ] GC(31) Humongous regions: 129->129
[2021-04-17T15:10:13.897-0700][gc,metaspace  ] GC(31) Metaspace: 40819K->40819K(1087488K)
[2021-04-17T15:10:13.897-0700][gc            ] GC(31) Pause Young (Normal) (G1 Evacuation Pause) 273M->166M(1024M) 19.253ms
[2021-04-17T15:10:13.897-0700][gc,cpu        ] GC(31) User=0.14s Sys=0.00s Real=0.02s
[2021-04-17T15:10:48.050-0700][gc,start      ] GC(32) Pause Young (Normal) (G1 Evacuation Pause)
[2021-04-17T15:10:48.051-0700][gc,task       ] GC(32) Using 8 workers of 8 for evacuation
[2021-04-17T15:10:48.070-0700][gc,phases     ] GC(32)   Pre Evacuate Collection Set: 0.0ms
[2021-04-17T15:10:48.070-0700][gc,phases     ] GC(32)   Evacuate Collection Set: 17.8ms
[2021-04-17T15:10:48.070-0700][gc,phases     ] GC(32)   Post Evacuate Collection Set: 1.0ms
[2021-04-17T15:10:48.070-0700][gc,phases     ] GC(32)   Other: 0.5ms
[2021-04-17T15:10:48.070-0700][gc,heap       ] GC(32) Eden regions: 105->0(111)
[2021-04-17T15:10:48.070-0700][gc,heap       ] GC(32) Survivor regions: 10->8(15)
[2021-04-17T15:10:48.070-0700][gc,heap       ] GC(32) Old regions: 30->32
[2021-04-17T15:10:48.070-0700][gc,heap       ] GC(32) Humongous regions: 129->129
[2021-04-17T15:10:48.070-0700][gc,metaspace  ] GC(32) Metaspace: 40833K->40833K(1087488K)
[2021-04-17T15:10:48.070-0700][gc            ] GC(32) Pause Young (Normal) (G1 Evacuation Pause) 271M->166M(1024M) 19.541ms
[2021-04-17T15:10:48.070-0700][gc,cpu        ] GC(32) User=0.14s Sys=0.00s Real=0.02s
[2021-04-17T15:11:24.313-0700][gc,start      ] GC(33) Pause Young (Normal) (G1 Evacuation Pause)
[2021-04-17T15:11:24.313-0700][gc,task       ] GC(33) Using 8 workers of 8 for evacuation
[2021-04-17T15:11:24.334-0700][gc,mmu        ] GC(33) MMU target violated: 21.0ms (20.0ms/21.0ms)
[2021-04-17T15:11:24.334-0700][gc,phases     ] GC(33)   Pre Evacuate Collection Set: 0.0ms
[2021-04-17T15:11:24.334-0700][gc,phases     ] GC(33)   Evacuate Collection Set: 19.9ms
[2021-04-17T15:11:24.334-0700][gc,phases     ] GC(33)   Post Evacuate Collection Set: 1.1ms
[2021-04-17T15:11:24.334-0700][gc,phases     ] GC(33)   Other: 0.5ms
[2021-04-17T15:11:24.334-0700][gc,heap       ] GC(33) Eden regions: 111->0(109)
[2021-04-17T15:11:24.334-0700][gc,heap       ] GC(33) Survivor regions: 8->8(15)
[2021-04-17T15:11:24.334-0700][gc,heap       ] GC(33) Old regions: 32->32
[2021-04-17T15:11:24.335-0700][gc,heap       ] GC(33) Humongous regions: 129->129
[2021-04-17T15:11:24.335-0700][gc,metaspace  ] GC(33) Metaspace: 40834K->40834K(1087488K)
[2021-04-17T15:11:24.335-0700][gc            ] GC(33) Pause Young (Normal) (G1 Evacuation Pause) 277M->167M(1024M) 21.685ms
[2021-04-17T15:11:24.335-0700][gc,cpu        ] GC(33) User=0.15s Sys=0.00s Real=0.02s
[2021-04-17T15:11:59.685-0700][gc,start      ] GC(34) Pause Young (Normal) (G1 Evacuation Pause)
[2021-04-17T15:11:59.685-0700][gc,task       ] GC(34) Using 8 workers of 8 for evacuation
[2021-04-17T15:11:59.692-0700][gc,phases     ] GC(34)   Pre Evacuate Collection Set: 0.0ms
[2021-04-17T15:11:59.692-0700][gc,phases     ] GC(34)   Evacuate Collection Set: 6.2ms
[2021-04-17T15:11:59.692-0700][gc,phases     ] GC(34)   Post Evacuate Collection Set: 0.5ms
[2021-04-17T15:11:59.692-0700][gc,phases     ] GC(34)   Other: 0.2ms
[2021-04-17T15:11:59.692-0700][gc,heap       ] GC(34) Eden regions: 109->0(112)
[2021-04-17T15:11:59.692-0700][gc,heap       ] GC(34) Survivor regions: 8->10(15)
[2021-04-17T15:11:59.692-0700][gc,heap       ] GC(34) Old regions: 32->32
[2021-04-17T15:11:59.692-0700][gc,heap       ] GC(34) Humongous regions: 129->129
[2021-04-17T15:11:59.692-0700][gc,metaspace  ] GC(34) Metaspace: 40835K->40835K(1087488K)
[2021-04-17T15:11:59.692-0700][gc            ] GC(34) Pause Young (Normal) (G1 Evacuation Pause) 276M->169M(1024M) 6.966ms
[2021-04-17T15:11:59.692-0700][gc,cpu        ] GC(34) User=0.05s Sys=0.01s Real=0.01s
[2021-04-17T15:12:36.174-0700][gc,start      ] GC(35) Pause Young (Normal) (G1 Evacuation Pause)
[2021-04-17T15:12:36.174-0700][gc,task       ] GC(35) Using 8 workers of 8 for evacuation
[2021-04-17T15:12:36.196-0700][gc,mmu        ] GC(35) MMU target violated: 21.0ms (20.0ms/21.0ms)
[2021-04-17T15:12:36.197-0700][gc,phases     ] GC(35)   Pre Evacuate Collection Set: 0.0ms
[2021-04-17T15:12:36.197-0700][gc,phases     ] GC(35)   Evacuate Collection Set: 20.9ms
[2021-04-17T15:12:36.197-0700][gc,phases     ] GC(35)   Post Evacuate Collection Set: 1.0ms
[2021-04-17T15:12:36.197-0700][gc,phases     ] GC(35)   Other: 0.5ms
[2021-04-17T15:12:36.197-0700][gc,heap       ] GC(35) Eden regions: 112->0(108)
[2021-04-17T15:12:36.197-0700][gc,heap       ] GC(35) Survivor regions: 10->9(16)
[2021-04-17T15:12:36.197-0700][gc,heap       ] GC(35) Old regions: 32->34
[2021-04-17T15:12:36.197-0700][gc,heap       ] GC(35) Humongous regions: 129->129
[2021-04-17T15:12:36.197-0700][gc,metaspace  ] GC(35) Metaspace: 40837K->40837K(1087488K)
[2021-04-17T15:12:36.197-0700][gc            ] GC(35) Pause Young (Normal) (G1 Evacuation Pause) 281M->169M(1024M) 22.680ms
[2021-04-17T15:12:36.197-0700][gc,cpu        ] GC(35) User=0.17s Sys=0.00s Real=0.03s
[2021-04-17T15:13:11.156-0700][gc,start      ] GC(36) Pause Young (Normal) (G1 Evacuation Pause)
[2021-04-17T15:13:11.156-0700][gc,task       ] GC(36) Using 8 workers of 8 for evacuation
[2021-04-17T15:13:11.176-0700][gc,mmu        ] GC(36) MMU target violated: 20.3ms (20.0ms/21.0ms)
[2021-04-17T15:13:11.176-0700][gc,phases     ] GC(36)   Pre Evacuate Collection Set: 0.0ms
[2021-04-17T15:13:11.176-0700][gc,phases     ] GC(36)   Evacuate Collection Set: 19.1ms
[2021-04-17T15:13:11.176-0700][gc,phases     ] GC(36)   Post Evacuate Collection Set: 1.0ms
[2021-04-17T15:13:11.176-0700][gc,phases     ] GC(36)   Other: 0.5ms
[2021-04-17T15:13:11.176-0700][gc,heap       ] GC(36) Eden regions: 107->0(110)
[2021-04-17T15:13:11.176-0700][gc,heap       ] GC(36) Survivor regions: 9->8(15)
[2021-04-17T15:13:11.176-0700][gc,heap       ] GC(36) Old regions: 34->35
[2021-04-17T15:13:11.176-0700][gc,heap       ] GC(36) Humongous regions: 129->129
[2021-04-17T15:13:11.176-0700][gc,metaspace  ] GC(36) Metaspace: 40837K->40837K(1087488K)
[2021-04-17T15:13:11.176-0700][gc            ] GC(36) Pause Young (Normal) (G1 Evacuation Pause) 276M->170M(1024M) 20.820ms
[2021-04-17T15:13:11.176-0700][gc,cpu        ] GC(36) User=0.15s Sys=0.00s Real=0.02s
[2021-04-17T15:13:46.638-0700][gc,start      ] GC(37) Pause Young (Normal) (G1 Evacuation Pause)
[2021-04-17T15:13:46.638-0700][gc,task       ] GC(37) Using 8 workers of 8 for evacuation
[2021-04-17T15:13:46.657-0700][gc,phases     ] GC(37)   Pre Evacuate Collection Set: 0.0ms
[2021-04-17T15:13:46.657-0700][gc,phases     ] GC(37)   Evacuate Collection Set: 17.6ms
[2021-04-17T15:13:46.657-0700][gc,phases     ] GC(37)   Post Evacuate Collection Set: 1.1ms
[2021-04-17T15:13:46.657-0700][gc,phases     ] GC(37)   Other: 0.4ms
[2021-04-17T15:13:46.658-0700][gc,heap       ] GC(37) Eden regions: 109->0(108)
[2021-04-17T15:13:46.658-0700][gc,heap       ] GC(37) Survivor regions: 8->10(15)
[2021-04-17T15:13:46.658-0700][gc,heap       ] GC(37) Old regions: 35->35
[2021-04-17T15:13:46.658-0700][gc,heap       ] GC(37) Humongous regions: 129->129
[2021-04-17T15:13:46.658-0700][gc,metaspace  ] GC(37) Metaspace: 40841K->40841K(1087488K)
[2021-04-17T15:13:46.658-0700][gc            ] GC(37) Pause Young (Normal) (G1 Evacuation Pause) 279M->171M(1024M) 19.314ms
[2021-04-17T15:13:46.658-0700][gc,cpu        ] GC(37) User=0.14s Sys=0.00s Real=0.02s
[2021-04-17T15:14:13.843-0700][gc,start      ] GC(38) Pause Young (Normal) (G1 Evacuation Pause)
[2021-04-17T15:14:13.843-0700][gc,task       ] GC(38) Using 8 workers of 8 for evacuation
[2021-04-17T15:14:13.863-0700][gc,phases     ] GC(38)   Pre Evacuate Collection Set: 0.0ms
[2021-04-17T15:14:13.863-0700][gc,phases     ] GC(38)   Evacuate Collection Set: 18.8ms
[2021-04-17T15:14:13.863-0700][gc,phases     ] GC(38)   Post Evacuate Collection Set: 0.9ms
[2021-04-17T15:14:13.863-0700][gc,phases     ] GC(38)   Other: 0.4ms
[2021-04-17T15:14:13.863-0700][gc,heap       ] GC(38) Eden regions: 84->0(113)
[2021-04-17T15:14:13.863-0700][gc,heap       ] GC(38) Survivor regions: 10->7(12)
[2021-04-17T15:14:13.863-0700][gc,heap       ] GC(38) Old regions: 35->39
[2021-04-17T15:14:13.863-0700][gc,heap       ] GC(38) Humongous regions: 129->129
[2021-04-17T15:14:13.863-0700][gc,metaspace  ] GC(38) Metaspace: 40841K->40841K(1087488K)
[2021-04-17T15:14:13.863-0700][gc            ] GC(38) Pause Young (Normal) (G1 Evacuation Pause) 255M->172M(1024M) 20.291ms
[2021-04-17T15:14:13.863-0700][gc,cpu        ] GC(38) User=0.15s Sys=0.00s Real=0.02s
[2021-04-17T15:14:50.248-0700][gc,start      ] GC(39) Pause Young (Normal) (G1 Evacuation Pause)
[2021-04-17T15:14:50.248-0700][gc,task       ] GC(39) Using 8 workers of 8 for evacuation
[2021-04-17T15:14:50.253-0700][gc,phases     ] GC(39)   Pre Evacuate Collection Set: 0.0ms
[2021-04-17T15:14:50.253-0700][gc,phases     ] GC(39)   Evacuate Collection Set: 4.9ms
[2021-04-17T15:14:50.253-0700][gc,phases     ] GC(39)   Post Evacuate Collection Set: 0.4ms
[2021-04-17T15:14:50.253-0700][gc,phases     ] GC(39)   Other: 0.2ms
[2021-04-17T15:14:50.253-0700][gc,heap       ] GC(39) Eden regions: 113->0(127)
[2021-04-17T15:14:50.253-0700][gc,heap       ] GC(39) Survivor regions: 7->8(15)
[2021-04-17T15:14:50.253-0700][gc,heap       ] GC(39) Old regions: 39->39
[2021-04-17T15:14:50.253-0700][gc,heap       ] GC(39) Humongous regions: 129->129
[2021-04-17T15:14:50.253-0700][gc,metaspace  ] GC(39) Metaspace: 40846K->40846K(1087488K)
[2021-04-17T15:14:50.253-0700][gc            ] GC(39) Pause Young (Normal) (G1 Evacuation Pause) 285M->172M(1024M) 5.701ms
[2021-04-17T15:14:50.253-0700][gc,cpu        ] GC(39) User=0.03s Sys=0.00s Real=0.01s
[2021-04-17T15:15:31.798-0700][gc,start      ] GC(40) Pause Young (Normal) (G1 Evacuation Pause)
[2021-04-17T15:15:31.799-0700][gc,task       ] GC(40) Using 8 workers of 8 for evacuation
[2021-04-17T15:15:31.816-0700][gc,phases     ] GC(40)   Pre Evacuate Collection Set: 0.0ms
[2021-04-17T15:15:31.816-0700][gc,phases     ] GC(40)   Evacuate Collection Set: 16.6ms
[2021-04-17T15:15:31.816-0700][gc,phases     ] GC(40)   Post Evacuate Collection Set: 0.8ms
[2021-04-17T15:15:31.816-0700][gc,phases     ] GC(40)   Other: 0.4ms
[2021-04-17T15:15:31.816-0700][gc,heap       ] GC(40) Eden regions: 127->0(122)
[2021-04-17T15:15:31.816-0700][gc,heap       ] GC(40) Survivor regions: 8->9(17)
[2021-04-17T15:15:31.816-0700][gc,heap       ] GC(40) Old regions: 39->39
[2021-04-17T15:15:31.817-0700][gc,heap       ] GC(40) Humongous regions: 129->129
[2021-04-17T15:15:31.817-0700][gc,metaspace  ] GC(40) Metaspace: 40850K->40850K(1087488K)
[2021-04-17T15:15:31.817-0700][gc            ] GC(40) Pause Young (Normal) (G1 Evacuation Pause) 299M->174M(1024M) 18.125ms
[2021-04-17T15:15:31.817-0700][gc,cpu        ] GC(40) User=0.13s Sys=0.00s Real=0.01s
[2021-04-17T15:16:11.663-0700][gc,start      ] GC(41) Pause Young (Normal) (G1 Evacuation Pause)
[2021-04-17T15:16:11.663-0700][gc,task       ] GC(41) Using 8 workers of 8 for evacuation
[2021-04-17T15:16:11.683-0700][gc,phases     ] GC(41)   Pre Evacuate Collection Set: 0.0ms
[2021-04-17T15:16:11.683-0700][gc,phases     ] GC(41)   Evacuate Collection Set: 18.1ms
[2021-04-17T15:16:11.683-0700][gc,phases     ] GC(41)   Post Evacuate Collection Set: 0.9ms
[2021-04-17T15:16:11.683-0700][gc,phases     ] GC(41)   Other: 0.4ms
[2021-04-17T15:16:11.683-0700][gc,heap       ] GC(41) Eden regions: 122->0(116)
[2021-04-17T15:16:11.683-0700][gc,heap       ] GC(41) Survivor regions: 9->9(17)
[2021-04-17T15:16:11.683-0700][gc,heap       ] GC(41) Old regions: 39->39
[2021-04-17T15:16:11.683-0700][gc,heap       ] GC(41) Humongous regions: 129->129
[2021-04-17T15:16:11.683-0700][gc,metaspace  ] GC(41) Metaspace: 40851K->40851K(1087488K)
[2021-04-17T15:16:11.683-0700][gc            ] GC(41) Pause Young (Normal) (G1 Evacuation Pause) 296M->174M(1024M) 19.708ms
[2021-04-17T15:16:11.683-0700][gc,cpu        ] GC(41) User=0.15s Sys=0.00s Real=0.02s
[2021-04-17T15:16:45.862-0700][gc,start      ] GC(42) Pause Young (Normal) (G1 Evacuation Pause)
[2021-04-17T15:16:45.862-0700][gc,task       ] GC(42) Using 8 workers of 8 for evacuation
[2021-04-17T15:16:45.883-0700][gc,mmu        ] GC(42) MMU target violated: 20.7ms (20.0ms/21.0ms)
[2021-04-17T15:16:45.883-0700][gc,phases     ] GC(42)   Pre Evacuate Collection Set: 0.0ms
[2021-04-17T15:16:45.883-0700][gc,phases     ] GC(42)   Evacuate Collection Set: 19.9ms
[2021-04-17T15:16:45.883-0700][gc,phases     ] GC(42)   Post Evacuate Collection Set: 0.6ms
[2021-04-17T15:16:45.883-0700][gc,phases     ] GC(42)   Other: 0.5ms
[2021-04-17T15:16:45.883-0700][gc,heap       ] GC(42) Eden regions: 105->0(106)
[2021-04-17T15:16:45.883-0700][gc,heap       ] GC(42) Survivor regions: 9->9(15)
[2021-04-17T15:16:45.883-0700][gc,heap       ] GC(42) Old regions: 39->40
[2021-04-17T15:16:45.883-0700][gc,heap       ] GC(42) Humongous regions: 129->129
[2021-04-17T15:16:45.883-0700][gc,metaspace  ] GC(42) Metaspace: 40856K->40856K(1087488K)
[2021-04-17T15:16:45.883-0700][gc            ] GC(42) Pause Young (Normal) (G1 Evacuation Pause) 279M->176M(1024M) 21.107ms
[2021-04-17T15:16:45.883-0700][gc,cpu        ] GC(42) User=0.15s Sys=0.00s Real=0.02s
[2021-04-17T15:16:59.323-0700][gc,start      ] GC(43) Pause Young (Normal) (G1 Evacuation Pause)
[2021-04-17T15:16:59.323-0700][gc,task       ] GC(43) Using 8 workers of 8 for evacuation
[2021-04-17T15:16:59.341-0700][gc,phases     ] GC(43)   Pre Evacuate Collection Set: 0.0ms
[2021-04-17T15:16:59.341-0700][gc,phases     ] GC(43)   Evacuate Collection Set: 17.3ms
[2021-04-17T15:16:59.341-0700][gc,phases     ] GC(43)   Post Evacuate Collection Set: 0.7ms
[2021-04-17T15:16:59.341-0700][gc,phases     ] GC(43)   Other: 0.4ms
[2021-04-17T15:16:59.341-0700][gc,heap       ] GC(43) Eden regions: 42->0(91)
[2021-04-17T15:16:59.341-0700][gc,heap       ] GC(43) Survivor regions: 9->4(7)
[2021-04-17T15:16:59.341-0700][gc,heap       ] GC(43) Old regions: 40->45
[2021-04-17T15:16:59.341-0700][gc,heap       ] GC(43) Humongous regions: 129->129
[2021-04-17T15:16:59.341-0700][gc,metaspace  ] GC(43) Metaspace: 40856K->40856K(1087488K)
[2021-04-17T15:16:59.341-0700][gc            ] GC(43) Pause Young (Normal) (G1 Evacuation Pause) 218M->175M(1024M) 18.758ms
[2021-04-17T15:16:59.341-0700][gc,cpu        ] GC(43) User=0.13s Sys=0.01s Real=0.02s
[2021-04-17T15:17:28.996-0700][gc,start      ] GC(44) Pause Young (Normal) (G1 Evacuation Pause)
[2021-04-17T15:17:28.996-0700][gc,task       ] GC(44) Using 8 workers of 8 for evacuation
[2021-04-17T15:17:29.007-0700][gc,phases     ] GC(44)   Pre Evacuate Collection Set: 0.0ms
[2021-04-17T15:17:29.007-0700][gc,phases     ] GC(44)   Evacuate Collection Set: 10.0ms
[2021-04-17T15:17:29.007-0700][gc,phases     ] GC(44)   Post Evacuate Collection Set: 0.7ms
[2021-04-17T15:17:29.007-0700][gc,phases     ] GC(44)   Other: 0.4ms
[2021-04-17T15:17:29.007-0700][gc,heap       ] GC(44) Eden regions: 91->0(98)
[2021-04-17T15:17:29.007-0700][gc,heap       ] GC(44) Survivor regions: 4->4(12)
[2021-04-17T15:17:29.007-0700][gc,heap       ] GC(44) Old regions: 45->45
[2021-04-17T15:17:29.007-0700][gc,heap       ] GC(44) Humongous regions: 129->129
[2021-04-17T15:17:29.007-0700][gc,metaspace  ] GC(44) Metaspace: 40856K->40856K(1087488K)
[2021-04-17T15:17:29.007-0700][gc            ] GC(44) Pause Young (Normal) (G1 Evacuation Pause) 266M->176M(1024M) 11.364ms
[2021-04-17T15:17:29.007-0700][gc,cpu        ] GC(44) User=0.08s Sys=0.00s Real=0.01s
[2021-04-17T15:18:00.761-0700][gc,start      ] GC(45) Pause Young (Normal) (G1 Evacuation Pause)
[2021-04-17T15:18:00.761-0700][gc,task       ] GC(45) Using 8 workers of 8 for evacuation
[2021-04-17T15:18:00.765-0700][gc,phases     ] GC(45)   Pre Evacuate Collection Set: 0.0ms
[2021-04-17T15:18:00.765-0700][gc,phases     ] GC(45)   Evacuate Collection Set: 4.0ms
[2021-04-17T15:18:00.765-0700][gc,phases     ] GC(45)   Post Evacuate Collection Set: 0.4ms
[2021-04-17T15:18:00.765-0700][gc,phases     ] GC(45)   Other: 0.2ms
[2021-04-17T15:18:00.765-0700][gc,heap       ] GC(45) Eden regions: 98->0(106)
[2021-04-17T15:18:00.765-0700][gc,heap       ] GC(45) Survivor regions: 4->5(13)
[2021-04-17T15:18:00.765-0700][gc,heap       ] GC(45) Old regions: 45->45
[2021-04-17T15:18:00.765-0700][gc,heap       ] GC(45) Humongous regions: 129->129
[2021-04-17T15:18:00.765-0700][gc,metaspace  ] GC(45) Metaspace: 40859K->40859K(1087488K)
[2021-04-17T15:18:00.765-0700][gc            ] GC(45) Pause Young (Normal) (G1 Evacuation Pause) 274M->176M(1024M) 4.737ms
[2021-04-17T15:18:00.765-0700][gc,cpu        ] GC(45) User=0.03s Sys=0.00s Real=0.00s
[2021-04-17T15:18:35.216-0700][gc,start      ] GC(46) Pause Young (Normal) (G1 Evacuation Pause)
[2021-04-17T15:18:35.216-0700][gc,task       ] GC(46) Using 8 workers of 8 for evacuation
[2021-04-17T15:18:35.221-0700][gc,phases     ] GC(46)   Pre Evacuate Collection Set: 0.0ms
[2021-04-17T15:18:35.221-0700][gc,phases     ] GC(46)   Evacuate Collection Set: 4.5ms
[2021-04-17T15:18:35.221-0700][gc,phases     ] GC(46)   Post Evacuate Collection Set: 0.5ms
[2021-04-17T15:18:35.221-0700][gc,phases     ] GC(46)   Other: 0.2ms
[2021-04-17T15:18:35.221-0700][gc,heap       ] GC(46) Eden regions: 106->0(115)
[2021-04-17T15:18:35.221-0700][gc,heap       ] GC(46) Survivor regions: 5->6(14)
[2021-04-17T15:18:35.221-0700][gc,heap       ] GC(46) Old regions: 45->45
[2021-04-17T15:18:35.221-0700][gc,heap       ] GC(46) Humongous regions: 129->129
[2021-04-17T15:18:35.221-0700][gc,metaspace  ] GC(46) Metaspace: 40862K->40862K(1087488K)
[2021-04-17T15:18:35.221-0700][gc            ] GC(46) Pause Young (Normal) (G1 Evacuation Pause) 282M->178M(1024M) 5.291ms
[2021-04-17T15:18:35.221-0700][gc,cpu        ] GC(46) User=0.03s Sys=0.00s Real=0.01s
[2021-04-17T15:19:12.325-0700][gc,start      ] GC(47) Pause Young (Normal) (G1 Evacuation Pause)
[2021-04-17T15:19:12.325-0700][gc,task       ] GC(47) Using 8 workers of 8 for evacuation
[2021-04-17T15:19:12.340-0700][gc,phases     ] GC(47)   Pre Evacuate Collection Set: 0.0ms
[2021-04-17T15:19:12.340-0700][gc,phases     ] GC(47)   Evacuate Collection Set: 13.9ms
[2021-04-17T15:19:12.340-0700][gc,phases     ] GC(47)   Post Evacuate Collection Set: 0.8ms
[2021-04-17T15:19:12.340-0700][gc,phases     ] GC(47)   Other: 0.4ms
[2021-04-17T15:19:12.340-0700][gc,heap       ] GC(47) Eden regions: 114->0(112)
[2021-04-17T15:19:12.340-0700][gc,heap       ] GC(47) Survivor regions: 6->7(15)
[2021-04-17T15:19:12.341-0700][gc,heap       ] GC(47) Old regions: 45->45
[2021-04-17T15:19:12.341-0700][gc,heap       ] GC(47) Humongous regions: 129->129
[2021-04-17T15:19:12.341-0700][gc,metaspace  ] GC(47) Metaspace: 40874K->40874K(1087488K)
[2021-04-17T15:19:12.341-0700][gc            ] GC(47) Pause Young (Normal) (G1 Evacuation Pause) 292M->179M(1024M) 15.451ms
[2021-04-17T15:19:12.341-0700][gc,cpu        ] GC(47) User=0.12s Sys=0.00s Real=0.02s
[2021-04-17T15:19:48.651-0700][gc,start      ] GC(48) Pause Young (Normal) (G1 Evacuation Pause)
[2021-04-17T15:19:48.651-0700][gc,task       ] GC(48) Using 8 workers of 8 for evacuation
[2021-04-17T15:19:48.657-0700][gc,phases     ] GC(48)   Pre Evacuate Collection Set: 0.0ms
[2021-04-17T15:19:48.657-0700][gc,phases     ] GC(48)   Evacuate Collection Set: 5.2ms
[2021-04-17T15:19:48.657-0700][gc,phases     ] GC(48)   Post Evacuate Collection Set: 0.4ms
[2021-04-17T15:19:48.657-0700][gc,phases     ] GC(48)   Other: 0.2ms
[2021-04-17T15:19:48.657-0700][gc,heap       ] GC(48) Eden regions: 112->0(118)
[2021-04-17T15:19:48.657-0700][gc,heap       ] GC(48) Survivor regions: 7->8(15)
[2021-04-17T15:19:48.657-0700][gc,heap       ] GC(48) Old regions: 45->45
[2021-04-17T15:19:48.657-0700][gc,heap       ] GC(48) Humongous regions: 129->129
[2021-04-17T15:19:48.657-0700][gc,metaspace  ] GC(48) Metaspace: 40903K->40903K(1087488K)
[2021-04-17T15:19:48.657-0700][gc            ] GC(48) Pause Young (Normal) (G1 Evacuation Pause) 291M->180M(1024M) 5.921ms
[2021-04-17T15:19:48.657-0700][gc,cpu        ] GC(48) User=0.04s Sys=0.00s Real=0.01s
[2021-04-17T15:20:26.765-0700][gc,start      ] GC(49) Pause Young (Normal) (G1 Evacuation Pause)
[2021-04-17T15:20:26.765-0700][gc,task       ] GC(49) Using 8 workers of 8 for evacuation
[2021-04-17T15:20:26.782-0700][gc,phases     ] GC(49)   Pre Evacuate Collection Set: 0.0ms
[2021-04-17T15:20:26.782-0700][gc,phases     ] GC(49)   Evacuate Collection Set: 15.4ms
[2021-04-17T15:20:26.782-0700][gc,phases     ] GC(49)   Post Evacuate Collection Set: 0.9ms
[2021-04-17T15:20:26.782-0700][gc,phases     ] GC(49)   Other: 0.4ms
[2021-04-17T15:20:26.782-0700][gc,heap       ] GC(49) Eden regions: 118->0(116)
[2021-04-17T15:20:26.782-0700][gc,heap       ] GC(49) Survivor regions: 8->8(16)
[2021-04-17T15:20:26.782-0700][gc,heap       ] GC(49) Old regions: 45->45
[2021-04-17T15:20:26.782-0700][gc,heap       ] GC(49) Humongous regions: 129->129
[2021-04-17T15:20:26.782-0700][gc,metaspace  ] GC(49) Metaspace: 40910K->40910K(1087488K)
[2021-04-17T15:20:26.782-0700][gc            ] GC(49) Pause Young (Normal) (G1 Evacuation Pause) 298M->180M(1024M) 16.973ms
[2021-04-17T15:20:26.782-0700][gc,cpu        ] GC(49) User=0.12s Sys=0.00s Real=0.02s
[2021-04-17T15:21:04.316-0700][gc,start      ] GC(50) Pause Young (Normal) (G1 Evacuation Pause)
[2021-04-17T15:21:04.316-0700][gc,task       ] GC(50) Using 8 workers of 8 for evacuation
[2021-04-17T15:21:04.335-0700][gc,phases     ] GC(50)   Pre Evacuate Collection Set: 0.0ms
[2021-04-17T15:21:04.335-0700][gc,phases     ] GC(50)   Evacuate Collection Set: 17.3ms
[2021-04-17T15:21:04.335-0700][gc,phases     ] GC(50)   Post Evacuate Collection Set: 1.0ms
[2021-04-17T15:21:04.335-0700][gc,phases     ] GC(50)   Other: 0.4ms
[2021-04-17T15:21:04.335-0700][gc,heap       ] GC(50) Eden regions: 115->0(114)
[2021-04-17T15:21:04.335-0700][gc,heap       ] GC(50) Survivor regions: 8->9(16)
[2021-04-17T15:21:04.335-0700][gc,heap       ] GC(50) Old regions: 45->45
[2021-04-17T15:21:04.335-0700][gc,heap       ] GC(50) Humongous regions: 129->129
[2021-04-17T15:21:04.335-0700][gc,metaspace  ] GC(50) Metaspace: 40910K->40910K(1087488K)
[2021-04-17T15:21:04.335-0700][gc            ] GC(50) Pause Young (Normal) (G1 Evacuation Pause) 295M->181M(1024M) 18.942ms
[2021-04-17T15:21:04.335-0700][gc,cpu        ] GC(50) User=0.14s Sys=0.00s Real=0.02s
[2021-04-17T15:21:39.542-0700][gc,start      ] GC(51) Pause Young (Normal) (G1 Evacuation Pause)
[2021-04-17T15:21:39.542-0700][gc,task       ] GC(51) Using 8 workers of 8 for evacuation
[2021-04-17T15:21:39.562-0700][gc,mmu        ] GC(51) MMU target violated: 20.2ms (20.0ms/21.0ms)
[2021-04-17T15:21:39.562-0700][gc,phases     ] GC(51)   Pre Evacuate Collection Set: 0.0ms
[2021-04-17T15:21:39.562-0700][gc,phases     ] GC(51)   Evacuate Collection Set: 19.1ms
[2021-04-17T15:21:39.562-0700][gc,phases     ] GC(51)   Post Evacuate Collection Set: 0.9ms
[2021-04-17T15:21:39.562-0700][gc,phases     ] GC(51)   Other: 0.6ms
[2021-04-17T15:21:39.562-0700][gc,heap       ] GC(51) Eden regions: 108->0(108)
[2021-04-17T15:21:39.562-0700][gc,heap       ] GC(51) Survivor regions: 9->8(15)
[2021-04-17T15:21:39.562-0700][gc,heap       ] GC(51) Old regions: 45->47
[2021-04-17T15:21:39.562-0700][gc,heap       ] GC(51) Humongous regions: 129->129
[2021-04-17T15:21:39.562-0700][gc,metaspace  ] GC(51) Metaspace: 40911K->40911K(1087488K)
[2021-04-17T15:21:39.562-0700][gc            ] GC(51) Pause Young (Normal) (G1 Evacuation Pause) 289M->182M(1024M) 20.814ms
[2021-04-17T15:21:39.562-0700][gc,cpu        ] GC(51) User=0.15s Sys=0.00s Real=0.02s
[2021-04-17T15:22:12.055-0700][gc,start      ] GC(52) Pause Young (Normal) (G1 Evacuation Pause)
[2021-04-17T15:22:12.055-0700][gc,task       ] GC(52) Using 8 workers of 8 for evacuation
[2021-04-17T15:22:12.073-0700][gc,phases     ] GC(52)   Pre Evacuate Collection Set: 0.0ms
[2021-04-17T15:22:12.073-0700][gc,phases     ] GC(52)   Evacuate Collection Set: 16.8ms
[2021-04-17T15:22:12.073-0700][gc,phases     ] GC(52)   Post Evacuate Collection Set: 0.9ms
[2021-04-17T15:22:12.073-0700][gc,phases     ] GC(52)   Other: 0.4ms
[2021-04-17T15:22:12.073-0700][gc,heap       ] GC(52) Eden regions: 100->0(107)
[2021-04-17T15:22:12.073-0700][gc,heap       ] GC(52) Survivor regions: 8->9(14)
[2021-04-17T15:22:12.073-0700][gc,heap       ] GC(52) Old regions: 47->48
[2021-04-17T15:22:12.073-0700][gc,heap       ] GC(52) Humongous regions: 129->129
[2021-04-17T15:22:12.073-0700][gc,metaspace  ] GC(52) Metaspace: 40911K->40911K(1087488K)
[2021-04-17T15:22:12.073-0700][gc            ] GC(52) Pause Young (Normal) (G1 Evacuation Pause) 282M->183M(1024M) 18.447ms
[2021-04-17T15:22:12.073-0700][gc,cpu        ] GC(52) User=0.13s Sys=0.00s Real=0.02s
[2021-04-17T15:22:45.536-0700][gc,start      ] GC(53) Pause Young (Normal) (G1 Evacuation Pause)
[2021-04-17T15:22:45.536-0700][gc,task       ] GC(53) Using 8 workers of 8 for evacuation
[2021-04-17T15:22:45.555-0700][gc,phases     ] GC(53)   Pre Evacuate Collection Set: 0.0ms
[2021-04-17T15:22:45.555-0700][gc,phases     ] GC(53)   Evacuate Collection Set: 17.9ms
[2021-04-17T15:22:45.555-0700][gc,phases     ] GC(53)   Post Evacuate Collection Set: 0.9ms
[2021-04-17T15:22:45.555-0700][gc,phases     ] GC(53)   Other: 0.4ms
[2021-04-17T15:22:45.555-0700][gc,heap       ] GC(53) Eden regions: 103->0(105)
[2021-04-17T15:22:45.555-0700][gc,heap       ] GC(53) Survivor regions: 9->9(14)
[2021-04-17T15:22:45.555-0700][gc,heap       ] GC(53) Old regions: 48->48
[2021-04-17T15:22:45.555-0700][gc,heap       ] GC(53) Humongous regions: 129->129
[2021-04-17T15:22:45.555-0700][gc,metaspace  ] GC(53) Metaspace: 40913K->40913K(1087488K)
[2021-04-17T15:22:45.556-0700][gc            ] GC(53) Pause Young (Normal) (G1 Evacuation Pause) 286M->184M(1024M) 19.513ms
[2021-04-17T15:22:45.556-0700][gc,cpu        ] GC(53) User=0.14s Sys=0.00s Real=0.02s
[2021-04-17T15:23:19.548-0700][gc,start      ] GC(54) Pause Young (Normal) (G1 Evacuation Pause)
[2021-04-17T15:23:19.548-0700][gc,task       ] GC(54) Using 8 workers of 8 for evacuation
[2021-04-17T15:23:19.568-0700][gc,mmu        ] GC(54) MMU target violated: 20.2ms (20.0ms/21.0ms)
[2021-04-17T15:23:19.568-0700][gc,phases     ] GC(54)   Pre Evacuate Collection Set: 0.0ms
[2021-04-17T15:23:19.568-0700][gc,phases     ] GC(54)   Evacuate Collection Set: 19.0ms
[2021-04-17T15:23:19.568-0700][gc,phases     ] GC(54)   Post Evacuate Collection Set: 1.0ms
[2021-04-17T15:23:19.568-0700][gc,phases     ] GC(54)   Other: 0.5ms
[2021-04-17T15:23:19.568-0700][gc,heap       ] GC(54) Eden regions: 105->0(106)
[2021-04-17T15:23:19.568-0700][gc,heap       ] GC(54) Survivor regions: 9->10(15)
[2021-04-17T15:23:19.568-0700][gc,heap       ] GC(54) Old regions: 48->49
[2021-04-17T15:23:19.568-0700][gc,heap       ] GC(54) Humongous regions: 129->129
[2021-04-17T15:23:19.568-0700][gc,metaspace  ] GC(54) Metaspace: 40919K->40919K(1087488K)
[2021-04-17T15:23:19.568-0700][gc            ] GC(54) Pause Young (Normal) (G1 Evacuation Pause) 289M->185M(1024M) 20.756ms
[2021-04-17T15:23:19.569-0700][gc,cpu        ] GC(54) User=0.15s Sys=0.00s Real=0.02s
[2021-04-17T15:23:51.012-0700][gc,start      ] GC(55) Pause Young (Normal) (G1 Evacuation Pause)
[2021-04-17T15:23:51.012-0700][gc,task       ] GC(55) Using 8 workers of 8 for evacuation
[2021-04-17T15:23:51.032-0700][gc,phases     ] GC(55)   Pre Evacuate Collection Set: 0.0ms
[2021-04-17T15:23:51.032-0700][gc,phases     ] GC(55)   Evacuate Collection Set: 18.9ms
[2021-04-17T15:23:51.032-0700][gc,phases     ] GC(55)   Post Evacuate Collection Set: 0.8ms
[2021-04-17T15:23:51.032-0700][gc,phases     ] GC(55)   Other: 0.4ms
[2021-04-17T15:23:51.032-0700][gc,heap       ] GC(55) Eden regions: 97->0(105)
[2021-04-17T15:23:51.032-0700][gc,heap       ] GC(55) Survivor regions: 10->8(14)
[2021-04-17T15:23:51.032-0700][gc,heap       ] GC(55) Old regions: 49->51
[2021-04-17T15:23:51.032-0700][gc,heap       ] GC(55) Humongous regions: 129->129
[2021-04-17T15:23:51.032-0700][gc,metaspace  ] GC(55) Metaspace: 40923K->40923K(1087488K)
[2021-04-17T15:23:51.032-0700][gc            ] GC(55) Pause Young (Normal) (G1 Evacuation Pause) 282M->186M(1024M) 20.499ms
[2021-04-17T15:23:51.032-0700][gc,cpu        ] GC(55) User=0.16s Sys=0.00s Real=0.02s
[2021-04-17T15:24:19.202-0700][gc,start      ] GC(56) Pause Young (Normal) (G1 Evacuation Pause)
[2021-04-17T15:24:19.202-0700][gc,task       ] GC(56) Using 8 workers of 8 for evacuation
[2021-04-17T15:24:19.221-0700][gc,phases     ] GC(56)   Pre Evacuate Collection Set: 0.0ms
[2021-04-17T15:24:19.221-0700][gc,phases     ] GC(56)   Evacuate Collection Set: 17.5ms
[2021-04-17T15:24:19.221-0700][gc,phases     ] GC(56)   Post Evacuate Collection Set: 0.8ms
[2021-04-17T15:24:19.221-0700][gc,phases     ] GC(56)   Other: 0.6ms
[2021-04-17T15:24:19.221-0700][gc,heap       ] GC(56) Eden regions: 87->0(98)
[2021-04-17T15:24:19.221-0700][gc,heap       ] GC(56) Survivor regions: 8->7(12)
[2021-04-17T15:24:19.221-0700][gc,heap       ] GC(56) Old regions: 51->53
[2021-04-17T15:24:19.221-0700][gc,heap       ] GC(56) Humongous regions: 129->129
[2021-04-17T15:24:19.221-0700][gc,metaspace  ] GC(56) Metaspace: 40923K->40923K(1087488K)
[2021-04-17T15:24:19.221-0700][gc            ] GC(56) Pause Young (Normal) (G1 Evacuation Pause) 273M->186M(1024M) 19.180ms
[2021-04-17T15:24:19.222-0700][gc,cpu        ] GC(56) User=0.14s Sys=0.00s Real=0.02s
[2021-04-17T15:24:48.343-0700][gc,start      ] GC(57) Pause Young (Normal) (G1 Evacuation Pause)
[2021-04-17T15:24:48.343-0700][gc,task       ] GC(57) Using 8 workers of 8 for evacuation
[2021-04-17T15:24:48.359-0700][gc,phases     ] GC(57)   Pre Evacuate Collection Set: 0.0ms
[2021-04-17T15:24:48.359-0700][gc,phases     ] GC(57)   Evacuate Collection Set: 15.2ms
[2021-04-17T15:24:48.359-0700][gc,phases     ] GC(57)   Post Evacuate Collection Set: 0.9ms
[2021-04-17T15:24:48.360-0700][gc,phases     ] GC(57)   Other: 0.4ms
[2021-04-17T15:24:48.360-0700][gc,heap       ] GC(57) Eden regions: 90->0(96)
[2021-04-17T15:24:48.360-0700][gc,heap       ] GC(57) Survivor regions: 7->8(13)
[2021-04-17T15:24:48.360-0700][gc,heap       ] GC(57) Old regions: 53->53
[2021-04-17T15:24:48.360-0700][gc,heap       ] GC(57) Humongous regions: 129->129
[2021-04-17T15:24:48.360-0700][gc,metaspace  ] GC(57) Metaspace: 40925K->40925K(1087488K)
[2021-04-17T15:24:48.360-0700][gc            ] GC(57) Pause Young (Normal) (G1 Evacuation Pause) 276M->187M(1024M) 16.712ms
[2021-04-17T15:24:48.360-0700][gc,cpu        ] GC(57) User=0.12s Sys=0.00s Real=0.02s
[2021-04-17T15:25:17.633-0700][gc,start      ] GC(58) Pause Young (Normal) (G1 Evacuation Pause)
[2021-04-17T15:25:17.633-0700][gc,task       ] GC(58) Using 8 workers of 8 for evacuation
[2021-04-17T15:25:17.652-0700][gc,phases     ] GC(58)   Pre Evacuate Collection Set: 0.0ms
[2021-04-17T15:25:17.652-0700][gc,phases     ] GC(58)   Evacuate Collection Set: 17.2ms
[2021-04-17T15:25:17.652-0700][gc,phases     ] GC(58)   Post Evacuate Collection Set: 0.9ms
[2021-04-17T15:25:17.652-0700][gc,phases     ] GC(58)   Other: 0.5ms
[2021-04-17T15:25:17.652-0700][gc,heap       ] GC(58) Eden regions: 90->0(98)
[2021-04-17T15:25:17.652-0700][gc,heap       ] GC(58) Survivor regions: 8->8(13)
[2021-04-17T15:25:17.652-0700][gc,heap       ] GC(58) Old regions: 53->54
[2021-04-17T15:25:17.652-0700][gc,heap       ] GC(58) Humongous regions: 129->129
[2021-04-17T15:25:17.652-0700][gc,metaspace  ] GC(58) Metaspace: 40927K->40927K(1087488K)
[2021-04-17T15:25:17.652-0700][gc            ] GC(58) Pause Young (Normal) (G1 Evacuation Pause) 277M->188M(1024M) 18.804ms
[2021-04-17T15:25:17.652-0700][gc,cpu        ] GC(58) User=0.14s Sys=0.00s Real=0.02s
[2021-04-17T15:25:49.462-0700][gc,start      ] GC(59) Pause Young (Normal) (G1 Evacuation Pause)
[2021-04-17T15:25:49.462-0700][gc,task       ] GC(59) Using 8 workers of 8 for evacuation
[2021-04-17T15:25:49.479-0700][gc,phases     ] GC(59)   Pre Evacuate Collection Set: 0.0ms
[2021-04-17T15:25:49.479-0700][gc,phases     ] GC(59)   Evacuate Collection Set: 15.9ms
[2021-04-17T15:25:49.479-0700][gc,phases     ] GC(59)   Post Evacuate Collection Set: 0.9ms
[2021-04-17T15:25:49.479-0700][gc,phases     ] GC(59)   Other: 0.4ms
[2021-04-17T15:25:49.479-0700][gc,heap       ] GC(59) Eden regions: 98->0(101)
[2021-04-17T15:25:49.479-0700][gc,heap       ] GC(59) Survivor regions: 8->8(14)
[2021-04-17T15:25:49.479-0700][gc,heap       ] GC(59) Old regions: 54->54
[2021-04-17T15:25:49.479-0700][gc,heap       ] GC(59) Humongous regions: 129->129
[2021-04-17T15:25:49.479-0700][gc,metaspace  ] GC(59) Metaspace: 40927K->40927K(1087488K)
[2021-04-17T15:25:49.479-0700][gc            ] GC(59) Pause Young (Normal) (G1 Evacuation Pause) 286M->189M(1024M) 17.532ms
[2021-04-17T15:25:49.480-0700][gc,cpu        ] GC(59) User=0.13s Sys=0.00s Real=0.02s
[2021-04-17T15:26:22.360-0700][gc,start      ] GC(60) Pause Young (Normal) (G1 Evacuation Pause)
[2021-04-17T15:26:22.361-0700][gc,task       ] GC(60) Using 8 workers of 8 for evacuation
[2021-04-17T15:26:22.368-0700][gc,phases     ] GC(60)   Pre Evacuate Collection Set: 0.0ms
[2021-04-17T15:26:22.368-0700][gc,phases     ] GC(60)   Evacuate Collection Set: 7.0ms
[2021-04-17T15:26:22.368-0700][gc,phases     ] GC(60)   Post Evacuate Collection Set: 0.4ms
[2021-04-17T15:26:22.368-0700][gc,phases     ] GC(60)   Other: 0.2ms
[2021-04-17T15:26:22.368-0700][gc,heap       ] GC(60) Eden regions: 101->0(109)
[2021-04-17T15:26:22.368-0700][gc,heap       ] GC(60) Survivor regions: 8->9(14)
[2021-04-17T15:26:22.368-0700][gc,heap       ] GC(60) Old regions: 54->55
[2021-04-17T15:26:22.368-0700][gc,heap       ] GC(60) Humongous regions: 129->129
[2021-04-17T15:26:22.368-0700][gc,metaspace  ] GC(60) Metaspace: 40930K->40930K(1087488K)
[2021-04-17T15:26:22.368-0700][gc            ] GC(60) Pause Young (Normal) (G1 Evacuation Pause) 290M->190M(1024M) 7.617ms
[2021-04-17T15:26:22.368-0700][gc,cpu        ] GC(60) User=0.04s Sys=0.00s Real=0.00s
[2021-04-17T15:26:57.542-0700][gc,start      ] GC(61) Pause Young (Normal) (G1 Evacuation Pause)
[2021-04-17T15:26:57.542-0700][gc,task       ] GC(61) Using 8 workers of 8 for evacuation
[2021-04-17T15:26:57.548-0700][gc,phases     ] GC(61)   Pre Evacuate Collection Set: 0.0ms
[2021-04-17T15:26:57.548-0700][gc,phases     ] GC(61)   Evacuate Collection Set: 5.1ms
[2021-04-17T15:26:57.548-0700][gc,phases     ] GC(61)   Post Evacuate Collection Set: 0.4ms
[2021-04-17T15:26:57.548-0700][gc,phases     ] GC(61)   Other: 0.2ms
[2021-04-17T15:26:57.548-0700][gc,heap       ] GC(61) Eden regions: 109->0(122)
[2021-04-17T15:26:57.548-0700][gc,heap       ] GC(61) Survivor regions: 9->9(15)
[2021-04-17T15:26:57.548-0700][gc,heap       ] GC(61) Old regions: 55->55
[2021-04-17T15:26:57.548-0700][gc,heap       ] GC(61) Humongous regions: 129->129
[2021-04-17T15:26:57.548-0700][gc,metaspace  ] GC(61) Metaspace: 40935K->40935K(1087488K)
[2021-04-17T15:26:57.548-0700][gc            ] GC(61) Pause Young (Normal) (G1 Evacuation Pause) 299M->190M(1024M) 5.745ms
[2021-04-17T15:26:57.548-0700][gc,cpu        ] GC(61) User=0.04s Sys=0.00s Real=0.00s
[2021-04-17T15:27:37.352-0700][gc,start      ] GC(62) Pause Young (Normal) (G1 Evacuation Pause)
[2021-04-17T15:27:37.352-0700][gc,task       ] GC(62) Using 8 workers of 8 for evacuation
[2021-04-17T15:27:37.374-0700][gc,mmu        ] GC(62) MMU target violated: 21.0ms (20.0ms/21.0ms)
[2021-04-17T15:27:37.374-0700][gc,phases     ] GC(62)   Pre Evacuate Collection Set: 0.0ms
[2021-04-17T15:27:37.374-0700][gc,phases     ] GC(62)   Evacuate Collection Set: 21.4ms
[2021-04-17T15:27:37.374-0700][gc,phases     ] GC(62)   Post Evacuate Collection Set: 0.9ms
[2021-04-17T15:27:37.375-0700][gc,phases     ] GC(62)   Other: 0.5ms
[2021-04-17T15:27:37.375-0700][gc,heap       ] GC(62) Eden regions: 122->0(114)
[2021-04-17T15:27:37.375-0700][gc,heap       ] GC(62) Survivor regions: 9->11(17)
[2021-04-17T15:27:37.375-0700][gc,heap       ] GC(62) Old regions: 55->55
[2021-04-17T15:27:37.375-0700][gc,heap       ] GC(62) Humongous regions: 129->129
[2021-04-17T15:27:37.375-0700][gc,metaspace  ] GC(62) Metaspace: 40935K->40935K(1087488K)
[2021-04-17T15:27:37.375-0700][gc            ] GC(62) Pause Young (Normal) (G1 Evacuation Pause) 312M->192M(1024M) 22.999ms
[2021-04-17T15:27:37.375-0700][gc,cpu        ] GC(62) User=0.17s Sys=0.00s Real=0.02s
[2021-04-17T15:28:12.170-0700][gc,start      ] GC(63) Pause Young (Normal) (G1 Evacuation Pause)
[2021-04-17T15:28:12.170-0700][gc,task       ] GC(63) Using 8 workers of 8 for evacuation
[2021-04-17T15:28:12.179-0700][gc,phases     ] GC(63)   Pre Evacuate Collection Set: 0.0ms
[2021-04-17T15:28:12.179-0700][gc,phases     ] GC(63)   Evacuate Collection Set: 7.9ms
[2021-04-17T15:28:12.179-0700][gc,phases     ] GC(63)   Post Evacuate Collection Set: 0.5ms
[2021-04-17T15:28:12.179-0700][gc,phases     ] GC(63)   Other: 0.3ms
[2021-04-17T15:28:12.179-0700][gc,heap       ] GC(63) Eden regions: 108->0(134)
[2021-04-17T15:28:12.179-0700][gc,heap       ] GC(63) Survivor regions: 11->8(15)
[2021-04-17T15:28:12.179-0700][gc,heap       ] GC(63) Old regions: 55->58
[2021-04-17T15:28:12.179-0700][gc,heap       ] GC(63) Humongous regions: 129->129
[2021-04-17T15:28:12.179-0700][gc,metaspace  ] GC(63) Metaspace: 40937K->40937K(1087488K)
[2021-04-17T15:28:12.179-0700][gc            ] GC(63) Pause Young (Normal) (G1 Evacuation Pause) 300M->193M(1024M) 8.833ms
[2021-04-17T15:28:12.179-0700][gc,cpu        ] GC(63) User=0.05s Sys=0.00s Real=0.01s
[2021-04-17T15:28:55.651-0700][gc,start      ] GC(64) Pause Young (Normal) (G1 Evacuation Pause)
[2021-04-17T15:28:55.651-0700][gc,task       ] GC(64) Using 8 workers of 8 for evacuation
[2021-04-17T15:28:55.657-0700][gc,phases     ] GC(64)   Pre Evacuate Collection Set: 0.0ms
[2021-04-17T15:28:55.657-0700][gc,phases     ] GC(64)   Evacuate Collection Set: 5.7ms
[2021-04-17T15:28:55.657-0700][gc,phases     ] GC(64)   Post Evacuate Collection Set: 0.5ms
[2021-04-17T15:28:55.657-0700][gc,phases     ] GC(64)   Other: 0.3ms
[2021-04-17T15:28:55.657-0700][gc,heap       ] GC(64) Eden regions: 134->0(164)
[2021-04-17T15:28:55.657-0700][gc,heap       ] GC(64) Survivor regions: 8->9(18)
[2021-04-17T15:28:55.657-0700][gc,heap       ] GC(64) Old regions: 58->58
[2021-04-17T15:28:55.657-0700][gc,heap       ] GC(64) Humongous regions: 129->129
[2021-04-17T15:28:55.657-0700][gc,metaspace  ] GC(64) Metaspace: 40947K->40947K(1087488K)
[2021-04-17T15:28:55.658-0700][gc            ] GC(64) Pause Young (Normal) (G1 Evacuation Pause) 327M->193M(1024M) 6.605ms
[2021-04-17T15:28:55.658-0700][gc,cpu        ] GC(64) User=0.04s Sys=0.00s Real=0.01s
[2021-04-17T15:29:48.392-0700][gc,start      ] GC(65) Pause Young (Normal) (G1 Evacuation Pause)
[2021-04-17T15:29:48.392-0700][gc,task       ] GC(65) Using 8 workers of 8 for evacuation
[2021-04-17T15:29:48.398-0700][gc,phases     ] GC(65)   Pre Evacuate Collection Set: 0.0ms
[2021-04-17T15:29:48.398-0700][gc,phases     ] GC(65)   Evacuate Collection Set: 6.2ms
[2021-04-17T15:29:48.398-0700][gc,phases     ] GC(65)   Post Evacuate Collection Set: 0.5ms
[2021-04-17T15:29:48.399-0700][gc,phases     ] GC(65)   Other: 0.2ms
[2021-04-17T15:29:48.399-0700][gc,heap       ] GC(65) Eden regions: 164->0(201)
[2021-04-17T15:29:48.399-0700][gc,heap       ] GC(65) Survivor regions: 9->10(22)
[2021-04-17T15:29:48.399-0700][gc,heap       ] GC(65) Old regions: 58->58
[2021-04-17T15:29:48.399-0700][gc,heap       ] GC(65) Humongous regions: 129->129
[2021-04-17T15:29:48.399-0700][gc,metaspace  ] GC(65) Metaspace: 40954K->40954K(1087488K)
[2021-04-17T15:29:48.399-0700][gc            ] GC(65) Pause Young (Normal) (G1 Evacuation Pause) 357M->194M(1024M) 6.898ms
[2021-04-17T15:29:48.399-0700][gc,cpu        ] GC(65) User=0.04s Sys=0.00s Real=0.01s
[2021-04-17T15:30:53.928-0700][gc,start      ] GC(66) Pause Young (Normal) (G1 Evacuation Pause)
[2021-04-17T15:30:53.928-0700][gc,task       ] GC(66) Using 8 workers of 8 for evacuation
[2021-04-17T15:30:53.941-0700][gc,phases     ] GC(66)   Pre Evacuate Collection Set: 0.0ms
[2021-04-17T15:30:53.941-0700][gc,phases     ] GC(66)   Evacuate Collection Set: 12.4ms
[2021-04-17T15:30:53.941-0700][gc,phases     ] GC(66)   Post Evacuate Collection Set: 0.5ms
[2021-04-17T15:30:53.941-0700][gc,phases     ] GC(66)   Other: 0.3ms
[2021-04-17T15:30:53.941-0700][gc,heap       ] GC(66) Eden regions: 201->0(236)
[2021-04-17T15:30:53.941-0700][gc,heap       ] GC(66) Survivor regions: 10->12(27)
[2021-04-17T15:30:53.941-0700][gc,heap       ] GC(66) Old regions: 58->58
[2021-04-17T15:30:53.941-0700][gc,heap       ] GC(66) Humongous regions: 129->129
[2021-04-17T15:30:53.941-0700][gc,metaspace  ] GC(66) Metaspace: 40955K->40955K(1087488K)
[2021-04-17T15:30:53.941-0700][gc            ] GC(66) Pause Young (Normal) (G1 Evacuation Pause) 395M->196M(1024M) 13.257ms
[2021-04-17T15:30:53.941-0700][gc,cpu        ] GC(66) User=0.08s Sys=0.00s Real=0.02s
[2021-04-17T15:32:10.926-0700][gc,start      ] GC(67) Pause Young (Normal) (G1 Evacuation Pause)
[2021-04-17T15:32:10.926-0700][gc,task       ] GC(67) Using 8 workers of 8 for evacuation
[2021-04-17T15:32:10.951-0700][gc,mmu        ] GC(67) MMU target violated: 21.0ms (20.0ms/21.0ms)
[2021-04-17T15:32:10.951-0700][gc,phases     ] GC(67)   Pre Evacuate Collection Set: 0.0ms
[2021-04-17T15:32:10.951-0700][gc,phases     ] GC(67)   Evacuate Collection Set: 23.5ms
[2021-04-17T15:32:10.951-0700][gc,phases     ] GC(67)   Post Evacuate Collection Set: 1.1ms
[2021-04-17T15:32:10.951-0700][gc,phases     ] GC(67)   Other: 0.5ms
[2021-04-17T15:32:10.951-0700][gc,heap       ] GC(67) Eden regions: 236->0(171)
[2021-04-17T15:32:10.951-0700][gc,heap       ] GC(67) Survivor regions: 12->14(31)
[2021-04-17T15:32:10.951-0700][gc,heap       ] GC(67) Old regions: 58->58
[2021-04-17T15:32:10.951-0700][gc,heap       ] GC(67) Humongous regions: 129->129
[2021-04-17T15:32:10.951-0700][gc,metaspace  ] GC(67) Metaspace: 40959K->40959K(1087488K)
[2021-04-17T15:32:10.951-0700][gc            ] GC(67) Pause Young (Normal) (G1 Evacuation Pause) 432M->198M(1024M) 25.341ms
[2021-04-17T15:32:10.951-0700][gc,cpu        ] GC(67) User=0.20s Sys=0.00s Real=0.03s
[2021-04-17T15:33:01.258-0700][gc,start      ] GC(68) Pause Young (Normal) (G1 Evacuation Pause)
[2021-04-17T15:33:01.258-0700][gc,task       ] GC(68) Using 8 workers of 8 for evacuation
[2021-04-17T15:33:01.268-0700][gc,phases     ] GC(68)   Pre Evacuate Collection Set: 0.0ms
[2021-04-17T15:33:01.268-0700][gc,phases     ] GC(68)   Evacuate Collection Set: 9.0ms
[2021-04-17T15:33:01.268-0700][gc,phases     ] GC(68)   Post Evacuate Collection Set: 0.5ms
[2021-04-17T15:33:01.268-0700][gc,phases     ] GC(68)   Other: 0.2ms
[2021-04-17T15:33:01.268-0700][gc,heap       ] GC(68) Eden regions: 156->0(192)
[2021-04-17T15:33:01.268-0700][gc,heap       ] GC(68) Survivor regions: 14->14(22)
[2021-04-17T15:33:01.268-0700][gc,heap       ] GC(68) Old regions: 58->60
[2021-04-17T15:33:01.268-0700][gc,heap       ] GC(68) Humongous regions: 129->129
[2021-04-17T15:33:01.268-0700][gc,metaspace  ] GC(68) Metaspace: 40967K->40967K(1087488K)
[2021-04-17T15:33:01.268-0700][gc            ] GC(68) Pause Young (Normal) (G1 Evacuation Pause) 354M->200M(1024M) 9.811ms
[2021-04-17T15:33:01.268-0700][gc,cpu        ] GC(68) User=0.06s Sys=0.00s Real=0.00s
[2021-04-17T15:34:03.652-0700][gc,start      ] GC(69) Pause Young (Normal) (G1 Evacuation Pause)
[2021-04-17T15:34:03.652-0700][gc,task       ] GC(69) Using 8 workers of 8 for evacuation
[2021-04-17T15:34:03.679-0700][gc,mmu        ] GC(69) MMU target violated: 21.0ms (20.0ms/21.0ms)
[2021-04-17T15:34:03.679-0700][gc,phases     ] GC(69)   Pre Evacuate Collection Set: 0.0ms
[2021-04-17T15:34:03.679-0700][gc,phases     ] GC(69)   Evacuate Collection Set: 25.7ms
[2021-04-17T15:34:03.679-0700][gc,phases     ] GC(69)   Post Evacuate Collection Set: 0.9ms
[2021-04-17T15:34:03.679-0700][gc,phases     ] GC(69)   Other: 0.4ms
[2021-04-17T15:34:03.679-0700][gc,heap       ] GC(69) Eden regions: 192->0(106)
[2021-04-17T15:34:03.679-0700][gc,heap       ] GC(69) Survivor regions: 14->14(26)
[2021-04-17T15:34:03.679-0700][gc,heap       ] GC(69) Old regions: 60->60
[2021-04-17T15:34:03.679-0700][gc,heap       ] GC(69) Humongous regions: 129->129
[2021-04-17T15:34:03.679-0700][gc,metaspace  ] GC(69) Metaspace: 40977K->40977K(1087488K)
[2021-04-17T15:34:03.679-0700][gc            ] GC(69) Pause Young (Normal) (G1 Evacuation Pause) 392M->200M(1024M) 27.210ms
[2021-04-17T15:34:03.679-0700][gc,cpu        ] GC(69) User=0.21s Sys=0.00s Real=0.03s
[2021-04-17T15:34:15.540-0700][gc,start      ] GC(70) Pause Young (Normal) (G1 Evacuation Pause)
[2021-04-17T15:34:15.540-0700][gc,task       ] GC(70) Using 8 workers of 8 for evacuation
[2021-04-17T15:34:15.567-0700][gc,mmu        ] GC(70) MMU target violated: 21.0ms (20.0ms/21.0ms)
[2021-04-17T15:34:15.567-0700][gc,phases     ] GC(70)   Pre Evacuate Collection Set: 0.0ms
[2021-04-17T15:34:15.567-0700][gc,phases     ] GC(70)   Evacuate Collection Set: 26.5ms
[2021-04-17T15:34:15.567-0700][gc,phases     ] GC(70)   Post Evacuate Collection Set: 0.7ms
[2021-04-17T15:34:15.567-0700][gc,phases     ] GC(70)   Other: 0.4ms
[2021-04-17T15:34:15.567-0700][gc,heap       ] GC(70) Eden regions: 37->0(158)
[2021-04-17T15:34:15.567-0700][gc,heap       ] GC(70) Survivor regions: 14->5(7)
[2021-04-17T15:34:15.567-0700][gc,heap       ] GC(70) Old regions: 60->70
[2021-04-17T15:34:15.567-0700][gc,heap       ] GC(70) Humongous regions: 129->129
[2021-04-17T15:34:15.567-0700][gc,metaspace  ] GC(70) Metaspace: 40977K->40977K(1087488K)
[2021-04-17T15:34:15.567-0700][gc            ] GC(70) Pause Young (Normal) (G1 Evacuation Pause) 237M->201M(1024M) 27.701ms
[2021-04-17T15:34:15.567-0700][gc,cpu        ] GC(70) User=0.19s Sys=0.00s Real=0.02s
[2021-04-17T15:35:06.914-0700][gc,start      ] GC(71) Pause Young (Normal) (G1 Evacuation Pause)
[2021-04-17T15:35:06.914-0700][gc,task       ] GC(71) Using 8 workers of 8 for evacuation
[2021-04-17T15:35:06.928-0700][gc,phases     ] GC(71)   Pre Evacuate Collection Set: 0.0ms
[2021-04-17T15:35:06.928-0700][gc,phases     ] GC(71)   Evacuate Collection Set: 12.5ms
[2021-04-17T15:35:06.928-0700][gc,phases     ] GC(71)   Post Evacuate Collection Set: 0.8ms
[2021-04-17T15:35:06.928-0700][gc,phases     ] GC(71)   Other: 0.4ms
[2021-04-17T15:35:06.928-0700][gc,heap       ] GC(71) Eden regions: 158->0(144)
[2021-04-17T15:35:06.928-0700][gc,heap       ] GC(71) Survivor regions: 5->6(21)
[2021-04-17T15:35:06.928-0700][gc,heap       ] GC(71) Old regions: 70->70
[2021-04-17T15:35:06.928-0700][gc,heap       ] GC(71) Humongous regions: 129->129
[2021-04-17T15:35:06.928-0700][gc,metaspace  ] GC(71) Metaspace: 40978K->40978K(1087488K)
[2021-04-17T15:35:06.928-0700][gc            ] GC(71) Pause Young (Normal) (G1 Evacuation Pause) 359M->202M(1024M) 14.031ms
[2021-04-17T15:35:06.928-0700][gc,cpu        ] GC(71) User=0.10s Sys=0.00s Real=0.01s
[2021-04-17T15:35:53.691-0700][gc,start      ] GC(72) Pause Young (Normal) (G1 Evacuation Pause)
[2021-04-17T15:35:53.691-0700][gc,task       ] GC(72) Using 8 workers of 8 for evacuation
[2021-04-17T15:35:53.705-0700][gc,phases     ] GC(72)   Pre Evacuate Collection Set: 0.0ms
[2021-04-17T15:35:53.705-0700][gc,phases     ] GC(72)   Evacuate Collection Set: 12.4ms
[2021-04-17T15:35:53.705-0700][gc,phases     ] GC(72)   Post Evacuate Collection Set: 1.0ms
[2021-04-17T15:35:53.705-0700][gc,phases     ] GC(72)   Other: 0.4ms
[2021-04-17T15:35:53.705-0700][gc,heap       ] GC(72) Eden regions: 144->0(151)
[2021-04-17T15:35:53.705-0700][gc,heap       ] GC(72) Survivor regions: 6->6(19)
[2021-04-17T15:35:53.705-0700][gc,heap       ] GC(72) Old regions: 70->70
[2021-04-17T15:35:53.705-0700][gc,heap       ] GC(72) Humongous regions: 129->129
[2021-04-17T15:35:53.705-0700][gc,metaspace  ] GC(72) Metaspace: 40982K->40982K(1087488K)
[2021-04-17T15:35:53.705-0700][gc            ] GC(72) Pause Young (Normal) (G1 Evacuation Pause) 346M->202M(1024M) 14.041ms
[2021-04-17T15:35:53.705-0700][gc,cpu        ] GC(72) User=0.10s Sys=0.00s Real=0.01s
[2021-04-17T15:36:42.807-0700][gc,start      ] GC(73) Pause Young (Normal) (G1 Evacuation Pause)
[2021-04-17T15:36:42.807-0700][gc,task       ] GC(73) Using 8 workers of 8 for evacuation
[2021-04-17T15:36:42.823-0700][gc,phases     ] GC(73)   Pre Evacuate Collection Set: 0.0ms
[2021-04-17T15:36:42.823-0700][gc,phases     ] GC(73)   Evacuate Collection Set: 14.7ms
[2021-04-17T15:36:42.823-0700][gc,phases     ] GC(73)   Post Evacuate Collection Set: 0.9ms
[2021-04-17T15:36:42.823-0700][gc,phases     ] GC(73)   Other: 0.4ms
[2021-04-17T15:36:42.823-0700][gc,heap       ] GC(73) Eden regions: 151->0(150)
[2021-04-17T15:36:42.823-0700][gc,heap       ] GC(73) Survivor regions: 6->8(20)
[2021-04-17T15:36:42.823-0700][gc,heap       ] GC(73) Old regions: 70->70
[2021-04-17T15:36:42.823-0700][gc,heap       ] GC(73) Humongous regions: 129->129
[2021-04-17T15:36:42.823-0700][gc,metaspace  ] GC(73) Metaspace: 40988K->40988K(1087488K)
[2021-04-17T15:36:42.823-0700][gc            ] GC(73) Pause Young (Normal) (G1 Evacuation Pause) 353M->204M(1024M) 16.292ms
[2021-04-17T15:36:42.823-0700][gc,cpu        ] GC(73) User=0.12s Sys=0.00s Real=0.02s
[2021-04-17T15:37:23.338-0700][gc,start      ] GC(74) Pause Young (Normal) (G1 Evacuation Pause)
[2021-04-17T15:37:23.338-0700][gc,task       ] GC(74) Using 8 workers of 8 for evacuation
[2021-04-17T15:37:23.355-0700][gc,phases     ] GC(74)   Pre Evacuate Collection Set: 0.0ms
[2021-04-17T15:37:23.355-0700][gc,phases     ] GC(74)   Evacuate Collection Set: 16.0ms
[2021-04-17T15:37:23.355-0700][gc,phases     ] GC(74)   Post Evacuate Collection Set: 0.8ms
[2021-04-17T15:37:23.355-0700][gc,phases     ] GC(74)   Other: 0.4ms
[2021-04-17T15:37:23.355-0700][gc,heap       ] GC(74) Eden regions: 124->0(146)
[2021-04-17T15:37:23.355-0700][gc,heap       ] GC(74) Survivor regions: 8->9(17)
[2021-04-17T15:37:23.355-0700][gc,heap       ] GC(74) Old regions: 70->70
[2021-04-17T15:37:23.355-0700][gc,heap       ] GC(74) Humongous regions: 129->129
[2021-04-17T15:37:23.355-0700][gc,metaspace  ] GC(74) Metaspace: 40990K->40990K(1087488K)
[2021-04-17T15:37:23.355-0700][gc            ] GC(74) Pause Young (Normal) (G1 Evacuation Pause) 328M->205M(1024M) 17.484ms
[2021-04-17T15:37:23.355-0700][gc,cpu        ] GC(74) User=0.13s Sys=0.00s Real=0.01s
[2021-04-17T15:38:10.965-0700][gc,start      ] GC(75) Pause Young (Normal) (G1 Evacuation Pause)
[2021-04-17T15:38:10.965-0700][gc,task       ] GC(75) Using 8 workers of 8 for evacuation
[2021-04-17T15:38:10.985-0700][gc,phases     ] GC(75)   Pre Evacuate Collection Set: 0.0ms
[2021-04-17T15:38:10.985-0700][gc,phases     ] GC(75)   Evacuate Collection Set: 18.9ms
[2021-04-17T15:38:10.985-0700][gc,phases     ] GC(75)   Post Evacuate Collection Set: 0.8ms
[2021-04-17T15:38:10.985-0700][gc,phases     ] GC(75)   Other: 0.4ms
[2021-04-17T15:38:10.985-0700][gc,heap       ] GC(75) Eden regions: 146->0(121)
[2021-04-17T15:38:10.985-0700][gc,heap       ] GC(75) Survivor regions: 9->11(20)
[2021-04-17T15:38:10.985-0700][gc,heap       ] GC(75) Old regions: 70->70
[2021-04-17T15:38:10.985-0700][gc,heap       ] GC(75) Humongous regions: 129->129
[2021-04-17T15:38:10.985-0700][gc,metaspace  ] GC(75) Metaspace: 40990K->40990K(1087488K)
[2021-04-17T15:38:10.985-0700][gc            ] GC(75) Pause Young (Normal) (G1 Evacuation Pause) 351M->207M(1024M) 20.280ms
[2021-04-17T15:38:10.985-0700][gc,cpu        ] GC(75) User=0.15s Sys=0.00s Real=0.02s
[2021-04-17T15:38:50.379-0700][gc,start      ] GC(76) Pause Young (Normal) (G1 Evacuation Pause)
[2021-04-17T15:38:50.379-0700][gc,task       ] GC(76) Using 8 workers of 8 for evacuation
[2021-04-17T15:38:50.386-0700][gc,phases     ] GC(76)   Pre Evacuate Collection Set: 0.0ms
[2021-04-17T15:38:50.386-0700][gc,phases     ] GC(76)   Evacuate Collection Set: 6.1ms
[2021-04-17T15:38:50.386-0700][gc,phases     ] GC(76)   Post Evacuate Collection Set: 0.5ms
[2021-04-17T15:38:50.386-0700][gc,phases     ] GC(76)   Other: 0.3ms
[2021-04-17T15:38:50.386-0700][gc,heap       ] GC(76) Eden regions: 121->0(159)
[2021-04-17T15:38:50.386-0700][gc,heap       ] GC(76) Survivor regions: 11->9(17)
[2021-04-17T15:38:50.386-0700][gc,heap       ] GC(76) Old regions: 70->72
[2021-04-17T15:38:50.386-0700][gc,heap       ] GC(76) Humongous regions: 129->129
[2021-04-17T15:38:50.386-0700][gc,metaspace  ] GC(76) Metaspace: 40990K->40990K(1087488K)
[2021-04-17T15:38:50.386-0700][gc            ] GC(76) Pause Young (Normal) (G1 Evacuation Pause) 328M->207M(1024M) 7.024ms
[2021-04-17T15:38:50.386-0700][gc,cpu        ] GC(76) User=0.05s Sys=0.00s Real=0.00s
[2021-04-17T15:39:42.210-0700][gc,start      ] GC(77) Pause Young (Normal) (G1 Evacuation Pause)
[2021-04-17T15:39:42.210-0700][gc,task       ] GC(77) Using 8 workers of 8 for evacuation
[2021-04-17T15:39:42.229-0700][gc,phases     ] GC(77)   Pre Evacuate Collection Set: 0.0ms
[2021-04-17T15:39:42.229-0700][gc,phases     ] GC(77)   Evacuate Collection Set: 17.7ms
[2021-04-17T15:39:42.229-0700][gc,phases     ] GC(77)   Post Evacuate Collection Set: 0.9ms
[2021-04-17T15:39:42.229-0700][gc,phases     ] GC(77)   Other: 0.5ms
[2021-04-17T15:39:42.229-0700][gc,heap       ] GC(77) Eden regions: 159->0(151)
[2021-04-17T15:39:42.229-0700][gc,heap       ] GC(77) Survivor regions: 9->9(21)
[2021-04-17T15:39:42.229-0700][gc,heap       ] GC(77) Old regions: 72->72
[2021-04-17T15:39:42.229-0700][gc,heap       ] GC(77) Humongous regions: 129->129
[2021-04-17T15:39:42.229-0700][gc,metaspace  ] GC(77) Metaspace: 40993K->40993K(1087488K)
[2021-04-17T15:39:42.229-0700][gc            ] GC(77) Pause Young (Normal) (G1 Evacuation Pause) 366M->208M(1024M) 19.350ms
[2021-04-17T15:39:42.229-0700][gc,cpu        ] GC(77) User=0.15s Sys=0.00s Real=0.02s
[2021-04-17T15:40:25.965-0700][gc,start      ] GC(78) Pause Young (Normal) (G1 Evacuation Pause)
[2021-04-17T15:40:25.965-0700][gc,task       ] GC(78) Using 8 workers of 8 for evacuation
[2021-04-17T15:40:25.984-0700][gc,phases     ] GC(78)   Pre Evacuate Collection Set: 0.1ms
[2021-04-17T15:40:25.984-0700][gc,phases     ] GC(78)   Evacuate Collection Set: 18.0ms
[2021-04-17T15:40:25.984-0700][gc,phases     ] GC(78)   Post Evacuate Collection Set: 0.5ms
[2021-04-17T15:40:25.984-0700][gc,phases     ] GC(78)   Other: 0.5ms
[2021-04-17T15:40:25.984-0700][gc,heap       ] GC(78) Eden regions: 134->0(135)
[2021-04-17T15:40:25.984-0700][gc,heap       ] GC(78) Survivor regions: 9->12(18)
[2021-04-17T15:40:25.984-0700][gc,heap       ] GC(78) Old regions: 72->72
[2021-04-17T15:40:25.984-0700][gc,heap       ] GC(78) Humongous regions: 129->129
[2021-04-17T15:40:25.984-0700][gc,metaspace  ] GC(78) Metaspace: 40995K->40995K(1087488K)
[2021-04-17T15:40:25.984-0700][gc            ] GC(78) Pause Young (Normal) (G1 Evacuation Pause) 342M->211M(1024M) 19.211ms
[2021-04-17T15:40:25.984-0700][gc,cpu        ] GC(78) User=0.15s Sys=0.00s Real=0.02s
[2021-04-17T15:41:09.783-0700][gc,start      ] GC(79) Pause Young (Normal) (G1 Evacuation Pause)
[2021-04-17T15:41:09.783-0700][gc,task       ] GC(79) Using 8 workers of 8 for evacuation
[2021-04-17T15:41:09.806-0700][gc,mmu        ] GC(79) MMU target violated: 21.0ms (20.0ms/21.0ms)
[2021-04-17T15:41:09.806-0700][gc,phases     ] GC(79)   Pre Evacuate Collection Set: 0.0ms
[2021-04-17T15:41:09.806-0700][gc,phases     ] GC(79)   Evacuate Collection Set: 21.7ms
[2021-04-17T15:41:09.806-0700][gc,phases     ] GC(79)   Post Evacuate Collection Set: 0.9ms
[2021-04-17T15:41:09.807-0700][gc,phases     ] GC(79)   Other: 0.5ms
[2021-04-17T15:41:09.807-0700][gc,heap       ] GC(79) Eden regions: 135->0(79)
[2021-04-17T15:41:09.807-0700][gc,heap       ] GC(79) Survivor regions: 12->11(19)
[2021-04-17T15:41:09.807-0700][gc,heap       ] GC(79) Old regions: 72->74
[2021-04-17T15:41:09.807-0700][gc,heap       ] GC(79) Humongous regions: 129->129
[2021-04-17T15:41:09.807-0700][gc,metaspace  ] GC(79) Metaspace: 40995K->40995K(1087488K)
[2021-04-17T15:41:09.807-0700][gc            ] GC(79) Pause Young (Normal) (G1 Evacuation Pause) 346M->212M(1024M) 23.324ms
[2021-04-17T15:41:09.807-0700][gc,cpu        ] GC(79) User=0.17s Sys=0.00s Real=0.02s
[2021-04-17T15:41:35.326-0700][gc,start      ] GC(80) Pause Young (Normal) (G1 Evacuation Pause)
[2021-04-17T15:41:35.326-0700][gc,task       ] GC(80) Using 8 workers of 8 for evacuation
[2021-04-17T15:41:35.349-0700][gc,mmu        ] GC(80) MMU target violated: 21.0ms (20.0ms/21.0ms)
[2021-04-17T15:41:35.350-0700][gc,phases     ] GC(80)   Pre Evacuate Collection Set: 0.0ms
[2021-04-17T15:41:35.350-0700][gc,phases     ] GC(80)   Evacuate Collection Set: 22.3ms
[2021-04-17T15:41:35.350-0700][gc,phases     ] GC(80)   Post Evacuate Collection Set: 0.9ms
[2021-04-17T15:41:35.350-0700][gc,phases     ] GC(80)   Other: 0.5ms
[2021-04-17T15:41:35.350-0700][gc,heap       ] GC(80) Eden regions: 79->0(98)
[2021-04-17T15:41:35.350-0700][gc,heap       ] GC(80) Survivor regions: 11->8(12)
[2021-04-17T15:41:35.350-0700][gc,heap       ] GC(80) Old regions: 74->78
[2021-04-17T15:41:35.350-0700][gc,heap       ] GC(80) Humongous regions: 129->129
[2021-04-17T15:41:35.350-0700][gc,metaspace  ] GC(80) Metaspace: 40995K->40995K(1087488K)
[2021-04-17T15:41:35.350-0700][gc            ] GC(80) Pause Young (Normal) (G1 Evacuation Pause) 291M->212M(1024M) 23.882ms
[2021-04-17T15:41:35.350-0700][gc,cpu        ] GC(80) User=0.17s Sys=0.01s Real=0.03s
[2021-04-17T15:42:07.184-0700][gc,start      ] GC(81) Pause Young (Normal) (G1 Evacuation Pause)
[2021-04-17T15:42:07.185-0700][gc,task       ] GC(81) Using 8 workers of 8 for evacuation
[2021-04-17T15:42:07.193-0700][gc,phases     ] GC(81)   Pre Evacuate Collection Set: 0.0ms
[2021-04-17T15:42:07.193-0700][gc,phases     ] GC(81)   Evacuate Collection Set: 8.0ms
[2021-04-17T15:42:07.193-0700][gc,phases     ] GC(81)   Post Evacuate Collection Set: 0.3ms
[2021-04-17T15:42:07.193-0700][gc,phases     ] GC(81)   Other: 0.4ms
[2021-04-17T15:42:07.193-0700][gc,heap       ] GC(81) Eden regions: 98->0(128)
[2021-04-17T15:42:07.193-0700][gc,heap       ] GC(81) Survivor regions: 8->8(14)
[2021-04-17T15:42:07.193-0700][gc,heap       ] GC(81) Old regions: 78->78
[2021-04-17T15:42:07.193-0700][gc,heap       ] GC(81) Humongous regions: 129->129
[2021-04-17T15:42:07.193-0700][gc,metaspace  ] GC(81) Metaspace: 40998K->40998K(1087488K)
[2021-04-17T15:42:07.193-0700][gc            ] GC(81) Pause Young (Normal) (G1 Evacuation Pause) 310M->213M(1024M) 8.688ms
[2021-04-17T15:42:07.193-0700][gc,cpu        ] GC(81) User=0.06s Sys=0.00s Real=0.01s
[2021-04-17T15:42:48.867-0700][gc,start      ] GC(82) Pause Young (Normal) (G1 Evacuation Pause)
[2021-04-17T15:42:48.867-0700][gc,task       ] GC(82) Using 8 workers of 8 for evacuation
[2021-04-17T15:42:48.885-0700][gc,phases     ] GC(82)   Pre Evacuate Collection Set: 0.0ms
[2021-04-17T15:42:48.885-0700][gc,phases     ] GC(82)   Evacuate Collection Set: 16.1ms
[2021-04-17T15:42:48.885-0700][gc,phases     ] GC(82)   Post Evacuate Collection Set: 0.8ms
[2021-04-17T15:42:48.885-0700][gc,phases     ] GC(82)   Other: 0.4ms
[2021-04-17T15:42:48.885-0700][gc,heap       ] GC(82) Eden regions: 128->0(121)
[2021-04-17T15:42:48.885-0700][gc,heap       ] GC(82) Survivor regions: 8->9(17)
[2021-04-17T15:42:48.885-0700][gc,heap       ] GC(82) Old regions: 78->78
[2021-04-17T15:42:48.885-0700][gc,heap       ] GC(82) Humongous regions: 129->129
[2021-04-17T15:42:48.885-0700][gc,metaspace  ] GC(82) Metaspace: 40998K->40998K(1087488K)
[2021-04-17T15:42:48.885-0700][gc            ] GC(82) Pause Young (Normal) (G1 Evacuation Pause) 341M->214M(1024M) 17.683ms
[2021-04-17T15:42:48.885-0700][gc,cpu        ] GC(82) User=0.13s Sys=0.00s Real=0.02s
[2021-04-17T15:43:28.258-0700][gc,start      ] GC(83) Pause Young (Normal) (G1 Evacuation Pause)
[2021-04-17T15:43:28.258-0700][gc,task       ] GC(83) Using 8 workers of 8 for evacuation
[2021-04-17T15:43:28.276-0700][gc,phases     ] GC(83)   Pre Evacuate Collection Set: 0.0ms
[2021-04-17T15:43:28.276-0700][gc,phases     ] GC(83)   Evacuate Collection Set: 17.5ms
[2021-04-17T15:43:28.276-0700][gc,phases     ] GC(83)   Post Evacuate Collection Set: 0.9ms
[2021-04-17T15:43:28.277-0700][gc,phases     ] GC(83)   Other: 0.4ms
[2021-04-17T15:43:28.277-0700][gc,heap       ] GC(83) Eden regions: 121->0(116)
[2021-04-17T15:43:28.277-0700][gc,heap       ] GC(83) Survivor regions: 9->9(17)
[2021-04-17T15:43:28.277-0700][gc,heap       ] GC(83) Old regions: 78->78
[2021-04-17T15:43:28.277-0700][gc,heap       ] GC(83) Humongous regions: 129->129
[2021-04-17T15:43:28.277-0700][gc,metaspace  ] GC(83) Metaspace: 41003K->41003K(1087488K)
[2021-04-17T15:43:28.277-0700][gc            ] GC(83) Pause Young (Normal) (G1 Evacuation Pause) 335M->214M(1024M) 19.008ms
[2021-04-17T15:43:28.277-0700][gc,cpu        ] GC(83) User=0.14s Sys=0.00s Real=0.02s
[2021-04-17T15:44:05.965-0700][gc,start      ] GC(84) Pause Young (Normal) (G1 Evacuation Pause)
[2021-04-17T15:44:05.965-0700][gc,task       ] GC(84) Using 8 workers of 8 for evacuation
[2021-04-17T15:44:05.986-0700][gc,mmu        ] GC(84) MMU target violated: 20.6ms (20.0ms/21.0ms)
[2021-04-17T15:44:05.986-0700][gc,phases     ] GC(84)   Pre Evacuate Collection Set: 0.1ms
[2021-04-17T15:44:05.986-0700][gc,phases     ] GC(84)   Evacuate Collection Set: 19.5ms
[2021-04-17T15:44:05.986-0700][gc,phases     ] GC(84)   Post Evacuate Collection Set: 0.8ms
[2021-04-17T15:44:05.986-0700][gc,phases     ] GC(84)   Other: 0.7ms
[2021-04-17T15:44:05.986-0700][gc,heap       ] GC(84) Eden regions: 116->0(113)
[2021-04-17T15:44:05.986-0700][gc,heap       ] GC(84) Survivor regions: 9->10(16)
[2021-04-17T15:44:05.986-0700][gc,heap       ] GC(84) Old regions: 78->79
[2021-04-17T15:44:05.986-0700][gc,heap       ] GC(84) Humongous regions: 129->129
[2021-04-17T15:44:05.986-0700][gc,metaspace  ] GC(84) Metaspace: 41006K->41006K(1087488K)
[2021-04-17T15:44:05.986-0700][gc            ] GC(84) Pause Young (Normal) (G1 Evacuation Pause) 330M->216M(1024M) 21.124ms
[2021-04-17T15:44:05.986-0700][gc,cpu        ] GC(84) User=0.15s Sys=0.01s Real=0.02s
[2021-04-17T15:44:35.435-0700][gc,start      ] GC(85) Pause Young (Normal) (G1 Evacuation Pause)
[2021-04-17T15:44:35.435-0700][gc,task       ] GC(85) Using 8 workers of 8 for evacuation
[2021-04-17T15:44:35.456-0700][gc,mmu        ] GC(85) MMU target violated: 21.0ms (20.0ms/21.0ms)
[2021-04-17T15:44:35.456-0700][gc,phases     ] GC(85)   Pre Evacuate Collection Set: 0.1ms
[2021-04-17T15:44:35.456-0700][gc,phases     ] GC(85)   Evacuate Collection Set: 20.7ms
[2021-04-17T15:44:35.456-0700][gc,phases     ] GC(85)   Post Evacuate Collection Set: 0.6ms
[2021-04-17T15:44:35.456-0700][gc,phases     ] GC(85)   Other: 0.5ms
[2021-04-17T15:44:35.456-0700][gc,heap       ] GC(85) Eden regions: 91->0(118)
[2021-04-17T15:44:35.456-0700][gc,heap       ] GC(85) Survivor regions: 10->6(13)
[2021-04-17T15:44:35.457-0700][gc,heap       ] GC(85) Old regions: 79->83
[2021-04-17T15:44:35.457-0700][gc,heap       ] GC(85) Humongous regions: 129->129
[2021-04-17T15:44:35.457-0700][gc,metaspace  ] GC(85) Metaspace: 41010K->41010K(1087488K)
[2021-04-17T15:44:35.457-0700][gc            ] GC(85) Pause Young (Normal) (G1 Evacuation Pause) 307M->215M(1024M) 22.038ms
[2021-04-17T15:44:35.457-0700][gc,cpu        ] GC(85) User=0.15s Sys=0.00s Real=0.02s
[2021-04-17T15:45:13.783-0700][gc,start      ] GC(86) Pause Young (Normal) (G1 Evacuation Pause)
[2021-04-17T15:45:13.783-0700][gc,task       ] GC(86) Using 8 workers of 8 for evacuation
[2021-04-17T15:45:13.799-0700][gc,phases     ] GC(86)   Pre Evacuate Collection Set: 0.0ms
[2021-04-17T15:45:13.799-0700][gc,phases     ] GC(86)   Evacuate Collection Set: 14.9ms
[2021-04-17T15:45:13.800-0700][gc,phases     ] GC(86)   Post Evacuate Collection Set: 0.9ms
[2021-04-17T15:45:13.800-0700][gc,phases     ] GC(86)   Other: 0.4ms
[2021-04-17T15:45:13.800-0700][gc,heap       ] GC(86) Eden regions: 118->0(115)
[2021-04-17T15:45:13.800-0700][gc,heap       ] GC(86) Survivor regions: 6->8(16)
[2021-04-17T15:45:13.800-0700][gc,heap       ] GC(86) Old regions: 83->83
[2021-04-17T15:45:13.800-0700][gc,heap       ] GC(86) Humongous regions: 129->129
[2021-04-17T15:45:13.800-0700][gc,metaspace  ] GC(86) Metaspace: 41017K->41017K(1087488K)
[2021-04-17T15:45:13.800-0700][gc            ] GC(86) Pause Young (Normal) (G1 Evacuation Pause) 333M->217M(1024M) 16.440ms
[2021-04-17T15:45:13.800-0700][gc,cpu        ] GC(86) User=0.12s Sys=0.00s Real=0.02s
[2021-04-17T15:45:46.538-0700][gc,start      ] GC(87) Pause Young (Normal) (G1 Evacuation Pause)
[2021-04-17T15:45:46.538-0700][gc,task       ] GC(87) Using 8 workers of 8 for evacuation
[2021-04-17T15:45:46.543-0700][gc,phases     ] GC(87)   Pre Evacuate Collection Set: 0.0ms
[2021-04-17T15:45:46.543-0700][gc,phases     ] GC(87)   Evacuate Collection Set: 4.2ms
[2021-04-17T15:45:46.543-0700][gc,phases     ] GC(87)   Post Evacuate Collection Set: 0.4ms
[2021-04-17T15:45:46.543-0700][gc,phases     ] GC(87)   Other: 0.2ms
[2021-04-17T15:45:46.543-0700][gc,heap       ] GC(87) Eden regions: 101->0(122)
[2021-04-17T15:45:46.543-0700][gc,heap       ] GC(87) Survivor regions: 8->8(14)
[2021-04-17T15:45:46.543-0700][gc,heap       ] GC(87) Old regions: 83->83
[2021-04-17T15:45:46.543-0700][gc,heap       ] GC(87) Humongous regions: 129->129
[2021-04-17T15:45:46.543-0700][gc,metaspace  ] GC(87) Metaspace: 41017K->41017K(1087488K)
[2021-04-17T15:45:46.543-0700][gc            ] GC(87) Pause Young (Normal) (G1 Evacuation Pause) 318M->217M(1024M) 4.811ms
[2021-04-17T15:45:46.543-0700][gc,cpu        ] GC(87) User=0.04s Sys=0.00s Real=0.00s
[2021-04-17T15:46:25.306-0700][gc,start      ] GC(88) Pause Young (Normal) (G1 Evacuation Pause)
[2021-04-17T15:46:25.306-0700][gc,task       ] GC(88) Using 8 workers of 8 for evacuation
[2021-04-17T15:46:25.324-0700][gc,phases     ] GC(88)   Pre Evacuate Collection Set: 0.0ms
[2021-04-17T15:46:25.324-0700][gc,phases     ] GC(88)   Evacuate Collection Set: 16.8ms
[2021-04-17T15:46:25.324-0700][gc,phases     ] GC(88)   Post Evacuate Collection Set: 0.9ms
[2021-04-17T15:46:25.324-0700][gc,phases     ] GC(88)   Other: 0.4ms
[2021-04-17T15:46:25.324-0700][gc,heap       ] GC(88) Eden regions: 119->0(122)
[2021-04-17T15:46:25.324-0700][gc,heap       ] GC(88) Survivor regions: 8->9(16)
[2021-04-17T15:46:25.324-0700][gc,heap       ] GC(88) Old regions: 83->83
[2021-04-17T15:46:25.324-0700][gc,heap       ] GC(88) Humongous regions: 129->129
[2021-04-17T15:46:25.324-0700][gc,metaspace  ] GC(88) Metaspace: 41017K->41017K(1087488K)
[2021-04-17T15:46:25.324-0700][gc            ] GC(88) Pause Young (Normal) (G1 Evacuation Pause) 336M->218M(1024M) 18.412ms
[2021-04-17T15:46:25.324-0700][gc,cpu        ] GC(88) User=0.14s Sys=0.00s Real=0.02s
[2021-04-17T15:47:05.083-0700][gc,start      ] GC(89) Pause Young (Normal) (G1 Evacuation Pause)
[2021-04-17T15:47:05.083-0700][gc,task       ] GC(89) Using 8 workers of 8 for evacuation
[2021-04-17T15:47:05.109-0700][gc,mmu        ] GC(89) MMU target violated: 21.0ms (20.0ms/21.0ms)
[2021-04-17T15:47:05.109-0700][gc,phases     ] GC(89)   Pre Evacuate Collection Set: 0.0ms
[2021-04-17T15:47:05.109-0700][gc,phases     ] GC(89)   Evacuate Collection Set: 25.0ms
[2021-04-17T15:47:05.109-0700][gc,phases     ] GC(89)   Post Evacuate Collection Set: 0.7ms
[2021-04-17T15:47:05.109-0700][gc,phases     ] GC(89)   Other: 0.5ms
[2021-04-17T15:47:05.109-0700][gc,heap       ] GC(89) Eden regions: 122->0(112)
[2021-04-17T15:47:05.109-0700][gc,heap       ] GC(89) Survivor regions: 9->11(17)
[2021-04-17T15:47:05.109-0700][gc,heap       ] GC(89) Old regions: 83->83
[2021-04-17T15:47:05.109-0700][gc,heap       ] GC(89) Humongous regions: 129->129
[2021-04-17T15:47:05.109-0700][gc,metaspace  ] GC(89) Metaspace: 41017K->41017K(1087488K)
[2021-04-17T15:47:05.110-0700][gc            ] GC(89) Pause Young (Normal) (G1 Evacuation Pause) 340M->220M(1024M) 26.268ms
[2021-04-17T15:47:05.110-0700][gc,cpu        ] GC(89) User=0.16s Sys=0.00s Real=0.03s
[2021-04-17T15:47:34.965-0700][gc,start      ] GC(90) Pause Young (Normal) (G1 Evacuation Pause)
[2021-04-17T15:47:34.965-0700][gc,task       ] GC(90) Using 8 workers of 8 for evacuation
[2021-04-17T15:47:34.987-0700][gc,mmu        ] GC(90) MMU target violated: 21.0ms (20.0ms/21.0ms)
[2021-04-17T15:47:34.987-0700][gc,phases     ] GC(90)   Pre Evacuate Collection Set: 0.0ms
[2021-04-17T15:47:34.987-0700][gc,phases     ] GC(90)   Evacuate Collection Set: 20.9ms
[2021-04-17T15:47:34.987-0700][gc,phases     ] GC(90)   Post Evacuate Collection Set: 0.9ms
[2021-04-17T15:47:34.987-0700][gc,phases     ] GC(90)   Other: 0.5ms
[2021-04-17T15:47:34.987-0700][gc,heap       ] GC(90) Eden regions: 92->0(120)
[2021-04-17T15:47:34.987-0700][gc,heap       ] GC(90) Survivor regions: 11->7(13)
[2021-04-17T15:47:34.987-0700][gc,heap       ] GC(90) Old regions: 83->86
[2021-04-17T15:47:34.987-0700][gc,heap       ] GC(90) Humongous regions: 129->129
[2021-04-17T15:47:34.987-0700][gc,metaspace  ] GC(90) Metaspace: 41017K->41017K(1087488K)
[2021-04-17T15:47:34.988-0700][gc            ] GC(90) Pause Young (Normal) (G1 Evacuation Pause) 312M->220M(1024M) 22.540ms
[2021-04-17T15:47:34.988-0700][gc,cpu        ] GC(90) User=0.16s Sys=0.01s Real=0.02s
[2021-04-17T15:48:13.966-0700][gc,start      ] GC(91) Pause Young (Normal) (G1 Evacuation Pause)
[2021-04-17T15:48:13.966-0700][gc,task       ] GC(91) Using 8 workers of 8 for evacuation
[2021-04-17T15:48:13.975-0700][gc,phases     ] GC(91)   Pre Evacuate Collection Set: 0.0ms
[2021-04-17T15:48:13.975-0700][gc,phases     ] GC(91)   Evacuate Collection Set: 9.1ms
[2021-04-17T15:48:13.975-0700][gc,phases     ] GC(91)   Post Evacuate Collection Set: 0.4ms
[2021-04-17T15:48:13.975-0700][gc,phases     ] GC(91)   Other: 0.2ms
[2021-04-17T15:48:13.975-0700][gc,heap       ] GC(91) Eden regions: 120->0(124)
[2021-04-17T15:48:13.975-0700][gc,heap       ] GC(91) Survivor regions: 7->9(16)
[2021-04-17T15:48:13.975-0700][gc,heap       ] GC(91) Old regions: 86->86
[2021-04-17T15:48:13.975-0700][gc,heap       ] GC(91) Humongous regions: 129->129
[2021-04-17T15:48:13.975-0700][gc,metaspace  ] GC(91) Metaspace: 41017K->41017K(1087488K)
[2021-04-17T15:48:13.975-0700][gc            ] GC(91) Pause Young (Normal) (G1 Evacuation Pause) 340M->221M(1024M) 9.815ms
[2021-04-17T15:48:13.976-0700][gc,cpu        ] GC(91) User=0.06s Sys=0.00s Real=0.01s
[2021-04-17T15:48:54.407-0700][gc,start      ] GC(92) Pause Young (Normal) (G1 Evacuation Pause)
[2021-04-17T15:48:54.407-0700][gc,task       ] GC(92) Using 8 workers of 8 for evacuation
[2021-04-17T15:48:54.427-0700][gc,phases     ] GC(92)   Pre Evacuate Collection Set: 0.1ms
[2021-04-17T15:48:54.427-0700][gc,phases     ] GC(92)   Evacuate Collection Set: 17.9ms
[2021-04-17T15:48:54.427-0700][gc,phases     ] GC(92)   Post Evacuate Collection Set: 0.8ms
[2021-04-17T15:48:54.427-0700][gc,phases     ] GC(92)   Other: 0.5ms
[2021-04-17T15:48:54.427-0700][gc,heap       ] GC(92) Eden regions: 124->0(123)
[2021-04-17T15:48:54.427-0700][gc,heap       ] GC(92) Survivor regions: 9->10(17)
[2021-04-17T15:48:54.427-0700][gc,heap       ] GC(92) Old regions: 86->86
[2021-04-17T15:48:54.427-0700][gc,heap       ] GC(92) Humongous regions: 129->129
[2021-04-17T15:48:54.427-0700][gc,metaspace  ] GC(92) Metaspace: 41021K->41021K(1087488K)
[2021-04-17T15:48:54.427-0700][gc            ] GC(92) Pause Young (Normal) (G1 Evacuation Pause) 345M->222M(1024M) 19.554ms
[2021-04-17T15:48:54.427-0700][gc,cpu        ] GC(92) User=0.15s Sys=0.00s Real=0.02s
[2021-04-17T15:49:34.428-0700][gc,start      ] GC(93) Pause Young (Normal) (G1 Evacuation Pause)
[2021-04-17T15:49:34.428-0700][gc,task       ] GC(93) Using 8 workers of 8 for evacuation
[2021-04-17T15:49:34.437-0700][gc,phases     ] GC(93)   Pre Evacuate Collection Set: 0.0ms
[2021-04-17T15:49:34.437-0700][gc,phases     ] GC(93)   Evacuate Collection Set: 9.2ms
[2021-04-17T15:49:34.437-0700][gc,phases     ] GC(93)   Post Evacuate Collection Set: 0.3ms
[2021-04-17T15:49:34.438-0700][gc,phases     ] GC(93)   Other: 0.4ms
[2021-04-17T15:49:34.438-0700][gc,heap       ] GC(93) Eden regions: 123->0(133)
[2021-04-17T15:49:34.438-0700][gc,heap       ] GC(93) Survivor regions: 10->9(17)
[2021-04-17T15:49:34.438-0700][gc,heap       ] GC(93) Old regions: 86->87
[2021-04-17T15:49:34.438-0700][gc,heap       ] GC(93) Humongous regions: 129->129
[2021-04-17T15:49:34.438-0700][gc,metaspace  ] GC(93) Metaspace: 41026K->41026K(1087488K)
[2021-04-17T15:49:34.438-0700][gc            ] GC(93) Pause Young (Normal) (G1 Evacuation Pause) 345M->223M(1024M) 9.994ms
[2021-04-17T15:49:34.438-0700][gc,cpu        ] GC(93) User=0.07s Sys=0.00s Real=0.02s
[2021-04-17T15:50:16.930-0700][gc,start      ] GC(94) Pause Young (Normal) (G1 Evacuation Pause)
[2021-04-17T15:50:16.930-0700][gc,task       ] GC(94) Using 8 workers of 8 for evacuation
[2021-04-17T15:50:16.951-0700][gc,mmu        ] GC(94) MMU target violated: 20.4ms (20.0ms/21.0ms)
[2021-04-17T15:50:16.951-0700][gc,phases     ] GC(94)   Pre Evacuate Collection Set: 0.0ms
[2021-04-17T15:50:16.951-0700][gc,phases     ] GC(94)   Evacuate Collection Set: 19.4ms
[2021-04-17T15:50:16.951-0700][gc,phases     ] GC(94)   Post Evacuate Collection Set: 0.9ms
[2021-04-17T15:50:16.951-0700][gc,phases     ] GC(94)   Other: 0.5ms
[2021-04-17T15:50:16.951-0700][gc,heap       ] GC(94) Eden regions: 130->0(129)
[2021-04-17T15:50:16.951-0700][gc,heap       ] GC(94) Survivor regions: 9->11(18)
[2021-04-17T15:50:16.951-0700][gc,heap       ] GC(94) Old regions: 87->87
[2021-04-17T15:50:16.951-0700][gc,heap       ] GC(94) Humongous regions: 129->129
[2021-04-17T15:50:16.951-0700][gc,metaspace  ] GC(94) Metaspace: 41026K->41026K(1087488K)
[2021-04-17T15:50:16.951-0700][gc            ] GC(94) Pause Young (Normal) (G1 Evacuation Pause) 353M->224M(1024M) 20.954ms
[2021-04-17T15:50:16.951-0700][gc,cpu        ] GC(94) User=0.16s Sys=0.00s Real=0.02s
[2021-04-17T15:50:56.215-0700][gc,start      ] GC(95) Pause Young (Normal) (G1 Evacuation Pause)
[2021-04-17T15:50:56.215-0700][gc,task       ] GC(95) Using 8 workers of 8 for evacuation
[2021-04-17T15:50:56.238-0700][gc,mmu        ] GC(95) MMU target violated: 21.0ms (20.0ms/21.0ms)
[2021-04-17T15:50:56.238-0700][gc,phases     ] GC(95)   Pre Evacuate Collection Set: 0.0ms
[2021-04-17T15:50:56.238-0700][gc,phases     ] GC(95)   Evacuate Collection Set: 21.8ms
[2021-04-17T15:50:56.238-0700][gc,phases     ] GC(95)   Post Evacuate Collection Set: 1.0ms
[2021-04-17T15:50:56.238-0700][gc,phases     ] GC(95)   Other: 0.5ms
[2021-04-17T15:50:56.238-0700][gc,heap       ] GC(95) Eden regions: 121->0(120)
[2021-04-17T15:50:56.238-0700][gc,heap       ] GC(95) Survivor regions: 11->10(17)
[2021-04-17T15:50:56.238-0700][gc,heap       ] GC(95) Old regions: 87->89
[2021-04-17T15:50:56.238-0700][gc,heap       ] GC(95) Humongous regions: 129->129
[2021-04-17T15:50:56.238-0700][gc,metaspace  ] GC(95) Metaspace: 41026K->41026K(1087488K)
[2021-04-17T15:50:56.238-0700][gc            ] GC(95) Pause Young (Normal) (G1 Evacuation Pause) 345M->225M(1024M) 23.446ms
[2021-04-17T15:50:56.238-0700][gc,cpu        ] GC(95) User=0.16s Sys=0.00s Real=0.03s
[2021-04-17T15:51:35.305-0700][gc,start      ] GC(96) Pause Young (Normal) (G1 Evacuation Pause)
[2021-04-17T15:51:35.305-0700][gc,task       ] GC(96) Using 8 workers of 8 for evacuation
[2021-04-17T15:51:35.325-0700][gc,phases     ] GC(96)   Pre Evacuate Collection Set: 0.0ms
[2021-04-17T15:51:35.325-0700][gc,phases     ] GC(96)   Evacuate Collection Set: 18.7ms
[2021-04-17T15:51:35.325-0700][gc,phases     ] GC(96)   Post Evacuate Collection Set: 0.9ms
[2021-04-17T15:51:35.325-0700][gc,phases     ] GC(96)   Other: 0.5ms
[2021-04-17T15:51:35.325-0700][gc,heap       ] GC(96) Eden regions: 120->0(121)
[2021-04-17T15:51:35.325-0700][gc,heap       ] GC(96) Survivor regions: 10->10(17)
[2021-04-17T15:51:35.325-0700][gc,heap       ] GC(96) Old regions: 89->89
[2021-04-17T15:51:35.325-0700][gc,heap       ] GC(96) Humongous regions: 129->129
[2021-04-17T15:51:35.325-0700][gc,metaspace  ] GC(96) Metaspace: 41051K->41051K(1087488K)
[2021-04-17T15:51:35.325-0700][gc            ] GC(96) Pause Young (Normal) (G1 Evacuation Pause) 345M->226M(1024M) 20.342ms
[2021-04-17T15:51:35.325-0700][gc,cpu        ] GC(96) User=0.14s Sys=0.01s Real=0.02s
[2021-04-17T15:51:59.376-0700][gc,start      ] GC(97) Pause Young (Normal) (G1 Evacuation Pause)
[2021-04-17T15:51:59.376-0700][gc,task       ] GC(97) Using 8 workers of 8 for evacuation
[2021-04-17T15:51:59.398-0700][gc,mmu        ] GC(97) MMU target violated: 21.0ms (20.0ms/21.0ms)
[2021-04-17T15:51:59.398-0700][gc,phases     ] GC(97)   Pre Evacuate Collection Set: 0.0ms
[2021-04-17T15:51:59.398-0700][gc,phases     ] GC(97)   Evacuate Collection Set: 20.7ms
[2021-04-17T15:51:59.398-0700][gc,phases     ] GC(97)   Post Evacuate Collection Set: 0.9ms
[2021-04-17T15:51:59.398-0700][gc,phases     ] GC(97)   Other: 0.5ms
[2021-04-17T15:51:59.398-0700][gc,heap       ] GC(97) Eden regions: 74->0(122)
[2021-04-17T15:51:59.398-0700][gc,heap       ] GC(97) Survivor regions: 10->8(11)
[2021-04-17T15:51:59.398-0700][gc,heap       ] GC(97) Old regions: 89->93
[2021-04-17T15:51:59.398-0700][gc,heap       ] GC(97) Humongous regions: 129->129
[2021-04-17T15:51:59.398-0700][gc,metaspace  ] GC(97) Metaspace: 41051K->41051K(1087488K)
[2021-04-17T15:51:59.398-0700][gc            ] GC(97) Pause Young (Normal) (G1 Evacuation Pause) 300M->227M(1024M) 22.308ms
[2021-04-17T15:51:59.398-0700][gc,cpu        ] GC(97) User=0.17s Sys=0.00s Real=0.03s
[2021-04-17T15:52:39.153-0700][gc,start      ] GC(98) Pause Young (Normal) (G1 Evacuation Pause)
[2021-04-17T15:52:39.153-0700][gc,task       ] GC(98) Using 8 workers of 8 for evacuation
[2021-04-17T15:52:39.159-0700][gc,phases     ] GC(98)   Pre Evacuate Collection Set: 0.0ms
[2021-04-17T15:52:39.159-0700][gc,phases     ] GC(98)   Evacuate Collection Set: 5.4ms
[2021-04-17T15:52:39.159-0700][gc,phases     ] GC(98)   Post Evacuate Collection Set: 0.4ms
[2021-04-17T15:52:39.159-0700][gc,phases     ] GC(98)   Other: 0.2ms
[2021-04-17T15:52:39.159-0700][gc,heap       ] GC(98) Eden regions: 122->0(140)
[2021-04-17T15:52:39.159-0700][gc,heap       ] GC(98) Survivor regions: 8->9(17)
[2021-04-17T15:52:39.159-0700][gc,heap       ] GC(98) Old regions: 93->93
[2021-04-17T15:52:39.159-0700][gc,heap       ] GC(98) Humongous regions: 129->129
[2021-04-17T15:52:39.159-0700][gc,metaspace  ] GC(98) Metaspace: 41051K->41051K(1087488K)
[2021-04-17T15:52:39.159-0700][gc            ] GC(98) Pause Young (Normal) (G1 Evacuation Pause) 349M->228M(1024M) 5.959ms
[2021-04-17T15:52:39.159-0700][gc,cpu        ] GC(98) User=0.03s Sys=0.00s Real=0.01s
[2021-04-17T15:53:24.971-0700][gc,start      ] GC(99) Pause Young (Normal) (G1 Evacuation Pause)
[2021-04-17T15:53:24.971-0700][gc,task       ] GC(99) Using 8 workers of 8 for evacuation
[2021-04-17T15:53:24.990-0700][gc,phases     ] GC(99)   Pre Evacuate Collection Set: 0.0ms
[2021-04-17T15:53:24.990-0700][gc,phases     ] GC(99)   Evacuate Collection Set: 18.0ms
[2021-04-17T15:53:24.991-0700][gc,phases     ] GC(99)   Post Evacuate Collection Set: 1.0ms
[2021-04-17T15:53:24.991-0700][gc,phases     ] GC(99)   Other: 0.4ms
[2021-04-17T15:53:24.991-0700][gc,heap       ] GC(99) Eden regions: 140->0(132)
[2021-04-17T15:53:24.991-0700][gc,heap       ] GC(99) Survivor regions: 9->10(19)
[2021-04-17T15:53:24.991-0700][gc,heap       ] GC(99) Old regions: 93->93
[2021-04-17T15:53:24.991-0700][gc,heap       ] GC(99) Humongous regions: 129->129
[2021-04-17T15:53:24.991-0700][gc,metaspace  ] GC(99) Metaspace: 41051K->41051K(1087488K)
[2021-04-17T15:53:24.991-0700][gc            ] GC(99) Pause Young (Normal) (G1 Evacuation Pause) 368M->229M(1024M) 19.705ms
[2021-04-17T15:53:24.991-0700][gc,cpu        ] GC(99) User=0.14s Sys=0.00s Real=0.02s
[2021-04-17T15:54:07.021-0700][gc,start      ] GC(100) Pause Young (Normal) (G1 Evacuation Pause)
[2021-04-17T15:54:07.021-0700][gc,task       ] GC(100) Using 8 workers of 8 for evacuation
[2021-04-17T15:54:07.043-0700][gc,mmu        ] GC(100) MMU target violated: 21.0ms (20.0ms/21.0ms)
[2021-04-17T15:54:07.043-0700][gc,phases     ] GC(100)   Pre Evacuate Collection Set: 0.0ms
[2021-04-17T15:54:07.043-0700][gc,phases     ] GC(100)   Evacuate Collection Set: 20.7ms
[2021-04-17T15:54:07.043-0700][gc,phases     ] GC(100)   Post Evacuate Collection Set: 1.0ms
[2021-04-17T15:54:07.043-0700][gc,phases     ] GC(100)   Other: 0.5ms
[2021-04-17T15:54:07.043-0700][gc,heap       ] GC(100) Eden regions: 132->0(100)
[2021-04-17T15:54:07.043-0700][gc,heap       ] GC(100) Survivor regions: 10->12(18)
[2021-04-17T15:54:07.043-0700][gc,heap       ] GC(100) Old regions: 93->93
[2021-04-17T15:54:07.043-0700][gc,heap       ] GC(100) Humongous regions: 129->129
[2021-04-17T15:54:07.043-0700][gc,metaspace  ] GC(100) Metaspace: 41096K->41096K(1087488K)
[2021-04-17T15:54:07.043-0700][gc            ] GC(100) Pause Young (Normal) (G1 Evacuation Pause) 361M->231M(1024M) 22.447ms
[2021-04-17T15:54:07.043-0700][gc,cpu        ] GC(100) User=0.17s Sys=0.00s Real=0.02s
[2021-04-17T15:54:19.741-0700][gc,start      ] GC(101) Pause Young (Normal) (G1 Evacuation Pause)
[2021-04-17T15:54:19.741-0700][gc,task       ] GC(101) Using 8 workers of 8 for evacuation
[2021-04-17T15:54:19.767-0700][gc,mmu        ] GC(101) MMU target violated: 21.0ms (20.0ms/21.0ms)
[2021-04-17T15:54:19.767-0700][gc,phases     ] GC(101)   Pre Evacuate Collection Set: 0.0ms
[2021-04-17T15:54:19.767-0700][gc,phases     ] GC(101)   Evacuate Collection Set: 24.5ms
[2021-04-17T15:54:19.767-0700][gc,phases     ] GC(101)   Post Evacuate Collection Set: 0.9ms
[2021-04-17T15:54:19.767-0700][gc,phases     ] GC(101)   Other: 0.5ms
[2021-04-17T15:54:19.767-0700][gc,heap       ] GC(101) Eden regions: 39->0(115)
[2021-04-17T15:54:19.767-0700][gc,heap       ] GC(101) Survivor regions: 12->5(7)
[2021-04-17T15:54:19.767-0700][gc,heap       ] GC(101) Old regions: 93->100
[2021-04-17T15:54:19.767-0700][gc,heap       ] GC(101) Humongous regions: 129->129
[2021-04-17T15:54:19.767-0700][gc,metaspace  ] GC(101) Metaspace: 41096K->41096K(1087488K)
[2021-04-17T15:54:19.767-0700][gc            ] GC(101) Pause Young (Normal) (G1 Evacuation Pause) 270M->232M(1024M) 26.088ms
[2021-04-17T15:54:19.767-0700][gc,cpu        ] GC(101) User=0.18s Sys=0.01s Real=0.02s
[2021-04-17T15:54:49.964-0700][gc,start      ] GC(102) Pause Young (Normal) (G1 Evacuation Pause)
[2021-04-17T15:54:49.964-0700][gc,task       ] GC(102) Using 8 workers of 8 for evacuation
[2021-04-17T15:54:49.976-0700][gc,phases     ] GC(102)   Pre Evacuate Collection Set: 0.0ms
[2021-04-17T15:54:49.976-0700][gc,phases     ] GC(102)   Evacuate Collection Set: 10.6ms
[2021-04-17T15:54:49.976-0700][gc,phases     ] GC(102)   Post Evacuate Collection Set: 1.1ms
[2021-04-17T15:54:49.976-0700][gc,phases     ] GC(102)   Other: 0.4ms
[2021-04-17T15:54:49.976-0700][gc,heap       ] GC(102) Eden regions: 93->0(128)
[2021-04-17T15:54:49.976-0700][gc,heap       ] GC(102) Survivor regions: 5->5(13)
[2021-04-17T15:54:49.976-0700][gc,heap       ] GC(102) Old regions: 100->100
[2021-04-17T15:54:49.976-0700][gc,heap       ] GC(102) Humongous regions: 129->129
[2021-04-17T15:54:49.976-0700][gc,metaspace  ] GC(102) Metaspace: 41099K->41099K(1087488K)
[2021-04-17T15:54:49.976-0700][gc            ] GC(102) Pause Young (Normal) (G1 Evacuation Pause) 325M->232M(1024M) 12.324ms
[2021-04-17T15:54:49.976-0700][gc,cpu        ] GC(102) User=0.08s Sys=0.00s Real=0.01s
[2021-04-17T15:55:31.699-0700][gc,start      ] GC(103) Pause Young (Normal) (G1 Evacuation Pause)
[2021-04-17T15:55:31.699-0700][gc,task       ] GC(103) Using 8 workers of 8 for evacuation
[2021-04-17T15:55:31.710-0700][gc,phases     ] GC(103)   Pre Evacuate Collection Set: 0.0ms
[2021-04-17T15:55:31.710-0700][gc,phases     ] GC(103)   Evacuate Collection Set: 9.1ms
[2021-04-17T15:55:31.710-0700][gc,phases     ] GC(103)   Post Evacuate Collection Set: 1.0ms
[2021-04-17T15:55:31.710-0700][gc,phases     ] GC(103)   Other: 0.4ms
[2021-04-17T15:55:31.710-0700][gc,heap       ] GC(103) Eden regions: 128->0(155)
[2021-04-17T15:55:31.710-0700][gc,heap       ] GC(103) Survivor regions: 5->4(17)
[2021-04-17T15:55:31.710-0700][gc,heap       ] GC(103) Old regions: 100->100
[2021-04-17T15:55:31.710-0700][gc,heap       ] GC(103) Humongous regions: 129->129
[2021-04-17T15:55:31.710-0700][gc,metaspace  ] GC(103) Metaspace: 41099K->41099K(1087488K)
[2021-04-17T15:55:31.710-0700][gc            ] GC(103) Pause Young (Normal) (G1 Evacuation Pause) 360M->231M(1024M) 10.843ms
[2021-04-17T15:55:31.710-0700][gc,cpu        ] GC(103) User=0.07s Sys=0.00s Real=0.01s
[2021-04-17T15:56:22.279-0700][gc,start      ] GC(104) Pause Young (Normal) (G1 Evacuation Pause)
[2021-04-17T15:56:22.279-0700][gc,task       ] GC(104) Using 8 workers of 8 for evacuation
[2021-04-17T15:56:22.286-0700][gc,phases     ] GC(104)   Pre Evacuate Collection Set: 0.0ms
[2021-04-17T15:56:22.286-0700][gc,phases     ] GC(104)   Evacuate Collection Set: 6.6ms
[2021-04-17T15:56:22.286-0700][gc,phases     ] GC(104)   Post Evacuate Collection Set: 0.4ms
[2021-04-17T15:56:22.286-0700][gc,phases     ] GC(104)   Other: 0.4ms
[2021-04-17T15:56:22.286-0700][gc,heap       ] GC(104) Eden regions: 155->0(174)
[2021-04-17T15:56:22.286-0700][gc,heap       ] GC(104) Survivor regions: 4->5(20)
[2021-04-17T15:56:22.286-0700][gc,heap       ] GC(104) Old regions: 100->100
[2021-04-17T15:56:22.286-0700][gc,heap       ] GC(104) Humongous regions: 129->129
[2021-04-17T15:56:22.286-0700][gc,metaspace  ] GC(104) Metaspace: 41099K->41099K(1087488K)
[2021-04-17T15:56:22.287-0700][gc            ] GC(104) Pause Young (Normal) (G1 Evacuation Pause) 386M->231M(1024M) 7.454ms
[2021-04-17T15:56:22.287-0700][gc,cpu        ] GC(104) User=0.05s Sys=0.00s Real=0.00s
[2021-04-17T15:57:19.158-0700][gc,start      ] GC(105) Pause Young (Normal) (G1 Evacuation Pause)
[2021-04-17T15:57:19.158-0700][gc,task       ] GC(105) Using 8 workers of 8 for evacuation
[2021-04-17T15:57:19.169-0700][gc,phases     ] GC(105)   Pre Evacuate Collection Set: 0.0ms
[2021-04-17T15:57:19.169-0700][gc,phases     ] GC(105)   Evacuate Collection Set: 9.5ms
[2021-04-17T15:57:19.169-0700][gc,phases     ] GC(105)   Post Evacuate Collection Set: 1.0ms
[2021-04-17T15:57:19.169-0700][gc,phases     ] GC(105)   Other: 0.5ms
[2021-04-17T15:57:19.169-0700][gc,heap       ] GC(105) Eden regions: 174->0(187)
[2021-04-17T15:57:19.169-0700][gc,heap       ] GC(105) Survivor regions: 5->4(23)
[2021-04-17T15:57:19.169-0700][gc,heap       ] GC(105) Old regions: 100->100
[2021-04-17T15:57:19.169-0700][gc,heap       ] GC(105) Humongous regions: 129->129
[2021-04-17T15:57:19.169-0700][gc,metaspace  ] GC(105) Metaspace: 41103K->41103K(1087488K)
[2021-04-17T15:57:19.169-0700][gc            ] GC(105) Pause Young (Normal) (G1 Evacuation Pause) 405M->231M(1024M) 11.263ms
[2021-04-17T15:57:19.169-0700][gc,cpu        ] GC(105) User=0.08s Sys=0.00s Real=0.01s
[2021-04-17T15:58:20.169-0700][gc,start      ] GC(106) Pause Young (Normal) (G1 Evacuation Pause)
[2021-04-17T15:58:20.169-0700][gc,task       ] GC(106) Using 8 workers of 8 for evacuation
[2021-04-17T15:58:20.179-0700][gc,phases     ] GC(106)   Pre Evacuate Collection Set: 0.0ms
[2021-04-17T15:58:20.179-0700][gc,phases     ] GC(106)   Evacuate Collection Set: 9.2ms
[2021-04-17T15:58:20.179-0700][gc,phases     ] GC(106)   Post Evacuate Collection Set: 1.1ms
[2021-04-17T15:58:20.179-0700][gc,phases     ] GC(106)   Other: 0.4ms
[2021-04-17T15:58:20.179-0700][gc,heap       ] GC(106) Eden regions: 187->0(191)
[2021-04-17T15:58:20.179-0700][gc,heap       ] GC(106) Survivor regions: 4->4(24)
[2021-04-17T15:58:20.179-0700][gc,heap       ] GC(106) Old regions: 100->100
[2021-04-17T15:58:20.179-0700][gc,heap       ] GC(106) Humongous regions: 129->129
[2021-04-17T15:58:20.179-0700][gc,metaspace  ] GC(106) Metaspace: 41123K->41123K(1087488K)
[2021-04-17T15:58:20.180-0700][gc            ] GC(106) Pause Young (Normal) (G1 Evacuation Pause) 418M->231M(1024M) 10.992ms
[2021-04-17T15:58:20.180-0700][gc,cpu        ] GC(106) User=0.07s Sys=0.00s Real=0.02s
[2021-04-17T15:59:22.525-0700][gc,start      ] GC(107) Pause Young (Normal) (G1 Evacuation Pause)
[2021-04-17T15:59:22.525-0700][gc,task       ] GC(107) Using 8 workers of 8 for evacuation
[2021-04-17T15:59:22.536-0700][gc,phases     ] GC(107)   Pre Evacuate Collection Set: 0.0ms
[2021-04-17T15:59:22.536-0700][gc,phases     ] GC(107)   Evacuate Collection Set: 9.5ms
[2021-04-17T15:59:22.536-0700][gc,phases     ] GC(107)   Post Evacuate Collection Set: 1.1ms
[2021-04-17T15:59:22.536-0700][gc,phases     ] GC(107)   Other: 0.5ms
[2021-04-17T15:59:22.536-0700][gc,heap       ] GC(107) Eden regions: 191->0(196)
[2021-04-17T15:59:22.536-0700][gc,heap       ] GC(107) Survivor regions: 4->5(25)
[2021-04-17T15:59:22.536-0700][gc,heap       ] GC(107) Old regions: 100->100
[2021-04-17T15:59:22.536-0700][gc,heap       ] GC(107) Humongous regions: 129->129
[2021-04-17T15:59:22.536-0700][gc,metaspace  ] GC(107) Metaspace: 41124K->41124K(1087488K)
[2021-04-17T15:59:22.536-0700][gc            ] GC(107) Pause Young (Normal) (G1 Evacuation Pause) 422M->231M(1024M) 11.324ms
[2021-04-17T15:59:22.536-0700][gc,cpu        ] GC(107) User=0.07s Sys=0.00s Real=0.01s
[2021-04-17T16:00:26.592-0700][gc,start      ] GC(108) Pause Young (Normal) (G1 Evacuation Pause)
[2021-04-17T16:00:26.592-0700][gc,task       ] GC(108) Using 8 workers of 8 for evacuation
[2021-04-17T16:00:26.602-0700][gc,phases     ] GC(108)   Pre Evacuate Collection Set: 0.0ms
[2021-04-17T16:00:26.602-0700][gc,phases     ] GC(108)   Evacuate Collection Set: 8.9ms
[2021-04-17T16:00:26.602-0700][gc,phases     ] GC(108)   Post Evacuate Collection Set: 0.9ms
[2021-04-17T16:00:26.602-0700][gc,phases     ] GC(108)   Other: 0.4ms
[2021-04-17T16:00:26.602-0700][gc,heap       ] GC(108) Eden regions: 196->0(203)
[2021-04-17T16:00:26.602-0700][gc,heap       ] GC(108) Survivor regions: 5->4(26)
[2021-04-17T16:00:26.602-0700][gc,heap       ] GC(108) Old regions: 100->100
[2021-04-17T16:00:26.602-0700][gc,heap       ] GC(108) Humongous regions: 129->129
[2021-04-17T16:00:26.602-0700][gc,metaspace  ] GC(108) Metaspace: 41124K->41124K(1087488K)
[2021-04-17T16:00:26.602-0700][gc            ] GC(108) Pause Young (Normal) (G1 Evacuation Pause) 427M->231M(1024M) 10.556ms
[2021-04-17T16:00:26.603-0700][gc,cpu        ] GC(108) User=0.07s Sys=0.00s Real=0.01s
[2021-04-17T16:01:32.839-0700][gc,start      ] GC(109) Pause Young (Normal) (G1 Evacuation Pause)
[2021-04-17T16:01:32.839-0700][gc,task       ] GC(109) Using 8 workers of 8 for evacuation
[2021-04-17T16:01:32.850-0700][gc,phases     ] GC(109)   Pre Evacuate Collection Set: 0.0ms
[2021-04-17T16:01:32.850-0700][gc,phases     ] GC(109)   Evacuate Collection Set: 9.8ms
[2021-04-17T16:01:32.850-0700][gc,phases     ] GC(109)   Post Evacuate Collection Set: 1.1ms
[2021-04-17T16:01:32.851-0700][gc,phases     ] GC(109)   Other: 0.4ms
[2021-04-17T16:01:32.851-0700][gc,heap       ] GC(109) Eden regions: 203->0(208)
[2021-04-17T16:01:32.851-0700][gc,heap       ] GC(109) Survivor regions: 4->4(26)
[2021-04-17T16:01:32.851-0700][gc,heap       ] GC(109) Old regions: 100->100
[2021-04-17T16:01:32.851-0700][gc,heap       ] GC(109) Humongous regions: 129->129
[2021-04-17T16:01:32.851-0700][gc,metaspace  ] GC(109) Metaspace: 41129K->41129K(1087488K)
[2021-04-17T16:01:32.851-0700][gc            ] GC(109) Pause Young (Normal) (G1 Evacuation Pause) 434M->231M(1024M) 11.631ms
[2021-04-17T16:01:32.851-0700][gc,cpu        ] GC(109) User=0.08s Sys=0.00s Real=0.01s
[2021-04-17T16:02:40.691-0700][gc,start      ] GC(110) Pause Young (Normal) (G1 Evacuation Pause)
[2021-04-17T16:02:40.691-0700][gc,task       ] GC(110) Using 8 workers of 8 for evacuation
[2021-04-17T16:02:40.708-0700][gc,phases     ] GC(110)   Pre Evacuate Collection Set: 0.0ms
[2021-04-17T16:02:40.708-0700][gc,phases     ] GC(110)   Evacuate Collection Set: 15.4ms
[2021-04-17T16:02:40.708-0700][gc,phases     ] GC(110)   Post Evacuate Collection Set: 1.1ms
[2021-04-17T16:02:40.708-0700][gc,phases     ] GC(110)   Other: 0.5ms
[2021-04-17T16:02:40.708-0700][gc,heap       ] GC(110) Eden regions: 208->0(210)
[2021-04-17T16:02:40.708-0700][gc,heap       ] GC(110) Survivor regions: 4->4(27)
[2021-04-17T16:02:40.708-0700][gc,heap       ] GC(110) Old regions: 100->100
[2021-04-17T16:02:40.708-0700][gc,heap       ] GC(110) Humongous regions: 129->129
[2021-04-17T16:02:40.708-0700][gc,metaspace  ] GC(110) Metaspace: 41129K->41129K(1087488K)
[2021-04-17T16:02:40.708-0700][gc            ] GC(110) Pause Young (Normal) (G1 Evacuation Pause) 439M->231M(1024M) 17.210ms
[2021-04-17T16:02:40.708-0700][gc,cpu        ] GC(110) User=0.11s Sys=0.00s Real=0.01s
[2021-04-17T16:03:49.274-0700][gc,start      ] GC(111) Pause Young (Normal) (G1 Evacuation Pause)
[2021-04-17T16:03:49.274-0700][gc,task       ] GC(111) Using 8 workers of 8 for evacuation
[2021-04-17T16:03:49.282-0700][gc,phases     ] GC(111)   Pre Evacuate Collection Set: 0.0ms
[2021-04-17T16:03:49.282-0700][gc,phases     ] GC(111)   Evacuate Collection Set: 7.2ms
[2021-04-17T16:03:49.282-0700][gc,phases     ] GC(111)   Post Evacuate Collection Set: 0.5ms
[2021-04-17T16:03:49.282-0700][gc,phases     ] GC(111)   Other: 0.4ms
[2021-04-17T16:03:49.282-0700][gc,heap       ] GC(111) Eden regions: 210->0(216)
[2021-04-17T16:03:49.282-0700][gc,heap       ] GC(111) Survivor regions: 4->5(27)
[2021-04-17T16:03:49.282-0700][gc,heap       ] GC(111) Old regions: 100->100
[2021-04-17T16:03:49.282-0700][gc,heap       ] GC(111) Humongous regions: 129->129
[2021-04-17T16:03:49.282-0700][gc,metaspace  ] GC(111) Metaspace: 41133K->41133K(1087488K)
[2021-04-17T16:03:49.282-0700][gc            ] GC(111) Pause Young (Normal) (G1 Evacuation Pause) 441M->232M(1024M) 8.180ms
[2021-04-17T16:03:49.282-0700][gc,cpu        ] GC(111) User=0.06s Sys=0.00s Real=0.01s
[2021-04-17T16:04:59.281-0700][gc,start      ] GC(112) Pause Young (Normal) (G1 Evacuation Pause)
[2021-04-17T16:04:59.281-0700][gc,task       ] GC(112) Using 8 workers of 8 for evacuation
[2021-04-17T16:04:59.292-0700][gc,phases     ] GC(112)   Pre Evacuate Collection Set: 0.0ms
[2021-04-17T16:04:59.292-0700][gc,phases     ] GC(112)   Evacuate Collection Set: 9.3ms
[2021-04-17T16:04:59.292-0700][gc,phases     ] GC(112)   Post Evacuate Collection Set: 0.9ms
[2021-04-17T16:04:59.292-0700][gc,phases     ] GC(112)   Other: 0.4ms
[2021-04-17T16:04:59.292-0700][gc,heap       ] GC(112) Eden regions: 214->0(220)
[2021-04-17T16:04:59.292-0700][gc,heap       ] GC(112) Survivor regions: 5->4(28)
[2021-04-17T16:04:59.292-0700][gc,heap       ] GC(112) Old regions: 100->100
[2021-04-17T16:04:59.292-0700][gc,heap       ] GC(112) Humongous regions: 129->129
[2021-04-17T16:04:59.292-0700][gc,metaspace  ] GC(112) Metaspace: 41142K->41142K(1087488K)
[2021-04-17T16:04:59.292-0700][gc            ] GC(112) Pause Young (Normal) (G1 Evacuation Pause) 446M->231M(1024M) 10.898ms
[2021-04-17T16:04:59.292-0700][gc,cpu        ] GC(112) User=0.07s Sys=0.00s Real=0.01s
[2021-04-17T16:06:11.059-0700][gc,start      ] GC(113) Pause Young (Normal) (G1 Evacuation Pause)
[2021-04-17T16:06:11.060-0700][gc,task       ] GC(113) Using 8 workers of 8 for evacuation
[2021-04-17T16:06:11.071-0700][gc,phases     ] GC(113)   Pre Evacuate Collection Set: 0.0ms
[2021-04-17T16:06:11.071-0700][gc,phases     ] GC(113)   Evacuate Collection Set: 10.1ms
[2021-04-17T16:06:11.071-0700][gc,phases     ] GC(113)   Post Evacuate Collection Set: 1.0ms
[2021-04-17T16:06:11.071-0700][gc,phases     ] GC(113)   Other: 0.4ms
[2021-04-17T16:06:11.071-0700][gc,heap       ] GC(113) Eden regions: 220->0(223)
[2021-04-17T16:06:11.071-0700][gc,heap       ] GC(113) Survivor regions: 4->5(28)
[2021-04-17T16:06:11.071-0700][gc,heap       ] GC(113) Old regions: 100->100
[2021-04-17T16:06:11.071-0700][gc,heap       ] GC(113) Humongous regions: 129->129
[2021-04-17T16:06:11.071-0700][gc,metaspace  ] GC(113) Metaspace: 41142K->41142K(1087488K)
[2021-04-17T16:06:11.071-0700][gc            ] GC(113) Pause Young (Normal) (G1 Evacuation Pause) 451M->232M(1024M) 11.814ms
[2021-04-17T16:06:11.071-0700][gc,cpu        ] GC(113) User=0.08s Sys=0.00s Real=0.01s
[2021-04-17T16:07:24.161-0700][gc,start      ] GC(114) Pause Young (Normal) (G1 Evacuation Pause)
[2021-04-17T16:07:24.161-0700][gc,task       ] GC(114) Using 8 workers of 8 for evacuation
[2021-04-17T16:07:24.173-0700][gc,phases     ] GC(114)   Pre Evacuate Collection Set: 0.0ms
[2021-04-17T16:07:24.173-0700][gc,phases     ] GC(114)   Evacuate Collection Set: 10.1ms
[2021-04-17T16:07:24.173-0700][gc,phases     ] GC(114)   Post Evacuate Collection Set: 1.0ms
[2021-04-17T16:07:24.173-0700][gc,phases     ] GC(114)   Other: 0.5ms
[2021-04-17T16:07:24.173-0700][gc,heap       ] GC(114) Eden regions: 223->0(228)
[2021-04-17T16:07:24.173-0700][gc,heap       ] GC(114) Survivor regions: 5->5(29)
[2021-04-17T16:07:24.173-0700][gc,heap       ] GC(114) Old regions: 100->100
[2021-04-17T16:07:24.173-0700][gc,heap       ] GC(114) Humongous regions: 129->129
[2021-04-17T16:07:24.173-0700][gc,metaspace  ] GC(114) Metaspace: 41142K->41142K(1087488K)
[2021-04-17T16:07:24.173-0700][gc            ] GC(114) Pause Young (Normal) (G1 Evacuation Pause) 455M->231M(1024M) 11.876ms
[2021-04-17T16:07:24.173-0700][gc,cpu        ] GC(114) User=0.08s Sys=0.00s Real=0.01s
[2021-04-17T16:08:37.710-0700][gc,start      ] GC(115) Pause Young (Normal) (G1 Evacuation Pause)
[2021-04-17T16:08:37.710-0700][gc,task       ] GC(115) Using 8 workers of 8 for evacuation
[2021-04-17T16:08:37.721-0700][gc,phases     ] GC(115)   Pre Evacuate Collection Set: 0.0ms
[2021-04-17T16:08:37.721-0700][gc,phases     ] GC(115)   Evacuate Collection Set: 10.4ms
[2021-04-17T16:08:37.721-0700][gc,phases     ] GC(115)   Post Evacuate Collection Set: 1.1ms
[2021-04-17T16:08:37.722-0700][gc,phases     ] GC(115)   Other: 0.4ms
[2021-04-17T16:08:37.722-0700][gc,heap       ] GC(115) Eden regions: 225->0(234)
[2021-04-17T16:08:37.722-0700][gc,heap       ] GC(115) Survivor regions: 5->3(29)
[2021-04-17T16:08:37.722-0700][gc,heap       ] GC(115) Old regions: 100->102
[2021-04-17T16:08:37.722-0700][gc,heap       ] GC(115) Humongous regions: 129->129
[2021-04-17T16:08:37.722-0700][gc,metaspace  ] GC(115) Metaspace: 41146K->41146K(1087488K)
[2021-04-17T16:08:37.722-0700][gc            ] GC(115) Pause Young (Normal) (G1 Evacuation Pause) 456M->232M(1024M) 12.131ms
[2021-04-17T16:08:37.722-0700][gc,cpu        ] GC(115) User=0.08s Sys=0.00s Real=0.01s
[2021-04-17T16:09:54.264-0700][gc,start      ] GC(116) Pause Young (Normal) (G1 Evacuation Pause)
[2021-04-17T16:09:54.264-0700][gc,task       ] GC(116) Using 8 workers of 8 for evacuation
[2021-04-17T16:09:54.270-0700][gc,phases     ] GC(116)   Pre Evacuate Collection Set: 0.0ms
[2021-04-17T16:09:54.270-0700][gc,phases     ] GC(116)   Evacuate Collection Set: 4.6ms
[2021-04-17T16:09:54.270-0700][gc,phases     ] GC(116)   Post Evacuate Collection Set: 1.0ms
[2021-04-17T16:09:54.270-0700][gc,phases     ] GC(116)   Other: 0.4ms
[2021-04-17T16:09:54.270-0700][gc,heap       ] GC(116) Eden regions: 234->0(246)
[2021-04-17T16:09:54.270-0700][gc,heap       ] GC(116) Survivor regions: 3->3(30)
[2021-04-17T16:09:54.270-0700][gc,heap       ] GC(116) Old regions: 102->102
[2021-04-17T16:09:54.270-0700][gc,heap       ] GC(116) Humongous regions: 129->129
[2021-04-17T16:09:54.270-0700][gc,metaspace  ] GC(116) Metaspace: 41162K->41162K(1087488K)
[2021-04-17T16:09:54.270-0700][gc            ] GC(116) Pause Young (Normal) (G1 Evacuation Pause) 466M->231M(1024M) 6.294ms
[2021-04-17T16:09:54.270-0700][gc,cpu        ] GC(116) User=0.04s Sys=0.00s Real=0.01s
[2021-04-17T16:11:14.857-0700][gc,start      ] GC(117) Pause Young (Normal) (G1 Evacuation Pause)
[2021-04-17T16:11:14.857-0700][gc,task       ] GC(117) Using 8 workers of 8 for evacuation
[2021-04-17T16:11:14.864-0700][gc,phases     ] GC(117)   Pre Evacuate Collection Set: 0.0ms
[2021-04-17T16:11:14.864-0700][gc,phases     ] GC(117)   Evacuate Collection Set: 5.4ms
[2021-04-17T16:11:14.864-0700][gc,phases     ] GC(117)   Post Evacuate Collection Set: 1.1ms
[2021-04-17T16:11:14.864-0700][gc,phases     ] GC(117)   Other: 0.5ms
[2021-04-17T16:11:14.864-0700][gc,heap       ] GC(117) Eden regions: 246->0(258)
[2021-04-17T16:11:14.864-0700][gc,heap       ] GC(117) Survivor regions: 3->3(32)
[2021-04-17T16:11:14.864-0700][gc,heap       ] GC(117) Old regions: 102->102
[2021-04-17T16:11:14.864-0700][gc,heap       ] GC(117) Humongous regions: 129->129
[2021-04-17T16:11:14.864-0700][gc,metaspace  ] GC(117) Metaspace: 41162K->41162K(1087488K)
[2021-04-17T16:11:14.864-0700][gc            ] GC(117) Pause Young (Normal) (G1 Evacuation Pause) 477M->232M(1024M) 7.198ms
[2021-04-17T16:11:14.864-0700][gc,cpu        ] GC(117) User=0.05s Sys=0.00s Real=0.00s
[2021-04-17T16:12:39.221-0700][gc,start      ] GC(118) Pause Young (Normal) (G1 Evacuation Pause)
[2021-04-17T16:12:39.221-0700][gc,task       ] GC(118) Using 8 workers of 8 for evacuation
[2021-04-17T16:12:39.227-0700][gc,phases     ] GC(118)   Pre Evacuate Collection Set: 0.0ms
[2021-04-17T16:12:39.227-0700][gc,phases     ] GC(118)   Evacuate Collection Set: 5.4ms
[2021-04-17T16:12:39.227-0700][gc,phases     ] GC(118)   Post Evacuate Collection Set: 0.7ms
[2021-04-17T16:12:39.228-0700][gc,phases     ] GC(118)   Other: 0.4ms
[2021-04-17T16:12:39.228-0700][gc,heap       ] GC(118) Eden regions: 258->0(274)
[2021-04-17T16:12:39.228-0700][gc,heap       ] GC(118) Survivor regions: 3->4(33)
[2021-04-17T16:12:39.228-0700][gc,heap       ] GC(118) Old regions: 102->102
[2021-04-17T16:12:39.228-0700][gc,heap       ] GC(118) Humongous regions: 129->129
[2021-04-17T16:12:39.228-0700][gc,metaspace  ] GC(118) Metaspace: 41162K->41162K(1087488K)
[2021-04-17T16:12:39.228-0700][gc            ] GC(118) Pause Young (Normal) (G1 Evacuation Pause) 490M->232M(1024M) 6.622ms
[2021-04-17T16:12:39.228-0700][gc,cpu        ] GC(118) User=0.04s Sys=0.01s Real=0.00s
[2021-04-17T16:14:09.075-0700][gc,start      ] GC(119) Pause Young (Normal) (G1 Evacuation Pause)
[2021-04-17T16:14:09.075-0700][gc,task       ] GC(119) Using 8 workers of 8 for evacuation
[2021-04-17T16:14:09.083-0700][gc,phases     ] GC(119)   Pre Evacuate Collection Set: 0.0ms
[2021-04-17T16:14:09.083-0700][gc,phases     ] GC(119)   Evacuate Collection Set: 6.0ms
[2021-04-17T16:14:09.083-0700][gc,phases     ] GC(119)   Post Evacuate Collection Set: 1.0ms
[2021-04-17T16:14:09.083-0700][gc,phases     ] GC(119)   Other: 0.5ms
[2021-04-17T16:14:09.083-0700][gc,heap       ] GC(119) Eden regions: 274->0(291)
[2021-04-17T16:14:09.083-0700][gc,heap       ] GC(119) Survivor regions: 4->4(35)
[2021-04-17T16:14:09.083-0700][gc,heap       ] GC(119) Old regions: 102->102
[2021-04-17T16:14:09.083-0700][gc,heap       ] GC(119) Humongous regions: 129->129
[2021-04-17T16:14:09.083-0700][gc,metaspace  ] GC(119) Metaspace: 41169K->41169K(1087488K)
[2021-04-17T16:14:09.083-0700][gc            ] GC(119) Pause Young (Normal) (G1 Evacuation Pause) 506M->232M(1024M) 7.698ms
[2021-04-17T16:14:09.083-0700][gc,cpu        ] GC(119) User=0.05s Sys=0.00s Real=0.01s
[2021-04-17T16:15:44.174-0700][gc,start      ] GC(120) Pause Young (Normal) (G1 Evacuation Pause)
[2021-04-17T16:15:44.174-0700][gc,task       ] GC(120) Using 8 workers of 8 for evacuation
[2021-04-17T16:15:44.181-0700][gc,phases     ] GC(120)   Pre Evacuate Collection Set: 0.0ms
[2021-04-17T16:15:44.181-0700][gc,phases     ] GC(120)   Evacuate Collection Set: 5.9ms
[2021-04-17T16:15:44.181-0700][gc,phases     ] GC(120)   Post Evacuate Collection Set: 0.5ms
[2021-04-17T16:15:44.181-0700][gc,phases     ] GC(120)   Other: 0.4ms
[2021-04-17T16:15:44.181-0700][gc,heap       ] GC(120) Eden regions: 291->0(313)
[2021-04-17T16:15:44.181-0700][gc,heap       ] GC(120) Survivor regions: 4->4(37)
[2021-04-17T16:15:44.181-0700][gc,heap       ] GC(120) Old regions: 102->102
[2021-04-17T16:15:44.181-0700][gc,heap       ] GC(120) Humongous regions: 129->129
[2021-04-17T16:15:44.181-0700][gc,metaspace  ] GC(120) Metaspace: 41173K->41173K(1087488K)
[2021-04-17T16:15:44.181-0700][gc            ] GC(120) Pause Young (Normal) (G1 Evacuation Pause) 523M->232M(1024M) 6.893ms
[2021-04-17T16:15:44.181-0700][gc,cpu        ] GC(120) User=0.04s Sys=0.00s Real=0.01s
[2021-04-17T16:17:26.867-0700][gc,start      ] GC(121) Pause Young (Normal) (G1 Evacuation Pause)
[2021-04-17T16:17:26.867-0700][gc,task       ] GC(121) Using 8 workers of 8 for evacuation
[2021-04-17T16:17:26.874-0700][gc,phases     ] GC(121)   Pre Evacuate Collection Set: 0.0ms
[2021-04-17T16:17:26.874-0700][gc,phases     ] GC(121)   Evacuate Collection Set: 5.4ms
[2021-04-17T16:17:26.874-0700][gc,phases     ] GC(121)   Post Evacuate Collection Set: 1.1ms
[2021-04-17T16:17:26.874-0700][gc,phases     ] GC(121)   Other: 0.5ms
[2021-04-17T16:17:26.874-0700][gc,heap       ] GC(121) Eden regions: 313->0(333)
[2021-04-17T16:17:26.874-0700][gc,heap       ] GC(121) Survivor regions: 4->3(40)
[2021-04-17T16:17:26.874-0700][gc,heap       ] GC(121) Old regions: 102->102
[2021-04-17T16:17:26.874-0700][gc,heap       ] GC(121) Humongous regions: 129->129
[2021-04-17T16:17:26.874-0700][gc,metaspace  ] GC(121) Metaspace: 41175K->41175K(1087488K)
[2021-04-17T16:17:26.874-0700][gc            ] GC(121) Pause Young (Normal) (G1 Evacuation Pause) 545M->231M(1024M) 7.212ms
[2021-04-17T16:17:26.875-0700][gc,cpu        ] GC(121) User=0.05s Sys=0.00s Real=0.01s
[2021-04-17T16:19:15.965-0700][gc,start      ] GC(122) Pause Young (Normal) (G1 Evacuation Pause)
[2021-04-17T16:19:15.965-0700][gc,task       ] GC(122) Using 8 workers of 8 for evacuation
[2021-04-17T16:19:15.971-0700][gc,phases     ] GC(122)   Pre Evacuate Collection Set: 0.0ms
[2021-04-17T16:19:15.971-0700][gc,phases     ] GC(122)   Evacuate Collection Set: 5.1ms
[2021-04-17T16:19:15.971-0700][gc,phases     ] GC(122)   Post Evacuate Collection Set: 0.6ms
[2021-04-17T16:19:15.971-0700][gc,phases     ] GC(122)   Other: 0.4ms
[2021-04-17T16:19:15.971-0700][gc,heap       ] GC(122) Eden regions: 333->0(351)
[2021-04-17T16:19:15.971-0700][gc,heap       ] GC(122) Survivor regions: 3->4(42)
[2021-04-17T16:19:15.971-0700][gc,heap       ] GC(122) Old regions: 102->102
[2021-04-17T16:19:15.971-0700][gc,heap       ] GC(122) Humongous regions: 129->129
[2021-04-17T16:19:15.971-0700][gc,metaspace  ] GC(122) Metaspace: 41190K->41190K(1087488K)
[2021-04-17T16:19:15.971-0700][gc            ] GC(122) Pause Young (Normal) (G1 Evacuation Pause) 564M->232M(1024M) 6.166ms
[2021-04-17T16:19:15.971-0700][gc,cpu        ] GC(122) User=0.04s Sys=0.01s Real=0.01s
[2021-04-17T16:21:11.177-0700][gc,start      ] GC(123) Pause Young (Normal) (G1 Evacuation Pause)
[2021-04-17T16:21:11.178-0700][gc,task       ] GC(123) Using 8 workers of 8 for evacuation
[2021-04-17T16:21:11.184-0700][gc,phases     ] GC(123)   Pre Evacuate Collection Set: 0.0ms
[2021-04-17T16:21:11.184-0700][gc,phases     ] GC(123)   Evacuate Collection Set: 5.2ms
[2021-04-17T16:21:11.184-0700][gc,phases     ] GC(123)   Post Evacuate Collection Set: 0.9ms
[2021-04-17T16:21:11.184-0700][gc,phases     ] GC(123)   Other: 0.5ms
[2021-04-17T16:21:11.184-0700][gc,heap       ] GC(123) Eden regions: 351->0(369)
[2021-04-17T16:21:11.184-0700][gc,heap       ] GC(123) Survivor regions: 4->3(45)
[2021-04-17T16:21:11.184-0700][gc,heap       ] GC(123) Old regions: 102->102
[2021-04-17T16:21:11.184-0700][gc,heap       ] GC(123) Humongous regions: 129->129
[2021-04-17T16:21:11.184-0700][gc,metaspace  ] GC(123) Metaspace: 41191K->41191K(1087488K)
[2021-04-17T16:21:11.184-0700][gc            ] GC(123) Pause Young (Normal) (G1 Evacuation Pause) 583M->231M(1024M) 6.832ms
[2021-04-17T16:21:11.184-0700][gc,cpu        ] GC(123) User=0.04s Sys=0.01s Real=0.00s
[2021-04-17T16:23:12.232-0700][gc,start      ] GC(124) Pause Young (Normal) (G1 Evacuation Pause)
[2021-04-17T16:23:12.232-0700][gc,task       ] GC(124) Using 8 workers of 8 for evacuation
[2021-04-17T16:23:12.238-0700][gc,phases     ] GC(124)   Pre Evacuate Collection Set: 0.0ms
[2021-04-17T16:23:12.238-0700][gc,phases     ] GC(124)   Evacuate Collection Set: 5.4ms
[2021-04-17T16:23:12.238-0700][gc,phases     ] GC(124)   Post Evacuate Collection Set: 0.5ms
[2021-04-17T16:23:12.238-0700][gc,phases     ] GC(124)   Other: 0.4ms
[2021-04-17T16:23:12.238-0700][gc,heap       ] GC(124) Eden regions: 369->0(388)
[2021-04-17T16:23:12.238-0700][gc,heap       ] GC(124) Survivor regions: 3->4(47)
[2021-04-17T16:23:12.238-0700][gc,heap       ] GC(124) Old regions: 102->102
[2021-04-17T16:23:12.238-0700][gc,heap       ] GC(124) Humongous regions: 129->129
[2021-04-17T16:23:12.238-0700][gc,metaspace  ] GC(124) Metaspace: 41193K->41193K(1087488K)
[2021-04-17T16:23:12.238-0700][gc            ] GC(124) Pause Young (Normal) (G1 Evacuation Pause) 600M->232M(1024M) 6.375ms
[2021-04-17T16:23:12.238-0700][gc,cpu        ] GC(124) User=0.04s Sys=0.00s Real=0.01s
[2021-04-17T16:25:19.496-0700][gc,start      ] GC(125) Pause Young (Normal) (G1 Evacuation Pause)
[2021-04-17T16:25:19.496-0700][gc,task       ] GC(125) Using 8 workers of 8 for evacuation
[2021-04-17T16:25:19.504-0700][gc,phases     ] GC(125)   Pre Evacuate Collection Set: 0.0ms
[2021-04-17T16:25:19.504-0700][gc,phases     ] GC(125)   Evacuate Collection Set: 6.8ms
[2021-04-17T16:25:19.504-0700][gc,phases     ] GC(125)   Post Evacuate Collection Set: 1.1ms
[2021-04-17T16:25:19.504-0700][gc,phases     ] GC(125)   Other: 0.5ms
[2021-04-17T16:25:19.504-0700][gc,heap       ] GC(125) Eden regions: 388->0(402)
[2021-04-17T16:25:19.504-0700][gc,heap       ] GC(125) Survivor regions: 4->4(49)
[2021-04-17T16:25:19.504-0700][gc,heap       ] GC(125) Old regions: 102->102
[2021-04-17T16:25:19.504-0700][gc,heap       ] GC(125) Humongous regions: 129->129
[2021-04-17T16:25:19.504-0700][gc,metaspace  ] GC(125) Metaspace: 41200K->41200K(1087488K)
[2021-04-17T16:25:19.504-0700][gc            ] GC(125) Pause Young (Normal) (G1 Evacuation Pause) 620M->233M(1024M) 8.677ms
[2021-04-17T16:25:19.504-0700][gc,cpu        ] GC(125) User=0.06s Sys=0.00s Real=0.01s
[2021-04-17T16:27:31.033-0700][gc,start      ] GC(126) Pause Young (Normal) (G1 Evacuation Pause)
[2021-04-17T16:27:31.033-0700][gc,task       ] GC(126) Using 8 workers of 8 for evacuation
[2021-04-17T16:27:31.040-0700][gc,phases     ] GC(126)   Pre Evacuate Collection Set: 0.0ms
[2021-04-17T16:27:31.040-0700][gc,phases     ] GC(126)   Evacuate Collection Set: 5.3ms
[2021-04-17T16:27:31.040-0700][gc,phases     ] GC(126)   Post Evacuate Collection Set: 1.0ms
[2021-04-17T16:27:31.040-0700][gc,phases     ] GC(126)   Other: 0.5ms
[2021-04-17T16:27:31.040-0700][gc,heap       ] GC(126) Eden regions: 402->0(428)
[2021-04-17T16:27:31.040-0700][gc,heap       ] GC(126) Survivor regions: 4->3(51)
[2021-04-17T16:27:31.040-0700][gc,heap       ] GC(126) Old regions: 102->102
[2021-04-17T16:27:31.040-0700][gc,heap       ] GC(126) Humongous regions: 129->129
[2021-04-17T16:27:31.040-0700][gc,metaspace  ] GC(126) Metaspace: 41200K->41200K(1087488K)
[2021-04-17T16:27:31.040-0700][gc            ] GC(126) Pause Young (Normal) (G1 Evacuation Pause) 635M->232M(1024M) 7.009ms
[2021-04-17T16:27:31.040-0700][gc,cpu        ] GC(126) User=0.04s Sys=0.00s Real=0.01s
[2021-04-17T16:29:51.448-0700][gc,start      ] GC(127) Pause Young (Normal) (G1 Evacuation Pause)
[2021-04-17T16:29:51.448-0700][gc,task       ] GC(127) Using 8 workers of 8 for evacuation
[2021-04-17T16:29:51.456-0700][gc,phases     ] GC(127)   Pre Evacuate Collection Set: 0.0ms
[2021-04-17T16:29:51.456-0700][gc,phases     ] GC(127)   Evacuate Collection Set: 6.2ms
[2021-04-17T16:29:51.456-0700][gc,phases     ] GC(127)   Post Evacuate Collection Set: 1.1ms
[2021-04-17T16:29:51.456-0700][gc,phases     ] GC(127)   Other: 0.5ms
[2021-04-17T16:29:51.456-0700][gc,heap       ] GC(127) Eden regions: 428->0(441)
[2021-04-17T16:29:51.456-0700][gc,heap       ] GC(127) Survivor regions: 3->4(54)
[2021-04-17T16:29:51.456-0700][gc,heap       ] GC(127) Old regions: 102->102
[2021-04-17T16:29:51.456-0700][gc,heap       ] GC(127) Humongous regions: 129->129
[2021-04-17T16:29:51.456-0700][gc,metaspace  ] GC(127) Metaspace: 41216K->41216K(1087488K)
[2021-04-17T16:29:51.456-0700][gc            ] GC(127) Pause Young (Normal) (G1 Evacuation Pause) 660M->232M(1024M) 8.029ms
[2021-04-17T16:29:51.456-0700][gc,cpu        ] GC(127) User=0.05s Sys=0.00s Real=0.01s
[2021-04-17T16:32:16.043-0700][gc,start      ] GC(128) Pause Young (Normal) (G1 Evacuation Pause)
[2021-04-17T16:32:16.043-0700][gc,task       ] GC(128) Using 8 workers of 8 for evacuation
[2021-04-17T16:32:16.052-0700][gc,phases     ] GC(128)   Pre Evacuate Collection Set: 0.0ms
[2021-04-17T16:32:16.052-0700][gc,phases     ] GC(128)   Evacuate Collection Set: 6.8ms
[2021-04-17T16:32:16.052-0700][gc,phases     ] GC(128)   Post Evacuate Collection Set: 1.0ms
[2021-04-17T16:32:16.052-0700][gc,phases     ] GC(128)   Other: 0.4ms
[2021-04-17T16:32:16.052-0700][gc,heap       ] GC(128) Eden regions: 441->0(460)
[2021-04-17T16:32:16.052-0700][gc,heap       ] GC(128) Survivor regions: 4->5(56)
[2021-04-17T16:32:16.052-0700][gc,heap       ] GC(128) Old regions: 102->102
[2021-04-17T16:32:16.052-0700][gc,heap       ] GC(128) Humongous regions: 129->129
[2021-04-17T16:32:16.052-0700][gc,metaspace  ] GC(128) Metaspace: 41216K->41216K(1087488K)
[2021-04-17T16:32:16.052-0700][gc            ] GC(128) Pause Young (Normal) (G1 Evacuation Pause) 673M->233M(1024M) 8.517ms
[2021-04-17T16:32:16.052-0700][gc,cpu        ] GC(128) User=0.06s Sys=0.00s Real=0.01s
[2021-04-17T16:34:46.855-0700][gc,start      ] GC(129) Pause Young (Normal) (G1 Evacuation Pause)
[2021-04-17T16:34:46.855-0700][gc,task       ] GC(129) Using 8 workers of 8 for evacuation
[2021-04-17T16:34:46.862-0700][gc,phases     ] GC(129)   Pre Evacuate Collection Set: 0.1ms
[2021-04-17T16:34:46.862-0700][gc,phases     ] GC(129)   Evacuate Collection Set: 6.0ms
[2021-04-17T16:34:46.862-0700][gc,phases     ] GC(129)   Post Evacuate Collection Set: 0.4ms
[2021-04-17T16:34:46.862-0700][gc,phases     ] GC(129)   Other: 0.6ms
[2021-04-17T16:34:46.862-0700][gc,heap       ] GC(129) Eden regions: 460->0(484)
[2021-04-17T16:34:46.862-0700][gc,heap       ] GC(129) Survivor regions: 5->4(59)
[2021-04-17T16:34:46.862-0700][gc,heap       ] GC(129) Old regions: 102->102
[2021-04-17T16:34:46.862-0700][gc,heap       ] GC(129) Humongous regions: 129->129
[2021-04-17T16:34:46.862-0700][gc,metaspace  ] GC(129) Metaspace: 41216K->41216K(1087488K)
[2021-04-17T16:34:46.862-0700][gc            ] GC(129) Pause Young (Normal) (G1 Evacuation Pause) 693M->233M(1024M) 7.062ms
[2021-04-17T16:34:46.862-0700][gc,cpu        ] GC(129) User=0.05s Sys=0.00s Real=0.01s
[2021-04-17T16:37:25.550-0700][gc,start      ] GC(130) Pause Young (Normal) (G1 Evacuation Pause)
[2021-04-17T16:37:25.550-0700][gc,task       ] GC(130) Using 8 workers of 8 for evacuation
[2021-04-17T16:37:25.556-0700][gc,phases     ] GC(130)   Pre Evacuate Collection Set: 0.0ms
[2021-04-17T16:37:25.556-0700][gc,phases     ] GC(130)   Evacuate Collection Set: 5.6ms
[2021-04-17T16:37:25.556-0700][gc,phases     ] GC(130)   Post Evacuate Collection Set: 0.4ms
[2021-04-17T16:37:25.556-0700][gc,phases     ] GC(130)   Other: 0.4ms
[2021-04-17T16:37:25.556-0700][gc,heap       ] GC(130) Eden regions: 484->0(520)
[2021-04-17T16:37:25.556-0700][gc,heap       ] GC(130) Survivor regions: 4->4(61)
[2021-04-17T16:37:25.556-0700][gc,heap       ] GC(130) Old regions: 102->102
[2021-04-17T16:37:25.556-0700][gc,heap       ] GC(130) Humongous regions: 129->129
[2021-04-17T16:37:25.556-0700][gc,metaspace  ] GC(130) Metaspace: 41216K->41216K(1087488K)
[2021-04-17T16:37:25.556-0700][gc            ] GC(130) Pause Young (Normal) (G1 Evacuation Pause) 717M->233M(1024M) 6.478ms
[2021-04-17T16:37:25.556-0700][gc,cpu        ] GC(130) User=0.05s Sys=0.00s Real=0.00s
[2021-04-17T16:40:15.912-0700][gc,start      ] GC(131) Pause Young (Normal) (G1 Evacuation Pause)
[2021-04-17T16:40:15.912-0700][gc,task       ] GC(131) Using 8 workers of 8 for evacuation
[2021-04-17T16:40:15.921-0700][gc,phases     ] GC(131)   Pre Evacuate Collection Set: 0.0ms
[2021-04-17T16:40:15.921-0700][gc,phases     ] GC(131)   Evacuate Collection Set: 6.9ms
[2021-04-17T16:40:15.921-0700][gc,phases     ] GC(131)   Post Evacuate Collection Set: 1.1ms
[2021-04-17T16:40:15.921-0700][gc,phases     ] GC(131)   Other: 0.5ms
[2021-04-17T16:40:15.921-0700][gc,heap       ] GC(131) Eden regions: 520->0(531)
[2021-04-17T16:40:15.921-0700][gc,heap       ] GC(131) Survivor regions: 4->4(66)
[2021-04-17T16:40:15.921-0700][gc,heap       ] GC(131) Old regions: 102->102
[2021-04-17T16:40:15.921-0700][gc,heap       ] GC(131) Humongous regions: 129->129
[2021-04-17T16:40:15.921-0700][gc,metaspace  ] GC(131) Metaspace: 41231K->41231K(1087488K)
[2021-04-17T16:40:15.921-0700][gc            ] GC(131) Pause Young (Normal) (G1 Evacuation Pause) 753M->233M(1024M) 8.767ms
[2021-04-17T16:40:15.921-0700][gc,cpu        ] GC(131) User=0.06s Sys=0.00s Real=0.01s
[2021-04-17T16:43:10.224-0700][gc,start      ] GC(132) Pause Young (Normal) (G1 Evacuation Pause)
[2021-04-17T16:43:10.224-0700][gc,task       ] GC(132) Using 8 workers of 8 for evacuation
[2021-04-17T16:43:10.229-0700][gc,phases     ] GC(132)   Pre Evacuate Collection Set: 0.0ms
[2021-04-17T16:43:10.229-0700][gc,phases     ] GC(132)   Evacuate Collection Set: 4.6ms
[2021-04-17T16:43:10.229-0700][gc,phases     ] GC(132)   Post Evacuate Collection Set: 0.6ms
[2021-04-17T16:43:10.229-0700][gc,phases     ] GC(132)   Other: 0.3ms
[2021-04-17T16:43:10.229-0700][gc,heap       ] GC(132) Eden regions: 531->0(554)
[2021-04-17T16:43:10.229-0700][gc,heap       ] GC(132) Survivor regions: 4->4(67)
[2021-04-17T16:43:10.229-0700][gc,heap       ] GC(132) Old regions: 102->102
[2021-04-17T16:43:10.229-0700][gc,heap       ] GC(132) Humongous regions: 129->129
[2021-04-17T16:43:10.229-0700][gc,metaspace  ] GC(132) Metaspace: 41231K->41231K(1087488K)
[2021-04-17T16:43:10.229-0700][gc            ] GC(132) Pause Young (Normal) (G1 Evacuation Pause) 764M->232M(1024M) 5.627ms
[2021-04-17T16:43:10.229-0700][gc,cpu        ] GC(132) User=0.03s Sys=0.00s Real=0.01s
[2021-04-17T16:46:11.754-0700][gc,start      ] GC(133) Pause Young (Normal) (G1 Evacuation Pause)
[2021-04-17T16:46:11.754-0700][gc,task       ] GC(133) Using 8 workers of 8 for evacuation
[2021-04-17T16:46:11.759-0700][gc,phases     ] GC(133)   Pre Evacuate Collection Set: 0.0ms
[2021-04-17T16:46:11.759-0700][gc,phases     ] GC(133)   Evacuate Collection Set: 3.6ms
[2021-04-17T16:46:11.759-0700][gc,phases     ] GC(133)   Post Evacuate Collection Set: 0.5ms
[2021-04-17T16:46:11.759-0700][gc,phases     ] GC(133)   Other: 0.2ms
[2021-04-17T16:46:11.759-0700][gc,heap       ] GC(133) Eden regions: 554->0(589)
[2021-04-17T16:46:11.759-0700][gc,heap       ] GC(133) Survivor regions: 4->4(70)
[2021-04-17T16:46:11.759-0700][gc,heap       ] GC(133) Old regions: 102->102
[2021-04-17T16:46:11.759-0700][gc,heap       ] GC(133) Humongous regions: 129->129
[2021-04-17T16:46:11.759-0700][gc,metaspace  ] GC(133) Metaspace: 41234K->41234K(1087488K)
[2021-04-17T16:46:11.759-0700][gc            ] GC(133) Pause Young (Normal) (G1 Evacuation Pause) 786M->233M(1024M) 4.402ms
[2021-04-17T16:46:11.759-0700][gc,cpu        ] GC(133) User=0.02s Sys=0.00s Real=0.01s
[2021-04-17T16:49:24.431-0700][gc,start      ] GC(134) Pause Young (Normal) (G1 Evacuation Pause)
[2021-04-17T16:49:24.431-0700][gc,task       ] GC(134) Using 8 workers of 8 for evacuation
[2021-04-17T16:49:24.443-0700][gc,phases     ] GC(134)   Pre Evacuate Collection Set: 0.0ms
[2021-04-17T16:49:24.443-0700][gc,phases     ] GC(134)   Evacuate Collection Set: 10.9ms
[2021-04-17T16:49:24.443-0700][gc,phases     ] GC(134)   Post Evacuate Collection Set: 1.1ms
[2021-04-17T16:49:24.443-0700][gc,phases     ] GC(134)   Other: 0.5ms
[2021-04-17T16:49:24.443-0700][gc,heap       ] GC(134) Eden regions: 589->0(578)
[2021-04-17T16:49:24.443-0700][gc,heap       ] GC(134) Survivor regions: 4->5(75)
[2021-04-17T16:49:24.443-0700][gc,heap       ] GC(134) Old regions: 102->103
[2021-04-17T16:49:24.443-0700][gc,heap       ] GC(134) Humongous regions: 129->129
[2021-04-17T16:49:24.443-0700][gc,metaspace  ] GC(134) Metaspace: 41235K->41235K(1087488K)
[2021-04-17T16:49:24.443-0700][gc            ] GC(134) Pause Young (Normal) (G1 Evacuation Pause) 822M->234M(1024M) 12.826ms
[2021-04-17T16:49:24.443-0700][gc,cpu        ] GC(134) User=0.09s Sys=0.00s Real=0.01s
[2021-04-17T16:52:33.842-0700][gc,start      ] GC(135) Pause Young (Normal) (G1 Evacuation Pause)
[2021-04-17T16:52:33.842-0700][gc,task       ] GC(135) Using 8 workers of 8 for evacuation
[2021-04-17T16:52:33.853-0700][gc,phases     ] GC(135)   Pre Evacuate Collection Set: 0.0ms
[2021-04-17T16:52:33.853-0700][gc,phases     ] GC(135)   Evacuate Collection Set: 9.4ms
[2021-04-17T16:52:33.853-0700][gc,phases     ] GC(135)   Post Evacuate Collection Set: 1.2ms
[2021-04-17T16:52:33.853-0700][gc,phases     ] GC(135)   Other: 0.4ms
[2021-04-17T16:52:33.854-0700][gc,heap       ] GC(135) Eden regions: 578->0(589)
[2021-04-17T16:52:33.854-0700][gc,heap       ] GC(135) Survivor regions: 5->4(73)
[2021-04-17T16:52:33.854-0700][gc,heap       ] GC(135) Old regions: 103->103
[2021-04-17T16:52:33.854-0700][gc,heap       ] GC(135) Humongous regions: 129->129
[2021-04-17T16:52:33.854-0700][gc,metaspace  ] GC(135) Metaspace: 41235K->41235K(1087488K)
[2021-04-17T16:52:33.854-0700][gc            ] GC(135) Pause Young (Normal) (G1 Evacuation Pause) 812M->233M(1024M) 11.302ms
[2021-04-17T16:52:33.854-0700][gc,cpu        ] GC(135) User=0.07s Sys=0.00s Real=0.01s
[2021-04-17T16:55:45.527-0700][gc,start      ] GC(136) Pause Young (Normal) (G1 Evacuation Pause)
[2021-04-17T16:55:45.527-0700][gc,task       ] GC(136) Using 8 workers of 8 for evacuation
[2021-04-17T16:55:45.540-0700][gc,phases     ] GC(136)   Pre Evacuate Collection Set: 0.0ms
[2021-04-17T16:55:45.540-0700][gc,phases     ] GC(136)   Evacuate Collection Set: 11.4ms
[2021-04-17T16:55:45.540-0700][gc,phases     ] GC(136)   Post Evacuate Collection Set: 1.8ms
[2021-04-17T16:55:45.541-0700][gc,phases     ] GC(136)   Other: 0.5ms
[2021-04-17T16:55:45.541-0700][gc,heap       ] GC(136) Eden regions: 589->0(587)
[2021-04-17T16:55:45.541-0700][gc,heap       ] GC(136) Survivor regions: 4->4(75)
[2021-04-17T16:55:45.541-0700][gc,heap       ] GC(136) Old regions: 103->103
[2021-04-17T16:55:45.541-0700][gc,heap       ] GC(136) Humongous regions: 129->129
[2021-04-17T16:55:45.541-0700][gc,metaspace  ] GC(136) Metaspace: 41235K->41235K(1087488K)
[2021-04-17T16:55:45.541-0700][gc            ] GC(136) Pause Young (Normal) (G1 Evacuation Pause) 822M->233M(1024M) 14.062ms
[2021-04-17T16:55:45.541-0700][gc,cpu        ] GC(136) User=0.09s Sys=0.00s Real=0.02s
[2021-04-17T16:58:57.493-0700][gc,start      ] GC(137) Pause Young (Normal) (G1 Evacuation Pause)
[2021-04-17T16:58:57.494-0700][gc,task       ] GC(137) Using 8 workers of 8 for evacuation
[2021-04-17T16:58:57.507-0700][gc,phases     ] GC(137)   Pre Evacuate Collection Set: 0.0ms
[2021-04-17T16:58:57.507-0700][gc,phases     ] GC(137)   Evacuate Collection Set: 11.9ms
[2021-04-17T16:58:57.507-0700][gc,phases     ] GC(137)   Post Evacuate Collection Set: 1.2ms
[2021-04-17T16:58:57.507-0700][gc,phases     ] GC(137)   Other: 0.5ms
[2021-04-17T16:58:57.507-0700][gc,heap       ] GC(137) Eden regions: 587->0(589)
[2021-04-17T16:58:57.507-0700][gc,heap       ] GC(137) Survivor regions: 4->5(74)
[2021-04-17T16:58:57.507-0700][gc,heap       ] GC(137) Old regions: 103->103
[2021-04-17T16:58:57.507-0700][gc,heap       ] GC(137) Humongous regions: 129->129
[2021-04-17T16:58:57.507-0700][gc,metaspace  ] GC(137) Metaspace: 41237K->41237K(1087488K)
[2021-04-17T16:58:57.507-0700][gc            ] GC(137) Pause Young (Normal) (G1 Evacuation Pause) 820M->234M(1024M) 13.923ms
[2021-04-17T16:58:57.507-0700][gc,cpu        ] GC(137) User=0.10s Sys=0.00s Real=0.01s
[2021-04-17T17:02:10.609-0700][gc,start      ] GC(138) Pause Young (Normal) (G1 Evacuation Pause)
[2021-04-17T17:02:10.609-0700][gc,task       ] GC(138) Using 8 workers of 8 for evacuation
[2021-04-17T17:02:10.622-0700][gc,phases     ] GC(138)   Pre Evacuate Collection Set: 0.0ms
[2021-04-17T17:02:10.622-0700][gc,phases     ] GC(138)   Evacuate Collection Set: 11.7ms
[2021-04-17T17:02:10.622-0700][gc,phases     ] GC(138)   Post Evacuate Collection Set: 1.1ms
[2021-04-17T17:02:10.622-0700][gc,phases     ] GC(138)   Other: 0.5ms
[2021-04-17T17:02:10.622-0700][gc,heap       ] GC(138) Eden regions: 589->0(591)
[2021-04-17T17:02:10.622-0700][gc,heap       ] GC(138) Survivor regions: 5->5(75)
[2021-04-17T17:02:10.622-0700][gc,heap       ] GC(138) Old regions: 103->103
[2021-04-17T17:02:10.622-0700][gc,heap       ] GC(138) Humongous regions: 129->129
[2021-04-17T17:02:10.622-0700][gc,metaspace  ] GC(138) Metaspace: 41290K->41290K(1087488K)
[2021-04-17T17:02:10.623-0700][gc            ] GC(138) Pause Young (Normal) (G1 Evacuation Pause) 823M->234M(1024M) 13.596ms
[2021-04-17T17:02:10.623-0700][gc,cpu        ] GC(138) User=0.10s Sys=0.00s Real=0.01s
[2021-04-17T17:05:24.095-0700][gc,start      ] GC(139) Pause Young (Normal) (G1 Evacuation Pause)
[2021-04-17T17:05:24.095-0700][gc,task       ] GC(139) Using 8 workers of 8 for evacuation
[2021-04-17T17:05:24.108-0700][gc,phases     ] GC(139)   Pre Evacuate Collection Set: 0.0ms
[2021-04-17T17:05:24.108-0700][gc,phases     ] GC(139)   Evacuate Collection Set: 11.1ms
[2021-04-17T17:05:24.108-0700][gc,phases     ] GC(139)   Post Evacuate Collection Set: 1.5ms
[2021-04-17T17:05:24.108-0700][gc,phases     ] GC(139)   Other: 0.5ms
[2021-04-17T17:05:24.108-0700][gc,heap       ] GC(139) Eden regions: 591->0(591)
[2021-04-17T17:05:24.108-0700][gc,heap       ] GC(139) Survivor regions: 5->4(75)
[2021-04-17T17:05:24.108-0700][gc,heap       ] GC(139) Old regions: 103->103
[2021-04-17T17:05:24.108-0700][gc,heap       ] GC(139) Humongous regions: 129->129
[2021-04-17T17:05:24.108-0700][gc,metaspace  ] GC(139) Metaspace: 41290K->41290K(1087488K)
[2021-04-17T17:05:24.108-0700][gc            ] GC(139) Pause Young (Normal) (G1 Evacuation Pause) 825M->234M(1024M) 13.445ms
[2021-04-17T17:05:24.108-0700][gc,cpu        ] GC(139) User=0.09s Sys=0.00s Real=0.01s
[2021-04-17T17:08:37.634-0700][gc,start      ] GC(140) Pause Young (Normal) (G1 Evacuation Pause)
[2021-04-17T17:08:37.634-0700][gc,task       ] GC(140) Using 8 workers of 8 for evacuation
[2021-04-17T17:08:37.646-0700][gc,phases     ] GC(140)   Pre Evacuate Collection Set: 0.0ms
[2021-04-17T17:08:37.646-0700][gc,phases     ] GC(140)   Evacuate Collection Set: 10.6ms
[2021-04-17T17:08:37.646-0700][gc,phases     ] GC(140)   Post Evacuate Collection Set: 1.1ms
[2021-04-17T17:08:37.646-0700][gc,phases     ] GC(140)   Other: 0.5ms
[2021-04-17T17:08:37.646-0700][gc,heap       ] GC(140) Eden regions: 591->0(594)
[2021-04-17T17:08:37.646-0700][gc,heap       ] GC(140) Survivor regions: 4->5(75)
[2021-04-17T17:08:37.646-0700][gc,heap       ] GC(140) Old regions: 103->103
[2021-04-17T17:08:37.646-0700][gc,heap       ] GC(140) Humongous regions: 129->129
[2021-04-17T17:08:37.646-0700][gc,metaspace  ] GC(140) Metaspace: 41290K->41290K(1087488K)
[2021-04-17T17:08:37.646-0700][gc            ] GC(140) Pause Young (Normal) (G1 Evacuation Pause) 825M->234M(1024M) 12.396ms
[2021-04-17T17:08:37.646-0700][gc,cpu        ] GC(140) User=0.08s Sys=0.00s Real=0.01s
[2021-04-17T17:11:52.229-0700][gc,start      ] GC(141) Pause Young (Normal) (G1 Evacuation Pause)
[2021-04-17T17:11:52.229-0700][gc,task       ] GC(141) Using 8 workers of 8 for evacuation
[2021-04-17T17:11:52.241-0700][gc,phases     ] GC(141)   Pre Evacuate Collection Set: 0.0ms
[2021-04-17T17:11:52.241-0700][gc,phases     ] GC(141)   Evacuate Collection Set: 10.5ms
[2021-04-17T17:11:52.241-0700][gc,phases     ] GC(141)   Post Evacuate Collection Set: 1.4ms
[2021-04-17T17:11:52.241-0700][gc,phases     ] GC(141)   Other: 0.5ms
[2021-04-17T17:11:52.241-0700][gc,heap       ] GC(141) Eden regions: 594->0(605)
[2021-04-17T17:11:52.241-0700][gc,heap       ] GC(141) Survivor regions: 5->5(75)
[2021-04-17T17:11:52.241-0700][gc,heap       ] GC(141) Old regions: 103->103
[2021-04-17T17:11:52.241-0700][gc,heap       ] GC(141) Humongous regions: 129->129
[2021-04-17T17:11:52.241-0700][gc,metaspace  ] GC(141) Metaspace: 41290K->41290K(1087488K)
[2021-04-17T17:11:52.241-0700][gc            ] GC(141) Pause Young (Normal) (G1 Evacuation Pause) 828M->234M(1024M) 12.708ms
[2021-04-17T17:11:52.241-0700][gc,cpu        ] GC(141) User=0.09s Sys=0.00s Real=0.02s
[2021-04-17T17:15:10.456-0700][gc,start      ] GC(142) Pause Young (Normal) (G1 Evacuation Pause)
[2021-04-17T17:15:10.456-0700][gc,task       ] GC(142) Using 8 workers of 8 for evacuation
[2021-04-17T17:15:10.467-0700][gc,phases     ] GC(142)   Pre Evacuate Collection Set: 0.0ms
[2021-04-17T17:15:10.467-0700][gc,phases     ] GC(142)   Evacuate Collection Set: 9.2ms
[2021-04-17T17:15:10.467-0700][gc,phases     ] GC(142)   Post Evacuate Collection Set: 1.2ms
[2021-04-17T17:15:10.467-0700][gc,phases     ] GC(142)   Other: 0.5ms
[2021-04-17T17:15:10.467-0700][gc,heap       ] GC(142) Eden regions: 605->0(610)
[2021-04-17T17:15:10.467-0700][gc,heap       ] GC(142) Survivor regions: 5->4(77)
[2021-04-17T17:15:10.467-0700][gc,heap       ] GC(142) Old regions: 103->103
[2021-04-17T17:15:10.467-0700][gc,heap       ] GC(142) Humongous regions: 129->129
[2021-04-17T17:15:10.467-0700][gc,metaspace  ] GC(142) Metaspace: 41291K->41291K(1087488K)
[2021-04-17T17:15:10.467-0700][gc            ] GC(142) Pause Young (Normal) (G1 Evacuation Pause) 839M->233M(1024M) 11.156ms
[2021-04-17T17:15:10.467-0700][gc,cpu        ] GC(142) User=0.07s Sys=0.00s Real=0.01s
[2021-04-17T17:18:30.528-0700][gc,start      ] GC(143) Pause Young (Normal) (G1 Evacuation Pause)
[2021-04-17T17:18:30.528-0700][gc,task       ] GC(143) Using 8 workers of 8 for evacuation
[2021-04-17T17:18:30.539-0700][gc,phases     ] GC(143)   Pre Evacuate Collection Set: 0.0ms
[2021-04-17T17:18:30.539-0700][gc,phases     ] GC(143)   Evacuate Collection Set: 9.3ms
[2021-04-17T17:18:30.539-0700][gc,phases     ] GC(143)   Post Evacuate Collection Set: 1.3ms
[2021-04-17T17:18:30.539-0700][gc,phases     ] GC(143)   Other: 0.5ms
[2021-04-17T17:18:30.539-0700][gc,heap       ] GC(143) Eden regions: 610->0(610)
[2021-04-17T17:18:30.539-0700][gc,heap       ] GC(143) Survivor regions: 4->4(77)
[2021-04-17T17:18:30.539-0700][gc,heap       ] GC(143) Old regions: 103->103
[2021-04-17T17:18:30.539-0700][gc,heap       ] GC(143) Humongous regions: 129->129
[2021-04-17T17:18:30.539-0700][gc,metaspace  ] GC(143) Metaspace: 41291K->41291K(1087488K)
[2021-04-17T17:18:30.539-0700][gc            ] GC(143) Pause Young (Normal) (G1 Evacuation Pause) 843M->233M(1024M) 11.338ms
[2021-04-17T17:18:30.539-0700][gc,cpu        ] GC(143) User=0.07s Sys=0.01s Real=0.02s
[2021-04-17T17:21:50.727-0700][gc,start      ] GC(144) Pause Young (Normal) (G1 Evacuation Pause)
[2021-04-17T17:21:50.727-0700][gc,task       ] GC(144) Using 8 workers of 8 for evacuation
[2021-04-17T17:21:50.735-0700][gc,phases     ] GC(144)   Pre Evacuate Collection Set: 0.0ms
[2021-04-17T17:21:50.735-0700][gc,phases     ] GC(144)   Evacuate Collection Set: 6.5ms
[2021-04-17T17:21:50.735-0700][gc,phases     ] GC(144)   Post Evacuate Collection Set: 1.2ms
[2021-04-17T17:21:50.735-0700][gc,phases     ] GC(144)   Other: 0.5ms
[2021-04-17T17:21:50.735-0700][gc,heap       ] GC(144) Eden regions: 610->0(610)
[2021-04-17T17:21:50.735-0700][gc,heap       ] GC(144) Survivor regions: 4->4(77)
[2021-04-17T17:21:50.735-0700][gc,heap       ] GC(144) Old regions: 103->103
[2021-04-17T17:21:50.735-0700][gc,heap       ] GC(144) Humongous regions: 129->129
[2021-04-17T17:21:50.735-0700][gc,metaspace  ] GC(144) Metaspace: 41292K->41292K(1087488K)
[2021-04-17T17:21:50.736-0700][gc            ] GC(144) Pause Young (Normal) (G1 Evacuation Pause) 843M->233M(1024M) 8.420ms
[2021-04-17T17:21:50.736-0700][gc,cpu        ] GC(144) User=0.06s Sys=0.00s Real=0.01s
[2021-04-17T17:25:10.965-0700][gc,start      ] GC(145) Pause Young (Normal) (G1 Evacuation Pause)
[2021-04-17T17:25:10.965-0700][gc,task       ] GC(145) Using 8 workers of 8 for evacuation
[2021-04-17T17:25:10.972-0700][gc,phases     ] GC(145)   Pre Evacuate Collection Set: 0.0ms
[2021-04-17T17:25:10.972-0700][gc,phases     ] GC(145)   Evacuate Collection Set: 6.1ms
[2021-04-17T17:25:10.972-0700][gc,phases     ] GC(145)   Post Evacuate Collection Set: 0.6ms
[2021-04-17T17:25:10.972-0700][gc,phases     ] GC(145)   Other: 0.5ms
[2021-04-17T17:25:10.972-0700][gc,heap       ] GC(145) Eden regions: 610->0(610)
[2021-04-17T17:25:10.972-0700][gc,heap       ] GC(145) Survivor regions: 4->4(77)
[2021-04-17T17:25:10.972-0700][gc,heap       ] GC(145) Old regions: 103->103
[2021-04-17T17:25:10.972-0700][gc,heap       ] GC(145) Humongous regions: 129->129
[2021-04-17T17:25:10.972-0700][gc,metaspace  ] GC(145) Metaspace: 41293K->41293K(1087488K)
[2021-04-17T17:25:10.972-0700][gc            ] GC(145) Pause Young (Normal) (G1 Evacuation Pause) 843M->233M(1024M) 7.217ms
[2021-04-17T17:25:10.972-0700][gc,cpu        ] GC(145) User=0.05s Sys=0.00s Real=0.01s
[2021-04-17T17:28:30.798-0700][gc,start      ] GC(146) Pause Young (Normal) (G1 Evacuation Pause)
[2021-04-17T17:28:30.799-0700][gc,task       ] GC(146) Using 8 workers of 8 for evacuation
[2021-04-17T17:28:30.807-0700][gc,phases     ] GC(146)   Pre Evacuate Collection Set: 0.0ms
[2021-04-17T17:28:30.807-0700][gc,phases     ] GC(146)   Evacuate Collection Set: 7.2ms
[2021-04-17T17:28:30.807-0700][gc,phases     ] GC(146)   Post Evacuate Collection Set: 1.3ms
[2021-04-17T17:28:30.808-0700][gc,phases     ] GC(146)   Other: 0.5ms
[2021-04-17T17:28:30.808-0700][gc,heap       ] GC(146) Eden regions: 610->0(611)
[2021-04-17T17:28:30.808-0700][gc,heap       ] GC(146) Survivor regions: 4->3(77)
[2021-04-17T17:28:30.808-0700][gc,heap       ] GC(146) Old regions: 103->104
[2021-04-17T17:28:30.808-0700][gc,heap       ] GC(146) Humongous regions: 129->129
[2021-04-17T17:28:30.808-0700][gc,metaspace  ] GC(146) Metaspace: 41293K->41293K(1087488K)
[2021-04-17T17:28:30.808-0700][gc            ] GC(146) Pause Young (Normal) (G1 Evacuation Pause) 843M->233M(1024M) 9.222ms
[2021-04-17T17:28:30.808-0700][gc,cpu        ] GC(146) User=0.06s Sys=0.00s Real=0.00s
[2021-04-17T17:31:51.121-0700][gc,start      ] GC(147) Pause Young (Normal) (G1 Evacuation Pause)
[2021-04-17T17:31:51.121-0700][gc,task       ] GC(147) Using 8 workers of 8 for evacuation
[2021-04-17T17:31:51.130-0700][gc,phases     ] GC(147)   Pre Evacuate Collection Set: 0.0ms
[2021-04-17T17:31:51.130-0700][gc,phases     ] GC(147)   Evacuate Collection Set: 7.0ms
[2021-04-17T17:31:51.130-0700][gc,phases     ] GC(147)   Post Evacuate Collection Set: 1.3ms
[2021-04-17T17:31:51.130-0700][gc,phases     ] GC(147)   Other: 0.5ms
[2021-04-17T17:31:51.130-0700][gc,heap       ] GC(147) Eden regions: 611->0(611)
[2021-04-17T17:31:51.130-0700][gc,heap       ] GC(147) Survivor regions: 3->3(77)
[2021-04-17T17:31:51.130-0700][gc,heap       ] GC(147) Old regions: 104->104
[2021-04-17T17:31:51.130-0700][gc,heap       ] GC(147) Humongous regions: 129->129
[2021-04-17T17:31:51.130-0700][gc,metaspace  ] GC(147) Metaspace: 41293K->41293K(1087488K)
[2021-04-17T17:31:51.130-0700][gc            ] GC(147) Pause Young (Normal) (G1 Evacuation Pause) 844M->233M(1024M) 9.098ms
[2021-04-17T17:31:51.130-0700][gc,cpu        ] GC(147) User=0.06s Sys=0.00s Real=0.01s
[2021-04-17T17:35:11.499-0700][gc,start      ] GC(148) Pause Young (Normal) (G1 Evacuation Pause)
[2021-04-17T17:35:11.499-0700][gc,task       ] GC(148) Using 8 workers of 8 for evacuation
[2021-04-17T17:35:11.507-0700][gc,phases     ] GC(148)   Pre Evacuate Collection Set: 0.0ms
[2021-04-17T17:35:11.507-0700][gc,phases     ] GC(148)   Evacuate Collection Set: 6.3ms
[2021-04-17T17:35:11.507-0700][gc,phases     ] GC(148)   Post Evacuate Collection Set: 1.3ms
[2021-04-17T17:35:11.507-0700][gc,phases     ] GC(148)   Other: 0.5ms
[2021-04-17T17:35:11.507-0700][gc,heap       ] GC(148) Eden regions: 611->0(610)
[2021-04-17T17:35:11.507-0700][gc,heap       ] GC(148) Survivor regions: 3->4(77)
[2021-04-17T17:35:11.507-0700][gc,heap       ] GC(148) Old regions: 104->104
[2021-04-17T17:35:11.507-0700][gc,heap       ] GC(148) Humongous regions: 129->129
[2021-04-17T17:35:11.507-0700][gc,metaspace  ] GC(148) Metaspace: 41296K->41296K(1087488K)
[2021-04-17T17:35:11.507-0700][gc            ] GC(148) Pause Young (Normal) (G1 Evacuation Pause) 844M->233M(1024M) 8.324ms
[2021-04-17T17:35:11.507-0700][gc,cpu        ] GC(148) User=0.06s Sys=0.00s Real=0.00s
[2021-04-17T17:38:31.744-0700][gc,start      ] GC(149) Pause Young (Normal) (G1 Evacuation Pause)
[2021-04-17T17:38:31.744-0700][gc,task       ] GC(149) Using 8 workers of 8 for evacuation
[2021-04-17T17:38:31.753-0700][gc,phases     ] GC(149)   Pre Evacuate Collection Set: 0.0ms
[2021-04-17T17:38:31.753-0700][gc,phases     ] GC(149)   Evacuate Collection Set: 6.5ms
[2021-04-17T17:38:31.753-0700][gc,phases     ] GC(149)   Post Evacuate Collection Set: 1.3ms
[2021-04-17T17:38:31.753-0700][gc,phases     ] GC(149)   Other: 0.5ms
[2021-04-17T17:38:31.753-0700][gc,heap       ] GC(149) Eden regions: 610->0(610)
[2021-04-17T17:38:31.753-0700][gc,heap       ] GC(149) Survivor regions: 4->4(77)
[2021-04-17T17:38:31.753-0700][gc,heap       ] GC(149) Old regions: 104->104
[2021-04-17T17:38:31.753-0700][gc,heap       ] GC(149) Humongous regions: 129->129
[2021-04-17T17:38:31.753-0700][gc,metaspace  ] GC(149) Metaspace: 41296K->41296K(1087488K)
[2021-04-17T17:38:31.753-0700][gc            ] GC(149) Pause Young (Normal) (G1 Evacuation Pause) 843M->234M(1024M) 8.618ms
[2021-04-17T17:38:31.753-0700][gc,cpu        ] GC(149) User=0.05s Sys=0.00s Real=0.01s
[2021-04-17T17:41:51.888-0700][gc,start      ] GC(150) Pause Young (Normal) (G1 Evacuation Pause)
[2021-04-17T17:41:51.888-0700][gc,task       ] GC(150) Using 8 workers of 8 for evacuation
[2021-04-17T17:41:51.894-0700][gc,phases     ] GC(150)   Pre Evacuate Collection Set: 0.0ms
[2021-04-17T17:41:51.894-0700][gc,phases     ] GC(150)   Evacuate Collection Set: 5.2ms
[2021-04-17T17:41:51.894-0700][gc,phases     ] GC(150)   Post Evacuate Collection Set: 0.5ms
[2021-04-17T17:41:51.894-0700][gc,phases     ] GC(150)   Other: 0.4ms
[2021-04-17T17:41:51.894-0700][gc,heap       ] GC(150) Eden regions: 610->0(611)
[2021-04-17T17:41:51.894-0700][gc,heap       ] GC(150) Survivor regions: 4->3(77)
[2021-04-17T17:41:51.894-0700][gc,heap       ] GC(150) Old regions: 104->104
[2021-04-17T17:41:51.894-0700][gc,heap       ] GC(150) Humongous regions: 129->129
[2021-04-17T17:41:51.894-0700][gc,metaspace  ] GC(150) Metaspace: 41296K->41296K(1087488K)
[2021-04-17T17:41:51.894-0700][gc            ] GC(150) Pause Young (Normal) (G1 Evacuation Pause) 844M->234M(1024M) 6.194ms
[2021-04-17T17:41:51.894-0700][gc,cpu        ] GC(150) User=0.04s Sys=0.01s Real=0.01s
[2021-04-17T17:45:12.297-0700][gc,start      ] GC(151) Pause Young (Normal) (G1 Evacuation Pause)
[2021-04-17T17:45:12.297-0700][gc,task       ] GC(151) Using 8 workers of 8 for evacuation
[2021-04-17T17:45:12.305-0700][gc,phases     ] GC(151)   Pre Evacuate Collection Set: 0.0ms
[2021-04-17T17:45:12.305-0700][gc,phases     ] GC(151)   Evacuate Collection Set: 6.0ms
[2021-04-17T17:45:12.305-0700][gc,phases     ] GC(151)   Post Evacuate Collection Set: 1.4ms
[2021-04-17T17:45:12.305-0700][gc,phases     ] GC(151)   Other: 0.5ms
[2021-04-17T17:45:12.305-0700][gc,heap       ] GC(151) Eden regions: 611->0(611)
[2021-04-17T17:45:12.305-0700][gc,heap       ] GC(151) Survivor regions: 3->3(77)
[2021-04-17T17:45:12.305-0700][gc,heap       ] GC(151) Old regions: 104->104
[2021-04-17T17:45:12.305-0700][gc,heap       ] GC(151) Humongous regions: 129->129
[2021-04-17T17:45:12.305-0700][gc,metaspace  ] GC(151) Metaspace: 41296K->41296K(1087488K)
[2021-04-17T17:45:12.305-0700][gc            ] GC(151) Pause Young (Normal) (G1 Evacuation Pause) 845M->234M(1024M) 8.147ms
[2021-04-17T17:45:12.305-0700][gc,cpu        ] GC(151) User=0.04s Sys=0.01s Real=0.00s
[2021-04-17T17:48:32.499-0700][gc,start      ] GC(152) Pause Young (Normal) (G1 Evacuation Pause)
[2021-04-17T17:48:32.499-0700][gc,task       ] GC(152) Using 8 workers of 8 for evacuation
[2021-04-17T17:48:32.506-0700][gc,phases     ] GC(152)   Pre Evacuate Collection Set: 0.0ms
[2021-04-17T17:48:32.506-0700][gc,phases     ] GC(152)   Evacuate Collection Set: 5.8ms
[2021-04-17T17:48:32.506-0700][gc,phases     ] GC(152)   Post Evacuate Collection Set: 1.3ms
[2021-04-17T17:48:32.506-0700][gc,phases     ] GC(152)   Other: 0.5ms
[2021-04-17T17:48:32.506-0700][gc,heap       ] GC(152) Eden regions: 611->0(610)
[2021-04-17T17:48:32.506-0700][gc,heap       ] GC(152) Survivor regions: 3->4(77)
[2021-04-17T17:48:32.506-0700][gc,heap       ] GC(152) Old regions: 104->104
[2021-04-17T17:48:32.506-0700][gc,heap       ] GC(152) Humongous regions: 129->129
[2021-04-17T17:48:32.506-0700][gc,metaspace  ] GC(152) Metaspace: 41296K->41296K(1087488K)
[2021-04-17T17:48:32.507-0700][gc            ] GC(152) Pause Young (Normal) (G1 Evacuation Pause) 845M->234M(1024M) 7.917ms
[2021-04-17T17:48:32.507-0700][gc,cpu        ] GC(152) User=0.05s Sys=0.00s Real=0.00s
[2021-04-17T17:51:52.169-0700][gc,start      ] GC(153) Pause Young (Normal) (G1 Evacuation Pause)
[2021-04-17T17:51:52.169-0700][gc,task       ] GC(153) Using 8 workers of 8 for evacuation
[2021-04-17T17:51:52.177-0700][gc,phases     ] GC(153)   Pre Evacuate Collection Set: 0.0ms
[2021-04-17T17:51:52.177-0700][gc,phases     ] GC(153)   Evacuate Collection Set: 6.0ms
[2021-04-17T17:51:52.177-0700][gc,phases     ] GC(153)   Post Evacuate Collection Set: 1.3ms
[2021-04-17T17:51:52.177-0700][gc,phases     ] GC(153)   Other: 0.5ms
[2021-04-17T17:51:52.177-0700][gc,heap       ] GC(153) Eden regions: 610->0(610)
[2021-04-17T17:51:52.177-0700][gc,heap       ] GC(153) Survivor regions: 4->4(77)
[2021-04-17T17:51:52.177-0700][gc,heap       ] GC(153) Old regions: 104->104
[2021-04-17T17:51:52.177-0700][gc,heap       ] GC(153) Humongous regions: 129->129
[2021-04-17T17:51:52.177-0700][gc,metaspace  ] GC(153) Metaspace: 41298K->41298K(1087488K)
[2021-04-17T17:51:52.178-0700][gc            ] GC(153) Pause Young (Normal) (G1 Evacuation Pause) 844M->234M(1024M) 8.145ms
[2021-04-17T17:51:52.178-0700][gc,cpu        ] GC(153) User=0.03s Sys=0.01s Real=0.01s
[2021-04-17T17:55:11.299-0700][gc,start      ] GC(154) Pause Young (Normal) (G1 Evacuation Pause)
[2021-04-17T17:55:11.299-0700][gc,task       ] GC(154) Using 8 workers of 8 for evacuation
[2021-04-17T17:55:11.306-0700][gc,phases     ] GC(154)   Pre Evacuate Collection Set: 0.0ms
[2021-04-17T17:55:11.306-0700][gc,phases     ] GC(154)   Evacuate Collection Set: 5.1ms
[2021-04-17T17:55:11.306-0700][gc,phases     ] GC(154)   Post Evacuate Collection Set: 1.2ms
[2021-04-17T17:55:11.306-0700][gc,phases     ] GC(154)   Other: 0.5ms
[2021-04-17T17:55:11.306-0700][gc,heap       ] GC(154) Eden regions: 610->0(611)
[2021-04-17T17:55:11.306-0700][gc,heap       ] GC(154) Survivor regions: 4->3(77)
[2021-04-17T17:55:11.306-0700][gc,heap       ] GC(154) Old regions: 104->104
[2021-04-17T17:55:11.306-0700][gc,heap       ] GC(154) Humongous regions: 129->129
[2021-04-17T17:55:11.306-0700][gc,metaspace  ] GC(154) Metaspace: 41306K->41306K(1087488K)
[2021-04-17T17:55:11.306-0700][gc            ] GC(154) Pause Young (Normal) (G1 Evacuation Pause) 844M->234M(1024M) 7.032ms
[2021-04-17T17:55:11.306-0700][gc,cpu        ] GC(154) User=0.04s Sys=0.00s Real=0.00s
[2021-04-17T17:58:31.498-0700][gc,start      ] GC(155) Pause Young (Normal) (G1 Evacuation Pause)
[2021-04-17T17:58:31.498-0700][gc,task       ] GC(155) Using 8 workers of 8 for evacuation
[2021-04-17T17:58:31.505-0700][gc,phases     ] GC(155)   Pre Evacuate Collection Set: 0.0ms
[2021-04-17T17:58:31.505-0700][gc,phases     ] GC(155)   Evacuate Collection Set: 5.5ms
[2021-04-17T17:58:31.505-0700][gc,phases     ] GC(155)   Post Evacuate Collection Set: 1.3ms
[2021-04-17T17:58:31.505-0700][gc,phases     ] GC(155)   Other: 0.5ms
[2021-04-17T17:58:31.505-0700][gc,heap       ] GC(155) Eden regions: 611->0(611)
[2021-04-17T17:58:31.505-0700][gc,heap       ] GC(155) Survivor regions: 3->3(77)
[2021-04-17T17:58:31.505-0700][gc,heap       ] GC(155) Old regions: 104->104
[2021-04-17T17:58:31.505-0700][gc,heap       ] GC(155) Humongous regions: 129->129
[2021-04-17T17:58:31.505-0700][gc,metaspace  ] GC(155) Metaspace: 41306K->41306K(1087488K)
[2021-04-17T17:58:31.505-0700][gc            ] GC(155) Pause Young (Normal) (G1 Evacuation Pause) 845M->234M(1024M) 7.648ms
[2021-04-17T17:58:31.505-0700][gc,cpu        ] GC(155) User=0.04s Sys=0.00s Real=0.00s
[2021-04-17T18:01:51.448-0700][gc,start      ] GC(156) Pause Young (Normal) (G1 Evacuation Pause)
[2021-04-17T18:01:51.448-0700][gc,task       ] GC(156) Using 8 workers of 8 for evacuation
[2021-04-17T18:01:51.455-0700][gc,phases     ] GC(156)   Pre Evacuate Collection Set: 0.0ms
[2021-04-17T18:01:51.455-0700][gc,phases     ] GC(156)   Evacuate Collection Set: 5.6ms
[2021-04-17T18:01:51.455-0700][gc,phases     ] GC(156)   Post Evacuate Collection Set: 1.1ms
[2021-04-17T18:01:51.455-0700][gc,phases     ] GC(156)   Other: 0.5ms
[2021-04-17T18:01:51.455-0700][gc,heap       ] GC(156) Eden regions: 611->0(611)
[2021-04-17T18:01:51.455-0700][gc,heap       ] GC(156) Survivor regions: 3->3(77)
[2021-04-17T18:01:51.455-0700][gc,heap       ] GC(156) Old regions: 104->104
[2021-04-17T18:01:51.455-0700][gc,heap       ] GC(156) Humongous regions: 129->129
[2021-04-17T18:01:51.455-0700][gc,metaspace  ] GC(156) Metaspace: 41306K->41306K(1087488K)
[2021-04-17T18:01:51.455-0700][gc            ] GC(156) Pause Young (Normal) (G1 Evacuation Pause) 845M->234M(1024M) 7.478ms
[2021-04-17T18:01:51.455-0700][gc,cpu        ] GC(156) User=0.05s Sys=0.00s Real=0.01s
[2021-04-17T18:05:11.547-0700][gc,start      ] GC(157) Pause Young (Normal) (G1 Evacuation Pause)
[2021-04-17T18:05:11.547-0700][gc,task       ] GC(157) Using 8 workers of 8 for evacuation
[2021-04-17T18:05:11.554-0700][gc,phases     ] GC(157)   Pre Evacuate Collection Set: 0.0ms
[2021-04-17T18:05:11.554-0700][gc,phases     ] GC(157)   Evacuate Collection Set: 5.9ms
[2021-04-17T18:05:11.554-0700][gc,phases     ] GC(157)   Post Evacuate Collection Set: 1.2ms
[2021-04-17T18:05:11.554-0700][gc,phases     ] GC(157)   Other: 0.4ms
[2021-04-17T18:05:11.554-0700][gc,heap       ] GC(157) Eden regions: 611->0(610)
[2021-04-17T18:05:11.554-0700][gc,heap       ] GC(157) Survivor regions: 3->4(77)
[2021-04-17T18:05:11.554-0700][gc,heap       ] GC(157) Old regions: 104->104
[2021-04-17T18:05:11.554-0700][gc,heap       ] GC(157) Humongous regions: 129->129
[2021-04-17T18:05:11.554-0700][gc,metaspace  ] GC(157) Metaspace: 41306K->41306K(1087488K)
[2021-04-17T18:05:11.554-0700][gc            ] GC(157) Pause Young (Normal) (G1 Evacuation Pause) 845M->234M(1024M) 7.811ms
[2021-04-17T18:05:11.555-0700][gc,cpu        ] GC(157) User=0.05s Sys=0.00s Real=0.01s
[2021-04-17T18:08:31.281-0700][gc,start      ] GC(158) Pause Young (Normal) (G1 Evacuation Pause)
[2021-04-17T18:08:31.281-0700][gc,task       ] GC(158) Using 8 workers of 8 for evacuation
[2021-04-17T18:08:31.289-0700][gc,phases     ] GC(158)   Pre Evacuate Collection Set: 0.0ms
[2021-04-17T18:08:31.289-0700][gc,phases     ] GC(158)   Evacuate Collection Set: 6.0ms
[2021-04-17T18:08:31.289-0700][gc,phases     ] GC(158)   Post Evacuate Collection Set: 1.3ms
[2021-04-17T18:08:31.289-0700][gc,phases     ] GC(158)   Other: 0.5ms
[2021-04-17T18:08:31.289-0700][gc,heap       ] GC(158) Eden regions: 610->0(610)
[2021-04-17T18:08:31.289-0700][gc,heap       ] GC(158) Survivor regions: 4->4(77)
[2021-04-17T18:08:31.289-0700][gc,heap       ] GC(158) Old regions: 104->104
[2021-04-17T18:08:31.289-0700][gc,heap       ] GC(158) Humongous regions: 129->129
[2021-04-17T18:08:31.289-0700][gc,metaspace  ] GC(158) Metaspace: 41311K->41311K(1087488K)
[2021-04-17T18:08:31.289-0700][gc            ] GC(158) Pause Young (Normal) (G1 Evacuation Pause) 844M->234M(1024M) 8.033ms
[2021-04-17T18:08:31.289-0700][gc,cpu        ] GC(158) User=0.05s Sys=0.00s Real=0.01s
[2021-04-17T18:11:50.910-0700][gc,start      ] GC(159) Pause Young (Normal) (G1 Evacuation Pause)
[2021-04-17T18:11:50.910-0700][gc,task       ] GC(159) Using 8 workers of 8 for evacuation
[2021-04-17T18:11:50.918-0700][gc,phases     ] GC(159)   Pre Evacuate Collection Set: 0.0ms
[2021-04-17T18:11:50.918-0700][gc,phases     ] GC(159)   Evacuate Collection Set: 6.1ms
[2021-04-17T18:11:50.918-0700][gc,phases     ] GC(159)   Post Evacuate Collection Set: 1.3ms
[2021-04-17T18:11:50.918-0700][gc,phases     ] GC(159)   Other: 0.5ms
[2021-04-17T18:11:50.918-0700][gc,heap       ] GC(159) Eden regions: 610->0(610)
[2021-04-17T18:11:50.918-0700][gc,heap       ] GC(159) Survivor regions: 4->4(77)
[2021-04-17T18:11:50.918-0700][gc,heap       ] GC(159) Old regions: 104->104
[2021-04-17T18:11:50.918-0700][gc,heap       ] GC(159) Humongous regions: 129->129
[2021-04-17T18:11:50.918-0700][gc,metaspace  ] GC(159) Metaspace: 41312K->41312K(1087488K)
[2021-04-17T18:11:50.918-0700][gc            ] GC(159) Pause Young (Normal) (G1 Evacuation Pause) 844M->234M(1024M) 8.147ms
[2021-04-17T18:11:50.918-0700][gc,cpu        ] GC(159) User=0.04s Sys=0.00s Real=0.01s
[2021-04-17T18:15:10.636-0700][gc,start      ] GC(160) Pause Young (Normal) (G1 Evacuation Pause)
[2021-04-17T18:15:10.636-0700][gc,task       ] GC(160) Using 8 workers of 8 for evacuation
[2021-04-17T18:15:10.643-0700][gc,phases     ] GC(160)   Pre Evacuate Collection Set: 0.1ms
[2021-04-17T18:15:10.643-0700][gc,phases     ] GC(160)   Evacuate Collection Set: 5.5ms
[2021-04-17T18:15:10.643-0700][gc,phases     ] GC(160)   Post Evacuate Collection Set: 0.6ms
[2021-04-17T18:15:10.643-0700][gc,phases     ] GC(160)   Other: 0.5ms
[2021-04-17T18:15:10.643-0700][gc,heap       ] GC(160) Eden regions: 610->0(610)
[2021-04-17T18:15:10.643-0700][gc,heap       ] GC(160) Survivor regions: 4->4(77)
[2021-04-17T18:15:10.643-0700][gc,heap       ] GC(160) Old regions: 104->104
[2021-04-17T18:15:10.643-0700][gc,heap       ] GC(160) Humongous regions: 129->129
[2021-04-17T18:15:10.643-0700][gc,metaspace  ] GC(160) Metaspace: 41312K->41312K(1087488K)
[2021-04-17T18:15:10.643-0700][gc            ] GC(160) Pause Young (Normal) (G1 Evacuation Pause) 844M->234M(1024M) 6.705ms
[2021-04-17T18:15:10.643-0700][gc,cpu        ] GC(160) User=0.04s Sys=0.00s Real=0.01s
[2021-04-17T18:18:30.651-0700][gc,start      ] GC(161) Pause Young (Normal) (G1 Evacuation Pause)
[2021-04-17T18:18:30.651-0700][gc,task       ] GC(161) Using 8 workers of 8 for evacuation
[2021-04-17T18:18:30.658-0700][gc,phases     ] GC(161)   Pre Evacuate Collection Set: 0.0ms
[2021-04-17T18:18:30.658-0700][gc,phases     ] GC(161)   Evacuate Collection Set: 5.9ms
[2021-04-17T18:18:30.658-0700][gc,phases     ] GC(161)   Post Evacuate Collection Set: 1.3ms
[2021-04-17T18:18:30.658-0700][gc,phases     ] GC(161)   Other: 0.5ms
[2021-04-17T18:18:30.658-0700][gc,heap       ] GC(161) Eden regions: 610->0(610)
[2021-04-17T18:18:30.658-0700][gc,heap       ] GC(161) Survivor regions: 4->4(77)
[2021-04-17T18:18:30.659-0700][gc,heap       ] GC(161) Old regions: 104->104
[2021-04-17T18:18:30.659-0700][gc,heap       ] GC(161) Humongous regions: 129->129
[2021-04-17T18:18:30.659-0700][gc,metaspace  ] GC(161) Metaspace: 41312K->41312K(1087488K)
[2021-04-17T18:18:30.659-0700][gc            ] GC(161) Pause Young (Normal) (G1 Evacuation Pause) 844M->234M(1024M) 7.918ms
[2021-04-17T18:18:30.659-0700][gc,cpu        ] GC(161) User=0.05s Sys=0.00s Real=0.01s
[2021-04-17T18:21:50.332-0700][gc,start      ] GC(162) Pause Young (Normal) (G1 Evacuation Pause)
[2021-04-17T18:21:50.332-0700][gc,task       ] GC(162) Using 8 workers of 8 for evacuation
[2021-04-17T18:21:50.339-0700][gc,phases     ] GC(162)   Pre Evacuate Collection Set: 0.0ms
[2021-04-17T18:21:50.339-0700][gc,phases     ] GC(162)   Evacuate Collection Set: 5.8ms
[2021-04-17T18:21:50.339-0700][gc,phases     ] GC(162)   Post Evacuate Collection Set: 1.2ms
[2021-04-17T18:21:50.339-0700][gc,phases     ] GC(162)   Other: 0.4ms
[2021-04-17T18:21:50.339-0700][gc,heap       ] GC(162) Eden regions: 610->0(610)
[2021-04-17T18:21:50.339-0700][gc,heap       ] GC(162) Survivor regions: 4->4(77)
[2021-04-17T18:21:50.339-0700][gc,heap       ] GC(162) Old regions: 104->104
[2021-04-17T18:21:50.339-0700][gc,heap       ] GC(162) Humongous regions: 129->129
[2021-04-17T18:21:50.339-0700][gc,metaspace  ] GC(162) Metaspace: 41312K->41312K(1087488K)
[2021-04-17T18:21:50.339-0700][gc            ] GC(162) Pause Young (Normal) (G1 Evacuation Pause) 844M->234M(1024M) 7.738ms
[2021-04-17T18:21:50.339-0700][gc,cpu        ] GC(162) User=0.05s Sys=0.00s Real=0.01s
[2021-04-17T18:25:09.769-0700][gc,start      ] GC(163) Pause Young (Normal) (G1 Evacuation Pause)
[2021-04-17T18:25:09.769-0700][gc,task       ] GC(163) Using 8 workers of 8 for evacuation
[2021-04-17T18:25:09.773-0700][gc,phases     ] GC(163)   Pre Evacuate Collection Set: 0.0ms
[2021-04-17T18:25:09.773-0700][gc,phases     ] GC(163)   Evacuate Collection Set: 3.0ms
[2021-04-17T18:25:09.773-0700][gc,phases     ] GC(163)   Post Evacuate Collection Set: 0.7ms
[2021-04-17T18:25:09.773-0700][gc,phases     ] GC(163)   Other: 0.2ms
[2021-04-17T18:25:09.773-0700][gc,heap       ] GC(163) Eden regions: 610->0(611)
[2021-04-17T18:25:09.773-0700][gc,heap       ] GC(163) Survivor regions: 4->3(77)
[2021-04-17T18:25:09.773-0700][gc,heap       ] GC(163) Old regions: 104->104
[2021-04-17T18:25:09.773-0700][gc,heap       ] GC(163) Humongous regions: 129->129
[2021-04-17T18:25:09.773-0700][gc,metaspace  ] GC(163) Metaspace: 41313K->41313K(1087488K)
[2021-04-17T18:25:09.773-0700][gc            ] GC(163) Pause Young (Normal) (G1 Evacuation Pause) 844M->234M(1024M) 4.078ms
[2021-04-17T18:25:09.773-0700][gc,cpu        ] GC(163) User=0.02s Sys=0.01s Real=0.00s
[2021-04-17T18:28:29.953-0700][gc,start      ] GC(164) Pause Young (Normal) (G1 Evacuation Pause)
[2021-04-17T18:28:29.954-0700][gc,task       ] GC(164) Using 8 workers of 8 for evacuation
[2021-04-17T18:28:29.962-0700][gc,phases     ] GC(164)   Pre Evacuate Collection Set: 0.0ms
[2021-04-17T18:28:29.962-0700][gc,phases     ] GC(164)   Evacuate Collection Set: 6.4ms
[2021-04-17T18:28:29.962-0700][gc,phases     ] GC(164)   Post Evacuate Collection Set: 1.2ms
[2021-04-17T18:28:29.962-0700][gc,phases     ] GC(164)   Other: 0.5ms
[2021-04-17T18:28:29.962-0700][gc,heap       ] GC(164) Eden regions: 611->0(610)
[2021-04-17T18:28:29.962-0700][gc,heap       ] GC(164) Survivor regions: 3->4(77)
[2021-04-17T18:28:29.962-0700][gc,heap       ] GC(164) Old regions: 104->104
[2021-04-17T18:28:29.962-0700][gc,heap       ] GC(164) Humongous regions: 129->129
[2021-04-17T18:28:29.962-0700][gc,metaspace  ] GC(164) Metaspace: 41313K->41313K(1087488K)
[2021-04-17T18:28:29.962-0700][gc            ] GC(164) Pause Young (Normal) (G1 Evacuation Pause) 845M->234M(1024M) 8.366ms
[2021-04-17T18:28:29.962-0700][gc,cpu        ] GC(164) User=0.05s Sys=0.01s Real=0.01s
[2021-04-17T18:31:49.724-0700][gc,start      ] GC(165) Pause Young (Normal) (G1 Evacuation Pause)
[2021-04-17T18:31:49.724-0700][gc,task       ] GC(165) Using 8 workers of 8 for evacuation
[2021-04-17T18:31:49.729-0700][gc,phases     ] GC(165)   Pre Evacuate Collection Set: 0.0ms
[2021-04-17T18:31:49.729-0700][gc,phases     ] GC(165)   Evacuate Collection Set: 4.0ms
[2021-04-17T18:31:49.729-0700][gc,phases     ] GC(165)   Post Evacuate Collection Set: 1.1ms
[2021-04-17T18:31:49.730-0700][gc,phases     ] GC(165)   Other: 0.4ms
[2021-04-17T18:31:49.730-0700][gc,heap       ] GC(165) Eden regions: 610->0(610)
[2021-04-17T18:31:49.730-0700][gc,heap       ] GC(165) Survivor regions: 4->4(77)
[2021-04-17T18:31:49.730-0700][gc,heap       ] GC(165) Old regions: 104->104
[2021-04-17T18:31:49.730-0700][gc,heap       ] GC(165) Humongous regions: 129->129
[2021-04-17T18:31:49.730-0700][gc,metaspace  ] GC(165) Metaspace: 41314K->41314K(1087488K)
[2021-04-17T18:31:49.730-0700][gc            ] GC(165) Pause Young (Normal) (G1 Evacuation Pause) 844M->234M(1024M) 5.736ms
[2021-04-17T18:31:49.730-0700][gc,cpu        ] GC(165) User=0.03s Sys=0.00s Real=0.01s
[2021-04-17T18:35:09.698-0700][gc,start      ] GC(166) Pause Young (Normal) (G1 Evacuation Pause)
[2021-04-17T18:35:09.698-0700][gc,task       ] GC(166) Using 8 workers of 8 for evacuation
[2021-04-17T18:35:09.706-0700][gc,phases     ] GC(166)   Pre Evacuate Collection Set: 0.0ms
[2021-04-17T18:35:09.706-0700][gc,phases     ] GC(166)   Evacuate Collection Set: 6.1ms
[2021-04-17T18:35:09.706-0700][gc,phases     ] GC(166)   Post Evacuate Collection Set: 1.3ms
[2021-04-17T18:35:09.706-0700][gc,phases     ] GC(166)   Other: 0.5ms
[2021-04-17T18:35:09.706-0700][gc,heap       ] GC(166) Eden regions: 610->0(610)
[2021-04-17T18:35:09.706-0700][gc,heap       ] GC(166) Survivor regions: 4->4(77)
[2021-04-17T18:35:09.706-0700][gc,heap       ] GC(166) Old regions: 104->104
[2021-04-17T18:35:09.706-0700][gc,heap       ] GC(166) Humongous regions: 129->129
[2021-04-17T18:35:09.706-0700][gc,metaspace  ] GC(166) Metaspace: 41329K->41329K(1087488K)
[2021-04-17T18:35:09.706-0700][gc            ] GC(166) Pause Young (Normal) (G1 Evacuation Pause) 844M->234M(1024M) 8.125ms
[2021-04-17T18:35:09.706-0700][gc,cpu        ] GC(166) User=0.04s Sys=0.00s Real=0.00s
[2021-04-17T18:38:29.570-0700][gc,start      ] GC(167) Pause Young (Normal) (G1 Evacuation Pause)
[2021-04-17T18:38:29.570-0700][gc,task       ] GC(167) Using 8 workers of 8 for evacuation
[2021-04-17T18:38:29.579-0700][gc,phases     ] GC(167)   Pre Evacuate Collection Set: 0.1ms
[2021-04-17T18:38:29.579-0700][gc,phases     ] GC(167)   Evacuate Collection Set: 6.9ms
[2021-04-17T18:38:29.579-0700][gc,phases     ] GC(167)   Post Evacuate Collection Set: 1.4ms
[2021-04-17T18:38:29.579-0700][gc,phases     ] GC(167)   Other: 0.7ms
[2021-04-17T18:38:29.579-0700][gc,heap       ] GC(167) Eden regions: 610->0(610)
[2021-04-17T18:38:29.579-0700][gc,heap       ] GC(167) Survivor regions: 4->4(77)
[2021-04-17T18:38:29.579-0700][gc,heap       ] GC(167) Old regions: 104->104
[2021-04-17T18:38:29.579-0700][gc,heap       ] GC(167) Humongous regions: 129->129
[2021-04-17T18:38:29.579-0700][gc,metaspace  ] GC(167) Metaspace: 41329K->41329K(1087488K)
[2021-04-17T18:38:29.579-0700][gc            ] GC(167) Pause Young (Normal) (G1 Evacuation Pause) 844M->234M(1024M) 9.180ms
[2021-04-17T18:38:29.579-0700][gc,cpu        ] GC(167) User=0.05s Sys=0.00s Real=0.01s
[2021-04-17T18:41:49.324-0700][gc,start      ] GC(168) Pause Young (Normal) (G1 Evacuation Pause)
[2021-04-17T18:41:49.324-0700][gc,task       ] GC(168) Using 8 workers of 8 for evacuation
[2021-04-17T18:41:49.328-0700][gc,phases     ] GC(168)   Pre Evacuate Collection Set: 0.0ms
[2021-04-17T18:41:49.329-0700][gc,phases     ] GC(168)   Evacuate Collection Set: 3.3ms
[2021-04-17T18:41:49.329-0700][gc,phases     ] GC(168)   Post Evacuate Collection Set: 0.5ms
[2021-04-17T18:41:49.329-0700][gc,phases     ] GC(168)   Other: 0.2ms
[2021-04-17T18:41:49.329-0700][gc,heap       ] GC(168) Eden regions: 610->0(610)
[2021-04-17T18:41:49.329-0700][gc,heap       ] GC(168) Survivor regions: 4->4(77)
[2021-04-17T18:41:49.329-0700][gc,heap       ] GC(168) Old regions: 104->104
[2021-04-17T18:41:49.329-0700][gc,heap       ] GC(168) Humongous regions: 129->129
[2021-04-17T18:41:49.329-0700][gc,metaspace  ] GC(168) Metaspace: 41331K->41331K(1087488K)
[2021-04-17T18:41:49.329-0700][gc            ] GC(168) Pause Young (Normal) (G1 Evacuation Pause) 844M->234M(1024M) 4.146ms
[2021-04-17T18:41:49.329-0700][gc,cpu        ] GC(168) User=0.01s Sys=0.01s Real=0.00s
[2021-04-17T18:45:09.241-0700][gc,start      ] GC(169) Pause Young (Normal) (G1 Evacuation Pause)
[2021-04-17T18:45:09.241-0700][gc,task       ] GC(169) Using 8 workers of 8 for evacuation
[2021-04-17T18:45:09.249-0700][gc,phases     ] GC(169)   Pre Evacuate Collection Set: 0.0ms
[2021-04-17T18:45:09.249-0700][gc,phases     ] GC(169)   Evacuate Collection Set: 6.0ms
[2021-04-17T18:45:09.249-0700][gc,phases     ] GC(169)   Post Evacuate Collection Set: 1.6ms
[2021-04-17T18:45:09.249-0700][gc,phases     ] GC(169)   Other: 0.5ms
[2021-04-17T18:45:09.249-0700][gc,heap       ] GC(169) Eden regions: 610->0(610)
[2021-04-17T18:45:09.249-0700][gc,heap       ] GC(169) Survivor regions: 4->4(77)
[2021-04-17T18:45:09.249-0700][gc,heap       ] GC(169) Old regions: 104->104
[2021-04-17T18:45:09.249-0700][gc,heap       ] GC(169) Humongous regions: 129->129
[2021-04-17T18:45:09.249-0700][gc,metaspace  ] GC(169) Metaspace: 41331K->41331K(1087488K)
[2021-04-17T18:45:09.249-0700][gc            ] GC(169) Pause Young (Normal) (G1 Evacuation Pause) 844M->234M(1024M) 8.473ms
[2021-04-17T18:45:09.249-0700][gc,cpu        ] GC(169) User=0.04s Sys=0.01s Real=0.01s
[2021-04-17T18:48:28.988-0700][gc,start      ] GC(170) Pause Young (Normal) (G1 Evacuation Pause)
[2021-04-17T18:48:28.988-0700][gc,task       ] GC(170) Using 8 workers of 8 for evacuation
[2021-04-17T18:48:28.996-0700][gc,phases     ] GC(170)   Pre Evacuate Collection Set: 0.0ms
[2021-04-17T18:48:28.996-0700][gc,phases     ] GC(170)   Evacuate Collection Set: 5.9ms
[2021-04-17T18:48:28.996-0700][gc,phases     ] GC(170)   Post Evacuate Collection Set: 1.6ms
[2021-04-17T18:48:28.996-0700][gc,phases     ] GC(170)   Other: 0.6ms
[2021-04-17T18:48:28.996-0700][gc,heap       ] GC(170) Eden regions: 610->0(610)
[2021-04-17T18:48:28.996-0700][gc,heap       ] GC(170) Survivor regions: 4->4(77)
[2021-04-17T18:48:28.996-0700][gc,heap       ] GC(170) Old regions: 104->104
[2021-04-17T18:48:28.996-0700][gc,heap       ] GC(170) Humongous regions: 129->129
[2021-04-17T18:48:28.996-0700][gc,metaspace  ] GC(170) Metaspace: 41331K->41331K(1087488K)
[2021-04-17T18:48:28.996-0700][gc            ] GC(170) Pause Young (Normal) (G1 Evacuation Pause) 844M->234M(1024M) 8.373ms
[2021-04-17T18:48:28.997-0700][gc,cpu        ] GC(170) User=0.05s Sys=0.00s Real=0.01s
[2021-04-17T18:51:48.894-0700][gc,start      ] GC(171) Pause Young (Normal) (G1 Evacuation Pause)
[2021-04-17T18:51:48.894-0700][gc,task       ] GC(171) Using 8 workers of 8 for evacuation
[2021-04-17T18:51:48.904-0700][gc,phases     ] GC(171)   Pre Evacuate Collection Set: 0.0ms
[2021-04-17T18:51:48.904-0700][gc,phases     ] GC(171)   Evacuate Collection Set: 8.4ms
[2021-04-17T18:51:48.904-0700][gc,phases     ] GC(171)   Post Evacuate Collection Set: 1.2ms
[2021-04-17T18:51:48.904-0700][gc,phases     ] GC(171)   Other: 0.5ms
[2021-04-17T18:51:48.904-0700][gc,heap       ] GC(171) Eden regions: 610->0(610)
[2021-04-17T18:51:48.904-0700][gc,heap       ] GC(171) Survivor regions: 4->4(77)
[2021-04-17T18:51:48.904-0700][gc,heap       ] GC(171) Old regions: 104->104
[2021-04-17T18:51:48.905-0700][gc,heap       ] GC(171) Humongous regions: 129->129
[2021-04-17T18:51:48.905-0700][gc,metaspace  ] GC(171) Metaspace: 41331K->41331K(1087488K)
[2021-04-17T18:51:48.905-0700][gc            ] GC(171) Pause Young (Normal) (G1 Evacuation Pause) 844M->234M(1024M) 10.317ms
[2021-04-17T18:51:48.905-0700][gc,cpu        ] GC(171) User=0.06s Sys=0.00s Real=0.01s
[2021-04-17T18:55:07.623-0700][gc,start      ] GC(172) Pause Young (Normal) (G1 Evacuation Pause)
[2021-04-17T18:55:07.623-0700][gc,task       ] GC(172) Using 8 workers of 8 for evacuation
[2021-04-17T18:55:07.631-0700][gc,phases     ] GC(172)   Pre Evacuate Collection Set: 0.0ms
[2021-04-17T18:55:07.631-0700][gc,phases     ] GC(172)   Evacuate Collection Set: 6.2ms
[2021-04-17T18:55:07.631-0700][gc,phases     ] GC(172)   Post Evacuate Collection Set: 1.4ms
[2021-04-17T18:55:07.631-0700][gc,phases     ] GC(172)   Other: 0.5ms
[2021-04-17T18:55:07.631-0700][gc,heap       ] GC(172) Eden regions: 610->0(611)
[2021-04-17T18:55:07.631-0700][gc,heap       ] GC(172) Survivor regions: 4->3(77)
[2021-04-17T18:55:07.631-0700][gc,heap       ] GC(172) Old regions: 104->104
[2021-04-17T18:55:07.632-0700][gc,heap       ] GC(172) Humongous regions: 129->129
[2021-04-17T18:55:07.632-0700][gc,metaspace  ] GC(172) Metaspace: 41331K->41331K(1087488K)
[2021-04-17T18:55:07.632-0700][gc            ] GC(172) Pause Young (Normal) (G1 Evacuation Pause) 844M->234M(1024M) 8.446ms
[2021-04-17T18:55:07.632-0700][gc,cpu        ] GC(172) User=0.05s Sys=0.00s Real=0.01s
[2021-04-17T18:58:27.721-0700][gc,start      ] GC(173) Pause Young (Normal) (G1 Evacuation Pause)
[2021-04-17T18:58:27.721-0700][gc,task       ] GC(173) Using 8 workers of 8 for evacuation
[2021-04-17T18:58:27.723-0700][gc,phases     ] GC(173)   Pre Evacuate Collection Set: 0.0ms
[2021-04-17T18:58:27.723-0700][gc,phases     ] GC(173)   Evacuate Collection Set: 1.8ms
[2021-04-17T18:58:27.723-0700][gc,phases     ] GC(173)   Post Evacuate Collection Set: 0.5ms
[2021-04-17T18:58:27.723-0700][gc,phases     ] GC(173)   Other: 0.2ms
[2021-04-17T18:58:27.723-0700][gc,heap       ] GC(173) Eden regions: 611->0(611)
[2021-04-17T18:58:27.723-0700][gc,heap       ] GC(173) Survivor regions: 3->3(77)
[2021-04-17T18:58:27.723-0700][gc,heap       ] GC(173) Old regions: 104->104
[2021-04-17T18:58:27.723-0700][gc,heap       ] GC(173) Humongous regions: 129->129
[2021-04-17T18:58:27.723-0700][gc,metaspace  ] GC(173) Metaspace: 41331K->41331K(1087488K)
[2021-04-17T18:58:27.723-0700][gc            ] GC(173) Pause Young (Normal) (G1 Evacuation Pause) 845M->234M(1024M) 2.560ms
[2021-04-17T18:58:27.723-0700][gc,cpu        ] GC(173) User=0.01s Sys=0.01s Real=0.00s
[2021-04-17T19:01:47.897-0700][gc,start      ] GC(174) Pause Young (Normal) (G1 Evacuation Pause)
[2021-04-17T19:01:47.897-0700][gc,task       ] GC(174) Using 8 workers of 8 for evacuation
[2021-04-17T19:01:47.905-0700][gc,phases     ] GC(174)   Pre Evacuate Collection Set: 0.0ms
[2021-04-17T19:01:47.905-0700][gc,phases     ] GC(174)   Evacuate Collection Set: 5.9ms
[2021-04-17T19:01:47.905-0700][gc,phases     ] GC(174)   Post Evacuate Collection Set: 1.4ms
[2021-04-17T19:01:47.905-0700][gc,phases     ] GC(174)   Other: 0.5ms
[2021-04-17T19:01:47.905-0700][gc,heap       ] GC(174) Eden regions: 611->0(611)
[2021-04-17T19:01:47.905-0700][gc,heap       ] GC(174) Survivor regions: 3->3(77)
[2021-04-17T19:01:47.905-0700][gc,heap       ] GC(174) Old regions: 104->104
[2021-04-17T19:01:47.905-0700][gc,heap       ] GC(174) Humongous regions: 129->129
[2021-04-17T19:01:47.905-0700][gc,metaspace  ] GC(174) Metaspace: 41332K->41332K(1087488K)
[2021-04-17T19:01:47.905-0700][gc            ] GC(174) Pause Young (Normal) (G1 Evacuation Pause) 845M->234M(1024M) 8.045ms
[2021-04-17T19:01:47.905-0700][gc,cpu        ] GC(174) User=0.04s Sys=0.01s Real=0.00s
[2021-04-17T19:05:08.129-0700][gc,start      ] GC(175) Pause Young (Normal) (G1 Evacuation Pause)
[2021-04-17T19:05:08.129-0700][gc,task       ] GC(175) Using 8 workers of 8 for evacuation
[2021-04-17T19:05:08.137-0700][gc,phases     ] GC(175)   Pre Evacuate Collection Set: 0.0ms
[2021-04-17T19:05:08.137-0700][gc,phases     ] GC(175)   Evacuate Collection Set: 5.8ms
[2021-04-17T19:05:08.137-0700][gc,phases     ] GC(175)   Post Evacuate Collection Set: 1.2ms
[2021-04-17T19:05:08.137-0700][gc,phases     ] GC(175)   Other: 0.5ms
[2021-04-17T19:05:08.137-0700][gc,heap       ] GC(175) Eden regions: 611->0(610)
[2021-04-17T19:05:08.137-0700][gc,heap       ] GC(175) Survivor regions: 3->4(77)
[2021-04-17T19:05:08.137-0700][gc,heap       ] GC(175) Old regions: 104->104
[2021-04-17T19:05:08.137-0700][gc,heap       ] GC(175) Humongous regions: 129->129
[2021-04-17T19:05:08.137-0700][gc,metaspace  ] GC(175) Metaspace: 41332K->41332K(1087488K)
[2021-04-17T19:05:08.137-0700][gc            ] GC(175) Pause Young (Normal) (G1 Evacuation Pause) 845M->234M(1024M) 7.770ms
[2021-04-17T19:05:08.137-0700][gc,cpu        ] GC(175) User=0.04s Sys=0.01s Real=0.01s
[2021-04-17T19:08:28.187-0700][gc,start      ] GC(176) Pause Young (Normal) (G1 Evacuation Pause)
[2021-04-17T19:08:28.187-0700][gc,task       ] GC(176) Using 8 workers of 8 for evacuation
[2021-04-17T19:08:28.194-0700][gc,phases     ] GC(176)   Pre Evacuate Collection Set: 0.0ms
[2021-04-17T19:08:28.194-0700][gc,phases     ] GC(176)   Evacuate Collection Set: 5.7ms
[2021-04-17T19:08:28.194-0700][gc,phases     ] GC(176)   Post Evacuate Collection Set: 1.2ms
[2021-04-17T19:08:28.194-0700][gc,phases     ] GC(176)   Other: 0.5ms
[2021-04-17T19:08:28.194-0700][gc,heap       ] GC(176) Eden regions: 610->0(610)
[2021-04-17T19:08:28.194-0700][gc,heap       ] GC(176) Survivor regions: 4->4(77)
[2021-04-17T19:08:28.194-0700][gc,heap       ] GC(176) Old regions: 104->104
[2021-04-17T19:08:28.194-0700][gc,heap       ] GC(176) Humongous regions: 129->129
[2021-04-17T19:08:28.194-0700][gc,metaspace  ] GC(176) Metaspace: 41332K->41332K(1087488K)
[2021-04-17T19:08:28.194-0700][gc            ] GC(176) Pause Young (Normal) (G1 Evacuation Pause) 844M->234M(1024M) 7.664ms
[2021-04-17T19:08:28.194-0700][gc,cpu        ] GC(176) User=0.05s Sys=0.00s Real=0.01s
[2021-04-17T19:11:48.245-0700][gc,start      ] GC(177) Pause Young (Normal) (G1 Evacuation Pause)
[2021-04-17T19:11:48.245-0700][gc,task       ] GC(177) Using 8 workers of 8 for evacuation
[2021-04-17T19:11:48.251-0700][gc,phases     ] GC(177)   Pre Evacuate Collection Set: 0.0ms
[2021-04-17T19:11:48.251-0700][gc,phases     ] GC(177)   Evacuate Collection Set: 4.8ms
[2021-04-17T19:11:48.251-0700][gc,phases     ] GC(177)   Post Evacuate Collection Set: 0.5ms
[2021-04-17T19:11:48.251-0700][gc,phases     ] GC(177)   Other: 0.4ms
[2021-04-17T19:11:48.251-0700][gc,heap       ] GC(177) Eden regions: 610->0(610)
[2021-04-17T19:11:48.251-0700][gc,heap       ] GC(177) Survivor regions: 4->4(77)
[2021-04-17T19:11:48.251-0700][gc,heap       ] GC(177) Old regions: 104->104
[2021-04-17T19:11:48.251-0700][gc,heap       ] GC(177) Humongous regions: 129->129
[2021-04-17T19:11:48.251-0700][gc,metaspace  ] GC(177) Metaspace: 41345K->41345K(1087488K)
[2021-04-17T19:11:48.251-0700][gc            ] GC(177) Pause Young (Normal) (G1 Evacuation Pause) 844M->234M(1024M) 5.799ms
[2021-04-17T19:11:48.251-0700][gc,cpu        ] GC(177) User=0.04s Sys=0.00s Real=0.01s
[2021-04-17T19:15:08.189-0700][gc,start      ] GC(178) Pause Young (Normal) (G1 Evacuation Pause)
[2021-04-17T19:15:08.189-0700][gc,task       ] GC(178) Using 8 workers of 8 for evacuation
[2021-04-17T19:15:08.196-0700][gc,phases     ] GC(178)   Pre Evacuate Collection Set: 0.0ms
[2021-04-17T19:15:08.196-0700][gc,phases     ] GC(178)   Evacuate Collection Set: 5.8ms
[2021-04-17T19:15:08.196-0700][gc,phases     ] GC(178)   Post Evacuate Collection Set: 1.4ms
[2021-04-17T19:15:08.196-0700][gc,phases     ] GC(178)   Other: 0.5ms
[2021-04-17T19:15:08.196-0700][gc,heap       ] GC(178) Eden regions: 610->0(610)
[2021-04-17T19:15:08.196-0700][gc,heap       ] GC(178) Survivor regions: 4->4(77)
[2021-04-17T19:15:08.196-0700][gc,heap       ] GC(178) Old regions: 104->105
[2021-04-17T19:15:08.196-0700][gc,heap       ] GC(178) Humongous regions: 129->129
[2021-04-17T19:15:08.196-0700][gc,metaspace  ] GC(178) Metaspace: 41345K->41345K(1087488K)
[2021-04-17T19:15:08.196-0700][gc            ] GC(178) Pause Young (Normal) (G1 Evacuation Pause) 844M->234M(1024M) 7.888ms
[2021-04-17T19:15:08.196-0700][gc,cpu        ] GC(178) User=0.04s Sys=0.00s Real=0.01s
[2021-04-17T19:18:28.300-0700][gc,start      ] GC(179) Pause Young (Normal) (G1 Evacuation Pause)
[2021-04-17T19:18:28.300-0700][gc,task       ] GC(179) Using 8 workers of 8 for evacuation
[2021-04-17T19:18:28.308-0700][gc,phases     ] GC(179)   Pre Evacuate Collection Set: 0.1ms
[2021-04-17T19:18:28.308-0700][gc,phases     ] GC(179)   Evacuate Collection Set: 6.0ms
[2021-04-17T19:18:28.308-0700][gc,phases     ] GC(179)   Post Evacuate Collection Set: 1.2ms
[2021-04-17T19:18:28.308-0700][gc,phases     ] GC(179)   Other: 0.6ms
[2021-04-17T19:18:28.308-0700][gc,heap       ] GC(179) Eden regions: 610->0(610)
[2021-04-17T19:18:28.308-0700][gc,heap       ] GC(179) Survivor regions: 4->4(77)
[2021-04-17T19:18:28.308-0700][gc,heap       ] GC(179) Old regions: 105->105
[2021-04-17T19:18:28.308-0700][gc,heap       ] GC(179) Humongous regions: 129->129
[2021-04-17T19:18:28.308-0700][gc,metaspace  ] GC(179) Metaspace: 41345K->41345K(1087488K)
[2021-04-17T19:18:28.308-0700][gc            ] GC(179) Pause Young (Normal) (G1 Evacuation Pause) 844M->234M(1024M) 8.029ms
[2021-04-17T19:18:28.308-0700][gc,cpu        ] GC(179) User=0.05s Sys=0.00s Real=0.00s
[2021-04-17T19:21:48.476-0700][gc,start      ] GC(180) Pause Young (Normal) (G1 Evacuation Pause)
[2021-04-17T19:21:48.476-0700][gc,task       ] GC(180) Using 8 workers of 8 for evacuation
[2021-04-17T19:21:48.484-0700][gc,phases     ] GC(180)   Pre Evacuate Collection Set: 0.0ms
[2021-04-17T19:21:48.484-0700][gc,phases     ] GC(180)   Evacuate Collection Set: 5.8ms
[2021-04-17T19:21:48.484-0700][gc,phases     ] GC(180)   Post Evacuate Collection Set: 1.3ms
[2021-04-17T19:21:48.484-0700][gc,phases     ] GC(180)   Other: 0.5ms
[2021-04-17T19:21:48.484-0700][gc,heap       ] GC(180) Eden regions: 610->0(610)
[2021-04-17T19:21:48.484-0700][gc,heap       ] GC(180) Survivor regions: 4->4(77)
[2021-04-17T19:21:48.484-0700][gc,heap       ] GC(180) Old regions: 105->105
[2021-04-17T19:21:48.484-0700][gc,heap       ] GC(180) Humongous regions: 129->129
[2021-04-17T19:21:48.484-0700][gc,metaspace  ] GC(180) Metaspace: 41345K->41345K(1087488K)
[2021-04-17T19:21:48.484-0700][gc            ] GC(180) Pause Young (Normal) (G1 Evacuation Pause) 844M->234M(1024M) 7.815ms
[2021-04-17T19:21:48.484-0700][gc,cpu        ] GC(180) User=0.04s Sys=0.00s Real=0.01s
[2021-04-17T19:25:08.661-0700][gc,start      ] GC(181) Pause Young (Normal) (G1 Evacuation Pause)
[2021-04-17T19:25:08.661-0700][gc,task       ] GC(181) Using 8 workers of 8 for evacuation
[2021-04-17T19:25:08.667-0700][gc,phases     ] GC(181)   Pre Evacuate Collection Set: 0.0ms
[2021-04-17T19:25:08.667-0700][gc,phases     ] GC(181)   Evacuate Collection Set: 4.9ms
[2021-04-17T19:25:08.667-0700][gc,phases     ] GC(181)   Post Evacuate Collection Set: 0.5ms
[2021-04-17T19:25:08.667-0700][gc,phases     ] GC(181)   Other: 0.4ms
[2021-04-17T19:25:08.667-0700][gc,heap       ] GC(181) Eden regions: 610->0(610)
[2021-04-17T19:25:08.667-0700][gc,heap       ] GC(181) Survivor regions: 4->4(77)
[2021-04-17T19:25:08.667-0700][gc,heap       ] GC(181) Old regions: 105->105
[2021-04-17T19:25:08.667-0700][gc,heap       ] GC(181) Humongous regions: 129->129
[2021-04-17T19:25:08.667-0700][gc,metaspace  ] GC(181) Metaspace: 41345K->41345K(1087488K)
[2021-04-17T19:25:08.667-0700][gc            ] GC(181) Pause Young (Normal) (G1 Evacuation Pause) 844M->234M(1024M) 5.866ms
[2021-04-17T19:25:08.667-0700][gc,cpu        ] GC(181) User=0.04s Sys=0.00s Real=0.00s
[2021-04-17T19:28:28.813-0700][gc,start      ] GC(182) Pause Young (Normal) (G1 Evacuation Pause)
[2021-04-17T19:28:28.813-0700][gc,task       ] GC(182) Using 8 workers of 8 for evacuation
[2021-04-17T19:28:28.821-0700][gc,phases     ] GC(182)   Pre Evacuate Collection Set: 0.0ms
[2021-04-17T19:28:28.821-0700][gc,phases     ] GC(182)   Evacuate Collection Set: 6.1ms
[2021-04-17T19:28:28.821-0700][gc,phases     ] GC(182)   Post Evacuate Collection Set: 1.3ms
[2021-04-17T19:28:28.821-0700][gc,phases     ] GC(182)   Other: 0.5ms
[2021-04-17T19:28:28.821-0700][gc,heap       ] GC(182) Eden regions: 610->0(610)
[2021-04-17T19:28:28.821-0700][gc,heap       ] GC(182) Survivor regions: 4->4(77)
[2021-04-17T19:28:28.821-0700][gc,heap       ] GC(182) Old regions: 105->105
[2021-04-17T19:28:28.821-0700][gc,heap       ] GC(182) Humongous regions: 129->129
[2021-04-17T19:28:28.821-0700][gc,metaspace  ] GC(182) Metaspace: 41345K->41345K(1087488K)
[2021-04-17T19:28:28.821-0700][gc            ] GC(182) Pause Young (Normal) (G1 Evacuation Pause) 844M->235M(1024M) 8.110ms
[2021-04-17T19:28:28.821-0700][gc,cpu        ] GC(182) User=0.05s Sys=0.00s Real=0.01s
[2021-04-17T19:31:48.783-0700][gc,start      ] GC(183) Pause Young (Normal) (G1 Evacuation Pause)
[2021-04-17T19:31:48.783-0700][gc,task       ] GC(183) Using 8 workers of 8 for evacuation
[2021-04-17T19:31:48.791-0700][gc,phases     ] GC(183)   Pre Evacuate Collection Set: 0.1ms
[2021-04-17T19:31:48.791-0700][gc,phases     ] GC(183)   Evacuate Collection Set: 5.9ms
[2021-04-17T19:31:48.791-0700][gc,phases     ] GC(183)   Post Evacuate Collection Set: 1.2ms
[2021-04-17T19:31:48.791-0700][gc,phases     ] GC(183)   Other: 0.5ms
[2021-04-17T19:31:48.791-0700][gc,heap       ] GC(183) Eden regions: 610->0(610)
[2021-04-17T19:31:48.791-0700][gc,heap       ] GC(183) Survivor regions: 4->4(77)
[2021-04-17T19:31:48.791-0700][gc,heap       ] GC(183) Old regions: 105->105
[2021-04-17T19:31:48.791-0700][gc,heap       ] GC(183) Humongous regions: 129->129
[2021-04-17T19:31:48.791-0700][gc,metaspace  ] GC(183) Metaspace: 41346K->41346K(1087488K)
[2021-04-17T19:31:48.791-0700][gc            ] GC(183) Pause Young (Normal) (G1 Evacuation Pause) 845M->235M(1024M) 7.899ms
[2021-04-17T19:31:48.791-0700][gc,cpu        ] GC(183) User=0.05s Sys=0.00s Real=0.01s
[2021-04-17T19:35:09.345-0700][gc,start      ] GC(184) Pause Young (Normal) (G1 Evacuation Pause)
[2021-04-17T19:35:09.345-0700][gc,task       ] GC(184) Using 8 workers of 8 for evacuation
[2021-04-17T19:35:09.353-0700][gc,phases     ] GC(184)   Pre Evacuate Collection Set: 0.0ms
[2021-04-17T19:35:09.353-0700][gc,phases     ] GC(184)   Evacuate Collection Set: 6.0ms
[2021-04-17T19:35:09.353-0700][gc,phases     ] GC(184)   Post Evacuate Collection Set: 1.4ms
[2021-04-17T19:35:09.353-0700][gc,phases     ] GC(184)   Other: 0.5ms
[2021-04-17T19:35:09.353-0700][gc,heap       ] GC(184) Eden regions: 610->0(610)
[2021-04-17T19:35:09.353-0700][gc,heap       ] GC(184) Survivor regions: 4->4(77)
[2021-04-17T19:35:09.353-0700][gc,heap       ] GC(184) Old regions: 105->105
[2021-04-17T19:35:09.353-0700][gc,heap       ] GC(184) Humongous regions: 129->129
[2021-04-17T19:35:09.353-0700][gc,metaspace  ] GC(184) Metaspace: 41346K->41346K(1087488K)
[2021-04-17T19:35:09.353-0700][gc            ] GC(184) Pause Young (Normal) (G1 Evacuation Pause) 845M->235M(1024M) 8.133ms
[2021-04-17T19:35:09.353-0700][gc,cpu        ] GC(184) User=0.05s Sys=0.00s Real=0.01s
[2021-04-17T19:38:29.385-0700][gc,start      ] GC(185) Pause Young (Normal) (G1 Evacuation Pause)
[2021-04-17T19:38:29.385-0700][gc,task       ] GC(185) Using 8 workers of 8 for evacuation
[2021-04-17T19:38:29.394-0700][gc,phases     ] GC(185)   Pre Evacuate Collection Set: 0.1ms
[2021-04-17T19:38:29.394-0700][gc,phases     ] GC(185)   Evacuate Collection Set: 6.2ms
[2021-04-17T19:38:29.394-0700][gc,phases     ] GC(185)   Post Evacuate Collection Set: 1.4ms
[2021-04-17T19:38:29.394-0700][gc,phases     ] GC(185)   Other: 0.6ms
[2021-04-17T19:38:29.394-0700][gc,heap       ] GC(185) Eden regions: 610->0(610)
[2021-04-17T19:38:29.394-0700][gc,heap       ] GC(185) Survivor regions: 4->4(77)
[2021-04-17T19:38:29.394-0700][gc,heap       ] GC(185) Old regions: 105->105
[2021-04-17T19:38:29.394-0700][gc,heap       ] GC(185) Humongous regions: 129->129
[2021-04-17T19:38:29.394-0700][gc,metaspace  ] GC(185) Metaspace: 41346K->41346K(1087488K)
[2021-04-17T19:38:29.394-0700][gc            ] GC(185) Pause Young (Normal) (G1 Evacuation Pause) 845M->235M(1024M) 8.528ms
[2021-04-17T19:38:29.394-0700][gc,cpu        ] GC(185) User=0.04s Sys=0.01s Real=0.01s
[2021-04-17T19:41:49.585-0700][gc,start      ] GC(186) Pause Young (Normal) (G1 Evacuation Pause)
[2021-04-17T19:41:49.585-0700][gc,task       ] GC(186) Using 8 workers of 8 for evacuation
[2021-04-17T19:41:49.592-0700][gc,phases     ] GC(186)   Pre Evacuate Collection Set: 0.0ms
[2021-04-17T19:41:49.592-0700][gc,phases     ] GC(186)   Evacuate Collection Set: 6.0ms
[2021-04-17T19:41:49.592-0700][gc,phases     ] GC(186)   Post Evacuate Collection Set: 1.2ms
[2021-04-17T19:41:49.592-0700][gc,phases     ] GC(186)   Other: 0.5ms
[2021-04-17T19:41:49.592-0700][gc,heap       ] GC(186) Eden regions: 610->0(610)
[2021-04-17T19:41:49.593-0700][gc,heap       ] GC(186) Survivor regions: 4->4(77)
[2021-04-17T19:41:49.593-0700][gc,heap       ] GC(186) Old regions: 105->105
[2021-04-17T19:41:49.593-0700][gc,heap       ] GC(186) Humongous regions: 129->129
[2021-04-17T19:41:49.593-0700][gc,metaspace  ] GC(186) Metaspace: 41346K->41346K(1087488K)
[2021-04-17T19:41:49.593-0700][gc            ] GC(186) Pause Young (Normal) (G1 Evacuation Pause) 845M->235M(1024M) 8.048ms
[2021-04-17T19:41:49.593-0700][gc,cpu        ] GC(186) User=0.05s Sys=0.00s Real=0.01s
[2021-04-17T19:45:09.643-0700][gc,start      ] GC(187) Pause Young (Normal) (G1 Evacuation Pause)
[2021-04-17T19:45:09.643-0700][gc,task       ] GC(187) Using 8 workers of 8 for evacuation
[2021-04-17T19:45:09.651-0700][gc,phases     ] GC(187)   Pre Evacuate Collection Set: 0.0ms
[2021-04-17T19:45:09.651-0700][gc,phases     ] GC(187)   Evacuate Collection Set: 6.3ms
[2021-04-17T19:45:09.651-0700][gc,phases     ] GC(187)   Post Evacuate Collection Set: 1.3ms
[2021-04-17T19:45:09.651-0700][gc,phases     ] GC(187)   Other: 0.5ms
[2021-04-17T19:45:09.651-0700][gc,heap       ] GC(187) Eden regions: 610->0(610)
[2021-04-17T19:45:09.651-0700][gc,heap       ] GC(187) Survivor regions: 4->4(77)
[2021-04-17T19:45:09.651-0700][gc,heap       ] GC(187) Old regions: 105->105
[2021-04-17T19:45:09.651-0700][gc,heap       ] GC(187) Humongous regions: 129->129
[2021-04-17T19:45:09.651-0700][gc,metaspace  ] GC(187) Metaspace: 41346K->41346K(1087488K)
[2021-04-17T19:45:09.651-0700][gc            ] GC(187) Pause Young (Normal) (G1 Evacuation Pause) 845M->235M(1024M) 8.302ms
[2021-04-17T19:45:09.651-0700][gc,cpu        ] GC(187) User=0.05s Sys=0.00s Real=0.01s
[2021-04-17T19:48:29.742-0700][gc,start      ] GC(188) Pause Young (Normal) (G1 Evacuation Pause)
[2021-04-17T19:48:29.742-0700][gc,task       ] GC(188) Using 8 workers of 8 for evacuation
[2021-04-17T19:48:29.749-0700][gc,phases     ] GC(188)   Pre Evacuate Collection Set: 0.0ms
[2021-04-17T19:48:29.749-0700][gc,phases     ] GC(188)   Evacuate Collection Set: 5.7ms
[2021-04-17T19:48:29.749-0700][gc,phases     ] GC(188)   Post Evacuate Collection Set: 1.3ms
[2021-04-17T19:48:29.749-0700][gc,phases     ] GC(188)   Other: 0.5ms
[2021-04-17T19:48:29.749-0700][gc,heap       ] GC(188) Eden regions: 610->0(611)
[2021-04-17T19:48:29.750-0700][gc,heap       ] GC(188) Survivor regions: 4->3(77)
[2021-04-17T19:48:29.750-0700][gc,heap       ] GC(188) Old regions: 105->105
[2021-04-17T19:48:29.750-0700][gc,heap       ] GC(188) Humongous regions: 129->129
[2021-04-17T19:48:29.750-0700][gc,metaspace  ] GC(188) Metaspace: 41346K->41346K(1087488K)
[2021-04-17T19:48:29.750-0700][gc            ] GC(188) Pause Young (Normal) (G1 Evacuation Pause) 845M->234M(1024M) 7.756ms
[2021-04-17T19:48:29.750-0700][gc,cpu        ] GC(188) User=0.04s Sys=0.00s Real=0.01s
[2021-04-17T19:51:50.110-0700][gc,start      ] GC(189) Pause Young (Normal) (G1 Evacuation Pause)
[2021-04-17T19:51:50.110-0700][gc,task       ] GC(189) Using 8 workers of 8 for evacuation
[2021-04-17T19:51:50.116-0700][gc,phases     ] GC(189)   Pre Evacuate Collection Set: 0.0ms
[2021-04-17T19:51:50.116-0700][gc,phases     ] GC(189)   Evacuate Collection Set: 4.5ms
[2021-04-17T19:51:50.116-0700][gc,phases     ] GC(189)   Post Evacuate Collection Set: 1.3ms
[2021-04-17T19:51:50.116-0700][gc,phases     ] GC(189)   Other: 0.5ms
[2021-04-17T19:51:50.116-0700][gc,heap       ] GC(189) Eden regions: 611->0(611)
[2021-04-17T19:51:50.116-0700][gc,heap       ] GC(189) Survivor regions: 3->3(77)
[2021-04-17T19:51:50.116-0700][gc,heap       ] GC(189) Old regions: 105->105
[2021-04-17T19:51:50.116-0700][gc,heap       ] GC(189) Humongous regions: 129->129
[2021-04-17T19:51:50.116-0700][gc,metaspace  ] GC(189) Metaspace: 41346K->41346K(1087488K)
[2021-04-17T19:51:50.116-0700][gc            ] GC(189) Pause Young (Normal) (G1 Evacuation Pause) 845M->234M(1024M) 6.522ms
[2021-04-17T19:51:50.116-0700][gc,cpu        ] GC(189) User=0.03s Sys=0.00s Real=0.00s
[2021-04-17T19:55:09.631-0700][gc,start      ] GC(190) Pause Young (Normal) (G1 Evacuation Pause)
[2021-04-17T19:55:09.631-0700][gc,task       ] GC(190) Using 8 workers of 8 for evacuation
[2021-04-17T19:55:09.638-0700][gc,phases     ] GC(190)   Pre Evacuate Collection Set: 0.0ms
[2021-04-17T19:55:09.638-0700][gc,phases     ] GC(190)   Evacuate Collection Set: 5.4ms
[2021-04-17T19:55:09.638-0700][gc,phases     ] GC(190)   Post Evacuate Collection Set: 1.3ms
[2021-04-17T19:55:09.638-0700][gc,phases     ] GC(190)   Other: 0.5ms
[2021-04-17T19:55:09.638-0700][gc,heap       ] GC(190) Eden regions: 611->0(611)
[2021-04-17T19:55:09.638-0700][gc,heap       ] GC(190) Survivor regions: 3->3(77)
[2021-04-17T19:55:09.638-0700][gc,heap       ] GC(190) Old regions: 105->105
[2021-04-17T19:55:09.638-0700][gc,heap       ] GC(190) Humongous regions: 129->129
[2021-04-17T19:55:09.638-0700][gc,metaspace  ] GC(190) Metaspace: 41349K->41349K(1087488K)
[2021-04-17T19:55:09.638-0700][gc            ] GC(190) Pause Young (Normal) (G1 Evacuation Pause) 845M->234M(1024M) 7.464ms
[2021-04-17T19:55:09.639-0700][gc,cpu        ] GC(190) User=0.05s Sys=0.00s Real=0.01s
[2021-04-17T19:58:29.993-0700][gc,start      ] GC(191) Pause Young (Normal) (G1 Evacuation Pause)
[2021-04-17T19:58:29.993-0700][gc,task       ] GC(191) Using 8 workers of 8 for evacuation
[2021-04-17T19:58:30.001-0700][gc,phases     ] GC(191)   Pre Evacuate Collection Set: 0.0ms
[2021-04-17T19:58:30.001-0700][gc,phases     ] GC(191)   Evacuate Collection Set: 6.9ms
[2021-04-17T19:58:30.001-0700][gc,phases     ] GC(191)   Post Evacuate Collection Set: 0.6ms
[2021-04-17T19:58:30.001-0700][gc,phases     ] GC(191)   Other: 0.4ms
[2021-04-17T19:58:30.001-0700][gc,heap       ] GC(191) Eden regions: 611->0(612)
[2021-04-17T19:58:30.001-0700][gc,heap       ] GC(191) Survivor regions: 3->2(77)
[2021-04-17T19:58:30.001-0700][gc,heap       ] GC(191) Old regions: 105->105
[2021-04-17T19:58:30.001-0700][gc,heap       ] GC(191) Humongous regions: 129->129
[2021-04-17T19:58:30.001-0700][gc,metaspace  ] GC(191) Metaspace: 41349K->41349K(1087488K)
[2021-04-17T19:58:30.001-0700][gc            ] GC(191) Pause Young (Normal) (G1 Evacuation Pause) 845M->233M(1024M) 8.009ms
[2021-04-17T19:58:30.001-0700][gc,cpu        ] GC(191) User=0.04s Sys=0.01s Real=0.01s
[2021-04-17T20:01:50.360-0700][gc,start      ] GC(192) Pause Young (Normal) (G1 Evacuation Pause)
[2021-04-17T20:01:50.360-0700][gc,task       ] GC(192) Using 8 workers of 8 for evacuation
[2021-04-17T20:01:50.366-0700][gc,phases     ] GC(192)   Pre Evacuate Collection Set: 0.0ms
[2021-04-17T20:01:50.366-0700][gc,phases     ] GC(192)   Evacuate Collection Set: 4.6ms
[2021-04-17T20:01:50.366-0700][gc,phases     ] GC(192)   Post Evacuate Collection Set: 1.2ms
[2021-04-17T20:01:50.366-0700][gc,phases     ] GC(192)   Other: 0.5ms
[2021-04-17T20:01:50.366-0700][gc,heap       ] GC(192) Eden regions: 612->0(611)
[2021-04-17T20:01:50.366-0700][gc,heap       ] GC(192) Survivor regions: 2->3(77)
[2021-04-17T20:01:50.366-0700][gc,heap       ] GC(192) Old regions: 105->105
[2021-04-17T20:01:50.366-0700][gc,heap       ] GC(192) Humongous regions: 129->129
[2021-04-17T20:01:50.367-0700][gc,metaspace  ] GC(192) Metaspace: 41349K->41349K(1087488K)
[2021-04-17T20:01:50.367-0700][gc            ] GC(192) Pause Young (Normal) (G1 Evacuation Pause) 845M->233M(1024M) 6.560ms
[2021-04-17T20:01:50.367-0700][gc,cpu        ] GC(192) User=0.04s Sys=0.00s Real=0.00s
[2021-04-17T20:05:10.267-0700][gc,start      ] GC(193) Pause Young (Normal) (G1 Evacuation Pause)
[2021-04-17T20:05:10.267-0700][gc,task       ] GC(193) Using 8 workers of 8 for evacuation
[2021-04-17T20:05:10.274-0700][gc,phases     ] GC(193)   Pre Evacuate Collection Set: 0.0ms
[2021-04-17T20:05:10.274-0700][gc,phases     ] GC(193)   Evacuate Collection Set: 4.9ms
[2021-04-17T20:05:10.274-0700][gc,phases     ] GC(193)   Post Evacuate Collection Set: 1.2ms
[2021-04-17T20:05:10.274-0700][gc,phases     ] GC(193)   Other: 0.5ms
[2021-04-17T20:05:10.274-0700][gc,heap       ] GC(193) Eden regions: 611->0(611)
[2021-04-17T20:05:10.274-0700][gc,heap       ] GC(193) Survivor regions: 3->3(77)
[2021-04-17T20:05:10.274-0700][gc,heap       ] GC(193) Old regions: 105->105
[2021-04-17T20:05:10.274-0700][gc,heap       ] GC(193) Humongous regions: 129->129
[2021-04-17T20:05:10.274-0700][gc,metaspace  ] GC(193) Metaspace: 41349K->41349K(1087488K)
[2021-04-17T20:05:10.274-0700][gc            ] GC(193) Pause Young (Normal) (G1 Evacuation Pause) 844M->234M(1024M) 6.849ms
[2021-04-17T20:05:10.274-0700][gc,cpu        ] GC(193) User=0.05s Sys=0.00s Real=0.01s
[2021-04-17T20:08:29.990-0700][gc,start      ] GC(194) Pause Young (Normal) (G1 Evacuation Pause)
[2021-04-17T20:08:29.990-0700][gc,task       ] GC(194) Using 8 workers of 8 for evacuation
[2021-04-17T20:08:29.997-0700][gc,phases     ] GC(194)   Pre Evacuate Collection Set: 0.0ms
[2021-04-17T20:08:29.997-0700][gc,phases     ] GC(194)   Evacuate Collection Set: 5.3ms
[2021-04-17T20:08:29.997-0700][gc,phases     ] GC(194)   Post Evacuate Collection Set: 1.4ms
[2021-04-17T20:08:29.997-0700][gc,phases     ] GC(194)   Other: 0.7ms
[2021-04-17T20:08:29.997-0700][gc,heap       ] GC(194) Eden regions: 611->0(611)
[2021-04-17T20:08:29.997-0700][gc,heap       ] GC(194) Survivor regions: 3->3(77)
[2021-04-17T20:08:29.998-0700][gc,heap       ] GC(194) Old regions: 105->105
[2021-04-17T20:08:29.998-0700][gc,heap       ] GC(194) Humongous regions: 129->129
[2021-04-17T20:08:29.998-0700][gc,metaspace  ] GC(194) Metaspace: 41349K->41349K(1087488K)
[2021-04-17T20:08:29.998-0700][gc            ] GC(194) Pause Young (Normal) (G1 Evacuation Pause) 845M->234M(1024M) 7.659ms
[2021-04-17T20:08:29.998-0700][gc,cpu        ] GC(194) User=0.04s Sys=0.01s Real=0.01s
[2021-04-17T20:11:49.966-0700][gc,start      ] GC(195) Pause Young (Normal) (G1 Evacuation Pause)
[2021-04-17T20:11:49.966-0700][gc,task       ] GC(195) Using 8 workers of 8 for evacuation
[2021-04-17T20:11:49.970-0700][gc,phases     ] GC(195)   Pre Evacuate Collection Set: 0.0ms
[2021-04-17T20:11:49.970-0700][gc,phases     ] GC(195)   Evacuate Collection Set: 3.2ms
[2021-04-17T20:11:49.970-0700][gc,phases     ] GC(195)   Post Evacuate Collection Set: 0.7ms
[2021-04-17T20:11:49.970-0700][gc,phases     ] GC(195)   Other: 0.2ms
[2021-04-17T20:11:49.970-0700][gc,heap       ] GC(195) Eden regions: 611->0(611)
[2021-04-17T20:11:49.970-0700][gc,heap       ] GC(195) Survivor regions: 3->3(77)
[2021-04-17T20:11:49.970-0700][gc,heap       ] GC(195) Old regions: 105->105
[2021-04-17T20:11:49.970-0700][gc,heap       ] GC(195) Humongous regions: 129->129
[2021-04-17T20:11:49.970-0700][gc,metaspace  ] GC(195) Metaspace: 41349K->41349K(1087488K)
[2021-04-17T20:11:49.970-0700][gc            ] GC(195) Pause Young (Normal) (G1 Evacuation Pause) 845M->234M(1024M) 4.237ms
[2021-04-17T20:11:49.970-0700][gc,cpu        ] GC(195) User=0.01s Sys=0.00s Real=0.01s
[2021-04-17T20:15:09.922-0700][gc,start      ] GC(196) Pause Young (Normal) (G1 Evacuation Pause)
[2021-04-17T20:15:09.922-0700][gc,task       ] GC(196) Using 8 workers of 8 for evacuation
[2021-04-17T20:15:09.929-0700][gc,phases     ] GC(196)   Pre Evacuate Collection Set: 0.0ms
[2021-04-17T20:15:09.929-0700][gc,phases     ] GC(196)   Evacuate Collection Set: 5.4ms
[2021-04-17T20:15:09.929-0700][gc,phases     ] GC(196)   Post Evacuate Collection Set: 1.4ms
[2021-04-17T20:15:09.929-0700][gc,phases     ] GC(196)   Other: 0.6ms
[2021-04-17T20:15:09.929-0700][gc,heap       ] GC(196) Eden regions: 611->0(611)
[2021-04-17T20:15:09.929-0700][gc,heap       ] GC(196) Survivor regions: 3->3(77)
[2021-04-17T20:15:09.929-0700][gc,heap       ] GC(196) Old regions: 105->105
[2021-04-17T20:15:09.929-0700][gc,heap       ] GC(196) Humongous regions: 129->129
[2021-04-17T20:15:09.929-0700][gc,metaspace  ] GC(196) Metaspace: 41349K->41349K(1087488K)
[2021-04-17T20:15:09.929-0700][gc            ] GC(196) Pause Young (Normal) (G1 Evacuation Pause) 845M->234M(1024M) 7.629ms
[2021-04-17T20:15:09.929-0700][gc,cpu        ] GC(196) User=0.05s Sys=0.00s Real=0.01s
[2021-04-17T20:18:29.657-0700][gc,start      ] GC(197) Pause Young (Normal) (G1 Evacuation Pause)
[2021-04-17T20:18:29.657-0700][gc,task       ] GC(197) Using 8 workers of 8 for evacuation
[2021-04-17T20:18:29.664-0700][gc,phases     ] GC(197)   Pre Evacuate Collection Set: 0.0ms
[2021-04-17T20:18:29.664-0700][gc,phases     ] GC(197)   Evacuate Collection Set: 5.3ms
[2021-04-17T20:18:29.664-0700][gc,phases     ] GC(197)   Post Evacuate Collection Set: 1.3ms
[2021-04-17T20:18:29.664-0700][gc,phases     ] GC(197)   Other: 0.4ms
[2021-04-17T20:18:29.664-0700][gc,heap       ] GC(197) Eden regions: 611->0(611)
[2021-04-17T20:18:29.664-0700][gc,heap       ] GC(197) Survivor regions: 3->3(77)
[2021-04-17T20:18:29.664-0700][gc,heap       ] GC(197) Old regions: 105->105
[2021-04-17T20:18:29.664-0700][gc,heap       ] GC(197) Humongous regions: 129->129
[2021-04-17T20:18:29.665-0700][gc,metaspace  ] GC(197) Metaspace: 41349K->41349K(1087488K)
[2021-04-17T20:18:29.665-0700][gc            ] GC(197) Pause Young (Normal) (G1 Evacuation Pause) 845M->234M(1024M) 7.256ms
[2021-04-17T20:18:29.665-0700][gc,cpu        ] GC(197) User=0.04s Sys=0.00s Real=0.00s
[2021-04-17T20:21:49.621-0700][gc,start      ] GC(198) Pause Young (Normal) (G1 Evacuation Pause)
[2021-04-17T20:21:49.621-0700][gc,task       ] GC(198) Using 8 workers of 8 for evacuation
[2021-04-17T20:21:49.628-0700][gc,phases     ] GC(198)   Pre Evacuate Collection Set: 0.0ms
[2021-04-17T20:21:49.628-0700][gc,phases     ] GC(198)   Evacuate Collection Set: 5.4ms
[2021-04-17T20:21:49.628-0700][gc,phases     ] GC(198)   Post Evacuate Collection Set: 1.4ms
[2021-04-17T20:21:49.628-0700][gc,phases     ] GC(198)   Other: 0.6ms
[2021-04-17T20:21:49.628-0700][gc,heap       ] GC(198) Eden regions: 611->0(611)
[2021-04-17T20:21:49.628-0700][gc,heap       ] GC(198) Survivor regions: 3->3(77)
[2021-04-17T20:21:49.628-0700][gc,heap       ] GC(198) Old regions: 105->105
[2021-04-17T20:21:49.628-0700][gc,heap       ] GC(198) Humongous regions: 129->129
[2021-04-17T20:21:49.628-0700][gc,metaspace  ] GC(198) Metaspace: 41349K->41349K(1087488K)
[2021-04-17T20:21:49.628-0700][gc            ] GC(198) Pause Young (Normal) (G1 Evacuation Pause) 845M->234M(1024M) 7.625ms
[2021-04-17T20:21:49.628-0700][gc,cpu        ] GC(198) User=0.04s Sys=0.01s Real=0.00s
[2021-04-17T20:25:09.474-0700][gc,start      ] GC(199) Pause Young (Normal) (G1 Evacuation Pause)
[2021-04-17T20:25:09.474-0700][gc,task       ] GC(199) Using 8 workers of 8 for evacuation
[2021-04-17T20:25:09.478-0700][gc,phases     ] GC(199)   Pre Evacuate Collection Set: 0.0ms
[2021-04-17T20:25:09.479-0700][gc,phases     ] GC(199)   Evacuate Collection Set: 3.0ms
[2021-04-17T20:25:09.479-0700][gc,phases     ] GC(199)   Post Evacuate Collection Set: 0.7ms
[2021-04-17T20:25:09.479-0700][gc,phases     ] GC(199)   Other: 0.2ms
[2021-04-17T20:25:09.479-0700][gc,heap       ] GC(199) Eden regions: 611->0(611)
[2021-04-17T20:25:09.479-0700][gc,heap       ] GC(199) Survivor regions: 3->3(77)
[2021-04-17T20:25:09.479-0700][gc,heap       ] GC(199) Old regions: 105->105
[2021-04-17T20:25:09.479-0700][gc,heap       ] GC(199) Humongous regions: 129->129
[2021-04-17T20:25:09.479-0700][gc,metaspace  ] GC(199) Metaspace: 41352K->41352K(1087488K)
[2021-04-17T20:25:09.479-0700][gc            ] GC(199) Pause Young (Normal) (G1 Evacuation Pause) 845M->234M(1024M) 4.170ms
[2021-04-17T20:25:09.479-0700][gc,cpu        ] GC(199) User=0.02s Sys=0.00s Real=0.01s
[2021-04-17T20:28:29.329-0700][gc,start      ] GC(200) Pause Young (Normal) (G1 Evacuation Pause)
[2021-04-17T20:28:29.329-0700][gc,task       ] GC(200) Using 8 workers of 8 for evacuation
[2021-04-17T20:28:29.337-0700][gc,phases     ] GC(200)   Pre Evacuate Collection Set: 0.0ms
[2021-04-17T20:28:29.337-0700][gc,phases     ] GC(200)   Evacuate Collection Set: 5.9ms
[2021-04-17T20:28:29.337-0700][gc,phases     ] GC(200)   Post Evacuate Collection Set: 1.4ms
[2021-04-17T20:28:29.337-0700][gc,phases     ] GC(200)   Other: 0.5ms
[2021-04-17T20:28:29.337-0700][gc,heap       ] GC(200) Eden regions: 611->0(611)
[2021-04-17T20:28:29.337-0700][gc,heap       ] GC(200) Survivor regions: 3->3(77)
[2021-04-17T20:28:29.337-0700][gc,heap       ] GC(200) Old regions: 105->105
[2021-04-17T20:28:29.337-0700][gc,heap       ] GC(200) Humongous regions: 129->129
[2021-04-17T20:28:29.337-0700][gc,metaspace  ] GC(200) Metaspace: 41352K->41352K(1087488K)
[2021-04-17T20:28:29.337-0700][gc            ] GC(200) Pause Young (Normal) (G1 Evacuation Pause) 845M->234M(1024M) 8.010ms
[2021-04-17T20:28:29.337-0700][gc,cpu        ] GC(200) User=0.04s Sys=0.00s Real=0.01s
[2021-04-17T20:31:49.374-0700][gc,start      ] GC(201) Pause Young (Normal) (G1 Evacuation Pause)
[2021-04-17T20:31:49.374-0700][gc,task       ] GC(201) Using 8 workers of 8 for evacuation
[2021-04-17T20:31:49.383-0700][gc,phases     ] GC(201)   Pre Evacuate Collection Set: 0.1ms
[2021-04-17T20:31:49.383-0700][gc,phases     ] GC(201)   Evacuate Collection Set: 6.2ms
[2021-04-17T20:31:49.383-0700][gc,phases     ] GC(201)   Post Evacuate Collection Set: 1.6ms
[2021-04-17T20:31:49.383-0700][gc,phases     ] GC(201)   Other: 0.5ms
[2021-04-17T20:31:49.383-0700][gc,heap       ] GC(201) Eden regions: 611->0(610)
[2021-04-17T20:31:49.383-0700][gc,heap       ] GC(201) Survivor regions: 3->4(77)
[2021-04-17T20:31:49.383-0700][gc,heap       ] GC(201) Old regions: 105->105
[2021-04-17T20:31:49.383-0700][gc,heap       ] GC(201) Humongous regions: 129->129
[2021-04-17T20:31:49.383-0700][gc,metaspace  ] GC(201) Metaspace: 41352K->41352K(1087488K)
[2021-04-17T20:31:49.383-0700][gc            ] GC(201) Pause Young (Normal) (G1 Evacuation Pause) 845M->235M(1024M) 8.621ms
[2021-04-17T20:31:49.383-0700][gc,cpu        ] GC(201) User=0.05s Sys=0.00s Real=0.01s
[2021-04-17T20:35:08.934-0700][gc,start      ] GC(202) Pause Young (Normal) (G1 Evacuation Pause)
[2021-04-17T20:35:08.934-0700][gc,task       ] GC(202) Using 8 workers of 8 for evacuation
[2021-04-17T20:35:08.941-0700][gc,phases     ] GC(202)   Pre Evacuate Collection Set: 0.0ms
[2021-04-17T20:35:08.941-0700][gc,phases     ] GC(202)   Evacuate Collection Set: 5.8ms
[2021-04-17T20:35:08.941-0700][gc,phases     ] GC(202)   Post Evacuate Collection Set: 1.3ms
[2021-04-17T20:35:08.941-0700][gc,phases     ] GC(202)   Other: 0.5ms
[2021-04-17T20:35:08.941-0700][gc,heap       ] GC(202) Eden regions: 610->0(610)
[2021-04-17T20:35:08.941-0700][gc,heap       ] GC(202) Survivor regions: 4->4(77)
[2021-04-17T20:35:08.941-0700][gc,heap       ] GC(202) Old regions: 105->105
[2021-04-17T20:35:08.941-0700][gc,heap       ] GC(202) Humongous regions: 129->129
[2021-04-17T20:35:08.941-0700][gc,metaspace  ] GC(202) Metaspace: 41352K->41352K(1087488K)
[2021-04-17T20:35:08.941-0700][gc            ] GC(202) Pause Young (Normal) (G1 Evacuation Pause) 845M->235M(1024M) 7.852ms
[2021-04-17T20:35:08.941-0700][gc,cpu        ] GC(202) User=0.05s Sys=0.00s Real=0.01s
[2021-04-17T20:38:26.538-0700][gc,start      ] GC(203) Pause Young (Normal) (G1 Evacuation Pause)
[2021-04-17T20:38:26.538-0700][gc,task       ] GC(203) Using 8 workers of 8 for evacuation
[2021-04-17T20:38:26.541-0700][gc,phases     ] GC(203)   Pre Evacuate Collection Set: 0.0ms
[2021-04-17T20:38:26.541-0700][gc,phases     ] GC(203)   Evacuate Collection Set: 2.7ms
[2021-04-17T20:38:26.541-0700][gc,phases     ] GC(203)   Post Evacuate Collection Set: 0.5ms
[2021-04-17T20:38:26.541-0700][gc,phases     ] GC(203)   Other: 0.2ms
[2021-04-17T20:38:26.541-0700][gc,heap       ] GC(203) Eden regions: 610->0(611)
[2021-04-17T20:38:26.541-0700][gc,heap       ] GC(203) Survivor regions: 4->3(77)
[2021-04-17T20:38:26.541-0700][gc,heap       ] GC(203) Old regions: 105->105
[2021-04-17T20:38:26.541-0700][gc,heap       ] GC(203) Humongous regions: 129->129
[2021-04-17T20:38:26.541-0700][gc,metaspace  ] GC(203) Metaspace: 41352K->41352K(1087488K)
[2021-04-17T20:38:26.541-0700][gc            ] GC(203) Pause Young (Normal) (G1 Evacuation Pause) 845M->234M(1024M) 3.458ms
[2021-04-17T20:38:26.541-0700][gc,cpu        ] GC(203) User=0.02s Sys=0.00s Real=0.00s
[2021-04-17T20:41:45.022-0700][gc,start      ] GC(204) Pause Young (Normal) (G1 Evacuation Pause)
[2021-04-17T20:41:45.022-0700][gc,task       ] GC(204) Using 8 workers of 8 for evacuation
[2021-04-17T20:41:45.030-0700][gc,phases     ] GC(204)   Pre Evacuate Collection Set: 0.0ms
[2021-04-17T20:41:45.030-0700][gc,phases     ] GC(204)   Evacuate Collection Set: 5.6ms
[2021-04-17T20:41:45.030-0700][gc,phases     ] GC(204)   Post Evacuate Collection Set: 1.3ms
[2021-04-17T20:41:45.030-0700][gc,phases     ] GC(204)   Other: 0.5ms
[2021-04-17T20:41:45.030-0700][gc,heap       ] GC(204) Eden regions: 611->0(610)
[2021-04-17T20:41:45.030-0700][gc,heap       ] GC(204) Survivor regions: 3->4(77)
[2021-04-17T20:41:45.030-0700][gc,heap       ] GC(204) Old regions: 105->105
[2021-04-17T20:41:45.030-0700][gc,heap       ] GC(204) Humongous regions: 129->129
[2021-04-17T20:41:45.030-0700][gc,metaspace  ] GC(204) Metaspace: 41352K->41352K(1087488K)
[2021-04-17T20:41:45.030-0700][gc            ] GC(204) Pause Young (Normal) (G1 Evacuation Pause) 845M->235M(1024M) 7.797ms
[2021-04-17T20:41:45.030-0700][gc,cpu        ] GC(204) User=0.05s Sys=0.01s Real=0.01s
[2021-04-17T20:45:04.783-0700][gc,start      ] GC(205) Pause Young (Normal) (G1 Evacuation Pause)
[2021-04-17T20:45:04.784-0700][gc,task       ] GC(205) Using 8 workers of 8 for evacuation
[2021-04-17T20:45:04.792-0700][gc,phases     ] GC(205)   Pre Evacuate Collection Set: 0.0ms
[2021-04-17T20:45:04.792-0700][gc,phases     ] GC(205)   Evacuate Collection Set: 6.4ms
[2021-04-17T20:45:04.792-0700][gc,phases     ] GC(205)   Post Evacuate Collection Set: 1.5ms
[2021-04-17T20:45:04.792-0700][gc,phases     ] GC(205)   Other: 0.5ms
[2021-04-17T20:45:04.792-0700][gc,heap       ] GC(205) Eden regions: 610->0(611)
[2021-04-17T20:45:04.792-0700][gc,heap       ] GC(205) Survivor regions: 4->3(77)
[2021-04-17T20:45:04.792-0700][gc,heap       ] GC(205) Old regions: 105->105
[2021-04-17T20:45:04.792-0700][gc,heap       ] GC(205) Humongous regions: 129->129
[2021-04-17T20:45:04.792-0700][gc,metaspace  ] GC(205) Metaspace: 41352K->41352K(1087488K)
[2021-04-17T20:45:04.792-0700][gc            ] GC(205) Pause Young (Normal) (G1 Evacuation Pause) 845M->234M(1024M) 8.671ms
[2021-04-17T20:45:04.792-0700][gc,cpu        ] GC(205) User=0.06s Sys=0.00s Real=0.01s
[2021-04-17T20:48:24.661-0700][gc,start      ] GC(206) Pause Young (Normal) (G1 Evacuation Pause)
[2021-04-17T20:48:24.661-0700][gc,task       ] GC(206) Using 8 workers of 8 for evacuation
[2021-04-17T20:48:24.672-0700][gc,phases     ] GC(206)   Pre Evacuate Collection Set: 0.0ms
[2021-04-17T20:48:24.672-0700][gc,phases     ] GC(206)   Evacuate Collection Set: 8.4ms
[2021-04-17T20:48:24.672-0700][gc,phases     ] GC(206)   Post Evacuate Collection Set: 1.6ms
[2021-04-17T20:48:24.672-0700][gc,phases     ] GC(206)   Other: 0.6ms
[2021-04-17T20:48:24.672-0700][gc,heap       ] GC(206) Eden regions: 611->0(610)
[2021-04-17T20:48:24.672-0700][gc,heap       ] GC(206) Survivor regions: 3->4(77)
[2021-04-17T20:48:24.672-0700][gc,heap       ] GC(206) Old regions: 105->105
[2021-04-17T20:48:24.672-0700][gc,heap       ] GC(206) Humongous regions: 129->129
[2021-04-17T20:48:24.672-0700][gc,metaspace  ] GC(206) Metaspace: 41352K->41352K(1087488K)
[2021-04-17T20:48:24.672-0700][gc            ] GC(206) Pause Young (Normal) (G1 Evacuation Pause) 845M->235M(1024M) 10.866ms
[2021-04-17T20:48:24.672-0700][gc,cpu        ] GC(206) User=0.06s Sys=0.00s Real=0.01s
[2021-04-17T20:51:44.317-0700][gc,start      ] GC(207) Pause Young (Normal) (G1 Evacuation Pause)
[2021-04-17T20:51:44.317-0700][gc,task       ] GC(207) Using 8 workers of 8 for evacuation
[2021-04-17T20:51:44.320-0700][gc,phases     ] GC(207)   Pre Evacuate Collection Set: 0.0ms
[2021-04-17T20:51:44.320-0700][gc,phases     ] GC(207)   Evacuate Collection Set: 2.5ms
[2021-04-17T20:51:44.320-0700][gc,phases     ] GC(207)   Post Evacuate Collection Set: 1.0ms
[2021-04-17T20:51:44.320-0700][gc,phases     ] GC(207)   Other: 0.3ms
[2021-04-17T20:51:44.320-0700][gc,heap       ] GC(207) Eden regions: 610->0(610)
[2021-04-17T20:51:44.320-0700][gc,heap       ] GC(207) Survivor regions: 4->4(77)
[2021-04-17T20:51:44.320-0700][gc,heap       ] GC(207) Old regions: 105->105
[2021-04-17T20:51:44.320-0700][gc,heap       ] GC(207) Humongous regions: 129->129
[2021-04-17T20:51:44.320-0700][gc,metaspace  ] GC(207) Metaspace: 41355K->41355K(1087488K)
[2021-04-17T20:51:44.320-0700][gc            ] GC(207) Pause Young (Normal) (G1 Evacuation Pause) 845M->235M(1024M) 3.941ms
[2021-04-17T20:51:44.321-0700][gc,cpu        ] GC(207) User=0.02s Sys=0.01s Real=0.01s
[2021-04-17T20:55:03.021-0700][gc,start      ] GC(208) Pause Young (Normal) (G1 Evacuation Pause)
[2021-04-17T20:55:03.021-0700][gc,task       ] GC(208) Using 8 workers of 8 for evacuation
[2021-04-17T20:55:03.033-0700][gc,phases     ] GC(208)   Pre Evacuate Collection Set: 0.0ms
[2021-04-17T20:55:03.033-0700][gc,phases     ] GC(208)   Evacuate Collection Set: 9.5ms
[2021-04-17T20:55:03.033-0700][gc,phases     ] GC(208)   Post Evacuate Collection Set: 1.4ms
[2021-04-17T20:55:03.033-0700][gc,phases     ] GC(208)   Other: 0.5ms
[2021-04-17T20:55:03.033-0700][gc,heap       ] GC(208) Eden regions: 610->0(611)
[2021-04-17T20:55:03.033-0700][gc,heap       ] GC(208) Survivor regions: 4->3(77)
[2021-04-17T20:55:03.033-0700][gc,heap       ] GC(208) Old regions: 105->105
[2021-04-17T20:55:03.033-0700][gc,heap       ] GC(208) Humongous regions: 129->129
[2021-04-17T20:55:03.033-0700][gc,metaspace  ] GC(208) Metaspace: 41357K->41357K(1087488K)
[2021-04-17T20:55:03.033-0700][gc            ] GC(208) Pause Young (Normal) (G1 Evacuation Pause) 845M->234M(1024M) 12.007ms
[2021-04-17T20:55:03.033-0700][gc,cpu        ] GC(208) User=0.06s Sys=0.00s Real=0.01s
[2021-04-17T20:58:22.940-0700][gc,start      ] GC(209) Pause Young (Normal) (G1 Evacuation Pause)
[2021-04-17T20:58:22.940-0700][gc,task       ] GC(209) Using 8 workers of 8 for evacuation
[2021-04-17T20:58:22.951-0700][gc,phases     ] GC(209)   Pre Evacuate Collection Set: 0.1ms
[2021-04-17T20:58:22.951-0700][gc,phases     ] GC(209)   Evacuate Collection Set: 8.4ms
[2021-04-17T20:58:22.951-0700][gc,phases     ] GC(209)   Post Evacuate Collection Set: 1.8ms
[2021-04-17T20:58:22.951-0700][gc,phases     ] GC(209)   Other: 0.5ms
[2021-04-17T20:58:22.951-0700][gc,heap       ] GC(209) Eden regions: 611->0(611)
[2021-04-17T20:58:22.952-0700][gc,heap       ] GC(209) Survivor regions: 3->3(77)
[2021-04-17T20:58:22.952-0700][gc,heap       ] GC(209) Old regions: 105->105
[2021-04-17T20:58:22.952-0700][gc,heap       ] GC(209) Humongous regions: 129->129
[2021-04-17T20:58:22.952-0700][gc,metaspace  ] GC(209) Metaspace: 41357K->41357K(1087488K)
[2021-04-17T20:58:22.952-0700][gc            ] GC(209) Pause Young (Normal) (G1 Evacuation Pause) 845M->234M(1024M) 11.321ms
[2021-04-17T20:58:22.952-0700][gc,cpu        ] GC(209) User=0.06s Sys=0.00s Real=0.01s
[2021-04-17T21:01:42.573-0700][gc,start      ] GC(210) Pause Young (Normal) (G1 Evacuation Pause)
[2021-04-17T21:01:42.573-0700][gc,task       ] GC(210) Using 8 workers of 8 for evacuation
[2021-04-17T21:01:42.580-0700][gc,phases     ] GC(210)   Pre Evacuate Collection Set: 0.0ms
[2021-04-17T21:01:42.580-0700][gc,phases     ] GC(210)   Evacuate Collection Set: 5.0ms
[2021-04-17T21:01:42.580-0700][gc,phases     ] GC(210)   Post Evacuate Collection Set: 1.1ms
[2021-04-17T21:01:42.580-0700][gc,phases     ] GC(210)   Other: 0.5ms
[2021-04-17T21:01:42.580-0700][gc,heap       ] GC(210) Eden regions: 611->0(611)
[2021-04-17T21:01:42.580-0700][gc,heap       ] GC(210) Survivor regions: 3->3(77)
[2021-04-17T21:01:42.580-0700][gc,heap       ] GC(210) Old regions: 105->105
[2021-04-17T21:01:42.580-0700][gc,heap       ] GC(210) Humongous regions: 129->129
[2021-04-17T21:01:42.580-0700][gc,metaspace  ] GC(210) Metaspace: 41357K->41357K(1087488K)
[2021-04-17T21:01:42.580-0700][gc            ] GC(210) Pause Young (Normal) (G1 Evacuation Pause) 845M->234M(1024M) 6.794ms
[2021-04-17T21:01:42.580-0700][gc,cpu        ] GC(210) User=0.04s Sys=0.00s Real=0.01s
[2021-04-17T21:05:02.533-0700][gc,start      ] GC(211) Pause Young (Normal) (G1 Evacuation Pause)
[2021-04-17T21:05:02.533-0700][gc,task       ] GC(211) Using 8 workers of 8 for evacuation
[2021-04-17T21:05:02.540-0700][gc,phases     ] GC(211)   Pre Evacuate Collection Set: 0.0ms
[2021-04-17T21:05:02.540-0700][gc,phases     ] GC(211)   Evacuate Collection Set: 5.4ms
[2021-04-17T21:05:02.540-0700][gc,phases     ] GC(211)   Post Evacuate Collection Set: 1.3ms
[2021-04-17T21:05:02.541-0700][gc,phases     ] GC(211)   Other: 0.5ms
[2021-04-17T21:05:02.541-0700][gc,heap       ] GC(211) Eden regions: 611->0(611)
[2021-04-17T21:05:02.541-0700][gc,heap       ] GC(211) Survivor regions: 3->3(77)
[2021-04-17T21:05:02.541-0700][gc,heap       ] GC(211) Old regions: 105->105
[2021-04-17T21:05:02.541-0700][gc,heap       ] GC(211) Humongous regions: 129->129
[2021-04-17T21:05:02.541-0700][gc,metaspace  ] GC(211) Metaspace: 41357K->41357K(1087488K)
[2021-04-17T21:05:02.541-0700][gc            ] GC(211) Pause Young (Normal) (G1 Evacuation Pause) 845M->234M(1024M) 7.517ms
[2021-04-17T21:05:02.541-0700][gc,cpu        ] GC(211) User=0.04s Sys=0.00s Real=0.01s
[2021-04-17T21:08:22.750-0700][gc,start      ] GC(212) Pause Young (Normal) (G1 Evacuation Pause)
[2021-04-17T21:08:22.750-0700][gc,task       ] GC(212) Using 8 workers of 8 for evacuation
[2021-04-17T21:08:22.753-0700][gc,phases     ] GC(212)   Pre Evacuate Collection Set: 0.0ms
[2021-04-17T21:08:22.753-0700][gc,phases     ] GC(212)   Evacuate Collection Set: 2.4ms
[2021-04-17T21:08:22.753-0700][gc,phases     ] GC(212)   Post Evacuate Collection Set: 0.7ms
[2021-04-17T21:08:22.753-0700][gc,phases     ] GC(212)   Other: 0.2ms
[2021-04-17T21:08:22.753-0700][gc,heap       ] GC(212) Eden regions: 611->0(611)
[2021-04-17T21:08:22.753-0700][gc,heap       ] GC(212) Survivor regions: 3->3(77)
[2021-04-17T21:08:22.753-0700][gc,heap       ] GC(212) Old regions: 105->105
[2021-04-17T21:08:22.753-0700][gc,heap       ] GC(212) Humongous regions: 129->129
[2021-04-17T21:08:22.753-0700][gc,metaspace  ] GC(212) Metaspace: 41357K->41357K(1087488K)
[2021-04-17T21:08:22.753-0700][gc            ] GC(212) Pause Young (Normal) (G1 Evacuation Pause) 845M->235M(1024M) 3.485ms
[2021-04-17T21:08:22.753-0700][gc,cpu        ] GC(212) User=0.02s Sys=0.00s Real=0.00s
[2021-04-17T21:11:42.883-0700][gc,start      ] GC(213) Pause Young (Normal) (G1 Evacuation Pause)
[2021-04-17T21:11:42.883-0700][gc,task       ] GC(213) Using 8 workers of 8 for evacuation
[2021-04-17T21:11:42.891-0700][gc,phases     ] GC(213)   Pre Evacuate Collection Set: 0.0ms
[2021-04-17T21:11:42.891-0700][gc,phases     ] GC(213)   Evacuate Collection Set: 5.6ms
[2021-04-17T21:11:42.891-0700][gc,phases     ] GC(213)   Post Evacuate Collection Set: 1.4ms
[2021-04-17T21:11:42.891-0700][gc,phases     ] GC(213)   Other: 0.5ms
[2021-04-17T21:11:42.891-0700][gc,heap       ] GC(213) Eden regions: 611->0(610)
[2021-04-17T21:11:42.891-0700][gc,heap       ] GC(213) Survivor regions: 3->4(77)
[2021-04-17T21:11:42.891-0700][gc,heap       ] GC(213) Old regions: 105->105
[2021-04-17T21:11:42.891-0700][gc,heap       ] GC(213) Humongous regions: 129->129
[2021-04-17T21:11:42.891-0700][gc,metaspace  ] GC(213) Metaspace: 41357K->41357K(1087488K)
[2021-04-17T21:11:42.891-0700][gc            ] GC(213) Pause Young (Normal) (G1 Evacuation Pause) 846M->235M(1024M) 7.658ms
[2021-04-17T21:11:42.891-0700][gc,cpu        ] GC(213) User=0.05s Sys=0.00s Real=0.01s
[2021-04-17T21:15:02.926-0700][gc,start      ] GC(214) Pause Young (Normal) (G1 Evacuation Pause)
[2021-04-17T21:15:02.926-0700][gc,task       ] GC(214) Using 8 workers of 8 for evacuation
[2021-04-17T21:15:02.933-0700][gc,phases     ] GC(214)   Pre Evacuate Collection Set: 0.0ms
[2021-04-17T21:15:02.934-0700][gc,phases     ] GC(214)   Evacuate Collection Set: 5.7ms
[2021-04-17T21:15:02.934-0700][gc,phases     ] GC(214)   Post Evacuate Collection Set: 1.3ms
[2021-04-17T21:15:02.934-0700][gc,phases     ] GC(214)   Other: 0.5ms
[2021-04-17T21:15:02.934-0700][gc,heap       ] GC(214) Eden regions: 610->0(611)
[2021-04-17T21:15:02.934-0700][gc,heap       ] GC(214) Survivor regions: 4->3(77)
[2021-04-17T21:15:02.934-0700][gc,heap       ] GC(214) Old regions: 105->105
[2021-04-17T21:15:02.934-0700][gc,heap       ] GC(214) Humongous regions: 129->129
[2021-04-17T21:15:02.934-0700][gc,metaspace  ] GC(214) Metaspace: 41359K->41359K(1087488K)
[2021-04-17T21:15:02.934-0700][gc            ] GC(214) Pause Young (Normal) (G1 Evacuation Pause) 845M->235M(1024M) 7.677ms
[2021-04-17T21:15:02.934-0700][gc,cpu        ] GC(214) User=0.04s Sys=0.01s Real=0.01s
[2021-04-17T21:18:23.444-0700][gc,start      ] GC(215) Pause Young (Normal) (G1 Evacuation Pause)
[2021-04-17T21:18:23.444-0700][gc,task       ] GC(215) Using 8 workers of 8 for evacuation
[2021-04-17T21:18:23.452-0700][gc,phases     ] GC(215)   Pre Evacuate Collection Set: 0.0ms
[2021-04-17T21:18:23.452-0700][gc,phases     ] GC(215)   Evacuate Collection Set: 6.0ms
[2021-04-17T21:18:23.452-0700][gc,phases     ] GC(215)   Post Evacuate Collection Set: 1.3ms
[2021-04-17T21:18:23.452-0700][gc,phases     ] GC(215)   Other: 0.5ms
[2021-04-17T21:18:23.452-0700][gc,heap       ] GC(215) Eden regions: 611->0(610)
[2021-04-17T21:18:23.452-0700][gc,heap       ] GC(215) Survivor regions: 3->4(77)
[2021-04-17T21:18:23.452-0700][gc,heap       ] GC(215) Old regions: 105->105
[2021-04-17T21:18:23.452-0700][gc,heap       ] GC(215) Humongous regions: 129->129
[2021-04-17T21:18:23.452-0700][gc,metaspace  ] GC(215) Metaspace: 41367K->41367K(1087488K)
[2021-04-17T21:18:23.452-0700][gc            ] GC(215) Pause Young (Normal) (G1 Evacuation Pause) 846M->235M(1024M) 8.015ms
[2021-04-17T21:18:23.452-0700][gc,cpu        ] GC(215) User=0.04s Sys=0.01s Real=0.01s
[2021-04-17T21:21:43.384-0700][gc,start      ] GC(216) Pause Young (Normal) (G1 Evacuation Pause)
[2021-04-17T21:21:43.384-0700][gc,task       ] GC(216) Using 8 workers of 8 for evacuation
[2021-04-17T21:21:43.391-0700][gc,phases     ] GC(216)   Pre Evacuate Collection Set: 0.0ms
[2021-04-17T21:21:43.391-0700][gc,phases     ] GC(216)   Evacuate Collection Set: 5.9ms
[2021-04-17T21:21:43.391-0700][gc,phases     ] GC(216)   Post Evacuate Collection Set: 1.2ms
[2021-04-17T21:21:43.391-0700][gc,phases     ] GC(216)   Other: 0.5ms
[2021-04-17T21:21:43.391-0700][gc,heap       ] GC(216) Eden regions: 610->0(610)
[2021-04-17T21:21:43.391-0700][gc,heap       ] GC(216) Survivor regions: 4->4(77)
[2021-04-17T21:21:43.391-0700][gc,heap       ] GC(216) Old regions: 105->105
[2021-04-17T21:21:43.391-0700][gc,heap       ] GC(216) Humongous regions: 129->129
[2021-04-17T21:21:43.391-0700][gc,metaspace  ] GC(216) Metaspace: 41367K->41367K(1087488K)
[2021-04-17T21:21:43.391-0700][gc            ] GC(216) Pause Young (Normal) (G1 Evacuation Pause) 845M->235M(1024M) 7.867ms
[2021-04-17T21:21:43.392-0700][gc,cpu        ] GC(216) User=0.05s Sys=0.00s Real=0.01s
[2021-04-17T21:25:03.486-0700][gc,start      ] GC(217) Pause Young (Normal) (G1 Evacuation Pause)
[2021-04-17T21:25:03.486-0700][gc,task       ] GC(217) Using 8 workers of 8 for evacuation
[2021-04-17T21:25:03.493-0700][gc,phases     ] GC(217)   Pre Evacuate Collection Set: 0.0ms
[2021-04-17T21:25:03.493-0700][gc,phases     ] GC(217)   Evacuate Collection Set: 5.6ms
[2021-04-17T21:25:03.493-0700][gc,phases     ] GC(217)   Post Evacuate Collection Set: 0.5ms
[2021-04-17T21:25:03.493-0700][gc,phases     ] GC(217)   Other: 0.5ms
[2021-04-17T21:25:03.493-0700][gc,heap       ] GC(217) Eden regions: 610->0(610)
[2021-04-17T21:25:03.493-0700][gc,heap       ] GC(217) Survivor regions: 4->4(77)
[2021-04-17T21:25:03.493-0700][gc,heap       ] GC(217) Old regions: 105->105
[2021-04-17T21:25:03.493-0700][gc,heap       ] GC(217) Humongous regions: 129->129
[2021-04-17T21:25:03.493-0700][gc,metaspace  ] GC(217) Metaspace: 41367K->41367K(1087488K)
[2021-04-17T21:25:03.493-0700][gc            ] GC(217) Pause Young (Normal) (G1 Evacuation Pause) 845M->235M(1024M) 6.648ms
[2021-04-17T21:25:03.493-0700][gc,cpu        ] GC(217) User=0.05s Sys=0.00s Real=0.01s
[2021-04-17T21:28:23.636-0700][gc,start      ] GC(218) Pause Young (Normal) (G1 Evacuation Pause)
[2021-04-17T21:28:23.636-0700][gc,task       ] GC(218) Using 8 workers of 8 for evacuation
[2021-04-17T21:28:23.643-0700][gc,phases     ] GC(218)   Pre Evacuate Collection Set: 0.0ms
[2021-04-17T21:28:23.643-0700][gc,phases     ] GC(218)   Evacuate Collection Set: 5.5ms
[2021-04-17T21:28:23.643-0700][gc,phases     ] GC(218)   Post Evacuate Collection Set: 0.5ms
[2021-04-17T21:28:23.643-0700][gc,phases     ] GC(218)   Other: 0.4ms
[2021-04-17T21:28:23.643-0700][gc,heap       ] GC(218) Eden regions: 610->0(610)
[2021-04-17T21:28:23.643-0700][gc,heap       ] GC(218) Survivor regions: 4->4(77)
[2021-04-17T21:28:23.643-0700][gc,heap       ] GC(218) Old regions: 105->105
[2021-04-17T21:28:23.643-0700][gc,heap       ] GC(218) Humongous regions: 129->129
[2021-04-17T21:28:23.643-0700][gc,metaspace  ] GC(218) Metaspace: 41367K->41367K(1087488K)
[2021-04-17T21:28:23.643-0700][gc            ] GC(218) Pause Young (Normal) (G1 Evacuation Pause) 845M->235M(1024M) 6.556ms
[2021-04-17T21:28:23.643-0700][gc,cpu        ] GC(218) User=0.04s Sys=0.01s Real=0.01s
[2021-04-17T21:31:43.812-0700][gc,start      ] GC(219) Pause Young (Normal) (G1 Evacuation Pause)
[2021-04-17T21:31:43.812-0700][gc,task       ] GC(219) Using 8 workers of 8 for evacuation
[2021-04-17T21:31:43.818-0700][gc,phases     ] GC(219)   Pre Evacuate Collection Set: 0.0ms
[2021-04-17T21:31:43.818-0700][gc,phases     ] GC(219)   Evacuate Collection Set: 4.9ms
[2021-04-17T21:31:43.818-0700][gc,phases     ] GC(219)   Post Evacuate Collection Set: 0.7ms
[2021-04-17T21:31:43.818-0700][gc,phases     ] GC(219)   Other: 0.4ms
[2021-04-17T21:31:43.818-0700][gc,heap       ] GC(219) Eden regions: 610->0(610)
[2021-04-17T21:31:43.818-0700][gc,heap       ] GC(219) Survivor regions: 4->4(77)
[2021-04-17T21:31:43.818-0700][gc,heap       ] GC(219) Old regions: 105->105
[2021-04-17T21:31:43.818-0700][gc,heap       ] GC(219) Humongous regions: 129->129
[2021-04-17T21:31:43.818-0700][gc,metaspace  ] GC(219) Metaspace: 41367K->41367K(1087488K)
[2021-04-17T21:31:43.818-0700][gc            ] GC(219) Pause Young (Normal) (G1 Evacuation Pause) 845M->235M(1024M) 6.009ms
[2021-04-17T21:31:43.818-0700][gc,cpu        ] GC(219) User=0.04s Sys=0.01s Real=0.01s
[2021-04-17T21:35:03.997-0700][gc,start      ] GC(220) Pause Young (Normal) (G1 Evacuation Pause)
[2021-04-17T21:35:03.997-0700][gc,task       ] GC(220) Using 8 workers of 8 for evacuation
[2021-04-17T21:35:04.005-0700][gc,phases     ] GC(220)   Pre Evacuate Collection Set: 0.0ms
[2021-04-17T21:35:04.005-0700][gc,phases     ] GC(220)   Evacuate Collection Set: 6.0ms
[2021-04-17T21:35:04.005-0700][gc,phases     ] GC(220)   Post Evacuate Collection Set: 1.4ms
[2021-04-17T21:35:04.005-0700][gc,phases     ] GC(220)   Other: 0.5ms
[2021-04-17T21:35:04.005-0700][gc,heap       ] GC(220) Eden regions: 610->0(610)
[2021-04-17T21:35:04.005-0700][gc,heap       ] GC(220) Survivor regions: 4->4(77)
[2021-04-17T21:35:04.005-0700][gc,heap       ] GC(220) Old regions: 105->105
[2021-04-17T21:35:04.005-0700][gc,heap       ] GC(220) Humongous regions: 129->129
[2021-04-17T21:35:04.005-0700][gc,metaspace  ] GC(220) Metaspace: 41367K->41367K(1087488K)
[2021-04-17T21:35:04.005-0700][gc            ] GC(220) Pause Young (Normal) (G1 Evacuation Pause) 845M->235M(1024M) 8.150ms
[2021-04-17T21:35:04.005-0700][gc,cpu        ] GC(220) User=0.05s Sys=0.00s Real=0.00s
[2021-04-17T21:38:24.236-0700][gc,start      ] GC(221) Pause Young (Normal) (G1 Evacuation Pause)
[2021-04-17T21:38:24.236-0700][gc,task       ] GC(221) Using 8 workers of 8 for evacuation
[2021-04-17T21:38:24.243-0700][gc,phases     ] GC(221)   Pre Evacuate Collection Set: 0.0ms
[2021-04-17T21:38:24.243-0700][gc,phases     ] GC(221)   Evacuate Collection Set: 6.0ms
[2021-04-17T21:38:24.243-0700][gc,phases     ] GC(221)   Post Evacuate Collection Set: 0.6ms
[2021-04-17T21:38:24.243-0700][gc,phases     ] GC(221)   Other: 0.4ms
[2021-04-17T21:38:24.243-0700][gc,heap       ] GC(221) Eden regions: 610->0(610)
[2021-04-17T21:38:24.243-0700][gc,heap       ] GC(221) Survivor regions: 4->4(77)
[2021-04-17T21:38:24.243-0700][gc,heap       ] GC(221) Old regions: 105->105
[2021-04-17T21:38:24.243-0700][gc,heap       ] GC(221) Humongous regions: 129->129
[2021-04-17T21:38:24.243-0700][gc,metaspace  ] GC(221) Metaspace: 41367K->41367K(1087488K)
[2021-04-17T21:38:24.243-0700][gc            ] GC(221) Pause Young (Normal) (G1 Evacuation Pause) 845M->235M(1024M) 7.045ms
[2021-04-17T21:38:24.243-0700][gc,cpu        ] GC(221) User=0.05s Sys=0.00s Real=0.01s
[2021-04-17T21:41:44.594-0700][gc,start      ] GC(222) Pause Young (Normal) (G1 Evacuation Pause)
[2021-04-17T21:41:44.594-0700][gc,task       ] GC(222) Using 8 workers of 8 for evacuation
[2021-04-17T21:41:44.602-0700][gc,phases     ] GC(222)   Pre Evacuate Collection Set: 0.0ms
[2021-04-17T21:41:44.602-0700][gc,phases     ] GC(222)   Evacuate Collection Set: 6.2ms
[2021-04-17T21:41:44.602-0700][gc,phases     ] GC(222)   Post Evacuate Collection Set: 1.3ms
[2021-04-17T21:41:44.602-0700][gc,phases     ] GC(222)   Other: 0.5ms
[2021-04-17T21:41:44.602-0700][gc,heap       ] GC(222) Eden regions: 610->0(610)
[2021-04-17T21:41:44.602-0700][gc,heap       ] GC(222) Survivor regions: 4->4(77)
[2021-04-17T21:41:44.602-0700][gc,heap       ] GC(222) Old regions: 105->105
[2021-04-17T21:41:44.602-0700][gc,heap       ] GC(222) Humongous regions: 129->129
[2021-04-17T21:41:44.602-0700][gc,metaspace  ] GC(222) Metaspace: 41367K->41367K(1087488K)
[2021-04-17T21:41:44.602-0700][gc            ] GC(222) Pause Young (Normal) (G1 Evacuation Pause) 845M->235M(1024M) 8.166ms
[2021-04-17T21:41:44.602-0700][gc,cpu        ] GC(222) User=0.05s Sys=0.01s Real=0.01s
[2021-04-17T21:45:04.715-0700][gc,start      ] GC(223) Pause Young (Normal) (G1 Evacuation Pause)
[2021-04-17T21:45:04.715-0700][gc,task       ] GC(223) Using 8 workers of 8 for evacuation
[2021-04-17T21:45:04.723-0700][gc,phases     ] GC(223)   Pre Evacuate Collection Set: 0.0ms
[2021-04-17T21:45:04.723-0700][gc,phases     ] GC(223)   Evacuate Collection Set: 6.1ms
[2021-04-17T21:45:04.723-0700][gc,phases     ] GC(223)   Post Evacuate Collection Set: 1.3ms
[2021-04-17T21:45:04.723-0700][gc,phases     ] GC(223)   Other: 0.5ms
[2021-04-17T21:45:04.723-0700][gc,heap       ] GC(223) Eden regions: 610->0(610)
[2021-04-17T21:45:04.723-0700][gc,heap       ] GC(223) Survivor regions: 4->4(77)
[2021-04-17T21:45:04.723-0700][gc,heap       ] GC(223) Old regions: 105->105
[2021-04-17T21:45:04.723-0700][gc,heap       ] GC(223) Humongous regions: 129->129
[2021-04-17T21:45:04.723-0700][gc,metaspace  ] GC(223) Metaspace: 41369K->41369K(1087488K)
[2021-04-17T21:45:04.723-0700][gc            ] GC(223) Pause Young (Normal) (G1 Evacuation Pause) 845M->235M(1024M) 8.163ms
[2021-04-17T21:45:04.723-0700][gc,cpu        ] GC(223) User=0.05s Sys=0.00s Real=0.01s
[2021-04-17T21:48:25.027-0700][gc,start      ] GC(224) Pause Young (Normal) (G1 Evacuation Pause)
[2021-04-17T21:48:25.027-0700][gc,task       ] GC(224) Using 8 workers of 8 for evacuation
[2021-04-17T21:48:25.033-0700][gc,phases     ] GC(224)   Pre Evacuate Collection Set: 0.0ms
[2021-04-17T21:48:25.034-0700][gc,phases     ] GC(224)   Evacuate Collection Set: 4.5ms
[2021-04-17T21:48:25.034-0700][gc,phases     ] GC(224)   Post Evacuate Collection Set: 1.4ms
[2021-04-17T21:48:25.034-0700][gc,phases     ] GC(224)   Other: 0.5ms
[2021-04-17T21:48:25.034-0700][gc,heap       ] GC(224) Eden regions: 610->0(611)
[2021-04-17T21:48:25.034-0700][gc,heap       ] GC(224) Survivor regions: 4->3(77)
[2021-04-17T21:48:25.034-0700][gc,heap       ] GC(224) Old regions: 105->105
[2021-04-17T21:48:25.034-0700][gc,heap       ] GC(224) Humongous regions: 129->129
[2021-04-17T21:48:25.034-0700][gc,metaspace  ] GC(224) Metaspace: 41369K->41369K(1087488K)
[2021-04-17T21:48:25.034-0700][gc            ] GC(224) Pause Young (Normal) (G1 Evacuation Pause) 845M->234M(1024M) 6.652ms
[2021-04-17T21:48:25.034-0700][gc,cpu        ] GC(224) User=0.04s Sys=0.00s Real=0.01s
[2021-04-17T21:51:45.490-0700][gc,start      ] GC(225) Pause Young (Normal) (G1 Evacuation Pause)
[2021-04-17T21:51:45.490-0700][gc,task       ] GC(225) Using 8 workers of 8 for evacuation
[2021-04-17T21:51:45.496-0700][gc,phases     ] GC(225)   Pre Evacuate Collection Set: 0.0ms
[2021-04-17T21:51:45.496-0700][gc,phases     ] GC(225)   Evacuate Collection Set: 4.6ms
[2021-04-17T21:51:45.497-0700][gc,phases     ] GC(225)   Post Evacuate Collection Set: 1.3ms
[2021-04-17T21:51:45.497-0700][gc,phases     ] GC(225)   Other: 0.5ms
[2021-04-17T21:51:45.497-0700][gc,heap       ] GC(225) Eden regions: 611->0(611)
[2021-04-17T21:51:45.497-0700][gc,heap       ] GC(225) Survivor regions: 3->3(77)
[2021-04-17T21:51:45.497-0700][gc,heap       ] GC(225) Old regions: 105->105
[2021-04-17T21:51:45.497-0700][gc,heap       ] GC(225) Humongous regions: 129->129
[2021-04-17T21:51:45.497-0700][gc,metaspace  ] GC(225) Metaspace: 41369K->41369K(1087488K)
[2021-04-17T21:51:45.497-0700][gc            ] GC(225) Pause Young (Normal) (G1 Evacuation Pause) 845M->234M(1024M) 6.599ms
[2021-04-17T21:51:45.497-0700][gc,cpu        ] GC(225) User=0.04s Sys=0.00s Real=0.01s
[2021-04-17T21:55:04.879-0700][gc,start      ] GC(226) Pause Young (Normal) (G1 Evacuation Pause)
[2021-04-17T21:55:04.879-0700][gc,task       ] GC(226) Using 8 workers of 8 for evacuation
[2021-04-17T21:55:04.885-0700][gc,phases     ] GC(226)   Pre Evacuate Collection Set: 0.0ms
[2021-04-17T21:55:04.885-0700][gc,phases     ] GC(226)   Evacuate Collection Set: 4.5ms
[2021-04-17T21:55:04.885-0700][gc,phases     ] GC(226)   Post Evacuate Collection Set: 1.1ms
[2021-04-17T21:55:04.885-0700][gc,phases     ] GC(226)   Other: 0.5ms
[2021-04-17T21:55:04.885-0700][gc,heap       ] GC(226) Eden regions: 611->0(612)
[2021-04-17T21:55:04.885-0700][gc,heap       ] GC(226) Survivor regions: 3->2(77)
[2021-04-17T21:55:04.885-0700][gc,heap       ] GC(226) Old regions: 105->105
[2021-04-17T21:55:04.885-0700][gc,heap       ] GC(226) Humongous regions: 129->129
[2021-04-17T21:55:04.885-0700][gc,metaspace  ] GC(226) Metaspace: 41369K->41369K(1087488K)
[2021-04-17T21:55:04.885-0700][gc            ] GC(226) Pause Young (Normal) (G1 Evacuation Pause) 845M->234M(1024M) 6.374ms
[2021-04-17T21:55:04.885-0700][gc,cpu        ] GC(226) User=0.04s Sys=0.00s Real=0.00s
[2021-04-17T21:58:25.701-0700][gc,start      ] GC(227) Pause Young (Normal) (G1 Evacuation Pause)
[2021-04-17T21:58:25.701-0700][gc,task       ] GC(227) Using 8 workers of 8 for evacuation
[2021-04-17T21:58:25.707-0700][gc,phases     ] GC(227)   Pre Evacuate Collection Set: 0.0ms
[2021-04-17T21:58:25.707-0700][gc,phases     ] GC(227)   Evacuate Collection Set: 4.5ms
[2021-04-17T21:58:25.707-0700][gc,phases     ] GC(227)   Post Evacuate Collection Set: 1.2ms
[2021-04-17T21:58:25.707-0700][gc,phases     ] GC(227)   Other: 0.5ms
[2021-04-17T21:58:25.707-0700][gc,heap       ] GC(227) Eden regions: 612->0(611)
[2021-04-17T21:58:25.707-0700][gc,heap       ] GC(227) Survivor regions: 2->3(77)
[2021-04-17T21:58:25.707-0700][gc,heap       ] GC(227) Old regions: 105->105
[2021-04-17T21:58:25.707-0700][gc,heap       ] GC(227) Humongous regions: 129->129
[2021-04-17T21:58:25.707-0700][gc,metaspace  ] GC(227) Metaspace: 41369K->41369K(1087488K)
[2021-04-17T21:58:25.707-0700][gc            ] GC(227) Pause Young (Normal) (G1 Evacuation Pause) 846M->234M(1024M) 6.449ms
[2021-04-17T21:58:25.707-0700][gc,cpu        ] GC(227) User=0.04s Sys=0.00s Real=0.00s
[2021-04-17T22:01:45.965-0700][gc,start      ] GC(228) Pause Young (Normal) (G1 Evacuation Pause)
[2021-04-17T22:01:45.965-0700][gc,task       ] GC(228) Using 8 workers of 8 for evacuation
[2021-04-17T22:01:45.971-0700][gc,phases     ] GC(228)   Pre Evacuate Collection Set: 0.0ms
[2021-04-17T22:01:45.971-0700][gc,phases     ] GC(228)   Evacuate Collection Set: 4.7ms
[2021-04-17T22:01:45.971-0700][gc,phases     ] GC(228)   Post Evacuate Collection Set: 1.0ms
[2021-04-17T22:01:45.971-0700][gc,phases     ] GC(228)   Other: 0.5ms
[2021-04-17T22:01:45.971-0700][gc,heap       ] GC(228) Eden regions: 611->0(611)
[2021-04-17T22:01:45.971-0700][gc,heap       ] GC(228) Survivor regions: 3->3(77)
[2021-04-17T22:01:45.971-0700][gc,heap       ] GC(228) Old regions: 105->105
[2021-04-17T22:01:45.971-0700][gc,heap       ] GC(228) Humongous regions: 129->129
[2021-04-17T22:01:45.971-0700][gc,metaspace  ] GC(228) Metaspace: 41369K->41369K(1087488K)
[2021-04-17T22:01:45.971-0700][gc            ] GC(228) Pause Young (Normal) (G1 Evacuation Pause) 845M->234M(1024M) 6.444ms
[2021-04-17T22:01:45.971-0700][gc,cpu        ] GC(228) User=0.04s Sys=0.00s Real=0.01s
[2021-04-17T22:05:06.252-0700][gc,start      ] GC(229) Pause Young (Normal) (G1 Evacuation Pause)
[2021-04-17T22:05:06.252-0700][gc,task       ] GC(229) Using 8 workers of 8 for evacuation
[2021-04-17T22:05:06.259-0700][gc,phases     ] GC(229)   Pre Evacuate Collection Set: 0.0ms
[2021-04-17T22:05:06.259-0700][gc,phases     ] GC(229)   Evacuate Collection Set: 5.1ms
[2021-04-17T22:05:06.259-0700][gc,phases     ] GC(229)   Post Evacuate Collection Set: 1.3ms
[2021-04-17T22:05:06.259-0700][gc,phases     ] GC(229)   Other: 0.5ms
[2021-04-17T22:05:06.259-0700][gc,heap       ] GC(229) Eden regions: 611->0(611)
[2021-04-17T22:05:06.259-0700][gc,heap       ] GC(229) Survivor regions: 3->3(77)
[2021-04-17T22:05:06.259-0700][gc,heap       ] GC(229) Old regions: 105->105
[2021-04-17T22:05:06.259-0700][gc,heap       ] GC(229) Humongous regions: 129->129
[2021-04-17T22:05:06.259-0700][gc,metaspace  ] GC(229) Metaspace: 41370K->41370K(1087488K)
[2021-04-17T22:05:06.259-0700][gc            ] GC(229) Pause Young (Normal) (G1 Evacuation Pause) 845M->234M(1024M) 7.141ms
[2021-04-17T22:05:06.259-0700][gc,cpu        ] GC(229) User=0.04s Sys=0.01s Real=0.01s
[2021-04-17T22:08:26.649-0700][gc,start      ] GC(230) Pause Young (Normal) (G1 Evacuation Pause)
[2021-04-17T22:08:26.650-0700][gc,task       ] GC(230) Using 8 workers of 8 for evacuation
[2021-04-17T22:08:26.656-0700][gc,phases     ] GC(230)   Pre Evacuate Collection Set: 0.0ms
[2021-04-17T22:08:26.656-0700][gc,phases     ] GC(230)   Evacuate Collection Set: 5.1ms
[2021-04-17T22:08:26.656-0700][gc,phases     ] GC(230)   Post Evacuate Collection Set: 1.4ms
[2021-04-17T22:08:26.657-0700][gc,phases     ] GC(230)   Other: 0.5ms
[2021-04-17T22:08:26.657-0700][gc,heap       ] GC(230) Eden regions: 611->0(611)
[2021-04-17T22:08:26.657-0700][gc,heap       ] GC(230) Survivor regions: 3->3(77)
[2021-04-17T22:08:26.657-0700][gc,heap       ] GC(230) Old regions: 105->105
[2021-04-17T22:08:26.657-0700][gc,heap       ] GC(230) Humongous regions: 129->129
[2021-04-17T22:08:26.657-0700][gc,metaspace  ] GC(230) Metaspace: 41370K->41370K(1087488K)
[2021-04-17T22:08:26.657-0700][gc            ] GC(230) Pause Young (Normal) (G1 Evacuation Pause) 845M->235M(1024M) 7.253ms
[2021-04-17T22:08:26.657-0700][gc,cpu        ] GC(230) User=0.03s Sys=0.01s Real=0.01s
[2021-04-17T22:11:47.101-0700][gc,start      ] GC(231) Pause Young (Normal) (G1 Evacuation Pause)
[2021-04-17T22:11:47.101-0700][gc,task       ] GC(231) Using 8 workers of 8 for evacuation
[2021-04-17T22:11:47.108-0700][gc,phases     ] GC(231)   Pre Evacuate Collection Set: 0.1ms
[2021-04-17T22:11:47.108-0700][gc,phases     ] GC(231)   Evacuate Collection Set: 5.6ms
[2021-04-17T22:11:47.108-0700][gc,phases     ] GC(231)   Post Evacuate Collection Set: 1.3ms
[2021-04-17T22:11:47.108-0700][gc,phases     ] GC(231)   Other: 0.7ms
[2021-04-17T22:11:47.108-0700][gc,heap       ] GC(231) Eden regions: 611->0(611)
[2021-04-17T22:11:47.108-0700][gc,heap       ] GC(231) Survivor regions: 3->3(77)
[2021-04-17T22:11:47.108-0700][gc,heap       ] GC(231) Old regions: 105->105
[2021-04-17T22:11:47.108-0700][gc,heap       ] GC(231) Humongous regions: 129->129
[2021-04-17T22:11:47.108-0700][gc,metaspace  ] GC(231) Metaspace: 41370K->41370K(1087488K)
[2021-04-17T22:11:47.109-0700][gc            ] GC(231) Pause Young (Normal) (G1 Evacuation Pause) 846M->235M(1024M) 7.843ms
[2021-04-17T22:11:47.109-0700][gc,cpu        ] GC(231) User=0.04s Sys=0.00s Real=0.00s
[2021-04-17T22:15:07.638-0700][gc,start      ] GC(232) Pause Young (Normal) (G1 Evacuation Pause)
[2021-04-17T22:15:07.638-0700][gc,task       ] GC(232) Using 8 workers of 8 for evacuation
[2021-04-17T22:15:07.645-0700][gc,phases     ] GC(232)   Pre Evacuate Collection Set: 0.0ms
[2021-04-17T22:15:07.645-0700][gc,phases     ] GC(232)   Evacuate Collection Set: 5.4ms
[2021-04-17T22:15:07.645-0700][gc,phases     ] GC(232)   Post Evacuate Collection Set: 0.6ms
[2021-04-17T22:15:07.645-0700][gc,phases     ] GC(232)   Other: 0.4ms
[2021-04-17T22:15:07.645-0700][gc,heap       ] GC(232) Eden regions: 611->0(611)
[2021-04-17T22:15:07.645-0700][gc,heap       ] GC(232) Survivor regions: 3->3(77)
[2021-04-17T22:15:07.645-0700][gc,heap       ] GC(232) Old regions: 105->105
[2021-04-17T22:15:07.645-0700][gc,heap       ] GC(232) Humongous regions: 129->129
[2021-04-17T22:15:07.645-0700][gc,metaspace  ] GC(232) Metaspace: 41370K->41370K(1087488K)
[2021-04-17T22:15:07.645-0700][gc            ] GC(232) Pause Young (Normal) (G1 Evacuation Pause) 846M->235M(1024M) 6.442ms
[2021-04-17T22:15:07.645-0700][gc,cpu        ] GC(232) User=0.05s Sys=0.00s Real=0.00s
[2021-04-17T22:18:28.081-0700][gc,start      ] GC(233) Pause Young (Normal) (G1 Evacuation Pause)
[2021-04-17T22:18:28.081-0700][gc,task       ] GC(233) Using 8 workers of 8 for evacuation
[2021-04-17T22:18:28.088-0700][gc,phases     ] GC(233)   Pre Evacuate Collection Set: 0.0ms
[2021-04-17T22:18:28.088-0700][gc,phases     ] GC(233)   Evacuate Collection Set: 6.0ms
[2021-04-17T22:18:28.088-0700][gc,phases     ] GC(233)   Post Evacuate Collection Set: 1.2ms
[2021-04-17T22:18:28.088-0700][gc,phases     ] GC(233)   Other: 0.5ms
[2021-04-17T22:18:28.088-0700][gc,heap       ] GC(233) Eden regions: 611->0(610)
[2021-04-17T22:18:28.088-0700][gc,heap       ] GC(233) Survivor regions: 3->4(77)
[2021-04-17T22:18:28.088-0700][gc,heap       ] GC(233) Old regions: 105->105
[2021-04-17T22:18:28.088-0700][gc,heap       ] GC(233) Humongous regions: 129->129
[2021-04-17T22:18:28.088-0700][gc,metaspace  ] GC(233) Metaspace: 41370K->41370K(1087488K)
[2021-04-17T22:18:28.088-0700][gc            ] GC(233) Pause Young (Normal) (G1 Evacuation Pause) 846M->235M(1024M) 7.920ms
[2021-04-17T22:18:28.088-0700][gc,cpu        ] GC(233) User=0.05s Sys=0.00s Real=0.00s
[2021-04-17T22:21:48.111-0700][gc,start      ] GC(234) Pause Young (Normal) (G1 Evacuation Pause)
[2021-04-17T22:21:48.111-0700][gc,task       ] GC(234) Using 8 workers of 8 for evacuation
[2021-04-17T22:21:48.117-0700][gc,phases     ] GC(234)   Pre Evacuate Collection Set: 0.0ms
[2021-04-17T22:21:48.117-0700][gc,phases     ] GC(234)   Evacuate Collection Set: 4.9ms
[2021-04-17T22:21:48.117-0700][gc,phases     ] GC(234)   Post Evacuate Collection Set: 0.5ms
[2021-04-17T22:21:48.117-0700][gc,phases     ] GC(234)   Other: 0.4ms
[2021-04-17T22:21:48.117-0700][gc,heap       ] GC(234) Eden regions: 610->0(610)
[2021-04-17T22:21:48.117-0700][gc,heap       ] GC(234) Survivor regions: 4->4(77)
[2021-04-17T22:21:48.117-0700][gc,heap       ] GC(234) Old regions: 105->105
[2021-04-17T22:21:48.117-0700][gc,heap       ] GC(234) Humongous regions: 129->129
[2021-04-17T22:21:48.117-0700][gc,metaspace  ] GC(234) Metaspace: 41370K->41370K(1087488K)
[2021-04-17T22:21:48.117-0700][gc            ] GC(234) Pause Young (Normal) (G1 Evacuation Pause) 845M->235M(1024M) 5.914ms
[2021-04-17T22:21:48.117-0700][gc,cpu        ] GC(234) User=0.05s Sys=0.00s Real=0.01s
[2021-04-17T22:25:08.128-0700][gc,start      ] GC(235) Pause Young (Normal) (G1 Evacuation Pause)
[2021-04-17T22:25:08.128-0700][gc,task       ] GC(235) Using 8 workers of 8 for evacuation
[2021-04-17T22:25:08.136-0700][gc,phases     ] GC(235)   Pre Evacuate Collection Set: 0.0ms
[2021-04-17T22:25:08.136-0700][gc,phases     ] GC(235)   Evacuate Collection Set: 5.9ms
[2021-04-17T22:25:08.136-0700][gc,phases     ] GC(235)   Post Evacuate Collection Set: 1.4ms
[2021-04-17T22:25:08.136-0700][gc,phases     ] GC(235)   Other: 0.5ms
[2021-04-17T22:25:08.136-0700][gc,heap       ] GC(235) Eden regions: 610->0(610)
[2021-04-17T22:25:08.136-0700][gc,heap       ] GC(235) Survivor regions: 4->4(77)
[2021-04-17T22:25:08.136-0700][gc,heap       ] GC(235) Old regions: 105->105
[2021-04-17T22:25:08.136-0700][gc,heap       ] GC(235) Humongous regions: 129->129
[2021-04-17T22:25:08.136-0700][gc,metaspace  ] GC(235) Metaspace: 41371K->41371K(1087488K)
[2021-04-17T22:25:08.136-0700][gc            ] GC(235) Pause Young (Normal) (G1 Evacuation Pause) 845M->235M(1024M) 7.983ms
[2021-04-17T22:25:08.136-0700][gc,cpu        ] GC(235) User=0.05s Sys=0.00s Real=0.01s
[2021-04-17T22:28:28.168-0700][gc,start      ] GC(236) Pause Young (Normal) (G1 Evacuation Pause)
[2021-04-17T22:28:28.168-0700][gc,task       ] GC(236) Using 8 workers of 8 for evacuation
[2021-04-17T22:28:28.176-0700][gc,phases     ] GC(236)   Pre Evacuate Collection Set: 0.0ms
[2021-04-17T22:28:28.176-0700][gc,phases     ] GC(236)   Evacuate Collection Set: 6.0ms
[2021-04-17T22:28:28.176-0700][gc,phases     ] GC(236)   Post Evacuate Collection Set: 1.3ms
[2021-04-17T22:28:28.176-0700][gc,phases     ] GC(236)   Other: 0.5ms
[2021-04-17T22:28:28.176-0700][gc,heap       ] GC(236) Eden regions: 610->0(610)
[2021-04-17T22:28:28.176-0700][gc,heap       ] GC(236) Survivor regions: 4->4(77)
[2021-04-17T22:28:28.176-0700][gc,heap       ] GC(236) Old regions: 105->105
[2021-04-17T22:28:28.176-0700][gc,heap       ] GC(236) Humongous regions: 129->129
[2021-04-17T22:28:28.176-0700][gc,metaspace  ] GC(236) Metaspace: 41371K->41371K(1087488K)
[2021-04-17T22:28:28.176-0700][gc            ] GC(236) Pause Young (Normal) (G1 Evacuation Pause) 845M->235M(1024M) 8.008ms
[2021-04-17T22:28:28.176-0700][gc,cpu        ] GC(236) User=0.05s Sys=0.00s Real=0.01s
[2021-04-17T22:31:48.177-0700][gc,start      ] GC(237) Pause Young (Normal) (G1 Evacuation Pause)
[2021-04-17T22:31:48.177-0700][gc,task       ] GC(237) Using 8 workers of 8 for evacuation
[2021-04-17T22:31:48.183-0700][gc,phases     ] GC(237)   Pre Evacuate Collection Set: 0.0ms
[2021-04-17T22:31:48.184-0700][gc,phases     ] GC(237)   Evacuate Collection Set: 5.8ms
[2021-04-17T22:31:48.184-0700][gc,phases     ] GC(237)   Post Evacuate Collection Set: 0.5ms
[2021-04-17T22:31:48.184-0700][gc,phases     ] GC(237)   Other: 0.4ms
[2021-04-17T22:31:48.184-0700][gc,heap       ] GC(237) Eden regions: 610->0(610)
[2021-04-17T22:31:48.184-0700][gc,heap       ] GC(237) Survivor regions: 4->4(77)
[2021-04-17T22:31:48.184-0700][gc,heap       ] GC(237) Old regions: 105->105
[2021-04-17T22:31:48.184-0700][gc,heap       ] GC(237) Humongous regions: 129->129
[2021-04-17T22:31:48.184-0700][gc,metaspace  ] GC(237) Metaspace: 41371K->41371K(1087488K)
[2021-04-17T22:31:48.184-0700][gc            ] GC(237) Pause Young (Normal) (G1 Evacuation Pause) 845M->235M(1024M) 6.782ms
[2021-04-17T22:31:48.184-0700][gc,cpu        ] GC(237) User=0.04s Sys=0.00s Real=0.00s
[2021-04-17T22:35:08.292-0700][gc,start      ] GC(238) Pause Young (Normal) (G1 Evacuation Pause)
[2021-04-17T22:35:08.292-0700][gc,task       ] GC(238) Using 8 workers of 8 for evacuation
[2021-04-17T22:35:08.300-0700][gc,phases     ] GC(238)   Pre Evacuate Collection Set: 0.0ms
[2021-04-17T22:35:08.300-0700][gc,phases     ] GC(238)   Evacuate Collection Set: 6.0ms
[2021-04-17T22:35:08.300-0700][gc,phases     ] GC(238)   Post Evacuate Collection Set: 1.3ms
[2021-04-17T22:35:08.300-0700][gc,phases     ] GC(238)   Other: 0.5ms
[2021-04-17T22:35:08.300-0700][gc,heap       ] GC(238) Eden regions: 610->0(610)
[2021-04-17T22:35:08.300-0700][gc,heap       ] GC(238) Survivor regions: 4->4(77)
[2021-04-17T22:35:08.300-0700][gc,heap       ] GC(238) Old regions: 105->105
[2021-04-17T22:35:08.300-0700][gc,heap       ] GC(238) Humongous regions: 129->129
[2021-04-17T22:35:08.300-0700][gc,metaspace  ] GC(238) Metaspace: 41371K->41371K(1087488K)
[2021-04-17T22:35:08.300-0700][gc            ] GC(238) Pause Young (Normal) (G1 Evacuation Pause) 845M->235M(1024M) 7.973ms
[2021-04-17T22:35:08.300-0700][gc,cpu        ] GC(238) User=0.05s Sys=0.00s Real=0.01s
[2021-04-17T22:38:28.543-0700][gc,start      ] GC(239) Pause Young (Normal) (G1 Evacuation Pause)
[2021-04-17T22:38:28.543-0700][gc,task       ] GC(239) Using 8 workers of 8 for evacuation
[2021-04-17T22:38:28.550-0700][gc,phases     ] GC(239)   Pre Evacuate Collection Set: 0.0ms
[2021-04-17T22:38:28.550-0700][gc,phases     ] GC(239)   Evacuate Collection Set: 6.1ms
[2021-04-17T22:38:28.550-0700][gc,phases     ] GC(239)   Post Evacuate Collection Set: 1.3ms
[2021-04-17T22:38:28.550-0700][gc,phases     ] GC(239)   Other: 0.5ms
[2021-04-17T22:38:28.551-0700][gc,heap       ] GC(239) Eden regions: 610->0(610)
[2021-04-17T22:38:28.551-0700][gc,heap       ] GC(239) Survivor regions: 4->4(77)
[2021-04-17T22:38:28.551-0700][gc,heap       ] GC(239) Old regions: 105->105
[2021-04-17T22:38:28.551-0700][gc,heap       ] GC(239) Humongous regions: 129->129
[2021-04-17T22:38:28.551-0700][gc,metaspace  ] GC(239) Metaspace: 41371K->41371K(1087488K)
[2021-04-17T22:38:28.551-0700][gc            ] GC(239) Pause Young (Normal) (G1 Evacuation Pause) 845M->235M(1024M) 8.124ms
[2021-04-17T22:38:28.551-0700][gc,cpu        ] GC(239) User=0.06s Sys=0.00s Real=0.01s
[2021-04-17T22:41:48.459-0700][gc,start      ] GC(240) Pause Young (Normal) (G1 Evacuation Pause)
[2021-04-17T22:41:48.459-0700][gc,task       ] GC(240) Using 8 workers of 8 for evacuation
[2021-04-17T22:41:48.467-0700][gc,phases     ] GC(240)   Pre Evacuate Collection Set: 0.0ms
[2021-04-17T22:41:48.467-0700][gc,phases     ] GC(240)   Evacuate Collection Set: 6.2ms
[2021-04-17T22:41:48.467-0700][gc,phases     ] GC(240)   Post Evacuate Collection Set: 1.3ms
[2021-04-17T22:41:48.467-0700][gc,phases     ] GC(240)   Other: 0.5ms
[2021-04-17T22:41:48.467-0700][gc,heap       ] GC(240) Eden regions: 610->0(610)
[2021-04-17T22:41:48.467-0700][gc,heap       ] GC(240) Survivor regions: 4->4(77)
[2021-04-17T22:41:48.467-0700][gc,heap       ] GC(240) Old regions: 105->105
[2021-04-17T22:41:48.467-0700][gc,heap       ] GC(240) Humongous regions: 129->129
[2021-04-17T22:41:48.467-0700][gc,metaspace  ] GC(240) Metaspace: 41371K->41371K(1087488K)
[2021-04-17T22:41:48.467-0700][gc            ] GC(240) Pause Young (Normal) (G1 Evacuation Pause) 845M->235M(1024M) 8.224ms
[2021-04-17T22:41:48.467-0700][gc,cpu        ] GC(240) User=0.06s Sys=0.00s Real=0.00s
[2021-04-17T22:45:08.767-0700][gc,start      ] GC(241) Pause Young (Normal) (G1 Evacuation Pause)
[2021-04-17T22:45:08.767-0700][gc,task       ] GC(241) Using 8 workers of 8 for evacuation
[2021-04-17T22:45:08.775-0700][gc,phases     ] GC(241)   Pre Evacuate Collection Set: 0.0ms
[2021-04-17T22:45:08.775-0700][gc,phases     ] GC(241)   Evacuate Collection Set: 6.2ms
[2021-04-17T22:45:08.775-0700][gc,phases     ] GC(241)   Post Evacuate Collection Set: 1.3ms
[2021-04-17T22:45:08.775-0700][gc,phases     ] GC(241)   Other: 0.5ms
[2021-04-17T22:45:08.775-0700][gc,heap       ] GC(241) Eden regions: 610->0(610)
[2021-04-17T22:45:08.775-0700][gc,heap       ] GC(241) Survivor regions: 4->4(77)
[2021-04-17T22:45:08.775-0700][gc,heap       ] GC(241) Old regions: 105->105
[2021-04-17T22:45:08.775-0700][gc,heap       ] GC(241) Humongous regions: 129->129
[2021-04-17T22:45:08.775-0700][gc,metaspace  ] GC(241) Metaspace: 41371K->41371K(1087488K)
[2021-04-17T22:45:08.775-0700][gc            ] GC(241) Pause Young (Normal) (G1 Evacuation Pause) 845M->235M(1024M) 8.248ms
[2021-04-17T22:45:08.775-0700][gc,cpu        ] GC(241) User=0.05s Sys=0.00s Real=0.01s
[2021-04-17T22:48:28.843-0700][gc,start      ] GC(242) Pause Young (Normal) (G1 Evacuation Pause)
[2021-04-17T22:48:28.843-0700][gc,task       ] GC(242) Using 8 workers of 8 for evacuation
[2021-04-17T22:48:28.851-0700][gc,phases     ] GC(242)   Pre Evacuate Collection Set: 0.0ms
[2021-04-17T22:48:28.851-0700][gc,phases     ] GC(242)   Evacuate Collection Set: 6.4ms
[2021-04-17T22:48:28.851-0700][gc,phases     ] GC(242)   Post Evacuate Collection Set: 1.3ms
[2021-04-17T22:48:28.851-0700][gc,phases     ] GC(242)   Other: 0.5ms
[2021-04-17T22:48:28.851-0700][gc,heap       ] GC(242) Eden regions: 610->0(610)
[2021-04-17T22:48:28.851-0700][gc,heap       ] GC(242) Survivor regions: 4->4(77)
[2021-04-17T22:48:28.851-0700][gc,heap       ] GC(242) Old regions: 105->105
[2021-04-17T22:48:28.851-0700][gc,heap       ] GC(242) Humongous regions: 129->129
[2021-04-17T22:48:28.851-0700][gc,metaspace  ] GC(242) Metaspace: 41371K->41371K(1087488K)
[2021-04-17T22:48:28.851-0700][gc            ] GC(242) Pause Young (Normal) (G1 Evacuation Pause) 845M->235M(1024M) 8.406ms
[2021-04-17T22:48:28.851-0700][gc,cpu        ] GC(242) User=0.05s Sys=0.00s Real=0.01s
[2021-04-17T22:51:49.037-0700][gc,start      ] GC(243) Pause Young (Normal) (G1 Evacuation Pause)
[2021-04-17T22:51:49.037-0700][gc,task       ] GC(243) Using 8 workers of 8 for evacuation
[2021-04-17T22:51:49.045-0700][gc,phases     ] GC(243)   Pre Evacuate Collection Set: 0.0ms
[2021-04-17T22:51:49.045-0700][gc,phases     ] GC(243)   Evacuate Collection Set: 6.3ms
[2021-04-17T22:51:49.045-0700][gc,phases     ] GC(243)   Post Evacuate Collection Set: 1.3ms
[2021-04-17T22:51:49.045-0700][gc,phases     ] GC(243)   Other: 0.5ms
[2021-04-17T22:51:49.045-0700][gc,heap       ] GC(243) Eden regions: 610->0(610)
[2021-04-17T22:51:49.045-0700][gc,heap       ] GC(243) Survivor regions: 4->4(77)
[2021-04-17T22:51:49.045-0700][gc,heap       ] GC(243) Old regions: 105->105
[2021-04-17T22:51:49.045-0700][gc,heap       ] GC(243) Humongous regions: 129->129
[2021-04-17T22:51:49.045-0700][gc,metaspace  ] GC(243) Metaspace: 41371K->41371K(1087488K)
[2021-04-17T22:51:49.045-0700][gc            ] GC(243) Pause Young (Normal) (G1 Evacuation Pause) 845M->235M(1024M) 8.407ms
[2021-04-17T22:51:49.045-0700][gc,cpu        ] GC(243) User=0.05s Sys=0.00s Real=0.00s
[2021-04-17T22:55:08.104-0700][gc,start      ] GC(244) Pause Young (Normal) (G1 Evacuation Pause)
[2021-04-17T22:55:08.104-0700][gc,task       ] GC(244) Using 8 workers of 8 for evacuation
[2021-04-17T22:55:08.110-0700][gc,phases     ] GC(244)   Pre Evacuate Collection Set: 0.0ms
[2021-04-17T22:55:08.110-0700][gc,phases     ] GC(244)   Evacuate Collection Set: 5.7ms
[2021-04-17T22:55:08.110-0700][gc,phases     ] GC(244)   Post Evacuate Collection Set: 0.7ms
[2021-04-17T22:55:08.110-0700][gc,phases     ] GC(244)   Other: 0.4ms
[2021-04-17T22:55:08.110-0700][gc,heap       ] GC(244) Eden regions: 610->0(610)
[2021-04-17T22:55:08.110-0700][gc,heap       ] GC(244) Survivor regions: 4->4(77)
[2021-04-17T22:55:08.111-0700][gc,heap       ] GC(244) Old regions: 105->105
[2021-04-17T22:55:08.111-0700][gc,heap       ] GC(244) Humongous regions: 129->129
[2021-04-17T22:55:08.111-0700][gc,metaspace  ] GC(244) Metaspace: 41372K->41372K(1087488K)
[2021-04-17T22:55:08.111-0700][gc            ] GC(244) Pause Young (Normal) (G1 Evacuation Pause) 845M->235M(1024M) 6.857ms
[2021-04-17T22:55:08.111-0700][gc,cpu        ] GC(244) User=0.05s Sys=0.00s Real=0.01s
[2021-04-17T22:58:28.430-0700][gc,start      ] GC(245) Pause Young (Normal) (G1 Evacuation Pause)
[2021-04-17T22:58:28.430-0700][gc,task       ] GC(245) Using 8 workers of 8 for evacuation
[2021-04-17T22:58:28.437-0700][gc,phases     ] GC(245)   Pre Evacuate Collection Set: 0.0ms
[2021-04-17T22:58:28.437-0700][gc,phases     ] GC(245)   Evacuate Collection Set: 5.7ms
[2021-04-17T22:58:28.437-0700][gc,phases     ] GC(245)   Post Evacuate Collection Set: 1.1ms
[2021-04-17T22:58:28.437-0700][gc,phases     ] GC(245)   Other: 0.5ms
[2021-04-17T22:58:28.437-0700][gc,heap       ] GC(245) Eden regions: 610->0(610)
[2021-04-17T22:58:28.437-0700][gc,heap       ] GC(245) Survivor regions: 4->4(77)
[2021-04-17T22:58:28.437-0700][gc,heap       ] GC(245) Old regions: 105->105
[2021-04-17T22:58:28.437-0700][gc,heap       ] GC(245) Humongous regions: 129->129
[2021-04-17T22:58:28.437-0700][gc,metaspace  ] GC(245) Metaspace: 41372K->41372K(1087488K)
[2021-04-17T22:58:28.437-0700][gc            ] GC(245) Pause Young (Normal) (G1 Evacuation Pause) 845M->235M(1024M) 7.574ms
[2021-04-17T22:58:28.438-0700][gc,cpu        ] GC(245) User=0.04s Sys=0.01s Real=0.01s
[2021-04-17T23:01:48.637-0700][gc,start      ] GC(246) Pause Young (Normal) (G1 Evacuation Pause)
[2021-04-17T23:01:48.637-0700][gc,task       ] GC(246) Using 8 workers of 8 for evacuation
[2021-04-17T23:01:48.644-0700][gc,phases     ] GC(246)   Pre Evacuate Collection Set: 0.0ms
[2021-04-17T23:01:48.645-0700][gc,phases     ] GC(246)   Evacuate Collection Set: 5.8ms
[2021-04-17T23:01:48.645-0700][gc,phases     ] GC(246)   Post Evacuate Collection Set: 1.1ms
[2021-04-17T23:01:48.645-0700][gc,phases     ] GC(246)   Other: 0.5ms
[2021-04-17T23:01:48.645-0700][gc,heap       ] GC(246) Eden regions: 610->0(610)
[2021-04-17T23:01:48.645-0700][gc,heap       ] GC(246) Survivor regions: 4->4(77)
[2021-04-17T23:01:48.645-0700][gc,heap       ] GC(246) Old regions: 105->105
[2021-04-17T23:01:48.645-0700][gc,heap       ] GC(246) Humongous regions: 129->129
[2021-04-17T23:01:48.645-0700][gc,metaspace  ] GC(246) Metaspace: 41372K->41372K(1087488K)
[2021-04-17T23:01:48.645-0700][gc            ] GC(246) Pause Young (Normal) (G1 Evacuation Pause) 845M->235M(1024M) 7.635ms
[2021-04-17T23:01:48.645-0700][gc,cpu        ] GC(246) User=0.04s Sys=0.01s Real=0.00s
[2021-04-17T23:05:08.835-0700][gc,start      ] GC(247) Pause Young (Normal) (G1 Evacuation Pause)
[2021-04-17T23:05:08.835-0700][gc,task       ] GC(247) Using 8 workers of 8 for evacuation
[2021-04-17T23:05:08.843-0700][gc,phases     ] GC(247)   Pre Evacuate Collection Set: 0.0ms
[2021-04-17T23:05:08.843-0700][gc,phases     ] GC(247)   Evacuate Collection Set: 6.4ms
[2021-04-17T23:05:08.843-0700][gc,phases     ] GC(247)   Post Evacuate Collection Set: 1.3ms
[2021-04-17T23:05:08.843-0700][gc,phases     ] GC(247)   Other: 0.5ms
[2021-04-17T23:05:08.843-0700][gc,heap       ] GC(247) Eden regions: 610->0(610)
[2021-04-17T23:05:08.843-0700][gc,heap       ] GC(247) Survivor regions: 4->4(77)
[2021-04-17T23:05:08.843-0700][gc,heap       ] GC(247) Old regions: 105->105
[2021-04-17T23:05:08.844-0700][gc,heap       ] GC(247) Humongous regions: 129->129
[2021-04-17T23:05:08.844-0700][gc,metaspace  ] GC(247) Metaspace: 41373K->41373K(1087488K)
[2021-04-17T23:05:08.844-0700][gc            ] GC(247) Pause Young (Normal) (G1 Evacuation Pause) 845M->236M(1024M) 8.388ms
[2021-04-17T23:05:08.844-0700][gc,cpu        ] GC(247) User=0.06s Sys=0.00s Real=0.01s
[2021-04-17T23:08:28.810-0700][gc,start      ] GC(248) Pause Young (Normal) (G1 Evacuation Pause)
[2021-04-17T23:08:28.810-0700][gc,task       ] GC(248) Using 8 workers of 8 for evacuation
[2021-04-17T23:08:28.818-0700][gc,phases     ] GC(248)   Pre Evacuate Collection Set: 0.0ms
[2021-04-17T23:08:28.818-0700][gc,phases     ] GC(248)   Evacuate Collection Set: 6.1ms
[2021-04-17T23:08:28.818-0700][gc,phases     ] GC(248)   Post Evacuate Collection Set: 1.1ms
[2021-04-17T23:08:28.818-0700][gc,phases     ] GC(248)   Other: 0.5ms
[2021-04-17T23:08:28.818-0700][gc,heap       ] GC(248) Eden regions: 610->0(610)
[2021-04-17T23:08:28.818-0700][gc,heap       ] GC(248) Survivor regions: 4->4(77)
[2021-04-17T23:08:28.818-0700][gc,heap       ] GC(248) Old regions: 105->105
[2021-04-17T23:08:28.818-0700][gc,heap       ] GC(248) Humongous regions: 129->129
[2021-04-17T23:08:28.818-0700][gc,metaspace  ] GC(248) Metaspace: 41373K->41373K(1087488K)
[2021-04-17T23:08:28.818-0700][gc            ] GC(248) Pause Young (Normal) (G1 Evacuation Pause) 846M->236M(1024M) 7.996ms
[2021-04-17T23:08:28.818-0700][gc,cpu        ] GC(248) User=0.04s Sys=0.01s Real=0.01s
[2021-04-17T23:11:49.016-0700][gc,start      ] GC(249) Pause Young (Normal) (G1 Evacuation Pause)
[2021-04-17T23:11:49.016-0700][gc,task       ] GC(249) Using 8 workers of 8 for evacuation
[2021-04-17T23:11:49.024-0700][gc,phases     ] GC(249)   Pre Evacuate Collection Set: 0.0ms
[2021-04-17T23:11:49.024-0700][gc,phases     ] GC(249)   Evacuate Collection Set: 6.3ms
[2021-04-17T23:11:49.024-0700][gc,phases     ] GC(249)   Post Evacuate Collection Set: 1.3ms
[2021-04-17T23:11:49.024-0700][gc,phases     ] GC(249)   Other: 0.5ms
[2021-04-17T23:11:49.024-0700][gc,heap       ] GC(249) Eden regions: 610->0(610)
[2021-04-17T23:11:49.024-0700][gc,heap       ] GC(249) Survivor regions: 4->4(77)
[2021-04-17T23:11:49.024-0700][gc,heap       ] GC(249) Old regions: 105->105
[2021-04-17T23:11:49.024-0700][gc,heap       ] GC(249) Humongous regions: 129->129
[2021-04-17T23:11:49.024-0700][gc,metaspace  ] GC(249) Metaspace: 41373K->41373K(1087488K)
[2021-04-17T23:11:49.024-0700][gc            ] GC(249) Pause Young (Normal) (G1 Evacuation Pause) 846M->236M(1024M) 8.326ms
[2021-04-17T23:11:49.024-0700][gc,cpu        ] GC(249) User=0.05s Sys=0.00s Real=0.01s
[2021-04-17T23:15:09.171-0700][gc,start      ] GC(250) Pause Young (Normal) (G1 Evacuation Pause)
[2021-04-17T23:15:09.171-0700][gc,task       ] GC(250) Using 8 workers of 8 for evacuation
[2021-04-17T23:15:09.179-0700][gc,phases     ] GC(250)   Pre Evacuate Collection Set: 0.0ms
[2021-04-17T23:15:09.179-0700][gc,phases     ] GC(250)   Evacuate Collection Set: 6.3ms
[2021-04-17T23:15:09.179-0700][gc,phases     ] GC(250)   Post Evacuate Collection Set: 1.0ms
[2021-04-17T23:15:09.179-0700][gc,phases     ] GC(250)   Other: 0.5ms
[2021-04-17T23:15:09.179-0700][gc,heap       ] GC(250) Eden regions: 610->0(610)
[2021-04-17T23:15:09.179-0700][gc,heap       ] GC(250) Survivor regions: 4->4(77)
[2021-04-17T23:15:09.179-0700][gc,heap       ] GC(250) Old regions: 105->105
[2021-04-17T23:15:09.179-0700][gc,heap       ] GC(250) Humongous regions: 129->129
[2021-04-17T23:15:09.179-0700][gc,metaspace  ] GC(250) Metaspace: 41374K->41374K(1087488K)
[2021-04-17T23:15:09.179-0700][gc            ] GC(250) Pause Young (Normal) (G1 Evacuation Pause) 846M->236M(1024M) 8.103ms
[2021-04-17T23:15:09.179-0700][gc,cpu        ] GC(250) User=0.05s Sys=0.00s Real=0.01s
[2021-04-17T23:18:29.335-0700][gc,start      ] GC(251) Pause Young (Normal) (G1 Evacuation Pause)
[2021-04-17T23:18:29.335-0700][gc,task       ] GC(251) Using 8 workers of 8 for evacuation
[2021-04-17T23:18:29.341-0700][gc,phases     ] GC(251)   Pre Evacuate Collection Set: 0.0ms
[2021-04-17T23:18:29.341-0700][gc,phases     ] GC(251)   Evacuate Collection Set: 4.7ms
[2021-04-17T23:18:29.341-0700][gc,phases     ] GC(251)   Post Evacuate Collection Set: 1.3ms
[2021-04-17T23:18:29.341-0700][gc,phases     ] GC(251)   Other: 0.5ms
[2021-04-17T23:18:29.341-0700][gc,heap       ] GC(251) Eden regions: 610->0(611)
[2021-04-17T23:18:29.341-0700][gc,heap       ] GC(251) Survivor regions: 4->3(77)
[2021-04-17T23:18:29.341-0700][gc,heap       ] GC(251) Old regions: 105->105
[2021-04-17T23:18:29.341-0700][gc,heap       ] GC(251) Humongous regions: 129->129
[2021-04-17T23:18:29.341-0700][gc,metaspace  ] GC(251) Metaspace: 41383K->41383K(1087488K)
[2021-04-17T23:18:29.342-0700][gc            ] GC(251) Pause Young (Normal) (G1 Evacuation Pause) 846M->234M(1024M) 6.710ms
[2021-04-17T23:18:29.342-0700][gc,cpu        ] GC(251) User=0.04s Sys=0.00s Real=0.01s
[2021-04-17T23:21:49.936-0700][gc,start      ] GC(252) Pause Young (Normal) (G1 Evacuation Pause)
[2021-04-17T23:21:49.937-0700][gc,task       ] GC(252) Using 8 workers of 8 for evacuation
[2021-04-17T23:21:49.943-0700][gc,phases     ] GC(252)   Pre Evacuate Collection Set: 0.0ms
[2021-04-17T23:21:49.943-0700][gc,phases     ] GC(252)   Evacuate Collection Set: 4.7ms
[2021-04-17T23:21:49.943-0700][gc,phases     ] GC(252)   Post Evacuate Collection Set: 1.2ms
[2021-04-17T23:21:49.943-0700][gc,phases     ] GC(252)   Other: 0.6ms
[2021-04-17T23:21:49.943-0700][gc,heap       ] GC(252) Eden regions: 611->0(611)
[2021-04-17T23:21:49.943-0700][gc,heap       ] GC(252) Survivor regions: 3->3(77)
[2021-04-17T23:21:49.943-0700][gc,heap       ] GC(252) Old regions: 105->105
[2021-04-17T23:21:49.943-0700][gc,heap       ] GC(252) Humongous regions: 129->129
[2021-04-17T23:21:49.943-0700][gc,metaspace  ] GC(252) Metaspace: 41383K->41383K(1087488K)
[2021-04-17T23:21:49.943-0700][gc            ] GC(252) Pause Young (Normal) (G1 Evacuation Pause) 845M->234M(1024M) 6.696ms
[2021-04-17T23:21:49.943-0700][gc,cpu        ] GC(252) User=0.04s Sys=0.00s Real=0.01s
[2021-04-17T23:25:10.553-0700][gc,start      ] GC(253) Pause Young (Normal) (G1 Evacuation Pause)
[2021-04-17T23:25:10.553-0700][gc,task       ] GC(253) Using 8 workers of 8 for evacuation
[2021-04-17T23:25:10.560-0700][gc,phases     ] GC(253)   Pre Evacuate Collection Set: 0.0ms
[2021-04-17T23:25:10.560-0700][gc,phases     ] GC(253)   Evacuate Collection Set: 5.3ms
[2021-04-17T23:25:10.560-0700][gc,phases     ] GC(253)   Post Evacuate Collection Set: 1.3ms
[2021-04-17T23:25:10.560-0700][gc,phases     ] GC(253)   Other: 0.5ms
[2021-04-17T23:25:10.560-0700][gc,heap       ] GC(253) Eden regions: 611->0(611)
[2021-04-17T23:25:10.560-0700][gc,heap       ] GC(253) Survivor regions: 3->3(77)
[2021-04-17T23:25:10.560-0700][gc,heap       ] GC(253) Old regions: 105->105
[2021-04-17T23:25:10.560-0700][gc,heap       ] GC(253) Humongous regions: 129->129
[2021-04-17T23:25:10.560-0700][gc,metaspace  ] GC(253) Metaspace: 41391K->41391K(1087488K)
[2021-04-17T23:25:10.560-0700][gc            ] GC(253) Pause Young (Normal) (G1 Evacuation Pause) 845M->235M(1024M) 7.308ms
[2021-04-17T23:25:10.560-0700][gc,cpu        ] GC(253) User=0.04s Sys=0.01s Real=0.01s
[2021-04-17T23:28:31.065-0700][gc,start      ] GC(254) Pause Young (Normal) (G1 Evacuation Pause)
[2021-04-17T23:28:31.066-0700][gc,task       ] GC(254) Using 8 workers of 8 for evacuation
[2021-04-17T23:28:31.072-0700][gc,phases     ] GC(254)   Pre Evacuate Collection Set: 0.0ms
[2021-04-17T23:28:31.072-0700][gc,phases     ] GC(254)   Evacuate Collection Set: 5.2ms
[2021-04-17T23:28:31.072-0700][gc,phases     ] GC(254)   Post Evacuate Collection Set: 1.1ms
[2021-04-17T23:28:31.072-0700][gc,phases     ] GC(254)   Other: 0.5ms
[2021-04-17T23:28:31.072-0700][gc,heap       ] GC(254) Eden regions: 611->0(611)
[2021-04-17T23:28:31.072-0700][gc,heap       ] GC(254) Survivor regions: 3->3(77)
[2021-04-17T23:28:31.073-0700][gc,heap       ] GC(254) Old regions: 105->105
[2021-04-17T23:28:31.073-0700][gc,heap       ] GC(254) Humongous regions: 129->129
[2021-04-17T23:28:31.073-0700][gc,metaspace  ] GC(254) Metaspace: 41396K->41396K(1087488K)
[2021-04-17T23:28:31.073-0700][gc            ] GC(254) Pause Young (Normal) (G1 Evacuation Pause) 846M->235M(1024M) 7.122ms
[2021-04-17T23:28:31.073-0700][gc,cpu        ] GC(254) User=0.04s Sys=0.00s Real=0.01s
[2021-04-17T23:31:51.427-0700][gc,start      ] GC(255) Pause Young (Normal) (G1 Evacuation Pause)
[2021-04-17T23:31:51.427-0700][gc,task       ] GC(255) Using 8 workers of 8 for evacuation
[2021-04-17T23:31:51.434-0700][gc,phases     ] GC(255)   Pre Evacuate Collection Set: 0.0ms
[2021-04-17T23:31:51.434-0700][gc,phases     ] GC(255)   Evacuate Collection Set: 5.4ms
[2021-04-17T23:31:51.434-0700][gc,phases     ] GC(255)   Post Evacuate Collection Set: 1.2ms
[2021-04-17T23:31:51.434-0700][gc,phases     ] GC(255)   Other: 0.5ms
[2021-04-17T23:31:51.434-0700][gc,heap       ] GC(255) Eden regions: 611->0(611)
[2021-04-17T23:31:51.434-0700][gc,heap       ] GC(255) Survivor regions: 3->3(77)
[2021-04-17T23:31:51.434-0700][gc,heap       ] GC(255) Old regions: 105->105
[2021-04-17T23:31:51.435-0700][gc,heap       ] GC(255) Humongous regions: 129->129
[2021-04-17T23:31:51.435-0700][gc,metaspace  ] GC(255) Metaspace: 41396K->41396K(1087488K)
[2021-04-17T23:31:51.435-0700][gc            ] GC(255) Pause Young (Normal) (G1 Evacuation Pause) 846M->235M(1024M) 7.350ms
[2021-04-17T23:31:51.435-0700][gc,cpu        ] GC(255) User=0.05s Sys=0.00s Real=0.01s
[2021-04-17T23:35:11.933-0700][gc,start      ] GC(256) Pause Young (Normal) (G1 Evacuation Pause)
[2021-04-17T23:35:11.933-0700][gc,task       ] GC(256) Using 8 workers of 8 for evacuation
[2021-04-17T23:35:11.940-0700][gc,phases     ] GC(256)   Pre Evacuate Collection Set: 0.0ms
[2021-04-17T23:35:11.940-0700][gc,phases     ] GC(256)   Evacuate Collection Set: 5.5ms
[2021-04-17T23:35:11.940-0700][gc,phases     ] GC(256)   Post Evacuate Collection Set: 1.1ms
[2021-04-17T23:35:11.940-0700][gc,phases     ] GC(256)   Other: 0.5ms
[2021-04-17T23:35:11.940-0700][gc,heap       ] GC(256) Eden regions: 611->0(610)
[2021-04-17T23:35:11.940-0700][gc,heap       ] GC(256) Survivor regions: 3->4(77)
[2021-04-17T23:35:11.940-0700][gc,heap       ] GC(256) Old regions: 105->105
[2021-04-17T23:35:11.940-0700][gc,heap       ] GC(256) Humongous regions: 129->129
[2021-04-17T23:35:11.940-0700][gc,metaspace  ] GC(256) Metaspace: 41402K->41402K(1087488K)
[2021-04-17T23:35:11.940-0700][gc            ] GC(256) Pause Young (Normal) (G1 Evacuation Pause) 846M->235M(1024M) 7.280ms
[2021-04-17T23:35:11.940-0700][gc,cpu        ] GC(256) User=0.04s Sys=0.00s Real=0.01s
[2021-04-17T23:38:31.885-0700][gc,start      ] GC(257) Pause Young (Normal) (G1 Evacuation Pause)
[2021-04-17T23:38:31.885-0700][gc,task       ] GC(257) Using 8 workers of 8 for evacuation
[2021-04-17T23:38:31.891-0700][gc,phases     ] GC(257)   Pre Evacuate Collection Set: 0.0ms
[2021-04-17T23:38:31.891-0700][gc,phases     ] GC(257)   Evacuate Collection Set: 5.4ms
[2021-04-17T23:38:31.891-0700][gc,phases     ] GC(257)   Post Evacuate Collection Set: 0.8ms
[2021-04-17T23:38:31.891-0700][gc,phases     ] GC(257)   Other: 0.5ms
[2021-04-17T23:38:31.891-0700][gc,heap       ] GC(257) Eden regions: 610->0(611)
[2021-04-17T23:38:31.891-0700][gc,heap       ] GC(257) Survivor regions: 4->3(77)
[2021-04-17T23:38:31.891-0700][gc,heap       ] GC(257) Old regions: 105->105
[2021-04-17T23:38:31.891-0700][gc,heap       ] GC(257) Humongous regions: 129->129
[2021-04-17T23:38:31.891-0700][gc,metaspace  ] GC(257) Metaspace: 41402K->41402K(1087488K)
[2021-04-17T23:38:31.891-0700][gc            ] GC(257) Pause Young (Normal) (G1 Evacuation Pause) 845M->235M(1024M) 6.706ms
[2021-04-17T23:38:31.891-0700][gc,cpu        ] GC(257) User=0.04s Sys=0.01s Real=0.01s
[2021-04-17T23:41:52.425-0700][gc,start      ] GC(258) Pause Young (Normal) (G1 Evacuation Pause)
[2021-04-17T23:41:52.425-0700][gc,task       ] GC(258) Using 8 workers of 8 for evacuation
[2021-04-17T23:41:52.431-0700][gc,phases     ] GC(258)   Pre Evacuate Collection Set: 0.0ms
[2021-04-17T23:41:52.431-0700][gc,phases     ] GC(258)   Evacuate Collection Set: 4.9ms
[2021-04-17T23:41:52.431-0700][gc,phases     ] GC(258)   Post Evacuate Collection Set: 0.6ms
[2021-04-17T23:41:52.431-0700][gc,phases     ] GC(258)   Other: 0.4ms
[2021-04-17T23:41:52.431-0700][gc,heap       ] GC(258) Eden regions: 611->0(611)
[2021-04-17T23:41:52.431-0700][gc,heap       ] GC(258) Survivor regions: 3->3(77)
[2021-04-17T23:41:52.431-0700][gc,heap       ] GC(258) Old regions: 105->105
[2021-04-17T23:41:52.431-0700][gc,heap       ] GC(258) Humongous regions: 129->129
[2021-04-17T23:41:52.431-0700][gc,metaspace  ] GC(258) Metaspace: 41402K->41402K(1087488K)
[2021-04-17T23:41:52.431-0700][gc            ] GC(258) Pause Young (Normal) (G1 Evacuation Pause) 846M->235M(1024M) 5.985ms
[2021-04-17T23:41:52.431-0700][gc,cpu        ] GC(258) User=0.04s Sys=0.00s Real=0.01s
[2021-04-17T23:45:12.646-0700][gc,start      ] GC(259) Pause Young (Normal) (G1 Evacuation Pause)
[2021-04-17T23:45:12.646-0700][gc,task       ] GC(259) Using 8 workers of 8 for evacuation
[2021-04-17T23:45:12.653-0700][gc,phases     ] GC(259)   Pre Evacuate Collection Set: 0.0ms
[2021-04-17T23:45:12.653-0700][gc,phases     ] GC(259)   Evacuate Collection Set: 5.6ms
[2021-04-17T23:45:12.653-0700][gc,phases     ] GC(259)   Post Evacuate Collection Set: 1.4ms
[2021-04-17T23:45:12.653-0700][gc,phases     ] GC(259)   Other: 0.5ms
[2021-04-17T23:45:12.653-0700][gc,heap       ] GC(259) Eden regions: 611->0(610)
[2021-04-17T23:45:12.653-0700][gc,heap       ] GC(259) Survivor regions: 3->4(77)
[2021-04-17T23:45:12.653-0700][gc,heap       ] GC(259) Old regions: 105->105
[2021-04-17T23:45:12.653-0700][gc,heap       ] GC(259) Humongous regions: 129->129
[2021-04-17T23:45:12.653-0700][gc,metaspace  ] GC(259) Metaspace: 41403K->41403K(1087488K)
[2021-04-17T23:45:12.653-0700][gc            ] GC(259) Pause Young (Normal) (G1 Evacuation Pause) 846M->235M(1024M) 7.674ms
[2021-04-17T23:45:12.653-0700][gc,cpu        ] GC(259) User=0.05s Sys=0.00s Real=0.01s
[2021-04-17T23:48:32.649-0700][gc,start      ] GC(260) Pause Young (Normal) (G1 Evacuation Pause)
[2021-04-17T23:48:32.649-0700][gc,task       ] GC(260) Using 8 workers of 8 for evacuation
[2021-04-17T23:48:32.656-0700][gc,phases     ] GC(260)   Pre Evacuate Collection Set: 0.0ms
[2021-04-17T23:48:32.656-0700][gc,phases     ] GC(260)   Evacuate Collection Set: 5.6ms
[2021-04-17T23:48:32.656-0700][gc,phases     ] GC(260)   Post Evacuate Collection Set: 1.2ms
[2021-04-17T23:48:32.656-0700][gc,phases     ] GC(260)   Other: 0.5ms
[2021-04-17T23:48:32.656-0700][gc,heap       ] GC(260) Eden regions: 610->0(610)
[2021-04-17T23:48:32.656-0700][gc,heap       ] GC(260) Survivor regions: 4->4(77)
[2021-04-17T23:48:32.656-0700][gc,heap       ] GC(260) Old regions: 105->105
[2021-04-17T23:48:32.656-0700][gc,heap       ] GC(260) Humongous regions: 129->129
[2021-04-17T23:48:32.656-0700][gc,metaspace  ] GC(260) Metaspace: 41403K->41403K(1087488K)
[2021-04-17T23:48:32.656-0700][gc            ] GC(260) Pause Young (Normal) (G1 Evacuation Pause) 845M->235M(1024M) 7.471ms
[2021-04-17T23:48:32.656-0700][gc,cpu        ] GC(260) User=0.04s Sys=0.01s Real=0.01s
[2021-04-17T23:51:53.048-0700][gc,start      ] GC(261) Pause Young (Normal) (G1 Evacuation Pause)
[2021-04-17T23:51:53.048-0700][gc,task       ] GC(261) Using 8 workers of 8 for evacuation
[2021-04-17T23:51:53.056-0700][gc,phases     ] GC(261)   Pre Evacuate Collection Set: 0.0ms
[2021-04-17T23:51:53.056-0700][gc,phases     ] GC(261)   Evacuate Collection Set: 5.9ms
[2021-04-17T23:51:53.056-0700][gc,phases     ] GC(261)   Post Evacuate Collection Set: 1.1ms
[2021-04-17T23:51:53.056-0700][gc,phases     ] GC(261)   Other: 0.5ms
[2021-04-17T23:51:53.056-0700][gc,heap       ] GC(261) Eden regions: 610->0(610)
[2021-04-17T23:51:53.056-0700][gc,heap       ] GC(261) Survivor regions: 4->4(77)
[2021-04-17T23:51:53.056-0700][gc,heap       ] GC(261) Old regions: 105->105
[2021-04-17T23:51:53.056-0700][gc,heap       ] GC(261) Humongous regions: 129->129
[2021-04-17T23:51:53.056-0700][gc,metaspace  ] GC(261) Metaspace: 41403K->41403K(1087488K)
[2021-04-17T23:51:53.056-0700][gc            ] GC(261) Pause Young (Normal) (G1 Evacuation Pause) 845M->235M(1024M) 7.693ms
[2021-04-17T23:51:53.056-0700][gc,cpu        ] GC(261) User=0.05s Sys=0.00s Real=0.01s
[2021-04-17T23:55:12.486-0700][gc,start      ] GC(262) Pause Young (Normal) (G1 Evacuation Pause)
[2021-04-17T23:55:12.486-0700][gc,task       ] GC(262) Using 8 workers of 8 for evacuation
[2021-04-17T23:55:12.493-0700][gc,phases     ] GC(262)   Pre Evacuate Collection Set: 0.0ms
[2021-04-17T23:55:12.493-0700][gc,phases     ] GC(262)   Evacuate Collection Set: 5.4ms
[2021-04-17T23:55:12.493-0700][gc,phases     ] GC(262)   Post Evacuate Collection Set: 1.1ms
[2021-04-17T23:55:12.493-0700][gc,phases     ] GC(262)   Other: 0.5ms
[2021-04-17T23:55:12.493-0700][gc,heap       ] GC(262) Eden regions: 610->0(611)
[2021-04-17T23:55:12.493-0700][gc,heap       ] GC(262) Survivor regions: 4->3(77)
[2021-04-17T23:55:12.493-0700][gc,heap       ] GC(262) Old regions: 105->106
[2021-04-17T23:55:12.493-0700][gc,heap       ] GC(262) Humongous regions: 129->129
[2021-04-17T23:55:12.494-0700][gc,metaspace  ] GC(262) Metaspace: 41407K->41407K(1087488K)
[2021-04-17T23:55:12.494-0700][gc            ] GC(262) Pause Young (Normal) (G1 Evacuation Pause) 845M->235M(1024M) 7.251ms
[2021-04-17T23:55:12.494-0700][gc,cpu        ] GC(262) User=0.04s Sys=0.01s Real=0.01s
[2021-04-17T23:58:33.005-0700][gc,start      ] GC(263) Pause Young (Normal) (G1 Evacuation Pause)
[2021-04-17T23:58:33.005-0700][gc,task       ] GC(263) Using 8 workers of 8 for evacuation
[2021-04-17T23:58:33.012-0700][gc,phases     ] GC(263)   Pre Evacuate Collection Set: 0.0ms
[2021-04-17T23:58:33.012-0700][gc,phases     ] GC(263)   Evacuate Collection Set: 5.5ms
[2021-04-17T23:58:33.012-0700][gc,phases     ] GC(263)   Post Evacuate Collection Set: 1.1ms
[2021-04-17T23:58:33.012-0700][gc,phases     ] GC(263)   Other: 0.5ms
[2021-04-17T23:58:33.012-0700][gc,heap       ] GC(263) Eden regions: 611->0(611)
[2021-04-17T23:58:33.012-0700][gc,heap       ] GC(263) Survivor regions: 3->3(77)
[2021-04-17T23:58:33.012-0700][gc,heap       ] GC(263) Old regions: 106->106
[2021-04-17T23:58:33.012-0700][gc,heap       ] GC(263) Humongous regions: 129->129
[2021-04-17T23:58:33.012-0700][gc,metaspace  ] GC(263) Metaspace: 41407K->41407K(1087488K)
[2021-04-17T23:58:33.012-0700][gc            ] GC(263) Pause Young (Normal) (G1 Evacuation Pause) 846M->235M(1024M) 7.382ms
[2021-04-17T23:58:33.012-0700][gc,cpu        ] GC(263) User=0.05s Sys=0.00s Real=0.01s
[2021-04-18T00:01:53.333-0700][gc,start      ] GC(264) Pause Young (Normal) (G1 Evacuation Pause)
[2021-04-18T00:01:53.333-0700][gc,task       ] GC(264) Using 8 workers of 8 for evacuation
[2021-04-18T00:01:53.341-0700][gc,phases     ] GC(264)   Pre Evacuate Collection Set: 0.0ms
[2021-04-18T00:01:53.341-0700][gc,phases     ] GC(264)   Evacuate Collection Set: 5.8ms
[2021-04-18T00:01:53.341-0700][gc,phases     ] GC(264)   Post Evacuate Collection Set: 1.1ms
[2021-04-18T00:01:53.341-0700][gc,phases     ] GC(264)   Other: 0.5ms
[2021-04-18T00:01:53.341-0700][gc,heap       ] GC(264) Eden regions: 611->0(610)
[2021-04-18T00:01:53.341-0700][gc,heap       ] GC(264) Survivor regions: 3->4(77)
[2021-04-18T00:01:53.341-0700][gc,heap       ] GC(264) Old regions: 106->106
[2021-04-18T00:01:53.341-0700][gc,heap       ] GC(264) Humongous regions: 129->129
[2021-04-18T00:01:53.341-0700][gc,metaspace  ] GC(264) Metaspace: 41407K->41407K(1087488K)
[2021-04-18T00:01:53.341-0700][gc            ] GC(264) Pause Young (Normal) (G1 Evacuation Pause) 846M->235M(1024M) 7.647ms
[2021-04-18T00:01:53.341-0700][gc,cpu        ] GC(264) User=0.05s Sys=0.00s Real=0.01s
[2021-04-18T00:05:13.433-0700][gc,start      ] GC(265) Pause Young (Normal) (G1 Evacuation Pause)
[2021-04-18T00:05:13.433-0700][gc,task       ] GC(265) Using 8 workers of 8 for evacuation
[2021-04-18T00:05:13.441-0700][gc,phases     ] GC(265)   Pre Evacuate Collection Set: 0.0ms
[2021-04-18T00:05:13.441-0700][gc,phases     ] GC(265)   Evacuate Collection Set: 6.1ms
[2021-04-18T00:05:13.441-0700][gc,phases     ] GC(265)   Post Evacuate Collection Set: 1.2ms
[2021-04-18T00:05:13.441-0700][gc,phases     ] GC(265)   Other: 0.5ms
[2021-04-18T00:05:13.441-0700][gc,heap       ] GC(265) Eden regions: 610->0(610)
[2021-04-18T00:05:13.441-0700][gc,heap       ] GC(265) Survivor regions: 4->4(77)
[2021-04-18T00:05:13.441-0700][gc,heap       ] GC(265) Old regions: 106->106
[2021-04-18T00:05:13.441-0700][gc,heap       ] GC(265) Humongous regions: 129->129
[2021-04-18T00:05:13.441-0700][gc,metaspace  ] GC(265) Metaspace: 41413K->41413K(1087488K)
[2021-04-18T00:05:13.441-0700][gc            ] GC(265) Pause Young (Normal) (G1 Evacuation Pause) 845M->236M(1024M) 8.119ms
[2021-04-18T00:05:13.441-0700][gc,cpu        ] GC(265) User=0.05s Sys=0.00s Real=0.01s
[2021-04-18T00:08:33.435-0700][gc,start      ] GC(266) Pause Young (Normal) (G1 Evacuation Pause)
[2021-04-18T00:08:33.435-0700][gc,task       ] GC(266) Using 8 workers of 8 for evacuation
[2021-04-18T00:08:33.443-0700][gc,phases     ] GC(266)   Pre Evacuate Collection Set: 0.0ms
[2021-04-18T00:08:33.443-0700][gc,phases     ] GC(266)   Evacuate Collection Set: 5.9ms
[2021-04-18T00:08:33.443-0700][gc,phases     ] GC(266)   Post Evacuate Collection Set: 1.3ms
[2021-04-18T00:08:33.443-0700][gc,phases     ] GC(266)   Other: 0.5ms
[2021-04-18T00:08:33.443-0700][gc,heap       ] GC(266) Eden regions: 610->0(610)
[2021-04-18T00:08:33.443-0700][gc,heap       ] GC(266) Survivor regions: 4->4(77)
[2021-04-18T00:08:33.443-0700][gc,heap       ] GC(266) Old regions: 106->106
[2021-04-18T00:08:33.443-0700][gc,heap       ] GC(266) Humongous regions: 129->129
[2021-04-18T00:08:33.443-0700][gc,metaspace  ] GC(266) Metaspace: 41413K->41413K(1087488K)
[2021-04-18T00:08:33.443-0700][gc            ] GC(266) Pause Young (Normal) (G1 Evacuation Pause) 846M->236M(1024M) 7.997ms
[2021-04-18T00:08:33.443-0700][gc,cpu        ] GC(266) User=0.05s Sys=0.00s Real=0.01s
[2021-04-18T00:11:53.751-0700][gc,start      ] GC(267) Pause Young (Normal) (G1 Evacuation Pause)
[2021-04-18T00:11:53.751-0700][gc,task       ] GC(267) Using 8 workers of 8 for evacuation
[2021-04-18T00:11:53.759-0700][gc,phases     ] GC(267)   Pre Evacuate Collection Set: 0.0ms
[2021-04-18T00:11:53.759-0700][gc,phases     ] GC(267)   Evacuate Collection Set: 6.0ms
[2021-04-18T00:11:53.759-0700][gc,phases     ] GC(267)   Post Evacuate Collection Set: 1.3ms
[2021-04-18T00:11:53.759-0700][gc,phases     ] GC(267)   Other: 0.5ms
[2021-04-18T00:11:53.759-0700][gc,heap       ] GC(267) Eden regions: 610->0(610)
[2021-04-18T00:11:53.759-0700][gc,heap       ] GC(267) Survivor regions: 4->4(77)
[2021-04-18T00:11:53.759-0700][gc,heap       ] GC(267) Old regions: 106->106
[2021-04-18T00:11:53.759-0700][gc,heap       ] GC(267) Humongous regions: 129->129
[2021-04-18T00:11:53.759-0700][gc,metaspace  ] GC(267) Metaspace: 41413K->41413K(1087488K)
[2021-04-18T00:11:53.759-0700][gc            ] GC(267) Pause Young (Normal) (G1 Evacuation Pause) 846M->236M(1024M) 8.057ms
[2021-04-18T00:11:53.759-0700][gc,cpu        ] GC(267) User=0.05s Sys=0.00s Real=0.01s
[2021-04-18T00:15:13.927-0700][gc,start      ] GC(268) Pause Young (Normal) (G1 Evacuation Pause)
[2021-04-18T00:15:13.927-0700][gc,task       ] GC(268) Using 8 workers of 8 for evacuation
[2021-04-18T00:15:13.935-0700][gc,phases     ] GC(268)   Pre Evacuate Collection Set: 0.0ms
[2021-04-18T00:15:13.935-0700][gc,phases     ] GC(268)   Evacuate Collection Set: 6.3ms
[2021-04-18T00:15:13.935-0700][gc,phases     ] GC(268)   Post Evacuate Collection Set: 1.3ms
[2021-04-18T00:15:13.935-0700][gc,phases     ] GC(268)   Other: 0.4ms
[2021-04-18T00:15:13.935-0700][gc,heap       ] GC(268) Eden regions: 610->0(610)
[2021-04-18T00:15:13.935-0700][gc,heap       ] GC(268) Survivor regions: 4->4(77)
[2021-04-18T00:15:13.935-0700][gc,heap       ] GC(268) Old regions: 106->106
[2021-04-18T00:15:13.935-0700][gc,heap       ] GC(268) Humongous regions: 129->129
[2021-04-18T00:15:13.935-0700][gc,metaspace  ] GC(268) Metaspace: 41413K->41413K(1087488K)
[2021-04-18T00:15:13.935-0700][gc            ] GC(268) Pause Young (Normal) (G1 Evacuation Pause) 846M->236M(1024M) 8.287ms
[2021-04-18T00:15:13.935-0700][gc,cpu        ] GC(268) User=0.06s Sys=0.00s Real=0.01s
[2021-04-18T00:18:33.969-0700][gc,start      ] GC(269) Pause Young (Normal) (G1 Evacuation Pause)
[2021-04-18T00:18:33.969-0700][gc,task       ] GC(269) Using 8 workers of 8 for evacuation
[2021-04-18T00:18:33.976-0700][gc,phases     ] GC(269)   Pre Evacuate Collection Set: 0.0ms
[2021-04-18T00:18:33.976-0700][gc,phases     ] GC(269)   Evacuate Collection Set: 6.2ms
[2021-04-18T00:18:33.976-0700][gc,phases     ] GC(269)   Post Evacuate Collection Set: 0.5ms
[2021-04-18T00:18:33.976-0700][gc,phases     ] GC(269)   Other: 0.5ms
[2021-04-18T00:18:33.976-0700][gc,heap       ] GC(269) Eden regions: 610->0(610)
[2021-04-18T00:18:33.976-0700][gc,heap       ] GC(269) Survivor regions: 4->4(77)
[2021-04-18T00:18:33.976-0700][gc,heap       ] GC(269) Old regions: 106->106
[2021-04-18T00:18:33.976-0700][gc,heap       ] GC(269) Humongous regions: 129->129
[2021-04-18T00:18:33.976-0700][gc,metaspace  ] GC(269) Metaspace: 41413K->41413K(1087488K)
[2021-04-18T00:18:33.976-0700][gc            ] GC(269) Pause Young (Normal) (G1 Evacuation Pause) 846M->236M(1024M) 7.238ms
[2021-04-18T00:18:33.976-0700][gc,cpu        ] GC(269) User=0.04s Sys=0.00s Real=0.01s
[2021-04-18T00:21:54.048-0700][gc,start      ] GC(270) Pause Young (Normal) (G1 Evacuation Pause)
[2021-04-18T00:21:54.048-0700][gc,task       ] GC(270) Using 8 workers of 8 for evacuation
[2021-04-18T00:21:54.056-0700][gc,phases     ] GC(270)   Pre Evacuate Collection Set: 0.0ms
[2021-04-18T00:21:54.056-0700][gc,phases     ] GC(270)   Evacuate Collection Set: 6.1ms
[2021-04-18T00:21:54.056-0700][gc,phases     ] GC(270)   Post Evacuate Collection Set: 1.2ms
[2021-04-18T00:21:54.056-0700][gc,phases     ] GC(270)   Other: 0.5ms
[2021-04-18T00:21:54.056-0700][gc,heap       ] GC(270) Eden regions: 610->0(610)
[2021-04-18T00:21:54.056-0700][gc,heap       ] GC(270) Survivor regions: 4->4(77)
[2021-04-18T00:21:54.056-0700][gc,heap       ] GC(270) Old regions: 106->106
[2021-04-18T00:21:54.056-0700][gc,heap       ] GC(270) Humongous regions: 129->129
[2021-04-18T00:21:54.056-0700][gc,metaspace  ] GC(270) Metaspace: 41413K->41413K(1087488K)
[2021-04-18T00:21:54.056-0700][gc            ] GC(270) Pause Young (Normal) (G1 Evacuation Pause) 846M->236M(1024M) 8.068ms
[2021-04-18T00:21:54.056-0700][gc,cpu        ] GC(270) User=0.06s Sys=0.00s Real=0.01s
[2021-04-18T00:25:14.453-0700][gc,start      ] GC(271) Pause Young (Normal) (G1 Evacuation Pause)
[2021-04-18T00:25:14.453-0700][gc,task       ] GC(271) Using 8 workers of 8 for evacuation
[2021-04-18T00:25:14.461-0700][gc,phases     ] GC(271)   Pre Evacuate Collection Set: 0.0ms
[2021-04-18T00:25:14.461-0700][gc,phases     ] GC(271)   Evacuate Collection Set: 6.1ms
[2021-04-18T00:25:14.461-0700][gc,phases     ] GC(271)   Post Evacuate Collection Set: 1.3ms
[2021-04-18T00:25:14.461-0700][gc,phases     ] GC(271)   Other: 0.5ms
[2021-04-18T00:25:14.461-0700][gc,heap       ] GC(271) Eden regions: 610->0(610)
[2021-04-18T00:25:14.461-0700][gc,heap       ] GC(271) Survivor regions: 4->4(77)
[2021-04-18T00:25:14.461-0700][gc,heap       ] GC(271) Old regions: 106->106
[2021-04-18T00:25:14.461-0700][gc,heap       ] GC(271) Humongous regions: 129->129
[2021-04-18T00:25:14.461-0700][gc,metaspace  ] GC(271) Metaspace: 41413K->41413K(1087488K)
[2021-04-18T00:25:14.461-0700][gc            ] GC(271) Pause Young (Normal) (G1 Evacuation Pause) 846M->236M(1024M) 8.199ms
[2021-04-18T00:25:14.461-0700][gc,cpu        ] GC(271) User=0.06s Sys=0.00s Real=0.01s
[2021-04-18T00:28:34.595-0700][gc,start      ] GC(272) Pause Young (Normal) (G1 Evacuation Pause)
[2021-04-18T00:28:34.595-0700][gc,task       ] GC(272) Using 8 workers of 8 for evacuation
[2021-04-18T00:28:34.601-0700][gc,phases     ] GC(272)   Pre Evacuate Collection Set: 0.0ms
[2021-04-18T00:28:34.601-0700][gc,phases     ] GC(272)   Evacuate Collection Set: 4.9ms
[2021-04-18T00:28:34.601-0700][gc,phases     ] GC(272)   Post Evacuate Collection Set: 0.6ms
[2021-04-18T00:28:34.601-0700][gc,phases     ] GC(272)   Other: 0.4ms
[2021-04-18T00:28:34.601-0700][gc,heap       ] GC(272) Eden regions: 610->0(610)
[2021-04-18T00:28:34.601-0700][gc,heap       ] GC(272) Survivor regions: 4->4(77)
[2021-04-18T00:28:34.601-0700][gc,heap       ] GC(272) Old regions: 106->106
[2021-04-18T00:28:34.601-0700][gc,heap       ] GC(272) Humongous regions: 129->129
[2021-04-18T00:28:34.601-0700][gc,metaspace  ] GC(272) Metaspace: 41413K->41413K(1087488K)
[2021-04-18T00:28:34.601-0700][gc            ] GC(272) Pause Young (Normal) (G1 Evacuation Pause) 846M->236M(1024M) 6.075ms
[2021-04-18T00:28:34.601-0700][gc,cpu        ] GC(272) User=0.04s Sys=0.00s Real=0.01s
[2021-04-18T00:31:54.939-0700][gc,start      ] GC(273) Pause Young (Normal) (G1 Evacuation Pause)
[2021-04-18T00:31:54.939-0700][gc,task       ] GC(273) Using 8 workers of 8 for evacuation
[2021-04-18T00:31:54.946-0700][gc,phases     ] GC(273)   Pre Evacuate Collection Set: 0.1ms
[2021-04-18T00:31:54.946-0700][gc,phases     ] GC(273)   Evacuate Collection Set: 4.6ms
[2021-04-18T00:31:54.946-0700][gc,phases     ] GC(273)   Post Evacuate Collection Set: 1.8ms
[2021-04-18T00:31:54.946-0700][gc,phases     ] GC(273)   Other: 0.5ms
[2021-04-18T00:31:54.946-0700][gc,heap       ] GC(273) Eden regions: 610->0(611)
[2021-04-18T00:31:54.946-0700][gc,heap       ] GC(273) Survivor regions: 4->3(77)
[2021-04-18T00:31:54.946-0700][gc,heap       ] GC(273) Old regions: 106->106
[2021-04-18T00:31:54.946-0700][gc,heap       ] GC(273) Humongous regions: 129->129
[2021-04-18T00:31:54.946-0700][gc,metaspace  ] GC(273) Metaspace: 41413K->41413K(1087488K)
[2021-04-18T00:31:54.946-0700][gc            ] GC(273) Pause Young (Normal) (G1 Evacuation Pause) 846M->235M(1024M) 7.290ms
[2021-04-18T00:31:54.946-0700][gc,cpu        ] GC(273) User=0.04s Sys=0.00s Real=0.00s
[2021-04-18T00:35:15.500-0700][gc,start      ] GC(274) Pause Young (Normal) (G1 Evacuation Pause)
[2021-04-18T00:35:15.500-0700][gc,task       ] GC(274) Using 8 workers of 8 for evacuation
[2021-04-18T00:35:15.506-0700][gc,phases     ] GC(274)   Pre Evacuate Collection Set: 0.0ms
[2021-04-18T00:35:15.507-0700][gc,phases     ] GC(274)   Evacuate Collection Set: 4.8ms
[2021-04-18T00:35:15.507-0700][gc,phases     ] GC(274)   Post Evacuate Collection Set: 1.3ms
[2021-04-18T00:35:15.507-0700][gc,phases     ] GC(274)   Other: 0.5ms
[2021-04-18T00:35:15.507-0700][gc,heap       ] GC(274) Eden regions: 611->0(611)
[2021-04-18T00:35:15.507-0700][gc,heap       ] GC(274) Survivor regions: 3->3(77)
[2021-04-18T00:35:15.507-0700][gc,heap       ] GC(274) Old regions: 106->106
[2021-04-18T00:35:15.507-0700][gc,heap       ] GC(274) Humongous regions: 129->129
[2021-04-18T00:35:15.507-0700][gc,metaspace  ] GC(274) Metaspace: 41413K->41413K(1087488K)
[2021-04-18T00:35:15.507-0700][gc            ] GC(274) Pause Young (Normal) (G1 Evacuation Pause) 846M->235M(1024M) 6.864ms
[2021-04-18T00:35:15.507-0700][gc,cpu        ] GC(274) User=0.04s Sys=0.00s Real=0.00s
[2021-04-18T00:38:35.965-0700][gc,start      ] GC(275) Pause Young (Normal) (G1 Evacuation Pause)
[2021-04-18T00:38:35.965-0700][gc,task       ] GC(275) Using 8 workers of 8 for evacuation
[2021-04-18T00:38:35.970-0700][gc,phases     ] GC(275)   Pre Evacuate Collection Set: 0.0ms
[2021-04-18T00:38:35.970-0700][gc,phases     ] GC(275)   Evacuate Collection Set: 4.4ms
[2021-04-18T00:38:35.970-0700][gc,phases     ] GC(275)   Post Evacuate Collection Set: 0.5ms
[2021-04-18T00:38:35.970-0700][gc,phases     ] GC(275)   Other: 0.4ms
[2021-04-18T00:38:35.970-0700][gc,heap       ] GC(275) Eden regions: 611->0(611)
[2021-04-18T00:38:35.970-0700][gc,heap       ] GC(275) Survivor regions: 3->3(77)
[2021-04-18T00:38:35.970-0700][gc,heap       ] GC(275) Old regions: 106->106
[2021-04-18T00:38:35.970-0700][gc,heap       ] GC(275) Humongous regions: 129->129
[2021-04-18T00:38:35.970-0700][gc,metaspace  ] GC(275) Metaspace: 41413K->41413K(1087488K)
[2021-04-18T00:38:35.970-0700][gc            ] GC(275) Pause Young (Normal) (G1 Evacuation Pause) 846M->235M(1024M) 5.342ms
[2021-04-18T00:38:35.970-0700][gc,cpu        ] GC(275) User=0.04s Sys=0.00s Real=0.01s
[2021-04-18T00:41:56.383-0700][gc,start      ] GC(276) Pause Young (Normal) (G1 Evacuation Pause)
[2021-04-18T00:41:56.383-0700][gc,task       ] GC(276) Using 8 workers of 8 for evacuation
[2021-04-18T00:41:56.390-0700][gc,phases     ] GC(276)   Pre Evacuate Collection Set: 0.0ms
[2021-04-18T00:41:56.390-0700][gc,phases     ] GC(276)   Evacuate Collection Set: 5.1ms
[2021-04-18T00:41:56.390-0700][gc,phases     ] GC(276)   Post Evacuate Collection Set: 1.4ms
[2021-04-18T00:41:56.390-0700][gc,phases     ] GC(276)   Other: 0.5ms
[2021-04-18T00:41:56.390-0700][gc,heap       ] GC(276) Eden regions: 611->0(611)
[2021-04-18T00:41:56.390-0700][gc,heap       ] GC(276) Survivor regions: 3->3(77)
[2021-04-18T00:41:56.390-0700][gc,heap       ] GC(276) Old regions: 106->106
[2021-04-18T00:41:56.390-0700][gc,heap       ] GC(276) Humongous regions: 129->129
[2021-04-18T00:41:56.390-0700][gc,metaspace  ] GC(276) Metaspace: 41413K->41413K(1087488K)
[2021-04-18T00:41:56.390-0700][gc            ] GC(276) Pause Young (Normal) (G1 Evacuation Pause) 846M->235M(1024M) 7.204ms
[2021-04-18T00:41:56.391-0700][gc,cpu        ] GC(276) User=0.05s Sys=0.00s Real=0.01s
[2021-04-18T00:45:16.918-0700][gc,start      ] GC(277) Pause Young (Normal) (G1 Evacuation Pause)
[2021-04-18T00:45:16.918-0700][gc,task       ] GC(277) Using 8 workers of 8 for evacuation
[2021-04-18T00:45:16.924-0700][gc,phases     ] GC(277)   Pre Evacuate Collection Set: 0.0ms
[2021-04-18T00:45:16.924-0700][gc,phases     ] GC(277)   Evacuate Collection Set: 5.1ms
[2021-04-18T00:45:16.924-0700][gc,phases     ] GC(277)   Post Evacuate Collection Set: 0.5ms
[2021-04-18T00:45:16.924-0700][gc,phases     ] GC(277)   Other: 0.4ms
[2021-04-18T00:45:16.924-0700][gc,heap       ] GC(277) Eden regions: 611->0(611)
[2021-04-18T00:45:16.924-0700][gc,heap       ] GC(277) Survivor regions: 3->3(77)
[2021-04-18T00:45:16.924-0700][gc,heap       ] GC(277) Old regions: 106->106
[2021-04-18T00:45:16.924-0700][gc,heap       ] GC(277) Humongous regions: 129->129
[2021-04-18T00:45:16.924-0700][gc,metaspace  ] GC(277) Metaspace: 41416K->41416K(1087488K)
[2021-04-18T00:45:16.924-0700][gc            ] GC(277) Pause Young (Normal) (G1 Evacuation Pause) 846M->235M(1024M) 6.130ms
[2021-04-18T00:45:16.924-0700][gc,cpu        ] GC(277) User=0.04s Sys=0.00s Real=0.00s
[2021-04-18T00:48:37.433-0700][gc,start      ] GC(278) Pause Young (Normal) (G1 Evacuation Pause)
[2021-04-18T00:48:37.433-0700][gc,task       ] GC(278) Using 8 workers of 8 for evacuation
[2021-04-18T00:48:37.440-0700][gc,phases     ] GC(278)   Pre Evacuate Collection Set: 0.0ms
[2021-04-18T00:48:37.440-0700][gc,phases     ] GC(278)   Evacuate Collection Set: 5.4ms
[2021-04-18T00:48:37.440-0700][gc,phases     ] GC(278)   Post Evacuate Collection Set: 1.3ms
[2021-04-18T00:48:37.441-0700][gc,phases     ] GC(278)   Other: 0.5ms
[2021-04-18T00:48:37.441-0700][gc,heap       ] GC(278) Eden regions: 611->0(611)
[2021-04-18T00:48:37.441-0700][gc,heap       ] GC(278) Survivor regions: 3->3(77)
[2021-04-18T00:48:37.441-0700][gc,heap       ] GC(278) Old regions: 106->106
[2021-04-18T00:48:37.441-0700][gc,heap       ] GC(278) Humongous regions: 129->129
[2021-04-18T00:48:37.441-0700][gc,metaspace  ] GC(278) Metaspace: 41416K->41416K(1087488K)
[2021-04-18T00:48:37.441-0700][gc            ] GC(278) Pause Young (Normal) (G1 Evacuation Pause) 846M->235M(1024M) 7.446ms
[2021-04-18T00:48:37.441-0700][gc,cpu        ] GC(278) User=0.04s Sys=0.00s Real=0.01s
[2021-04-18T00:51:57.758-0700][gc,start      ] GC(279) Pause Young (Normal) (G1 Evacuation Pause)
[2021-04-18T00:51:57.758-0700][gc,task       ] GC(279) Using 8 workers of 8 for evacuation
[2021-04-18T00:51:57.765-0700][gc,phases     ] GC(279)   Pre Evacuate Collection Set: 0.0ms
[2021-04-18T00:51:57.765-0700][gc,phases     ] GC(279)   Evacuate Collection Set: 5.6ms
[2021-04-18T00:51:57.765-0700][gc,phases     ] GC(279)   Post Evacuate Collection Set: 1.3ms
[2021-04-18T00:51:57.765-0700][gc,phases     ] GC(279)   Other: 0.5ms
[2021-04-18T00:51:57.765-0700][gc,heap       ] GC(279) Eden regions: 611->0(611)
[2021-04-18T00:51:57.765-0700][gc,heap       ] GC(279) Survivor regions: 3->3(77)
[2021-04-18T00:51:57.765-0700][gc,heap       ] GC(279) Old regions: 106->106
[2021-04-18T00:51:57.765-0700][gc,heap       ] GC(279) Humongous regions: 129->129
[2021-04-18T00:51:57.766-0700][gc,metaspace  ] GC(279) Metaspace: 41416K->41416K(1087488K)
[2021-04-18T00:51:57.766-0700][gc            ] GC(279) Pause Young (Normal) (G1 Evacuation Pause) 846M->235M(1024M) 7.722ms
[2021-04-18T00:51:57.766-0700][gc,cpu        ] GC(279) User=0.04s Sys=0.00s Real=0.00s
[2021-04-18T00:55:16.999-0700][gc,start      ] GC(280) Pause Young (Normal) (G1 Evacuation Pause)
[2021-04-18T00:55:16.999-0700][gc,task       ] GC(280) Using 8 workers of 8 for evacuation
[2021-04-18T00:55:17.005-0700][gc,phases     ] GC(280)   Pre Evacuate Collection Set: 0.0ms
[2021-04-18T00:55:17.005-0700][gc,phases     ] GC(280)   Evacuate Collection Set: 5.2ms
[2021-04-18T00:55:17.005-0700][gc,phases     ] GC(280)   Post Evacuate Collection Set: 1.2ms
[2021-04-18T00:55:17.006-0700][gc,phases     ] GC(280)   Other: 0.5ms
[2021-04-18T00:55:17.006-0700][gc,heap       ] GC(280) Eden regions: 611->0(611)
[2021-04-18T00:55:17.006-0700][gc,heap       ] GC(280) Survivor regions: 3->3(77)
[2021-04-18T00:55:17.006-0700][gc,heap       ] GC(280) Old regions: 106->106
[2021-04-18T00:55:17.006-0700][gc,heap       ] GC(280) Humongous regions: 129->129
[2021-04-18T00:55:17.006-0700][gc,metaspace  ] GC(280) Metaspace: 41416K->41416K(1087488K)
[2021-04-18T00:55:17.006-0700][gc            ] GC(280) Pause Young (Normal) (G1 Evacuation Pause) 846M->235M(1024M) 7.095ms
[2021-04-18T00:55:17.006-0700][gc,cpu        ] GC(280) User=0.05s Sys=0.00s Real=0.00s
[2021-04-18T00:58:37.617-0700][gc,start      ] GC(281) Pause Young (Normal) (G1 Evacuation Pause)
[2021-04-18T00:58:37.617-0700][gc,task       ] GC(281) Using 8 workers of 8 for evacuation
[2021-04-18T00:58:37.624-0700][gc,phases     ] GC(281)   Pre Evacuate Collection Set: 0.0ms
[2021-04-18T00:58:37.624-0700][gc,phases     ] GC(281)   Evacuate Collection Set: 5.3ms
[2021-04-18T00:58:37.624-0700][gc,phases     ] GC(281)   Post Evacuate Collection Set: 1.1ms
[2021-04-18T00:58:37.624-0700][gc,phases     ] GC(281)   Other: 0.5ms
[2021-04-18T00:58:37.624-0700][gc,heap       ] GC(281) Eden regions: 611->0(611)
[2021-04-18T00:58:37.624-0700][gc,heap       ] GC(281) Survivor regions: 3->3(77)
[2021-04-18T00:58:37.624-0700][gc,heap       ] GC(281) Old regions: 106->106
[2021-04-18T00:58:37.624-0700][gc,heap       ] GC(281) Humongous regions: 129->129
[2021-04-18T00:58:37.624-0700][gc,metaspace  ] GC(281) Metaspace: 41416K->41416K(1087488K)
[2021-04-18T00:58:37.624-0700][gc            ] GC(281) Pause Young (Normal) (G1 Evacuation Pause) 846M->235M(1024M) 7.161ms
[2021-04-18T00:58:37.624-0700][gc,cpu        ] GC(281) User=0.04s Sys=0.00s Real=0.00s
[2021-04-18T01:01:58.011-0700][gc,start      ] GC(282) Pause Young (Normal) (G1 Evacuation Pause)
[2021-04-18T01:01:58.011-0700][gc,task       ] GC(282) Using 8 workers of 8 for evacuation
[2021-04-18T01:01:58.018-0700][gc,phases     ] GC(282)   Pre Evacuate Collection Set: 0.0ms
[2021-04-18T01:01:58.018-0700][gc,phases     ] GC(282)   Evacuate Collection Set: 5.4ms
[2021-04-18T01:01:58.018-0700][gc,phases     ] GC(282)   Post Evacuate Collection Set: 1.2ms
[2021-04-18T01:01:58.018-0700][gc,phases     ] GC(282)   Other: 0.4ms
[2021-04-18T01:01:58.018-0700][gc,heap       ] GC(282) Eden regions: 611->0(611)
[2021-04-18T01:01:58.018-0700][gc,heap       ] GC(282) Survivor regions: 3->3(77)
[2021-04-18T01:01:58.018-0700][gc,heap       ] GC(282) Old regions: 106->106
[2021-04-18T01:01:58.018-0700][gc,heap       ] GC(282) Humongous regions: 129->129
[2021-04-18T01:01:58.018-0700][gc,metaspace  ] GC(282) Metaspace: 41416K->41416K(1087488K)
[2021-04-18T01:01:58.018-0700][gc            ] GC(282) Pause Young (Normal) (G1 Evacuation Pause) 846M->235M(1024M) 7.234ms
[2021-04-18T01:01:58.018-0700][gc,cpu        ] GC(282) User=0.05s Sys=0.00s Real=0.01s
[2021-04-18T01:05:18.256-0700][gc,start      ] GC(283) Pause Young (Normal) (G1 Evacuation Pause)
[2021-04-18T01:05:18.256-0700][gc,task       ] GC(283) Using 8 workers of 8 for evacuation
[2021-04-18T01:05:18.264-0700][gc,phases     ] GC(283)   Pre Evacuate Collection Set: 0.1ms
[2021-04-18T01:05:18.264-0700][gc,phases     ] GC(283)   Evacuate Collection Set: 6.1ms
[2021-04-18T01:05:18.264-0700][gc,phases     ] GC(283)   Post Evacuate Collection Set: 1.4ms
[2021-04-18T01:05:18.264-0700][gc,phases     ] GC(283)   Other: 0.6ms
[2021-04-18T01:05:18.264-0700][gc,heap       ] GC(283) Eden regions: 611->0(610)
[2021-04-18T01:05:18.264-0700][gc,heap       ] GC(283) Survivor regions: 3->4(77)
[2021-04-18T01:05:18.264-0700][gc,heap       ] GC(283) Old regions: 106->106
[2021-04-18T01:05:18.264-0700][gc,heap       ] GC(283) Humongous regions: 129->129
[2021-04-18T01:05:18.264-0700][gc,metaspace  ] GC(283) Metaspace: 41416K->41416K(1087488K)
[2021-04-18T01:05:18.264-0700][gc            ] GC(283) Pause Young (Normal) (G1 Evacuation Pause) 846M->236M(1024M) 8.379ms
[2021-04-18T01:05:18.264-0700][gc,cpu        ] GC(283) User=0.05s Sys=0.00s Real=0.01s
[2021-04-18T01:08:38.410-0700][gc,start      ] GC(284) Pause Young (Normal) (G1 Evacuation Pause)
[2021-04-18T01:08:38.410-0700][gc,task       ] GC(284) Using 8 workers of 8 for evacuation
[2021-04-18T01:08:38.417-0700][gc,phases     ] GC(284)   Pre Evacuate Collection Set: 0.0ms
[2021-04-18T01:08:38.418-0700][gc,phases     ] GC(284)   Evacuate Collection Set: 5.8ms
[2021-04-18T01:08:38.418-0700][gc,phases     ] GC(284)   Post Evacuate Collection Set: 1.3ms
[2021-04-18T01:08:38.418-0700][gc,phases     ] GC(284)   Other: 0.5ms
[2021-04-18T01:08:38.418-0700][gc,heap       ] GC(284) Eden regions: 610->0(610)
[2021-04-18T01:08:38.418-0700][gc,heap       ] GC(284) Survivor regions: 4->4(77)
[2021-04-18T01:08:38.418-0700][gc,heap       ] GC(284) Old regions: 106->106
[2021-04-18T01:08:38.418-0700][gc,heap       ] GC(284) Humongous regions: 129->129
[2021-04-18T01:08:38.418-0700][gc,metaspace  ] GC(284) Metaspace: 41416K->41416K(1087488K)
[2021-04-18T01:08:38.418-0700][gc            ] GC(284) Pause Young (Normal) (G1 Evacuation Pause) 846M->236M(1024M) 7.823ms
[2021-04-18T01:08:38.418-0700][gc,cpu        ] GC(284) User=0.05s Sys=0.00s Real=0.01s
[2021-04-18T01:11:58.607-0700][gc,start      ] GC(285) Pause Young (Normal) (G1 Evacuation Pause)
[2021-04-18T01:11:58.607-0700][gc,task       ] GC(285) Using 8 workers of 8 for evacuation
[2021-04-18T01:11:58.613-0700][gc,phases     ] GC(285)   Pre Evacuate Collection Set: 0.1ms
[2021-04-18T01:11:58.613-0700][gc,phases     ] GC(285)   Evacuate Collection Set: 4.9ms
[2021-04-18T01:11:58.613-0700][gc,phases     ] GC(285)   Post Evacuate Collection Set: 0.5ms
[2021-04-18T01:11:58.613-0700][gc,phases     ] GC(285)   Other: 0.6ms
[2021-04-18T01:11:58.613-0700][gc,heap       ] GC(285) Eden regions: 610->0(610)
[2021-04-18T01:11:58.613-0700][gc,heap       ] GC(285) Survivor regions: 4->4(77)
[2021-04-18T01:11:58.613-0700][gc,heap       ] GC(285) Old regions: 106->106
[2021-04-18T01:11:58.613-0700][gc,heap       ] GC(285) Humongous regions: 129->129
[2021-04-18T01:11:58.613-0700][gc,metaspace  ] GC(285) Metaspace: 41416K->41416K(1087488K)
[2021-04-18T01:11:58.613-0700][gc            ] GC(285) Pause Young (Normal) (G1 Evacuation Pause) 846M->236M(1024M) 6.132ms
[2021-04-18T01:11:58.613-0700][gc,cpu        ] GC(285) User=0.04s Sys=0.01s Real=0.01s
[2021-04-18T01:15:18.905-0700][gc,start      ] GC(286) Pause Young (Normal) (G1 Evacuation Pause)
[2021-04-18T01:15:18.905-0700][gc,task       ] GC(286) Using 8 workers of 8 for evacuation
[2021-04-18T01:15:18.913-0700][gc,phases     ] GC(286)   Pre Evacuate Collection Set: 0.0ms
[2021-04-18T01:15:18.913-0700][gc,phases     ] GC(286)   Evacuate Collection Set: 5.8ms
[2021-04-18T01:15:18.913-0700][gc,phases     ] GC(286)   Post Evacuate Collection Set: 1.2ms
[2021-04-18T01:15:18.913-0700][gc,phases     ] GC(286)   Other: 0.5ms
[2021-04-18T01:15:18.913-0700][gc,heap       ] GC(286) Eden regions: 610->0(610)
[2021-04-18T01:15:18.913-0700][gc,heap       ] GC(286) Survivor regions: 4->4(77)
[2021-04-18T01:15:18.913-0700][gc,heap       ] GC(286) Old regions: 106->106
[2021-04-18T01:15:18.913-0700][gc,heap       ] GC(286) Humongous regions: 129->129
[2021-04-18T01:15:18.913-0700][gc,metaspace  ] GC(286) Metaspace: 41417K->41417K(1087488K)
[2021-04-18T01:15:18.913-0700][gc            ] GC(286) Pause Young (Normal) (G1 Evacuation Pause) 846M->236M(1024M) 7.831ms
[2021-04-18T01:15:18.913-0700][gc,cpu        ] GC(286) User=0.05s Sys=0.01s Real=0.01s
[2021-04-18T01:18:39.007-0700][gc,start      ] GC(287) Pause Young (Normal) (G1 Evacuation Pause)
[2021-04-18T01:18:39.007-0700][gc,task       ] GC(287) Using 8 workers of 8 for evacuation
[2021-04-18T01:18:39.015-0700][gc,phases     ] GC(287)   Pre Evacuate Collection Set: 0.1ms
[2021-04-18T01:18:39.015-0700][gc,phases     ] GC(287)   Evacuate Collection Set: 6.1ms
[2021-04-18T01:18:39.015-0700][gc,phases     ] GC(287)   Post Evacuate Collection Set: 1.4ms
[2021-04-18T01:18:39.015-0700][gc,phases     ] GC(287)   Other: 0.5ms
[2021-04-18T01:18:39.015-0700][gc,heap       ] GC(287) Eden regions: 610->0(610)
[2021-04-18T01:18:39.015-0700][gc,heap       ] GC(287) Survivor regions: 4->4(77)
[2021-04-18T01:18:39.015-0700][gc,heap       ] GC(287) Old regions: 106->106
[2021-04-18T01:18:39.015-0700][gc,heap       ] GC(287) Humongous regions: 129->129
[2021-04-18T01:18:39.015-0700][gc,metaspace  ] GC(287) Metaspace: 41417K->41417K(1087488K)
[2021-04-18T01:18:39.015-0700][gc            ] GC(287) Pause Young (Normal) (G1 Evacuation Pause) 846M->236M(1024M) 8.253ms
[2021-04-18T01:18:39.015-0700][gc,cpu        ] GC(287) User=0.05s Sys=0.00s Real=0.01s
[2021-04-18T01:21:59.414-0700][gc,start      ] GC(288) Pause Young (Normal) (G1 Evacuation Pause)
[2021-04-18T01:21:59.414-0700][gc,task       ] GC(288) Using 8 workers of 8 for evacuation
[2021-04-18T01:21:59.422-0700][gc,phases     ] GC(288)   Pre Evacuate Collection Set: 0.0ms
[2021-04-18T01:21:59.422-0700][gc,phases     ] GC(288)   Evacuate Collection Set: 6.0ms
[2021-04-18T01:21:59.422-0700][gc,phases     ] GC(288)   Post Evacuate Collection Set: 1.3ms
[2021-04-18T01:21:59.422-0700][gc,phases     ] GC(288)   Other: 0.4ms
[2021-04-18T01:21:59.422-0700][gc,heap       ] GC(288) Eden regions: 610->0(610)
[2021-04-18T01:21:59.422-0700][gc,heap       ] GC(288) Survivor regions: 4->4(77)
[2021-04-18T01:21:59.422-0700][gc,heap       ] GC(288) Old regions: 106->106
[2021-04-18T01:21:59.422-0700][gc,heap       ] GC(288) Humongous regions: 129->129
[2021-04-18T01:21:59.422-0700][gc,metaspace  ] GC(288) Metaspace: 41417K->41417K(1087488K)
[2021-04-18T01:21:59.422-0700][gc            ] GC(288) Pause Young (Normal) (G1 Evacuation Pause) 846M->236M(1024M) 8.039ms
[2021-04-18T01:21:59.422-0700][gc,cpu        ] GC(288) User=0.04s Sys=0.00s Real=0.01s
[2021-04-18T01:25:19.569-0700][gc,start      ] GC(289) Pause Young (Normal) (G1 Evacuation Pause)
[2021-04-18T01:25:19.569-0700][gc,task       ] GC(289) Using 8 workers of 8 for evacuation
[2021-04-18T01:25:19.576-0700][gc,phases     ] GC(289)   Pre Evacuate Collection Set: 0.0ms
[2021-04-18T01:25:19.576-0700][gc,phases     ] GC(289)   Evacuate Collection Set: 6.1ms
[2021-04-18T01:25:19.576-0700][gc,phases     ] GC(289)   Post Evacuate Collection Set: 1.3ms
[2021-04-18T01:25:19.577-0700][gc,phases     ] GC(289)   Other: 0.5ms
[2021-04-18T01:25:19.577-0700][gc,heap       ] GC(289) Eden regions: 610->0(610)
[2021-04-18T01:25:19.577-0700][gc,heap       ] GC(289) Survivor regions: 4->4(77)
[2021-04-18T01:25:19.577-0700][gc,heap       ] GC(289) Old regions: 106->106
[2021-04-18T01:25:19.577-0700][gc,heap       ] GC(289) Humongous regions: 129->129
[2021-04-18T01:25:19.577-0700][gc,metaspace  ] GC(289) Metaspace: 41418K->41418K(1087488K)
[2021-04-18T01:25:19.577-0700][gc            ] GC(289) Pause Young (Normal) (G1 Evacuation Pause) 846M->236M(1024M) 8.195ms
[2021-04-18T01:25:19.577-0700][gc,cpu        ] GC(289) User=0.05s Sys=0.00s Real=0.02s
[2021-04-18T01:28:39.743-0700][gc,start      ] GC(290) Pause Young (Normal) (G1 Evacuation Pause)
[2021-04-18T01:28:39.743-0700][gc,task       ] GC(290) Using 8 workers of 8 for evacuation
[2021-04-18T01:28:39.750-0700][gc,phases     ] GC(290)   Pre Evacuate Collection Set: 0.0ms
[2021-04-18T01:28:39.751-0700][gc,phases     ] GC(290)   Evacuate Collection Set: 6.2ms
[2021-04-18T01:28:39.751-0700][gc,phases     ] GC(290)   Post Evacuate Collection Set: 1.3ms
[2021-04-18T01:28:39.751-0700][gc,phases     ] GC(290)   Other: 0.5ms
[2021-04-18T01:28:39.751-0700][gc,heap       ] GC(290) Eden regions: 610->0(610)
[2021-04-18T01:28:39.751-0700][gc,heap       ] GC(290) Survivor regions: 4->4(77)
[2021-04-18T01:28:39.751-0700][gc,heap       ] GC(290) Old regions: 106->106
[2021-04-18T01:28:39.751-0700][gc,heap       ] GC(290) Humongous regions: 129->129
[2021-04-18T01:28:39.751-0700][gc,metaspace  ] GC(290) Metaspace: 41418K->41418K(1087488K)
[2021-04-18T01:28:39.751-0700][gc            ] GC(290) Pause Young (Normal) (G1 Evacuation Pause) 846M->236M(1024M) 8.212ms
[2021-04-18T01:28:39.751-0700][gc,cpu        ] GC(290) User=0.05s Sys=0.00s Real=0.01s
[2021-04-18T01:31:59.870-0700][gc,start      ] GC(291) Pause Young (Normal) (G1 Evacuation Pause)
[2021-04-18T01:31:59.870-0700][gc,task       ] GC(291) Using 8 workers of 8 for evacuation
[2021-04-18T01:31:59.878-0700][gc,phases     ] GC(291)   Pre Evacuate Collection Set: 0.0ms
[2021-04-18T01:31:59.878-0700][gc,phases     ] GC(291)   Evacuate Collection Set: 6.4ms
[2021-04-18T01:31:59.878-0700][gc,phases     ] GC(291)   Post Evacuate Collection Set: 1.3ms
[2021-04-18T01:31:59.878-0700][gc,phases     ] GC(291)   Other: 0.5ms
[2021-04-18T01:31:59.878-0700][gc,heap       ] GC(291) Eden regions: 610->0(610)
[2021-04-18T01:31:59.878-0700][gc,heap       ] GC(291) Survivor regions: 4->4(77)
[2021-04-18T01:31:59.878-0700][gc,heap       ] GC(291) Old regions: 106->106
[2021-04-18T01:31:59.878-0700][gc,heap       ] GC(291) Humongous regions: 129->129
[2021-04-18T01:31:59.878-0700][gc,metaspace  ] GC(291) Metaspace: 41418K->41418K(1087488K)
[2021-04-18T01:31:59.878-0700][gc            ] GC(291) Pause Young (Normal) (G1 Evacuation Pause) 846M->236M(1024M) 8.442ms
[2021-04-18T01:31:59.878-0700][gc,cpu        ] GC(291) User=0.05s Sys=0.00s Real=0.01s
[2021-04-18T01:35:20.063-0700][gc,start      ] GC(292) Pause Young (Normal) (G1 Evacuation Pause)
[2021-04-18T01:35:20.063-0700][gc,task       ] GC(292) Using 8 workers of 8 for evacuation
[2021-04-18T01:35:20.071-0700][gc,phases     ] GC(292)   Pre Evacuate Collection Set: 0.0ms
[2021-04-18T01:35:20.071-0700][gc,phases     ] GC(292)   Evacuate Collection Set: 6.2ms
[2021-04-18T01:35:20.071-0700][gc,phases     ] GC(292)   Post Evacuate Collection Set: 1.2ms
[2021-04-18T01:35:20.071-0700][gc,phases     ] GC(292)   Other: 0.4ms
[2021-04-18T01:35:20.071-0700][gc,heap       ] GC(292) Eden regions: 610->0(610)
[2021-04-18T01:35:20.071-0700][gc,heap       ] GC(292) Survivor regions: 4->4(77)
[2021-04-18T01:35:20.071-0700][gc,heap       ] GC(292) Old regions: 106->106
[2021-04-18T01:35:20.071-0700][gc,heap       ] GC(292) Humongous regions: 129->129
[2021-04-18T01:35:20.071-0700][gc,metaspace  ] GC(292) Metaspace: 41419K->41419K(1087488K)
[2021-04-18T01:35:20.072-0700][gc            ] GC(292) Pause Young (Normal) (G1 Evacuation Pause) 846M->236M(1024M) 8.181ms
[2021-04-18T01:35:20.072-0700][gc,cpu        ] GC(292) User=0.05s Sys=0.00s Real=0.01s
[2021-04-18T01:38:40.043-0700][gc,start      ] GC(293) Pause Young (Normal) (G1 Evacuation Pause)
[2021-04-18T01:38:40.043-0700][gc,task       ] GC(293) Using 8 workers of 8 for evacuation
[2021-04-18T01:38:40.051-0700][gc,phases     ] GC(293)   Pre Evacuate Collection Set: 0.1ms
[2021-04-18T01:38:40.051-0700][gc,phases     ] GC(293)   Evacuate Collection Set: 6.5ms
[2021-04-18T01:38:40.051-0700][gc,phases     ] GC(293)   Post Evacuate Collection Set: 1.3ms
[2021-04-18T01:38:40.051-0700][gc,phases     ] GC(293)   Other: 0.5ms
[2021-04-18T01:38:40.051-0700][gc,heap       ] GC(293) Eden regions: 610->0(610)
[2021-04-18T01:38:40.051-0700][gc,heap       ] GC(293) Survivor regions: 4->4(77)
[2021-04-18T01:38:40.051-0700][gc,heap       ] GC(293) Old regions: 106->106
[2021-04-18T01:38:40.051-0700][gc,heap       ] GC(293) Humongous regions: 129->129
[2021-04-18T01:38:40.051-0700][gc,metaspace  ] GC(293) Metaspace: 41419K->41419K(1087488K)
[2021-04-18T01:38:40.051-0700][gc            ] GC(293) Pause Young (Normal) (G1 Evacuation Pause) 846M->236M(1024M) 8.557ms
[2021-04-18T01:38:40.051-0700][gc,cpu        ] GC(293) User=0.06s Sys=0.00s Real=0.01s
[2021-04-18T01:41:59.838-0700][gc,start      ] GC(294) Pause Young (Normal) (G1 Evacuation Pause)
[2021-04-18T01:41:59.838-0700][gc,task       ] GC(294) Using 8 workers of 8 for evacuation
[2021-04-18T01:41:59.846-0700][gc,phases     ] GC(294)   Pre Evacuate Collection Set: 0.0ms
[2021-04-18T01:41:59.846-0700][gc,phases     ] GC(294)   Evacuate Collection Set: 5.9ms
[2021-04-18T01:41:59.846-0700][gc,phases     ] GC(294)   Post Evacuate Collection Set: 1.3ms
[2021-04-18T01:41:59.846-0700][gc,phases     ] GC(294)   Other: 0.5ms
[2021-04-18T01:41:59.846-0700][gc,heap       ] GC(294) Eden regions: 610->0(610)
[2021-04-18T01:41:59.846-0700][gc,heap       ] GC(294) Survivor regions: 4->4(77)
[2021-04-18T01:41:59.846-0700][gc,heap       ] GC(294) Old regions: 106->106
[2021-04-18T01:41:59.846-0700][gc,heap       ] GC(294) Humongous regions: 129->129
[2021-04-18T01:41:59.846-0700][gc,metaspace  ] GC(294) Metaspace: 41419K->41419K(1087488K)
[2021-04-18T01:41:59.846-0700][gc            ] GC(294) Pause Young (Normal) (G1 Evacuation Pause) 846M->236M(1024M) 7.991ms
[2021-04-18T01:41:59.846-0700][gc,cpu        ] GC(294) User=0.05s Sys=0.00s Real=0.00s
[2021-04-18T01:45:20.176-0700][gc,start      ] GC(295) Pause Young (Normal) (G1 Evacuation Pause)
[2021-04-18T01:45:20.176-0700][gc,task       ] GC(295) Using 8 workers of 8 for evacuation
[2021-04-18T01:45:20.183-0700][gc,phases     ] GC(295)   Pre Evacuate Collection Set: 0.0ms
[2021-04-18T01:45:20.183-0700][gc,phases     ] GC(295)   Evacuate Collection Set: 5.9ms
[2021-04-18T01:45:20.183-0700][gc,phases     ] GC(295)   Post Evacuate Collection Set: 0.5ms
[2021-04-18T01:45:20.183-0700][gc,phases     ] GC(295)   Other: 0.4ms
[2021-04-18T01:45:20.183-0700][gc,heap       ] GC(295) Eden regions: 610->0(610)
[2021-04-18T01:45:20.183-0700][gc,heap       ] GC(295) Survivor regions: 4->4(77)
[2021-04-18T01:45:20.183-0700][gc,heap       ] GC(295) Old regions: 106->106
[2021-04-18T01:45:20.183-0700][gc,heap       ] GC(295) Humongous regions: 129->129
[2021-04-18T01:45:20.183-0700][gc,metaspace  ] GC(295) Metaspace: 41419K->41419K(1087488K)
[2021-04-18T01:45:20.183-0700][gc            ] GC(295) Pause Young (Normal) (G1 Evacuation Pause) 846M->236M(1024M) 6.953ms
[2021-04-18T01:45:20.183-0700][gc,cpu        ] GC(295) User=0.05s Sys=0.00s Real=0.01s
[2021-04-18T01:48:40.333-0700][gc,start      ] GC(296) Pause Young (Normal) (G1 Evacuation Pause)
[2021-04-18T01:48:40.333-0700][gc,task       ] GC(296) Using 8 workers of 8 for evacuation
[2021-04-18T01:48:40.341-0700][gc,phases     ] GC(296)   Pre Evacuate Collection Set: 0.0ms
[2021-04-18T01:48:40.341-0700][gc,phases     ] GC(296)   Evacuate Collection Set: 6.3ms
[2021-04-18T01:48:40.341-0700][gc,phases     ] GC(296)   Post Evacuate Collection Set: 1.3ms
[2021-04-18T01:48:40.341-0700][gc,phases     ] GC(296)   Other: 0.5ms
[2021-04-18T01:48:40.341-0700][gc,heap       ] GC(296) Eden regions: 610->0(610)
[2021-04-18T01:48:40.341-0700][gc,heap       ] GC(296) Survivor regions: 4->4(77)
[2021-04-18T01:48:40.341-0700][gc,heap       ] GC(296) Old regions: 106->106
[2021-04-18T01:48:40.341-0700][gc,heap       ] GC(296) Humongous regions: 129->129
[2021-04-18T01:48:40.341-0700][gc,metaspace  ] GC(296) Metaspace: 41419K->41419K(1087488K)
[2021-04-18T01:48:40.342-0700][gc            ] GC(296) Pause Young (Normal) (G1 Evacuation Pause) 846M->236M(1024M) 8.325ms
[2021-04-18T01:48:40.342-0700][gc,cpu        ] GC(296) User=0.04s Sys=0.01s Real=0.01s
[2021-04-18T01:52:00.535-0700][gc,start      ] GC(297) Pause Young (Normal) (G1 Evacuation Pause)
[2021-04-18T01:52:00.535-0700][gc,task       ] GC(297) Using 8 workers of 8 for evacuation
[2021-04-18T01:52:00.542-0700][gc,phases     ] GC(297)   Pre Evacuate Collection Set: 0.0ms
[2021-04-18T01:52:00.542-0700][gc,phases     ] GC(297)   Evacuate Collection Set: 5.0ms
[2021-04-18T01:52:00.542-0700][gc,phases     ] GC(297)   Post Evacuate Collection Set: 1.2ms
[2021-04-18T01:52:00.542-0700][gc,phases     ] GC(297)   Other: 0.5ms
[2021-04-18T01:52:00.542-0700][gc,heap       ] GC(297) Eden regions: 610->0(611)
[2021-04-18T01:52:00.542-0700][gc,heap       ] GC(297) Survivor regions: 4->3(77)
[2021-04-18T01:52:00.542-0700][gc,heap       ] GC(297) Old regions: 106->106
[2021-04-18T01:52:00.542-0700][gc,heap       ] GC(297) Humongous regions: 129->129
[2021-04-18T01:52:00.542-0700][gc,metaspace  ] GC(297) Metaspace: 41419K->41419K(1087488K)
[2021-04-18T01:52:00.542-0700][gc            ] GC(297) Pause Young (Normal) (G1 Evacuation Pause) 846M->235M(1024M) 7.028ms
[2021-04-18T01:52:00.542-0700][gc,cpu        ] GC(297) User=0.04s Sys=0.00s Real=0.01s
[2021-04-18T01:55:20.020-0700][gc,start      ] GC(298) Pause Young (Normal) (G1 Evacuation Pause)
[2021-04-18T01:55:20.020-0700][gc,task       ] GC(298) Using 8 workers of 8 for evacuation
[2021-04-18T01:55:20.027-0700][gc,phases     ] GC(298)   Pre Evacuate Collection Set: 0.0ms
[2021-04-18T01:55:20.027-0700][gc,phases     ] GC(298)   Evacuate Collection Set: 6.0ms
[2021-04-18T01:55:20.027-0700][gc,phases     ] GC(298)   Post Evacuate Collection Set: 1.1ms
[2021-04-18T01:55:20.027-0700][gc,phases     ] GC(298)   Other: 0.5ms
[2021-04-18T01:55:20.027-0700][gc,heap       ] GC(298) Eden regions: 611->0(610)
[2021-04-18T01:55:20.027-0700][gc,heap       ] GC(298) Survivor regions: 3->4(77)
[2021-04-18T01:55:20.027-0700][gc,heap       ] GC(298) Old regions: 106->106
[2021-04-18T01:55:20.027-0700][gc,heap       ] GC(298) Humongous regions: 129->129
[2021-04-18T01:55:20.027-0700][gc,metaspace  ] GC(298) Metaspace: 41419K->41419K(1087488K)
[2021-04-18T01:55:20.027-0700][gc            ] GC(298) Pause Young (Normal) (G1 Evacuation Pause) 846M->236M(1024M) 7.844ms
[2021-04-18T01:55:20.028-0700][gc,cpu        ] GC(298) User=0.05s Sys=0.00s Real=0.00s
[2021-04-18T01:58:40.458-0700][gc,start      ] GC(299) Pause Young (Normal) (G1 Evacuation Pause)
[2021-04-18T01:58:40.458-0700][gc,task       ] GC(299) Using 8 workers of 8 for evacuation
[2021-04-18T01:58:40.465-0700][gc,phases     ] GC(299)   Pre Evacuate Collection Set: 0.0ms
[2021-04-18T01:58:40.465-0700][gc,phases     ] GC(299)   Evacuate Collection Set: 5.8ms
[2021-04-18T01:58:40.465-0700][gc,phases     ] GC(299)   Post Evacuate Collection Set: 0.6ms
[2021-04-18T01:58:40.465-0700][gc,phases     ] GC(299)   Other: 0.4ms
[2021-04-18T01:58:40.465-0700][gc,heap       ] GC(299) Eden regions: 610->0(610)
[2021-04-18T01:58:40.465-0700][gc,heap       ] GC(299) Survivor regions: 4->4(77)
[2021-04-18T01:58:40.465-0700][gc,heap       ] GC(299) Old regions: 106->106
[2021-04-18T01:58:40.465-0700][gc,heap       ] GC(299) Humongous regions: 129->129
[2021-04-18T01:58:40.465-0700][gc,metaspace  ] GC(299) Metaspace: 41419K->41419K(1087488K)
[2021-04-18T01:58:40.465-0700][gc            ] GC(299) Pause Young (Normal) (G1 Evacuation Pause) 846M->236M(1024M) 6.923ms
[2021-04-18T01:58:40.465-0700][gc,cpu        ] GC(299) User=0.04s Sys=0.00s Real=0.00s
[2021-04-18T02:02:00.653-0700][gc,start      ] GC(300) Pause Young (Normal) (G1 Evacuation Pause)
[2021-04-18T02:02:00.653-0700][gc,task       ] GC(300) Using 8 workers of 8 for evacuation
[2021-04-18T02:02:00.660-0700][gc,phases     ] GC(300)   Pre Evacuate Collection Set: 0.0ms
[2021-04-18T02:02:00.660-0700][gc,phases     ] GC(300)   Evacuate Collection Set: 5.4ms
[2021-04-18T02:02:00.660-0700][gc,phases     ] GC(300)   Post Evacuate Collection Set: 0.5ms
[2021-04-18T02:02:00.660-0700][gc,phases     ] GC(300)   Other: 0.4ms
[2021-04-18T02:02:00.660-0700][gc,heap       ] GC(300) Eden regions: 610->0(610)
[2021-04-18T02:02:00.660-0700][gc,heap       ] GC(300) Survivor regions: 4->4(77)
[2021-04-18T02:02:00.660-0700][gc,heap       ] GC(300) Old regions: 106->106
[2021-04-18T02:02:00.660-0700][gc,heap       ] GC(300) Humongous regions: 129->129
[2021-04-18T02:02:00.660-0700][gc,metaspace  ] GC(300) Metaspace: 41419K->41419K(1087488K)
[2021-04-18T02:02:00.660-0700][gc            ] GC(300) Pause Young (Normal) (G1 Evacuation Pause) 846M->236M(1024M) 6.466ms
[2021-04-18T02:02:00.660-0700][gc,cpu        ] GC(300) User=0.04s Sys=0.01s Real=0.01s
[2021-04-18T02:05:20.965-0700][gc,start      ] GC(301) Pause Young (Normal) (G1 Evacuation Pause)
[2021-04-18T02:05:20.965-0700][gc,task       ] GC(301) Using 8 workers of 8 for evacuation
[2021-04-18T02:05:20.971-0700][gc,phases     ] GC(301)   Pre Evacuate Collection Set: 0.0ms
[2021-04-18T02:05:20.971-0700][gc,phases     ] GC(301)   Evacuate Collection Set: 4.8ms
[2021-04-18T02:05:20.971-0700][gc,phases     ] GC(301)   Post Evacuate Collection Set: 0.5ms
[2021-04-18T02:05:20.971-0700][gc,phases     ] GC(301)   Other: 0.5ms
[2021-04-18T02:05:20.971-0700][gc,heap       ] GC(301) Eden regions: 610->0(612)
[2021-04-18T02:05:20.971-0700][gc,heap       ] GC(301) Survivor regions: 4->2(77)
[2021-04-18T02:05:20.971-0700][gc,heap       ] GC(301) Old regions: 106->106
[2021-04-18T02:05:20.971-0700][gc,heap       ] GC(301) Humongous regions: 129->129
[2021-04-18T02:05:20.971-0700][gc,metaspace  ] GC(301) Metaspace: 41419K->41419K(1087488K)
[2021-04-18T02:05:20.971-0700][gc            ] GC(301) Pause Young (Normal) (G1 Evacuation Pause) 846M->235M(1024M) 5.754ms
[2021-04-18T02:05:20.971-0700][gc,cpu        ] GC(301) User=0.03s Sys=0.00s Real=0.01s
[2021-04-18T02:08:41.696-0700][gc,start      ] GC(302) Pause Young (Normal) (G1 Evacuation Pause)
[2021-04-18T02:08:41.696-0700][gc,task       ] GC(302) Using 8 workers of 8 for evacuation
[2021-04-18T02:08:41.702-0700][gc,phases     ] GC(302)   Pre Evacuate Collection Set: 0.0ms
[2021-04-18T02:08:41.702-0700][gc,phases     ] GC(302)   Evacuate Collection Set: 5.0ms
[2021-04-18T02:08:41.702-0700][gc,phases     ] GC(302)   Post Evacuate Collection Set: 1.3ms
[2021-04-18T02:08:41.702-0700][gc,phases     ] GC(302)   Other: 0.4ms
[2021-04-18T02:08:41.703-0700][gc,heap       ] GC(302) Eden regions: 612->0(611)
[2021-04-18T02:08:41.703-0700][gc,heap       ] GC(302) Survivor regions: 2->3(77)
[2021-04-18T02:08:41.703-0700][gc,heap       ] GC(302) Old regions: 106->106
[2021-04-18T02:08:41.703-0700][gc,heap       ] GC(302) Humongous regions: 129->129
[2021-04-18T02:08:41.703-0700][gc,metaspace  ] GC(302) Metaspace: 41419K->41419K(1087488K)
[2021-04-18T02:08:41.703-0700][gc            ] GC(302) Pause Young (Normal) (G1 Evacuation Pause) 847M->235M(1024M) 7.043ms
[2021-04-18T02:08:41.703-0700][gc,cpu        ] GC(302) User=0.04s Sys=0.00s Real=0.01s
[2021-04-18T02:12:02.097-0700][gc,start      ] GC(303) Pause Young (Normal) (G1 Evacuation Pause)
[2021-04-18T02:12:02.097-0700][gc,task       ] GC(303) Using 8 workers of 8 for evacuation
[2021-04-18T02:12:02.103-0700][gc,phases     ] GC(303)   Pre Evacuate Collection Set: 0.0ms
[2021-04-18T02:12:02.103-0700][gc,phases     ] GC(303)   Evacuate Collection Set: 4.8ms
[2021-04-18T02:12:02.103-0700][gc,phases     ] GC(303)   Post Evacuate Collection Set: 1.1ms
[2021-04-18T02:12:02.103-0700][gc,phases     ] GC(303)   Other: 0.5ms
[2021-04-18T02:12:02.103-0700][gc,heap       ] GC(303) Eden regions: 611->0(611)
[2021-04-18T02:12:02.103-0700][gc,heap       ] GC(303) Survivor regions: 3->3(77)
[2021-04-18T02:12:02.103-0700][gc,heap       ] GC(303) Old regions: 106->106
[2021-04-18T02:12:02.103-0700][gc,heap       ] GC(303) Humongous regions: 129->129
[2021-04-18T02:12:02.103-0700][gc,metaspace  ] GC(303) Metaspace: 41419K->41419K(1087488K)
[2021-04-18T02:12:02.103-0700][gc            ] GC(303) Pause Young (Normal) (G1 Evacuation Pause) 846M->235M(1024M) 6.739ms
[2021-04-18T02:12:02.103-0700][gc,cpu        ] GC(303) User=0.04s Sys=0.00s Real=0.01s
[2021-04-18T02:15:22.668-0700][gc,start      ] GC(304) Pause Young (Normal) (G1 Evacuation Pause)
[2021-04-18T02:15:22.668-0700][gc,task       ] GC(304) Using 8 workers of 8 for evacuation
[2021-04-18T02:15:22.675-0700][gc,phases     ] GC(304)   Pre Evacuate Collection Set: 0.1ms
[2021-04-18T02:15:22.675-0700][gc,phases     ] GC(304)   Evacuate Collection Set: 5.2ms
[2021-04-18T02:15:22.675-0700][gc,phases     ] GC(304)   Post Evacuate Collection Set: 1.3ms
[2021-04-18T02:15:22.675-0700][gc,phases     ] GC(304)   Other: 0.5ms
[2021-04-18T02:15:22.675-0700][gc,heap       ] GC(304) Eden regions: 611->0(611)
[2021-04-18T02:15:22.675-0700][gc,heap       ] GC(304) Survivor regions: 3->3(77)
[2021-04-18T02:15:22.675-0700][gc,heap       ] GC(304) Old regions: 106->106
[2021-04-18T02:15:22.675-0700][gc,heap       ] GC(304) Humongous regions: 129->129
[2021-04-18T02:15:22.675-0700][gc,metaspace  ] GC(304) Metaspace: 41419K->41419K(1087488K)
[2021-04-18T02:15:22.675-0700][gc            ] GC(304) Pause Young (Normal) (G1 Evacuation Pause) 846M->235M(1024M) 7.274ms
[2021-04-18T02:15:22.675-0700][gc,cpu        ] GC(304) User=0.05s Sys=0.00s Real=0.01s
[2021-04-18T02:18:43.080-0700][gc,start      ] GC(305) Pause Young (Normal) (G1 Evacuation Pause)
[2021-04-18T02:18:43.081-0700][gc,task       ] GC(305) Using 8 workers of 8 for evacuation
[2021-04-18T02:18:43.087-0700][gc,phases     ] GC(305)   Pre Evacuate Collection Set: 0.1ms
[2021-04-18T02:18:43.087-0700][gc,phases     ] GC(305)   Evacuate Collection Set: 5.2ms
[2021-04-18T02:18:43.087-0700][gc,phases     ] GC(305)   Post Evacuate Collection Set: 1.1ms
[2021-04-18T02:18:43.087-0700][gc,phases     ] GC(305)   Other: 0.5ms
[2021-04-18T02:18:43.087-0700][gc,heap       ] GC(305) Eden regions: 611->0(611)
[2021-04-18T02:18:43.088-0700][gc,heap       ] GC(305) Survivor regions: 3->3(77)
[2021-04-18T02:18:43.088-0700][gc,heap       ] GC(305) Old regions: 106->106
[2021-04-18T02:18:43.088-0700][gc,heap       ] GC(305) Humongous regions: 129->129
[2021-04-18T02:18:43.088-0700][gc,metaspace  ] GC(305) Metaspace: 41419K->41419K(1087488K)
[2021-04-18T02:18:43.088-0700][gc            ] GC(305) Pause Young (Normal) (G1 Evacuation Pause) 846M->236M(1024M) 7.125ms
[2021-04-18T02:18:43.088-0700][gc,cpu        ] GC(305) User=0.05s Sys=0.00s Real=0.00s
[2021-04-18T02:22:03.771-0700][gc,start      ] GC(306) Pause Young (Normal) (G1 Evacuation Pause)
[2021-04-18T02:22:03.771-0700][gc,task       ] GC(306) Using 8 workers of 8 for evacuation
[2021-04-18T02:22:03.778-0700][gc,phases     ] GC(306)   Pre Evacuate Collection Set: 0.0ms
[2021-04-18T02:22:03.778-0700][gc,phases     ] GC(306)   Evacuate Collection Set: 5.6ms
[2021-04-18T02:22:03.778-0700][gc,phases     ] GC(306)   Post Evacuate Collection Set: 1.1ms
[2021-04-18T02:22:03.778-0700][gc,phases     ] GC(306)   Other: 0.5ms
[2021-04-18T02:22:03.778-0700][gc,heap       ] GC(306) Eden regions: 611->0(610)
[2021-04-18T02:22:03.778-0700][gc,heap       ] GC(306) Survivor regions: 3->4(77)
[2021-04-18T02:22:03.779-0700][gc,heap       ] GC(306) Old regions: 106->106
[2021-04-18T02:22:03.779-0700][gc,heap       ] GC(306) Humongous regions: 129->129
[2021-04-18T02:22:03.779-0700][gc,metaspace  ] GC(306) Metaspace: 41419K->41419K(1087488K)
[2021-04-18T02:22:03.779-0700][gc            ] GC(306) Pause Young (Normal) (G1 Evacuation Pause) 847M->236M(1024M) 7.472ms
[2021-04-18T02:22:03.779-0700][gc,cpu        ] GC(306) User=0.05s Sys=0.00s Real=0.01s
[2021-04-18T02:25:23.888-0700][gc,start      ] GC(307) Pause Young (Normal) (G1 Evacuation Pause)
[2021-04-18T02:25:23.888-0700][gc,task       ] GC(307) Using 8 workers of 8 for evacuation
[2021-04-18T02:25:23.895-0700][gc,phases     ] GC(307)   Pre Evacuate Collection Set: 0.0ms
[2021-04-18T02:25:23.895-0700][gc,phases     ] GC(307)   Evacuate Collection Set: 5.8ms
[2021-04-18T02:25:23.895-0700][gc,phases     ] GC(307)   Post Evacuate Collection Set: 1.0ms
[2021-04-18T02:25:23.895-0700][gc,phases     ] GC(307)   Other: 0.5ms
[2021-04-18T02:25:23.895-0700][gc,heap       ] GC(307) Eden regions: 610->0(610)
[2021-04-18T02:25:23.896-0700][gc,heap       ] GC(307) Survivor regions: 4->4(77)
[2021-04-18T02:25:23.896-0700][gc,heap       ] GC(307) Old regions: 106->106
[2021-04-18T02:25:23.896-0700][gc,heap       ] GC(307) Humongous regions: 129->129
[2021-04-18T02:25:23.896-0700][gc,metaspace  ] GC(307) Metaspace: 41419K->41419K(1087488K)
[2021-04-18T02:25:23.896-0700][gc            ] GC(307) Pause Young (Normal) (G1 Evacuation Pause) 846M->236M(1024M) 7.589ms
[2021-04-18T02:25:23.896-0700][gc,cpu        ] GC(307) User=0.05s Sys=0.00s Real=0.01s
[2021-04-18T02:28:43.970-0700][gc,start      ] GC(308) Pause Young (Normal) (G1 Evacuation Pause)
[2021-04-18T02:28:43.970-0700][gc,task       ] GC(308) Using 8 workers of 8 for evacuation
[2021-04-18T02:28:43.978-0700][gc,phases     ] GC(308)   Pre Evacuate Collection Set: 0.0ms
[2021-04-18T02:28:43.978-0700][gc,phases     ] GC(308)   Evacuate Collection Set: 5.7ms
[2021-04-18T02:28:43.978-0700][gc,phases     ] GC(308)   Post Evacuate Collection Set: 1.3ms
[2021-04-18T02:28:43.978-0700][gc,phases     ] GC(308)   Other: 0.5ms
[2021-04-18T02:28:43.978-0700][gc,heap       ] GC(308) Eden regions: 610->0(610)
[2021-04-18T02:28:43.978-0700][gc,heap       ] GC(308) Survivor regions: 4->4(77)
[2021-04-18T02:28:43.978-0700][gc,heap       ] GC(308) Old regions: 106->106
[2021-04-18T02:28:43.978-0700][gc,heap       ] GC(308) Humongous regions: 129->129
[2021-04-18T02:28:43.978-0700][gc,metaspace  ] GC(308) Metaspace: 41419K->41419K(1087488K)
[2021-04-18T02:28:43.978-0700][gc            ] GC(308) Pause Young (Normal) (G1 Evacuation Pause) 846M->236M(1024M) 7.820ms
[2021-04-18T02:28:43.978-0700][gc,cpu        ] GC(308) User=0.05s Sys=0.01s Real=0.01s
[2021-04-18T02:32:04.279-0700][gc,start      ] GC(309) Pause Young (Normal) (G1 Evacuation Pause)
[2021-04-18T02:32:04.279-0700][gc,task       ] GC(309) Using 8 workers of 8 for evacuation
[2021-04-18T02:32:04.286-0700][gc,phases     ] GC(309)   Pre Evacuate Collection Set: 0.0ms
[2021-04-18T02:32:04.286-0700][gc,phases     ] GC(309)   Evacuate Collection Set: 5.9ms
[2021-04-18T02:32:04.286-0700][gc,phases     ] GC(309)   Post Evacuate Collection Set: 1.1ms
[2021-04-18T02:32:04.286-0700][gc,phases     ] GC(309)   Other: 0.4ms
[2021-04-18T02:32:04.286-0700][gc,heap       ] GC(309) Eden regions: 610->0(610)
[2021-04-18T02:32:04.286-0700][gc,heap       ] GC(309) Survivor regions: 4->4(77)
[2021-04-18T02:32:04.286-0700][gc,heap       ] GC(309) Old regions: 106->106
[2021-04-18T02:32:04.287-0700][gc,heap       ] GC(309) Humongous regions: 129->129
[2021-04-18T02:32:04.287-0700][gc,metaspace  ] GC(309) Metaspace: 41419K->41419K(1087488K)
[2021-04-18T02:32:04.287-0700][gc            ] GC(309) Pause Young (Normal) (G1 Evacuation Pause) 846M->236M(1024M) 7.687ms
[2021-04-18T02:32:04.287-0700][gc,cpu        ] GC(309) User=0.05s Sys=0.00s Real=0.00s
[2021-04-18T02:35:24.498-0700][gc,start      ] GC(310) Pause Young (Normal) (G1 Evacuation Pause)
[2021-04-18T02:35:24.498-0700][gc,task       ] GC(310) Using 8 workers of 8 for evacuation
[2021-04-18T02:35:24.505-0700][gc,phases     ] GC(310)   Pre Evacuate Collection Set: 0.0ms
[2021-04-18T02:35:24.505-0700][gc,phases     ] GC(310)   Evacuate Collection Set: 5.6ms
[2021-04-18T02:35:24.505-0700][gc,phases     ] GC(310)   Post Evacuate Collection Set: 0.5ms
[2021-04-18T02:35:24.505-0700][gc,phases     ] GC(310)   Other: 0.4ms
[2021-04-18T02:35:24.505-0700][gc,heap       ] GC(310) Eden regions: 610->0(610)
[2021-04-18T02:35:24.505-0700][gc,heap       ] GC(310) Survivor regions: 4->4(77)
[2021-04-18T02:35:24.505-0700][gc,heap       ] GC(310) Old regions: 106->106
[2021-04-18T02:35:24.505-0700][gc,heap       ] GC(310) Humongous regions: 129->129
[2021-04-18T02:35:24.505-0700][gc,metaspace  ] GC(310) Metaspace: 41419K->41419K(1087488K)
[2021-04-18T02:35:24.505-0700][gc            ] GC(310) Pause Young (Normal) (G1 Evacuation Pause) 846M->236M(1024M) 6.645ms
[2021-04-18T02:35:24.505-0700][gc,cpu        ] GC(310) User=0.05s Sys=0.00s Real=0.00s
[2021-04-18T02:38:44.738-0700][gc,start      ] GC(311) Pause Young (Normal) (G1 Evacuation Pause)
[2021-04-18T02:38:44.739-0700][gc,task       ] GC(311) Using 8 workers of 8 for evacuation
[2021-04-18T02:38:44.746-0700][gc,phases     ] GC(311)   Pre Evacuate Collection Set: 0.0ms
[2021-04-18T02:38:44.746-0700][gc,phases     ] GC(311)   Evacuate Collection Set: 6.1ms
[2021-04-18T02:38:44.746-0700][gc,phases     ] GC(311)   Post Evacuate Collection Set: 1.2ms
[2021-04-18T02:38:44.746-0700][gc,phases     ] GC(311)   Other: 0.5ms
[2021-04-18T02:38:44.746-0700][gc,heap       ] GC(311) Eden regions: 610->0(610)
[2021-04-18T02:38:44.746-0700][gc,heap       ] GC(311) Survivor regions: 4->4(77)
[2021-04-18T02:38:44.746-0700][gc,heap       ] GC(311) Old regions: 106->106
[2021-04-18T02:38:44.746-0700][gc,heap       ] GC(311) Humongous regions: 129->129
[2021-04-18T02:38:44.746-0700][gc,metaspace  ] GC(311) Metaspace: 41419K->41419K(1087488K)
[2021-04-18T02:38:44.747-0700][gc            ] GC(311) Pause Young (Normal) (G1 Evacuation Pause) 846M->236M(1024M) 8.043ms
[2021-04-18T02:38:44.747-0700][gc,cpu        ] GC(311) User=0.05s Sys=0.00s Real=0.00s
[2021-04-18T02:42:05.031-0700][gc,start      ] GC(312) Pause Young (Normal) (G1 Evacuation Pause)
[2021-04-18T02:42:05.031-0700][gc,task       ] GC(312) Using 8 workers of 8 for evacuation
[2021-04-18T02:42:05.039-0700][gc,phases     ] GC(312)   Pre Evacuate Collection Set: 0.0ms
[2021-04-18T02:42:05.039-0700][gc,phases     ] GC(312)   Evacuate Collection Set: 6.2ms
[2021-04-18T02:42:05.039-0700][gc,phases     ] GC(312)   Post Evacuate Collection Set: 1.3ms
[2021-04-18T02:42:05.039-0700][gc,phases     ] GC(312)   Other: 0.5ms
[2021-04-18T02:42:05.039-0700][gc,heap       ] GC(312) Eden regions: 610->0(610)
[2021-04-18T02:42:05.039-0700][gc,heap       ] GC(312) Survivor regions: 4->4(77)
[2021-04-18T02:42:05.039-0700][gc,heap       ] GC(312) Old regions: 106->106
[2021-04-18T02:42:05.039-0700][gc,heap       ] GC(312) Humongous regions: 129->129
[2021-04-18T02:42:05.039-0700][gc,metaspace  ] GC(312) Metaspace: 41419K->41419K(1087488K)
[2021-04-18T02:42:05.039-0700][gc            ] GC(312) Pause Young (Normal) (G1 Evacuation Pause) 846M->236M(1024M) 8.252ms
[2021-04-18T02:42:05.039-0700][gc,cpu        ] GC(312) User=0.06s Sys=0.00s Real=0.01s
[2021-04-18T02:45:25.176-0700][gc,start      ] GC(313) Pause Young (Normal) (G1 Evacuation Pause)
[2021-04-18T02:45:25.176-0700][gc,task       ] GC(313) Using 8 workers of 8 for evacuation
[2021-04-18T02:45:25.183-0700][gc,phases     ] GC(313)   Pre Evacuate Collection Set: 0.0ms
[2021-04-18T02:45:25.184-0700][gc,phases     ] GC(313)   Evacuate Collection Set: 6.1ms
[2021-04-18T02:45:25.184-0700][gc,phases     ] GC(313)   Post Evacuate Collection Set: 1.2ms
[2021-04-18T02:45:25.184-0700][gc,phases     ] GC(313)   Other: 0.5ms
[2021-04-18T02:45:25.184-0700][gc,heap       ] GC(313) Eden regions: 610->0(610)
[2021-04-18T02:45:25.184-0700][gc,heap       ] GC(313) Survivor regions: 4->4(77)
[2021-04-18T02:45:25.184-0700][gc,heap       ] GC(313) Old regions: 106->106
[2021-04-18T02:45:25.184-0700][gc,heap       ] GC(313) Humongous regions: 129->129
[2021-04-18T02:45:25.184-0700][gc,metaspace  ] GC(313) Metaspace: 41419K->41419K(1087488K)
[2021-04-18T02:45:25.184-0700][gc            ] GC(313) Pause Young (Normal) (G1 Evacuation Pause) 846M->236M(1024M) 8.128ms
[2021-04-18T02:45:25.184-0700][gc,cpu        ] GC(313) User=0.05s Sys=0.00s Real=0.01s
[2021-04-18T02:48:45.300-0700][gc,start      ] GC(314) Pause Young (Normal) (G1 Evacuation Pause)
[2021-04-18T02:48:45.300-0700][gc,task       ] GC(314) Using 8 workers of 8 for evacuation
[2021-04-18T02:48:45.307-0700][gc,phases     ] GC(314)   Pre Evacuate Collection Set: 0.1ms
[2021-04-18T02:48:45.307-0700][gc,phases     ] GC(314)   Evacuate Collection Set: 6.0ms
[2021-04-18T02:48:45.307-0700][gc,phases     ] GC(314)   Post Evacuate Collection Set: 0.6ms
[2021-04-18T02:48:45.307-0700][gc,phases     ] GC(314)   Other: 0.6ms
[2021-04-18T02:48:45.307-0700][gc,heap       ] GC(314) Eden regions: 610->0(610)
[2021-04-18T02:48:45.307-0700][gc,heap       ] GC(314) Survivor regions: 4->4(77)
[2021-04-18T02:48:45.307-0700][gc,heap       ] GC(314) Old regions: 106->106
[2021-04-18T02:48:45.307-0700][gc,heap       ] GC(314) Humongous regions: 129->129
[2021-04-18T02:48:45.307-0700][gc,metaspace  ] GC(314) Metaspace: 41419K->41419K(1087488K)
[2021-04-18T02:48:45.307-0700][gc            ] GC(314) Pause Young (Normal) (G1 Evacuation Pause) 846M->236M(1024M) 7.360ms
[2021-04-18T02:48:45.307-0700][gc,cpu        ] GC(314) User=0.05s Sys=0.00s Real=0.00s
[2021-04-18T02:52:05.555-0700][gc,start      ] GC(315) Pause Young (Normal) (G1 Evacuation Pause)
[2021-04-18T02:52:05.555-0700][gc,task       ] GC(315) Using 8 workers of 8 for evacuation
[2021-04-18T02:52:05.562-0700][gc,phases     ] GC(315)   Pre Evacuate Collection Set: 0.0ms
[2021-04-18T02:52:05.562-0700][gc,phases     ] GC(315)   Evacuate Collection Set: 6.0ms
[2021-04-18T02:52:05.562-0700][gc,phases     ] GC(315)   Post Evacuate Collection Set: 1.1ms
[2021-04-18T02:52:05.562-0700][gc,phases     ] GC(315)   Other: 0.5ms
[2021-04-18T02:52:05.562-0700][gc,heap       ] GC(315) Eden regions: 610->0(610)
[2021-04-18T02:52:05.562-0700][gc,heap       ] GC(315) Survivor regions: 4->4(77)
[2021-04-18T02:52:05.562-0700][gc,heap       ] GC(315) Old regions: 106->106
[2021-04-18T02:52:05.562-0700][gc,heap       ] GC(315) Humongous regions: 129->129
[2021-04-18T02:52:05.562-0700][gc,metaspace  ] GC(315) Metaspace: 41419K->41419K(1087488K)
[2021-04-18T02:52:05.563-0700][gc            ] GC(315) Pause Young (Normal) (G1 Evacuation Pause) 846M->236M(1024M) 7.788ms
[2021-04-18T02:52:05.563-0700][gc,cpu        ] GC(315) User=0.05s Sys=0.00s Real=0.01s
[2021-04-18T02:55:24.815-0700][gc,start      ] GC(316) Pause Young (Normal) (G1 Evacuation Pause)
[2021-04-18T02:55:24.815-0700][gc,task       ] GC(316) Using 8 workers of 8 for evacuation
[2021-04-18T02:55:24.823-0700][gc,phases     ] GC(316)   Pre Evacuate Collection Set: 0.0ms
[2021-04-18T02:55:24.823-0700][gc,phases     ] GC(316)   Evacuate Collection Set: 5.9ms
[2021-04-18T02:55:24.823-0700][gc,phases     ] GC(316)   Post Evacuate Collection Set: 1.1ms
[2021-04-18T02:55:24.823-0700][gc,phases     ] GC(316)   Other: 0.5ms
[2021-04-18T02:55:24.823-0700][gc,heap       ] GC(316) Eden regions: 610->0(610)
[2021-04-18T02:55:24.823-0700][gc,heap       ] GC(316) Survivor regions: 4->4(77)
[2021-04-18T02:55:24.823-0700][gc,heap       ] GC(316) Old regions: 106->106
[2021-04-18T02:55:24.823-0700][gc,heap       ] GC(316) Humongous regions: 129->129
[2021-04-18T02:55:24.823-0700][gc,metaspace  ] GC(316) Metaspace: 41422K->41422K(1087488K)
[2021-04-18T02:55:24.823-0700][gc            ] GC(316) Pause Young (Normal) (G1 Evacuation Pause) 846M->236M(1024M) 7.779ms
[2021-04-18T02:55:24.823-0700][gc,cpu        ] GC(316) User=0.05s Sys=0.00s Real=0.01s
[2021-04-18T02:58:44.995-0700][gc,start      ] GC(317) Pause Young (Normal) (G1 Evacuation Pause)
[2021-04-18T02:58:44.996-0700][gc,task       ] GC(317) Using 8 workers of 8 for evacuation
[2021-04-18T02:58:45.003-0700][gc,phases     ] GC(317)   Pre Evacuate Collection Set: 0.0ms
[2021-04-18T02:58:45.003-0700][gc,phases     ] GC(317)   Evacuate Collection Set: 5.8ms
[2021-04-18T02:58:45.003-0700][gc,phases     ] GC(317)   Post Evacuate Collection Set: 1.1ms
[2021-04-18T02:58:45.003-0700][gc,phases     ] GC(317)   Other: 0.5ms
[2021-04-18T02:58:45.003-0700][gc,heap       ] GC(317) Eden regions: 610->0(610)
[2021-04-18T02:58:45.003-0700][gc,heap       ] GC(317) Survivor regions: 4->4(77)
[2021-04-18T02:58:45.003-0700][gc,heap       ] GC(317) Old regions: 106->106
[2021-04-18T02:58:45.003-0700][gc,heap       ] GC(317) Humongous regions: 129->129
[2021-04-18T02:58:45.003-0700][gc,metaspace  ] GC(317) Metaspace: 41422K->41422K(1087488K)
[2021-04-18T02:58:45.003-0700][gc            ] GC(317) Pause Young (Normal) (G1 Evacuation Pause) 846M->236M(1024M) 7.580ms
[2021-04-18T02:58:45.003-0700][gc,cpu        ] GC(317) User=0.05s Sys=0.00s Real=0.01s
[2021-04-18T03:02:05.217-0700][gc,start      ] GC(318) Pause Young (Normal) (G1 Evacuation Pause)
[2021-04-18T03:02:05.217-0700][gc,task       ] GC(318) Using 8 workers of 8 for evacuation
[2021-04-18T03:02:05.224-0700][gc,phases     ] GC(318)   Pre Evacuate Collection Set: 0.0ms
[2021-04-18T03:02:05.224-0700][gc,phases     ] GC(318)   Evacuate Collection Set: 5.8ms
[2021-04-18T03:02:05.224-0700][gc,phases     ] GC(318)   Post Evacuate Collection Set: 1.1ms
[2021-04-18T03:02:05.224-0700][gc,phases     ] GC(318)   Other: 0.5ms
[2021-04-18T03:02:05.224-0700][gc,heap       ] GC(318) Eden regions: 610->0(610)
[2021-04-18T03:02:05.224-0700][gc,heap       ] GC(318) Survivor regions: 4->4(77)
[2021-04-18T03:02:05.224-0700][gc,heap       ] GC(318) Old regions: 106->106
[2021-04-18T03:02:05.224-0700][gc,heap       ] GC(318) Humongous regions: 129->129
[2021-04-18T03:02:05.224-0700][gc,metaspace  ] GC(318) Metaspace: 41422K->41422K(1087488K)
[2021-04-18T03:02:05.224-0700][gc            ] GC(318) Pause Young (Normal) (G1 Evacuation Pause) 846M->236M(1024M) 7.662ms
[2021-04-18T03:02:05.224-0700][gc,cpu        ] GC(318) User=0.05s Sys=0.01s Real=0.01s
[2021-04-18T03:05:25.326-0700][gc,start      ] GC(319) Pause Young (Normal) (G1 Evacuation Pause)
[2021-04-18T03:05:25.327-0700][gc,task       ] GC(319) Using 8 workers of 8 for evacuation
[2021-04-18T03:05:25.335-0700][gc,phases     ] GC(319)   Pre Evacuate Collection Set: 0.0ms
[2021-04-18T03:05:25.335-0700][gc,phases     ] GC(319)   Evacuate Collection Set: 6.6ms
[2021-04-18T03:05:25.335-0700][gc,phases     ] GC(319)   Post Evacuate Collection Set: 1.3ms
[2021-04-18T03:05:25.335-0700][gc,phases     ] GC(319)   Other: 0.5ms
[2021-04-18T03:05:25.335-0700][gc,heap       ] GC(319) Eden regions: 610->0(610)
[2021-04-18T03:05:25.335-0700][gc,heap       ] GC(319) Survivor regions: 4->4(77)
[2021-04-18T03:05:25.335-0700][gc,heap       ] GC(319) Old regions: 106->106
[2021-04-18T03:05:25.335-0700][gc,heap       ] GC(319) Humongous regions: 129->129
[2021-04-18T03:05:25.335-0700][gc,metaspace  ] GC(319) Metaspace: 41422K->41422K(1087488K)
[2021-04-18T03:05:25.335-0700][gc            ] GC(319) Pause Young (Normal) (G1 Evacuation Pause) 846M->236M(1024M) 8.733ms
[2021-04-18T03:05:25.335-0700][gc,cpu        ] GC(319) User=0.06s Sys=0.00s Real=0.01s
[2021-04-18T03:08:45.502-0700][gc,start      ] GC(320) Pause Young (Normal) (G1 Evacuation Pause)
[2021-04-18T03:08:45.502-0700][gc,task       ] GC(320) Using 8 workers of 8 for evacuation
[2021-04-18T03:08:45.510-0700][gc,phases     ] GC(320)   Pre Evacuate Collection Set: 0.0ms
[2021-04-18T03:08:45.510-0700][gc,phases     ] GC(320)   Evacuate Collection Set: 6.1ms
[2021-04-18T03:08:45.510-0700][gc,phases     ] GC(320)   Post Evacuate Collection Set: 1.3ms
[2021-04-18T03:08:45.510-0700][gc,phases     ] GC(320)   Other: 0.5ms
[2021-04-18T03:08:45.510-0700][gc,heap       ] GC(320) Eden regions: 610->0(610)
[2021-04-18T03:08:45.510-0700][gc,heap       ] GC(320) Survivor regions: 4->4(77)
[2021-04-18T03:08:45.510-0700][gc,heap       ] GC(320) Old regions: 106->106
[2021-04-18T03:08:45.510-0700][gc,heap       ] GC(320) Humongous regions: 129->129
[2021-04-18T03:08:45.510-0700][gc,metaspace  ] GC(320) Metaspace: 41422K->41422K(1087488K)
[2021-04-18T03:08:45.510-0700][gc            ] GC(320) Pause Young (Normal) (G1 Evacuation Pause) 846M->237M(1024M) 8.093ms
[2021-04-18T03:08:45.510-0700][gc,cpu        ] GC(320) User=0.05s Sys=0.01s Real=0.01s
[2021-04-18T03:12:05.660-0700][gc,start      ] GC(321) Pause Young (Normal) (G1 Evacuation Pause)
[2021-04-18T03:12:05.660-0700][gc,task       ] GC(321) Using 8 workers of 8 for evacuation
[2021-04-18T03:12:05.668-0700][gc,phases     ] GC(321)   Pre Evacuate Collection Set: 0.0ms
[2021-04-18T03:12:05.668-0700][gc,phases     ] GC(321)   Evacuate Collection Set: 6.2ms
[2021-04-18T03:12:05.668-0700][gc,phases     ] GC(321)   Post Evacuate Collection Set: 1.3ms
[2021-04-18T03:12:05.668-0700][gc,phases     ] GC(321)   Other: 0.5ms
[2021-04-18T03:12:05.668-0700][gc,heap       ] GC(321) Eden regions: 610->0(610)
[2021-04-18T03:12:05.668-0700][gc,heap       ] GC(321) Survivor regions: 4->4(77)
[2021-04-18T03:12:05.668-0700][gc,heap       ] GC(321) Old regions: 106->106
[2021-04-18T03:12:05.668-0700][gc,heap       ] GC(321) Humongous regions: 129->129
[2021-04-18T03:12:05.668-0700][gc,metaspace  ] GC(321) Metaspace: 41422K->41422K(1087488K)
[2021-04-18T03:12:05.669-0700][gc            ] GC(321) Pause Young (Normal) (G1 Evacuation Pause) 847M->237M(1024M) 8.272ms
[2021-04-18T03:12:05.669-0700][gc,cpu        ] GC(321) User=0.05s Sys=0.01s Real=0.00s
[2021-04-18T03:15:25.965-0700][gc,start      ] GC(322) Pause Young (Normal) (G1 Evacuation Pause)
[2021-04-18T03:15:25.965-0700][gc,task       ] GC(322) Using 8 workers of 8 for evacuation
[2021-04-18T03:15:25.973-0700][gc,phases     ] GC(322)   Pre Evacuate Collection Set: 0.0ms
[2021-04-18T03:15:25.973-0700][gc,phases     ] GC(322)   Evacuate Collection Set: 6.3ms
[2021-04-18T03:15:25.973-0700][gc,phases     ] GC(322)   Post Evacuate Collection Set: 1.4ms
[2021-04-18T03:15:25.973-0700][gc,phases     ] GC(322)   Other: 0.5ms
[2021-04-18T03:15:25.973-0700][gc,heap       ] GC(322) Eden regions: 610->0(610)
[2021-04-18T03:15:25.973-0700][gc,heap       ] GC(322) Survivor regions: 4->4(77)
[2021-04-18T03:15:25.973-0700][gc,heap       ] GC(322) Old regions: 106->106
[2021-04-18T03:15:25.973-0700][gc,heap       ] GC(322) Humongous regions: 129->129
[2021-04-18T03:15:25.973-0700][gc,metaspace  ] GC(322) Metaspace: 41422K->41422K(1087488K)
[2021-04-18T03:15:25.973-0700][gc            ] GC(322) Pause Young (Normal) (G1 Evacuation Pause) 847M->237M(1024M) 8.525ms
[2021-04-18T03:15:25.974-0700][gc,cpu        ] GC(322) User=0.06s Sys=0.00s Real=0.01s
[2021-04-18T03:18:45.833-0700][gc,start      ] GC(323) Pause Young (Normal) (G1 Evacuation Pause)
[2021-04-18T03:18:45.834-0700][gc,task       ] GC(323) Using 8 workers of 8 for evacuation
[2021-04-18T03:18:45.841-0700][gc,phases     ] GC(323)   Pre Evacuate Collection Set: 0.0ms
[2021-04-18T03:18:45.842-0700][gc,phases     ] GC(323)   Evacuate Collection Set: 6.2ms
[2021-04-18T03:18:45.842-0700][gc,phases     ] GC(323)   Post Evacuate Collection Set: 1.4ms
[2021-04-18T03:18:45.842-0700][gc,phases     ] GC(323)   Other: 0.5ms
[2021-04-18T03:18:45.842-0700][gc,heap       ] GC(323) Eden regions: 610->0(610)
[2021-04-18T03:18:45.842-0700][gc,heap       ] GC(323) Survivor regions: 4->4(77)
[2021-04-18T03:18:45.842-0700][gc,heap       ] GC(323) Old regions: 106->106
[2021-04-18T03:18:45.842-0700][gc,heap       ] GC(323) Humongous regions: 129->129
[2021-04-18T03:18:45.842-0700][gc,metaspace  ] GC(323) Metaspace: 41422K->41422K(1087488K)
[2021-04-18T03:18:45.842-0700][gc            ] GC(323) Pause Young (Normal) (G1 Evacuation Pause) 847M->237M(1024M) 8.298ms
[2021-04-18T03:18:45.842-0700][gc,cpu        ] GC(323) User=0.05s Sys=0.01s Real=0.01s
[2021-04-18T03:22:06.125-0700][gc,start      ] GC(324) Pause Young (Normal) (G1 Evacuation Pause)
[2021-04-18T03:22:06.125-0700][gc,task       ] GC(324) Using 8 workers of 8 for evacuation
[2021-04-18T03:22:06.130-0700][gc,phases     ] GC(324)   Pre Evacuate Collection Set: 0.0ms
[2021-04-18T03:22:06.130-0700][gc,phases     ] GC(324)   Evacuate Collection Set: 4.8ms
[2021-04-18T03:22:06.130-0700][gc,phases     ] GC(324)   Post Evacuate Collection Set: 0.5ms
[2021-04-18T03:22:06.130-0700][gc,phases     ] GC(324)   Other: 0.5ms
[2021-04-18T03:22:06.130-0700][gc,heap       ] GC(324) Eden regions: 610->0(610)
[2021-04-18T03:22:06.130-0700][gc,heap       ] GC(324) Survivor regions: 4->4(77)
[2021-04-18T03:22:06.130-0700][gc,heap       ] GC(324) Old regions: 106->106
[2021-04-18T03:22:06.130-0700][gc,heap       ] GC(324) Humongous regions: 129->129
[2021-04-18T03:22:06.130-0700][gc,metaspace  ] GC(324) Metaspace: 41422K->41422K(1087488K)
[2021-04-18T03:22:06.130-0700][gc            ] GC(324) Pause Young (Normal) (G1 Evacuation Pause) 847M->237M(1024M) 5.807ms
[2021-04-18T03:22:06.130-0700][gc,cpu        ] GC(324) User=0.04s Sys=0.00s Real=0.01s
[2021-04-18T03:25:26.369-0700][gc,start      ] GC(325) Pause Young (Normal) (G1 Evacuation Pause)
[2021-04-18T03:25:26.370-0700][gc,task       ] GC(325) Using 8 workers of 8 for evacuation
[2021-04-18T03:25:26.376-0700][gc,phases     ] GC(325)   Pre Evacuate Collection Set: 0.0ms
[2021-04-18T03:25:26.376-0700][gc,phases     ] GC(325)   Evacuate Collection Set: 4.4ms
[2021-04-18T03:25:26.376-0700][gc,phases     ] GC(325)   Post Evacuate Collection Set: 1.3ms
[2021-04-18T03:25:26.376-0700][gc,phases     ] GC(325)   Other: 0.5ms
[2021-04-18T03:25:26.376-0700][gc,heap       ] GC(325) Eden regions: 610->0(611)
[2021-04-18T03:25:26.376-0700][gc,heap       ] GC(325) Survivor regions: 4->3(77)
[2021-04-18T03:25:26.376-0700][gc,heap       ] GC(325) Old regions: 106->106
[2021-04-18T03:25:26.376-0700][gc,heap       ] GC(325) Humongous regions: 129->129
[2021-04-18T03:25:26.376-0700][gc,metaspace  ] GC(325) Metaspace: 41422K->41422K(1087488K)
[2021-04-18T03:25:26.376-0700][gc            ] GC(325) Pause Young (Normal) (G1 Evacuation Pause) 847M->235M(1024M) 6.478ms
[2021-04-18T03:25:26.376-0700][gc,cpu        ] GC(325) User=0.04s Sys=0.00s Real=0.00s
[2021-04-18T03:28:46.953-0700][gc,start      ] GC(326) Pause Young (Normal) (G1 Evacuation Pause)
[2021-04-18T03:28:46.954-0700][gc,task       ] GC(326) Using 8 workers of 8 for evacuation
[2021-04-18T03:28:46.960-0700][gc,phases     ] GC(326)   Pre Evacuate Collection Set: 0.0ms
[2021-04-18T03:28:46.960-0700][gc,phases     ] GC(326)   Evacuate Collection Set: 4.7ms
[2021-04-18T03:28:46.960-0700][gc,phases     ] GC(326)   Post Evacuate Collection Set: 1.2ms
[2021-04-18T03:28:46.960-0700][gc,phases     ] GC(326)   Other: 0.5ms
[2021-04-18T03:28:46.960-0700][gc,heap       ] GC(326) Eden regions: 611->0(611)
[2021-04-18T03:28:46.960-0700][gc,heap       ] GC(326) Survivor regions: 3->3(77)
[2021-04-18T03:28:46.960-0700][gc,heap       ] GC(326) Old regions: 106->106
[2021-04-18T03:28:46.960-0700][gc,heap       ] GC(326) Humongous regions: 129->129
[2021-04-18T03:28:46.960-0700][gc,metaspace  ] GC(326) Metaspace: 41422K->41422K(1087488K)
[2021-04-18T03:28:46.960-0700][gc            ] GC(326) Pause Young (Normal) (G1 Evacuation Pause) 846M->235M(1024M) 6.711ms
[2021-04-18T03:28:46.960-0700][gc,cpu        ] GC(326) User=0.04s Sys=0.01s Real=0.01s
[2021-04-18T03:32:07.456-0700][gc,start      ] GC(327) Pause Young (Normal) (G1 Evacuation Pause)
[2021-04-18T03:32:07.457-0700][gc,task       ] GC(327) Using 8 workers of 8 for evacuation
[2021-04-18T03:32:07.463-0700][gc,phases     ] GC(327)   Pre Evacuate Collection Set: 0.0ms
[2021-04-18T03:32:07.463-0700][gc,phases     ] GC(327)   Evacuate Collection Set: 4.9ms
[2021-04-18T03:32:07.463-0700][gc,phases     ] GC(327)   Post Evacuate Collection Set: 1.3ms
[2021-04-18T03:32:07.463-0700][gc,phases     ] GC(327)   Other: 0.5ms
[2021-04-18T03:32:07.463-0700][gc,heap       ] GC(327) Eden regions: 611->0(611)
[2021-04-18T03:32:07.463-0700][gc,heap       ] GC(327) Survivor regions: 3->3(77)
[2021-04-18T03:32:07.463-0700][gc,heap       ] GC(327) Old regions: 106->106
[2021-04-18T03:32:07.463-0700][gc,heap       ] GC(327) Humongous regions: 129->129
[2021-04-18T03:32:07.463-0700][gc,metaspace  ] GC(327) Metaspace: 41423K->41423K(1087488K)
[2021-04-18T03:32:07.463-0700][gc            ] GC(327) Pause Young (Normal) (G1 Evacuation Pause) 846M->235M(1024M) 6.929ms
[2021-04-18T03:32:07.463-0700][gc,cpu        ] GC(327) User=0.05s Sys=0.00s Real=0.01s
[2021-04-18T03:35:27.941-0700][gc,start      ] GC(328) Pause Young (Normal) (G1 Evacuation Pause)
[2021-04-18T03:35:27.941-0700][gc,task       ] GC(328) Using 8 workers of 8 for evacuation
[2021-04-18T03:35:27.948-0700][gc,phases     ] GC(328)   Pre Evacuate Collection Set: 0.0ms
[2021-04-18T03:35:27.948-0700][gc,phases     ] GC(328)   Evacuate Collection Set: 5.1ms
[2021-04-18T03:35:27.948-0700][gc,phases     ] GC(328)   Post Evacuate Collection Set: 1.2ms
[2021-04-18T03:35:27.948-0700][gc,phases     ] GC(328)   Other: 0.5ms
[2021-04-18T03:35:27.948-0700][gc,heap       ] GC(328) Eden regions: 611->0(611)
[2021-04-18T03:35:27.948-0700][gc,heap       ] GC(328) Survivor regions: 3->3(77)
[2021-04-18T03:35:27.948-0700][gc,heap       ] GC(328) Old regions: 106->106
[2021-04-18T03:35:27.948-0700][gc,heap       ] GC(328) Humongous regions: 129->129
[2021-04-18T03:35:27.948-0700][gc,metaspace  ] GC(328) Metaspace: 41423K->41423K(1087488K)
[2021-04-18T03:35:27.948-0700][gc            ] GC(328) Pause Young (Normal) (G1 Evacuation Pause) 846M->236M(1024M) 7.137ms
[2021-04-18T03:35:27.948-0700][gc,cpu        ] GC(328) User=0.04s Sys=0.00s Real=0.00s
[2021-04-18T03:38:48.488-0700][gc,start      ] GC(329) Pause Young (Normal) (G1 Evacuation Pause)
[2021-04-18T03:38:48.488-0700][gc,task       ] GC(329) Using 8 workers of 8 for evacuation
[2021-04-18T03:38:48.495-0700][gc,phases     ] GC(329)   Pre Evacuate Collection Set: 0.0ms
[2021-04-18T03:38:48.495-0700][gc,phases     ] GC(329)   Evacuate Collection Set: 5.4ms
[2021-04-18T03:38:48.495-0700][gc,phases     ] GC(329)   Post Evacuate Collection Set: 1.2ms
[2021-04-18T03:38:48.495-0700][gc,phases     ] GC(329)   Other: 0.5ms
[2021-04-18T03:38:48.495-0700][gc,heap       ] GC(329) Eden regions: 611->0(611)
[2021-04-18T03:38:48.495-0700][gc,heap       ] GC(329) Survivor regions: 3->3(77)
[2021-04-18T03:38:48.495-0700][gc,heap       ] GC(329) Old regions: 106->106
[2021-04-18T03:38:48.495-0700][gc,heap       ] GC(329) Humongous regions: 129->129
[2021-04-18T03:38:48.495-0700][gc,metaspace  ] GC(329) Metaspace: 41423K->41423K(1087488K)
[2021-04-18T03:38:48.495-0700][gc            ] GC(329) Pause Young (Normal) (G1 Evacuation Pause) 847M->236M(1024M) 7.344ms
[2021-04-18T03:38:48.495-0700][gc,cpu        ] GC(329) User=0.04s Sys=0.00s Real=0.01s
[2021-04-18T03:42:08.924-0700][gc,start      ] GC(330) Pause Young (Normal) (G1 Evacuation Pause)
[2021-04-18T03:42:08.924-0700][gc,task       ] GC(330) Using 8 workers of 8 for evacuation
[2021-04-18T03:42:08.931-0700][gc,phases     ] GC(330)   Pre Evacuate Collection Set: 0.0ms
[2021-04-18T03:42:08.932-0700][gc,phases     ] GC(330)   Evacuate Collection Set: 5.7ms
[2021-04-18T03:42:08.932-0700][gc,phases     ] GC(330)   Post Evacuate Collection Set: 1.3ms
[2021-04-18T03:42:08.932-0700][gc,phases     ] GC(330)   Other: 0.5ms
[2021-04-18T03:42:08.932-0700][gc,heap       ] GC(330) Eden regions: 611->0(611)
[2021-04-18T03:42:08.932-0700][gc,heap       ] GC(330) Survivor regions: 3->3(77)
[2021-04-18T03:42:08.932-0700][gc,heap       ] GC(330) Old regions: 106->106
[2021-04-18T03:42:08.932-0700][gc,heap       ] GC(330) Humongous regions: 129->129
[2021-04-18T03:42:08.932-0700][gc,metaspace  ] GC(330) Metaspace: 41423K->41423K(1087488K)
[2021-04-18T03:42:08.932-0700][gc            ] GC(330) Pause Young (Normal) (G1 Evacuation Pause) 847M->236M(1024M) 7.712ms
[2021-04-18T03:42:08.932-0700][gc,cpu        ] GC(330) User=0.04s Sys=0.00s Real=0.01s
[2021-04-18T03:45:29.441-0700][gc,start      ] GC(331) Pause Young (Normal) (G1 Evacuation Pause)
[2021-04-18T03:45:29.441-0700][gc,task       ] GC(331) Using 8 workers of 8 for evacuation
[2021-04-18T03:45:29.448-0700][gc,phases     ] GC(331)   Pre Evacuate Collection Set: 0.0ms
[2021-04-18T03:45:29.448-0700][gc,phases     ] GC(331)   Evacuate Collection Set: 5.7ms
[2021-04-18T03:45:29.448-0700][gc,phases     ] GC(331)   Post Evacuate Collection Set: 1.2ms
[2021-04-18T03:45:29.448-0700][gc,phases     ] GC(331)   Other: 0.5ms
[2021-04-18T03:45:29.448-0700][gc,heap       ] GC(331) Eden regions: 611->0(611)
[2021-04-18T03:45:29.448-0700][gc,heap       ] GC(331) Survivor regions: 3->3(77)
[2021-04-18T03:45:29.449-0700][gc,heap       ] GC(331) Old regions: 106->106
[2021-04-18T03:45:29.449-0700][gc,heap       ] GC(331) Humongous regions: 129->129
[2021-04-18T03:45:29.449-0700][gc,metaspace  ] GC(331) Metaspace: 41423K->41423K(1087488K)
[2021-04-18T03:45:29.449-0700][gc            ] GC(331) Pause Young (Normal) (G1 Evacuation Pause) 847M->236M(1024M) 7.606ms
[2021-04-18T03:45:29.449-0700][gc,cpu        ] GC(331) User=0.04s Sys=0.01s Real=0.00s
[2021-04-18T03:48:49.958-0700][gc,start      ] GC(332) Pause Young (Normal) (G1 Evacuation Pause)
[2021-04-18T03:48:49.958-0700][gc,task       ] GC(332) Using 8 workers of 8 for evacuation
[2021-04-18T03:48:49.965-0700][gc,phases     ] GC(332)   Pre Evacuate Collection Set: 0.0ms
[2021-04-18T03:48:49.965-0700][gc,phases     ] GC(332)   Evacuate Collection Set: 5.5ms
[2021-04-18T03:48:49.965-0700][gc,phases     ] GC(332)   Post Evacuate Collection Set: 0.5ms
[2021-04-18T03:48:49.965-0700][gc,phases     ] GC(332)   Other: 0.4ms
[2021-04-18T03:48:49.965-0700][gc,heap       ] GC(332) Eden regions: 611->0(610)
[2021-04-18T03:48:49.965-0700][gc,heap       ] GC(332) Survivor regions: 3->4(77)
[2021-04-18T03:48:49.965-0700][gc,heap       ] GC(332) Old regions: 106->106
[2021-04-18T03:48:49.965-0700][gc,heap       ] GC(332) Humongous regions: 129->129
[2021-04-18T03:48:49.965-0700][gc,metaspace  ] GC(332) Metaspace: 41423K->41423K(1087488K)
[2021-04-18T03:48:49.965-0700][gc            ] GC(332) Pause Young (Normal) (G1 Evacuation Pause) 847M->236M(1024M) 6.540ms
[2021-04-18T03:48:49.965-0700][gc,cpu        ] GC(332) User=0.04s Sys=0.00s Real=0.00s
[2021-04-18T03:52:10.062-0700][gc,start      ] GC(333) Pause Young (Normal) (G1 Evacuation Pause)
[2021-04-18T03:52:10.062-0700][gc,task       ] GC(333) Using 8 workers of 8 for evacuation
[2021-04-18T03:52:10.070-0700][gc,phases     ] GC(333)   Pre Evacuate Collection Set: 0.0ms
[2021-04-18T03:52:10.070-0700][gc,phases     ] GC(333)   Evacuate Collection Set: 6.1ms
[2021-04-18T03:52:10.070-0700][gc,phases     ] GC(333)   Post Evacuate Collection Set: 1.4ms
[2021-04-18T03:52:10.070-0700][gc,phases     ] GC(333)   Other: 0.5ms
[2021-04-18T03:52:10.070-0700][gc,heap       ] GC(333) Eden regions: 610->0(610)
[2021-04-18T03:52:10.070-0700][gc,heap       ] GC(333) Survivor regions: 4->4(77)
[2021-04-18T03:52:10.070-0700][gc,heap       ] GC(333) Old regions: 106->106
[2021-04-18T03:52:10.070-0700][gc,heap       ] GC(333) Humongous regions: 129->129
[2021-04-18T03:52:10.070-0700][gc,metaspace  ] GC(333) Metaspace: 41423K->41423K(1087488K)
[2021-04-18T03:52:10.070-0700][gc            ] GC(333) Pause Young (Normal) (G1 Evacuation Pause) 846M->237M(1024M) 8.250ms
[2021-04-18T03:52:10.070-0700][gc,cpu        ] GC(333) User=0.05s Sys=0.01s Real=0.01s
[2021-04-18T03:55:29.196-0700][gc,start      ] GC(334) Pause Young (Normal) (G1 Evacuation Pause)
[2021-04-18T03:55:29.196-0700][gc,task       ] GC(334) Using 8 workers of 8 for evacuation
[2021-04-18T03:55:29.205-0700][gc,phases     ] GC(334)   Pre Evacuate Collection Set: 0.0ms
[2021-04-18T03:55:29.205-0700][gc,phases     ] GC(334)   Evacuate Collection Set: 6.8ms
[2021-04-18T03:55:29.205-0700][gc,phases     ] GC(334)   Post Evacuate Collection Set: 1.1ms
[2021-04-18T03:55:29.205-0700][gc,phases     ] GC(334)   Other: 0.6ms
[2021-04-18T03:55:29.205-0700][gc,heap       ] GC(334) Eden regions: 610->0(611)
[2021-04-18T03:55:29.205-0700][gc,heap       ] GC(334) Survivor regions: 4->3(77)
[2021-04-18T03:55:29.205-0700][gc,heap       ] GC(334) Old regions: 106->107
[2021-04-18T03:55:29.205-0700][gc,heap       ] GC(334) Humongous regions: 129->129
[2021-04-18T03:55:29.205-0700][gc,metaspace  ] GC(334) Metaspace: 41423K->41423K(1087488K)
[2021-04-18T03:55:29.205-0700][gc            ] GC(334) Pause Young (Normal) (G1 Evacuation Pause) 847M->236M(1024M) 8.702ms
[2021-04-18T03:55:29.205-0700][gc,cpu        ] GC(334) User=0.04s Sys=0.00s Real=0.01s
[2021-04-18T03:58:49.786-0700][gc,start      ] GC(335) Pause Young (Normal) (G1 Evacuation Pause)
[2021-04-18T03:58:49.786-0700][gc,task       ] GC(335) Using 8 workers of 8 for evacuation
[2021-04-18T03:58:49.793-0700][gc,phases     ] GC(335)   Pre Evacuate Collection Set: 0.0ms
[2021-04-18T03:58:49.794-0700][gc,phases     ] GC(335)   Evacuate Collection Set: 5.7ms
[2021-04-18T03:58:49.794-0700][gc,phases     ] GC(335)   Post Evacuate Collection Set: 1.1ms
[2021-04-18T03:58:49.794-0700][gc,phases     ] GC(335)   Other: 0.5ms
[2021-04-18T03:58:49.794-0700][gc,heap       ] GC(335) Eden regions: 611->0(611)
[2021-04-18T03:58:49.794-0700][gc,heap       ] GC(335) Survivor regions: 3->3(77)
[2021-04-18T03:58:49.794-0700][gc,heap       ] GC(335) Old regions: 107->107
[2021-04-18T03:58:49.794-0700][gc,heap       ] GC(335) Humongous regions: 129->129
[2021-04-18T03:58:49.794-0700][gc,metaspace  ] GC(335) Metaspace: 41423K->41423K(1087488K)
[2021-04-18T03:58:49.794-0700][gc            ] GC(335) Pause Young (Normal) (G1 Evacuation Pause) 847M->236M(1024M) 7.537ms
[2021-04-18T03:58:49.794-0700][gc,cpu        ] GC(335) User=0.04s Sys=0.01s Real=0.01s
[2021-04-18T04:02:10.263-0700][gc,start      ] GC(336) Pause Young (Normal) (G1 Evacuation Pause)
[2021-04-18T04:02:10.263-0700][gc,task       ] GC(336) Using 8 workers of 8 for evacuation
[2021-04-18T04:02:10.270-0700][gc,phases     ] GC(336)   Pre Evacuate Collection Set: 0.0ms
[2021-04-18T04:02:10.271-0700][gc,phases     ] GC(336)   Evacuate Collection Set: 5.7ms
[2021-04-18T04:02:10.271-0700][gc,phases     ] GC(336)   Post Evacuate Collection Set: 1.1ms
[2021-04-18T04:02:10.271-0700][gc,phases     ] GC(336)   Other: 0.5ms
[2021-04-18T04:02:10.271-0700][gc,heap       ] GC(336) Eden regions: 611->0(610)
[2021-04-18T04:02:10.271-0700][gc,heap       ] GC(336) Survivor regions: 3->4(77)
[2021-04-18T04:02:10.271-0700][gc,heap       ] GC(336) Old regions: 107->107
[2021-04-18T04:02:10.271-0700][gc,heap       ] GC(336) Humongous regions: 129->129
[2021-04-18T04:02:10.271-0700][gc,metaspace  ] GC(336) Metaspace: 41423K->41423K(1087488K)
[2021-04-18T04:02:10.271-0700][gc            ] GC(336) Pause Young (Normal) (G1 Evacuation Pause) 847M->236M(1024M) 7.474ms
[2021-04-18T04:02:10.271-0700][gc,cpu        ] GC(336) User=0.05s Sys=0.00s Real=0.01s
[2021-04-18T04:05:30.302-0700][gc,start      ] GC(337) Pause Young (Normal) (G1 Evacuation Pause)
[2021-04-18T04:05:30.302-0700][gc,task       ] GC(337) Using 8 workers of 8 for evacuation
[2021-04-18T04:05:30.310-0700][gc,phases     ] GC(337)   Pre Evacuate Collection Set: 0.0ms
[2021-04-18T04:05:30.310-0700][gc,phases     ] GC(337)   Evacuate Collection Set: 6.1ms
[2021-04-18T04:05:30.310-0700][gc,phases     ] GC(337)   Post Evacuate Collection Set: 1.3ms
[2021-04-18T04:05:30.310-0700][gc,phases     ] GC(337)   Other: 0.5ms
[2021-04-18T04:05:30.310-0700][gc,heap       ] GC(337) Eden regions: 610->0(610)
[2021-04-18T04:05:30.310-0700][gc,heap       ] GC(337) Survivor regions: 4->4(77)
[2021-04-18T04:05:30.310-0700][gc,heap       ] GC(337) Old regions: 107->107
[2021-04-18T04:05:30.310-0700][gc,heap       ] GC(337) Humongous regions: 129->129
[2021-04-18T04:05:30.310-0700][gc,metaspace  ] GC(337) Metaspace: 41423K->41423K(1087488K)
[2021-04-18T04:05:30.310-0700][gc            ] GC(337) Pause Young (Normal) (G1 Evacuation Pause) 846M->237M(1024M) 8.236ms
[2021-04-18T04:05:30.310-0700][gc,cpu        ] GC(337) User=0.05s Sys=0.01s Real=0.01s
[2021-04-18T04:08:50.274-0700][gc,start      ] GC(338) Pause Young (Normal) (G1 Evacuation Pause)
[2021-04-18T04:08:50.274-0700][gc,task       ] GC(338) Using 8 workers of 8 for evacuation
[2021-04-18T04:08:50.280-0700][gc,phases     ] GC(338)   Pre Evacuate Collection Set: 0.0ms
[2021-04-18T04:08:50.280-0700][gc,phases     ] GC(338)   Evacuate Collection Set: 5.0ms
[2021-04-18T04:08:50.280-0700][gc,phases     ] GC(338)   Post Evacuate Collection Set: 0.5ms
[2021-04-18T04:08:50.280-0700][gc,phases     ] GC(338)   Other: 0.4ms
[2021-04-18T04:08:50.280-0700][gc,heap       ] GC(338) Eden regions: 610->0(610)
[2021-04-18T04:08:50.280-0700][gc,heap       ] GC(338) Survivor regions: 4->4(77)
[2021-04-18T04:08:50.280-0700][gc,heap       ] GC(338) Old regions: 107->107
[2021-04-18T04:08:50.280-0700][gc,heap       ] GC(338) Humongous regions: 129->129
[2021-04-18T04:08:50.280-0700][gc,metaspace  ] GC(338) Metaspace: 41423K->41423K(1087488K)
[2021-04-18T04:08:50.280-0700][gc            ] GC(338) Pause Young (Normal) (G1 Evacuation Pause) 847M->237M(1024M) 6.031ms
[2021-04-18T04:08:50.280-0700][gc,cpu        ] GC(338) User=0.04s Sys=0.00s Real=0.01s
[2021-04-18T04:12:10.373-0700][gc,start      ] GC(339) Pause Young (Normal) (G1 Evacuation Pause)
[2021-04-18T04:12:10.373-0700][gc,task       ] GC(339) Using 8 workers of 8 for evacuation
[2021-04-18T04:12:10.381-0700][gc,phases     ] GC(339)   Pre Evacuate Collection Set: 0.0ms
[2021-04-18T04:12:10.381-0700][gc,phases     ] GC(339)   Evacuate Collection Set: 6.0ms
[2021-04-18T04:12:10.381-0700][gc,phases     ] GC(339)   Post Evacuate Collection Set: 1.3ms
[2021-04-18T04:12:10.381-0700][gc,phases     ] GC(339)   Other: 0.5ms
[2021-04-18T04:12:10.381-0700][gc,heap       ] GC(339) Eden regions: 610->0(610)
[2021-04-18T04:12:10.381-0700][gc,heap       ] GC(339) Survivor regions: 4->4(77)
[2021-04-18T04:12:10.381-0700][gc,heap       ] GC(339) Old regions: 107->107
[2021-04-18T04:12:10.381-0700][gc,heap       ] GC(339) Humongous regions: 129->129
[2021-04-18T04:12:10.381-0700][gc,metaspace  ] GC(339) Metaspace: 41423K->41423K(1087488K)
[2021-04-18T04:12:10.381-0700][gc            ] GC(339) Pause Young (Normal) (G1 Evacuation Pause) 847M->237M(1024M) 7.999ms
[2021-04-18T04:12:10.381-0700][gc,cpu        ] GC(339) User=0.05s Sys=0.00s Real=0.01s
[2021-04-18T04:15:30.679-0700][gc,start      ] GC(340) Pause Young (Normal) (G1 Evacuation Pause)
[2021-04-18T04:15:30.679-0700][gc,task       ] GC(340) Using 8 workers of 8 for evacuation
[2021-04-18T04:15:30.687-0700][gc,phases     ] GC(340)   Pre Evacuate Collection Set: 0.0ms
[2021-04-18T04:15:30.687-0700][gc,phases     ] GC(340)   Evacuate Collection Set: 6.1ms
[2021-04-18T04:15:30.687-0700][gc,phases     ] GC(340)   Post Evacuate Collection Set: 1.2ms
[2021-04-18T04:15:30.687-0700][gc,phases     ] GC(340)   Other: 0.5ms
[2021-04-18T04:15:30.687-0700][gc,heap       ] GC(340) Eden regions: 610->0(610)
[2021-04-18T04:15:30.687-0700][gc,heap       ] GC(340) Survivor regions: 4->4(77)
[2021-04-18T04:15:30.687-0700][gc,heap       ] GC(340) Old regions: 107->107
[2021-04-18T04:15:30.687-0700][gc,heap       ] GC(340) Humongous regions: 129->129
[2021-04-18T04:15:30.687-0700][gc,metaspace  ] GC(340) Metaspace: 41423K->41423K(1087488K)
[2021-04-18T04:15:30.687-0700][gc            ] GC(340) Pause Young (Normal) (G1 Evacuation Pause) 847M->237M(1024M) 8.114ms
[2021-04-18T04:15:30.687-0700][gc,cpu        ] GC(340) User=0.05s Sys=0.00s Real=0.00s
[2021-04-18T04:18:50.833-0700][gc,start      ] GC(341) Pause Young (Normal) (G1 Evacuation Pause)
[2021-04-18T04:18:50.833-0700][gc,task       ] GC(341) Using 8 workers of 8 for evacuation
[2021-04-18T04:18:50.841-0700][gc,phases     ] GC(341)   Pre Evacuate Collection Set: 0.0ms
[2021-04-18T04:18:50.841-0700][gc,phases     ] GC(341)   Evacuate Collection Set: 6.2ms
[2021-04-18T04:18:50.841-0700][gc,phases     ] GC(341)   Post Evacuate Collection Set: 1.3ms
[2021-04-18T04:18:50.841-0700][gc,phases     ] GC(341)   Other: 0.5ms
[2021-04-18T04:18:50.841-0700][gc,heap       ] GC(341) Eden regions: 610->0(610)
[2021-04-18T04:18:50.841-0700][gc,heap       ] GC(341) Survivor regions: 4->4(77)
[2021-04-18T04:18:50.841-0700][gc,heap       ] GC(341) Old regions: 107->107
[2021-04-18T04:18:50.841-0700][gc,heap       ] GC(341) Humongous regions: 129->129
[2021-04-18T04:18:50.841-0700][gc,metaspace  ] GC(341) Metaspace: 41423K->41423K(1087488K)
[2021-04-18T04:18:50.842-0700][gc            ] GC(341) Pause Young (Normal) (G1 Evacuation Pause) 847M->237M(1024M) 8.242ms
[2021-04-18T04:18:50.842-0700][gc,cpu        ] GC(341) User=0.05s Sys=0.01s Real=0.01s
[2021-04-18T04:22:10.965-0700][gc,start      ] GC(342) Pause Young (Normal) (G1 Evacuation Pause)
[2021-04-18T04:22:10.965-0700][gc,task       ] GC(342) Using 8 workers of 8 for evacuation
[2021-04-18T04:22:10.968-0700][gc,phases     ] GC(342)   Pre Evacuate Collection Set: 0.0ms
[2021-04-18T04:22:10.968-0700][gc,phases     ] GC(342)   Evacuate Collection Set: 2.6ms
[2021-04-18T04:22:10.968-0700][gc,phases     ] GC(342)   Post Evacuate Collection Set: 0.6ms
[2021-04-18T04:22:10.968-0700][gc,phases     ] GC(342)   Other: 0.2ms
[2021-04-18T04:22:10.968-0700][gc,heap       ] GC(342) Eden regions: 610->0(610)
[2021-04-18T04:22:10.968-0700][gc,heap       ] GC(342) Survivor regions: 4->4(77)
[2021-04-18T04:22:10.968-0700][gc,heap       ] GC(342) Old regions: 107->107
[2021-04-18T04:22:10.968-0700][gc,heap       ] GC(342) Humongous regions: 129->129
[2021-04-18T04:22:10.968-0700][gc,metaspace  ] GC(342) Metaspace: 41423K->41423K(1087488K)
[2021-04-18T04:22:10.968-0700][gc            ] GC(342) Pause Young (Normal) (G1 Evacuation Pause) 847M->237M(1024M) 3.491ms
[2021-04-18T04:22:10.968-0700][gc,cpu        ] GC(342) User=0.02s Sys=0.01s Real=0.00s
[2021-04-18T04:25:30.811-0700][gc,start      ] GC(343) Pause Young (Normal) (G1 Evacuation Pause)
[2021-04-18T04:25:30.811-0700][gc,task       ] GC(343) Using 8 workers of 8 for evacuation
[2021-04-18T04:25:30.819-0700][gc,phases     ] GC(343)   Pre Evacuate Collection Set: 0.0ms
[2021-04-18T04:25:30.819-0700][gc,phases     ] GC(343)   Evacuate Collection Set: 6.5ms
[2021-04-18T04:25:30.819-0700][gc,phases     ] GC(343)   Post Evacuate Collection Set: 1.2ms
[2021-04-18T04:25:30.819-0700][gc,phases     ] GC(343)   Other: 0.5ms
[2021-04-18T04:25:30.819-0700][gc,heap       ] GC(343) Eden regions: 610->0(610)
[2021-04-18T04:25:30.819-0700][gc,heap       ] GC(343) Survivor regions: 4->4(77)
[2021-04-18T04:25:30.819-0700][gc,heap       ] GC(343) Old regions: 107->107
[2021-04-18T04:25:30.819-0700][gc,heap       ] GC(343) Humongous regions: 129->129
[2021-04-18T04:25:30.819-0700][gc,metaspace  ] GC(343) Metaspace: 41424K->41424K(1087488K)
[2021-04-18T04:25:30.820-0700][gc            ] GC(343) Pause Young (Normal) (G1 Evacuation Pause) 847M->237M(1024M) 8.444ms
[2021-04-18T04:25:30.820-0700][gc,cpu        ] GC(343) User=0.05s Sys=0.00s Real=0.01s
[2021-04-18T04:28:50.790-0700][gc,start      ] GC(344) Pause Young (Normal) (G1 Evacuation Pause)
[2021-04-18T04:28:50.791-0700][gc,task       ] GC(344) Using 8 workers of 8 for evacuation
[2021-04-18T04:28:50.798-0700][gc,phases     ] GC(344)   Pre Evacuate Collection Set: 0.0ms
[2021-04-18T04:28:50.798-0700][gc,phases     ] GC(344)   Evacuate Collection Set: 6.2ms
[2021-04-18T04:28:50.798-0700][gc,phases     ] GC(344)   Post Evacuate Collection Set: 1.2ms
[2021-04-18T04:28:50.799-0700][gc,phases     ] GC(344)   Other: 0.5ms
[2021-04-18T04:28:50.799-0700][gc,heap       ] GC(344) Eden regions: 610->0(610)
[2021-04-18T04:28:50.799-0700][gc,heap       ] GC(344) Survivor regions: 4->4(77)
[2021-04-18T04:28:50.799-0700][gc,heap       ] GC(344) Old regions: 107->107
[2021-04-18T04:28:50.799-0700][gc,heap       ] GC(344) Humongous regions: 129->129
[2021-04-18T04:28:50.799-0700][gc,metaspace  ] GC(344) Metaspace: 41424K->41424K(1087488K)
[2021-04-18T04:28:50.799-0700][gc            ] GC(344) Pause Young (Normal) (G1 Evacuation Pause) 847M->237M(1024M) 8.178ms
[2021-04-18T04:28:50.799-0700][gc,cpu        ] GC(344) User=0.05s Sys=0.00s Real=0.01s
[2021-04-18T04:32:10.889-0700][gc,start      ] GC(345) Pause Young (Normal) (G1 Evacuation Pause)
[2021-04-18T04:32:10.889-0700][gc,task       ] GC(345) Using 8 workers of 8 for evacuation
[2021-04-18T04:32:10.897-0700][gc,phases     ] GC(345)   Pre Evacuate Collection Set: 0.0ms
[2021-04-18T04:32:10.897-0700][gc,phases     ] GC(345)   Evacuate Collection Set: 6.3ms
[2021-04-18T04:32:10.897-0700][gc,phases     ] GC(345)   Post Evacuate Collection Set: 1.2ms
[2021-04-18T04:32:10.897-0700][gc,phases     ] GC(345)   Other: 0.5ms
[2021-04-18T04:32:10.897-0700][gc,heap       ] GC(345) Eden regions: 610->0(610)
[2021-04-18T04:32:10.897-0700][gc,heap       ] GC(345) Survivor regions: 4->4(77)
[2021-04-18T04:32:10.897-0700][gc,heap       ] GC(345) Old regions: 107->107
[2021-04-18T04:32:10.897-0700][gc,heap       ] GC(345) Humongous regions: 129->129
[2021-04-18T04:32:10.897-0700][gc,metaspace  ] GC(345) Metaspace: 41424K->41424K(1087488K)
[2021-04-18T04:32:10.897-0700][gc            ] GC(345) Pause Young (Normal) (G1 Evacuation Pause) 847M->237M(1024M) 8.246ms
[2021-04-18T04:32:10.897-0700][gc,cpu        ] GC(345) User=0.05s Sys=0.00s Real=0.01s
[2021-04-18T04:35:30.946-0700][gc,start      ] GC(346) Pause Young (Normal) (G1 Evacuation Pause)
[2021-04-18T04:35:30.946-0700][gc,task       ] GC(346) Using 8 workers of 8 for evacuation
[2021-04-18T04:35:30.955-0700][gc,phases     ] GC(346)   Pre Evacuate Collection Set: 0.0ms
[2021-04-18T04:35:30.955-0700][gc,phases     ] GC(346)   Evacuate Collection Set: 6.5ms
[2021-04-18T04:35:30.955-0700][gc,phases     ] GC(346)   Post Evacuate Collection Set: 1.3ms
[2021-04-18T04:35:30.955-0700][gc,phases     ] GC(346)   Other: 0.4ms
[2021-04-18T04:35:30.955-0700][gc,heap       ] GC(346) Eden regions: 610->0(610)
[2021-04-18T04:35:30.955-0700][gc,heap       ] GC(346) Survivor regions: 4->4(77)
[2021-04-18T04:35:30.955-0700][gc,heap       ] GC(346) Old regions: 107->107
[2021-04-18T04:35:30.955-0700][gc,heap       ] GC(346) Humongous regions: 129->129
[2021-04-18T04:35:30.955-0700][gc,metaspace  ] GC(346) Metaspace: 41424K->41424K(1087488K)
[2021-04-18T04:35:30.955-0700][gc            ] GC(346) Pause Young (Normal) (G1 Evacuation Pause) 847M->237M(1024M) 8.523ms
[2021-04-18T04:35:30.955-0700][gc,cpu        ] GC(346) User=0.05s Sys=0.00s Real=0.01s
[2021-04-18T04:38:51.155-0700][gc,start      ] GC(347) Pause Young (Normal) (G1 Evacuation Pause)
[2021-04-18T04:38:51.155-0700][gc,task       ] GC(347) Using 8 workers of 8 for evacuation
[2021-04-18T04:38:51.163-0700][gc,phases     ] GC(347)   Pre Evacuate Collection Set: 0.0ms
[2021-04-18T04:38:51.163-0700][gc,phases     ] GC(347)   Evacuate Collection Set: 6.5ms
[2021-04-18T04:38:51.163-0700][gc,phases     ] GC(347)   Post Evacuate Collection Set: 1.2ms
[2021-04-18T04:38:51.164-0700][gc,phases     ] GC(347)   Other: 0.5ms
[2021-04-18T04:38:51.164-0700][gc,heap       ] GC(347) Eden regions: 610->0(610)
[2021-04-18T04:38:51.164-0700][gc,heap       ] GC(347) Survivor regions: 4->4(77)
[2021-04-18T04:38:51.164-0700][gc,heap       ] GC(347) Old regions: 107->107
[2021-04-18T04:38:51.164-0700][gc,heap       ] GC(347) Humongous regions: 129->129
[2021-04-18T04:38:51.164-0700][gc,metaspace  ] GC(347) Metaspace: 41424K->41424K(1087488K)
[2021-04-18T04:38:51.164-0700][gc            ] GC(347) Pause Young (Normal) (G1 Evacuation Pause) 847M->237M(1024M) 8.468ms
[2021-04-18T04:38:51.164-0700][gc,cpu        ] GC(347) User=0.05s Sys=0.00s Real=0.01s
[2021-04-18T04:42:11.323-0700][gc,start      ] GC(348) Pause Young (Normal) (G1 Evacuation Pause)
[2021-04-18T04:42:11.323-0700][gc,task       ] GC(348) Using 8 workers of 8 for evacuation
[2021-04-18T04:42:11.331-0700][gc,phases     ] GC(348)   Pre Evacuate Collection Set: 0.0ms
[2021-04-18T04:42:11.331-0700][gc,phases     ] GC(348)   Evacuate Collection Set: 6.5ms
[2021-04-18T04:42:11.331-0700][gc,phases     ] GC(348)   Post Evacuate Collection Set: 1.3ms
[2021-04-18T04:42:11.331-0700][gc,phases     ] GC(348)   Other: 0.5ms
[2021-04-18T04:42:11.331-0700][gc,heap       ] GC(348) Eden regions: 610->0(610)
[2021-04-18T04:42:11.331-0700][gc,heap       ] GC(348) Survivor regions: 4->4(77)
[2021-04-18T04:42:11.331-0700][gc,heap       ] GC(348) Old regions: 107->107
[2021-04-18T04:42:11.331-0700][gc,heap       ] GC(348) Humongous regions: 129->129
[2021-04-18T04:42:11.331-0700][gc,metaspace  ] GC(348) Metaspace: 41425K->41425K(1087488K)
[2021-04-18T04:42:11.331-0700][gc            ] GC(348) Pause Young (Normal) (G1 Evacuation Pause) 847M->237M(1024M) 8.590ms
[2021-04-18T04:42:11.331-0700][gc,cpu        ] GC(348) User=0.06s Sys=0.00s Real=0.01s
[2021-04-18T04:45:31.693-0700][gc,start      ] GC(349) Pause Young (Normal) (G1 Evacuation Pause)
[2021-04-18T04:45:31.693-0700][gc,task       ] GC(349) Using 8 workers of 8 for evacuation
[2021-04-18T04:45:31.699-0700][gc,phases     ] GC(349)   Pre Evacuate Collection Set: 0.0ms
[2021-04-18T04:45:31.700-0700][gc,phases     ] GC(349)   Evacuate Collection Set: 4.6ms
[2021-04-18T04:45:31.700-0700][gc,phases     ] GC(349)   Post Evacuate Collection Set: 1.2ms
[2021-04-18T04:45:31.700-0700][gc,phases     ] GC(349)   Other: 0.5ms
[2021-04-18T04:45:31.700-0700][gc,heap       ] GC(349) Eden regions: 610->0(611)
[2021-04-18T04:45:31.700-0700][gc,heap       ] GC(349) Survivor regions: 4->3(77)
[2021-04-18T04:45:31.700-0700][gc,heap       ] GC(349) Old regions: 107->107
[2021-04-18T04:45:31.700-0700][gc,heap       ] GC(349) Humongous regions: 129->129
[2021-04-18T04:45:31.700-0700][gc,metaspace  ] GC(349) Metaspace: 41425K->41425K(1087488K)
[2021-04-18T04:45:31.700-0700][gc            ] GC(349) Pause Young (Normal) (G1 Evacuation Pause) 847M->236M(1024M) 6.571ms
[2021-04-18T04:45:31.700-0700][gc,cpu        ] GC(349) User=0.04s Sys=0.00s Real=0.01s
[2021-04-18T04:48:52.145-0700][gc,start      ] GC(350) Pause Young (Normal) (G1 Evacuation Pause)
[2021-04-18T04:48:52.145-0700][gc,task       ] GC(350) Using 8 workers of 8 for evacuation
[2021-04-18T04:48:52.150-0700][gc,phases     ] GC(350)   Pre Evacuate Collection Set: 0.0ms
[2021-04-18T04:48:52.150-0700][gc,phases     ] GC(350)   Evacuate Collection Set: 4.6ms
[2021-04-18T04:48:52.150-0700][gc,phases     ] GC(350)   Post Evacuate Collection Set: 0.6ms
[2021-04-18T04:48:52.150-0700][gc,phases     ] GC(350)   Other: 0.4ms
[2021-04-18T04:48:52.150-0700][gc,heap       ] GC(350) Eden regions: 611->0(611)
[2021-04-18T04:48:52.150-0700][gc,heap       ] GC(350) Survivor regions: 3->3(77)
[2021-04-18T04:48:52.150-0700][gc,heap       ] GC(350) Old regions: 107->107
[2021-04-18T04:48:52.150-0700][gc,heap       ] GC(350) Humongous regions: 129->129
[2021-04-18T04:48:52.150-0700][gc,metaspace  ] GC(350) Metaspace: 41425K->41425K(1087488K)
[2021-04-18T04:48:52.150-0700][gc            ] GC(350) Pause Young (Normal) (G1 Evacuation Pause) 847M->236M(1024M) 5.665ms
[2021-04-18T04:48:52.150-0700][gc,cpu        ] GC(350) User=0.04s Sys=0.00s Real=0.01s
[2021-04-18T04:52:12.755-0700][gc,start      ] GC(351) Pause Young (Normal) (G1 Evacuation Pause)
[2021-04-18T04:52:12.755-0700][gc,task       ] GC(351) Using 8 workers of 8 for evacuation
[2021-04-18T04:52:12.762-0700][gc,phases     ] GC(351)   Pre Evacuate Collection Set: 0.0ms
[2021-04-18T04:52:12.762-0700][gc,phases     ] GC(351)   Evacuate Collection Set: 4.9ms
[2021-04-18T04:52:12.762-0700][gc,phases     ] GC(351)   Post Evacuate Collection Set: 1.3ms
[2021-04-18T04:52:12.762-0700][gc,phases     ] GC(351)   Other: 0.5ms
[2021-04-18T04:52:12.762-0700][gc,heap       ] GC(351) Eden regions: 611->0(611)
[2021-04-18T04:52:12.762-0700][gc,heap       ] GC(351) Survivor regions: 3->3(77)
[2021-04-18T04:52:12.762-0700][gc,heap       ] GC(351) Old regions: 107->107
[2021-04-18T04:52:12.762-0700][gc,heap       ] GC(351) Humongous regions: 129->129
[2021-04-18T04:52:12.762-0700][gc,metaspace  ] GC(351) Metaspace: 41425K->41425K(1087488K)
[2021-04-18T04:52:12.762-0700][gc            ] GC(351) Pause Young (Normal) (G1 Evacuation Pause) 847M->236M(1024M) 6.997ms
[2021-04-18T04:52:12.762-0700][gc,cpu        ] GC(351) User=0.04s Sys=0.00s Real=0.01s
[2021-04-18T04:55:32.118-0700][gc,start      ] GC(352) Pause Young (Normal) (G1 Evacuation Pause)
[2021-04-18T04:55:32.118-0700][gc,task       ] GC(352) Using 8 workers of 8 for evacuation
[2021-04-18T04:55:32.124-0700][gc,phases     ] GC(352)   Pre Evacuate Collection Set: 0.0ms
[2021-04-18T04:55:32.124-0700][gc,phases     ] GC(352)   Evacuate Collection Set: 4.6ms
[2021-04-18T04:55:32.124-0700][gc,phases     ] GC(352)   Post Evacuate Collection Set: 1.3ms
[2021-04-18T04:55:32.124-0700][gc,phases     ] GC(352)   Other: 0.4ms
[2021-04-18T04:55:32.124-0700][gc,heap       ] GC(352) Eden regions: 611->0(612)
[2021-04-18T04:55:32.124-0700][gc,heap       ] GC(352) Survivor regions: 3->2(77)
[2021-04-18T04:55:32.124-0700][gc,heap       ] GC(352) Old regions: 107->107
[2021-04-18T04:55:32.124-0700][gc,heap       ] GC(352) Humongous regions: 129->129
[2021-04-18T04:55:32.125-0700][gc,metaspace  ] GC(352) Metaspace: 41425K->41425K(1087488K)
[2021-04-18T04:55:32.125-0700][gc            ] GC(352) Pause Young (Normal) (G1 Evacuation Pause) 847M->236M(1024M) 6.595ms
[2021-04-18T04:55:32.125-0700][gc,cpu        ] GC(352) User=0.03s Sys=0.01s Real=0.00s
[2021-04-18T04:58:52.894-0700][gc,start      ] GC(353) Pause Young (Normal) (G1 Evacuation Pause)
[2021-04-18T04:58:52.894-0700][gc,task       ] GC(353) Using 8 workers of 8 for evacuation
[2021-04-18T04:58:52.901-0700][gc,phases     ] GC(353)   Pre Evacuate Collection Set: 0.0ms
[2021-04-18T04:58:52.901-0700][gc,phases     ] GC(353)   Evacuate Collection Set: 4.7ms
[2021-04-18T04:58:52.901-0700][gc,phases     ] GC(353)   Post Evacuate Collection Set: 1.4ms
[2021-04-18T04:58:52.901-0700][gc,phases     ] GC(353)   Other: 0.5ms
[2021-04-18T04:58:52.901-0700][gc,heap       ] GC(353) Eden regions: 612->0(611)
[2021-04-18T04:58:52.901-0700][gc,heap       ] GC(353) Survivor regions: 2->3(77)
[2021-04-18T04:58:52.901-0700][gc,heap       ] GC(353) Old regions: 107->107
[2021-04-18T04:58:52.901-0700][gc,heap       ] GC(353) Humongous regions: 129->129
[2021-04-18T04:58:52.901-0700][gc,metaspace  ] GC(353) Metaspace: 41425K->41425K(1087488K)
[2021-04-18T04:58:52.901-0700][gc            ] GC(353) Pause Young (Normal) (G1 Evacuation Pause) 848M->236M(1024M) 6.846ms
[2021-04-18T04:58:52.901-0700][gc,cpu        ] GC(353) User=0.04s Sys=0.01s Real=0.01s
[2021-04-18T05:02:13.117-0700][gc,start      ] GC(354) Pause Young (Normal) (G1 Evacuation Pause)
[2021-04-18T05:02:13.117-0700][gc,task       ] GC(354) Using 8 workers of 8 for evacuation
[2021-04-18T05:02:13.123-0700][gc,phases     ] GC(354)   Pre Evacuate Collection Set: 0.1ms
[2021-04-18T05:02:13.123-0700][gc,phases     ] GC(354)   Evacuate Collection Set: 4.7ms
[2021-04-18T05:02:13.123-0700][gc,phases     ] GC(354)   Post Evacuate Collection Set: 1.3ms
[2021-04-18T05:02:13.123-0700][gc,phases     ] GC(354)   Other: 0.4ms
[2021-04-18T05:02:13.123-0700][gc,heap       ] GC(354) Eden regions: 611->0(611)
[2021-04-18T05:02:13.123-0700][gc,heap       ] GC(354) Survivor regions: 3->3(77)
[2021-04-18T05:02:13.123-0700][gc,heap       ] GC(354) Old regions: 107->107
[2021-04-18T05:02:13.123-0700][gc,heap       ] GC(354) Humongous regions: 129->129
[2021-04-18T05:02:13.123-0700][gc,metaspace  ] GC(354) Metaspace: 41425K->41425K(1087488K)
[2021-04-18T05:02:13.123-0700][gc            ] GC(354) Pause Young (Normal) (G1 Evacuation Pause) 847M->236M(1024M) 6.737ms
[2021-04-18T05:02:13.124-0700][gc,cpu        ] GC(354) User=0.04s Sys=0.00s Real=0.00s
[2021-04-18T05:05:33.533-0700][gc,start      ] GC(355) Pause Young (Normal) (G1 Evacuation Pause)
[2021-04-18T05:05:33.533-0700][gc,task       ] GC(355) Using 8 workers of 8 for evacuation
[2021-04-18T05:05:33.540-0700][gc,phases     ] GC(355)   Pre Evacuate Collection Set: 0.0ms
[2021-04-18T05:05:33.540-0700][gc,phases     ] GC(355)   Evacuate Collection Set: 5.2ms
[2021-04-18T05:05:33.540-0700][gc,phases     ] GC(355)   Post Evacuate Collection Set: 0.7ms
[2021-04-18T05:05:33.540-0700][gc,phases     ] GC(355)   Other: 0.4ms
[2021-04-18T05:05:33.540-0700][gc,heap       ] GC(355) Eden regions: 611->0(611)
[2021-04-18T05:05:33.540-0700][gc,heap       ] GC(355) Survivor regions: 3->3(77)
[2021-04-18T05:05:33.540-0700][gc,heap       ] GC(355) Old regions: 107->107
[2021-04-18T05:05:33.540-0700][gc,heap       ] GC(355) Humongous regions: 129->129
[2021-04-18T05:05:33.540-0700][gc,metaspace  ] GC(355) Metaspace: 41425K->41425K(1087488K)
[2021-04-18T05:05:33.540-0700][gc            ] GC(355) Pause Young (Normal) (G1 Evacuation Pause) 847M->236M(1024M) 6.388ms
[2021-04-18T05:05:33.540-0700][gc,cpu        ] GC(355) User=0.04s Sys=0.01s Real=0.01s
[2021-04-18T05:08:54.021-0700][gc,start      ] GC(356) Pause Young (Normal) (G1 Evacuation Pause)
[2021-04-18T05:08:54.021-0700][gc,task       ] GC(356) Using 8 workers of 8 for evacuation
[2021-04-18T05:08:54.027-0700][gc,phases     ] GC(356)   Pre Evacuate Collection Set: 0.1ms
[2021-04-18T05:08:54.027-0700][gc,phases     ] GC(356)   Evacuate Collection Set: 5.4ms
[2021-04-18T05:08:54.027-0700][gc,phases     ] GC(356)   Post Evacuate Collection Set: 0.5ms
[2021-04-18T05:08:54.027-0700][gc,phases     ] GC(356)   Other: 0.4ms
[2021-04-18T05:08:54.027-0700][gc,heap       ] GC(356) Eden regions: 611->0(611)
[2021-04-18T05:08:54.027-0700][gc,heap       ] GC(356) Survivor regions: 3->3(77)
[2021-04-18T05:08:54.027-0700][gc,heap       ] GC(356) Old regions: 107->107
[2021-04-18T05:08:54.027-0700][gc,heap       ] GC(356) Humongous regions: 129->129
[2021-04-18T05:08:54.027-0700][gc,metaspace  ] GC(356) Metaspace: 41425K->41425K(1087488K)
[2021-04-18T05:08:54.027-0700][gc            ] GC(356) Pause Young (Normal) (G1 Evacuation Pause) 847M->236M(1024M) 6.367ms
[2021-04-18T05:08:54.027-0700][gc,cpu        ] GC(356) User=0.04s Sys=0.00s Real=0.00s
[2021-04-18T05:12:14.688-0700][gc,start      ] GC(357) Pause Young (Normal) (G1 Evacuation Pause)
[2021-04-18T05:12:14.688-0700][gc,task       ] GC(357) Using 8 workers of 8 for evacuation
[2021-04-18T05:12:14.696-0700][gc,phases     ] GC(357)   Pre Evacuate Collection Set: 0.1ms
[2021-04-18T05:12:14.696-0700][gc,phases     ] GC(357)   Evacuate Collection Set: 5.9ms
[2021-04-18T05:12:14.696-0700][gc,phases     ] GC(357)   Post Evacuate Collection Set: 1.3ms
[2021-04-18T05:12:14.696-0700][gc,phases     ] GC(357)   Other: 0.7ms
[2021-04-18T05:12:14.696-0700][gc,heap       ] GC(357) Eden regions: 611->0(611)
[2021-04-18T05:12:14.696-0700][gc,heap       ] GC(357) Survivor regions: 3->3(77)
[2021-04-18T05:12:14.696-0700][gc,heap       ] GC(357) Old regions: 107->107
[2021-04-18T05:12:14.696-0700][gc,heap       ] GC(357) Humongous regions: 129->129
[2021-04-18T05:12:14.696-0700][gc,metaspace  ] GC(357) Metaspace: 41425K->41425K(1087488K)
[2021-04-18T05:12:14.696-0700][gc            ] GC(357) Pause Young (Normal) (G1 Evacuation Pause) 847M->236M(1024M) 8.196ms
[2021-04-18T05:12:14.696-0700][gc,cpu        ] GC(357) User=0.05s Sys=0.00s Real=0.01s
[2021-04-18T05:15:35.092-0700][gc,start      ] GC(358) Pause Young (Normal) (G1 Evacuation Pause)
[2021-04-18T05:15:35.092-0700][gc,task       ] GC(358) Using 8 workers of 8 for evacuation
[2021-04-18T05:15:35.099-0700][gc,phases     ] GC(358)   Pre Evacuate Collection Set: 0.0ms
[2021-04-18T05:15:35.099-0700][gc,phases     ] GC(358)   Evacuate Collection Set: 5.7ms
[2021-04-18T05:15:35.099-0700][gc,phases     ] GC(358)   Post Evacuate Collection Set: 0.5ms
[2021-04-18T05:15:35.099-0700][gc,phases     ] GC(358)   Other: 0.4ms
[2021-04-18T05:15:35.099-0700][gc,heap       ] GC(358) Eden regions: 611->0(610)
[2021-04-18T05:15:35.099-0700][gc,heap       ] GC(358) Survivor regions: 3->4(77)
[2021-04-18T05:15:35.099-0700][gc,heap       ] GC(358) Old regions: 107->107
[2021-04-18T05:15:35.099-0700][gc,heap       ] GC(358) Humongous regions: 129->129
[2021-04-18T05:15:35.099-0700][gc,metaspace  ] GC(358) Metaspace: 41425K->41425K(1087488K)
[2021-04-18T05:15:35.099-0700][gc            ] GC(358) Pause Young (Normal) (G1 Evacuation Pause) 847M->237M(1024M) 6.663ms
[2021-04-18T05:15:35.099-0700][gc,cpu        ] GC(358) User=0.04s Sys=0.00s Real=0.01s
[2021-04-18T05:18:55.357-0700][gc,start      ] GC(359) Pause Young (Normal) (G1 Evacuation Pause)
[2021-04-18T05:18:55.357-0700][gc,task       ] GC(359) Using 8 workers of 8 for evacuation
[2021-04-18T05:18:55.364-0700][gc,phases     ] GC(359)   Pre Evacuate Collection Set: 0.0ms
[2021-04-18T05:18:55.364-0700][gc,phases     ] GC(359)   Evacuate Collection Set: 5.7ms
[2021-04-18T05:18:55.364-0700][gc,phases     ] GC(359)   Post Evacuate Collection Set: 0.6ms
[2021-04-18T05:18:55.364-0700][gc,phases     ] GC(359)   Other: 0.4ms
[2021-04-18T05:18:55.364-0700][gc,heap       ] GC(359) Eden regions: 610->0(610)
[2021-04-18T05:18:55.364-0700][gc,heap       ] GC(359) Survivor regions: 4->4(77)
[2021-04-18T05:18:55.364-0700][gc,heap       ] GC(359) Old regions: 107->107
[2021-04-18T05:18:55.364-0700][gc,heap       ] GC(359) Humongous regions: 129->129
[2021-04-18T05:18:55.364-0700][gc,metaspace  ] GC(359) Metaspace: 41425K->41425K(1087488K)
[2021-04-18T05:18:55.364-0700][gc            ] GC(359) Pause Young (Normal) (G1 Evacuation Pause) 847M->237M(1024M) 6.870ms
[2021-04-18T05:18:55.364-0700][gc,cpu        ] GC(359) User=0.05s Sys=0.00s Real=0.00s
[2021-04-18T05:22:15.488-0700][gc,start      ] GC(360) Pause Young (Normal) (G1 Evacuation Pause)
[2021-04-18T05:22:15.488-0700][gc,task       ] GC(360) Using 8 workers of 8 for evacuation
[2021-04-18T05:22:15.496-0700][gc,phases     ] GC(360)   Pre Evacuate Collection Set: 0.0ms
[2021-04-18T05:22:15.496-0700][gc,phases     ] GC(360)   Evacuate Collection Set: 6.1ms
[2021-04-18T05:22:15.496-0700][gc,phases     ] GC(360)   Post Evacuate Collection Set: 1.3ms
[2021-04-18T05:22:15.496-0700][gc,phases     ] GC(360)   Other: 0.5ms
[2021-04-18T05:22:15.496-0700][gc,heap       ] GC(360) Eden regions: 610->0(610)
[2021-04-18T05:22:15.496-0700][gc,heap       ] GC(360) Survivor regions: 4->4(77)
[2021-04-18T05:22:15.496-0700][gc,heap       ] GC(360) Old regions: 107->107
[2021-04-18T05:22:15.496-0700][gc,heap       ] GC(360) Humongous regions: 129->129
[2021-04-18T05:22:15.496-0700][gc,metaspace  ] GC(360) Metaspace: 41425K->41425K(1087488K)
[2021-04-18T05:22:15.496-0700][gc            ] GC(360) Pause Young (Normal) (G1 Evacuation Pause) 847M->237M(1024M) 8.101ms
[2021-04-18T05:22:15.496-0700][gc,cpu        ] GC(360) User=0.05s Sys=0.00s Real=0.01s
[2021-04-18T05:25:35.767-0700][gc,start      ] GC(361) Pause Young (Normal) (G1 Evacuation Pause)
[2021-04-18T05:25:35.767-0700][gc,task       ] GC(361) Using 8 workers of 8 for evacuation
[2021-04-18T05:25:35.775-0700][gc,phases     ] GC(361)   Pre Evacuate Collection Set: 0.0ms
[2021-04-18T05:25:35.775-0700][gc,phases     ] GC(361)   Evacuate Collection Set: 6.3ms
[2021-04-18T05:25:35.775-0700][gc,phases     ] GC(361)   Post Evacuate Collection Set: 1.2ms
[2021-04-18T05:25:35.775-0700][gc,phases     ] GC(361)   Other: 0.5ms
[2021-04-18T05:25:35.775-0700][gc,heap       ] GC(361) Eden regions: 610->0(610)
[2021-04-18T05:25:35.775-0700][gc,heap       ] GC(361) Survivor regions: 4->4(77)
[2021-04-18T05:25:35.775-0700][gc,heap       ] GC(361) Old regions: 107->107
[2021-04-18T05:25:35.775-0700][gc,heap       ] GC(361) Humongous regions: 129->129
[2021-04-18T05:25:35.775-0700][gc,metaspace  ] GC(361) Metaspace: 41425K->41425K(1087488K)
[2021-04-18T05:25:35.775-0700][gc            ] GC(361) Pause Young (Normal) (G1 Evacuation Pause) 847M->237M(1024M) 8.232ms
[2021-04-18T05:25:35.775-0700][gc,cpu        ] GC(361) User=0.05s Sys=0.00s Real=0.01s
[2021-04-18T05:28:55.965-0700][gc,start      ] GC(362) Pause Young (Normal) (G1 Evacuation Pause)
[2021-04-18T05:28:55.965-0700][gc,task       ] GC(362) Using 8 workers of 8 for evacuation
[2021-04-18T05:28:55.973-0700][gc,phases     ] GC(362)   Pre Evacuate Collection Set: 0.0ms
[2021-04-18T05:28:55.973-0700][gc,phases     ] GC(362)   Evacuate Collection Set: 6.1ms
[2021-04-18T05:28:55.973-0700][gc,phases     ] GC(362)   Post Evacuate Collection Set: 1.3ms
[2021-04-18T05:28:55.973-0700][gc,phases     ] GC(362)   Other: 0.5ms
[2021-04-18T05:28:55.973-0700][gc,heap       ] GC(362) Eden regions: 610->0(610)
[2021-04-18T05:28:55.973-0700][gc,heap       ] GC(362) Survivor regions: 4->4(77)
[2021-04-18T05:28:55.973-0700][gc,heap       ] GC(362) Old regions: 107->107
[2021-04-18T05:28:55.973-0700][gc,heap       ] GC(362) Humongous regions: 129->129
[2021-04-18T05:28:55.973-0700][gc,metaspace  ] GC(362) Metaspace: 41425K->41425K(1087488K)
[2021-04-18T05:28:55.973-0700][gc            ] GC(362) Pause Young (Normal) (G1 Evacuation Pause) 847M->237M(1024M) 8.152ms
[2021-04-18T05:28:55.973-0700][gc,cpu        ] GC(362) User=0.05s Sys=0.00s Real=0.01s
[2021-04-18T05:32:16.358-0700][gc,start      ] GC(363) Pause Young (Normal) (G1 Evacuation Pause)
[2021-04-18T05:32:16.358-0700][gc,task       ] GC(363) Using 8 workers of 8 for evacuation
[2021-04-18T05:32:16.365-0700][gc,phases     ] GC(363)   Pre Evacuate Collection Set: 0.0ms
[2021-04-18T05:32:16.365-0700][gc,phases     ] GC(363)   Evacuate Collection Set: 5.6ms
[2021-04-18T05:32:16.365-0700][gc,phases     ] GC(363)   Post Evacuate Collection Set: 1.3ms
[2021-04-18T05:32:16.365-0700][gc,phases     ] GC(363)   Other: 0.5ms
[2021-04-18T05:32:16.365-0700][gc,heap       ] GC(363) Eden regions: 610->0(611)
[2021-04-18T05:32:16.365-0700][gc,heap       ] GC(363) Survivor regions: 4->3(77)
[2021-04-18T05:32:16.365-0700][gc,heap       ] GC(363) Old regions: 107->107
[2021-04-18T05:32:16.365-0700][gc,heap       ] GC(363) Humongous regions: 129->129
[2021-04-18T05:32:16.365-0700][gc,metaspace  ] GC(363) Metaspace: 41447K->41447K(1087488K)
[2021-04-18T05:32:16.365-0700][gc            ] GC(363) Pause Young (Normal) (G1 Evacuation Pause) 847M->237M(1024M) 7.647ms
[2021-04-18T05:32:16.365-0700][gc,cpu        ] GC(363) User=0.04s Sys=0.00s Real=0.00s
[2021-04-18T05:35:36.687-0700][gc,start      ] GC(364) Pause Young (Normal) (G1 Evacuation Pause)
[2021-04-18T05:35:36.687-0700][gc,task       ] GC(364) Using 8 workers of 8 for evacuation
[2021-04-18T05:35:36.693-0700][gc,phases     ] GC(364)   Pre Evacuate Collection Set: 0.0ms
[2021-04-18T05:35:36.693-0700][gc,phases     ] GC(364)   Evacuate Collection Set: 4.6ms
[2021-04-18T05:35:36.693-0700][gc,phases     ] GC(364)   Post Evacuate Collection Set: 0.6ms
[2021-04-18T05:35:36.693-0700][gc,phases     ] GC(364)   Other: 0.4ms
[2021-04-18T05:35:36.693-0700][gc,heap       ] GC(364) Eden regions: 611->0(612)
[2021-04-18T05:35:36.693-0700][gc,heap       ] GC(364) Survivor regions: 3->2(77)
[2021-04-18T05:35:36.693-0700][gc,heap       ] GC(364) Old regions: 107->107
[2021-04-18T05:35:36.693-0700][gc,heap       ] GC(364) Humongous regions: 129->129
[2021-04-18T05:35:36.693-0700][gc,metaspace  ] GC(364) Metaspace: 41454K->41454K(1087488K)
[2021-04-18T05:35:36.693-0700][gc            ] GC(364) Pause Young (Normal) (G1 Evacuation Pause) 848M->236M(1024M) 5.683ms
[2021-04-18T05:35:36.693-0700][gc,cpu        ] GC(364) User=0.03s Sys=0.01s Real=0.01s
[2021-04-18T05:38:57.683-0700][gc,start      ] GC(365) Pause Young (Normal) (G1 Evacuation Pause)
[2021-04-18T05:38:57.683-0700][gc,task       ] GC(365) Using 8 workers of 8 for evacuation
[2021-04-18T05:38:57.689-0700][gc,phases     ] GC(365)   Pre Evacuate Collection Set: 0.0ms
[2021-04-18T05:38:57.689-0700][gc,phases     ] GC(365)   Evacuate Collection Set: 4.9ms
[2021-04-18T05:38:57.689-0700][gc,phases     ] GC(365)   Post Evacuate Collection Set: 1.2ms
[2021-04-18T05:38:57.689-0700][gc,phases     ] GC(365)   Other: 0.5ms
[2021-04-18T05:38:57.689-0700][gc,heap       ] GC(365) Eden regions: 612->0(611)
[2021-04-18T05:38:57.689-0700][gc,heap       ] GC(365) Survivor regions: 2->3(77)
[2021-04-18T05:38:57.689-0700][gc,heap       ] GC(365) Old regions: 107->107
[2021-04-18T05:38:57.689-0700][gc,heap       ] GC(365) Humongous regions: 129->129
[2021-04-18T05:38:57.689-0700][gc,metaspace  ] GC(365) Metaspace: 41454K->41454K(1087488K)
[2021-04-18T05:38:57.690-0700][gc            ] GC(365) Pause Young (Normal) (G1 Evacuation Pause) 848M->236M(1024M) 6.842ms
[2021-04-18T05:38:57.690-0700][gc,cpu        ] GC(365) User=0.02s Sys=0.02s Real=0.01s
[2021-04-18T05:42:18.146-0700][gc,start      ] GC(366) Pause Young (Normal) (G1 Evacuation Pause)
[2021-04-18T05:42:18.146-0700][gc,task       ] GC(366) Using 8 workers of 8 for evacuation
[2021-04-18T05:42:18.153-0700][gc,phases     ] GC(366)   Pre Evacuate Collection Set: 0.0ms
[2021-04-18T05:42:18.153-0700][gc,phases     ] GC(366)   Evacuate Collection Set: 5.6ms
[2021-04-18T05:42:18.153-0700][gc,phases     ] GC(366)   Post Evacuate Collection Set: 1.4ms
[2021-04-18T05:42:18.153-0700][gc,phases     ] GC(366)   Other: 0.5ms
[2021-04-18T05:42:18.153-0700][gc,heap       ] GC(366) Eden regions: 611->0(611)
[2021-04-18T05:42:18.154-0700][gc,heap       ] GC(366) Survivor regions: 3->3(77)
[2021-04-18T05:42:18.154-0700][gc,heap       ] GC(366) Old regions: 107->107
[2021-04-18T05:42:18.154-0700][gc,heap       ] GC(366) Humongous regions: 129->129
[2021-04-18T05:42:18.154-0700][gc,metaspace  ] GC(366) Metaspace: 41454K->41454K(1087488K)
[2021-04-18T05:42:18.154-0700][gc            ] GC(366) Pause Young (Normal) (G1 Evacuation Pause) 847M->236M(1024M) 7.749ms
[2021-04-18T05:42:18.154-0700][gc,cpu        ] GC(366) User=0.04s Sys=0.00s Real=0.01s
[2021-04-18T05:45:38.514-0700][gc,start      ] GC(367) Pause Young (Normal) (G1 Evacuation Pause)
[2021-04-18T05:45:38.514-0700][gc,task       ] GC(367) Using 8 workers of 8 for evacuation
[2021-04-18T05:45:38.521-0700][gc,phases     ] GC(367)   Pre Evacuate Collection Set: 0.0ms
[2021-04-18T05:45:38.521-0700][gc,phases     ] GC(367)   Evacuate Collection Set: 5.3ms
[2021-04-18T05:45:38.521-0700][gc,phases     ] GC(367)   Post Evacuate Collection Set: 1.1ms
[2021-04-18T05:45:38.521-0700][gc,phases     ] GC(367)   Other: 0.5ms
[2021-04-18T05:45:38.521-0700][gc,heap       ] GC(367) Eden regions: 611->0(611)
[2021-04-18T05:45:38.521-0700][gc,heap       ] GC(367) Survivor regions: 3->3(77)
[2021-04-18T05:45:38.521-0700][gc,heap       ] GC(367) Old regions: 107->107
[2021-04-18T05:45:38.521-0700][gc,heap       ] GC(367) Humongous regions: 129->129
[2021-04-18T05:45:38.521-0700][gc,metaspace  ] GC(367) Metaspace: 41455K->41455K(1087488K)
[2021-04-18T05:45:38.521-0700][gc            ] GC(367) Pause Young (Normal) (G1 Evacuation Pause) 847M->236M(1024M) 7.123ms
[2021-04-18T05:45:38.521-0700][gc,cpu        ] GC(367) User=0.04s Sys=0.00s Real=0.01s
[2021-04-18T05:48:58.824-0700][gc,start      ] GC(368) Pause Young (Normal) (G1 Evacuation Pause)
[2021-04-18T05:48:58.824-0700][gc,task       ] GC(368) Using 8 workers of 8 for evacuation
[2021-04-18T05:48:58.829-0700][gc,phases     ] GC(368)   Pre Evacuate Collection Set: 0.0ms
[2021-04-18T05:48:58.829-0700][gc,phases     ] GC(368)   Evacuate Collection Set: 4.5ms
[2021-04-18T05:48:58.829-0700][gc,phases     ] GC(368)   Post Evacuate Collection Set: 0.5ms
[2021-04-18T05:48:58.829-0700][gc,phases     ] GC(368)   Other: 0.4ms
[2021-04-18T05:48:58.829-0700][gc,heap       ] GC(368) Eden regions: 611->0(611)
[2021-04-18T05:48:58.829-0700][gc,heap       ] GC(368) Survivor regions: 3->3(77)
[2021-04-18T05:48:58.829-0700][gc,heap       ] GC(368) Old regions: 107->107
[2021-04-18T05:48:58.829-0700][gc,heap       ] GC(368) Humongous regions: 129->129
[2021-04-18T05:48:58.829-0700][gc,metaspace  ] GC(368) Metaspace: 41455K->41455K(1087488K)
[2021-04-18T05:48:58.829-0700][gc            ] GC(368) Pause Young (Normal) (G1 Evacuation Pause) 847M->236M(1024M) 5.532ms
[2021-04-18T05:48:58.829-0700][gc,cpu        ] GC(368) User=0.04s Sys=0.00s Real=0.01s
[2021-04-18T05:52:19.296-0700][gc,start      ] GC(369) Pause Young (Normal) (G1 Evacuation Pause)
[2021-04-18T05:52:19.296-0700][gc,task       ] GC(369) Using 8 workers of 8 for evacuation
[2021-04-18T05:52:19.303-0700][gc,phases     ] GC(369)   Pre Evacuate Collection Set: 0.0ms
[2021-04-18T05:52:19.303-0700][gc,phases     ] GC(369)   Evacuate Collection Set: 5.5ms
[2021-04-18T05:52:19.303-0700][gc,phases     ] GC(369)   Post Evacuate Collection Set: 0.6ms
[2021-04-18T05:52:19.303-0700][gc,phases     ] GC(369)   Other: 0.4ms
[2021-04-18T05:52:19.303-0700][gc,heap       ] GC(369) Eden regions: 611->0(611)
[2021-04-18T05:52:19.303-0700][gc,heap       ] GC(369) Survivor regions: 3->3(77)
[2021-04-18T05:52:19.303-0700][gc,heap       ] GC(369) Old regions: 107->107
[2021-04-18T05:52:19.303-0700][gc,heap       ] GC(369) Humongous regions: 129->129
[2021-04-18T05:52:19.303-0700][gc,metaspace  ] GC(369) Metaspace: 41455K->41455K(1087488K)
[2021-04-18T05:52:19.303-0700][gc            ] GC(369) Pause Young (Normal) (G1 Evacuation Pause) 847M->237M(1024M) 6.695ms
[2021-04-18T05:52:19.303-0700][gc,cpu        ] GC(369) User=0.04s Sys=0.00s Real=0.01s
[2021-04-18T05:55:38.767-0700][gc,start      ] GC(370) Pause Young (Normal) (G1 Evacuation Pause)
[2021-04-18T05:55:38.767-0700][gc,task       ] GC(370) Using 8 workers of 8 for evacuation
[2021-04-18T05:55:38.774-0700][gc,phases     ] GC(370)   Pre Evacuate Collection Set: 0.0ms
[2021-04-18T05:55:38.774-0700][gc,phases     ] GC(370)   Evacuate Collection Set: 5.3ms
[2021-04-18T05:55:38.774-0700][gc,phases     ] GC(370)   Post Evacuate Collection Set: 1.2ms
[2021-04-18T05:55:38.774-0700][gc,phases     ] GC(370)   Other: 0.5ms
[2021-04-18T05:55:38.774-0700][gc,heap       ] GC(370) Eden regions: 611->0(611)
[2021-04-18T05:55:38.774-0700][gc,heap       ] GC(370) Survivor regions: 3->3(77)
[2021-04-18T05:55:38.774-0700][gc,heap       ] GC(370) Old regions: 107->107
[2021-04-18T05:55:38.774-0700][gc,heap       ] GC(370) Humongous regions: 129->129
[2021-04-18T05:55:38.774-0700][gc,metaspace  ] GC(370) Metaspace: 41456K->41456K(1087488K)
[2021-04-18T05:55:38.774-0700][gc            ] GC(370) Pause Young (Normal) (G1 Evacuation Pause) 848M->236M(1024M) 7.225ms
[2021-04-18T05:55:38.774-0700][gc,cpu        ] GC(370) User=0.04s Sys=0.00s Real=0.01s
[2021-04-18T05:58:59.363-0700][gc,start      ] GC(371) Pause Young (Normal) (G1 Evacuation Pause)
[2021-04-18T05:58:59.363-0700][gc,task       ] GC(371) Using 8 workers of 8 for evacuation
[2021-04-18T05:58:59.370-0700][gc,phases     ] GC(371)   Pre Evacuate Collection Set: 0.0ms
[2021-04-18T05:58:59.370-0700][gc,phases     ] GC(371)   Evacuate Collection Set: 5.4ms
[2021-04-18T05:58:59.370-0700][gc,phases     ] GC(371)   Post Evacuate Collection Set: 1.2ms
[2021-04-18T05:58:59.370-0700][gc,phases     ] GC(371)   Other: 0.5ms
[2021-04-18T05:58:59.370-0700][gc,heap       ] GC(371) Eden regions: 611->0(611)
[2021-04-18T05:58:59.370-0700][gc,heap       ] GC(371) Survivor regions: 3->3(77)
[2021-04-18T05:58:59.370-0700][gc,heap       ] GC(371) Old regions: 107->107
[2021-04-18T05:58:59.370-0700][gc,heap       ] GC(371) Humongous regions: 129->129
[2021-04-18T05:58:59.370-0700][gc,metaspace  ] GC(371) Metaspace: 41456K->41456K(1087488K)
[2021-04-18T05:58:59.370-0700][gc            ] GC(371) Pause Young (Normal) (G1 Evacuation Pause) 847M->237M(1024M) 7.295ms
[2021-04-18T05:58:59.370-0700][gc,cpu        ] GC(371) User=0.05s Sys=0.00s Real=0.01s
[2021-04-18T06:02:19.785-0700][gc,start      ] GC(372) Pause Young (Normal) (G1 Evacuation Pause)
[2021-04-18T06:02:19.785-0700][gc,task       ] GC(372) Using 8 workers of 8 for evacuation
[2021-04-18T06:02:19.792-0700][gc,phases     ] GC(372)   Pre Evacuate Collection Set: 0.0ms
[2021-04-18T06:02:19.792-0700][gc,phases     ] GC(372)   Evacuate Collection Set: 5.5ms
[2021-04-18T06:02:19.792-0700][gc,phases     ] GC(372)   Post Evacuate Collection Set: 1.2ms
[2021-04-18T06:02:19.792-0700][gc,phases     ] GC(372)   Other: 0.5ms
[2021-04-18T06:02:19.792-0700][gc,heap       ] GC(372) Eden regions: 611->0(611)
[2021-04-18T06:02:19.792-0700][gc,heap       ] GC(372) Survivor regions: 3->3(77)
[2021-04-18T06:02:19.792-0700][gc,heap       ] GC(372) Old regions: 107->107
[2021-04-18T06:02:19.792-0700][gc,heap       ] GC(372) Humongous regions: 129->129
[2021-04-18T06:02:19.792-0700][gc,metaspace  ] GC(372) Metaspace: 41456K->41456K(1087488K)
[2021-04-18T06:02:19.792-0700][gc            ] GC(372) Pause Young (Normal) (G1 Evacuation Pause) 848M->237M(1024M) 7.479ms
[2021-04-18T06:02:19.792-0700][gc,cpu        ] GC(372) User=0.04s Sys=0.01s Real=0.01s
[2021-04-18T06:05:40.084-0700][gc,start      ] GC(373) Pause Young (Normal) (G1 Evacuation Pause)
[2021-04-18T06:05:40.084-0700][gc,task       ] GC(373) Using 8 workers of 8 for evacuation
[2021-04-18T06:05:40.092-0700][gc,phases     ] GC(373)   Pre Evacuate Collection Set: 0.0ms
[2021-04-18T06:05:40.092-0700][gc,phases     ] GC(373)   Evacuate Collection Set: 6.2ms
[2021-04-18T06:05:40.092-0700][gc,phases     ] GC(373)   Post Evacuate Collection Set: 1.3ms
[2021-04-18T06:05:40.092-0700][gc,phases     ] GC(373)   Other: 0.5ms
[2021-04-18T06:05:40.092-0700][gc,heap       ] GC(373) Eden regions: 611->0(610)
[2021-04-18T06:05:40.092-0700][gc,heap       ] GC(373) Survivor regions: 3->4(77)
[2021-04-18T06:05:40.092-0700][gc,heap       ] GC(373) Old regions: 107->107
[2021-04-18T06:05:40.092-0700][gc,heap       ] GC(373) Humongous regions: 129->129
[2021-04-18T06:05:40.092-0700][gc,metaspace  ] GC(373) Metaspace: 41456K->41456K(1087488K)
[2021-04-18T06:05:40.092-0700][gc            ] GC(373) Pause Young (Normal) (G1 Evacuation Pause) 848M->237M(1024M) 8.219ms
[2021-04-18T06:05:40.092-0700][gc,cpu        ] GC(373) User=0.04s Sys=0.00s Real=0.01s
[2021-04-18T06:09:00.339-0700][gc,start      ] GC(374) Pause Young (Normal) (G1 Evacuation Pause)
[2021-04-18T06:09:00.339-0700][gc,task       ] GC(374) Using 8 workers of 8 for evacuation
[2021-04-18T06:09:00.347-0700][gc,phases     ] GC(374)   Pre Evacuate Collection Set: 0.0ms
[2021-04-18T06:09:00.347-0700][gc,phases     ] GC(374)   Evacuate Collection Set: 6.2ms
[2021-04-18T06:09:00.347-0700][gc,phases     ] GC(374)   Post Evacuate Collection Set: 1.3ms
[2021-04-18T06:09:00.347-0700][gc,phases     ] GC(374)   Other: 0.5ms
[2021-04-18T06:09:00.347-0700][gc,heap       ] GC(374) Eden regions: 610->0(610)
[2021-04-18T06:09:00.347-0700][gc,heap       ] GC(374) Survivor regions: 4->4(77)
[2021-04-18T06:09:00.347-0700][gc,heap       ] GC(374) Old regions: 107->107
[2021-04-18T06:09:00.347-0700][gc,heap       ] GC(374) Humongous regions: 129->129
[2021-04-18T06:09:00.347-0700][gc,metaspace  ] GC(374) Metaspace: 41456K->41456K(1087488K)
[2021-04-18T06:09:00.348-0700][gc            ] GC(374) Pause Young (Normal) (G1 Evacuation Pause) 847M->237M(1024M) 8.213ms
[2021-04-18T06:09:00.348-0700][gc,cpu        ] GC(374) User=0.05s Sys=0.00s Real=0.00s
[2021-04-18T06:12:20.614-0700][gc,start      ] GC(375) Pause Young (Normal) (G1 Evacuation Pause)
[2021-04-18T06:12:20.614-0700][gc,task       ] GC(375) Using 8 workers of 8 for evacuation
[2021-04-18T06:12:20.621-0700][gc,phases     ] GC(375)   Pre Evacuate Collection Set: 0.0ms
[2021-04-18T06:12:20.622-0700][gc,phases     ] GC(375)   Evacuate Collection Set: 5.9ms
[2021-04-18T06:12:20.622-0700][gc,phases     ] GC(375)   Post Evacuate Collection Set: 1.4ms
[2021-04-18T06:12:20.622-0700][gc,phases     ] GC(375)   Other: 0.5ms
[2021-04-18T06:12:20.622-0700][gc,heap       ] GC(375) Eden regions: 610->0(610)
[2021-04-18T06:12:20.622-0700][gc,heap       ] GC(375) Survivor regions: 4->4(77)
[2021-04-18T06:12:20.622-0700][gc,heap       ] GC(375) Old regions: 107->107
[2021-04-18T06:12:20.622-0700][gc,heap       ] GC(375) Humongous regions: 129->129
[2021-04-18T06:12:20.622-0700][gc,metaspace  ] GC(375) Metaspace: 41457K->41457K(1087488K)
[2021-04-18T06:12:20.622-0700][gc            ] GC(375) Pause Young (Normal) (G1 Evacuation Pause) 847M->237M(1024M) 8.120ms
[2021-04-18T06:12:20.622-0700][gc,cpu        ] GC(375) User=0.04s Sys=0.00s Real=0.01s
[2021-04-18T06:15:40.761-0700][gc,start      ] GC(376) Pause Young (Normal) (G1 Evacuation Pause)
[2021-04-18T06:15:40.761-0700][gc,task       ] GC(376) Using 8 workers of 8 for evacuation
[2021-04-18T06:15:40.768-0700][gc,phases     ] GC(376)   Pre Evacuate Collection Set: 0.0ms
[2021-04-18T06:15:40.768-0700][gc,phases     ] GC(376)   Evacuate Collection Set: 6.1ms
[2021-04-18T06:15:40.768-0700][gc,phases     ] GC(376)   Post Evacuate Collection Set: 1.3ms
[2021-04-18T06:15:40.769-0700][gc,phases     ] GC(376)   Other: 0.5ms
[2021-04-18T06:15:40.769-0700][gc,heap       ] GC(376) Eden regions: 610->0(610)
[2021-04-18T06:15:40.769-0700][gc,heap       ] GC(376) Survivor regions: 4->4(77)
[2021-04-18T06:15:40.769-0700][gc,heap       ] GC(376) Old regions: 107->107
[2021-04-18T06:15:40.769-0700][gc,heap       ] GC(376) Humongous regions: 129->129
[2021-04-18T06:15:40.769-0700][gc,metaspace  ] GC(376) Metaspace: 41457K->41457K(1087488K)
[2021-04-18T06:15:40.769-0700][gc            ] GC(376) Pause Young (Normal) (G1 Evacuation Pause) 847M->237M(1024M) 8.103ms
[2021-04-18T06:15:40.769-0700][gc,cpu        ] GC(376) User=0.05s Sys=0.01s Real=0.01s
[2021-04-18T06:19:00.965-0700][gc,start      ] GC(377) Pause Young (Normal) (G1 Evacuation Pause)
[2021-04-18T06:19:00.965-0700][gc,task       ] GC(377) Using 8 workers of 8 for evacuation
[2021-04-18T06:19:00.973-0700][gc,phases     ] GC(377)   Pre Evacuate Collection Set: 0.0ms
[2021-04-18T06:19:00.973-0700][gc,phases     ] GC(377)   Evacuate Collection Set: 6.0ms
[2021-04-18T06:19:00.973-0700][gc,phases     ] GC(377)   Post Evacuate Collection Set: 1.3ms
[2021-04-18T06:19:00.973-0700][gc,phases     ] GC(377)   Other: 0.5ms
[2021-04-18T06:19:00.973-0700][gc,heap       ] GC(377) Eden regions: 610->0(610)
[2021-04-18T06:19:00.973-0700][gc,heap       ] GC(377) Survivor regions: 4->4(77)
[2021-04-18T06:19:00.973-0700][gc,heap       ] GC(377) Old regions: 107->107
[2021-04-18T06:19:00.973-0700][gc,heap       ] GC(377) Humongous regions: 129->129
[2021-04-18T06:19:00.973-0700][gc,metaspace  ] GC(377) Metaspace: 41457K->41457K(1087488K)
[2021-04-18T06:19:00.973-0700][gc            ] GC(377) Pause Young (Normal) (G1 Evacuation Pause) 847M->237M(1024M) 8.125ms
[2021-04-18T06:19:00.973-0700][gc,cpu        ] GC(377) User=0.04s Sys=0.01s Real=0.01s
[2021-04-18T06:22:20.965-0700][gc,start      ] GC(378) Pause Young (Normal) (G1 Evacuation Pause)
[2021-04-18T06:22:20.965-0700][gc,task       ] GC(378) Using 8 workers of 8 for evacuation
[2021-04-18T06:22:20.971-0700][gc,phases     ] GC(378)   Pre Evacuate Collection Set: 0.0ms
[2021-04-18T06:22:20.971-0700][gc,phases     ] GC(378)   Evacuate Collection Set: 5.4ms
[2021-04-18T06:22:20.971-0700][gc,phases     ] GC(378)   Post Evacuate Collection Set: 0.6ms
[2021-04-18T06:22:20.971-0700][gc,phases     ] GC(378)   Other: 0.4ms
[2021-04-18T06:22:20.971-0700][gc,heap       ] GC(378) Eden regions: 610->0(610)
[2021-04-18T06:22:20.971-0700][gc,heap       ] GC(378) Survivor regions: 4->4(77)
[2021-04-18T06:22:20.971-0700][gc,heap       ] GC(378) Old regions: 107->107
[2021-04-18T06:22:20.971-0700][gc,heap       ] GC(378) Humongous regions: 129->129
[2021-04-18T06:22:20.971-0700][gc,metaspace  ] GC(378) Metaspace: 41457K->41457K(1087488K)
[2021-04-18T06:22:20.971-0700][gc            ] GC(378) Pause Young (Normal) (G1 Evacuation Pause) 847M->237M(1024M) 6.533ms
[2021-04-18T06:22:20.971-0700][gc,cpu        ] GC(378) User=0.04s Sys=0.00s Real=0.01s
[2021-04-18T06:25:40.926-0700][gc,start      ] GC(379) Pause Young (Normal) (G1 Evacuation Pause)
[2021-04-18T06:25:40.926-0700][gc,task       ] GC(379) Using 8 workers of 8 for evacuation
[2021-04-18T06:25:40.933-0700][gc,phases     ] GC(379)   Pre Evacuate Collection Set: 0.0ms
[2021-04-18T06:25:40.933-0700][gc,phases     ] GC(379)   Evacuate Collection Set: 5.7ms
[2021-04-18T06:25:40.933-0700][gc,phases     ] GC(379)   Post Evacuate Collection Set: 0.6ms
[2021-04-18T06:25:40.933-0700][gc,phases     ] GC(379)   Other: 0.4ms
[2021-04-18T06:25:40.933-0700][gc,heap       ] GC(379) Eden regions: 610->0(610)
[2021-04-18T06:25:40.933-0700][gc,heap       ] GC(379) Survivor regions: 4->4(77)
[2021-04-18T06:25:40.933-0700][gc,heap       ] GC(379) Old regions: 107->107
[2021-04-18T06:25:40.933-0700][gc,heap       ] GC(379) Humongous regions: 129->129
[2021-04-18T06:25:40.933-0700][gc,metaspace  ] GC(379) Metaspace: 41457K->41457K(1087488K)
[2021-04-18T06:25:40.933-0700][gc            ] GC(379) Pause Young (Normal) (G1 Evacuation Pause) 847M->237M(1024M) 6.741ms
[2021-04-18T06:25:40.933-0700][gc,cpu        ] GC(379) User=0.04s Sys=0.00s Real=0.01s
[2021-04-18T06:29:01.148-0700][gc,start      ] GC(380) Pause Young (Normal) (G1 Evacuation Pause)
[2021-04-18T06:29:01.148-0700][gc,task       ] GC(380) Using 8 workers of 8 for evacuation
[2021-04-18T06:29:01.155-0700][gc,phases     ] GC(380)   Pre Evacuate Collection Set: 0.0ms
[2021-04-18T06:29:01.155-0700][gc,phases     ] GC(380)   Evacuate Collection Set: 5.6ms
[2021-04-18T06:29:01.155-0700][gc,phases     ] GC(380)   Post Evacuate Collection Set: 0.6ms
[2021-04-18T06:29:01.155-0700][gc,phases     ] GC(380)   Other: 0.4ms
[2021-04-18T06:29:01.155-0700][gc,heap       ] GC(380) Eden regions: 610->0(610)
[2021-04-18T06:29:01.155-0700][gc,heap       ] GC(380) Survivor regions: 4->4(77)
[2021-04-18T06:29:01.155-0700][gc,heap       ] GC(380) Old regions: 107->107
[2021-04-18T06:29:01.155-0700][gc,heap       ] GC(380) Humongous regions: 129->129
[2021-04-18T06:29:01.155-0700][gc,metaspace  ] GC(380) Metaspace: 41457K->41457K(1087488K)
[2021-04-18T06:29:01.155-0700][gc            ] GC(380) Pause Young (Normal) (G1 Evacuation Pause) 847M->237M(1024M) 6.777ms
[2021-04-18T06:29:01.155-0700][gc,cpu        ] GC(380) User=0.04s Sys=0.00s Real=0.01s
[2021-04-18T06:32:20.965-0700][gc,start      ] GC(381) Pause Young (Normal) (G1 Evacuation Pause)
[2021-04-18T06:32:20.965-0700][gc,task       ] GC(381) Using 8 workers of 8 for evacuation
[2021-04-18T06:32:20.973-0700][gc,phases     ] GC(381)   Pre Evacuate Collection Set: 0.0ms
[2021-04-18T06:32:20.973-0700][gc,phases     ] GC(381)   Evacuate Collection Set: 6.1ms
[2021-04-18T06:32:20.973-0700][gc,phases     ] GC(381)   Post Evacuate Collection Set: 1.4ms
[2021-04-18T06:32:20.973-0700][gc,phases     ] GC(381)   Other: 0.5ms
[2021-04-18T06:32:20.973-0700][gc,heap       ] GC(381) Eden regions: 610->0(610)
[2021-04-18T06:32:20.973-0700][gc,heap       ] GC(381) Survivor regions: 4->4(77)
[2021-04-18T06:32:20.973-0700][gc,heap       ] GC(381) Old regions: 107->107
[2021-04-18T06:32:20.973-0700][gc,heap       ] GC(381) Humongous regions: 129->129
[2021-04-18T06:32:20.973-0700][gc,metaspace  ] GC(381) Metaspace: 41457K->41457K(1087488K)
[2021-04-18T06:32:20.973-0700][gc            ] GC(381) Pause Young (Normal) (G1 Evacuation Pause) 847M->237M(1024M) 8.267ms
[2021-04-18T06:32:20.973-0700][gc,cpu        ] GC(381) User=0.04s Sys=0.00s Real=0.01s
[2021-04-18T06:35:40.840-0700][gc,start      ] GC(382) Pause Young (Normal) (G1 Evacuation Pause)
[2021-04-18T06:35:40.840-0700][gc,task       ] GC(382) Using 8 workers of 8 for evacuation
[2021-04-18T06:35:40.848-0700][gc,phases     ] GC(382)   Pre Evacuate Collection Set: 0.0ms
[2021-04-18T06:35:40.848-0700][gc,phases     ] GC(382)   Evacuate Collection Set: 6.1ms
[2021-04-18T06:35:40.848-0700][gc,phases     ] GC(382)   Post Evacuate Collection Set: 1.3ms
[2021-04-18T06:35:40.848-0700][gc,phases     ] GC(382)   Other: 0.5ms
[2021-04-18T06:35:40.848-0700][gc,heap       ] GC(382) Eden regions: 610->0(610)
[2021-04-18T06:35:40.848-0700][gc,heap       ] GC(382) Survivor regions: 4->4(77)
[2021-04-18T06:35:40.848-0700][gc,heap       ] GC(382) Old regions: 107->107
[2021-04-18T06:35:40.848-0700][gc,heap       ] GC(382) Humongous regions: 129->129
[2021-04-18T06:35:40.848-0700][gc,metaspace  ] GC(382) Metaspace: 41457K->41457K(1087488K)
[2021-04-18T06:35:40.849-0700][gc            ] GC(382) Pause Young (Normal) (G1 Evacuation Pause) 847M->237M(1024M) 8.160ms
[2021-04-18T06:35:40.849-0700][gc,cpu        ] GC(382) User=0.05s Sys=0.01s Real=0.00s
[2021-04-18T06:39:01.029-0700][gc,start      ] GC(383) Pause Young (Normal) (G1 Evacuation Pause)
[2021-04-18T06:39:01.029-0700][gc,task       ] GC(383) Using 8 workers of 8 for evacuation
[2021-04-18T06:39:01.035-0700][gc,phases     ] GC(383)   Pre Evacuate Collection Set: 0.0ms
[2021-04-18T06:39:01.036-0700][gc,phases     ] GC(383)   Evacuate Collection Set: 5.3ms
[2021-04-18T06:39:01.036-0700][gc,phases     ] GC(383)   Post Evacuate Collection Set: 0.6ms
[2021-04-18T06:39:01.036-0700][gc,phases     ] GC(383)   Other: 0.4ms
[2021-04-18T06:39:01.036-0700][gc,heap       ] GC(383) Eden regions: 610->0(610)
[2021-04-18T06:39:01.036-0700][gc,heap       ] GC(383) Survivor regions: 4->4(77)
[2021-04-18T06:39:01.036-0700][gc,heap       ] GC(383) Old regions: 107->107
[2021-04-18T06:39:01.036-0700][gc,heap       ] GC(383) Humongous regions: 129->129
[2021-04-18T06:39:01.036-0700][gc,metaspace  ] GC(383) Metaspace: 41457K->41457K(1087488K)
[2021-04-18T06:39:01.036-0700][gc            ] GC(383) Pause Young (Normal) (G1 Evacuation Pause) 847M->237M(1024M) 6.446ms
[2021-04-18T06:39:01.036-0700][gc,cpu        ] GC(383) User=0.05s Sys=0.00s Real=0.00s
[2021-04-18T06:42:21.136-0700][gc,start      ] GC(384) Pause Young (Normal) (G1 Evacuation Pause)
[2021-04-18T06:42:21.136-0700][gc,task       ] GC(384) Using 8 workers of 8 for evacuation
[2021-04-18T06:42:21.142-0700][gc,phases     ] GC(384)   Pre Evacuate Collection Set: 0.0ms
[2021-04-18T06:42:21.142-0700][gc,phases     ] GC(384)   Evacuate Collection Set: 4.4ms
[2021-04-18T06:42:21.142-0700][gc,phases     ] GC(384)   Post Evacuate Collection Set: 1.5ms
[2021-04-18T06:42:21.142-0700][gc,phases     ] GC(384)   Other: 0.5ms
[2021-04-18T06:42:21.142-0700][gc,heap       ] GC(384) Eden regions: 610->0(612)
[2021-04-18T06:42:21.142-0700][gc,heap       ] GC(384) Survivor regions: 4->2(77)
[2021-04-18T06:42:21.142-0700][gc,heap       ] GC(384) Old regions: 107->107
[2021-04-18T06:42:21.142-0700][gc,heap       ] GC(384) Humongous regions: 129->129
[2021-04-18T06:42:21.142-0700][gc,metaspace  ] GC(384) Metaspace: 41458K->41458K(1087488K)
[2021-04-18T06:42:21.142-0700][gc            ] GC(384) Pause Young (Normal) (G1 Evacuation Pause) 847M->236M(1024M) 6.742ms
[2021-04-18T06:42:21.142-0700][gc,cpu        ] GC(384) User=0.04s Sys=0.00s Real=0.01s
[2021-04-18T06:45:41.822-0700][gc,start      ] GC(385) Pause Young (Normal) (G1 Evacuation Pause)
[2021-04-18T06:45:41.822-0700][gc,task       ] GC(385) Using 8 workers of 8 for evacuation
[2021-04-18T06:45:41.828-0700][gc,phases     ] GC(385)   Pre Evacuate Collection Set: 0.0ms
[2021-04-18T06:45:41.828-0700][gc,phases     ] GC(385)   Evacuate Collection Set: 4.7ms
[2021-04-18T06:45:41.828-0700][gc,phases     ] GC(385)   Post Evacuate Collection Set: 1.2ms
[2021-04-18T06:45:41.828-0700][gc,phases     ] GC(385)   Other: 0.5ms
[2021-04-18T06:45:41.829-0700][gc,heap       ] GC(385) Eden regions: 612->0(611)
[2021-04-18T06:45:41.829-0700][gc,heap       ] GC(385) Survivor regions: 2->3(77)
[2021-04-18T06:45:41.829-0700][gc,heap       ] GC(385) Old regions: 107->107
[2021-04-18T06:45:41.829-0700][gc,heap       ] GC(385) Humongous regions: 129->129
[2021-04-18T06:45:41.829-0700][gc,metaspace  ] GC(385) Metaspace: 41459K->41459K(1087488K)
[2021-04-18T06:45:41.829-0700][gc            ] GC(385) Pause Young (Normal) (G1 Evacuation Pause) 848M->236M(1024M) 6.611ms
[2021-04-18T06:45:41.829-0700][gc,cpu        ] GC(385) User=0.04s Sys=0.00s Real=0.01s
[2021-04-18T06:49:02.396-0700][gc,start      ] GC(386) Pause Young (Normal) (G1 Evacuation Pause)
[2021-04-18T06:49:02.396-0700][gc,task       ] GC(386) Using 8 workers of 8 for evacuation
[2021-04-18T06:49:02.403-0700][gc,phases     ] GC(386)   Pre Evacuate Collection Set: 0.0ms
[2021-04-18T06:49:02.403-0700][gc,phases     ] GC(386)   Evacuate Collection Set: 5.2ms
[2021-04-18T06:49:02.403-0700][gc,phases     ] GC(386)   Post Evacuate Collection Set: 1.3ms
[2021-04-18T06:49:02.403-0700][gc,phases     ] GC(386)   Other: 0.4ms
[2021-04-18T06:49:02.403-0700][gc,heap       ] GC(386) Eden regions: 611->0(611)
[2021-04-18T06:49:02.403-0700][gc,heap       ] GC(386) Survivor regions: 3->3(77)
[2021-04-18T06:49:02.403-0700][gc,heap       ] GC(386) Old regions: 107->107
[2021-04-18T06:49:02.403-0700][gc,heap       ] GC(386) Humongous regions: 129->129
[2021-04-18T06:49:02.403-0700][gc,metaspace  ] GC(386) Metaspace: 41459K->41459K(1087488K)
[2021-04-18T06:49:02.403-0700][gc            ] GC(386) Pause Young (Normal) (G1 Evacuation Pause) 847M->236M(1024M) 7.293ms
[2021-04-18T06:49:02.403-0700][gc,cpu        ] GC(386) User=0.04s Sys=0.00s Real=0.01s
[2021-04-18T06:52:22.892-0700][gc,start      ] GC(387) Pause Young (Normal) (G1 Evacuation Pause)
[2021-04-18T06:52:22.893-0700][gc,task       ] GC(387) Using 8 workers of 8 for evacuation
[2021-04-18T06:52:22.899-0700][gc,phases     ] GC(387)   Pre Evacuate Collection Set: 0.1ms
[2021-04-18T06:52:22.899-0700][gc,phases     ] GC(387)   Evacuate Collection Set: 5.1ms
[2021-04-18T06:52:22.899-0700][gc,phases     ] GC(387)   Post Evacuate Collection Set: 1.3ms
[2021-04-18T06:52:22.900-0700][gc,phases     ] GC(387)   Other: 0.5ms
[2021-04-18T06:52:22.900-0700][gc,heap       ] GC(387) Eden regions: 611->0(611)
[2021-04-18T06:52:22.900-0700][gc,heap       ] GC(387) Survivor regions: 3->3(77)
[2021-04-18T06:52:22.900-0700][gc,heap       ] GC(387) Old regions: 107->107
[2021-04-18T06:52:22.900-0700][gc,heap       ] GC(387) Humongous regions: 129->129
[2021-04-18T06:52:22.900-0700][gc,metaspace  ] GC(387) Metaspace: 41459K->41459K(1087488K)
[2021-04-18T06:52:22.900-0700][gc            ] GC(387) Pause Young (Normal) (G1 Evacuation Pause) 847M->236M(1024M) 7.156ms
[2021-04-18T06:52:22.900-0700][gc,cpu        ] GC(387) User=0.04s Sys=0.00s Real=0.01s
[2021-04-18T06:55:42.786-0700][gc,start      ] GC(388) Pause Young (Normal) (G1 Evacuation Pause)
[2021-04-18T06:55:42.786-0700][gc,task       ] GC(388) Using 8 workers of 8 for evacuation
[2021-04-18T06:55:42.793-0700][gc,phases     ] GC(388)   Pre Evacuate Collection Set: 0.0ms
[2021-04-18T06:55:42.793-0700][gc,phases     ] GC(388)   Evacuate Collection Set: 4.9ms
[2021-04-18T06:55:42.793-0700][gc,phases     ] GC(388)   Post Evacuate Collection Set: 1.2ms
[2021-04-18T06:55:42.793-0700][gc,phases     ] GC(388)   Other: 0.5ms
[2021-04-18T06:55:42.793-0700][gc,heap       ] GC(388) Eden regions: 611->0(611)
[2021-04-18T06:55:42.793-0700][gc,heap       ] GC(388) Survivor regions: 3->3(77)
[2021-04-18T06:55:42.793-0700][gc,heap       ] GC(388) Old regions: 107->107
[2021-04-18T06:55:42.793-0700][gc,heap       ] GC(388) Humongous regions: 129->129
[2021-04-18T06:55:42.793-0700][gc,metaspace  ] GC(388) Metaspace: 41459K->41459K(1087488K)
[2021-04-18T06:55:42.793-0700][gc            ] GC(388) Pause Young (Normal) (G1 Evacuation Pause) 847M->236M(1024M) 6.796ms
[2021-04-18T06:55:42.793-0700][gc,cpu        ] GC(388) User=0.05s Sys=0.00s Real=0.01s
[2021-04-18T06:59:03.301-0700][gc,start      ] GC(389) Pause Young (Normal) (G1 Evacuation Pause)
[2021-04-18T06:59:03.301-0700][gc,task       ] GC(389) Using 8 workers of 8 for evacuation
[2021-04-18T06:59:03.308-0700][gc,phases     ] GC(389)   Pre Evacuate Collection Set: 0.0ms
[2021-04-18T06:59:03.308-0700][gc,phases     ] GC(389)   Evacuate Collection Set: 5.2ms
[2021-04-18T06:59:03.308-0700][gc,phases     ] GC(389)   Post Evacuate Collection Set: 1.2ms
[2021-04-18T06:59:03.308-0700][gc,phases     ] GC(389)   Other: 0.5ms
[2021-04-18T06:59:03.308-0700][gc,heap       ] GC(389) Eden regions: 611->0(611)
[2021-04-18T06:59:03.308-0700][gc,heap       ] GC(389) Survivor regions: 3->3(77)
[2021-04-18T06:59:03.308-0700][gc,heap       ] GC(389) Old regions: 107->107
[2021-04-18T06:59:03.308-0700][gc,heap       ] GC(389) Humongous regions: 129->129
[2021-04-18T06:59:03.308-0700][gc,metaspace  ] GC(389) Metaspace: 41459K->41459K(1087488K)
[2021-04-18T06:59:03.308-0700][gc            ] GC(389) Pause Young (Normal) (G1 Evacuation Pause) 847M->237M(1024M) 7.169ms
[2021-04-18T06:59:03.308-0700][gc,cpu        ] GC(389) User=0.05s Sys=0.00s Real=0.00s
[2021-04-18T07:02:23.724-0700][gc,start      ] GC(390) Pause Young (Normal) (G1 Evacuation Pause)
[2021-04-18T07:02:23.724-0700][gc,task       ] GC(390) Using 8 workers of 8 for evacuation
[2021-04-18T07:02:23.731-0700][gc,phases     ] GC(390)   Pre Evacuate Collection Set: 0.0ms
[2021-04-18T07:02:23.731-0700][gc,phases     ] GC(390)   Evacuate Collection Set: 5.4ms
[2021-04-18T07:02:23.731-0700][gc,phases     ] GC(390)   Post Evacuate Collection Set: 1.2ms
[2021-04-18T07:02:23.731-0700][gc,phases     ] GC(390)   Other: 0.5ms
[2021-04-18T07:02:23.731-0700][gc,heap       ] GC(390) Eden regions: 611->0(611)
[2021-04-18T07:02:23.731-0700][gc,heap       ] GC(390) Survivor regions: 3->3(77)
[2021-04-18T07:02:23.731-0700][gc,heap       ] GC(390) Old regions: 107->107
[2021-04-18T07:02:23.731-0700][gc,heap       ] GC(390) Humongous regions: 129->129
[2021-04-18T07:02:23.731-0700][gc,metaspace  ] GC(390) Metaspace: 41459K->41459K(1087488K)
[2021-04-18T07:02:23.731-0700][gc            ] GC(390) Pause Young (Normal) (G1 Evacuation Pause) 848M->237M(1024M) 7.332ms
[2021-04-18T07:02:23.731-0700][gc,cpu        ] GC(390) User=0.04s Sys=0.00s Real=0.01s
[2021-04-18T07:05:43.966-0700][gc,start      ] GC(391) Pause Young (Normal) (G1 Evacuation Pause)
[2021-04-18T07:05:43.966-0700][gc,task       ] GC(391) Using 8 workers of 8 for evacuation
[2021-04-18T07:05:43.973-0700][gc,phases     ] GC(391)   Pre Evacuate Collection Set: 0.0ms
[2021-04-18T07:05:43.973-0700][gc,phases     ] GC(391)   Evacuate Collection Set: 5.3ms
[2021-04-18T07:05:43.973-0700][gc,phases     ] GC(391)   Post Evacuate Collection Set: 0.8ms
[2021-04-18T07:05:43.973-0700][gc,phases     ] GC(391)   Other: 0.4ms
[2021-04-18T07:05:43.973-0700][gc,heap       ] GC(391) Eden regions: 611->0(611)
[2021-04-18T07:05:43.973-0700][gc,heap       ] GC(391) Survivor regions: 3->3(77)
[2021-04-18T07:05:43.973-0700][gc,heap       ] GC(391) Old regions: 107->107
[2021-04-18T07:05:43.973-0700][gc,heap       ] GC(391) Humongous regions: 129->129
[2021-04-18T07:05:43.973-0700][gc,metaspace  ] GC(391) Metaspace: 41459K->41459K(1087488K)
[2021-04-18T07:05:43.973-0700][gc            ] GC(391) Pause Young (Normal) (G1 Evacuation Pause) 848M->237M(1024M) 6.608ms
[2021-04-18T07:05:43.973-0700][gc,cpu        ] GC(391) User=0.04s Sys=0.00s Real=0.01s
[2021-04-18T07:09:04.400-0700][gc,start      ] GC(392) Pause Young (Normal) (G1 Evacuation Pause)
[2021-04-18T07:09:04.400-0700][gc,task       ] GC(392) Using 8 workers of 8 for evacuation
[2021-04-18T07:09:04.406-0700][gc,phases     ] GC(392)   Pre Evacuate Collection Set: 0.0ms
[2021-04-18T07:09:04.406-0700][gc,phases     ] GC(392)   Evacuate Collection Set: 5.2ms
[2021-04-18T07:09:04.406-0700][gc,phases     ] GC(392)   Post Evacuate Collection Set: 0.7ms
[2021-04-18T07:09:04.406-0700][gc,phases     ] GC(392)   Other: 0.4ms
[2021-04-18T07:09:04.406-0700][gc,heap       ] GC(392) Eden regions: 611->0(611)
[2021-04-18T07:09:04.406-0700][gc,heap       ] GC(392) Survivor regions: 3->3(77)
[2021-04-18T07:09:04.406-0700][gc,heap       ] GC(392) Old regions: 107->107
[2021-04-18T07:09:04.406-0700][gc,heap       ] GC(392) Humongous regions: 129->129
[2021-04-18T07:09:04.406-0700][gc,metaspace  ] GC(392) Metaspace: 41459K->41459K(1087488K)
[2021-04-18T07:09:04.406-0700][gc            ] GC(392) Pause Young (Normal) (G1 Evacuation Pause) 848M->237M(1024M) 6.355ms
[2021-04-18T07:09:04.406-0700][gc,cpu        ] GC(392) User=0.04s Sys=0.00s Real=0.00s
[2021-04-18T07:12:24.755-0700][gc,start      ] GC(393) Pause Young (Normal) (G1 Evacuation Pause)
[2021-04-18T07:12:24.755-0700][gc,task       ] GC(393) Using 8 workers of 8 for evacuation
[2021-04-18T07:12:24.761-0700][gc,phases     ] GC(393)   Pre Evacuate Collection Set: 0.0ms
[2021-04-18T07:12:24.761-0700][gc,phases     ] GC(393)   Evacuate Collection Set: 5.1ms
[2021-04-18T07:12:24.761-0700][gc,phases     ] GC(393)   Post Evacuate Collection Set: 0.6ms
[2021-04-18T07:12:24.761-0700][gc,phases     ] GC(393)   Other: 0.4ms
[2021-04-18T07:12:24.761-0700][gc,heap       ] GC(393) Eden regions: 611->0(610)
[2021-04-18T07:12:24.761-0700][gc,heap       ] GC(393) Survivor regions: 3->4(77)
[2021-04-18T07:12:24.761-0700][gc,heap       ] GC(393) Old regions: 107->107
[2021-04-18T07:12:24.761-0700][gc,heap       ] GC(393) Humongous regions: 129->129
[2021-04-18T07:12:24.761-0700][gc,metaspace  ] GC(393) Metaspace: 41459K->41459K(1087488K)
[2021-04-18T07:12:24.761-0700][gc            ] GC(393) Pause Young (Normal) (G1 Evacuation Pause) 848M->237M(1024M) 6.223ms
[2021-04-18T07:12:24.761-0700][gc,cpu        ] GC(393) User=0.04s Sys=0.01s Real=0.01s
[2021-04-18T07:15:44.814-0700][gc,start      ] GC(394) Pause Young (Normal) (G1 Evacuation Pause)
[2021-04-18T07:15:44.814-0700][gc,task       ] GC(394) Using 8 workers of 8 for evacuation
[2021-04-18T07:15:44.820-0700][gc,phases     ] GC(394)   Pre Evacuate Collection Set: 0.0ms
[2021-04-18T07:15:44.820-0700][gc,phases     ] GC(394)   Evacuate Collection Set: 5.7ms
[2021-04-18T07:15:44.820-0700][gc,phases     ] GC(394)   Post Evacuate Collection Set: 0.6ms
[2021-04-18T07:15:44.820-0700][gc,phases     ] GC(394)   Other: 0.4ms
[2021-04-18T07:15:44.820-0700][gc,heap       ] GC(394) Eden regions: 610->0(610)
[2021-04-18T07:15:44.820-0700][gc,heap       ] GC(394) Survivor regions: 4->4(77)
[2021-04-18T07:15:44.820-0700][gc,heap       ] GC(394) Old regions: 107->107
[2021-04-18T07:15:44.820-0700][gc,heap       ] GC(394) Humongous regions: 129->129
[2021-04-18T07:15:44.821-0700][gc,metaspace  ] GC(394) Metaspace: 41459K->41459K(1087488K)
[2021-04-18T07:15:44.821-0700][gc            ] GC(394) Pause Young (Normal) (G1 Evacuation Pause) 847M->237M(1024M) 6.801ms
[2021-04-18T07:15:44.821-0700][gc,cpu        ] GC(394) User=0.05s Sys=0.00s Real=0.01s
[2021-04-18T07:19:05.172-0700][gc,start      ] GC(395) Pause Young (Normal) (G1 Evacuation Pause)
[2021-04-18T07:19:05.172-0700][gc,task       ] GC(395) Using 8 workers of 8 for evacuation
[2021-04-18T07:19:05.179-0700][gc,phases     ] GC(395)   Pre Evacuate Collection Set: 0.0ms
[2021-04-18T07:19:05.179-0700][gc,phases     ] GC(395)   Evacuate Collection Set: 5.9ms
[2021-04-18T07:19:05.179-0700][gc,phases     ] GC(395)   Post Evacuate Collection Set: 1.2ms
[2021-04-18T07:19:05.180-0700][gc,phases     ] GC(395)   Other: 0.5ms
[2021-04-18T07:19:05.180-0700][gc,heap       ] GC(395) Eden regions: 610->0(610)
[2021-04-18T07:19:05.180-0700][gc,heap       ] GC(395) Survivor regions: 4->4(77)
[2021-04-18T07:19:05.180-0700][gc,heap       ] GC(395) Old regions: 107->107
[2021-04-18T07:19:05.180-0700][gc,heap       ] GC(395) Humongous regions: 129->129
[2021-04-18T07:19:05.180-0700][gc,metaspace  ] GC(395) Metaspace: 41459K->41459K(1087488K)
[2021-04-18T07:19:05.180-0700][gc            ] GC(395) Pause Young (Normal) (G1 Evacuation Pause) 847M->237M(1024M) 7.865ms
[2021-04-18T07:19:05.180-0700][gc,cpu        ] GC(395) User=0.05s Sys=0.00s Real=0.01s
[2021-04-18T07:22:25.377-0700][gc,start      ] GC(396) Pause Young (Normal) (G1 Evacuation Pause)
[2021-04-18T07:22:25.377-0700][gc,task       ] GC(396) Using 8 workers of 8 for evacuation
[2021-04-18T07:22:25.385-0700][gc,phases     ] GC(396)   Pre Evacuate Collection Set: 0.0ms
[2021-04-18T07:22:25.385-0700][gc,phases     ] GC(396)   Evacuate Collection Set: 6.2ms
[2021-04-18T07:22:25.385-0700][gc,phases     ] GC(396)   Post Evacuate Collection Set: 1.3ms
[2021-04-18T07:22:25.385-0700][gc,phases     ] GC(396)   Other: 0.5ms
[2021-04-18T07:22:25.385-0700][gc,heap       ] GC(396) Eden regions: 610->0(610)
[2021-04-18T07:22:25.385-0700][gc,heap       ] GC(396) Survivor regions: 4->4(77)
[2021-04-18T07:22:25.385-0700][gc,heap       ] GC(396) Old regions: 107->107
[2021-04-18T07:22:25.385-0700][gc,heap       ] GC(396) Humongous regions: 129->129
[2021-04-18T07:22:25.385-0700][gc,metaspace  ] GC(396) Metaspace: 41459K->41459K(1087488K)
[2021-04-18T07:22:25.385-0700][gc            ] GC(396) Pause Young (Normal) (G1 Evacuation Pause) 847M->237M(1024M) 8.212ms
[2021-04-18T07:22:25.385-0700][gc,cpu        ] GC(396) User=0.05s Sys=0.00s Real=0.00s
[2021-04-18T07:25:45.038-0700][gc,start      ] GC(397) Pause Young (Normal) (G1 Evacuation Pause)
[2021-04-18T07:25:45.038-0700][gc,task       ] GC(397) Using 8 workers of 8 for evacuation
[2021-04-18T07:25:45.046-0700][gc,phases     ] GC(397)   Pre Evacuate Collection Set: 0.0ms
[2021-04-18T07:25:45.046-0700][gc,phases     ] GC(397)   Evacuate Collection Set: 5.9ms
[2021-04-18T07:25:45.046-0700][gc,phases     ] GC(397)   Post Evacuate Collection Set: 1.3ms
[2021-04-18T07:25:45.046-0700][gc,phases     ] GC(397)   Other: 0.5ms
[2021-04-18T07:25:45.046-0700][gc,heap       ] GC(397) Eden regions: 610->0(610)
[2021-04-18T07:25:45.046-0700][gc,heap       ] GC(397) Survivor regions: 4->4(77)
[2021-04-18T07:25:45.046-0700][gc,heap       ] GC(397) Old regions: 107->107
[2021-04-18T07:25:45.046-0700][gc,heap       ] GC(397) Humongous regions: 129->129
[2021-04-18T07:25:45.046-0700][gc,metaspace  ] GC(397) Metaspace: 41459K->41459K(1087488K)
[2021-04-18T07:25:45.046-0700][gc            ] GC(397) Pause Young (Normal) (G1 Evacuation Pause) 847M->237M(1024M) 7.983ms
[2021-04-18T07:25:45.046-0700][gc,cpu        ] GC(397) User=0.05s Sys=0.00s Real=0.00s
[2021-04-18T07:29:05.181-0700][gc,start      ] GC(398) Pause Young (Normal) (G1 Evacuation Pause)
[2021-04-18T07:29:05.181-0700][gc,task       ] GC(398) Using 8 workers of 8 for evacuation
[2021-04-18T07:29:05.189-0700][gc,phases     ] GC(398)   Pre Evacuate Collection Set: 0.0ms
[2021-04-18T07:29:05.189-0700][gc,phases     ] GC(398)   Evacuate Collection Set: 5.8ms
[2021-04-18T07:29:05.189-0700][gc,phases     ] GC(398)   Post Evacuate Collection Set: 1.2ms
[2021-04-18T07:29:05.189-0700][gc,phases     ] GC(398)   Other: 0.5ms
[2021-04-18T07:29:05.189-0700][gc,heap       ] GC(398) Eden regions: 610->0(610)
[2021-04-18T07:29:05.189-0700][gc,heap       ] GC(398) Survivor regions: 4->4(77)
[2021-04-18T07:29:05.189-0700][gc,heap       ] GC(398) Old regions: 107->107
[2021-04-18T07:29:05.189-0700][gc,heap       ] GC(398) Humongous regions: 129->129
[2021-04-18T07:29:05.189-0700][gc,metaspace  ] GC(398) Metaspace: 41459K->41459K(1087488K)
[2021-04-18T07:29:05.189-0700][gc            ] GC(398) Pause Young (Normal) (G1 Evacuation Pause) 847M->237M(1024M) 7.748ms
[2021-04-18T07:29:05.189-0700][gc,cpu        ] GC(398) User=0.04s Sys=0.01s Real=0.01s
[2021-04-18T07:32:25.271-0700][gc,start      ] GC(399) Pause Young (Normal) (G1 Evacuation Pause)
[2021-04-18T07:32:25.271-0700][gc,task       ] GC(399) Using 8 workers of 8 for evacuation
[2021-04-18T07:32:25.279-0700][gc,phases     ] GC(399)   Pre Evacuate Collection Set: 0.0ms
[2021-04-18T07:32:25.279-0700][gc,phases     ] GC(399)   Evacuate Collection Set: 6.2ms
[2021-04-18T07:32:25.279-0700][gc,phases     ] GC(399)   Post Evacuate Collection Set: 1.2ms
[2021-04-18T07:32:25.279-0700][gc,phases     ] GC(399)   Other: 0.5ms
[2021-04-18T07:32:25.279-0700][gc,heap       ] GC(399) Eden regions: 610->0(610)
[2021-04-18T07:32:25.279-0700][gc,heap       ] GC(399) Survivor regions: 4->4(77)
[2021-04-18T07:32:25.279-0700][gc,heap       ] GC(399) Old regions: 107->107
[2021-04-18T07:32:25.279-0700][gc,heap       ] GC(399) Humongous regions: 129->129
[2021-04-18T07:32:25.279-0700][gc,metaspace  ] GC(399) Metaspace: 41459K->41459K(1087488K)
[2021-04-18T07:32:25.279-0700][gc            ] GC(399) Pause Young (Normal) (G1 Evacuation Pause) 847M->237M(1024M) 8.172ms
[2021-04-18T07:32:25.279-0700][gc,cpu        ] GC(399) User=0.05s Sys=0.00s Real=0.01s
[2021-04-18T07:35:45.298-0700][gc,start      ] GC(400) Pause Young (Normal) (G1 Evacuation Pause)
[2021-04-18T07:35:45.298-0700][gc,task       ] GC(400) Using 8 workers of 8 for evacuation
[2021-04-18T07:35:45.306-0700][gc,phases     ] GC(400)   Pre Evacuate Collection Set: 0.0ms
[2021-04-18T07:35:45.306-0700][gc,phases     ] GC(400)   Evacuate Collection Set: 5.9ms
[2021-04-18T07:35:45.306-0700][gc,phases     ] GC(400)   Post Evacuate Collection Set: 1.3ms
[2021-04-18T07:35:45.306-0700][gc,phases     ] GC(400)   Other: 0.5ms
[2021-04-18T07:35:45.306-0700][gc,heap       ] GC(400) Eden regions: 610->0(610)
[2021-04-18T07:35:45.306-0700][gc,heap       ] GC(400) Survivor regions: 4->4(77)
[2021-04-18T07:35:45.306-0700][gc,heap       ] GC(400) Old regions: 107->107
[2021-04-18T07:35:45.306-0700][gc,heap       ] GC(400) Humongous regions: 129->129
[2021-04-18T07:35:45.306-0700][gc,metaspace  ] GC(400) Metaspace: 41459K->41459K(1087488K)
[2021-04-18T07:35:45.306-0700][gc            ] GC(400) Pause Young (Normal) (G1 Evacuation Pause) 847M->237M(1024M) 8.017ms
[2021-04-18T07:35:45.306-0700][gc,cpu        ] GC(400) User=0.05s Sys=0.00s Real=0.00s
[2021-04-18T07:39:05.529-0700][gc,start      ] GC(401) Pause Young (Normal) (G1 Evacuation Pause)
[2021-04-18T07:39:05.529-0700][gc,task       ] GC(401) Using 8 workers of 8 for evacuation
[2021-04-18T07:39:05.537-0700][gc,phases     ] GC(401)   Pre Evacuate Collection Set: 0.0ms
[2021-04-18T07:39:05.537-0700][gc,phases     ] GC(401)   Evacuate Collection Set: 6.0ms
[2021-04-18T07:39:05.537-0700][gc,phases     ] GC(401)   Post Evacuate Collection Set: 1.4ms
[2021-04-18T07:39:05.537-0700][gc,phases     ] GC(401)   Other: 0.5ms
[2021-04-18T07:39:05.537-0700][gc,heap       ] GC(401) Eden regions: 610->0(610)
[2021-04-18T07:39:05.537-0700][gc,heap       ] GC(401) Survivor regions: 4->4(77)
[2021-04-18T07:39:05.537-0700][gc,heap       ] GC(401) Old regions: 107->107
[2021-04-18T07:39:05.537-0700][gc,heap       ] GC(401) Humongous regions: 129->129
[2021-04-18T07:39:05.537-0700][gc,metaspace  ] GC(401) Metaspace: 41459K->41459K(1087488K)
[2021-04-18T07:39:05.537-0700][gc            ] GC(401) Pause Young (Normal) (G1 Evacuation Pause) 847M->237M(1024M) 8.093ms
[2021-04-18T07:39:05.537-0700][gc,cpu        ] GC(401) User=0.05s Sys=0.00s Real=0.01s
[2021-04-18T07:42:25.854-0700][gc,start      ] GC(402) Pause Young (Normal) (G1 Evacuation Pause)
[2021-04-18T07:42:25.854-0700][gc,task       ] GC(402) Using 8 workers of 8 for evacuation
[2021-04-18T07:42:25.862-0700][gc,phases     ] GC(402)   Pre Evacuate Collection Set: 0.0ms
[2021-04-18T07:42:25.862-0700][gc,phases     ] GC(402)   Evacuate Collection Set: 5.9ms
[2021-04-18T07:42:25.862-0700][gc,phases     ] GC(402)   Post Evacuate Collection Set: 1.2ms
[2021-04-18T07:42:25.862-0700][gc,phases     ] GC(402)   Other: 0.5ms
[2021-04-18T07:42:25.862-0700][gc,heap       ] GC(402) Eden regions: 610->0(610)
[2021-04-18T07:42:25.862-0700][gc,heap       ] GC(402) Survivor regions: 4->4(77)
[2021-04-18T07:42:25.862-0700][gc,heap       ] GC(402) Old regions: 107->107
[2021-04-18T07:42:25.862-0700][gc,heap       ] GC(402) Humongous regions: 129->129
[2021-04-18T07:42:25.862-0700][gc,metaspace  ] GC(402) Metaspace: 41459K->41459K(1087488K)
[2021-04-18T07:42:25.862-0700][gc            ] GC(402) Pause Young (Normal) (G1 Evacuation Pause) 847M->237M(1024M) 7.892ms
[2021-04-18T07:42:25.862-0700][gc,cpu        ] GC(402) User=0.05s Sys=0.00s Real=0.01s
[2021-04-18T07:45:45.829-0700][gc,start      ] GC(403) Pause Young (Normal) (G1 Evacuation Pause)
[2021-04-18T07:45:45.829-0700][gc,task       ] GC(403) Using 8 workers of 8 for evacuation
[2021-04-18T07:45:45.836-0700][gc,phases     ] GC(403)   Pre Evacuate Collection Set: 0.0ms
[2021-04-18T07:45:45.836-0700][gc,phases     ] GC(403)   Evacuate Collection Set: 6.0ms
[2021-04-18T07:45:45.837-0700][gc,phases     ] GC(403)   Post Evacuate Collection Set: 1.2ms
[2021-04-18T07:45:45.837-0700][gc,phases     ] GC(403)   Other: 0.5ms
[2021-04-18T07:45:45.837-0700][gc,heap       ] GC(403) Eden regions: 610->0(610)
[2021-04-18T07:45:45.837-0700][gc,heap       ] GC(403) Survivor regions: 4->4(77)
[2021-04-18T07:45:45.837-0700][gc,heap       ] GC(403) Old regions: 107->107
[2021-04-18T07:45:45.837-0700][gc,heap       ] GC(403) Humongous regions: 129->129
[2021-04-18T07:45:45.837-0700][gc,metaspace  ] GC(403) Metaspace: 41459K->41459K(1087488K)
[2021-04-18T07:45:45.837-0700][gc            ] GC(403) Pause Young (Normal) (G1 Evacuation Pause) 847M->237M(1024M) 8.021ms
[2021-04-18T07:45:45.837-0700][gc,cpu        ] GC(403) User=0.04s Sys=0.01s Real=0.01s
[2021-04-18T07:49:05.833-0700][gc,start      ] GC(404) Pause Young (Normal) (G1 Evacuation Pause)
[2021-04-18T07:49:05.833-0700][gc,task       ] GC(404) Using 8 workers of 8 for evacuation
[2021-04-18T07:49:05.841-0700][gc,phases     ] GC(404)   Pre Evacuate Collection Set: 0.0ms
[2021-04-18T07:49:05.841-0700][gc,phases     ] GC(404)   Evacuate Collection Set: 6.0ms
[2021-04-18T07:49:05.841-0700][gc,phases     ] GC(404)   Post Evacuate Collection Set: 1.2ms
[2021-04-18T07:49:05.841-0700][gc,phases     ] GC(404)   Other: 0.5ms
[2021-04-18T07:49:05.841-0700][gc,heap       ] GC(404) Eden regions: 610->0(610)
[2021-04-18T07:49:05.841-0700][gc,heap       ] GC(404) Survivor regions: 4->4(77)
[2021-04-18T07:49:05.841-0700][gc,heap       ] GC(404) Old regions: 107->107
[2021-04-18T07:49:05.841-0700][gc,heap       ] GC(404) Humongous regions: 129->129
[2021-04-18T07:49:05.841-0700][gc,metaspace  ] GC(404) Metaspace: 41460K->41460K(1087488K)
[2021-04-18T07:49:05.841-0700][gc            ] GC(404) Pause Young (Normal) (G1 Evacuation Pause) 847M->238M(1024M) 7.958ms
[2021-04-18T07:49:05.841-0700][gc,cpu        ] GC(404) User=0.05s Sys=0.00s Real=0.01s
[2021-04-18T07:52:25.965-0700][gc,start      ] GC(405) Pause Young (Normal) (G1 Evacuation Pause)
[2021-04-18T07:52:25.965-0700][gc,task       ] GC(405) Using 8 workers of 8 for evacuation
[2021-04-18T07:52:25.973-0700][gc,phases     ] GC(405)   Pre Evacuate Collection Set: 0.0ms
[2021-04-18T07:52:25.973-0700][gc,phases     ] GC(405)   Evacuate Collection Set: 5.9ms
[2021-04-18T07:52:25.973-0700][gc,phases     ] GC(405)   Post Evacuate Collection Set: 1.2ms
[2021-04-18T07:52:25.973-0700][gc,phases     ] GC(405)   Other: 0.5ms
[2021-04-18T07:52:25.973-0700][gc,heap       ] GC(405) Eden regions: 610->0(610)
[2021-04-18T07:52:25.973-0700][gc,heap       ] GC(405) Survivor regions: 4->4(77)
[2021-04-18T07:52:25.973-0700][gc,heap       ] GC(405) Old regions: 107->107
[2021-04-18T07:52:25.973-0700][gc,heap       ] GC(405) Humongous regions: 129->129
[2021-04-18T07:52:25.973-0700][gc,metaspace  ] GC(405) Metaspace: 41460K->41460K(1087488K)
[2021-04-18T07:52:25.973-0700][gc            ] GC(405) Pause Young (Normal) (G1 Evacuation Pause) 848M->238M(1024M) 7.863ms
[2021-04-18T07:52:25.973-0700][gc,cpu        ] GC(405) User=0.05s Sys=0.01s Real=0.01s
[2021-04-18T07:55:44.883-0700][gc,start      ] GC(406) Pause Young (Normal) (G1 Evacuation Pause)
[2021-04-18T07:55:44.883-0700][gc,task       ] GC(406) Using 8 workers of 8 for evacuation
[2021-04-18T07:55:44.890-0700][gc,phases     ] GC(406)   Pre Evacuate Collection Set: 0.1ms
[2021-04-18T07:55:44.890-0700][gc,phases     ] GC(406)   Evacuate Collection Set: 5.3ms
[2021-04-18T07:55:44.890-0700][gc,phases     ] GC(406)   Post Evacuate Collection Set: 0.6ms
[2021-04-18T07:55:44.890-0700][gc,phases     ] GC(406)   Other: 0.4ms
[2021-04-18T07:55:44.890-0700][gc,heap       ] GC(406) Eden regions: 610->0(611)
[2021-04-18T07:55:44.890-0700][gc,heap       ] GC(406) Survivor regions: 4->3(77)
[2021-04-18T07:55:44.890-0700][gc,heap       ] GC(406) Old regions: 107->107
[2021-04-18T07:55:44.890-0700][gc,heap       ] GC(406) Humongous regions: 129->129
[2021-04-18T07:55:44.890-0700][gc,metaspace  ] GC(406) Metaspace: 41460K->41460K(1087488K)
[2021-04-18T07:55:44.890-0700][gc            ] GC(406) Pause Young (Normal) (G1 Evacuation Pause) 848M->237M(1024M) 6.456ms
[2021-04-18T07:55:44.890-0700][gc,cpu        ] GC(406) User=0.05s Sys=0.00s Real=0.01s
[2021-04-18T07:59:05.295-0700][gc,start      ] GC(407) Pause Young (Normal) (G1 Evacuation Pause)
[2021-04-18T07:59:05.295-0700][gc,task       ] GC(407) Using 8 workers of 8 for evacuation
[2021-04-18T07:59:05.302-0700][gc,phases     ] GC(407)   Pre Evacuate Collection Set: 0.0ms
[2021-04-18T07:59:05.302-0700][gc,phases     ] GC(407)   Evacuate Collection Set: 5.3ms
[2021-04-18T07:59:05.302-0700][gc,phases     ] GC(407)   Post Evacuate Collection Set: 1.2ms
[2021-04-18T07:59:05.302-0700][gc,phases     ] GC(407)   Other: 0.5ms
[2021-04-18T07:59:05.302-0700][gc,heap       ] GC(407) Eden regions: 611->0(610)
[2021-04-18T07:59:05.302-0700][gc,heap       ] GC(407) Survivor regions: 3->4(77)
[2021-04-18T07:59:05.302-0700][gc,heap       ] GC(407) Old regions: 107->107
[2021-04-18T07:59:05.302-0700][gc,heap       ] GC(407) Humongous regions: 129->129
[2021-04-18T07:59:05.302-0700][gc,metaspace  ] GC(407) Metaspace: 41460K->41460K(1087488K)
[2021-04-18T07:59:05.302-0700][gc            ] GC(407) Pause Young (Normal) (G1 Evacuation Pause) 848M->237M(1024M) 7.287ms
[2021-04-18T07:59:05.302-0700][gc,cpu        ] GC(407) User=0.04s Sys=0.00s Real=0.01s
[2021-04-18T08:02:25.520-0700][gc,start      ] GC(408) Pause Young (Normal) (G1 Evacuation Pause)
[2021-04-18T08:02:25.520-0700][gc,task       ] GC(408) Using 8 workers of 8 for evacuation
[2021-04-18T08:02:25.527-0700][gc,phases     ] GC(408)   Pre Evacuate Collection Set: 0.0ms
[2021-04-18T08:02:25.527-0700][gc,phases     ] GC(408)   Evacuate Collection Set: 5.5ms
[2021-04-18T08:02:25.527-0700][gc,phases     ] GC(408)   Post Evacuate Collection Set: 1.2ms
[2021-04-18T08:02:25.527-0700][gc,phases     ] GC(408)   Other: 0.5ms
[2021-04-18T08:02:25.527-0700][gc,heap       ] GC(408) Eden regions: 610->0(610)
[2021-04-18T08:02:25.527-0700][gc,heap       ] GC(408) Survivor regions: 4->4(77)
[2021-04-18T08:02:25.527-0700][gc,heap       ] GC(408) Old regions: 107->107
[2021-04-18T08:02:25.527-0700][gc,heap       ] GC(408) Humongous regions: 129->129
[2021-04-18T08:02:25.527-0700][gc,metaspace  ] GC(408) Metaspace: 41460K->41460K(1087488K)
[2021-04-18T08:02:25.527-0700][gc            ] GC(408) Pause Young (Normal) (G1 Evacuation Pause) 847M->237M(1024M) 7.512ms
[2021-04-18T08:02:25.527-0700][gc,cpu        ] GC(408) User=0.04s Sys=0.00s Real=0.00s
[2021-04-18T08:05:45.558-0700][gc,start      ] GC(409) Pause Young (Normal) (G1 Evacuation Pause)
[2021-04-18T08:05:45.558-0700][gc,task       ] GC(409) Using 8 workers of 8 for evacuation
[2021-04-18T08:05:45.565-0700][gc,phases     ] GC(409)   Pre Evacuate Collection Set: 0.0ms
[2021-04-18T08:05:45.565-0700][gc,phases     ] GC(409)   Evacuate Collection Set: 5.7ms
[2021-04-18T08:05:45.565-0700][gc,phases     ] GC(409)   Post Evacuate Collection Set: 1.3ms
[2021-04-18T08:05:45.565-0700][gc,phases     ] GC(409)   Other: 0.5ms
[2021-04-18T08:05:45.565-0700][gc,heap       ] GC(409) Eden regions: 610->0(610)
[2021-04-18T08:05:45.565-0700][gc,heap       ] GC(409) Survivor regions: 4->4(77)
[2021-04-18T08:05:45.565-0700][gc,heap       ] GC(409) Old regions: 107->107
[2021-04-18T08:05:45.565-0700][gc,heap       ] GC(409) Humongous regions: 129->129
[2021-04-18T08:05:45.565-0700][gc,metaspace  ] GC(409) Metaspace: 41462K->41462K(1087488K)
[2021-04-18T08:05:45.565-0700][gc            ] GC(409) Pause Young (Normal) (G1 Evacuation Pause) 847M->237M(1024M) 7.756ms
[2021-04-18T08:05:45.565-0700][gc,cpu        ] GC(409) User=0.04s Sys=0.01s Real=0.00s
[2021-04-18T08:09:05.605-0700][gc,start      ] GC(410) Pause Young (Normal) (G1 Evacuation Pause)
[2021-04-18T08:09:05.605-0700][gc,task       ] GC(410) Using 8 workers of 8 for evacuation
[2021-04-18T08:09:05.612-0700][gc,phases     ] GC(410)   Pre Evacuate Collection Set: 0.0ms
[2021-04-18T08:09:05.612-0700][gc,phases     ] GC(410)   Evacuate Collection Set: 5.7ms
[2021-04-18T08:09:05.612-0700][gc,phases     ] GC(410)   Post Evacuate Collection Set: 1.2ms
[2021-04-18T08:09:05.612-0700][gc,phases     ] GC(410)   Other: 0.5ms
[2021-04-18T08:09:05.612-0700][gc,heap       ] GC(410) Eden regions: 610->0(610)
[2021-04-18T08:09:05.612-0700][gc,heap       ] GC(410) Survivor regions: 4->4(77)
[2021-04-18T08:09:05.612-0700][gc,heap       ] GC(410) Old regions: 107->107
[2021-04-18T08:09:05.612-0700][gc,heap       ] GC(410) Humongous regions: 129->129
[2021-04-18T08:09:05.612-0700][gc,metaspace  ] GC(410) Metaspace: 41462K->41462K(1087488K)
[2021-04-18T08:09:05.613-0700][gc            ] GC(410) Pause Young (Normal) (G1 Evacuation Pause) 847M->237M(1024M) 7.623ms
[2021-04-18T08:09:05.613-0700][gc,cpu        ] GC(410) User=0.05s Sys=0.00s Real=0.01s
[2021-04-18T08:12:25.867-0700][gc,start      ] GC(411) Pause Young (Normal) (G1 Evacuation Pause)
[2021-04-18T08:12:25.867-0700][gc,task       ] GC(411) Using 8 workers of 8 for evacuation
[2021-04-18T08:12:25.873-0700][gc,phases     ] GC(411)   Pre Evacuate Collection Set: 0.0ms
[2021-04-18T08:12:25.873-0700][gc,phases     ] GC(411)   Evacuate Collection Set: 5.1ms
[2021-04-18T08:12:25.873-0700][gc,phases     ] GC(411)   Post Evacuate Collection Set: 0.6ms
[2021-04-18T08:12:25.873-0700][gc,phases     ] GC(411)   Other: 0.4ms
[2021-04-18T08:12:25.873-0700][gc,heap       ] GC(411) Eden regions: 610->0(610)
[2021-04-18T08:12:25.873-0700][gc,heap       ] GC(411) Survivor regions: 4->4(77)
[2021-04-18T08:12:25.873-0700][gc,heap       ] GC(411) Old regions: 107->107
[2021-04-18T08:12:25.873-0700][gc,heap       ] GC(411) Humongous regions: 129->129
[2021-04-18T08:12:25.873-0700][gc,metaspace  ] GC(411) Metaspace: 41462K->41462K(1087488K)
[2021-04-18T08:12:25.873-0700][gc            ] GC(411) Pause Young (Normal) (G1 Evacuation Pause) 847M->237M(1024M) 6.208ms
[2021-04-18T08:12:25.873-0700][gc,cpu        ] GC(411) User=0.04s Sys=0.00s Real=0.01s
[2021-04-18T08:15:45.965-0700][gc,start      ] GC(412) Pause Young (Normal) (G1 Evacuation Pause)
[2021-04-18T08:15:45.965-0700][gc,task       ] GC(412) Using 8 workers of 8 for evacuation
[2021-04-18T08:15:45.973-0700][gc,phases     ] GC(412)   Pre Evacuate Collection Set: 0.0ms
[2021-04-18T08:15:45.973-0700][gc,phases     ] GC(412)   Evacuate Collection Set: 5.8ms
[2021-04-18T08:15:45.973-0700][gc,phases     ] GC(412)   Post Evacuate Collection Set: 1.4ms
[2021-04-18T08:15:45.973-0700][gc,phases     ] GC(412)   Other: 0.5ms
[2021-04-18T08:15:45.973-0700][gc,heap       ] GC(412) Eden regions: 610->0(610)
[2021-04-18T08:15:45.973-0700][gc,heap       ] GC(412) Survivor regions: 4->4(77)
[2021-04-18T08:15:45.973-0700][gc,heap       ] GC(412) Old regions: 107->107
[2021-04-18T08:15:45.973-0700][gc,heap       ] GC(412) Humongous regions: 129->129
[2021-04-18T08:15:45.973-0700][gc,metaspace  ] GC(412) Metaspace: 41462K->41462K(1087488K)
[2021-04-18T08:15:45.973-0700][gc            ] GC(412) Pause Young (Normal) (G1 Evacuation Pause) 847M->237M(1024M) 7.995ms
[2021-04-18T08:15:45.973-0700][gc,cpu        ] GC(412) User=0.04s Sys=0.00s Real=0.01s
[2021-04-18T08:19:06.162-0700][gc,start      ] GC(413) Pause Young (Normal) (G1 Evacuation Pause)
[2021-04-18T08:19:06.162-0700][gc,task       ] GC(413) Using 8 workers of 8 for evacuation
[2021-04-18T08:19:06.170-0700][gc,phases     ] GC(413)   Pre Evacuate Collection Set: 0.0ms
[2021-04-18T08:19:06.170-0700][gc,phases     ] GC(413)   Evacuate Collection Set: 5.7ms
[2021-04-18T08:19:06.170-0700][gc,phases     ] GC(413)   Post Evacuate Collection Set: 1.3ms
[2021-04-18T08:19:06.170-0700][gc,phases     ] GC(413)   Other: 0.5ms
[2021-04-18T08:19:06.170-0700][gc,heap       ] GC(413) Eden regions: 610->0(610)
[2021-04-18T08:19:06.170-0700][gc,heap       ] GC(413) Survivor regions: 4->4(77)
[2021-04-18T08:19:06.170-0700][gc,heap       ] GC(413) Old regions: 107->107
[2021-04-18T08:19:06.170-0700][gc,heap       ] GC(413) Humongous regions: 129->129
[2021-04-18T08:19:06.170-0700][gc,metaspace  ] GC(413) Metaspace: 41462K->41462K(1087488K)
[2021-04-18T08:19:06.170-0700][gc            ] GC(413) Pause Young (Normal) (G1 Evacuation Pause) 847M->238M(1024M) 7.736ms
[2021-04-18T08:19:06.170-0700][gc,cpu        ] GC(413) User=0.05s Sys=0.00s Real=0.01s
[2021-04-18T08:22:26.524-0700][gc,start      ] GC(414) Pause Young (Normal) (G1 Evacuation Pause)
[2021-04-18T08:22:26.524-0700][gc,task       ] GC(414) Using 8 workers of 8 for evacuation
[2021-04-18T08:22:26.532-0700][gc,phases     ] GC(414)   Pre Evacuate Collection Set: 0.1ms
[2021-04-18T08:22:26.532-0700][gc,phases     ] GC(414)   Evacuate Collection Set: 6.0ms
[2021-04-18T08:22:26.532-0700][gc,phases     ] GC(414)   Post Evacuate Collection Set: 1.3ms
[2021-04-18T08:22:26.532-0700][gc,phases     ] GC(414)   Other: 0.5ms
[2021-04-18T08:22:26.532-0700][gc,heap       ] GC(414) Eden regions: 610->0(610)
[2021-04-18T08:22:26.532-0700][gc,heap       ] GC(414) Survivor regions: 4->4(77)
[2021-04-18T08:22:26.532-0700][gc,heap       ] GC(414) Old regions: 107->107
[2021-04-18T08:22:26.532-0700][gc,heap       ] GC(414) Humongous regions: 129->129
[2021-04-18T08:22:26.532-0700][gc,metaspace  ] GC(414) Metaspace: 41462K->41462K(1087488K)
[2021-04-18T08:22:26.532-0700][gc            ] GC(414) Pause Young (Normal) (G1 Evacuation Pause) 848M->238M(1024M) 8.014ms
[2021-04-18T08:22:26.532-0700][gc,cpu        ] GC(414) User=0.05s Sys=0.00s Real=0.01s
[2021-04-18T08:25:46.682-0700][gc,start      ] GC(415) Pause Young (Normal) (G1 Evacuation Pause)
[2021-04-18T08:25:46.682-0700][gc,task       ] GC(415) Using 8 workers of 8 for evacuation
[2021-04-18T08:25:46.690-0700][gc,phases     ] GC(415)   Pre Evacuate Collection Set: 0.0ms
[2021-04-18T08:25:46.690-0700][gc,phases     ] GC(415)   Evacuate Collection Set: 6.0ms
[2021-04-18T08:25:46.690-0700][gc,phases     ] GC(415)   Post Evacuate Collection Set: 1.5ms
[2021-04-18T08:25:46.690-0700][gc,phases     ] GC(415)   Other: 0.5ms
[2021-04-18T08:25:46.690-0700][gc,heap       ] GC(415) Eden regions: 610->0(610)
[2021-04-18T08:25:46.690-0700][gc,heap       ] GC(415) Survivor regions: 4->4(77)
[2021-04-18T08:25:46.690-0700][gc,heap       ] GC(415) Old regions: 107->107
[2021-04-18T08:25:46.690-0700][gc,heap       ] GC(415) Humongous regions: 129->129
[2021-04-18T08:25:46.690-0700][gc,metaspace  ] GC(415) Metaspace: 41462K->41462K(1087488K)
[2021-04-18T08:25:46.690-0700][gc            ] GC(415) Pause Young (Normal) (G1 Evacuation Pause) 848M->238M(1024M) 8.236ms
[2021-04-18T08:25:46.690-0700][gc,cpu        ] GC(415) User=0.05s Sys=0.01s Real=0.01s
[2021-04-18T08:29:06.798-0700][gc,start      ] GC(416) Pause Young (Normal) (G1 Evacuation Pause)
[2021-04-18T08:29:06.799-0700][gc,task       ] GC(416) Using 8 workers of 8 for evacuation
[2021-04-18T08:29:06.806-0700][gc,phases     ] GC(416)   Pre Evacuate Collection Set: 0.0ms
[2021-04-18T08:29:06.806-0700][gc,phases     ] GC(416)   Evacuate Collection Set: 6.2ms
[2021-04-18T08:29:06.807-0700][gc,phases     ] GC(416)   Post Evacuate Collection Set: 1.3ms
[2021-04-18T08:29:06.807-0700][gc,phases     ] GC(416)   Other: 0.5ms
[2021-04-18T08:29:06.807-0700][gc,heap       ] GC(416) Eden regions: 610->0(610)
[2021-04-18T08:29:06.807-0700][gc,heap       ] GC(416) Survivor regions: 4->4(77)
[2021-04-18T08:29:06.807-0700][gc,heap       ] GC(416) Old regions: 107->107
[2021-04-18T08:29:06.807-0700][gc,heap       ] GC(416) Humongous regions: 129->129
[2021-04-18T08:29:06.807-0700][gc,metaspace  ] GC(416) Metaspace: 41462K->41462K(1087488K)
[2021-04-18T08:29:06.807-0700][gc            ] GC(416) Pause Young (Normal) (G1 Evacuation Pause) 848M->238M(1024M) 8.262ms
[2021-04-18T08:29:06.807-0700][gc,cpu        ] GC(416) User=0.05s Sys=0.00s Real=0.00s
[2021-04-18T08:32:27.012-0700][gc,start      ] GC(417) Pause Young (Normal) (G1 Evacuation Pause)
[2021-04-18T08:32:27.012-0700][gc,task       ] GC(417) Using 8 workers of 8 for evacuation
[2021-04-18T08:32:27.019-0700][gc,phases     ] GC(417)   Pre Evacuate Collection Set: 0.0ms
[2021-04-18T08:32:27.019-0700][gc,phases     ] GC(417)   Evacuate Collection Set: 6.1ms
[2021-04-18T08:32:27.019-0700][gc,phases     ] GC(417)   Post Evacuate Collection Set: 1.2ms
[2021-04-18T08:32:27.019-0700][gc,phases     ] GC(417)   Other: 0.5ms
[2021-04-18T08:32:27.019-0700][gc,heap       ] GC(417) Eden regions: 610->0(610)
[2021-04-18T08:32:27.019-0700][gc,heap       ] GC(417) Survivor regions: 4->4(77)
[2021-04-18T08:32:27.019-0700][gc,heap       ] GC(417) Old regions: 107->107
[2021-04-18T08:32:27.019-0700][gc,heap       ] GC(417) Humongous regions: 129->129
[2021-04-18T08:32:27.020-0700][gc,metaspace  ] GC(417) Metaspace: 41462K->41462K(1087488K)
[2021-04-18T08:32:27.020-0700][gc            ] GC(417) Pause Young (Normal) (G1 Evacuation Pause) 848M->238M(1024M) 8.009ms
[2021-04-18T08:32:27.020-0700][gc,cpu        ] GC(417) User=0.05s Sys=0.00s Real=0.01s
[2021-04-18T08:35:46.989-0700][gc,start      ] GC(418) Pause Young (Normal) (G1 Evacuation Pause)
[2021-04-18T08:35:46.989-0700][gc,task       ] GC(418) Using 8 workers of 8 for evacuation
[2021-04-18T08:35:46.997-0700][gc,phases     ] GC(418)   Pre Evacuate Collection Set: 0.0ms
[2021-04-18T08:35:46.997-0700][gc,phases     ] GC(418)   Evacuate Collection Set: 6.0ms
[2021-04-18T08:35:46.997-0700][gc,phases     ] GC(418)   Post Evacuate Collection Set: 1.3ms
[2021-04-18T08:35:46.997-0700][gc,phases     ] GC(418)   Other: 0.5ms
[2021-04-18T08:35:46.997-0700][gc,heap       ] GC(418) Eden regions: 610->0(610)
[2021-04-18T08:35:46.997-0700][gc,heap       ] GC(418) Survivor regions: 4->4(77)
[2021-04-18T08:35:46.997-0700][gc,heap       ] GC(418) Old regions: 107->107
[2021-04-18T08:35:46.997-0700][gc,heap       ] GC(418) Humongous regions: 129->129
[2021-04-18T08:35:46.997-0700][gc,metaspace  ] GC(418) Metaspace: 41462K->41462K(1087488K)
[2021-04-18T08:35:46.997-0700][gc            ] GC(418) Pause Young (Normal) (G1 Evacuation Pause) 848M->238M(1024M) 8.000ms
[2021-04-18T08:35:46.997-0700][gc,cpu        ] GC(418) User=0.05s Sys=0.00s Real=0.01s
[2021-04-18T08:39:07.057-0700][gc,start      ] GC(419) Pause Young (Normal) (G1 Evacuation Pause)
[2021-04-18T08:39:07.057-0700][gc,task       ] GC(419) Using 8 workers of 8 for evacuation
[2021-04-18T08:39:07.065-0700][gc,phases     ] GC(419)   Pre Evacuate Collection Set: 0.0ms
[2021-04-18T08:39:07.065-0700][gc,phases     ] GC(419)   Evacuate Collection Set: 6.1ms
[2021-04-18T08:39:07.065-0700][gc,phases     ] GC(419)   Post Evacuate Collection Set: 1.3ms
[2021-04-18T08:39:07.065-0700][gc,phases     ] GC(419)   Other: 0.5ms
[2021-04-18T08:39:07.065-0700][gc,heap       ] GC(419) Eden regions: 610->0(610)
[2021-04-18T08:39:07.065-0700][gc,heap       ] GC(419) Survivor regions: 4->4(77)
[2021-04-18T08:39:07.065-0700][gc,heap       ] GC(419) Old regions: 107->107
[2021-04-18T08:39:07.065-0700][gc,heap       ] GC(419) Humongous regions: 129->129
[2021-04-18T08:39:07.065-0700][gc,metaspace  ] GC(419) Metaspace: 41462K->41462K(1087488K)
[2021-04-18T08:39:07.065-0700][gc            ] GC(419) Pause Young (Normal) (G1 Evacuation Pause) 848M->238M(1024M) 8.164ms
[2021-04-18T08:39:07.065-0700][gc,cpu        ] GC(419) User=0.05s Sys=0.00s Real=0.00s
[2021-04-18T08:42:26.765-0700][gc,start      ] GC(420) Pause Young (Normal) (G1 Evacuation Pause)
[2021-04-18T08:42:26.765-0700][gc,task       ] GC(420) Using 8 workers of 8 for evacuation
[2021-04-18T08:42:26.773-0700][gc,phases     ] GC(420)   Pre Evacuate Collection Set: 0.0ms
[2021-04-18T08:42:26.773-0700][gc,phases     ] GC(420)   Evacuate Collection Set: 5.9ms
[2021-04-18T08:42:26.773-0700][gc,phases     ] GC(420)   Post Evacuate Collection Set: 1.3ms
[2021-04-18T08:42:26.773-0700][gc,phases     ] GC(420)   Other: 0.5ms
[2021-04-18T08:42:26.773-0700][gc,heap       ] GC(420) Eden regions: 610->0(610)
[2021-04-18T08:42:26.773-0700][gc,heap       ] GC(420) Survivor regions: 4->4(77)
[2021-04-18T08:42:26.773-0700][gc,heap       ] GC(420) Old regions: 107->107
[2021-04-18T08:42:26.773-0700][gc,heap       ] GC(420) Humongous regions: 129->129
[2021-04-18T08:42:26.773-0700][gc,metaspace  ] GC(420) Metaspace: 41462K->41462K(1087488K)
[2021-04-18T08:42:26.773-0700][gc            ] GC(420) Pause Young (Normal) (G1 Evacuation Pause) 848M->238M(1024M) 7.921ms
[2021-04-18T08:42:26.773-0700][gc,cpu        ] GC(420) User=0.05s Sys=0.01s Real=0.01s
[2021-04-18T08:45:46.487-0700][gc,start      ] GC(421) Pause Young (Normal) (G1 Evacuation Pause)
[2021-04-18T08:45:46.487-0700][gc,task       ] GC(421) Using 8 workers of 8 for evacuation
[2021-04-18T08:45:46.495-0700][gc,phases     ] GC(421)   Pre Evacuate Collection Set: 0.0ms
[2021-04-18T08:45:46.495-0700][gc,phases     ] GC(421)   Evacuate Collection Set: 5.8ms
[2021-04-18T08:45:46.495-0700][gc,phases     ] GC(421)   Post Evacuate Collection Set: 1.3ms
[2021-04-18T08:45:46.495-0700][gc,phases     ] GC(421)   Other: 0.5ms
[2021-04-18T08:45:46.495-0700][gc,heap       ] GC(421) Eden regions: 610->0(610)
[2021-04-18T08:45:46.495-0700][gc,heap       ] GC(421) Survivor regions: 4->4(77)
[2021-04-18T08:45:46.495-0700][gc,heap       ] GC(421) Old regions: 107->108
[2021-04-18T08:45:46.495-0700][gc,heap       ] GC(421) Humongous regions: 129->129
[2021-04-18T08:45:46.495-0700][gc,metaspace  ] GC(421) Metaspace: 41462K->41462K(1087488K)
[2021-04-18T08:45:46.495-0700][gc            ] GC(421) Pause Young (Normal) (G1 Evacuation Pause) 848M->237M(1024M) 7.908ms
[2021-04-18T08:45:46.495-0700][gc,cpu        ] GC(421) User=0.05s Sys=0.00s Real=0.01s
[2021-04-18T08:49:06.056-0700][gc,start      ] GC(422) Pause Young (Normal) (G1 Evacuation Pause)
[2021-04-18T08:49:06.056-0700][gc,task       ] GC(422) Using 8 workers of 8 for evacuation
[2021-04-18T08:49:06.063-0700][gc,phases     ] GC(422)   Pre Evacuate Collection Set: 0.0ms
[2021-04-18T08:49:06.064-0700][gc,phases     ] GC(422)   Evacuate Collection Set: 5.6ms
[2021-04-18T08:49:06.064-0700][gc,phases     ] GC(422)   Post Evacuate Collection Set: 1.3ms
[2021-04-18T08:49:06.064-0700][gc,phases     ] GC(422)   Other: 0.5ms
[2021-04-18T08:49:06.064-0700][gc,heap       ] GC(422) Eden regions: 610->0(611)
[2021-04-18T08:49:06.064-0700][gc,heap       ] GC(422) Survivor regions: 4->3(77)
[2021-04-18T08:49:06.064-0700][gc,heap       ] GC(422) Old regions: 108->108
[2021-04-18T08:49:06.064-0700][gc,heap       ] GC(422) Humongous regions: 129->129
[2021-04-18T08:49:06.064-0700][gc,metaspace  ] GC(422) Metaspace: 41462K->41462K(1087488K)
[2021-04-18T08:49:06.064-0700][gc            ] GC(422) Pause Young (Normal) (G1 Evacuation Pause) 847M->237M(1024M) 7.642ms
[2021-04-18T08:49:06.064-0700][gc,cpu        ] GC(422) User=0.05s Sys=0.00s Real=0.01s
[2021-04-18T08:52:25.583-0700][gc,start      ] GC(423) Pause Young (Normal) (G1 Evacuation Pause)
[2021-04-18T08:52:25.583-0700][gc,task       ] GC(423) Using 8 workers of 8 for evacuation
[2021-04-18T08:52:25.590-0700][gc,phases     ] GC(423)   Pre Evacuate Collection Set: 0.0ms
[2021-04-18T08:52:25.590-0700][gc,phases     ] GC(423)   Evacuate Collection Set: 5.3ms
[2021-04-18T08:52:25.590-0700][gc,phases     ] GC(423)   Post Evacuate Collection Set: 1.3ms
[2021-04-18T08:52:25.591-0700][gc,phases     ] GC(423)   Other: 0.5ms
[2021-04-18T08:52:25.591-0700][gc,heap       ] GC(423) Eden regions: 611->0(611)
[2021-04-18T08:52:25.591-0700][gc,heap       ] GC(423) Survivor regions: 3->3(77)
[2021-04-18T08:52:25.591-0700][gc,heap       ] GC(423) Old regions: 108->108
[2021-04-18T08:52:25.591-0700][gc,heap       ] GC(423) Humongous regions: 129->129
[2021-04-18T08:52:25.591-0700][gc,metaspace  ] GC(423) Metaspace: 41462K->41462K(1087488K)
[2021-04-18T08:52:25.591-0700][gc            ] GC(423) Pause Young (Normal) (G1 Evacuation Pause) 848M->237M(1024M) 7.301ms
[2021-04-18T08:52:25.591-0700][gc,cpu        ] GC(423) User=0.05s Sys=0.00s Real=0.01s
[2021-04-18T08:55:44.529-0700][gc,start      ] GC(424) Pause Young (Normal) (G1 Evacuation Pause)
[2021-04-18T08:55:44.529-0700][gc,task       ] GC(424) Using 8 workers of 8 for evacuation
[2021-04-18T08:55:44.535-0700][gc,phases     ] GC(424)   Pre Evacuate Collection Set: 0.0ms
[2021-04-18T08:55:44.536-0700][gc,phases     ] GC(424)   Evacuate Collection Set: 5.0ms
[2021-04-18T08:55:44.536-0700][gc,phases     ] GC(424)   Post Evacuate Collection Set: 1.1ms
[2021-04-18T08:55:44.536-0700][gc,phases     ] GC(424)   Other: 0.5ms
[2021-04-18T08:55:44.536-0700][gc,heap       ] GC(424) Eden regions: 611->0(611)
[2021-04-18T08:55:44.536-0700][gc,heap       ] GC(424) Survivor regions: 3->3(77)
[2021-04-18T08:55:44.536-0700][gc,heap       ] GC(424) Old regions: 108->108
[2021-04-18T08:55:44.536-0700][gc,heap       ] GC(424) Humongous regions: 129->129
[2021-04-18T08:55:44.536-0700][gc,metaspace  ] GC(424) Metaspace: 41462K->41462K(1087488K)
[2021-04-18T08:55:44.536-0700][gc            ] GC(424) Pause Young (Normal) (G1 Evacuation Pause) 848M->237M(1024M) 6.923ms
[2021-04-18T08:55:44.536-0700][gc,cpu        ] GC(424) User=0.04s Sys=0.00s Real=0.00s
[2021-04-18T08:59:04.567-0700][gc,start      ] GC(425) Pause Young (Normal) (G1 Evacuation Pause)
[2021-04-18T08:59:04.567-0700][gc,task       ] GC(425) Using 8 workers of 8 for evacuation
[2021-04-18T08:59:04.573-0700][gc,phases     ] GC(425)   Pre Evacuate Collection Set: 0.0ms
[2021-04-18T08:59:04.573-0700][gc,phases     ] GC(425)   Evacuate Collection Set: 4.8ms
[2021-04-18T08:59:04.573-0700][gc,phases     ] GC(425)   Post Evacuate Collection Set: 0.7ms
[2021-04-18T08:59:04.573-0700][gc,phases     ] GC(425)   Other: 0.4ms
[2021-04-18T08:59:04.573-0700][gc,heap       ] GC(425) Eden regions: 611->0(611)
[2021-04-18T08:59:04.573-0700][gc,heap       ] GC(425) Survivor regions: 3->3(77)
[2021-04-18T08:59:04.573-0700][gc,heap       ] GC(425) Old regions: 108->108
[2021-04-18T08:59:04.573-0700][gc,heap       ] GC(425) Humongous regions: 129->129
[2021-04-18T08:59:04.573-0700][gc,metaspace  ] GC(425) Metaspace: 41462K->41462K(1087488K)
[2021-04-18T08:59:04.573-0700][gc            ] GC(425) Pause Young (Normal) (G1 Evacuation Pause) 848M->237M(1024M) 5.997ms
[2021-04-18T08:59:04.573-0700][gc,cpu        ] GC(425) User=0.04s Sys=0.00s Real=0.01s
[2021-04-18T09:02:24.485-0700][gc,start      ] GC(426) Pause Young (Normal) (G1 Evacuation Pause)
[2021-04-18T09:02:24.485-0700][gc,task       ] GC(426) Using 8 workers of 8 for evacuation
[2021-04-18T09:02:24.491-0700][gc,phases     ] GC(426)   Pre Evacuate Collection Set: 0.0ms
[2021-04-18T09:02:24.491-0700][gc,phases     ] GC(426)   Evacuate Collection Set: 4.7ms
[2021-04-18T09:02:24.492-0700][gc,phases     ] GC(426)   Post Evacuate Collection Set: 1.1ms
[2021-04-18T09:02:24.492-0700][gc,phases     ] GC(426)   Other: 0.5ms
[2021-04-18T09:02:24.492-0700][gc,heap       ] GC(426) Eden regions: 611->0(611)
[2021-04-18T09:02:24.492-0700][gc,heap       ] GC(426) Survivor regions: 3->3(77)
[2021-04-18T09:02:24.492-0700][gc,heap       ] GC(426) Old regions: 108->108
[2021-04-18T09:02:24.492-0700][gc,heap       ] GC(426) Humongous regions: 129->129
[2021-04-18T09:02:24.492-0700][gc,metaspace  ] GC(426) Metaspace: 41462K->41462K(1087488K)
[2021-04-18T09:02:24.492-0700][gc            ] GC(426) Pause Young (Normal) (G1 Evacuation Pause) 848M->237M(1024M) 6.532ms
[2021-04-18T09:02:24.492-0700][gc,cpu        ] GC(426) User=0.04s Sys=0.00s Real=0.01s
[2021-04-18T09:05:44.338-0700][gc,start      ] GC(427) Pause Young (Normal) (G1 Evacuation Pause)
[2021-04-18T09:05:44.338-0700][gc,task       ] GC(427) Using 8 workers of 8 for evacuation
[2021-04-18T09:05:44.344-0700][gc,phases     ] GC(427)   Pre Evacuate Collection Set: 0.0ms
[2021-04-18T09:05:44.344-0700][gc,phases     ] GC(427)   Evacuate Collection Set: 4.7ms
[2021-04-18T09:05:44.344-0700][gc,phases     ] GC(427)   Post Evacuate Collection Set: 1.3ms
[2021-04-18T09:05:44.344-0700][gc,phases     ] GC(427)   Other: 0.5ms
[2021-04-18T09:05:44.344-0700][gc,heap       ] GC(427) Eden regions: 611->0(611)
[2021-04-18T09:05:44.344-0700][gc,heap       ] GC(427) Survivor regions: 3->3(77)
[2021-04-18T09:05:44.344-0700][gc,heap       ] GC(427) Old regions: 108->108
[2021-04-18T09:05:44.344-0700][gc,heap       ] GC(427) Humongous regions: 129->129
[2021-04-18T09:05:44.344-0700][gc,metaspace  ] GC(427) Metaspace: 41462K->41462K(1087488K)
[2021-04-18T09:05:44.344-0700][gc            ] GC(427) Pause Young (Normal) (G1 Evacuation Pause) 848M->237M(1024M) 6.734ms
[2021-04-18T09:05:44.344-0700][gc,cpu        ] GC(427) User=0.04s Sys=0.00s Real=0.00s
[2021-04-18T09:09:04.143-0700][gc,start      ] GC(428) Pause Young (Normal) (G1 Evacuation Pause)
[2021-04-18T09:09:04.143-0700][gc,task       ] GC(428) Using 8 workers of 8 for evacuation
[2021-04-18T09:09:04.149-0700][gc,phases     ] GC(428)   Pre Evacuate Collection Set: 0.1ms
[2021-04-18T09:09:04.149-0700][gc,phases     ] GC(428)   Evacuate Collection Set: 4.5ms
[2021-04-18T09:09:04.149-0700][gc,phases     ] GC(428)   Post Evacuate Collection Set: 1.3ms
[2021-04-18T09:09:04.149-0700][gc,phases     ] GC(428)   Other: 0.5ms
[2021-04-18T09:09:04.149-0700][gc,heap       ] GC(428) Eden regions: 611->0(611)
[2021-04-18T09:09:04.149-0700][gc,heap       ] GC(428) Survivor regions: 3->3(77)
[2021-04-18T09:09:04.149-0700][gc,heap       ] GC(428) Old regions: 108->108
[2021-04-18T09:09:04.149-0700][gc,heap       ] GC(428) Humongous regions: 129->129
[2021-04-18T09:09:04.149-0700][gc,metaspace  ] GC(428) Metaspace: 41462K->41462K(1087488K)
[2021-04-18T09:09:04.149-0700][gc            ] GC(428) Pause Young (Normal) (G1 Evacuation Pause) 848M->236M(1024M) 6.555ms
[2021-04-18T09:09:04.149-0700][gc,cpu        ] GC(428) User=0.04s Sys=0.00s Real=0.01s
[2021-04-18T09:12:23.836-0700][gc,start      ] GC(429) Pause Young (Normal) (G1 Evacuation Pause)
[2021-04-18T09:12:23.836-0700][gc,task       ] GC(429) Using 8 workers of 8 for evacuation
[2021-04-18T09:12:23.842-0700][gc,phases     ] GC(429)   Pre Evacuate Collection Set: 0.0ms
[2021-04-18T09:12:23.842-0700][gc,phases     ] GC(429)   Evacuate Collection Set: 4.4ms
[2021-04-18T09:12:23.842-0700][gc,phases     ] GC(429)   Post Evacuate Collection Set: 1.3ms
[2021-04-18T09:12:23.842-0700][gc,phases     ] GC(429)   Other: 0.5ms
[2021-04-18T09:12:23.842-0700][gc,heap       ] GC(429) Eden regions: 611->0(611)
[2021-04-18T09:12:23.842-0700][gc,heap       ] GC(429) Survivor regions: 3->3(77)
[2021-04-18T09:12:23.842-0700][gc,heap       ] GC(429) Old regions: 108->108
[2021-04-18T09:12:23.842-0700][gc,heap       ] GC(429) Humongous regions: 129->129
[2021-04-18T09:12:23.842-0700][gc,metaspace  ] GC(429) Metaspace: 41462K->41462K(1087488K)
[2021-04-18T09:12:23.842-0700][gc            ] GC(429) Pause Young (Normal) (G1 Evacuation Pause) 847M->236M(1024M) 6.437ms
[2021-04-18T09:12:23.842-0700][gc,cpu        ] GC(429) User=0.03s Sys=0.02s Real=0.01s
[2021-04-18T09:15:43.633-0700][gc,start      ] GC(430) Pause Young (Normal) (G1 Evacuation Pause)
[2021-04-18T09:15:43.633-0700][gc,task       ] GC(430) Using 8 workers of 8 for evacuation
[2021-04-18T09:15:43.641-0700][gc,phases     ] GC(430)   Pre Evacuate Collection Set: 0.0ms
[2021-04-18T09:15:43.641-0700][gc,phases     ] GC(430)   Evacuate Collection Set: 6.2ms
[2021-04-18T09:15:43.641-0700][gc,phases     ] GC(430)   Post Evacuate Collection Set: 1.2ms
[2021-04-18T09:15:43.641-0700][gc,phases     ] GC(430)   Other: 0.5ms
[2021-04-18T09:15:43.641-0700][gc,heap       ] GC(430) Eden regions: 611->0(610)
[2021-04-18T09:15:43.641-0700][gc,heap       ] GC(430) Survivor regions: 3->4(77)
[2021-04-18T09:15:43.641-0700][gc,heap       ] GC(430) Old regions: 108->108
[2021-04-18T09:15:43.641-0700][gc,heap       ] GC(430) Humongous regions: 129->129
[2021-04-18T09:15:43.641-0700][gc,metaspace  ] GC(430) Metaspace: 41462K->41462K(1087488K)
[2021-04-18T09:15:43.641-0700][gc            ] GC(430) Pause Young (Normal) (G1 Evacuation Pause) 847M->238M(1024M) 8.142ms
[2021-04-18T09:15:43.641-0700][gc,cpu        ] GC(430) User=0.05s Sys=0.00s Real=0.01s
[2021-04-18T09:19:03.283-0700][gc,start      ] GC(431) Pause Young (Normal) (G1 Evacuation Pause)
[2021-04-18T09:19:03.283-0700][gc,task       ] GC(431) Using 8 workers of 8 for evacuation
[2021-04-18T09:19:03.291-0700][gc,phases     ] GC(431)   Pre Evacuate Collection Set: 0.0ms
[2021-04-18T09:19:03.291-0700][gc,phases     ] GC(431)   Evacuate Collection Set: 5.9ms
[2021-04-18T09:19:03.291-0700][gc,phases     ] GC(431)   Post Evacuate Collection Set: 1.3ms
[2021-04-18T09:19:03.291-0700][gc,phases     ] GC(431)   Other: 0.5ms
[2021-04-18T09:19:03.291-0700][gc,heap       ] GC(431) Eden regions: 610->0(610)
[2021-04-18T09:19:03.291-0700][gc,heap       ] GC(431) Survivor regions: 4->4(77)
[2021-04-18T09:19:03.291-0700][gc,heap       ] GC(431) Old regions: 108->108
[2021-04-18T09:19:03.291-0700][gc,heap       ] GC(431) Humongous regions: 129->129
[2021-04-18T09:19:03.291-0700][gc,metaspace  ] GC(431) Metaspace: 41462K->41462K(1087488K)
[2021-04-18T09:19:03.291-0700][gc            ] GC(431) Pause Young (Normal) (G1 Evacuation Pause) 848M->238M(1024M) 7.942ms
[2021-04-18T09:19:03.291-0700][gc,cpu        ] GC(431) User=0.05s Sys=0.00s Real=0.01s
[2021-04-18T09:22:22.793-0700][gc,start      ] GC(432) Pause Young (Normal) (G1 Evacuation Pause)
[2021-04-18T09:22:22.793-0700][gc,task       ] GC(432) Using 8 workers of 8 for evacuation
[2021-04-18T09:22:22.801-0700][gc,phases     ] GC(432)   Pre Evacuate Collection Set: 0.0ms
[2021-04-18T09:22:22.801-0700][gc,phases     ] GC(432)   Evacuate Collection Set: 5.7ms
[2021-04-18T09:22:22.801-0700][gc,phases     ] GC(432)   Post Evacuate Collection Set: 1.7ms
[2021-04-18T09:22:22.801-0700][gc,phases     ] GC(432)   Other: 0.5ms
[2021-04-18T09:22:22.801-0700][gc,heap       ] GC(432) Eden regions: 610->0(610)
[2021-04-18T09:22:22.801-0700][gc,heap       ] GC(432) Survivor regions: 4->4(77)
[2021-04-18T09:22:22.801-0700][gc,heap       ] GC(432) Old regions: 108->108
[2021-04-18T09:22:22.801-0700][gc,heap       ] GC(432) Humongous regions: 129->129
[2021-04-18T09:22:22.801-0700][gc,metaspace  ] GC(432) Metaspace: 41462K->41462K(1087488K)
[2021-04-18T09:22:22.801-0700][gc            ] GC(432) Pause Young (Normal) (G1 Evacuation Pause) 848M->237M(1024M) 8.093ms
[2021-04-18T09:22:22.801-0700][gc,cpu        ] GC(432) User=0.05s Sys=0.00s Real=0.01s
[2021-04-18T09:25:42.168-0700][gc,start      ] GC(433) Pause Young (Normal) (G1 Evacuation Pause)
[2021-04-18T09:25:42.168-0700][gc,task       ] GC(433) Using 8 workers of 8 for evacuation
[2021-04-18T09:25:42.175-0700][gc,phases     ] GC(433)   Pre Evacuate Collection Set: 0.1ms
[2021-04-18T09:25:42.175-0700][gc,phases     ] GC(433)   Evacuate Collection Set: 5.3ms
[2021-04-18T09:25:42.175-0700][gc,phases     ] GC(433)   Post Evacuate Collection Set: 0.5ms
[2021-04-18T09:25:42.175-0700][gc,phases     ] GC(433)   Other: 0.4ms
[2021-04-18T09:25:42.175-0700][gc,heap       ] GC(433) Eden regions: 610->0(611)
[2021-04-18T09:25:42.175-0700][gc,heap       ] GC(433) Survivor regions: 4->3(77)
[2021-04-18T09:25:42.175-0700][gc,heap       ] GC(433) Old regions: 108->108
[2021-04-18T09:25:42.175-0700][gc,heap       ] GC(433) Humongous regions: 129->129
[2021-04-18T09:25:42.175-0700][gc,metaspace  ] GC(433) Metaspace: 41462K->41462K(1087488K)
[2021-04-18T09:25:42.175-0700][gc            ] GC(433) Pause Young (Normal) (G1 Evacuation Pause) 847M->237M(1024M) 6.378ms
[2021-04-18T09:25:42.175-0700][gc,cpu        ] GC(433) User=0.05s Sys=0.00s Real=0.01s
[2021-04-18T09:29:01.966-0700][gc,start      ] GC(434) Pause Young (Normal) (G1 Evacuation Pause)
[2021-04-18T09:29:01.966-0700][gc,task       ] GC(434) Using 8 workers of 8 for evacuation
[2021-04-18T09:29:01.973-0700][gc,phases     ] GC(434)   Pre Evacuate Collection Set: 0.0ms
[2021-04-18T09:29:01.973-0700][gc,phases     ] GC(434)   Evacuate Collection Set: 5.4ms
[2021-04-18T09:29:01.973-0700][gc,phases     ] GC(434)   Post Evacuate Collection Set: 1.4ms
[2021-04-18T09:29:01.973-0700][gc,phases     ] GC(434)   Other: 0.5ms
[2021-04-18T09:29:01.973-0700][gc,heap       ] GC(434) Eden regions: 611->0(611)
[2021-04-18T09:29:01.973-0700][gc,heap       ] GC(434) Survivor regions: 3->3(77)
[2021-04-18T09:29:01.973-0700][gc,heap       ] GC(434) Old regions: 108->108
[2021-04-18T09:29:01.973-0700][gc,heap       ] GC(434) Humongous regions: 129->129
[2021-04-18T09:29:01.973-0700][gc,metaspace  ] GC(434) Metaspace: 41462K->41462K(1087488K)
[2021-04-18T09:29:01.973-0700][gc            ] GC(434) Pause Young (Normal) (G1 Evacuation Pause) 848M->237M(1024M) 7.450ms
[2021-04-18T09:29:01.973-0700][gc,cpu        ] GC(434) User=0.05s Sys=0.00s Real=0.01s
[2021-04-18T09:32:21.844-0700][gc,start      ] GC(435) Pause Young (Normal) (G1 Evacuation Pause)
[2021-04-18T09:32:21.844-0700][gc,task       ] GC(435) Using 8 workers of 8 for evacuation
[2021-04-18T09:32:21.851-0700][gc,phases     ] GC(435)   Pre Evacuate Collection Set: 0.0ms
[2021-04-18T09:32:21.851-0700][gc,phases     ] GC(435)   Evacuate Collection Set: 5.2ms
[2021-04-18T09:32:21.851-0700][gc,phases     ] GC(435)   Post Evacuate Collection Set: 1.3ms
[2021-04-18T09:32:21.852-0700][gc,phases     ] GC(435)   Other: 0.5ms
[2021-04-18T09:32:21.852-0700][gc,heap       ] GC(435) Eden regions: 611->0(611)
[2021-04-18T09:32:21.852-0700][gc,heap       ] GC(435) Survivor regions: 3->3(77)
[2021-04-18T09:32:21.852-0700][gc,heap       ] GC(435) Old regions: 108->108
[2021-04-18T09:32:21.852-0700][gc,heap       ] GC(435) Humongous regions: 129->129
[2021-04-18T09:32:21.852-0700][gc,metaspace  ] GC(435) Metaspace: 41462K->41462K(1087488K)
[2021-04-18T09:32:21.852-0700][gc            ] GC(435) Pause Young (Normal) (G1 Evacuation Pause) 848M->237M(1024M) 7.277ms
[2021-04-18T09:32:21.852-0700][gc,cpu        ] GC(435) User=0.05s Sys=0.00s Real=0.01s
[2021-04-18T09:35:41.533-0700][gc,start      ] GC(436) Pause Young (Normal) (G1 Evacuation Pause)
[2021-04-18T09:35:41.533-0700][gc,task       ] GC(436) Using 8 workers of 8 for evacuation
[2021-04-18T09:35:41.540-0700][gc,phases     ] GC(436)   Pre Evacuate Collection Set: 0.0ms
[2021-04-18T09:35:41.540-0700][gc,phases     ] GC(436)   Evacuate Collection Set: 5.0ms
[2021-04-18T09:35:41.540-0700][gc,phases     ] GC(436)   Post Evacuate Collection Set: 1.2ms
[2021-04-18T09:35:41.540-0700][gc,phases     ] GC(436)   Other: 0.5ms
[2021-04-18T09:35:41.540-0700][gc,heap       ] GC(436) Eden regions: 611->0(611)
[2021-04-18T09:35:41.540-0700][gc,heap       ] GC(436) Survivor regions: 3->3(77)
[2021-04-18T09:35:41.540-0700][gc,heap       ] GC(436) Old regions: 108->108
[2021-04-18T09:35:41.540-0700][gc,heap       ] GC(436) Humongous regions: 129->129
[2021-04-18T09:35:41.540-0700][gc,metaspace  ] GC(436) Metaspace: 41462K->41462K(1087488K)
[2021-04-18T09:35:41.540-0700][gc            ] GC(436) Pause Young (Normal) (G1 Evacuation Pause) 848M->237M(1024M) 6.994ms
[2021-04-18T09:35:41.540-0700][gc,cpu        ] GC(436) User=0.05s Sys=0.00s Real=0.01s
[2021-04-18T09:39:01.570-0700][gc,start      ] GC(437) Pause Young (Normal) (G1 Evacuation Pause)
[2021-04-18T09:39:01.570-0700][gc,task       ] GC(437) Using 8 workers of 8 for evacuation
[2021-04-18T09:39:01.577-0700][gc,phases     ] GC(437)   Pre Evacuate Collection Set: 0.0ms
[2021-04-18T09:39:01.577-0700][gc,phases     ] GC(437)   Evacuate Collection Set: 5.2ms
[2021-04-18T09:39:01.577-0700][gc,phases     ] GC(437)   Post Evacuate Collection Set: 1.3ms
[2021-04-18T09:39:01.577-0700][gc,phases     ] GC(437)   Other: 0.5ms
[2021-04-18T09:39:01.577-0700][gc,heap       ] GC(437) Eden regions: 611->0(611)
[2021-04-18T09:39:01.578-0700][gc,heap       ] GC(437) Survivor regions: 3->3(77)
[2021-04-18T09:39:01.578-0700][gc,heap       ] GC(437) Old regions: 108->108
[2021-04-18T09:39:01.578-0700][gc,heap       ] GC(437) Humongous regions: 129->129
[2021-04-18T09:39:01.578-0700][gc,metaspace  ] GC(437) Metaspace: 41462K->41462K(1087488K)
[2021-04-18T09:39:01.578-0700][gc            ] GC(437) Pause Young (Normal) (G1 Evacuation Pause) 848M->237M(1024M) 7.190ms
[2021-04-18T09:39:01.578-0700][gc,cpu        ] GC(437) User=0.04s Sys=0.00s Real=0.01s
[2021-04-18T09:42:21.239-0700][gc,start      ] GC(438) Pause Young (Normal) (G1 Evacuation Pause)
[2021-04-18T09:42:21.240-0700][gc,task       ] GC(438) Using 8 workers of 8 for evacuation
[2021-04-18T09:42:21.246-0700][gc,phases     ] GC(438)   Pre Evacuate Collection Set: 0.0ms
[2021-04-18T09:42:21.246-0700][gc,phases     ] GC(438)   Evacuate Collection Set: 5.0ms
[2021-04-18T09:42:21.246-0700][gc,phases     ] GC(438)   Post Evacuate Collection Set: 1.3ms
[2021-04-18T09:42:21.246-0700][gc,phases     ] GC(438)   Other: 0.5ms
[2021-04-18T09:42:21.246-0700][gc,heap       ] GC(438) Eden regions: 611->0(611)
[2021-04-18T09:42:21.246-0700][gc,heap       ] GC(438) Survivor regions: 3->3(77)
[2021-04-18T09:42:21.246-0700][gc,heap       ] GC(438) Old regions: 108->108
[2021-04-18T09:42:21.246-0700][gc,heap       ] GC(438) Humongous regions: 129->129
[2021-04-18T09:42:21.246-0700][gc,metaspace  ] GC(438) Metaspace: 41462K->41462K(1087488K)
[2021-04-18T09:42:21.246-0700][gc            ] GC(438) Pause Young (Normal) (G1 Evacuation Pause) 848M->237M(1024M) 6.963ms
[2021-04-18T09:42:21.246-0700][gc,cpu        ] GC(438) User=0.04s Sys=0.00s Real=0.00s
[2021-04-18T09:45:40.965-0700][gc,start      ] GC(439) Pause Young (Normal) (G1 Evacuation Pause)
[2021-04-18T09:45:40.965-0700][gc,task       ] GC(439) Using 8 workers of 8 for evacuation
[2021-04-18T09:45:40.971-0700][gc,phases     ] GC(439)   Pre Evacuate Collection Set: 0.0ms
[2021-04-18T09:45:40.971-0700][gc,phases     ] GC(439)   Evacuate Collection Set: 4.8ms
[2021-04-18T09:45:40.971-0700][gc,phases     ] GC(439)   Post Evacuate Collection Set: 1.3ms
[2021-04-18T09:45:40.971-0700][gc,phases     ] GC(439)   Other: 0.5ms
[2021-04-18T09:45:40.971-0700][gc,heap       ] GC(439) Eden regions: 611->0(611)
[2021-04-18T09:45:40.972-0700][gc,heap       ] GC(439) Survivor regions: 3->3(77)
[2021-04-18T09:45:40.972-0700][gc,heap       ] GC(439) Old regions: 108->108
[2021-04-18T09:45:40.972-0700][gc,heap       ] GC(439) Humongous regions: 129->129
[2021-04-18T09:45:40.972-0700][gc,metaspace  ] GC(439) Metaspace: 41464K->41464K(1087488K)
[2021-04-18T09:45:40.972-0700][gc            ] GC(439) Pause Young (Normal) (G1 Evacuation Pause) 848M->237M(1024M) 6.825ms
[2021-04-18T09:45:40.972-0700][gc,cpu        ] GC(439) User=0.04s Sys=0.00s Real=0.01s
[2021-04-18T09:49:00.721-0700][gc,start      ] GC(440) Pause Young (Normal) (G1 Evacuation Pause)
[2021-04-18T09:49:00.721-0700][gc,task       ] GC(440) Using 8 workers of 8 for evacuation
[2021-04-18T09:49:00.726-0700][gc,phases     ] GC(440)   Pre Evacuate Collection Set: 0.0ms
[2021-04-18T09:49:00.726-0700][gc,phases     ] GC(440)   Evacuate Collection Set: 4.9ms
[2021-04-18T09:49:00.726-0700][gc,phases     ] GC(440)   Post Evacuate Collection Set: 0.5ms
[2021-04-18T09:49:00.727-0700][gc,phases     ] GC(440)   Other: 0.5ms
[2021-04-18T09:49:00.727-0700][gc,heap       ] GC(440) Eden regions: 611->0(611)
[2021-04-18T09:49:00.727-0700][gc,heap       ] GC(440) Survivor regions: 3->3(77)
[2021-04-18T09:49:00.727-0700][gc,heap       ] GC(440) Old regions: 108->108
[2021-04-18T09:49:00.727-0700][gc,heap       ] GC(440) Humongous regions: 129->129
[2021-04-18T09:49:00.727-0700][gc,metaspace  ] GC(440) Metaspace: 41464K->41464K(1087488K)
[2021-04-18T09:49:00.727-0700][gc            ] GC(440) Pause Young (Normal) (G1 Evacuation Pause) 848M->237M(1024M) 5.855ms
[2021-04-18T09:49:00.727-0700][gc,cpu        ] GC(440) User=0.04s Sys=0.01s Real=0.00s
[2021-04-18T09:52:20.522-0700][gc,start      ] GC(441) Pause Young (Normal) (G1 Evacuation Pause)
[2021-04-18T09:52:20.522-0700][gc,task       ] GC(441) Using 8 workers of 8 for evacuation
[2021-04-18T09:52:20.528-0700][gc,phases     ] GC(441)   Pre Evacuate Collection Set: 0.0ms
[2021-04-18T09:52:20.528-0700][gc,phases     ] GC(441)   Evacuate Collection Set: 4.4ms
[2021-04-18T09:52:20.528-0700][gc,phases     ] GC(441)   Post Evacuate Collection Set: 1.2ms
[2021-04-18T09:52:20.528-0700][gc,phases     ] GC(441)   Other: 0.5ms
[2021-04-18T09:52:20.528-0700][gc,heap       ] GC(441) Eden regions: 611->0(611)
[2021-04-18T09:52:20.528-0700][gc,heap       ] GC(441) Survivor regions: 3->3(77)
[2021-04-18T09:52:20.528-0700][gc,heap       ] GC(441) Old regions: 108->108
[2021-04-18T09:52:20.528-0700][gc,heap       ] GC(441) Humongous regions: 129->129
[2021-04-18T09:52:20.528-0700][gc,metaspace  ] GC(441) Metaspace: 41464K->41464K(1087488K)
[2021-04-18T09:52:20.528-0700][gc            ] GC(441) Pause Young (Normal) (G1 Evacuation Pause) 848M->237M(1024M) 6.429ms
[2021-04-18T09:52:20.528-0700][gc,cpu        ] GC(441) User=0.04s Sys=0.00s Real=0.00s
[2021-04-18T09:55:39.291-0700][gc,start      ] GC(442) Pause Young (Normal) (G1 Evacuation Pause)
[2021-04-18T09:55:39.291-0700][gc,task       ] GC(442) Using 8 workers of 8 for evacuation
[2021-04-18T09:55:39.298-0700][gc,phases     ] GC(442)   Pre Evacuate Collection Set: 0.0ms
[2021-04-18T09:55:39.298-0700][gc,phases     ] GC(442)   Evacuate Collection Set: 5.7ms
[2021-04-18T09:55:39.298-0700][gc,phases     ] GC(442)   Post Evacuate Collection Set: 1.1ms
[2021-04-18T09:55:39.298-0700][gc,phases     ] GC(442)   Other: 0.5ms
[2021-04-18T09:55:39.298-0700][gc,heap       ] GC(442) Eden regions: 611->0(610)
[2021-04-18T09:55:39.298-0700][gc,heap       ] GC(442) Survivor regions: 3->4(77)
[2021-04-18T09:55:39.298-0700][gc,heap       ] GC(442) Old regions: 108->108
[2021-04-18T09:55:39.298-0700][gc,heap       ] GC(442) Humongous regions: 129->129
[2021-04-18T09:55:39.298-0700][gc,metaspace  ] GC(442) Metaspace: 41464K->41464K(1087488K)
[2021-04-18T09:55:39.298-0700][gc            ] GC(442) Pause Young (Normal) (G1 Evacuation Pause) 848M->238M(1024M) 7.529ms
[2021-04-18T09:55:39.298-0700][gc,cpu        ] GC(442) User=0.04s Sys=0.01s Real=0.01s
[2021-04-18T09:58:58.934-0700][gc,start      ] GC(443) Pause Young (Normal) (G1 Evacuation Pause)
[2021-04-18T09:58:58.934-0700][gc,task       ] GC(443) Using 8 workers of 8 for evacuation
[2021-04-18T09:58:58.941-0700][gc,phases     ] GC(443)   Pre Evacuate Collection Set: 0.0ms
[2021-04-18T09:58:58.941-0700][gc,phases     ] GC(443)   Evacuate Collection Set: 5.6ms
[2021-04-18T09:58:58.941-0700][gc,phases     ] GC(443)   Post Evacuate Collection Set: 1.1ms
[2021-04-18T09:58:58.941-0700][gc,phases     ] GC(443)   Other: 0.5ms
[2021-04-18T09:58:58.942-0700][gc,heap       ] GC(443) Eden regions: 610->0(610)
[2021-04-18T09:58:58.942-0700][gc,heap       ] GC(443) Survivor regions: 4->4(77)
[2021-04-18T09:58:58.942-0700][gc,heap       ] GC(443) Old regions: 108->108
[2021-04-18T09:58:58.942-0700][gc,heap       ] GC(443) Humongous regions: 129->129
[2021-04-18T09:58:58.942-0700][gc,metaspace  ] GC(443) Metaspace: 41464K->41464K(1087488K)
[2021-04-18T09:58:58.942-0700][gc            ] GC(443) Pause Young (Normal) (G1 Evacuation Pause) 848M->238M(1024M) 7.511ms
[2021-04-18T09:58:58.942-0700][gc,cpu        ] GC(443) User=0.04s Sys=0.00s Real=0.01s
[2021-04-18T10:02:18.444-0700][gc,start      ] GC(444) Pause Young (Normal) (G1 Evacuation Pause)
[2021-04-18T10:02:18.444-0700][gc,task       ] GC(444) Using 8 workers of 8 for evacuation
[2021-04-18T10:02:18.451-0700][gc,phases     ] GC(444)   Pre Evacuate Collection Set: 0.0ms
[2021-04-18T10:02:18.451-0700][gc,phases     ] GC(444)   Evacuate Collection Set: 5.4ms
[2021-04-18T10:02:18.451-0700][gc,phases     ] GC(444)   Post Evacuate Collection Set: 1.3ms
[2021-04-18T10:02:18.451-0700][gc,phases     ] GC(444)   Other: 0.5ms
[2021-04-18T10:02:18.451-0700][gc,heap       ] GC(444) Eden regions: 610->0(611)
[2021-04-18T10:02:18.451-0700][gc,heap       ] GC(444) Survivor regions: 4->3(77)
[2021-04-18T10:02:18.451-0700][gc,heap       ] GC(444) Old regions: 108->108
[2021-04-18T10:02:18.451-0700][gc,heap       ] GC(444) Humongous regions: 129->129
[2021-04-18T10:02:18.451-0700][gc,metaspace  ] GC(444) Metaspace: 41464K->41464K(1087488K)
[2021-04-18T10:02:18.451-0700][gc            ] GC(444) Pause Young (Normal) (G1 Evacuation Pause) 848M->237M(1024M) 7.391ms
[2021-04-18T10:02:18.451-0700][gc,cpu        ] GC(444) User=0.05s Sys=0.00s Real=0.01s
[2021-04-18T10:05:38.178-0700][gc,start      ] GC(445) Pause Young (Normal) (G1 Evacuation Pause)
[2021-04-18T10:05:38.178-0700][gc,task       ] GC(445) Using 8 workers of 8 for evacuation
[2021-04-18T10:05:38.185-0700][gc,phases     ] GC(445)   Pre Evacuate Collection Set: 0.0ms
[2021-04-18T10:05:38.185-0700][gc,phases     ] GC(445)   Evacuate Collection Set: 5.4ms
[2021-04-18T10:05:38.186-0700][gc,phases     ] GC(445)   Post Evacuate Collection Set: 1.2ms
[2021-04-18T10:05:38.186-0700][gc,phases     ] GC(445)   Other: 0.5ms
[2021-04-18T10:05:38.186-0700][gc,heap       ] GC(445) Eden regions: 611->0(611)
[2021-04-18T10:05:38.186-0700][gc,heap       ] GC(445) Survivor regions: 3->3(77)
[2021-04-18T10:05:38.186-0700][gc,heap       ] GC(445) Old regions: 108->108
[2021-04-18T10:05:38.186-0700][gc,heap       ] GC(445) Humongous regions: 129->129
[2021-04-18T10:05:38.186-0700][gc,metaspace  ] GC(445) Metaspace: 41464K->41464K(1087488K)
[2021-04-18T10:05:38.186-0700][gc            ] GC(445) Pause Young (Normal) (G1 Evacuation Pause) 848M->237M(1024M) 7.364ms
[2021-04-18T10:05:38.186-0700][gc,cpu        ] GC(445) User=0.04s Sys=0.00s Real=0.00s
[2021-04-18T10:08:58.060-0700][gc,start      ] GC(446) Pause Young (Normal) (G1 Evacuation Pause)
[2021-04-18T10:08:58.060-0700][gc,task       ] GC(446) Using 8 workers of 8 for evacuation
[2021-04-18T10:08:58.067-0700][gc,phases     ] GC(446)   Pre Evacuate Collection Set: 0.0ms
[2021-04-18T10:08:58.067-0700][gc,phases     ] GC(446)   Evacuate Collection Set: 5.5ms
[2021-04-18T10:08:58.067-0700][gc,phases     ] GC(446)   Post Evacuate Collection Set: 1.3ms
[2021-04-18T10:08:58.067-0700][gc,phases     ] GC(446)   Other: 0.5ms
[2021-04-18T10:08:58.067-0700][gc,heap       ] GC(446) Eden regions: 611->0(611)
[2021-04-18T10:08:58.067-0700][gc,heap       ] GC(446) Survivor regions: 3->3(77)
[2021-04-18T10:08:58.067-0700][gc,heap       ] GC(446) Old regions: 108->108
[2021-04-18T10:08:58.067-0700][gc,heap       ] GC(446) Humongous regions: 129->129
[2021-04-18T10:08:58.067-0700][gc,metaspace  ] GC(446) Metaspace: 41464K->41464K(1087488K)
[2021-04-18T10:08:58.067-0700][gc            ] GC(446) Pause Young (Normal) (G1 Evacuation Pause) 848M->237M(1024M) 7.573ms
[2021-04-18T10:08:58.067-0700][gc,cpu        ] GC(446) User=0.05s Sys=0.00s Real=0.00s
[2021-04-18T10:12:17.738-0700][gc,start      ] GC(447) Pause Young (Normal) (G1 Evacuation Pause)
[2021-04-18T10:12:17.738-0700][gc,task       ] GC(447) Using 8 workers of 8 for evacuation
[2021-04-18T10:12:17.744-0700][gc,phases     ] GC(447)   Pre Evacuate Collection Set: 0.0ms
[2021-04-18T10:12:17.744-0700][gc,phases     ] GC(447)   Evacuate Collection Set: 4.8ms
[2021-04-18T10:12:17.744-0700][gc,phases     ] GC(447)   Post Evacuate Collection Set: 0.5ms
[2021-04-18T10:12:17.744-0700][gc,phases     ] GC(447)   Other: 0.4ms
[2021-04-18T10:12:17.744-0700][gc,heap       ] GC(447) Eden regions: 611->0(611)
[2021-04-18T10:12:17.744-0700][gc,heap       ] GC(447) Survivor regions: 3->3(77)
[2021-04-18T10:12:17.744-0700][gc,heap       ] GC(447) Old regions: 108->108
[2021-04-18T10:12:17.744-0700][gc,heap       ] GC(447) Humongous regions: 129->129
[2021-04-18T10:12:17.744-0700][gc,metaspace  ] GC(447) Metaspace: 41464K->41464K(1087488K)
[2021-04-18T10:12:17.744-0700][gc            ] GC(447) Pause Young (Normal) (G1 Evacuation Pause) 848M->237M(1024M) 5.797ms
[2021-04-18T10:12:17.744-0700][gc,cpu        ] GC(447) User=0.04s Sys=0.00s Real=0.00s
[2021-04-18T10:15:37.395-0700][gc,start      ] GC(448) Pause Young (Normal) (G1 Evacuation Pause)
[2021-04-18T10:15:37.395-0700][gc,task       ] GC(448) Using 8 workers of 8 for evacuation
[2021-04-18T10:15:37.404-0700][gc,phases     ] GC(448)   Pre Evacuate Collection Set: 0.0ms
[2021-04-18T10:15:37.404-0700][gc,phases     ] GC(448)   Evacuate Collection Set: 8.2ms
[2021-04-18T10:15:37.404-0700][gc,phases     ] GC(448)   Post Evacuate Collection Set: 0.7ms
[2021-04-18T10:15:37.404-0700][gc,phases     ] GC(448)   Other: 0.3ms
[2021-04-18T10:15:37.404-0700][gc,heap       ] GC(448) Eden regions: 611->0(611)
[2021-04-18T10:15:37.404-0700][gc,heap       ] GC(448) Survivor regions: 3->3(77)
[2021-04-18T10:15:37.404-0700][gc,heap       ] GC(448) Old regions: 108->108
[2021-04-18T10:15:37.404-0700][gc,heap       ] GC(448) Humongous regions: 129->129
[2021-04-18T10:15:37.404-0700][gc,metaspace  ] GC(448) Metaspace: 41468K->41468K(1087488K)
[2021-04-18T10:15:37.404-0700][gc            ] GC(448) Pause Young (Normal) (G1 Evacuation Pause) 848M->237M(1024M) 9.353ms
[2021-04-18T10:15:37.404-0700][gc,cpu        ] GC(448) User=0.04s Sys=0.00s Real=0.01s
[2021-04-18T10:18:57.297-0700][gc,start      ] GC(449) Pause Young (Normal) (G1 Evacuation Pause)
[2021-04-18T10:18:57.297-0700][gc,task       ] GC(449) Using 8 workers of 8 for evacuation
[2021-04-18T10:18:57.303-0700][gc,phases     ] GC(449)   Pre Evacuate Collection Set: 0.0ms
[2021-04-18T10:18:57.303-0700][gc,phases     ] GC(449)   Evacuate Collection Set: 4.9ms
[2021-04-18T10:18:57.303-0700][gc,phases     ] GC(449)   Post Evacuate Collection Set: 1.2ms
[2021-04-18T10:18:57.303-0700][gc,phases     ] GC(449)   Other: 0.5ms
[2021-04-18T10:18:57.303-0700][gc,heap       ] GC(449) Eden regions: 611->0(611)
[2021-04-18T10:18:57.303-0700][gc,heap       ] GC(449) Survivor regions: 3->3(77)
[2021-04-18T10:18:57.303-0700][gc,heap       ] GC(449) Old regions: 108->108
[2021-04-18T10:18:57.303-0700][gc,heap       ] GC(449) Humongous regions: 129->129
[2021-04-18T10:18:57.303-0700][gc,metaspace  ] GC(449) Metaspace: 41468K->41468K(1087488K)
[2021-04-18T10:18:57.303-0700][gc            ] GC(449) Pause Young (Normal) (G1 Evacuation Pause) 848M->237M(1024M) 6.908ms
[2021-04-18T10:18:57.304-0700][gc,cpu        ] GC(449) User=0.04s Sys=0.00s Real=0.01s
[2021-04-18T10:22:17.139-0700][gc,start      ] GC(450) Pause Young (Normal) (G1 Evacuation Pause)
[2021-04-18T10:22:17.139-0700][gc,task       ] GC(450) Using 8 workers of 8 for evacuation
[2021-04-18T10:22:17.145-0700][gc,phases     ] GC(450)   Pre Evacuate Collection Set: 0.0ms
[2021-04-18T10:22:17.145-0700][gc,phases     ] GC(450)   Evacuate Collection Set: 4.9ms
[2021-04-18T10:22:17.145-0700][gc,phases     ] GC(450)   Post Evacuate Collection Set: 1.2ms
[2021-04-18T10:22:17.145-0700][gc,phases     ] GC(450)   Other: 0.5ms
[2021-04-18T10:22:17.145-0700][gc,heap       ] GC(450) Eden regions: 611->0(611)
[2021-04-18T10:22:17.145-0700][gc,heap       ] GC(450) Survivor regions: 3->3(77)
[2021-04-18T10:22:17.145-0700][gc,heap       ] GC(450) Old regions: 108->108
[2021-04-18T10:22:17.145-0700][gc,heap       ] GC(450) Humongous regions: 129->129
[2021-04-18T10:22:17.145-0700][gc,metaspace  ] GC(450) Metaspace: 41468K->41468K(1087488K)
[2021-04-18T10:22:17.145-0700][gc            ] GC(450) Pause Young (Normal) (G1 Evacuation Pause) 848M->237M(1024M) 6.830ms
[2021-04-18T10:22:17.145-0700][gc,cpu        ] GC(450) User=0.04s Sys=0.00s Real=0.00s
[2021-04-18T10:25:37.004-0700][gc,start      ] GC(451) Pause Young (Normal) (G1 Evacuation Pause)
[2021-04-18T10:25:37.004-0700][gc,task       ] GC(451) Using 8 workers of 8 for evacuation
[2021-04-18T10:25:37.010-0700][gc,phases     ] GC(451)   Pre Evacuate Collection Set: 0.0ms
[2021-04-18T10:25:37.010-0700][gc,phases     ] GC(451)   Evacuate Collection Set: 4.7ms
[2021-04-18T10:25:37.010-0700][gc,phases     ] GC(451)   Post Evacuate Collection Set: 1.1ms
[2021-04-18T10:25:37.010-0700][gc,phases     ] GC(451)   Other: 0.5ms
[2021-04-18T10:25:37.010-0700][gc,heap       ] GC(451) Eden regions: 611->0(611)
[2021-04-18T10:25:37.010-0700][gc,heap       ] GC(451) Survivor regions: 3->3(77)
[2021-04-18T10:25:37.010-0700][gc,heap       ] GC(451) Old regions: 108->108
[2021-04-18T10:25:37.010-0700][gc,heap       ] GC(451) Humongous regions: 129->129
[2021-04-18T10:25:37.010-0700][gc,metaspace  ] GC(451) Metaspace: 41468K->41468K(1087488K)
[2021-04-18T10:25:37.011-0700][gc            ] GC(451) Pause Young (Normal) (G1 Evacuation Pause) 848M->237M(1024M) 6.502ms
[2021-04-18T10:25:37.011-0700][gc,cpu        ] GC(451) User=0.04s Sys=0.00s Real=0.01s
[2021-04-18T10:28:56.833-0700][gc,start      ] GC(452) Pause Young (Normal) (G1 Evacuation Pause)
[2021-04-18T10:28:56.833-0700][gc,task       ] GC(452) Using 8 workers of 8 for evacuation
[2021-04-18T10:28:56.840-0700][gc,phases     ] GC(452)   Pre Evacuate Collection Set: 0.0ms
[2021-04-18T10:28:56.840-0700][gc,phases     ] GC(452)   Evacuate Collection Set: 4.6ms
[2021-04-18T10:28:56.840-0700][gc,phases     ] GC(452)   Post Evacuate Collection Set: 1.3ms
[2021-04-18T10:28:56.840-0700][gc,phases     ] GC(452)   Other: 0.5ms
[2021-04-18T10:28:56.840-0700][gc,heap       ] GC(452) Eden regions: 611->0(611)
[2021-04-18T10:28:56.840-0700][gc,heap       ] GC(452) Survivor regions: 3->3(77)
[2021-04-18T10:28:56.840-0700][gc,heap       ] GC(452) Old regions: 108->108
[2021-04-18T10:28:56.840-0700][gc,heap       ] GC(452) Humongous regions: 129->129
[2021-04-18T10:28:56.840-0700][gc,metaspace  ] GC(452) Metaspace: 41468K->41468K(1087488K)
[2021-04-18T10:28:56.840-0700][gc            ] GC(452) Pause Young (Normal) (G1 Evacuation Pause) 848M->237M(1024M) 6.553ms
[2021-04-18T10:28:56.840-0700][gc,cpu        ] GC(452) User=0.04s Sys=0.00s Real=0.01s
[2021-04-18T10:32:16.868-0700][gc,start      ] GC(453) Pause Young (Normal) (G1 Evacuation Pause)
[2021-04-18T10:32:16.868-0700][gc,task       ] GC(453) Using 8 workers of 8 for evacuation
[2021-04-18T10:32:16.874-0700][gc,phases     ] GC(453)   Pre Evacuate Collection Set: 0.0ms
[2021-04-18T10:32:16.874-0700][gc,phases     ] GC(453)   Evacuate Collection Set: 4.6ms
[2021-04-18T10:32:16.874-0700][gc,phases     ] GC(453)   Post Evacuate Collection Set: 1.1ms
[2021-04-18T10:32:16.875-0700][gc,phases     ] GC(453)   Other: 0.5ms
[2021-04-18T10:32:16.875-0700][gc,heap       ] GC(453) Eden regions: 611->0(611)
[2021-04-18T10:32:16.875-0700][gc,heap       ] GC(453) Survivor regions: 3->3(77)
[2021-04-18T10:32:16.875-0700][gc,heap       ] GC(453) Old regions: 108->108
[2021-04-18T10:32:16.875-0700][gc,heap       ] GC(453) Humongous regions: 129->129
[2021-04-18T10:32:16.875-0700][gc,metaspace  ] GC(453) Metaspace: 41469K->41469K(1087488K)
[2021-04-18T10:32:16.875-0700][gc            ] GC(453) Pause Young (Normal) (G1 Evacuation Pause) 848M->237M(1024M) 6.385ms
[2021-04-18T10:32:16.875-0700][gc,cpu        ] GC(453) User=0.04s Sys=0.00s Real=0.01s
[2021-04-18T10:35:36.765-0700][gc,start      ] GC(454) Pause Young (Normal) (G1 Evacuation Pause)
[2021-04-18T10:35:36.765-0700][gc,task       ] GC(454) Using 8 workers of 8 for evacuation
[2021-04-18T10:35:36.771-0700][gc,phases     ] GC(454)   Pre Evacuate Collection Set: 0.0ms
[2021-04-18T10:35:36.771-0700][gc,phases     ] GC(454)   Evacuate Collection Set: 4.6ms
[2021-04-18T10:35:36.771-0700][gc,phases     ] GC(454)   Post Evacuate Collection Set: 1.3ms
[2021-04-18T10:35:36.771-0700][gc,phases     ] GC(454)   Other: 0.5ms
[2021-04-18T10:35:36.771-0700][gc,heap       ] GC(454) Eden regions: 611->0(611)
[2021-04-18T10:35:36.771-0700][gc,heap       ] GC(454) Survivor regions: 3->3(77)
[2021-04-18T10:35:36.771-0700][gc,heap       ] GC(454) Old regions: 108->108
[2021-04-18T10:35:36.771-0700][gc,heap       ] GC(454) Humongous regions: 129->129
[2021-04-18T10:35:36.771-0700][gc,metaspace  ] GC(454) Metaspace: 41472K->41472K(1087488K)
[2021-04-18T10:35:36.771-0700][gc            ] GC(454) Pause Young (Normal) (G1 Evacuation Pause) 848M->237M(1024M) 6.669ms
[2021-04-18T10:35:36.771-0700][gc,cpu        ] GC(454) User=0.04s Sys=0.01s Real=0.01s
[2021-04-18T10:38:56.491-0700][gc,start      ] GC(455) Pause Young (Normal) (G1 Evacuation Pause)
[2021-04-18T10:38:56.491-0700][gc,task       ] GC(455) Using 8 workers of 8 for evacuation
[2021-04-18T10:38:56.497-0700][gc,phases     ] GC(455)   Pre Evacuate Collection Set: 0.0ms
[2021-04-18T10:38:56.497-0700][gc,phases     ] GC(455)   Evacuate Collection Set: 4.5ms
[2021-04-18T10:38:56.497-0700][gc,phases     ] GC(455)   Post Evacuate Collection Set: 1.2ms
[2021-04-18T10:38:56.497-0700][gc,phases     ] GC(455)   Other: 0.5ms
[2021-04-18T10:38:56.497-0700][gc,heap       ] GC(455) Eden regions: 611->0(612)
[2021-04-18T10:38:56.497-0700][gc,heap       ] GC(455) Survivor regions: 3->2(77)
[2021-04-18T10:38:56.497-0700][gc,heap       ] GC(455) Old regions: 108->108
[2021-04-18T10:38:56.497-0700][gc,heap       ] GC(455) Humongous regions: 129->129
[2021-04-18T10:38:56.497-0700][gc,metaspace  ] GC(455) Metaspace: 41472K->41472K(1087488K)
[2021-04-18T10:38:56.497-0700][gc            ] GC(455) Pause Young (Normal) (G1 Evacuation Pause) 848M->237M(1024M) 6.461ms
[2021-04-18T10:38:56.498-0700][gc,cpu        ] GC(455) User=0.04s Sys=0.00s Real=0.01s
[2021-04-18T10:42:16.978-0700][gc,start      ] GC(456) Pause Young (Normal) (G1 Evacuation Pause)
[2021-04-18T10:42:16.978-0700][gc,task       ] GC(456) Using 8 workers of 8 for evacuation
[2021-04-18T10:42:16.984-0700][gc,phases     ] GC(456)   Pre Evacuate Collection Set: 0.0ms
[2021-04-18T10:42:16.984-0700][gc,phases     ] GC(456)   Evacuate Collection Set: 4.7ms
[2021-04-18T10:42:16.984-0700][gc,phases     ] GC(456)   Post Evacuate Collection Set: 1.1ms
[2021-04-18T10:42:16.984-0700][gc,phases     ] GC(456)   Other: 0.5ms
[2021-04-18T10:42:16.984-0700][gc,heap       ] GC(456) Eden regions: 612->0(611)
[2021-04-18T10:42:16.984-0700][gc,heap       ] GC(456) Survivor regions: 2->3(77)
[2021-04-18T10:42:16.984-0700][gc,heap       ] GC(456) Old regions: 108->108
[2021-04-18T10:42:16.984-0700][gc,heap       ] GC(456) Humongous regions: 129->129
[2021-04-18T10:42:16.984-0700][gc,metaspace  ] GC(456) Metaspace: 41472K->41472K(1087488K)
[2021-04-18T10:42:16.984-0700][gc            ] GC(456) Pause Young (Normal) (G1 Evacuation Pause) 849M->237M(1024M) 6.500ms
[2021-04-18T10:42:16.984-0700][gc,cpu        ] GC(456) User=0.04s Sys=0.00s Real=0.00s
[2021-04-18T10:45:36.648-0700][gc,start      ] GC(457) Pause Young (Normal) (G1 Evacuation Pause)
[2021-04-18T10:45:36.648-0700][gc,task       ] GC(457) Using 8 workers of 8 for evacuation
[2021-04-18T10:45:36.654-0700][gc,phases     ] GC(457)   Pre Evacuate Collection Set: 0.0ms
[2021-04-18T10:45:36.654-0700][gc,phases     ] GC(457)   Evacuate Collection Set: 4.6ms
[2021-04-18T10:45:36.654-0700][gc,phases     ] GC(457)   Post Evacuate Collection Set: 1.2ms
[2021-04-18T10:45:36.654-0700][gc,phases     ] GC(457)   Other: 0.5ms
[2021-04-18T10:45:36.654-0700][gc,heap       ] GC(457) Eden regions: 611->0(611)
[2021-04-18T10:45:36.654-0700][gc,heap       ] GC(457) Survivor regions: 3->3(77)
[2021-04-18T10:45:36.654-0700][gc,heap       ] GC(457) Old regions: 108->108
[2021-04-18T10:45:36.654-0700][gc,heap       ] GC(457) Humongous regions: 129->129
[2021-04-18T10:45:36.654-0700][gc,metaspace  ] GC(457) Metaspace: 41472K->41472K(1087488K)
[2021-04-18T10:45:36.654-0700][gc            ] GC(457) Pause Young (Normal) (G1 Evacuation Pause) 848M->237M(1024M) 6.542ms
[2021-04-18T10:45:36.654-0700][gc,cpu        ] GC(457) User=0.04s Sys=0.00s Real=0.01s
[2021-04-18T10:48:56.549-0700][gc,start      ] GC(458) Pause Young (Normal) (G1 Evacuation Pause)
[2021-04-18T10:48:56.549-0700][gc,task       ] GC(458) Using 8 workers of 8 for evacuation
[2021-04-18T10:48:56.556-0700][gc,phases     ] GC(458)   Pre Evacuate Collection Set: 0.0ms
[2021-04-18T10:48:56.556-0700][gc,phases     ] GC(458)   Evacuate Collection Set: 4.6ms
[2021-04-18T10:48:56.556-0700][gc,phases     ] GC(458)   Post Evacuate Collection Set: 1.1ms
[2021-04-18T10:48:56.556-0700][gc,phases     ] GC(458)   Other: 0.4ms
[2021-04-18T10:48:56.556-0700][gc,heap       ] GC(458) Eden regions: 611->0(611)
[2021-04-18T10:48:56.556-0700][gc,heap       ] GC(458) Survivor regions: 3->3(77)
[2021-04-18T10:48:56.556-0700][gc,heap       ] GC(458) Old regions: 108->108
[2021-04-18T10:48:56.556-0700][gc,heap       ] GC(458) Humongous regions: 129->129
[2021-04-18T10:48:56.556-0700][gc,metaspace  ] GC(458) Metaspace: 41472K->41472K(1087488K)
[2021-04-18T10:48:56.556-0700][gc            ] GC(458) Pause Young (Normal) (G1 Evacuation Pause) 848M->237M(1024M) 6.413ms
[2021-04-18T10:48:56.556-0700][gc,cpu        ] GC(458) User=0.03s Sys=0.00s Real=0.00s
[2021-04-18T10:52:16.401-0700][gc,start      ] GC(459) Pause Young (Normal) (G1 Evacuation Pause)
[2021-04-18T10:52:16.402-0700][gc,task       ] GC(459) Using 8 workers of 8 for evacuation
[2021-04-18T10:52:16.407-0700][gc,phases     ] GC(459)   Pre Evacuate Collection Set: 0.0ms
[2021-04-18T10:52:16.407-0700][gc,phases     ] GC(459)   Evacuate Collection Set: 4.3ms
[2021-04-18T10:52:16.407-0700][gc,phases     ] GC(459)   Post Evacuate Collection Set: 1.0ms
[2021-04-18T10:52:16.407-0700][gc,phases     ] GC(459)   Other: 0.4ms
[2021-04-18T10:52:16.407-0700][gc,heap       ] GC(459) Eden regions: 611->0(611)
[2021-04-18T10:52:16.407-0700][gc,heap       ] GC(459) Survivor regions: 3->3(77)
[2021-04-18T10:52:16.407-0700][gc,heap       ] GC(459) Old regions: 108->108
[2021-04-18T10:52:16.407-0700][gc,heap       ] GC(459) Humongous regions: 129->129
[2021-04-18T10:52:16.407-0700][gc,metaspace  ] GC(459) Metaspace: 41472K->41472K(1087488K)
[2021-04-18T10:52:16.408-0700][gc            ] GC(459) Pause Young (Normal) (G1 Evacuation Pause) 848M->237M(1024M) 6.063ms
[2021-04-18T10:52:16.408-0700][gc,cpu        ] GC(459) User=0.04s Sys=0.00s Real=0.00s
[2021-04-18T10:55:35.239-0700][gc,start      ] GC(460) Pause Young (Normal) (G1 Evacuation Pause)
[2021-04-18T10:55:35.239-0700][gc,task       ] GC(460) Using 8 workers of 8 for evacuation
[2021-04-18T10:55:35.242-0700][gc,phases     ] GC(460)   Pre Evacuate Collection Set: 0.0ms
[2021-04-18T10:55:35.242-0700][gc,phases     ] GC(460)   Evacuate Collection Set: 2.3ms
[2021-04-18T10:55:35.242-0700][gc,phases     ] GC(460)   Post Evacuate Collection Set: 0.6ms
[2021-04-18T10:55:35.242-0700][gc,phases     ] GC(460)   Other: 0.2ms
[2021-04-18T10:55:35.242-0700][gc,heap       ] GC(460) Eden regions: 611->0(611)
[2021-04-18T10:55:35.242-0700][gc,heap       ] GC(460) Survivor regions: 3->3(77)
[2021-04-18T10:55:35.242-0700][gc,heap       ] GC(460) Old regions: 108->108
[2021-04-18T10:55:35.242-0700][gc,heap       ] GC(460) Humongous regions: 129->129
[2021-04-18T10:55:35.242-0700][gc,metaspace  ] GC(460) Metaspace: 41474K->41474K(1087488K)
[2021-04-18T10:55:35.242-0700][gc            ] GC(460) Pause Young (Normal) (G1 Evacuation Pause) 848M->238M(1024M) 3.307ms
[2021-04-18T10:55:35.242-0700][gc,cpu        ] GC(460) User=0.02s Sys=0.00s Real=0.00s
[2021-04-18T10:58:55.187-0700][gc,start      ] GC(461) Pause Young (Normal) (G1 Evacuation Pause)
[2021-04-18T10:58:55.187-0700][gc,task       ] GC(461) Using 8 workers of 8 for evacuation
[2021-04-18T10:58:55.192-0700][gc,phases     ] GC(461)   Pre Evacuate Collection Set: 0.0ms
[2021-04-18T10:58:55.192-0700][gc,phases     ] GC(461)   Evacuate Collection Set: 4.9ms
[2021-04-18T10:58:55.192-0700][gc,phases     ] GC(461)   Post Evacuate Collection Set: 0.4ms
[2021-04-18T10:58:55.192-0700][gc,phases     ] GC(461)   Other: 0.4ms
[2021-04-18T10:58:55.192-0700][gc,heap       ] GC(461) Eden regions: 611->0(611)
[2021-04-18T10:58:55.192-0700][gc,heap       ] GC(461) Survivor regions: 3->3(77)
[2021-04-18T10:58:55.192-0700][gc,heap       ] GC(461) Old regions: 108->108
[2021-04-18T10:58:55.192-0700][gc,heap       ] GC(461) Humongous regions: 129->129
[2021-04-18T10:58:55.192-0700][gc,metaspace  ] GC(461) Metaspace: 41474K->41474K(1087488K)
[2021-04-18T10:58:55.192-0700][gc            ] GC(461) Pause Young (Normal) (G1 Evacuation Pause) 849M->238M(1024M) 5.789ms
[2021-04-18T10:58:55.192-0700][gc,cpu        ] GC(461) User=0.04s Sys=0.00s Real=0.01s
[2021-04-18T11:02:15.074-0700][gc,start      ] GC(462) Pause Young (Normal) (G1 Evacuation Pause)
[2021-04-18T11:02:15.075-0700][gc,task       ] GC(462) Using 8 workers of 8 for evacuation
[2021-04-18T11:02:15.082-0700][gc,phases     ] GC(462)   Pre Evacuate Collection Set: 0.0ms
[2021-04-18T11:02:15.082-0700][gc,phases     ] GC(462)   Evacuate Collection Set: 5.5ms
[2021-04-18T11:02:15.082-0700][gc,phases     ] GC(462)   Post Evacuate Collection Set: 1.2ms
[2021-04-18T11:02:15.082-0700][gc,phases     ] GC(462)   Other: 0.5ms
[2021-04-18T11:02:15.082-0700][gc,heap       ] GC(462) Eden regions: 611->0(610)
[2021-04-18T11:02:15.082-0700][gc,heap       ] GC(462) Survivor regions: 3->4(77)
[2021-04-18T11:02:15.082-0700][gc,heap       ] GC(462) Old regions: 108->108
[2021-04-18T11:02:15.082-0700][gc,heap       ] GC(462) Humongous regions: 129->129
[2021-04-18T11:02:15.082-0700][gc,metaspace  ] GC(462) Metaspace: 41474K->41474K(1087488K)
[2021-04-18T11:02:15.082-0700][gc            ] GC(462) Pause Young (Normal) (G1 Evacuation Pause) 849M->238M(1024M) 7.348ms
[2021-04-18T11:02:15.082-0700][gc,cpu        ] GC(462) User=0.04s Sys=0.00s Real=0.01s
[2021-04-18T11:05:34.330-0700][gc,start      ] GC(463) Pause Young (Normal) (G1 Evacuation Pause)
[2021-04-18T11:05:34.330-0700][gc,task       ] GC(463) Using 8 workers of 8 for evacuation
[2021-04-18T11:05:34.337-0700][gc,phases     ] GC(463)   Pre Evacuate Collection Set: 0.0ms
[2021-04-18T11:05:34.337-0700][gc,phases     ] GC(463)   Evacuate Collection Set: 5.3ms
[2021-04-18T11:05:34.337-0700][gc,phases     ] GC(463)   Post Evacuate Collection Set: 1.3ms
[2021-04-18T11:05:34.337-0700][gc,phases     ] GC(463)   Other: 0.5ms
[2021-04-18T11:05:34.337-0700][gc,heap       ] GC(463) Eden regions: 610->0(611)
[2021-04-18T11:05:34.337-0700][gc,heap       ] GC(463) Survivor regions: 4->3(77)
[2021-04-18T11:05:34.337-0700][gc,heap       ] GC(463) Old regions: 108->108
[2021-04-18T11:05:34.337-0700][gc,heap       ] GC(463) Humongous regions: 129->129
[2021-04-18T11:05:34.337-0700][gc,metaspace  ] GC(463) Metaspace: 41475K->41475K(1087488K)
[2021-04-18T11:05:34.337-0700][gc            ] GC(463) Pause Young (Normal) (G1 Evacuation Pause) 848M->238M(1024M) 7.308ms
[2021-04-18T11:05:34.337-0700][gc,cpu        ] GC(463) User=0.04s Sys=0.00s Real=0.01s
[2021-04-18T11:08:54.380-0700][gc,start      ] GC(464) Pause Young (Normal) (G1 Evacuation Pause)
[2021-04-18T11:08:54.380-0700][gc,task       ] GC(464) Using 8 workers of 8 for evacuation
[2021-04-18T11:08:54.387-0700][gc,phases     ] GC(464)   Pre Evacuate Collection Set: 0.0ms
[2021-04-18T11:08:54.387-0700][gc,phases     ] GC(464)   Evacuate Collection Set: 5.4ms
[2021-04-18T11:08:54.387-0700][gc,phases     ] GC(464)   Post Evacuate Collection Set: 1.3ms
[2021-04-18T11:08:54.387-0700][gc,phases     ] GC(464)   Other: 0.5ms
[2021-04-18T11:08:54.387-0700][gc,heap       ] GC(464) Eden regions: 611->0(611)
[2021-04-18T11:08:54.387-0700][gc,heap       ] GC(464) Survivor regions: 3->3(77)
[2021-04-18T11:08:54.387-0700][gc,heap       ] GC(464) Old regions: 108->108
[2021-04-18T11:08:54.387-0700][gc,heap       ] GC(464) Humongous regions: 129->129
[2021-04-18T11:08:54.387-0700][gc,metaspace  ] GC(464) Metaspace: 41475K->41475K(1087488K)
[2021-04-18T11:08:54.387-0700][gc            ] GC(464) Pause Young (Normal) (G1 Evacuation Pause) 849M->237M(1024M) 7.506ms
[2021-04-18T11:08:54.387-0700][gc,cpu        ] GC(464) User=0.05s Sys=0.00s Real=0.00s
[2021-04-18T11:12:14.092-0700][gc,start      ] GC(465) Pause Young (Normal) (G1 Evacuation Pause)
[2021-04-18T11:12:14.092-0700][gc,task       ] GC(465) Using 8 workers of 8 for evacuation
[2021-04-18T11:12:14.099-0700][gc,phases     ] GC(465)   Pre Evacuate Collection Set: 0.0ms
[2021-04-18T11:12:14.099-0700][gc,phases     ] GC(465)   Evacuate Collection Set: 5.1ms
[2021-04-18T11:12:14.099-0700][gc,phases     ] GC(465)   Post Evacuate Collection Set: 1.3ms
[2021-04-18T11:12:14.099-0700][gc,phases     ] GC(465)   Other: 0.5ms
[2021-04-18T11:12:14.099-0700][gc,heap       ] GC(465) Eden regions: 611->0(611)
[2021-04-18T11:12:14.099-0700][gc,heap       ] GC(465) Survivor regions: 3->3(77)
[2021-04-18T11:12:14.099-0700][gc,heap       ] GC(465) Old regions: 108->108
[2021-04-18T11:12:14.099-0700][gc,heap       ] GC(465) Humongous regions: 129->129
[2021-04-18T11:12:14.099-0700][gc,metaspace  ] GC(465) Metaspace: 41475K->41475K(1087488K)
[2021-04-18T11:12:14.099-0700][gc            ] GC(465) Pause Young (Normal) (G1 Evacuation Pause) 848M->237M(1024M) 7.153ms
[2021-04-18T11:12:14.099-0700][gc,cpu        ] GC(465) User=0.05s Sys=0.00s Real=0.01s
[2021-04-18T11:15:33.879-0700][gc,start      ] GC(466) Pause Young (Normal) (G1 Evacuation Pause)
[2021-04-18T11:15:33.879-0700][gc,task       ] GC(466) Using 8 workers of 8 for evacuation
[2021-04-18T11:15:33.886-0700][gc,phases     ] GC(466)   Pre Evacuate Collection Set: 0.0ms
[2021-04-18T11:15:33.886-0700][gc,phases     ] GC(466)   Evacuate Collection Set: 5.1ms
[2021-04-18T11:15:33.886-0700][gc,phases     ] GC(466)   Post Evacuate Collection Set: 1.2ms
[2021-04-18T11:15:33.886-0700][gc,phases     ] GC(466)   Other: 0.4ms
[2021-04-18T11:15:33.886-0700][gc,heap       ] GC(466) Eden regions: 611->0(611)
[2021-04-18T11:15:33.886-0700][gc,heap       ] GC(466) Survivor regions: 3->3(77)
[2021-04-18T11:15:33.886-0700][gc,heap       ] GC(466) Old regions: 108->108
[2021-04-18T11:15:33.886-0700][gc,heap       ] GC(466) Humongous regions: 129->129
[2021-04-18T11:15:33.886-0700][gc,metaspace  ] GC(466) Metaspace: 41477K->41477K(1087488K)
[2021-04-18T11:15:33.886-0700][gc            ] GC(466) Pause Young (Normal) (G1 Evacuation Pause) 848M->237M(1024M) 6.971ms
[2021-04-18T11:15:33.886-0700][gc,cpu        ] GC(466) User=0.04s Sys=0.00s Real=0.00s
[2021-04-18T11:18:53.922-0700][gc,start      ] GC(467) Pause Young (Normal) (G1 Evacuation Pause)
[2021-04-18T11:18:53.922-0700][gc,task       ] GC(467) Using 8 workers of 8 for evacuation
[2021-04-18T11:18:53.929-0700][gc,phases     ] GC(467)   Pre Evacuate Collection Set: 0.0ms
[2021-04-18T11:18:53.929-0700][gc,phases     ] GC(467)   Evacuate Collection Set: 5.0ms
[2021-04-18T11:18:53.929-0700][gc,phases     ] GC(467)   Post Evacuate Collection Set: 1.2ms
[2021-04-18T11:18:53.929-0700][gc,phases     ] GC(467)   Other: 0.5ms
[2021-04-18T11:18:53.929-0700][gc,heap       ] GC(467) Eden regions: 611->0(611)
[2021-04-18T11:18:53.929-0700][gc,heap       ] GC(467) Survivor regions: 3->3(77)
[2021-04-18T11:18:53.929-0700][gc,heap       ] GC(467) Old regions: 108->108
[2021-04-18T11:18:53.929-0700][gc,heap       ] GC(467) Humongous regions: 129->129
[2021-04-18T11:18:53.929-0700][gc,metaspace  ] GC(467) Metaspace: 41477K->41477K(1087488K)
[2021-04-18T11:18:53.929-0700][gc            ] GC(467) Pause Young (Normal) (G1 Evacuation Pause) 848M->237M(1024M) 7.030ms
[2021-04-18T11:18:53.929-0700][gc,cpu        ] GC(467) User=0.04s Sys=0.01s Real=0.01s
[2021-04-18T11:22:13.906-0700][gc,start      ] GC(468) Pause Young (Normal) (G1 Evacuation Pause)
[2021-04-18T11:22:13.907-0700][gc,task       ] GC(468) Using 8 workers of 8 for evacuation
[2021-04-18T11:22:13.913-0700][gc,phases     ] GC(468)   Pre Evacuate Collection Set: 0.0ms
[2021-04-18T11:22:13.913-0700][gc,phases     ] GC(468)   Evacuate Collection Set: 5.1ms
[2021-04-18T11:22:13.913-0700][gc,phases     ] GC(468)   Post Evacuate Collection Set: 1.3ms
[2021-04-18T11:22:13.914-0700][gc,phases     ] GC(468)   Other: 0.5ms
[2021-04-18T11:22:13.914-0700][gc,heap       ] GC(468) Eden regions: 611->0(611)
[2021-04-18T11:22:13.914-0700][gc,heap       ] GC(468) Survivor regions: 3->3(77)
[2021-04-18T11:22:13.914-0700][gc,heap       ] GC(468) Old regions: 108->108
[2021-04-18T11:22:13.914-0700][gc,heap       ] GC(468) Humongous regions: 129->129
[2021-04-18T11:22:13.914-0700][gc,metaspace  ] GC(468) Metaspace: 41477K->41477K(1087488K)
[2021-04-18T11:22:13.914-0700][gc            ] GC(468) Pause Young (Normal) (G1 Evacuation Pause) 848M->237M(1024M) 7.179ms
[2021-04-18T11:22:13.914-0700][gc,cpu        ] GC(468) User=0.04s Sys=0.00s Real=0.01s
[2021-04-18T11:25:33.320-0700][gc,start      ] GC(469) Pause Young (Normal) (G1 Evacuation Pause)
[2021-04-18T11:25:33.320-0700][gc,task       ] GC(469) Using 8 workers of 8 for evacuation
[2021-04-18T11:25:33.327-0700][gc,phases     ] GC(469)   Pre Evacuate Collection Set: 0.0ms
[2021-04-18T11:25:33.327-0700][gc,phases     ] GC(469)   Evacuate Collection Set: 5.2ms
[2021-04-18T11:25:33.327-0700][gc,phases     ] GC(469)   Post Evacuate Collection Set: 1.3ms
[2021-04-18T11:25:33.327-0700][gc,phases     ] GC(469)   Other: 0.4ms
[2021-04-18T11:25:33.327-0700][gc,heap       ] GC(469) Eden regions: 611->0(611)
[2021-04-18T11:25:33.327-0700][gc,heap       ] GC(469) Survivor regions: 3->3(77)
[2021-04-18T11:25:33.327-0700][gc,heap       ] GC(469) Old regions: 108->108
[2021-04-18T11:25:33.327-0700][gc,heap       ] GC(469) Humongous regions: 129->129
[2021-04-18T11:25:33.327-0700][gc,metaspace  ] GC(469) Metaspace: 41477K->41477K(1087488K)
[2021-04-18T11:25:33.327-0700][gc            ] GC(469) Pause Young (Normal) (G1 Evacuation Pause) 848M->237M(1024M) 7.222ms
[2021-04-18T11:25:33.327-0700][gc,cpu        ] GC(469) User=0.05s Sys=0.00s Real=0.00s
[2021-04-18T11:28:52.953-0700][gc,start      ] GC(470) Pause Young (Normal) (G1 Evacuation Pause)
[2021-04-18T11:28:52.953-0700][gc,task       ] GC(470) Using 8 workers of 8 for evacuation
[2021-04-18T11:28:52.960-0700][gc,phases     ] GC(470)   Pre Evacuate Collection Set: 0.1ms
[2021-04-18T11:28:52.960-0700][gc,phases     ] GC(470)   Evacuate Collection Set: 5.2ms
[2021-04-18T11:28:52.960-0700][gc,phases     ] GC(470)   Post Evacuate Collection Set: 1.4ms
[2021-04-18T11:28:52.960-0700][gc,phases     ] GC(470)   Other: 0.6ms
[2021-04-18T11:28:52.960-0700][gc,heap       ] GC(470) Eden regions: 611->0(611)
[2021-04-18T11:28:52.960-0700][gc,heap       ] GC(470) Survivor regions: 3->3(77)
[2021-04-18T11:28:52.961-0700][gc,heap       ] GC(470) Old regions: 108->108
[2021-04-18T11:28:52.961-0700][gc,heap       ] GC(470) Humongous regions: 129->129
[2021-04-18T11:28:52.961-0700][gc,metaspace  ] GC(470) Metaspace: 41480K->41480K(1087488K)
[2021-04-18T11:28:52.961-0700][gc            ] GC(470) Pause Young (Normal) (G1 Evacuation Pause) 848M->237M(1024M) 7.744ms
[2021-04-18T11:28:52.961-0700][gc,cpu        ] GC(470) User=0.04s Sys=0.01s Real=0.01s
[2021-04-18T11:32:12.344-0700][gc,start      ] GC(471) Pause Young (Normal) (G1 Evacuation Pause)
[2021-04-18T11:32:12.344-0700][gc,task       ] GC(471) Using 8 workers of 8 for evacuation
[2021-04-18T11:32:12.350-0700][gc,phases     ] GC(471)   Pre Evacuate Collection Set: 0.0ms
[2021-04-18T11:32:12.350-0700][gc,phases     ] GC(471)   Evacuate Collection Set: 4.7ms
[2021-04-18T11:32:12.350-0700][gc,phases     ] GC(471)   Post Evacuate Collection Set: 1.2ms
[2021-04-18T11:32:12.350-0700][gc,phases     ] GC(471)   Other: 0.4ms
[2021-04-18T11:32:12.350-0700][gc,heap       ] GC(471) Eden regions: 611->0(611)
[2021-04-18T11:32:12.350-0700][gc,heap       ] GC(471) Survivor regions: 3->3(77)
[2021-04-18T11:32:12.350-0700][gc,heap       ] GC(471) Old regions: 108->108
[2021-04-18T11:32:12.350-0700][gc,heap       ] GC(471) Humongous regions: 129->129
[2021-04-18T11:32:12.350-0700][gc,metaspace  ] GC(471) Metaspace: 41480K->41480K(1087488K)
[2021-04-18T11:32:12.350-0700][gc            ] GC(471) Pause Young (Normal) (G1 Evacuation Pause) 848M->237M(1024M) 6.386ms
[2021-04-18T11:32:12.350-0700][gc,cpu        ] GC(471) User=0.05s Sys=0.00s Real=0.01s
[2021-04-18T11:35:31.676-0700][gc,start      ] GC(472) Pause Young (Normal) (G1 Evacuation Pause)
[2021-04-18T11:35:31.676-0700][gc,task       ] GC(472) Using 8 workers of 8 for evacuation
[2021-04-18T11:35:31.683-0700][gc,phases     ] GC(472)   Pre Evacuate Collection Set: 0.0ms
[2021-04-18T11:35:31.683-0700][gc,phases     ] GC(472)   Evacuate Collection Set: 4.8ms
[2021-04-18T11:35:31.683-0700][gc,phases     ] GC(472)   Post Evacuate Collection Set: 1.4ms
[2021-04-18T11:35:31.683-0700][gc,phases     ] GC(472)   Other: 0.5ms
[2021-04-18T11:35:31.683-0700][gc,heap       ] GC(472) Eden regions: 611->0(611)
[2021-04-18T11:35:31.683-0700][gc,heap       ] GC(472) Survivor regions: 3->3(77)
[2021-04-18T11:35:31.683-0700][gc,heap       ] GC(472) Old regions: 108->108
[2021-04-18T11:35:31.683-0700][gc,heap       ] GC(472) Humongous regions: 129->129
[2021-04-18T11:35:31.683-0700][gc,metaspace  ] GC(472) Metaspace: 41480K->41480K(1087488K)
[2021-04-18T11:35:31.683-0700][gc            ] GC(472) Pause Young (Normal) (G1 Evacuation Pause) 848M->237M(1024M) 7.037ms
[2021-04-18T11:35:31.683-0700][gc,cpu        ] GC(472) User=0.04s Sys=0.00s Real=0.01s
[2021-04-18T11:38:51.094-0700][gc,start      ] GC(473) Pause Young (Normal) (G1 Evacuation Pause)
[2021-04-18T11:38:51.094-0700][gc,task       ] GC(473) Using 8 workers of 8 for evacuation
[2021-04-18T11:38:51.101-0700][gc,phases     ] GC(473)   Pre Evacuate Collection Set: 0.0ms
[2021-04-18T11:38:51.101-0700][gc,phases     ] GC(473)   Evacuate Collection Set: 4.7ms
[2021-04-18T11:38:51.101-0700][gc,phases     ] GC(473)   Post Evacuate Collection Set: 1.3ms
[2021-04-18T11:38:51.101-0700][gc,phases     ] GC(473)   Other: 0.5ms
[2021-04-18T11:38:51.101-0700][gc,heap       ] GC(473) Eden regions: 611->0(612)
[2021-04-18T11:38:51.101-0700][gc,heap       ] GC(473) Survivor regions: 3->2(77)
[2021-04-18T11:38:51.101-0700][gc,heap       ] GC(473) Old regions: 108->108
[2021-04-18T11:38:51.101-0700][gc,heap       ] GC(473) Humongous regions: 129->129
[2021-04-18T11:38:51.101-0700][gc,metaspace  ] GC(473) Metaspace: 41484K->41484K(1087488K)
[2021-04-18T11:38:51.101-0700][gc            ] GC(473) Pause Young (Normal) (G1 Evacuation Pause) 848M->237M(1024M) 6.796ms
[2021-04-18T11:38:51.101-0700][gc,cpu        ] GC(473) User=0.04s Sys=0.00s Real=0.01s
[2021-04-18T11:42:10.892-0700][gc,start      ] GC(474) Pause Young (Normal) (G1 Evacuation Pause)
[2021-04-18T11:42:10.892-0700][gc,task       ] GC(474) Using 8 workers of 8 for evacuation
[2021-04-18T11:42:10.896-0700][gc,phases     ] GC(474)   Pre Evacuate Collection Set: 0.0ms
[2021-04-18T11:42:10.896-0700][gc,phases     ] GC(474)   Evacuate Collection Set: 3.0ms
[2021-04-18T11:42:10.896-0700][gc,phases     ] GC(474)   Post Evacuate Collection Set: 0.9ms
[2021-04-18T11:42:10.896-0700][gc,phases     ] GC(474)   Other: 0.2ms
[2021-04-18T11:42:10.896-0700][gc,heap       ] GC(474) Eden regions: 612->0(611)
[2021-04-18T11:42:10.896-0700][gc,heap       ] GC(474) Survivor regions: 2->3(77)
[2021-04-18T11:42:10.896-0700][gc,heap       ] GC(474) Old regions: 108->108
[2021-04-18T11:42:10.896-0700][gc,heap       ] GC(474) Humongous regions: 129->129
[2021-04-18T11:42:10.896-0700][gc,metaspace  ] GC(474) Metaspace: 41484K->41484K(1087488K)
[2021-04-18T11:42:10.896-0700][gc            ] GC(474) Pause Young (Normal) (G1 Evacuation Pause) 849M->237M(1024M) 4.210ms
[2021-04-18T11:42:10.896-0700][gc,cpu        ] GC(474) User=0.02s Sys=0.00s Real=0.00s
[2021-04-18T11:45:30.339-0700][gc,start      ] GC(475) Pause Young (Normal) (G1 Evacuation Pause)
[2021-04-18T11:45:30.339-0700][gc,task       ] GC(475) Using 8 workers of 8 for evacuation
[2021-04-18T11:45:30.346-0700][gc,phases     ] GC(475)   Pre Evacuate Collection Set: 0.0ms
[2021-04-18T11:45:30.347-0700][gc,phases     ] GC(475)   Evacuate Collection Set: 5.0ms
[2021-04-18T11:45:30.347-0700][gc,phases     ] GC(475)   Post Evacuate Collection Set: 1.6ms
[2021-04-18T11:45:30.347-0700][gc,phases     ] GC(475)   Other: 0.5ms
[2021-04-18T11:45:30.347-0700][gc,heap       ] GC(475) Eden regions: 611->0(612)
[2021-04-18T11:45:30.347-0700][gc,heap       ] GC(475) Survivor regions: 3->2(77)
[2021-04-18T11:45:30.347-0700][gc,heap       ] GC(475) Old regions: 108->108
[2021-04-18T11:45:30.347-0700][gc,heap       ] GC(475) Humongous regions: 129->129
[2021-04-18T11:45:30.347-0700][gc,metaspace  ] GC(475) Metaspace: 41484K->41484K(1087488K)
[2021-04-18T11:45:30.347-0700][gc            ] GC(475) Pause Young (Normal) (G1 Evacuation Pause) 848M->237M(1024M) 7.333ms
[2021-04-18T11:45:30.347-0700][gc,cpu        ] GC(475) User=0.03s Sys=0.00s Real=0.00s
[2021-04-18T11:48:50.133-0700][gc,start      ] GC(476) Pause Young (Normal) (G1 Evacuation Pause)
[2021-04-18T11:48:50.133-0700][gc,task       ] GC(476) Using 8 workers of 8 for evacuation
[2021-04-18T11:48:50.139-0700][gc,phases     ] GC(476)   Pre Evacuate Collection Set: 0.0ms
[2021-04-18T11:48:50.139-0700][gc,phases     ] GC(476)   Evacuate Collection Set: 4.4ms
[2021-04-18T11:48:50.139-0700][gc,phases     ] GC(476)   Post Evacuate Collection Set: 1.2ms
[2021-04-18T11:48:50.139-0700][gc,phases     ] GC(476)   Other: 0.5ms
[2021-04-18T11:48:50.139-0700][gc,heap       ] GC(476) Eden regions: 612->0(612)
[2021-04-18T11:48:50.139-0700][gc,heap       ] GC(476) Survivor regions: 2->2(77)
[2021-04-18T11:48:50.139-0700][gc,heap       ] GC(476) Old regions: 108->108
[2021-04-18T11:48:50.140-0700][gc,heap       ] GC(476) Humongous regions: 129->129
[2021-04-18T11:48:50.140-0700][gc,metaspace  ] GC(476) Metaspace: 41484K->41484K(1087488K)
[2021-04-18T11:48:50.140-0700][gc            ] GC(476) Pause Young (Normal) (G1 Evacuation Pause) 849M->237M(1024M) 6.345ms
[2021-04-18T11:48:50.140-0700][gc,cpu        ] GC(476) User=0.04s Sys=0.00s Real=0.01s
[2021-04-18T11:52:09.388-0700][gc,start      ] GC(477) Pause Young (Normal) (G1 Evacuation Pause)
[2021-04-18T11:52:09.388-0700][gc,task       ] GC(477) Using 8 workers of 8 for evacuation
[2021-04-18T11:52:09.396-0700][gc,phases     ] GC(477)   Pre Evacuate Collection Set: 0.0ms
[2021-04-18T11:52:09.396-0700][gc,phases     ] GC(477)   Evacuate Collection Set: 6.4ms
[2021-04-18T11:52:09.396-0700][gc,phases     ] GC(477)   Post Evacuate Collection Set: 1.3ms
[2021-04-18T11:52:09.396-0700][gc,phases     ] GC(477)   Other: 0.5ms
[2021-04-18T11:52:09.396-0700][gc,heap       ] GC(477) Eden regions: 612->0(610)
[2021-04-18T11:52:09.396-0700][gc,heap       ] GC(477) Survivor regions: 2->4(77)
[2021-04-18T11:52:09.396-0700][gc,heap       ] GC(477) Old regions: 108->108
[2021-04-18T11:52:09.396-0700][gc,heap       ] GC(477) Humongous regions: 129->129
[2021-04-18T11:52:09.396-0700][gc,metaspace  ] GC(477) Metaspace: 41485K->41485K(1087488K)
[2021-04-18T11:52:09.397-0700][gc            ] GC(477) Pause Young (Normal) (G1 Evacuation Pause) 849M->238M(1024M) 8.486ms
[2021-04-18T11:52:09.397-0700][gc,cpu        ] GC(477) User=0.05s Sys=0.00s Real=0.01s
[2021-04-18T11:55:27.736-0700][gc,start      ] GC(478) Pause Young (Normal) (G1 Evacuation Pause)
[2021-04-18T11:55:27.736-0700][gc,task       ] GC(478) Using 8 workers of 8 for evacuation
[2021-04-18T11:55:27.744-0700][gc,phases     ] GC(478)   Pre Evacuate Collection Set: 0.0ms
[2021-04-18T11:55:27.744-0700][gc,phases     ] GC(478)   Evacuate Collection Set: 5.7ms
[2021-04-18T11:55:27.744-0700][gc,phases     ] GC(478)   Post Evacuate Collection Set: 1.5ms
[2021-04-18T11:55:27.744-0700][gc,phases     ] GC(478)   Other: 0.5ms
[2021-04-18T11:55:27.744-0700][gc,heap       ] GC(478) Eden regions: 610->0(611)
[2021-04-18T11:55:27.744-0700][gc,heap       ] GC(478) Survivor regions: 4->3(77)
[2021-04-18T11:55:27.744-0700][gc,heap       ] GC(478) Old regions: 108->108
[2021-04-18T11:55:27.744-0700][gc,heap       ] GC(478) Humongous regions: 129->129
[2021-04-18T11:55:27.744-0700][gc,metaspace  ] GC(478) Metaspace: 41486K->41486K(1087488K)
[2021-04-18T11:55:27.744-0700][gc            ] GC(478) Pause Young (Normal) (G1 Evacuation Pause) 848M->238M(1024M) 8.093ms
[2021-04-18T11:55:27.744-0700][gc,cpu        ] GC(478) User=0.04s Sys=0.00s Real=0.01s
[2021-04-18T11:58:47.051-0700][gc,start      ] GC(479) Pause Young (Normal) (G1 Evacuation Pause)
[2021-04-18T11:58:47.051-0700][gc,task       ] GC(479) Using 8 workers of 8 for evacuation
[2021-04-18T11:58:47.062-0700][gc,phases     ] GC(479)   Pre Evacuate Collection Set: 0.0ms
[2021-04-18T11:58:47.062-0700][gc,phases     ] GC(479)   Evacuate Collection Set: 8.8ms
[2021-04-18T11:58:47.062-0700][gc,phases     ] GC(479)   Post Evacuate Collection Set: 1.3ms
[2021-04-18T11:58:47.062-0700][gc,phases     ] GC(479)   Other: 0.6ms
[2021-04-18T11:58:47.062-0700][gc,heap       ] GC(479) Eden regions: 611->0(611)
[2021-04-18T11:58:47.062-0700][gc,heap       ] GC(479) Survivor regions: 3->3(77)
[2021-04-18T11:58:47.062-0700][gc,heap       ] GC(479) Old regions: 108->108
[2021-04-18T11:58:47.062-0700][gc,heap       ] GC(479) Humongous regions: 129->129
[2021-04-18T11:58:47.062-0700][gc,metaspace  ] GC(479) Metaspace: 41486K->41486K(1087488K)
[2021-04-18T11:58:47.062-0700][gc            ] GC(479) Pause Young (Normal) (G1 Evacuation Pause) 849M->238M(1024M) 11.017ms
[2021-04-18T11:58:47.062-0700][gc,cpu        ] GC(479) User=0.06s Sys=0.00s Real=0.01s
[2021-04-18T12:02:06.489-0700][gc,start      ] GC(480) Pause Young (Normal) (G1 Evacuation Pause)
[2021-04-18T12:02:06.489-0700][gc,task       ] GC(480) Using 8 workers of 8 for evacuation
[2021-04-18T12:02:06.495-0700][gc,phases     ] GC(480)   Pre Evacuate Collection Set: 0.0ms
[2021-04-18T12:02:06.495-0700][gc,phases     ] GC(480)   Evacuate Collection Set: 5.0ms
[2021-04-18T12:02:06.495-0700][gc,phases     ] GC(480)   Post Evacuate Collection Set: 1.1ms
[2021-04-18T12:02:06.496-0700][gc,phases     ] GC(480)   Other: 0.5ms
[2021-04-18T12:02:06.496-0700][gc,heap       ] GC(480) Eden regions: 611->0(611)
[2021-04-18T12:02:06.496-0700][gc,heap       ] GC(480) Survivor regions: 3->3(77)
[2021-04-18T12:02:06.496-0700][gc,heap       ] GC(480) Old regions: 108->108
[2021-04-18T12:02:06.496-0700][gc,heap       ] GC(480) Humongous regions: 129->129
[2021-04-18T12:02:06.496-0700][gc,metaspace  ] GC(480) Metaspace: 41486K->41486K(1087488K)
[2021-04-18T12:02:06.496-0700][gc            ] GC(480) Pause Young (Normal) (G1 Evacuation Pause) 849M->237M(1024M) 6.919ms
[2021-04-18T12:02:06.496-0700][gc,cpu        ] GC(480) User=0.04s Sys=0.00s Real=0.00s
[2021-04-18T12:05:25.761-0700][gc,start      ] GC(481) Pause Young (Normal) (G1 Evacuation Pause)
[2021-04-18T12:05:25.761-0700][gc,task       ] GC(481) Using 8 workers of 8 for evacuation
[2021-04-18T12:05:25.765-0700][gc,phases     ] GC(481)   Pre Evacuate Collection Set: 0.0ms
[2021-04-18T12:05:25.765-0700][gc,phases     ] GC(481)   Evacuate Collection Set: 3.6ms
[2021-04-18T12:05:25.765-0700][gc,phases     ] GC(481)   Post Evacuate Collection Set: 0.8ms
[2021-04-18T12:05:25.765-0700][gc,phases     ] GC(481)   Other: 0.3ms
[2021-04-18T12:05:25.765-0700][gc,heap       ] GC(481) Eden regions: 611->0(611)
[2021-04-18T12:05:25.765-0700][gc,heap       ] GC(481) Survivor regions: 3->3(77)
[2021-04-18T12:05:25.765-0700][gc,heap       ] GC(481) Old regions: 108->108
[2021-04-18T12:05:25.765-0700][gc,heap       ] GC(481) Humongous regions: 129->129
[2021-04-18T12:05:25.765-0700][gc,metaspace  ] GC(481) Metaspace: 41487K->41487K(1087488K)
[2021-04-18T12:05:25.765-0700][gc            ] GC(481) Pause Young (Normal) (G1 Evacuation Pause) 848M->237M(1024M) 4.720ms
[2021-04-18T12:05:25.765-0700][gc,cpu        ] GC(481) User=0.02s Sys=0.01s Real=0.00s
[2021-04-18T12:08:45.112-0700][gc,start      ] GC(482) Pause Young (Normal) (G1 Evacuation Pause)
[2021-04-18T12:08:45.112-0700][gc,task       ] GC(482) Using 8 workers of 8 for evacuation
[2021-04-18T12:08:45.121-0700][gc,phases     ] GC(482)   Pre Evacuate Collection Set: 0.1ms
[2021-04-18T12:08:45.121-0700][gc,phases     ] GC(482)   Evacuate Collection Set: 6.8ms
[2021-04-18T12:08:45.121-0700][gc,phases     ] GC(482)   Post Evacuate Collection Set: 1.6ms
[2021-04-18T12:08:45.121-0700][gc,phases     ] GC(482)   Other: 0.6ms
[2021-04-18T12:08:45.121-0700][gc,heap       ] GC(482) Eden regions: 611->0(611)
[2021-04-18T12:08:45.121-0700][gc,heap       ] GC(482) Survivor regions: 3->3(77)
[2021-04-18T12:08:45.121-0700][gc,heap       ] GC(482) Old regions: 108->108
[2021-04-18T12:08:45.121-0700][gc,heap       ] GC(482) Humongous regions: 129->129
[2021-04-18T12:08:45.121-0700][gc,metaspace  ] GC(482) Metaspace: 41487K->41487K(1087488K)
[2021-04-18T12:08:45.121-0700][gc            ] GC(482) Pause Young (Normal) (G1 Evacuation Pause) 848M->237M(1024M) 9.660ms
[2021-04-18T12:08:45.121-0700][gc,cpu        ] GC(482) User=0.04s Sys=0.00s Real=0.01s
[2021-04-18T12:12:04.483-0700][gc,start      ] GC(483) Pause Young (Normal) (G1 Evacuation Pause)
[2021-04-18T12:12:04.483-0700][gc,task       ] GC(483) Using 8 workers of 8 for evacuation
[2021-04-18T12:12:04.488-0700][gc,phases     ] GC(483)   Pre Evacuate Collection Set: 0.0ms
[2021-04-18T12:12:04.488-0700][gc,phases     ] GC(483)   Evacuate Collection Set: 3.3ms
[2021-04-18T12:12:04.488-0700][gc,phases     ] GC(483)   Post Evacuate Collection Set: 0.8ms
[2021-04-18T12:12:04.488-0700][gc,phases     ] GC(483)   Other: 0.4ms
[2021-04-18T12:12:04.488-0700][gc,heap       ] GC(483) Eden regions: 611->0(611)
[2021-04-18T12:12:04.488-0700][gc,heap       ] GC(483) Survivor regions: 3->3(77)
[2021-04-18T12:12:04.488-0700][gc,heap       ] GC(483) Old regions: 108->108
[2021-04-18T12:12:04.488-0700][gc,heap       ] GC(483) Humongous regions: 129->129
[2021-04-18T12:12:04.488-0700][gc,metaspace  ] GC(483) Metaspace: 41498K->41498K(1087488K)
[2021-04-18T12:12:04.488-0700][gc            ] GC(483) Pause Young (Normal) (G1 Evacuation Pause) 848M->237M(1024M) 4.630ms
[2021-04-18T12:12:04.488-0700][gc,cpu        ] GC(483) User=0.02s Sys=0.00s Real=0.00s
[2021-04-18T12:15:23.885-0700][gc,start      ] GC(484) Pause Young (Normal) (G1 Evacuation Pause)
[2021-04-18T12:15:23.885-0700][gc,task       ] GC(484) Using 8 workers of 8 for evacuation
[2021-04-18T12:15:23.889-0700][gc,phases     ] GC(484)   Pre Evacuate Collection Set: 0.0ms
[2021-04-18T12:15:23.889-0700][gc,phases     ] GC(484)   Evacuate Collection Set: 2.8ms
[2021-04-18T12:15:23.889-0700][gc,phases     ] GC(484)   Post Evacuate Collection Set: 0.7ms
[2021-04-18T12:15:23.889-0700][gc,phases     ] GC(484)   Other: 0.3ms
[2021-04-18T12:15:23.889-0700][gc,heap       ] GC(484) Eden regions: 611->0(611)
[2021-04-18T12:15:23.889-0700][gc,heap       ] GC(484) Survivor regions: 3->3(77)
[2021-04-18T12:15:23.889-0700][gc,heap       ] GC(484) Old regions: 108->108
[2021-04-18T12:15:23.889-0700][gc,heap       ] GC(484) Humongous regions: 129->129
[2021-04-18T12:15:23.889-0700][gc,metaspace  ] GC(484) Metaspace: 41500K->41500K(1087488K)
[2021-04-18T12:15:23.889-0700][gc            ] GC(484) Pause Young (Normal) (G1 Evacuation Pause) 848M->237M(1024M) 3.962ms
[2021-04-18T12:15:23.889-0700][gc,cpu        ] GC(484) User=0.01s Sys=0.01s Real=0.01s
[2021-04-18T12:18:43.033-0700][gc,start      ] GC(485) Pause Young (Normal) (G1 Evacuation Pause)
[2021-04-18T12:18:43.033-0700][gc,task       ] GC(485) Using 8 workers of 8 for evacuation
[2021-04-18T12:18:43.040-0700][gc,phases     ] GC(485)   Pre Evacuate Collection Set: 0.0ms
[2021-04-18T12:18:43.041-0700][gc,phases     ] GC(485)   Evacuate Collection Set: 5.1ms
[2021-04-18T12:18:43.041-0700][gc,phases     ] GC(485)   Post Evacuate Collection Set: 1.6ms
[2021-04-18T12:18:43.041-0700][gc,phases     ] GC(485)   Other: 0.5ms
[2021-04-18T12:18:43.041-0700][gc,heap       ] GC(485) Eden regions: 611->0(612)
[2021-04-18T12:18:43.041-0700][gc,heap       ] GC(485) Survivor regions: 3->2(77)
[2021-04-18T12:18:43.041-0700][gc,heap       ] GC(485) Old regions: 108->108
[2021-04-18T12:18:43.041-0700][gc,heap       ] GC(485) Humongous regions: 129->129
[2021-04-18T12:18:43.041-0700][gc,metaspace  ] GC(485) Metaspace: 41500K->41500K(1087488K)
[2021-04-18T12:18:43.041-0700][gc            ] GC(485) Pause Young (Normal) (G1 Evacuation Pause) 848M->237M(1024M) 7.541ms
[2021-04-18T12:18:43.041-0700][gc,cpu        ] GC(485) User=0.05s Sys=0.00s Real=0.01s
[2021-04-18T12:22:02.682-0700][gc,start      ] GC(486) Pause Young (Normal) (G1 Evacuation Pause)
[2021-04-18T12:22:02.682-0700][gc,task       ] GC(486) Using 8 workers of 8 for evacuation
[2021-04-18T12:22:02.688-0700][gc,phases     ] GC(486)   Pre Evacuate Collection Set: 0.0ms
[2021-04-18T12:22:02.688-0700][gc,phases     ] GC(486)   Evacuate Collection Set: 4.4ms
[2021-04-18T12:22:02.688-0700][gc,phases     ] GC(486)   Post Evacuate Collection Set: 1.3ms
[2021-04-18T12:22:02.688-0700][gc,phases     ] GC(486)   Other: 0.4ms
[2021-04-18T12:22:02.688-0700][gc,heap       ] GC(486) Eden regions: 612->0(612)
[2021-04-18T12:22:02.688-0700][gc,heap       ] GC(486) Survivor regions: 2->2(77)
[2021-04-18T12:22:02.688-0700][gc,heap       ] GC(486) Old regions: 108->108
[2021-04-18T12:22:02.688-0700][gc,heap       ] GC(486) Humongous regions: 129->129
[2021-04-18T12:22:02.688-0700][gc,metaspace  ] GC(486) Metaspace: 41500K->41500K(1087488K)
[2021-04-18T12:22:02.688-0700][gc            ] GC(486) Pause Young (Normal) (G1 Evacuation Pause) 849M->237M(1024M) 6.425ms
[2021-04-18T12:22:02.688-0700][gc,cpu        ] GC(486) User=0.03s Sys=0.01s Real=0.00s
[2021-04-18T12:25:22.590-0700][gc,start      ] GC(487) Pause Young (Normal) (G1 Evacuation Pause)
[2021-04-18T12:25:22.590-0700][gc,task       ] GC(487) Using 8 workers of 8 for evacuation
[2021-04-18T12:25:22.596-0700][gc,phases     ] GC(487)   Pre Evacuate Collection Set: 0.0ms
[2021-04-18T12:25:22.597-0700][gc,phases     ] GC(487)   Evacuate Collection Set: 4.6ms
[2021-04-18T12:25:22.597-0700][gc,phases     ] GC(487)   Post Evacuate Collection Set: 1.2ms
[2021-04-18T12:25:22.597-0700][gc,phases     ] GC(487)   Other: 0.5ms
[2021-04-18T12:25:22.597-0700][gc,heap       ] GC(487) Eden regions: 612->0(611)
[2021-04-18T12:25:22.597-0700][gc,heap       ] GC(487) Survivor regions: 2->3(77)
[2021-04-18T12:25:22.597-0700][gc,heap       ] GC(487) Old regions: 108->108
[2021-04-18T12:25:22.597-0700][gc,heap       ] GC(487) Humongous regions: 129->129
[2021-04-18T12:25:22.597-0700][gc,metaspace  ] GC(487) Metaspace: 41500K->41500K(1087488K)
[2021-04-18T12:25:22.597-0700][gc            ] GC(487) Pause Young (Normal) (G1 Evacuation Pause) 849M->237M(1024M) 6.651ms
[2021-04-18T12:25:22.597-0700][gc,cpu        ] GC(487) User=0.04s Sys=0.00s Real=0.01s
[2021-04-18T12:28:42.033-0700][gc,start      ] GC(488) Pause Young (Normal) (G1 Evacuation Pause)
[2021-04-18T12:28:42.033-0700][gc,task       ] GC(488) Using 8 workers of 8 for evacuation
[2021-04-18T12:28:42.040-0700][gc,phases     ] GC(488)   Pre Evacuate Collection Set: 0.0ms
[2021-04-18T12:28:42.040-0700][gc,phases     ] GC(488)   Evacuate Collection Set: 4.7ms
[2021-04-18T12:28:42.040-0700][gc,phases     ] GC(488)   Post Evacuate Collection Set: 1.4ms
[2021-04-18T12:28:42.040-0700][gc,phases     ] GC(488)   Other: 0.5ms
[2021-04-18T12:28:42.040-0700][gc,heap       ] GC(488) Eden regions: 611->0(612)
[2021-04-18T12:28:42.040-0700][gc,heap       ] GC(488) Survivor regions: 3->2(77)
[2021-04-18T12:28:42.040-0700][gc,heap       ] GC(488) Old regions: 108->108
[2021-04-18T12:28:42.040-0700][gc,heap       ] GC(488) Humongous regions: 129->129
[2021-04-18T12:28:42.040-0700][gc,metaspace  ] GC(488) Metaspace: 41500K->41500K(1087488K)
[2021-04-18T12:28:42.040-0700][gc            ] GC(488) Pause Young (Normal) (G1 Evacuation Pause) 848M->237M(1024M) 6.869ms
[2021-04-18T12:28:42.040-0700][gc,cpu        ] GC(488) User=0.04s Sys=0.01s Real=0.01s
[2021-04-18T12:32:01.610-0700][gc,start      ] GC(489) Pause Young (Normal) (G1 Evacuation Pause)
[2021-04-18T12:32:01.610-0700][gc,task       ] GC(489) Using 8 workers of 8 for evacuation
[2021-04-18T12:32:01.616-0700][gc,phases     ] GC(489)   Pre Evacuate Collection Set: 0.0ms
[2021-04-18T12:32:01.616-0700][gc,phases     ] GC(489)   Evacuate Collection Set: 4.5ms
[2021-04-18T12:32:01.616-0700][gc,phases     ] GC(489)   Post Evacuate Collection Set: 1.5ms
[2021-04-18T12:32:01.617-0700][gc,phases     ] GC(489)   Other: 0.5ms
[2021-04-18T12:32:01.617-0700][gc,heap       ] GC(489) Eden regions: 612->0(612)
[2021-04-18T12:32:01.617-0700][gc,heap       ] GC(489) Survivor regions: 2->2(77)
[2021-04-18T12:32:01.617-0700][gc,heap       ] GC(489) Old regions: 108->108
[2021-04-18T12:32:01.617-0700][gc,heap       ] GC(489) Humongous regions: 129->129
[2021-04-18T12:32:01.617-0700][gc,metaspace  ] GC(489) Metaspace: 41500K->41500K(1087488K)
[2021-04-18T12:32:01.617-0700][gc            ] GC(489) Pause Young (Normal) (G1 Evacuation Pause) 849M->237M(1024M) 6.860ms
[2021-04-18T12:32:01.617-0700][gc,cpu        ] GC(489) User=0.04s Sys=0.00s Real=0.01s
[2021-04-18T12:35:21.199-0700][gc,start      ] GC(490) Pause Young (Normal) (G1 Evacuation Pause)
[2021-04-18T12:35:21.199-0700][gc,task       ] GC(490) Using 8 workers of 8 for evacuation
[2021-04-18T12:35:21.210-0700][gc,phases     ] GC(490)   Pre Evacuate Collection Set: 0.0ms
[2021-04-18T12:35:21.210-0700][gc,phases     ] GC(490)   Evacuate Collection Set: 9.4ms
[2021-04-18T12:35:21.210-0700][gc,phases     ] GC(490)   Post Evacuate Collection Set: 1.4ms
[2021-04-18T12:35:21.210-0700][gc,phases     ] GC(490)   Other: 0.5ms
[2021-04-18T12:35:21.210-0700][gc,heap       ] GC(490) Eden regions: 612->0(612)
[2021-04-18T12:35:21.210-0700][gc,heap       ] GC(490) Survivor regions: 2->2(77)
[2021-04-18T12:35:21.210-0700][gc,heap       ] GC(490) Old regions: 108->108
[2021-04-18T12:35:21.210-0700][gc,heap       ] GC(490) Humongous regions: 129->129
[2021-04-18T12:35:21.210-0700][gc,metaspace  ] GC(490) Metaspace: 41500K->41500K(1087488K)
[2021-04-18T12:35:21.210-0700][gc            ] GC(490) Pause Young (Normal) (G1 Evacuation Pause) 849M->237M(1024M) 11.576ms
[2021-04-18T12:35:21.210-0700][gc,cpu        ] GC(490) User=0.06s Sys=0.00s Real=0.01s
[2021-04-18T12:38:40.845-0700][gc,start      ] GC(491) Pause Young (Normal) (G1 Evacuation Pause)
[2021-04-18T12:38:40.845-0700][gc,task       ] GC(491) Using 8 workers of 8 for evacuation
[2021-04-18T12:38:40.851-0700][gc,phases     ] GC(491)   Pre Evacuate Collection Set: 0.0ms
[2021-04-18T12:38:40.851-0700][gc,phases     ] GC(491)   Evacuate Collection Set: 4.4ms
[2021-04-18T12:38:40.851-0700][gc,phases     ] GC(491)   Post Evacuate Collection Set: 1.4ms
[2021-04-18T12:38:40.851-0700][gc,phases     ] GC(491)   Other: 0.5ms
[2021-04-18T12:38:40.852-0700][gc,heap       ] GC(491) Eden regions: 612->0(612)
[2021-04-18T12:38:40.852-0700][gc,heap       ] GC(491) Survivor regions: 2->2(77)
[2021-04-18T12:38:40.852-0700][gc,heap       ] GC(491) Old regions: 108->108
[2021-04-18T12:38:40.852-0700][gc,heap       ] GC(491) Humongous regions: 129->129
[2021-04-18T12:38:40.852-0700][gc,metaspace  ] GC(491) Metaspace: 41500K->41500K(1087488K)
[2021-04-18T12:38:40.852-0700][gc            ] GC(491) Pause Young (Normal) (G1 Evacuation Pause) 849M->237M(1024M) 6.532ms
[2021-04-18T12:38:40.852-0700][gc,cpu        ] GC(491) User=0.04s Sys=0.00s Real=0.01s
[2021-04-18T12:42:00.267-0700][gc,start      ] GC(492) Pause Young (Normal) (G1 Evacuation Pause)
[2021-04-18T12:42:00.267-0700][gc,task       ] GC(492) Using 8 workers of 8 for evacuation
[2021-04-18T12:42:00.281-0700][gc,phases     ] GC(492)   Pre Evacuate Collection Set: 0.1ms
[2021-04-18T12:42:00.281-0700][gc,phases     ] GC(492)   Evacuate Collection Set: 11.5ms
[2021-04-18T12:42:00.281-0700][gc,phases     ] GC(492)   Post Evacuate Collection Set: 1.6ms
[2021-04-18T12:42:00.281-0700][gc,phases     ] GC(492)   Other: 0.7ms
[2021-04-18T12:42:00.281-0700][gc,heap       ] GC(492) Eden regions: 612->0(610)
[2021-04-18T12:42:00.281-0700][gc,heap       ] GC(492) Survivor regions: 2->4(77)
[2021-04-18T12:42:00.281-0700][gc,heap       ] GC(492) Old regions: 108->108
[2021-04-18T12:42:00.281-0700][gc,heap       ] GC(492) Humongous regions: 129->129
[2021-04-18T12:42:00.281-0700][gc,metaspace  ] GC(492) Metaspace: 41500K->41500K(1087488K)
[2021-04-18T12:42:00.281-0700][gc            ] GC(492) Pause Young (Normal) (G1 Evacuation Pause) 849M->238M(1024M) 14.172ms
[2021-04-18T12:42:00.281-0700][gc,cpu        ] GC(492) User=0.07s Sys=0.00s Real=0.02s
[2021-04-18T12:45:18.924-0700][gc,start      ] GC(493) Pause Young (Normal) (G1 Evacuation Pause)
[2021-04-18T12:45:18.924-0700][gc,task       ] GC(493) Using 8 workers of 8 for evacuation
[2021-04-18T12:45:18.928-0700][gc,phases     ] GC(493)   Pre Evacuate Collection Set: 0.0ms
[2021-04-18T12:45:18.928-0700][gc,phases     ] GC(493)   Evacuate Collection Set: 2.9ms
[2021-04-18T12:45:18.928-0700][gc,phases     ] GC(493)   Post Evacuate Collection Set: 0.6ms
[2021-04-18T12:45:18.928-0700][gc,phases     ] GC(493)   Other: 0.2ms
[2021-04-18T12:45:18.928-0700][gc,heap       ] GC(493) Eden regions: 610->0(610)
[2021-04-18T12:45:18.928-0700][gc,heap       ] GC(493) Survivor regions: 4->4(77)
[2021-04-18T12:45:18.928-0700][gc,heap       ] GC(493) Old regions: 108->108
[2021-04-18T12:45:18.928-0700][gc,heap       ] GC(493) Humongous regions: 129->129
[2021-04-18T12:45:18.928-0700][gc,metaspace  ] GC(493) Metaspace: 41500K->41500K(1087488K)
[2021-04-18T12:45:18.928-0700][gc            ] GC(493) Pause Young (Normal) (G1 Evacuation Pause) 848M->238M(1024M) 3.823ms
[2021-04-18T12:45:18.928-0700][gc,cpu        ] GC(493) User=0.02s Sys=0.00s Real=0.00s
[2021-04-18T12:48:38.119-0700][gc,start      ] GC(494) Pause Young (Normal) (G1 Evacuation Pause)
[2021-04-18T12:48:38.119-0700][gc,task       ] GC(494) Using 8 workers of 8 for evacuation
[2021-04-18T12:48:38.123-0700][gc,phases     ] GC(494)   Pre Evacuate Collection Set: 0.0ms
[2021-04-18T12:48:38.123-0700][gc,phases     ] GC(494)   Evacuate Collection Set: 3.3ms
[2021-04-18T12:48:38.123-0700][gc,phases     ] GC(494)   Post Evacuate Collection Set: 0.7ms
[2021-04-18T12:48:38.123-0700][gc,phases     ] GC(494)   Other: 0.3ms
[2021-04-18T12:48:38.123-0700][gc,heap       ] GC(494) Eden regions: 610->0(611)
[2021-04-18T12:48:38.123-0700][gc,heap       ] GC(494) Survivor regions: 4->3(77)
[2021-04-18T12:48:38.123-0700][gc,heap       ] GC(494) Old regions: 108->108
[2021-04-18T12:48:38.123-0700][gc,heap       ] GC(494) Humongous regions: 129->129
[2021-04-18T12:48:38.123-0700][gc,metaspace  ] GC(494) Metaspace: 41500K->41500K(1087488K)
[2021-04-18T12:48:38.123-0700][gc            ] GC(494) Pause Young (Normal) (G1 Evacuation Pause) 848M->238M(1024M) 4.357ms
[2021-04-18T12:48:38.123-0700][gc,cpu        ] GC(494) User=0.02s Sys=0.00s Real=0.00s
[2021-04-18T12:51:57.387-0700][gc,start      ] GC(495) Pause Young (Normal) (G1 Evacuation Pause)
[2021-04-18T12:51:57.387-0700][gc,task       ] GC(495) Using 8 workers of 8 for evacuation
[2021-04-18T12:51:57.395-0700][gc,phases     ] GC(495)   Pre Evacuate Collection Set: 0.0ms
[2021-04-18T12:51:57.395-0700][gc,phases     ] GC(495)   Evacuate Collection Set: 5.4ms
[2021-04-18T12:51:57.395-0700][gc,phases     ] GC(495)   Post Evacuate Collection Set: 1.4ms
[2021-04-18T12:51:57.395-0700][gc,phases     ] GC(495)   Other: 0.5ms
[2021-04-18T12:51:57.395-0700][gc,heap       ] GC(495) Eden regions: 611->0(611)
[2021-04-18T12:51:57.395-0700][gc,heap       ] GC(495) Survivor regions: 3->3(77)
[2021-04-18T12:51:57.395-0700][gc,heap       ] GC(495) Old regions: 108->108
[2021-04-18T12:51:57.395-0700][gc,heap       ] GC(495) Humongous regions: 129->129
[2021-04-18T12:51:57.395-0700][gc,metaspace  ] GC(495) Metaspace: 41500K->41500K(1087488K)
[2021-04-18T12:51:57.395-0700][gc            ] GC(495) Pause Young (Normal) (G1 Evacuation Pause) 849M->238M(1024M) 7.590ms
[2021-04-18T12:51:57.395-0700][gc,cpu        ] GC(495) User=0.05s Sys=0.00s Real=0.01s
[2021-04-18T12:55:15.756-0700][gc,start      ] GC(496) Pause Young (Normal) (G1 Evacuation Pause)
[2021-04-18T12:55:15.756-0700][gc,task       ] GC(496) Using 8 workers of 8 for evacuation
[2021-04-18T12:55:15.762-0700][gc,phases     ] GC(496)   Pre Evacuate Collection Set: 0.0ms
[2021-04-18T12:55:15.762-0700][gc,phases     ] GC(496)   Evacuate Collection Set: 4.5ms
[2021-04-18T12:55:15.762-0700][gc,phases     ] GC(496)   Post Evacuate Collection Set: 1.2ms
[2021-04-18T12:55:15.762-0700][gc,phases     ] GC(496)   Other: 0.5ms
[2021-04-18T12:55:15.762-0700][gc,heap       ] GC(496) Eden regions: 611->0(611)
[2021-04-18T12:55:15.762-0700][gc,heap       ] GC(496) Survivor regions: 3->3(77)
[2021-04-18T12:55:15.762-0700][gc,heap       ] GC(496) Old regions: 108->108
[2021-04-18T12:55:15.762-0700][gc,heap       ] GC(496) Humongous regions: 129->129
[2021-04-18T12:55:15.762-0700][gc,metaspace  ] GC(496) Metaspace: 41500K->41500K(1087488K)
[2021-04-18T12:55:15.762-0700][gc            ] GC(496) Pause Young (Normal) (G1 Evacuation Pause) 849M->237M(1024M) 6.417ms
[2021-04-18T12:55:15.763-0700][gc,cpu        ] GC(496) User=0.03s Sys=0.00s Real=0.01s
[2021-04-18T12:58:35.025-0700][gc,start      ] GC(497) Pause Young (Normal) (G1 Evacuation Pause)
[2021-04-18T12:58:35.025-0700][gc,task       ] GC(497) Using 8 workers of 8 for evacuation
[2021-04-18T12:58:35.031-0700][gc,phases     ] GC(497)   Pre Evacuate Collection Set: 0.0ms
[2021-04-18T12:58:35.031-0700][gc,phases     ] GC(497)   Evacuate Collection Set: 4.6ms
[2021-04-18T12:58:35.031-0700][gc,phases     ] GC(497)   Post Evacuate Collection Set: 1.2ms
[2021-04-18T12:58:35.031-0700][gc,phases     ] GC(497)   Other: 0.5ms
[2021-04-18T12:58:35.031-0700][gc,heap       ] GC(497) Eden regions: 611->0(611)
[2021-04-18T12:58:35.031-0700][gc,heap       ] GC(497) Survivor regions: 3->3(77)
[2021-04-18T12:58:35.031-0700][gc,heap       ] GC(497) Old regions: 108->108
[2021-04-18T12:58:35.031-0700][gc,heap       ] GC(497) Humongous regions: 129->129
[2021-04-18T12:58:35.031-0700][gc,metaspace  ] GC(497) Metaspace: 41500K->41500K(1087488K)
[2021-04-18T12:58:35.031-0700][gc            ] GC(497) Pause Young (Normal) (G1 Evacuation Pause) 848M->237M(1024M) 6.506ms
[2021-04-18T12:58:35.031-0700][gc,cpu        ] GC(497) User=0.04s Sys=0.00s Real=0.01s
[2021-04-18T13:01:54.433-0700][gc,start      ] GC(498) Pause Young (Normal) (G1 Evacuation Pause)
[2021-04-18T13:01:54.433-0700][gc,task       ] GC(498) Using 8 workers of 8 for evacuation
[2021-04-18T13:01:54.439-0700][gc,phases     ] GC(498)   Pre Evacuate Collection Set: 0.0ms
[2021-04-18T13:01:54.439-0700][gc,phases     ] GC(498)   Evacuate Collection Set: 4.5ms
[2021-04-18T13:01:54.439-0700][gc,phases     ] GC(498)   Post Evacuate Collection Set: 1.2ms
[2021-04-18T13:01:54.440-0700][gc,phases     ] GC(498)   Other: 0.5ms
[2021-04-18T13:01:54.440-0700][gc,heap       ] GC(498) Eden regions: 611->0(611)
[2021-04-18T13:01:54.440-0700][gc,heap       ] GC(498) Survivor regions: 3->3(77)
[2021-04-18T13:01:54.440-0700][gc,heap       ] GC(498) Old regions: 108->108
[2021-04-18T13:01:54.440-0700][gc,heap       ] GC(498) Humongous regions: 129->129
[2021-04-18T13:01:54.440-0700][gc,metaspace  ] GC(498) Metaspace: 41500K->41500K(1087488K)
[2021-04-18T13:01:54.440-0700][gc            ] GC(498) Pause Young (Normal) (G1 Evacuation Pause) 848M->237M(1024M) 6.447ms
[2021-04-18T13:01:54.440-0700][gc,cpu        ] GC(498) User=0.03s Sys=0.00s Real=0.01s
[2021-04-18T13:05:14.046-0700][gc,start      ] GC(499) Pause Young (Normal) (G1 Evacuation Pause)
[2021-04-18T13:05:14.046-0700][gc,task       ] GC(499) Using 8 workers of 8 for evacuation
[2021-04-18T13:05:14.052-0700][gc,phases     ] GC(499)   Pre Evacuate Collection Set: 0.0ms
[2021-04-18T13:05:14.052-0700][gc,phases     ] GC(499)   Evacuate Collection Set: 4.3ms
[2021-04-18T13:05:14.052-0700][gc,phases     ] GC(499)   Post Evacuate Collection Set: 1.3ms
[2021-04-18T13:05:14.052-0700][gc,phases     ] GC(499)   Other: 0.4ms
[2021-04-18T13:05:14.052-0700][gc,heap       ] GC(499) Eden regions: 611->0(612)
[2021-04-18T13:05:14.052-0700][gc,heap       ] GC(499) Survivor regions: 3->2(77)
[2021-04-18T13:05:14.052-0700][gc,heap       ] GC(499) Old regions: 108->108
[2021-04-18T13:05:14.052-0700][gc,heap       ] GC(499) Humongous regions: 129->129
[2021-04-18T13:05:14.052-0700][gc,metaspace  ] GC(499) Metaspace: 41500K->41500K(1087488K)
[2021-04-18T13:05:14.052-0700][gc            ] GC(499) Pause Young (Normal) (G1 Evacuation Pause) 848M->237M(1024M) 6.327ms
[2021-04-18T13:05:14.052-0700][gc,cpu        ] GC(499) User=0.04s Sys=0.00s Real=0.01s
[2021-04-18T13:08:33.307-0700][gc,start      ] GC(500) Pause Young (Normal) (G1 Evacuation Pause)
[2021-04-18T13:08:33.307-0700][gc,task       ] GC(500) Using 8 workers of 8 for evacuation
[2021-04-18T13:08:33.314-0700][gc,phases     ] GC(500)   Pre Evacuate Collection Set: 0.1ms
[2021-04-18T13:08:33.314-0700][gc,phases     ] GC(500)   Evacuate Collection Set: 5.4ms
[2021-04-18T13:08:33.314-0700][gc,phases     ] GC(500)   Post Evacuate Collection Set: 1.3ms
[2021-04-18T13:08:33.314-0700][gc,phases     ] GC(500)   Other: 0.5ms
[2021-04-18T13:08:33.314-0700][gc,heap       ] GC(500) Eden regions: 612->0(611)
[2021-04-18T13:08:33.314-0700][gc,heap       ] GC(500) Survivor regions: 2->3(77)
[2021-04-18T13:08:33.314-0700][gc,heap       ] GC(500) Old regions: 108->108
[2021-04-18T13:08:33.314-0700][gc,heap       ] GC(500) Humongous regions: 129->129
[2021-04-18T13:08:33.314-0700][gc,metaspace  ] GC(500) Metaspace: 41501K->41501K(1087488K)
[2021-04-18T13:08:33.314-0700][gc            ] GC(500) Pause Young (Normal) (G1 Evacuation Pause) 849M->237M(1024M) 7.423ms
[2021-04-18T13:08:33.314-0700][gc,cpu        ] GC(500) User=0.03s Sys=0.01s Real=0.01s
[2021-04-18T13:11:52.203-0700][gc,start      ] GC(501) Pause Young (Normal) (G1 Evacuation Pause)
[2021-04-18T13:11:52.203-0700][gc,task       ] GC(501) Using 8 workers of 8 for evacuation
[2021-04-18T13:11:52.215-0700][gc,phases     ] GC(501)   Pre Evacuate Collection Set: 0.1ms
[2021-04-18T13:11:52.216-0700][gc,phases     ] GC(501)   Evacuate Collection Set: 11.1ms
[2021-04-18T13:11:52.216-0700][gc,phases     ] GC(501)   Post Evacuate Collection Set: 0.9ms
[2021-04-18T13:11:52.216-0700][gc,phases     ] GC(501)   Other: 0.5ms
[2021-04-18T13:11:52.216-0700][gc,heap       ] GC(501) Eden regions: 611->0(610)
[2021-04-18T13:11:52.216-0700][gc,heap       ] GC(501) Survivor regions: 3->4(77)
[2021-04-18T13:11:52.216-0700][gc,heap       ] GC(501) Old regions: 108->108
[2021-04-18T13:11:52.216-0700][gc,heap       ] GC(501) Humongous regions: 129->129
[2021-04-18T13:11:52.216-0700][gc,metaspace  ] GC(501) Metaspace: 41501K->41501K(1087488K)
[2021-04-18T13:11:52.216-0700][gc            ] GC(501) Pause Young (Normal) (G1 Evacuation Pause) 848M->239M(1024M) 12.807ms
[2021-04-18T13:11:52.216-0700][gc,cpu        ] GC(501) User=0.08s Sys=0.00s Real=0.01s
[2021-04-18T13:15:11.483-0700][gc,start      ] GC(502) Pause Young (Normal) (G1 Evacuation Pause)
[2021-04-18T13:15:11.483-0700][gc,task       ] GC(502) Using 8 workers of 8 for evacuation
[2021-04-18T13:15:11.491-0700][gc,phases     ] GC(502)   Pre Evacuate Collection Set: 0.0ms
[2021-04-18T13:15:11.491-0700][gc,phases     ] GC(502)   Evacuate Collection Set: 6.2ms
[2021-04-18T13:15:11.491-0700][gc,phases     ] GC(502)   Post Evacuate Collection Set: 1.3ms
[2021-04-18T13:15:11.491-0700][gc,phases     ] GC(502)   Other: 0.5ms
[2021-04-18T13:15:11.491-0700][gc,heap       ] GC(502) Eden regions: 610->0(610)
[2021-04-18T13:15:11.491-0700][gc,heap       ] GC(502) Survivor regions: 4->4(77)
[2021-04-18T13:15:11.491-0700][gc,heap       ] GC(502) Old regions: 108->108
[2021-04-18T13:15:11.491-0700][gc,heap       ] GC(502) Humongous regions: 129->129
[2021-04-18T13:15:11.491-0700][gc,metaspace  ] GC(502) Metaspace: 41501K->41501K(1087488K)
[2021-04-18T13:15:11.491-0700][gc            ] GC(502) Pause Young (Normal) (G1 Evacuation Pause) 849M->238M(1024M) 8.236ms
[2021-04-18T13:15:11.491-0700][gc,cpu        ] GC(502) User=0.05s Sys=0.00s Real=0.01s
[2021-04-18T13:18:30.529-0700][gc,start      ] GC(503) Pause Young (Normal) (G1 Evacuation Pause)
[2021-04-18T13:18:30.529-0700][gc,task       ] GC(503) Using 8 workers of 8 for evacuation
[2021-04-18T13:18:30.536-0700][gc,phases     ] GC(503)   Pre Evacuate Collection Set: 0.0ms
[2021-04-18T13:18:30.536-0700][gc,phases     ] GC(503)   Evacuate Collection Set: 6.0ms
[2021-04-18T13:18:30.537-0700][gc,phases     ] GC(503)   Post Evacuate Collection Set: 1.1ms
[2021-04-18T13:18:30.537-0700][gc,phases     ] GC(503)   Other: 0.5ms
[2021-04-18T13:18:30.537-0700][gc,heap       ] GC(503) Eden regions: 610->0(610)
[2021-04-18T13:18:30.537-0700][gc,heap       ] GC(503) Survivor regions: 4->4(77)
[2021-04-18T13:18:30.537-0700][gc,heap       ] GC(503) Old regions: 108->108
[2021-04-18T13:18:30.537-0700][gc,heap       ] GC(503) Humongous regions: 129->129
[2021-04-18T13:18:30.537-0700][gc,metaspace  ] GC(503) Metaspace: 41501K->41501K(1087488K)
[2021-04-18T13:18:30.537-0700][gc            ] GC(503) Pause Young (Normal) (G1 Evacuation Pause) 848M->238M(1024M) 7.871ms
[2021-04-18T13:18:30.537-0700][gc,cpu        ] GC(503) User=0.04s Sys=0.01s Real=0.01s
[2021-04-18T13:21:49.614-0700][gc,start      ] GC(504) Pause Young (Normal) (G1 Evacuation Pause)
[2021-04-18T13:21:49.614-0700][gc,task       ] GC(504) Using 8 workers of 8 for evacuation
[2021-04-18T13:21:49.623-0700][gc,phases     ] GC(504)   Pre Evacuate Collection Set: 0.1ms
[2021-04-18T13:21:49.623-0700][gc,phases     ] GC(504)   Evacuate Collection Set: 6.3ms
[2021-04-18T13:21:49.623-0700][gc,phases     ] GC(504)   Post Evacuate Collection Set: 1.5ms
[2021-04-18T13:21:49.623-0700][gc,phases     ] GC(504)   Other: 0.6ms
[2021-04-18T13:21:49.623-0700][gc,heap       ] GC(504) Eden regions: 610->0(611)
[2021-04-18T13:21:49.623-0700][gc,heap       ] GC(504) Survivor regions: 4->3(77)
[2021-04-18T13:21:49.623-0700][gc,heap       ] GC(504) Old regions: 108->108
[2021-04-18T13:21:49.623-0700][gc,heap       ] GC(504) Humongous regions: 129->129
[2021-04-18T13:21:49.623-0700][gc,metaspace  ] GC(504) Metaspace: 41501K->41501K(1087488K)
[2021-04-18T13:21:49.623-0700][gc            ] GC(504) Pause Young (Normal) (G1 Evacuation Pause) 848M->238M(1024M) 8.752ms
[2021-04-18T13:21:49.623-0700][gc,cpu        ] GC(504) User=0.05s Sys=0.00s Real=0.01s
[2021-04-18T13:25:08.536-0700][gc,start      ] GC(505) Pause Young (Normal) (G1 Evacuation Pause)
[2021-04-18T13:25:08.536-0700][gc,task       ] GC(505) Using 8 workers of 8 for evacuation
[2021-04-18T13:25:08.543-0700][gc,phases     ] GC(505)   Pre Evacuate Collection Set: 0.1ms
[2021-04-18T13:25:08.543-0700][gc,phases     ] GC(505)   Evacuate Collection Set: 4.9ms
[2021-04-18T13:25:08.543-0700][gc,phases     ] GC(505)   Post Evacuate Collection Set: 1.3ms
[2021-04-18T13:25:08.543-0700][gc,phases     ] GC(505)   Other: 0.5ms
[2021-04-18T13:25:08.543-0700][gc,heap       ] GC(505) Eden regions: 611->0(611)
[2021-04-18T13:25:08.543-0700][gc,heap       ] GC(505) Survivor regions: 3->3(77)
[2021-04-18T13:25:08.543-0700][gc,heap       ] GC(505) Old regions: 108->108
[2021-04-18T13:25:08.543-0700][gc,heap       ] GC(505) Humongous regions: 129->129
[2021-04-18T13:25:08.543-0700][gc,metaspace  ] GC(505) Metaspace: 41501K->41501K(1087488K)
[2021-04-18T13:25:08.543-0700][gc            ] GC(505) Pause Young (Normal) (G1 Evacuation Pause) 849M->238M(1024M) 7.078ms
[2021-04-18T13:25:08.543-0700][gc,cpu        ] GC(505) User=0.04s Sys=0.00s Real=0.01s
[2021-04-18T13:28:27.843-0700][gc,start      ] GC(506) Pause Young (Normal) (G1 Evacuation Pause)
[2021-04-18T13:28:27.843-0700][gc,task       ] GC(506) Using 8 workers of 8 for evacuation
[2021-04-18T13:28:27.847-0700][gc,phases     ] GC(506)   Pre Evacuate Collection Set: 0.0ms
[2021-04-18T13:28:27.847-0700][gc,phases     ] GC(506)   Evacuate Collection Set: 3.3ms
[2021-04-18T13:28:27.847-0700][gc,phases     ] GC(506)   Post Evacuate Collection Set: 0.9ms
[2021-04-18T13:28:27.847-0700][gc,phases     ] GC(506)   Other: 0.3ms
[2021-04-18T13:28:27.847-0700][gc,heap       ] GC(506) Eden regions: 611->0(611)
[2021-04-18T13:28:27.847-0700][gc,heap       ] GC(506) Survivor regions: 3->3(77)
[2021-04-18T13:28:27.847-0700][gc,heap       ] GC(506) Old regions: 108->108
[2021-04-18T13:28:27.847-0700][gc,heap       ] GC(506) Humongous regions: 129->129
[2021-04-18T13:28:27.848-0700][gc,metaspace  ] GC(506) Metaspace: 41501K->41501K(1087488K)
[2021-04-18T13:28:27.848-0700][gc            ] GC(506) Pause Young (Normal) (G1 Evacuation Pause) 849M->238M(1024M) 4.667ms
[2021-04-18T13:28:27.848-0700][gc,cpu        ] GC(506) User=0.02s Sys=0.00s Real=0.00s
[2021-04-18T13:31:47.355-0700][gc,start      ] GC(507) Pause Young (Normal) (G1 Evacuation Pause)
[2021-04-18T13:31:47.355-0700][gc,task       ] GC(507) Using 8 workers of 8 for evacuation
[2021-04-18T13:31:47.362-0700][gc,phases     ] GC(507)   Pre Evacuate Collection Set: 0.0ms
[2021-04-18T13:31:47.362-0700][gc,phases     ] GC(507)   Evacuate Collection Set: 5.1ms
[2021-04-18T13:31:47.362-0700][gc,phases     ] GC(507)   Post Evacuate Collection Set: 1.4ms
[2021-04-18T13:31:47.362-0700][gc,phases     ] GC(507)   Other: 0.5ms
[2021-04-18T13:31:47.362-0700][gc,heap       ] GC(507) Eden regions: 611->0(611)
[2021-04-18T13:31:47.362-0700][gc,heap       ] GC(507) Survivor regions: 3->3(77)
[2021-04-18T13:31:47.362-0700][gc,heap       ] GC(507) Old regions: 108->108
[2021-04-18T13:31:47.362-0700][gc,heap       ] GC(507) Humongous regions: 129->129
[2021-04-18T13:31:47.362-0700][gc,metaspace  ] GC(507) Metaspace: 41501K->41501K(1087488K)
[2021-04-18T13:31:47.362-0700][gc            ] GC(507) Pause Young (Normal) (G1 Evacuation Pause) 849M->238M(1024M) 7.212ms
[2021-04-18T13:31:47.362-0700][gc,cpu        ] GC(507) User=0.05s Sys=0.00s Real=0.01s
[2021-04-18T13:35:06.691-0700][gc,start      ] GC(508) Pause Young (Normal) (G1 Evacuation Pause)
[2021-04-18T13:35:06.691-0700][gc,task       ] GC(508) Using 8 workers of 8 for evacuation
[2021-04-18T13:35:06.694-0700][gc,phases     ] GC(508)   Pre Evacuate Collection Set: 0.0ms
[2021-04-18T13:35:06.694-0700][gc,phases     ] GC(508)   Evacuate Collection Set: 2.2ms
[2021-04-18T13:35:06.694-0700][gc,phases     ] GC(508)   Post Evacuate Collection Set: 0.7ms
[2021-04-18T13:35:06.694-0700][gc,phases     ] GC(508)   Other: 0.2ms
[2021-04-18T13:35:06.694-0700][gc,heap       ] GC(508) Eden regions: 611->0(611)
[2021-04-18T13:35:06.694-0700][gc,heap       ] GC(508) Survivor regions: 3->3(77)
[2021-04-18T13:35:06.694-0700][gc,heap       ] GC(508) Old regions: 108->108
[2021-04-18T13:35:06.694-0700][gc,heap       ] GC(508) Humongous regions: 129->129
[2021-04-18T13:35:06.694-0700][gc,metaspace  ] GC(508) Metaspace: 41501K->41501K(1087488K)
[2021-04-18T13:35:06.694-0700][gc            ] GC(508) Pause Young (Normal) (G1 Evacuation Pause) 849M->237M(1024M) 3.262ms
[2021-04-18T13:35:06.695-0700][gc,cpu        ] GC(508) User=0.02s Sys=0.00s Real=0.00s
[2021-04-18T13:38:26.408-0700][gc,start      ] GC(509) Pause Young (Normal) (G1 Evacuation Pause)
[2021-04-18T13:38:26.408-0700][gc,task       ] GC(509) Using 8 workers of 8 for evacuation
[2021-04-18T13:38:26.413-0700][gc,phases     ] GC(509)   Pre Evacuate Collection Set: 0.0ms
[2021-04-18T13:38:26.413-0700][gc,phases     ] GC(509)   Evacuate Collection Set: 4.5ms
[2021-04-18T13:38:26.413-0700][gc,phases     ] GC(509)   Post Evacuate Collection Set: 0.6ms
[2021-04-18T13:38:26.413-0700][gc,phases     ] GC(509)   Other: 0.4ms
[2021-04-18T13:38:26.413-0700][gc,heap       ] GC(509) Eden regions: 611->0(611)
[2021-04-18T13:38:26.413-0700][gc,heap       ] GC(509) Survivor regions: 3->3(77)
[2021-04-18T13:38:26.413-0700][gc,heap       ] GC(509) Old regions: 108->108
[2021-04-18T13:38:26.413-0700][gc,heap       ] GC(509) Humongous regions: 129->129
[2021-04-18T13:38:26.413-0700][gc,metaspace  ] GC(509) Metaspace: 41501K->41501K(1087488K)
[2021-04-18T13:38:26.413-0700][gc            ] GC(509) Pause Young (Normal) (G1 Evacuation Pause) 848M->237M(1024M) 5.614ms
[2021-04-18T13:38:26.413-0700][gc,cpu        ] GC(509) User=0.03s Sys=0.00s Real=0.01s
[2021-04-18T13:41:45.965-0700][gc,start      ] GC(510) Pause Young (Normal) (G1 Evacuation Pause)
[2021-04-18T13:41:45.965-0700][gc,task       ] GC(510) Using 8 workers of 8 for evacuation
[2021-04-18T13:41:45.970-0700][gc,phases     ] GC(510)   Pre Evacuate Collection Set: 0.0ms
[2021-04-18T13:41:45.971-0700][gc,phases     ] GC(510)   Evacuate Collection Set: 4.3ms
[2021-04-18T13:41:45.971-0700][gc,phases     ] GC(510)   Post Evacuate Collection Set: 1.0ms
[2021-04-18T13:41:45.971-0700][gc,phases     ] GC(510)   Other: 0.5ms
[2021-04-18T13:41:45.971-0700][gc,heap       ] GC(510) Eden regions: 611->0(612)
[2021-04-18T13:41:45.971-0700][gc,heap       ] GC(510) Survivor regions: 3->2(77)
[2021-04-18T13:41:45.971-0700][gc,heap       ] GC(510) Old regions: 108->108
[2021-04-18T13:41:45.971-0700][gc,heap       ] GC(510) Humongous regions: 129->129
[2021-04-18T13:41:45.971-0700][gc,metaspace  ] GC(510) Metaspace: 41501K->41501K(1087488K)
[2021-04-18T13:41:45.971-0700][gc            ] GC(510) Pause Young (Normal) (G1 Evacuation Pause) 848M->237M(1024M) 6.057ms
[2021-04-18T13:41:45.971-0700][gc,cpu        ] GC(510) User=0.04s Sys=0.00s Real=0.01s
[2021-04-18T13:45:06.357-0700][gc,start      ] GC(511) Pause Young (Normal) (G1 Evacuation Pause)
[2021-04-18T13:45:06.357-0700][gc,task       ] GC(511) Using 8 workers of 8 for evacuation
[2021-04-18T13:45:06.364-0700][gc,phases     ] GC(511)   Pre Evacuate Collection Set: 0.0ms
[2021-04-18T13:45:06.364-0700][gc,phases     ] GC(511)   Evacuate Collection Set: 4.5ms
[2021-04-18T13:45:06.364-0700][gc,phases     ] GC(511)   Post Evacuate Collection Set: 1.3ms
[2021-04-18T13:45:06.364-0700][gc,phases     ] GC(511)   Other: 0.5ms
[2021-04-18T13:45:06.364-0700][gc,heap       ] GC(511) Eden regions: 612->0(611)
[2021-04-18T13:45:06.364-0700][gc,heap       ] GC(511) Survivor regions: 2->3(77)
[2021-04-18T13:45:06.364-0700][gc,heap       ] GC(511) Old regions: 108->109
[2021-04-18T13:45:06.364-0700][gc,heap       ] GC(511) Humongous regions: 129->129
[2021-04-18T13:45:06.364-0700][gc,metaspace  ] GC(511) Metaspace: 41501K->41501K(1087488K)
[2021-04-18T13:45:06.364-0700][gc            ] GC(511) Pause Young (Normal) (G1 Evacuation Pause) 849M->237M(1024M) 6.522ms
[2021-04-18T13:45:06.364-0700][gc,cpu        ] GC(511) User=0.04s Sys=0.00s Real=0.00s
[2021-04-18T13:48:26.239-0700][gc,start      ] GC(512) Pause Young (Normal) (G1 Evacuation Pause)
[2021-04-18T13:48:26.240-0700][gc,task       ] GC(512) Using 8 workers of 8 for evacuation
[2021-04-18T13:48:26.246-0700][gc,phases     ] GC(512)   Pre Evacuate Collection Set: 0.0ms
[2021-04-18T13:48:26.246-0700][gc,phases     ] GC(512)   Evacuate Collection Set: 4.4ms
[2021-04-18T13:48:26.246-0700][gc,phases     ] GC(512)   Post Evacuate Collection Set: 1.3ms
[2021-04-18T13:48:26.246-0700][gc,phases     ] GC(512)   Other: 0.5ms
[2021-04-18T13:48:26.246-0700][gc,heap       ] GC(512) Eden regions: 611->0(612)
[2021-04-18T13:48:26.246-0700][gc,heap       ] GC(512) Survivor regions: 3->2(77)
[2021-04-18T13:48:26.246-0700][gc,heap       ] GC(512) Old regions: 109->109
[2021-04-18T13:48:26.246-0700][gc,heap       ] GC(512) Humongous regions: 129->129
[2021-04-18T13:48:26.246-0700][gc,metaspace  ] GC(512) Metaspace: 41501K->41501K(1087488K)
[2021-04-18T13:48:26.246-0700][gc            ] GC(512) Pause Young (Normal) (G1 Evacuation Pause) 848M->237M(1024M) 6.414ms
[2021-04-18T13:48:26.246-0700][gc,cpu        ] GC(512) User=0.03s Sys=0.01s Real=0.00s
[2021-04-18T13:51:46.439-0700][gc,start      ] GC(513) Pause Young (Normal) (G1 Evacuation Pause)
[2021-04-18T13:51:46.439-0700][gc,task       ] GC(513) Using 8 workers of 8 for evacuation
[2021-04-18T13:51:46.445-0700][gc,phases     ] GC(513)   Pre Evacuate Collection Set: 0.0ms
[2021-04-18T13:51:46.445-0700][gc,phases     ] GC(513)   Evacuate Collection Set: 4.5ms
[2021-04-18T13:51:46.445-0700][gc,phases     ] GC(513)   Post Evacuate Collection Set: 1.4ms
[2021-04-18T13:51:46.445-0700][gc,phases     ] GC(513)   Other: 0.5ms
[2021-04-18T13:51:46.445-0700][gc,heap       ] GC(513) Eden regions: 612->0(612)
[2021-04-18T13:51:46.445-0700][gc,heap       ] GC(513) Survivor regions: 2->2(77)
[2021-04-18T13:51:46.445-0700][gc,heap       ] GC(513) Old regions: 109->109
[2021-04-18T13:51:46.445-0700][gc,heap       ] GC(513) Humongous regions: 129->129
[2021-04-18T13:51:46.445-0700][gc,metaspace  ] GC(513) Metaspace: 41501K->41501K(1087488K)
[2021-04-18T13:51:46.445-0700][gc            ] GC(513) Pause Young (Normal) (G1 Evacuation Pause) 849M->237M(1024M) 6.635ms
[2021-04-18T13:51:46.445-0700][gc,cpu        ] GC(513) User=0.04s Sys=0.00s Real=0.00s
[2021-04-18T13:55:05.559-0700][gc,start      ] GC(514) Pause Young (Normal) (G1 Evacuation Pause)
[2021-04-18T13:55:05.560-0700][gc,task       ] GC(514) Using 8 workers of 8 for evacuation
[2021-04-18T13:55:05.567-0700][gc,phases     ] GC(514)   Pre Evacuate Collection Set: 0.0ms
[2021-04-18T13:55:05.567-0700][gc,phases     ] GC(514)   Evacuate Collection Set: 5.8ms
[2021-04-18T13:55:05.567-0700][gc,phases     ] GC(514)   Post Evacuate Collection Set: 1.1ms
[2021-04-18T13:55:05.567-0700][gc,phases     ] GC(514)   Other: 0.5ms
[2021-04-18T13:55:05.567-0700][gc,heap       ] GC(514) Eden regions: 612->0(610)
[2021-04-18T13:55:05.567-0700][gc,heap       ] GC(514) Survivor regions: 2->4(77)
[2021-04-18T13:55:05.567-0700][gc,heap       ] GC(514) Old regions: 109->109
[2021-04-18T13:55:05.567-0700][gc,heap       ] GC(514) Humongous regions: 129->129
[2021-04-18T13:55:05.567-0700][gc,metaspace  ] GC(514) Metaspace: 41501K->41501K(1087488K)
[2021-04-18T13:55:05.567-0700][gc            ] GC(514) Pause Young (Normal) (G1 Evacuation Pause) 849M->238M(1024M) 7.649ms
[2021-04-18T13:55:05.567-0700][gc,cpu        ] GC(514) User=0.05s Sys=0.00s Real=0.00s
[2021-04-18T13:58:24.996-0700][gc,start      ] GC(515) Pause Young (Normal) (G1 Evacuation Pause)
[2021-04-18T13:58:24.996-0700][gc,task       ] GC(515) Using 8 workers of 8 for evacuation
[2021-04-18T13:58:25.003-0700][gc,phases     ] GC(515)   Pre Evacuate Collection Set: 0.0ms
[2021-04-18T13:58:25.003-0700][gc,phases     ] GC(515)   Evacuate Collection Set: 5.6ms
[2021-04-18T13:58:25.003-0700][gc,phases     ] GC(515)   Post Evacuate Collection Set: 1.2ms
[2021-04-18T13:58:25.003-0700][gc,phases     ] GC(515)   Other: 0.4ms
[2021-04-18T13:58:25.003-0700][gc,heap       ] GC(515) Eden regions: 610->0(611)
[2021-04-18T13:58:25.003-0700][gc,heap       ] GC(515) Survivor regions: 4->3(77)
[2021-04-18T13:58:25.003-0700][gc,heap       ] GC(515) Old regions: 109->109
[2021-04-18T13:58:25.004-0700][gc,heap       ] GC(515) Humongous regions: 129->129
[2021-04-18T13:58:25.004-0700][gc,metaspace  ] GC(515) Metaspace: 41501K->41501K(1087488K)
[2021-04-18T13:58:25.004-0700][gc            ] GC(515) Pause Young (Normal) (G1 Evacuation Pause) 848M->238M(1024M) 7.433ms
[2021-04-18T13:58:25.004-0700][gc,cpu        ] GC(515) User=0.05s Sys=0.00s Real=0.01s
[2021-04-18T14:01:44.846-0700][gc,start      ] GC(516) Pause Young (Normal) (G1 Evacuation Pause)
[2021-04-18T14:01:44.846-0700][gc,task       ] GC(516) Using 8 workers of 8 for evacuation
[2021-04-18T14:01:44.853-0700][gc,phases     ] GC(516)   Pre Evacuate Collection Set: 0.0ms
[2021-04-18T14:01:44.853-0700][gc,phases     ] GC(516)   Evacuate Collection Set: 5.5ms
[2021-04-18T14:01:44.853-0700][gc,phases     ] GC(516)   Post Evacuate Collection Set: 1.2ms
[2021-04-18T14:01:44.853-0700][gc,phases     ] GC(516)   Other: 0.5ms
[2021-04-18T14:01:44.853-0700][gc,heap       ] GC(516) Eden regions: 611->0(611)
[2021-04-18T14:01:44.853-0700][gc,heap       ] GC(516) Survivor regions: 3->3(77)
[2021-04-18T14:01:44.853-0700][gc,heap       ] GC(516) Old regions: 109->109
[2021-04-18T14:01:44.853-0700][gc,heap       ] GC(516) Humongous regions: 129->129
[2021-04-18T14:01:44.853-0700][gc,metaspace  ] GC(516) Metaspace: 41501K->41501K(1087488K)
[2021-04-18T14:01:44.853-0700][gc            ] GC(516) Pause Young (Normal) (G1 Evacuation Pause) 849M->238M(1024M) 7.373ms
[2021-04-18T14:01:44.853-0700][gc,cpu        ] GC(516) User=0.05s Sys=0.01s Real=0.01s
[2021-04-18T14:05:04.619-0700][gc,start      ] GC(517) Pause Young (Normal) (G1 Evacuation Pause)
[2021-04-18T14:05:04.619-0700][gc,task       ] GC(517) Using 8 workers of 8 for evacuation
[2021-04-18T14:05:04.626-0700][gc,phases     ] GC(517)   Pre Evacuate Collection Set: 0.0ms
[2021-04-18T14:05:04.626-0700][gc,phases     ] GC(517)   Evacuate Collection Set: 5.4ms
[2021-04-18T14:05:04.626-0700][gc,phases     ] GC(517)   Post Evacuate Collection Set: 1.2ms
[2021-04-18T14:05:04.626-0700][gc,phases     ] GC(517)   Other: 0.5ms
[2021-04-18T14:05:04.626-0700][gc,heap       ] GC(517) Eden regions: 611->0(611)
[2021-04-18T14:05:04.626-0700][gc,heap       ] GC(517) Survivor regions: 3->3(77)
[2021-04-18T14:05:04.626-0700][gc,heap       ] GC(517) Old regions: 109->109
[2021-04-18T14:05:04.626-0700][gc,heap       ] GC(517) Humongous regions: 129->129
[2021-04-18T14:05:04.627-0700][gc,metaspace  ] GC(517) Metaspace: 41501K->41501K(1087488K)
[2021-04-18T14:05:04.627-0700][gc            ] GC(517) Pause Young (Normal) (G1 Evacuation Pause) 849M->238M(1024M) 7.441ms
[2021-04-18T14:05:04.627-0700][gc,cpu        ] GC(517) User=0.05s Sys=0.00s Real=0.00s
[2021-04-18T14:08:23.974-0700][gc,start      ] GC(518) Pause Young (Normal) (G1 Evacuation Pause)
[2021-04-18T14:08:23.974-0700][gc,task       ] GC(518) Using 8 workers of 8 for evacuation
[2021-04-18T14:08:23.982-0700][gc,phases     ] GC(518)   Pre Evacuate Collection Set: 0.1ms
[2021-04-18T14:08:23.982-0700][gc,phases     ] GC(518)   Evacuate Collection Set: 5.5ms
[2021-04-18T14:08:23.982-0700][gc,phases     ] GC(518)   Post Evacuate Collection Set: 1.3ms
[2021-04-18T14:08:23.982-0700][gc,phases     ] GC(518)   Other: 0.6ms
[2021-04-18T14:08:23.982-0700][gc,heap       ] GC(518) Eden regions: 611->0(611)
[2021-04-18T14:08:23.982-0700][gc,heap       ] GC(518) Survivor regions: 3->3(77)
[2021-04-18T14:08:23.982-0700][gc,heap       ] GC(518) Old regions: 109->109
[2021-04-18T14:08:23.982-0700][gc,heap       ] GC(518) Humongous regions: 129->129
[2021-04-18T14:08:23.982-0700][gc,metaspace  ] GC(518) Metaspace: 41501K->41501K(1087488K)
[2021-04-18T14:08:23.982-0700][gc            ] GC(518) Pause Young (Normal) (G1 Evacuation Pause) 849M->238M(1024M) 7.682ms
[2021-04-18T14:08:23.982-0700][gc,cpu        ] GC(518) User=0.03s Sys=0.01s Real=0.01s
[2021-04-18T14:11:43.324-0700][gc,start      ] GC(519) Pause Young (Normal) (G1 Evacuation Pause)
[2021-04-18T14:11:43.324-0700][gc,task       ] GC(519) Using 8 workers of 8 for evacuation
[2021-04-18T14:11:43.334-0700][gc,phases     ] GC(519)   Pre Evacuate Collection Set: 0.0ms
[2021-04-18T14:11:43.334-0700][gc,phases     ] GC(519)   Evacuate Collection Set: 8.8ms
[2021-04-18T14:11:43.334-0700][gc,phases     ] GC(519)   Post Evacuate Collection Set: 1.1ms
[2021-04-18T14:11:43.334-0700][gc,phases     ] GC(519)   Other: 0.5ms
[2021-04-18T14:11:43.334-0700][gc,heap       ] GC(519) Eden regions: 611->0(611)
[2021-04-18T14:11:43.335-0700][gc,heap       ] GC(519) Survivor regions: 3->3(77)
[2021-04-18T14:11:43.335-0700][gc,heap       ] GC(519) Old regions: 109->109
[2021-04-18T14:11:43.335-0700][gc,heap       ] GC(519) Humongous regions: 129->129
[2021-04-18T14:11:43.335-0700][gc,metaspace  ] GC(519) Metaspace: 41501K->41501K(1087488K)
[2021-04-18T14:11:43.335-0700][gc            ] GC(519) Pause Young (Normal) (G1 Evacuation Pause) 849M->238M(1024M) 10.556ms
[2021-04-18T14:11:43.335-0700][gc,cpu        ] GC(519) User=0.06s Sys=0.00s Real=0.01s
[2021-04-18T14:15:02.452-0700][gc,start      ] GC(520) Pause Young (Normal) (G1 Evacuation Pause)
[2021-04-18T14:15:02.452-0700][gc,task       ] GC(520) Using 8 workers of 8 for evacuation
[2021-04-18T14:15:02.458-0700][gc,phases     ] GC(520)   Pre Evacuate Collection Set: 0.1ms
[2021-04-18T14:15:02.458-0700][gc,phases     ] GC(520)   Evacuate Collection Set: 4.0ms
[2021-04-18T14:15:02.458-0700][gc,phases     ] GC(520)   Post Evacuate Collection Set: 1.4ms
[2021-04-18T14:15:02.458-0700][gc,phases     ] GC(520)   Other: 0.5ms
[2021-04-18T14:15:02.458-0700][gc,heap       ] GC(520) Eden regions: 611->0(611)
[2021-04-18T14:15:02.458-0700][gc,heap       ] GC(520) Survivor regions: 3->3(77)
[2021-04-18T14:15:02.458-0700][gc,heap       ] GC(520) Old regions: 109->109
[2021-04-18T14:15:02.458-0700][gc,heap       ] GC(520) Humongous regions: 129->129
[2021-04-18T14:15:02.458-0700][gc,metaspace  ] GC(520) Metaspace: 41501K->41501K(1087488K)
[2021-04-18T14:15:02.458-0700][gc            ] GC(520) Pause Young (Normal) (G1 Evacuation Pause) 849M->238M(1024M) 6.224ms
[2021-04-18T14:15:02.458-0700][gc,cpu        ] GC(520) User=0.03s Sys=0.00s Real=0.01s
[2021-04-18T14:18:21.851-0700][gc,start      ] GC(521) Pause Young (Normal) (G1 Evacuation Pause)
[2021-04-18T14:18:21.851-0700][gc,task       ] GC(521) Using 8 workers of 8 for evacuation
[2021-04-18T14:18:21.858-0700][gc,phases     ] GC(521)   Pre Evacuate Collection Set: 0.0ms
[2021-04-18T14:18:21.858-0700][gc,phases     ] GC(521)   Evacuate Collection Set: 4.8ms
[2021-04-18T14:18:21.858-0700][gc,phases     ] GC(521)   Post Evacuate Collection Set: 1.3ms
[2021-04-18T14:18:21.858-0700][gc,phases     ] GC(521)   Other: 0.5ms
[2021-04-18T14:18:21.858-0700][gc,heap       ] GC(521) Eden regions: 611->0(611)
[2021-04-18T14:18:21.858-0700][gc,heap       ] GC(521) Survivor regions: 3->3(77)
[2021-04-18T14:18:21.858-0700][gc,heap       ] GC(521) Old regions: 109->109
[2021-04-18T14:18:21.858-0700][gc,heap       ] GC(521) Humongous regions: 129->129
[2021-04-18T14:18:21.858-0700][gc,metaspace  ] GC(521) Metaspace: 41501K->41501K(1087488K)
[2021-04-18T14:18:21.858-0700][gc            ] GC(521) Pause Young (Normal) (G1 Evacuation Pause) 849M->238M(1024M) 6.909ms
[2021-04-18T14:18:21.858-0700][gc,cpu        ] GC(521) User=0.04s Sys=0.00s Real=0.01s
[2021-04-18T14:21:41.028-0700][gc,start      ] GC(522) Pause Young (Normal) (G1 Evacuation Pause)
[2021-04-18T14:21:41.029-0700][gc,task       ] GC(522) Using 8 workers of 8 for evacuation
[2021-04-18T14:21:41.040-0700][gc,phases     ] GC(522)   Pre Evacuate Collection Set: 0.0ms
[2021-04-18T14:21:41.040-0700][gc,phases     ] GC(522)   Evacuate Collection Set: 9.6ms
[2021-04-18T14:21:41.040-0700][gc,phases     ] GC(522)   Post Evacuate Collection Set: 1.7ms
[2021-04-18T14:21:41.040-0700][gc,phases     ] GC(522)   Other: 0.5ms
[2021-04-18T14:21:41.040-0700][gc,heap       ] GC(522) Eden regions: 611->0(611)
[2021-04-18T14:21:41.040-0700][gc,heap       ] GC(522) Survivor regions: 3->3(77)
[2021-04-18T14:21:41.040-0700][gc,heap       ] GC(522) Old regions: 109->109
[2021-04-18T14:21:41.040-0700][gc,heap       ] GC(522) Humongous regions: 129->129
[2021-04-18T14:21:41.040-0700][gc,metaspace  ] GC(522) Metaspace: 41501K->41501K(1087488K)
[2021-04-18T14:21:41.041-0700][gc            ] GC(522) Pause Young (Normal) (G1 Evacuation Pause) 849M->238M(1024M) 12.106ms
[2021-04-18T14:21:41.041-0700][gc,cpu        ] GC(522) User=0.05s Sys=0.00s Real=0.02s
[2021-04-18T14:25:00.246-0700][gc,start      ] GC(523) Pause Young (Normal) (G1 Evacuation Pause)
[2021-04-18T14:25:00.246-0700][gc,task       ] GC(523) Using 8 workers of 8 for evacuation
[2021-04-18T14:25:00.252-0700][gc,phases     ] GC(523)   Pre Evacuate Collection Set: 0.0ms
[2021-04-18T14:25:00.252-0700][gc,phases     ] GC(523)   Evacuate Collection Set: 4.6ms
[2021-04-18T14:25:00.252-0700][gc,phases     ] GC(523)   Post Evacuate Collection Set: 1.4ms
[2021-04-18T14:25:00.252-0700][gc,phases     ] GC(523)   Other: 0.5ms
[2021-04-18T14:25:00.252-0700][gc,heap       ] GC(523) Eden regions: 611->0(611)
[2021-04-18T14:25:00.252-0700][gc,heap       ] GC(523) Survivor regions: 3->3(77)
[2021-04-18T14:25:00.252-0700][gc,heap       ] GC(523) Old regions: 109->109
[2021-04-18T14:25:00.252-0700][gc,heap       ] GC(523) Humongous regions: 129->129
[2021-04-18T14:25:00.252-0700][gc,metaspace  ] GC(523) Metaspace: 41501K->41501K(1087488K)
[2021-04-18T14:25:00.252-0700][gc            ] GC(523) Pause Young (Normal) (G1 Evacuation Pause) 849M->237M(1024M) 6.686ms
[2021-04-18T14:25:00.252-0700][gc,cpu        ] GC(523) User=0.04s Sys=0.00s Real=0.01s
[2021-04-18T14:28:19.494-0700][gc,start      ] GC(524) Pause Young (Normal) (G1 Evacuation Pause)
[2021-04-18T14:28:19.494-0700][gc,task       ] GC(524) Using 8 workers of 8 for evacuation
[2021-04-18T14:28:19.502-0700][gc,phases     ] GC(524)   Pre Evacuate Collection Set: 0.0ms
[2021-04-18T14:28:19.502-0700][gc,phases     ] GC(524)   Evacuate Collection Set: 6.4ms
[2021-04-18T14:28:19.502-0700][gc,phases     ] GC(524)   Post Evacuate Collection Set: 1.3ms
[2021-04-18T14:28:19.502-0700][gc,phases     ] GC(524)   Other: 0.5ms
[2021-04-18T14:28:19.502-0700][gc,heap       ] GC(524) Eden regions: 611->0(610)
[2021-04-18T14:28:19.502-0700][gc,heap       ] GC(524) Survivor regions: 3->4(77)
[2021-04-18T14:28:19.502-0700][gc,heap       ] GC(524) Old regions: 109->109
[2021-04-18T14:28:19.502-0700][gc,heap       ] GC(524) Humongous regions: 129->129
[2021-04-18T14:28:19.502-0700][gc,metaspace  ] GC(524) Metaspace: 41501K->41501K(1087488K)
[2021-04-18T14:28:19.503-0700][gc            ] GC(524) Pause Young (Normal) (G1 Evacuation Pause) 848M->239M(1024M) 8.454ms
[2021-04-18T14:28:19.503-0700][gc,cpu        ] GC(524) User=0.05s Sys=0.00s Real=0.01s
[2021-04-18T14:31:38.290-0700][gc,start      ] GC(525) Pause Young (Normal) (G1 Evacuation Pause)
[2021-04-18T14:31:38.290-0700][gc,task       ] GC(525) Using 8 workers of 8 for evacuation
[2021-04-18T14:31:38.298-0700][gc,phases     ] GC(525)   Pre Evacuate Collection Set: 0.0ms
[2021-04-18T14:31:38.298-0700][gc,phases     ] GC(525)   Evacuate Collection Set: 5.8ms
[2021-04-18T14:31:38.298-0700][gc,phases     ] GC(525)   Post Evacuate Collection Set: 1.1ms
[2021-04-18T14:31:38.298-0700][gc,phases     ] GC(525)   Other: 0.5ms
[2021-04-18T14:31:38.298-0700][gc,heap       ] GC(525) Eden regions: 610->0(610)
[2021-04-18T14:31:38.298-0700][gc,heap       ] GC(525) Survivor regions: 4->4(77)
[2021-04-18T14:31:38.298-0700][gc,heap       ] GC(525) Old regions: 109->109
[2021-04-18T14:31:38.298-0700][gc,heap       ] GC(525) Humongous regions: 129->129
[2021-04-18T14:31:38.298-0700][gc,metaspace  ] GC(525) Metaspace: 41501K->41501K(1087488K)
[2021-04-18T14:31:38.298-0700][gc            ] GC(525) Pause Young (Normal) (G1 Evacuation Pause) 849M->239M(1024M) 7.710ms
[2021-04-18T14:31:38.298-0700][gc,cpu        ] GC(525) User=0.05s Sys=0.00s Real=0.01s
[2021-04-18T14:34:57.390-0700][gc,start      ] GC(526) Pause Young (Normal) (G1 Evacuation Pause)
[2021-04-18T14:34:57.390-0700][gc,task       ] GC(526) Using 8 workers of 8 for evacuation
[2021-04-18T14:34:57.397-0700][gc,phases     ] GC(526)   Pre Evacuate Collection Set: 0.0ms
[2021-04-18T14:34:57.397-0700][gc,phases     ] GC(526)   Evacuate Collection Set: 5.5ms
[2021-04-18T14:34:57.397-0700][gc,phases     ] GC(526)   Post Evacuate Collection Set: 1.5ms
[2021-04-18T14:34:57.397-0700][gc,phases     ] GC(526)   Other: 0.5ms
[2021-04-18T14:34:57.397-0700][gc,heap       ] GC(526) Eden regions: 610->0(611)
[2021-04-18T14:34:57.397-0700][gc,heap       ] GC(526) Survivor regions: 4->3(77)
[2021-04-18T14:34:57.397-0700][gc,heap       ] GC(526) Old regions: 109->109
[2021-04-18T14:34:57.397-0700][gc,heap       ] GC(526) Humongous regions: 129->129
[2021-04-18T14:34:57.397-0700][gc,metaspace  ] GC(526) Metaspace: 41501K->41501K(1087488K)
[2021-04-18T14:34:57.397-0700][gc            ] GC(526) Pause Young (Normal) (G1 Evacuation Pause) 849M->238M(1024M) 7.723ms
[2021-04-18T14:34:57.397-0700][gc,cpu        ] GC(526) User=0.05s Sys=0.00s Real=0.01s
[2021-04-18T14:38:16.805-0700][gc,start      ] GC(527) Pause Young (Normal) (G1 Evacuation Pause)
[2021-04-18T14:38:16.805-0700][gc,task       ] GC(527) Using 8 workers of 8 for evacuation
[2021-04-18T14:38:16.813-0700][gc,phases     ] GC(527)   Pre Evacuate Collection Set: 0.0ms
[2021-04-18T14:38:16.813-0700][gc,phases     ] GC(527)   Evacuate Collection Set: 5.5ms
[2021-04-18T14:38:16.813-0700][gc,phases     ] GC(527)   Post Evacuate Collection Set: 1.2ms
[2021-04-18T14:38:16.813-0700][gc,phases     ] GC(527)   Other: 0.5ms
[2021-04-18T14:38:16.813-0700][gc,heap       ] GC(527) Eden regions: 611->0(611)
[2021-04-18T14:38:16.813-0700][gc,heap       ] GC(527) Survivor regions: 3->3(77)
[2021-04-18T14:38:16.813-0700][gc,heap       ] GC(527) Old regions: 109->109
[2021-04-18T14:38:16.813-0700][gc,heap       ] GC(527) Humongous regions: 129->129
[2021-04-18T14:38:16.813-0700][gc,metaspace  ] GC(527) Metaspace: 41501K->41501K(1087488K)
[2021-04-18T14:38:16.813-0700][gc            ] GC(527) Pause Young (Normal) (G1 Evacuation Pause) 849M->238M(1024M) 7.494ms
[2021-04-18T14:38:16.813-0700][gc,cpu        ] GC(527) User=0.04s Sys=0.00s Real=0.01s
[2021-04-18T14:41:36.617-0700][gc,start      ] GC(528) Pause Young (Normal) (G1 Evacuation Pause)
[2021-04-18T14:41:36.617-0700][gc,task       ] GC(528) Using 8 workers of 8 for evacuation
[2021-04-18T14:41:36.624-0700][gc,phases     ] GC(528)   Pre Evacuate Collection Set: 0.0ms
[2021-04-18T14:41:36.624-0700][gc,phases     ] GC(528)   Evacuate Collection Set: 5.3ms
[2021-04-18T14:41:36.624-0700][gc,phases     ] GC(528)   Post Evacuate Collection Set: 1.3ms
[2021-04-18T14:41:36.624-0700][gc,phases     ] GC(528)   Other: 0.4ms
[2021-04-18T14:41:36.624-0700][gc,heap       ] GC(528) Eden regions: 611->0(611)
[2021-04-18T14:41:36.624-0700][gc,heap       ] GC(528) Survivor regions: 3->3(77)
[2021-04-18T14:41:36.624-0700][gc,heap       ] GC(528) Old regions: 109->109
[2021-04-18T14:41:36.624-0700][gc,heap       ] GC(528) Humongous regions: 129->129
[2021-04-18T14:41:36.624-0700][gc,metaspace  ] GC(528) Metaspace: 41501K->41501K(1087488K)
[2021-04-18T14:41:36.624-0700][gc            ] GC(528) Pause Young (Normal) (G1 Evacuation Pause) 849M->238M(1024M) 7.292ms
[2021-04-18T14:41:36.624-0700][gc,cpu        ] GC(528) User=0.04s Sys=0.00s Real=0.00s
[2021-04-18T14:44:56.396-0700][gc,start      ] GC(529) Pause Young (Normal) (G1 Evacuation Pause)
[2021-04-18T14:44:56.396-0700][gc,task       ] GC(529) Using 8 workers of 8 for evacuation
[2021-04-18T14:44:56.408-0700][gc,phases     ] GC(529)   Pre Evacuate Collection Set: 0.1ms
[2021-04-18T14:44:56.408-0700][gc,phases     ] GC(529)   Evacuate Collection Set: 9.1ms
[2021-04-18T14:44:56.408-0700][gc,phases     ] GC(529)   Post Evacuate Collection Set: 2.1ms
[2021-04-18T14:44:56.408-0700][gc,phases     ] GC(529)   Other: 0.6ms
[2021-04-18T14:44:56.408-0700][gc,heap       ] GC(529) Eden regions: 611->0(611)
[2021-04-18T14:44:56.408-0700][gc,heap       ] GC(529) Survivor regions: 3->3(77)
[2021-04-18T14:44:56.408-0700][gc,heap       ] GC(529) Old regions: 109->109
[2021-04-18T14:44:56.408-0700][gc,heap       ] GC(529) Humongous regions: 129->129
[2021-04-18T14:44:56.408-0700][gc,metaspace  ] GC(529) Metaspace: 41501K->41501K(1087488K)
[2021-04-18T14:44:56.409-0700][gc            ] GC(529) Pause Young (Normal) (G1 Evacuation Pause) 849M->238M(1024M) 12.219ms
[2021-04-18T14:44:56.409-0700][gc,cpu        ] GC(529) User=0.07s Sys=0.00s Real=0.01s
[2021-04-18T14:48:15.945-0700][gc,start      ] GC(530) Pause Young (Normal) (G1 Evacuation Pause)
[2021-04-18T14:48:15.945-0700][gc,task       ] GC(530) Using 8 workers of 8 for evacuation
[2021-04-18T14:48:15.951-0700][gc,phases     ] GC(530)   Pre Evacuate Collection Set: 0.0ms
[2021-04-18T14:48:15.951-0700][gc,phases     ] GC(530)   Evacuate Collection Set: 4.0ms
[2021-04-18T14:48:15.951-0700][gc,phases     ] GC(530)   Post Evacuate Collection Set: 1.8ms
[2021-04-18T14:48:15.951-0700][gc,phases     ] GC(530)   Other: 0.5ms
[2021-04-18T14:48:15.951-0700][gc,heap       ] GC(530) Eden regions: 611->0(611)
[2021-04-18T14:48:15.951-0700][gc,heap       ] GC(530) Survivor regions: 3->3(77)
[2021-04-18T14:48:15.951-0700][gc,heap       ] GC(530) Old regions: 109->109
[2021-04-18T14:48:15.951-0700][gc,heap       ] GC(530) Humongous regions: 129->129
[2021-04-18T14:48:15.951-0700][gc,metaspace  ] GC(530) Metaspace: 41501K->41501K(1087488K)
[2021-04-18T14:48:15.951-0700][gc            ] GC(530) Pause Young (Normal) (G1 Evacuation Pause) 849M->238M(1024M) 6.559ms
[2021-04-18T14:48:15.951-0700][gc,cpu        ] GC(530) User=0.03s Sys=0.00s Real=0.01s
[2021-04-18T14:51:35.384-0700][gc,start      ] GC(531) Pause Young (Normal) (G1 Evacuation Pause)
[2021-04-18T14:51:35.384-0700][gc,task       ] GC(531) Using 8 workers of 8 for evacuation
[2021-04-18T14:51:35.392-0700][gc,phases     ] GC(531)   Pre Evacuate Collection Set: 0.0ms
[2021-04-18T14:51:35.392-0700][gc,phases     ] GC(531)   Evacuate Collection Set: 5.8ms
[2021-04-18T14:51:35.392-0700][gc,phases     ] GC(531)   Post Evacuate Collection Set: 1.4ms
[2021-04-18T14:51:35.392-0700][gc,phases     ] GC(531)   Other: 0.6ms
[2021-04-18T14:51:35.392-0700][gc,heap       ] GC(531) Eden regions: 611->0(611)
[2021-04-18T14:51:35.392-0700][gc,heap       ] GC(531) Survivor regions: 3->3(77)
[2021-04-18T14:51:35.392-0700][gc,heap       ] GC(531) Old regions: 109->109
[2021-04-18T14:51:35.392-0700][gc,heap       ] GC(531) Humongous regions: 129->129
[2021-04-18T14:51:35.392-0700][gc,metaspace  ] GC(531) Metaspace: 41501K->41501K(1087488K)
[2021-04-18T14:51:35.392-0700][gc            ] GC(531) Pause Young (Normal) (G1 Evacuation Pause) 849M->238M(1024M) 8.072ms
[2021-04-18T14:51:35.392-0700][gc,cpu        ] GC(531) User=0.03s Sys=0.01s Real=0.01s
[2021-04-18T14:54:53.562-0700][gc,start      ] GC(532) Pause Young (Normal) (G1 Evacuation Pause)
[2021-04-18T14:54:53.562-0700][gc,task       ] GC(532) Using 8 workers of 8 for evacuation
[2021-04-18T14:54:53.564-0700][gc,phases     ] GC(532)   Pre Evacuate Collection Set: 0.0ms
[2021-04-18T14:54:53.564-0700][gc,phases     ] GC(532)   Evacuate Collection Set: 2.1ms
[2021-04-18T14:54:53.564-0700][gc,phases     ] GC(532)   Post Evacuate Collection Set: 0.6ms
[2021-04-18T14:54:53.565-0700][gc,phases     ] GC(532)   Other: 0.2ms
[2021-04-18T14:54:53.565-0700][gc,heap       ] GC(532) Eden regions: 611->0(610)
[2021-04-18T14:54:53.565-0700][gc,heap       ] GC(532) Survivor regions: 3->4(77)
[2021-04-18T14:54:53.565-0700][gc,heap       ] GC(532) Old regions: 109->109
[2021-04-18T14:54:53.565-0700][gc,heap       ] GC(532) Humongous regions: 129->129
[2021-04-18T14:54:53.565-0700][gc,metaspace  ] GC(532) Metaspace: 41501K->41501K(1087488K)
[2021-04-18T14:54:53.565-0700][gc            ] GC(532) Pause Young (Normal) (G1 Evacuation Pause) 849M->239M(1024M) 3.034ms
[2021-04-18T14:54:53.565-0700][gc,cpu        ] GC(532) User=0.01s Sys=0.01s Real=0.00s
[2021-04-18T14:58:12.742-0700][gc,start      ] GC(533) Pause Young (Normal) (G1 Evacuation Pause)
[2021-04-18T14:58:12.742-0700][gc,task       ] GC(533) Using 8 workers of 8 for evacuation
[2021-04-18T14:58:12.751-0700][gc,phases     ] GC(533)   Pre Evacuate Collection Set: 0.1ms
[2021-04-18T14:58:12.751-0700][gc,phases     ] GC(533)   Evacuate Collection Set: 6.7ms
[2021-04-18T14:58:12.751-0700][gc,phases     ] GC(533)   Post Evacuate Collection Set: 1.6ms
[2021-04-18T14:58:12.751-0700][gc,phases     ] GC(533)   Other: 0.7ms
[2021-04-18T14:58:12.751-0700][gc,heap       ] GC(533) Eden regions: 610->0(610)
[2021-04-18T14:58:12.751-0700][gc,heap       ] GC(533) Survivor regions: 4->4(77)
[2021-04-18T14:58:12.751-0700][gc,heap       ] GC(533) Old regions: 109->109
[2021-04-18T14:58:12.751-0700][gc,heap       ] GC(533) Humongous regions: 129->129
[2021-04-18T14:58:12.751-0700][gc,metaspace  ] GC(533) Metaspace: 41501K->41501K(1087488K)
[2021-04-18T14:58:12.751-0700][gc            ] GC(533) Pause Young (Normal) (G1 Evacuation Pause) 849M->239M(1024M) 9.509ms
[2021-04-18T14:58:12.751-0700][gc,cpu        ] GC(533) User=0.06s Sys=0.00s Real=0.01s
[2021-04-18T15:01:31.880-0700][gc,start      ] GC(534) Pause Young (Normal) (G1 Evacuation Pause)
[2021-04-18T15:01:31.880-0700][gc,task       ] GC(534) Using 8 workers of 8 for evacuation
[2021-04-18T15:01:31.887-0700][gc,phases     ] GC(534)   Pre Evacuate Collection Set: 0.0ms
[2021-04-18T15:01:31.887-0700][gc,phases     ] GC(534)   Evacuate Collection Set: 5.7ms
[2021-04-18T15:01:31.887-0700][gc,phases     ] GC(534)   Post Evacuate Collection Set: 1.2ms
[2021-04-18T15:01:31.887-0700][gc,phases     ] GC(534)   Other: 0.5ms
[2021-04-18T15:01:31.887-0700][gc,heap       ] GC(534) Eden regions: 610->0(611)
[2021-04-18T15:01:31.887-0700][gc,heap       ] GC(534) Survivor regions: 4->3(77)
[2021-04-18T15:01:31.887-0700][gc,heap       ] GC(534) Old regions: 109->109
[2021-04-18T15:01:31.887-0700][gc,heap       ] GC(534) Humongous regions: 129->129
[2021-04-18T15:01:31.887-0700][gc,metaspace  ] GC(534) Metaspace: 41501K->41501K(1087488K)
[2021-04-18T15:01:31.887-0700][gc            ] GC(534) Pause Young (Normal) (G1 Evacuation Pause) 849M->238M(1024M) 7.667ms
[2021-04-18T15:01:31.887-0700][gc,cpu        ] GC(534) User=0.05s Sys=0.00s Real=0.00s
[2021-04-18T15:04:51.313-0700][gc,start      ] GC(535) Pause Young (Normal) (G1 Evacuation Pause)
[2021-04-18T15:04:51.313-0700][gc,task       ] GC(535) Using 8 workers of 8 for evacuation
[2021-04-18T15:04:51.326-0700][gc,phases     ] GC(535)   Pre Evacuate Collection Set: 0.1ms
[2021-04-18T15:04:51.326-0700][gc,phases     ] GC(535)   Evacuate Collection Set: 10.0ms
[2021-04-18T15:04:51.326-0700][gc,phases     ] GC(535)   Post Evacuate Collection Set: 1.7ms
[2021-04-18T15:04:51.326-0700][gc,phases     ] GC(535)   Other: 0.7ms
[2021-04-18T15:04:51.326-0700][gc,heap       ] GC(535) Eden regions: 611->0(611)
[2021-04-18T15:04:51.326-0700][gc,heap       ] GC(535) Survivor regions: 3->3(77)
[2021-04-18T15:04:51.326-0700][gc,heap       ] GC(535) Old regions: 109->109
[2021-04-18T15:04:51.326-0700][gc,heap       ] GC(535) Humongous regions: 129->129
[2021-04-18T15:04:51.326-0700][gc,metaspace  ] GC(535) Metaspace: 41501K->41501K(1087488K)
[2021-04-18T15:04:51.326-0700][gc            ] GC(535) Pause Young (Normal) (G1 Evacuation Pause) 849M->238M(1024M) 12.758ms
[2021-04-18T15:04:51.326-0700][gc,cpu        ] GC(535) User=0.07s Sys=0.00s Real=0.01s
[2021-04-18T15:08:10.631-0700][gc,start      ] GC(536) Pause Young (Normal) (G1 Evacuation Pause)
[2021-04-18T15:08:10.631-0700][gc,task       ] GC(536) Using 8 workers of 8 for evacuation
[2021-04-18T15:08:10.638-0700][gc,phases     ] GC(536)   Pre Evacuate Collection Set: 0.0ms
[2021-04-18T15:08:10.638-0700][gc,phases     ] GC(536)   Evacuate Collection Set: 5.2ms
[2021-04-18T15:08:10.638-0700][gc,phases     ] GC(536)   Post Evacuate Collection Set: 1.3ms
[2021-04-18T15:08:10.638-0700][gc,phases     ] GC(536)   Other: 0.5ms
[2021-04-18T15:08:10.638-0700][gc,heap       ] GC(536) Eden regions: 611->0(611)
[2021-04-18T15:08:10.638-0700][gc,heap       ] GC(536) Survivor regions: 3->3(77)
[2021-04-18T15:08:10.638-0700][gc,heap       ] GC(536) Old regions: 109->109
[2021-04-18T15:08:10.638-0700][gc,heap       ] GC(536) Humongous regions: 129->129
[2021-04-18T15:08:10.638-0700][gc,metaspace  ] GC(536) Metaspace: 41501K->41501K(1087488K)
[2021-04-18T15:08:10.638-0700][gc            ] GC(536) Pause Young (Normal) (G1 Evacuation Pause) 849M->238M(1024M) 7.283ms
[2021-04-18T15:08:10.638-0700][gc,cpu        ] GC(536) User=0.04s Sys=0.00s Real=0.01s
[2021-04-18T15:11:29.833-0700][gc,start      ] GC(537) Pause Young (Normal) (G1 Evacuation Pause)
[2021-04-18T15:11:29.833-0700][gc,task       ] GC(537) Using 8 workers of 8 for evacuation
[2021-04-18T15:11:29.845-0700][gc,phases     ] GC(537)   Pre Evacuate Collection Set: 0.0ms
[2021-04-18T15:11:29.845-0700][gc,phases     ] GC(537)   Evacuate Collection Set: 10.2ms
[2021-04-18T15:11:29.845-0700][gc,phases     ] GC(537)   Post Evacuate Collection Set: 1.1ms
[2021-04-18T15:11:29.845-0700][gc,phases     ] GC(537)   Other: 0.5ms
[2021-04-18T15:11:29.845-0700][gc,heap       ] GC(537) Eden regions: 611->0(611)
[2021-04-18T15:11:29.845-0700][gc,heap       ] GC(537) Survivor regions: 3->3(77)
[2021-04-18T15:11:29.845-0700][gc,heap       ] GC(537) Old regions: 109->109
[2021-04-18T15:11:29.845-0700][gc,heap       ] GC(537) Humongous regions: 129->129
[2021-04-18T15:11:29.845-0700][gc,metaspace  ] GC(537) Metaspace: 41501K->41501K(1087488K)
[2021-04-18T15:11:29.845-0700][gc            ] GC(537) Pause Young (Normal) (G1 Evacuation Pause) 849M->238M(1024M) 11.982ms
[2021-04-18T15:11:29.845-0700][gc,cpu        ] GC(537) User=0.06s Sys=0.00s Real=0.01s
[2021-04-18T15:14:48.633-0700][gc,start      ] GC(538) Pause Young (Normal) (G1 Evacuation Pause)
[2021-04-18T15:14:48.633-0700][gc,task       ] GC(538) Using 8 workers of 8 for evacuation
[2021-04-18T15:14:48.640-0700][gc,phases     ] GC(538)   Pre Evacuate Collection Set: 0.0ms
[2021-04-18T15:14:48.640-0700][gc,phases     ] GC(538)   Evacuate Collection Set: 5.0ms
[2021-04-18T15:14:48.640-0700][gc,phases     ] GC(538)   Post Evacuate Collection Set: 1.4ms
[2021-04-18T15:14:48.640-0700][gc,phases     ] GC(538)   Other: 0.5ms
[2021-04-18T15:14:48.640-0700][gc,heap       ] GC(538) Eden regions: 611->0(611)
[2021-04-18T15:14:48.640-0700][gc,heap       ] GC(538) Survivor regions: 3->3(77)
[2021-04-18T15:14:48.640-0700][gc,heap       ] GC(538) Old regions: 109->109
[2021-04-18T15:14:48.640-0700][gc,heap       ] GC(538) Humongous regions: 129->129
[2021-04-18T15:14:48.640-0700][gc,metaspace  ] GC(538) Metaspace: 41501K->41501K(1087488K)
[2021-04-18T15:14:48.640-0700][gc            ] GC(538) Pause Young (Normal) (G1 Evacuation Pause) 849M->238M(1024M) 7.104ms
[2021-04-18T15:14:48.640-0700][gc,cpu        ] GC(538) User=0.05s Sys=0.00s Real=0.01s
[2021-04-18T15:18:08.055-0700][gc,start      ] GC(539) Pause Young (Normal) (G1 Evacuation Pause)
[2021-04-18T15:18:08.090-0700][gc,task       ] GC(539) Using 8 workers of 8 for evacuation
[2021-04-18T15:18:08.096-0700][gc,phases     ] GC(539)   Pre Evacuate Collection Set: 0.0ms
[2021-04-18T15:18:08.096-0700][gc,phases     ] GC(539)   Evacuate Collection Set: 5.0ms
[2021-04-18T15:18:08.096-0700][gc,phases     ] GC(539)   Post Evacuate Collection Set: 1.3ms
[2021-04-18T15:18:08.096-0700][gc,phases     ] GC(539)   Other: 35.3ms
[2021-04-18T15:18:08.096-0700][gc,heap       ] GC(539) Eden regions: 611->0(611)
[2021-04-18T15:18:08.096-0700][gc,heap       ] GC(539) Survivor regions: 3->3(77)
[2021-04-18T15:18:08.096-0700][gc,heap       ] GC(539) Old regions: 109->109
[2021-04-18T15:18:08.096-0700][gc,heap       ] GC(539) Humongous regions: 129->129
[2021-04-18T15:18:08.097-0700][gc,metaspace  ] GC(539) Metaspace: 41501K->41501K(1087488K)
[2021-04-18T15:18:08.097-0700][gc            ] GC(539) Pause Young (Normal) (G1 Evacuation Pause) 849M->238M(1024M) 41.938ms
[2021-04-18T15:18:08.097-0700][gc,cpu        ] GC(539) User=0.04s Sys=0.01s Real=0.04s
[2021-04-18T15:21:27.250-0700][gc,start      ] GC(540) Pause Young (Normal) (G1 Evacuation Pause)
[2021-04-18T15:21:27.250-0700][gc,task       ] GC(540) Using 8 workers of 8 for evacuation
[2021-04-18T15:21:27.256-0700][gc,phases     ] GC(540)   Pre Evacuate Collection Set: 0.0ms
[2021-04-18T15:21:27.256-0700][gc,phases     ] GC(540)   Evacuate Collection Set: 4.5ms
[2021-04-18T15:21:27.256-0700][gc,phases     ] GC(540)   Post Evacuate Collection Set: 1.2ms
[2021-04-18T15:21:27.256-0700][gc,phases     ] GC(540)   Other: 0.5ms
[2021-04-18T15:21:27.256-0700][gc,heap       ] GC(540) Eden regions: 611->0(611)
[2021-04-18T15:21:27.256-0700][gc,heap       ] GC(540) Survivor regions: 3->3(77)
[2021-04-18T15:21:27.256-0700][gc,heap       ] GC(540) Old regions: 109->109
[2021-04-18T15:21:27.256-0700][gc,heap       ] GC(540) Humongous regions: 129->129
[2021-04-18T15:21:27.256-0700][gc,metaspace  ] GC(540) Metaspace: 41501K->41501K(1087488K)
[2021-04-18T15:21:27.256-0700][gc            ] GC(540) Pause Young (Normal) (G1 Evacuation Pause) 849M->238M(1024M) 6.465ms
[2021-04-18T15:21:27.256-0700][gc,cpu        ] GC(540) User=0.04s Sys=0.00s Real=0.00s
[2021-04-18T15:24:46.569-0700][gc,start      ] GC(541) Pause Young (Normal) (G1 Evacuation Pause)
[2021-04-18T15:24:46.569-0700][gc,task       ] GC(541) Using 8 workers of 8 for evacuation
[2021-04-18T15:24:46.575-0700][gc,phases     ] GC(541)   Pre Evacuate Collection Set: 0.0ms
[2021-04-18T15:24:46.575-0700][gc,phases     ] GC(541)   Evacuate Collection Set: 4.4ms
[2021-04-18T15:24:46.575-0700][gc,phases     ] GC(541)   Post Evacuate Collection Set: 1.2ms
[2021-04-18T15:24:46.576-0700][gc,phases     ] GC(541)   Other: 0.5ms
[2021-04-18T15:24:46.576-0700][gc,heap       ] GC(541) Eden regions: 611->0(612)
[2021-04-18T15:24:46.576-0700][gc,heap       ] GC(541) Survivor regions: 3->2(77)
[2021-04-18T15:24:46.576-0700][gc,heap       ] GC(541) Old regions: 109->109
[2021-04-18T15:24:46.576-0700][gc,heap       ] GC(541) Humongous regions: 129->129
[2021-04-18T15:24:46.576-0700][gc,metaspace  ] GC(541) Metaspace: 41501K->41501K(1087488K)
[2021-04-18T15:24:46.576-0700][gc            ] GC(541) Pause Young (Normal) (G1 Evacuation Pause) 849M->238M(1024M) 6.376ms
[2021-04-18T15:24:46.576-0700][gc,cpu        ] GC(541) User=0.04s Sys=0.00s Real=0.00s
[2021-04-18T15:28:06.325-0700][gc,start      ] GC(542) Pause Young (Normal) (G1 Evacuation Pause)
[2021-04-18T15:28:06.325-0700][gc,task       ] GC(542) Using 8 workers of 8 for evacuation
[2021-04-18T15:28:06.334-0700][gc,phases     ] GC(542)   Pre Evacuate Collection Set: 0.1ms
[2021-04-18T15:28:06.334-0700][gc,phases     ] GC(542)   Evacuate Collection Set: 7.1ms
[2021-04-18T15:28:06.334-0700][gc,phases     ] GC(542)   Post Evacuate Collection Set: 1.7ms
[2021-04-18T15:28:06.334-0700][gc,phases     ] GC(542)   Other: 0.5ms
[2021-04-18T15:28:06.335-0700][gc,heap       ] GC(542) Eden regions: 612->0(611)
[2021-04-18T15:28:06.335-0700][gc,heap       ] GC(542) Survivor regions: 2->3(77)
[2021-04-18T15:28:06.335-0700][gc,heap       ] GC(542) Old regions: 109->109
[2021-04-18T15:28:06.335-0700][gc,heap       ] GC(542) Humongous regions: 129->129
[2021-04-18T15:28:06.335-0700][gc,metaspace  ] GC(542) Metaspace: 41501K->41501K(1087488K)
[2021-04-18T15:28:06.335-0700][gc            ] GC(542) Pause Young (Normal) (G1 Evacuation Pause) 850M->238M(1024M) 9.673ms
[2021-04-18T15:28:06.335-0700][gc,cpu        ] GC(542) User=0.04s Sys=0.00s Real=0.01s
[2021-04-18T15:31:25.822-0700][gc,start      ] GC(543) Pause Young (Normal) (G1 Evacuation Pause)
[2021-04-18T15:31:25.822-0700][gc,task       ] GC(543) Using 8 workers of 8 for evacuation
[2021-04-18T15:31:25.828-0700][gc,phases     ] GC(543)   Pre Evacuate Collection Set: 0.0ms
[2021-04-18T15:31:25.828-0700][gc,phases     ] GC(543)   Evacuate Collection Set: 4.3ms
[2021-04-18T15:31:25.828-0700][gc,phases     ] GC(543)   Post Evacuate Collection Set: 1.4ms
[2021-04-18T15:31:25.828-0700][gc,phases     ] GC(543)   Other: 0.5ms
[2021-04-18T15:31:25.828-0700][gc,heap       ] GC(543) Eden regions: 611->0(612)
[2021-04-18T15:31:25.828-0700][gc,heap       ] GC(543) Survivor regions: 3->2(77)
[2021-04-18T15:31:25.828-0700][gc,heap       ] GC(543) Old regions: 109->109
[2021-04-18T15:31:25.828-0700][gc,heap       ] GC(543) Humongous regions: 129->129
[2021-04-18T15:31:25.828-0700][gc,metaspace  ] GC(543) Metaspace: 41501K->41501K(1087488K)
[2021-04-18T15:31:25.828-0700][gc            ] GC(543) Pause Young (Normal) (G1 Evacuation Pause) 849M->238M(1024M) 6.459ms
[2021-04-18T15:31:25.828-0700][gc,cpu        ] GC(543) User=0.04s Sys=0.00s Real=0.00s
[2021-04-18T15:34:45.371-0700][gc,start      ] GC(544) Pause Young (Normal) (G1 Evacuation Pause)
[2021-04-18T15:34:45.371-0700][gc,task       ] GC(544) Using 8 workers of 8 for evacuation
[2021-04-18T15:34:45.378-0700][gc,phases     ] GC(544)   Pre Evacuate Collection Set: 0.0ms
[2021-04-18T15:34:45.378-0700][gc,phases     ] GC(544)   Evacuate Collection Set: 4.5ms
[2021-04-18T15:34:45.378-0700][gc,phases     ] GC(544)   Post Evacuate Collection Set: 1.3ms
[2021-04-18T15:34:45.378-0700][gc,phases     ] GC(544)   Other: 0.5ms
[2021-04-18T15:34:45.378-0700][gc,heap       ] GC(544) Eden regions: 612->0(612)
[2021-04-18T15:34:45.378-0700][gc,heap       ] GC(544) Survivor regions: 2->2(77)
[2021-04-18T15:34:45.378-0700][gc,heap       ] GC(544) Old regions: 109->109
[2021-04-18T15:34:45.378-0700][gc,heap       ] GC(544) Humongous regions: 129->129
[2021-04-18T15:34:45.378-0700][gc,metaspace  ] GC(544) Metaspace: 41501K->41501K(1087488K)
[2021-04-18T15:34:45.378-0700][gc            ] GC(544) Pause Young (Normal) (G1 Evacuation Pause) 850M->238M(1024M) 6.516ms
[2021-04-18T15:34:45.378-0700][gc,cpu        ] GC(544) User=0.03s Sys=0.01s Real=0.01s
[2021-04-18T15:38:05.065-0700][gc,start      ] GC(545) Pause Young (Normal) (G1 Evacuation Pause)
[2021-04-18T15:38:05.065-0700][gc,task       ] GC(545) Using 8 workers of 8 for evacuation
[2021-04-18T15:38:05.069-0700][gc,phases     ] GC(545)   Pre Evacuate Collection Set: 0.0ms
[2021-04-18T15:38:05.069-0700][gc,phases     ] GC(545)   Evacuate Collection Set: 3.0ms
[2021-04-18T15:38:05.069-0700][gc,phases     ] GC(545)   Post Evacuate Collection Set: 0.8ms
[2021-04-18T15:38:05.069-0700][gc,phases     ] GC(545)   Other: 0.3ms
[2021-04-18T15:38:05.069-0700][gc,heap       ] GC(545) Eden regions: 612->0(612)
[2021-04-18T15:38:05.069-0700][gc,heap       ] GC(545) Survivor regions: 2->2(77)
[2021-04-18T15:38:05.069-0700][gc,heap       ] GC(545) Old regions: 109->109
[2021-04-18T15:38:05.069-0700][gc,heap       ] GC(545) Humongous regions: 129->129
[2021-04-18T15:38:05.069-0700][gc,metaspace  ] GC(545) Metaspace: 41501K->41501K(1087488K)
[2021-04-18T15:38:05.069-0700][gc            ] GC(545) Pause Young (Normal) (G1 Evacuation Pause) 850M->238M(1024M) 4.237ms
[2021-04-18T15:38:05.069-0700][gc,cpu        ] GC(545) User=0.02s Sys=0.01s Real=0.01s
[2021-04-18T15:41:24.549-0700][gc,start      ] GC(546) Pause Young (Normal) (G1 Evacuation Pause)
[2021-04-18T15:41:24.549-0700][gc,task       ] GC(546) Using 8 workers of 8 for evacuation
[2021-04-18T15:41:24.558-0700][gc,phases     ] GC(546)   Pre Evacuate Collection Set: 0.0ms
[2021-04-18T15:41:24.558-0700][gc,phases     ] GC(546)   Evacuate Collection Set: 7.7ms
[2021-04-18T15:41:24.559-0700][gc,phases     ] GC(546)   Post Evacuate Collection Set: 1.5ms
[2021-04-18T15:41:24.559-0700][gc,phases     ] GC(546)   Other: 0.6ms
[2021-04-18T15:41:24.559-0700][gc,heap       ] GC(546) Eden regions: 612->0(612)
[2021-04-18T15:41:24.559-0700][gc,heap       ] GC(546) Survivor regions: 2->2(77)
[2021-04-18T15:41:24.559-0700][gc,heap       ] GC(546) Old regions: 109->109
[2021-04-18T15:41:24.559-0700][gc,heap       ] GC(546) Humongous regions: 129->129
[2021-04-18T15:41:24.559-0700][gc,metaspace  ] GC(546) Metaspace: 41501K->41501K(1087488K)
[2021-04-18T15:41:24.559-0700][gc            ] GC(546) Pause Young (Normal) (G1 Evacuation Pause) 850M->238M(1024M) 10.089ms
[2021-04-18T15:41:24.559-0700][gc,cpu        ] GC(546) User=0.04s Sys=0.01s Real=0.02s
[2021-04-18T15:44:44.070-0700][gc,start      ] GC(547) Pause Young (Normal) (G1 Evacuation Pause)
[2021-04-18T15:44:44.071-0700][gc,task       ] GC(547) Using 8 workers of 8 for evacuation
[2021-04-18T15:44:44.078-0700][gc,phases     ] GC(547)   Pre Evacuate Collection Set: 0.0ms
[2021-04-18T15:44:44.078-0700][gc,phases     ] GC(547)   Evacuate Collection Set: 6.4ms
[2021-04-18T15:44:44.078-0700][gc,phases     ] GC(547)   Post Evacuate Collection Set: 1.0ms
[2021-04-18T15:44:44.079-0700][gc,phases     ] GC(547)   Other: 0.5ms
[2021-04-18T15:44:44.079-0700][gc,heap       ] GC(547) Eden regions: 612->0(610)
[2021-04-18T15:44:44.079-0700][gc,heap       ] GC(547) Survivor regions: 2->4(77)
[2021-04-18T15:44:44.079-0700][gc,heap       ] GC(547) Old regions: 109->109
[2021-04-18T15:44:44.079-0700][gc,heap       ] GC(547) Humongous regions: 129->129
[2021-04-18T15:44:44.079-0700][gc,metaspace  ] GC(547) Metaspace: 41501K->41501K(1087488K)
[2021-04-18T15:44:44.079-0700][gc            ] GC(547) Pause Young (Normal) (G1 Evacuation Pause) 850M->239M(1024M) 8.218ms
[2021-04-18T15:44:44.079-0700][gc,cpu        ] GC(547) User=0.05s Sys=0.00s Real=0.01s
[2021-04-18T15:48:03.429-0700][gc,start      ] GC(548) Pause Young (Normal) (G1 Evacuation Pause)
[2021-04-18T15:48:03.429-0700][gc,task       ] GC(548) Using 8 workers of 8 for evacuation
[2021-04-18T15:48:03.436-0700][gc,phases     ] GC(548)   Pre Evacuate Collection Set: 0.0ms
[2021-04-18T15:48:03.436-0700][gc,phases     ] GC(548)   Evacuate Collection Set: 5.8ms
[2021-04-18T15:48:03.436-0700][gc,phases     ] GC(548)   Post Evacuate Collection Set: 1.3ms
[2021-04-18T15:48:03.436-0700][gc,phases     ] GC(548)   Other: 0.5ms
[2021-04-18T15:48:03.436-0700][gc,heap       ] GC(548) Eden regions: 610->0(610)
[2021-04-18T15:48:03.436-0700][gc,heap       ] GC(548) Survivor regions: 4->4(77)
[2021-04-18T15:48:03.436-0700][gc,heap       ] GC(548) Old regions: 109->109
[2021-04-18T15:48:03.436-0700][gc,heap       ] GC(548) Humongous regions: 129->129
[2021-04-18T15:48:03.436-0700][gc,metaspace  ] GC(548) Metaspace: 41501K->41501K(1087488K)
[2021-04-18T15:48:03.436-0700][gc            ] GC(548) Pause Young (Normal) (G1 Evacuation Pause) 849M->239M(1024M) 7.788ms
[2021-04-18T15:48:03.436-0700][gc,cpu        ] GC(548) User=0.04s Sys=0.00s Real=0.01s
[2021-04-18T15:51:22.840-0700][gc,start      ] GC(549) Pause Young (Normal) (G1 Evacuation Pause)
[2021-04-18T15:51:22.841-0700][gc,task       ] GC(549) Using 8 workers of 8 for evacuation
[2021-04-18T15:51:22.848-0700][gc,phases     ] GC(549)   Pre Evacuate Collection Set: 0.0ms
[2021-04-18T15:51:22.848-0700][gc,phases     ] GC(549)   Evacuate Collection Set: 5.6ms
[2021-04-18T15:51:22.848-0700][gc,phases     ] GC(549)   Post Evacuate Collection Set: 1.3ms
[2021-04-18T15:51:22.848-0700][gc,phases     ] GC(549)   Other: 0.5ms
[2021-04-18T15:51:22.848-0700][gc,heap       ] GC(549) Eden regions: 610->0(610)
[2021-04-18T15:51:22.848-0700][gc,heap       ] GC(549) Survivor regions: 4->4(77)
[2021-04-18T15:51:22.848-0700][gc,heap       ] GC(549) Old regions: 109->109
[2021-04-18T15:51:22.848-0700][gc,heap       ] GC(549) Humongous regions: 129->129
[2021-04-18T15:51:22.848-0700][gc,metaspace  ] GC(549) Metaspace: 41501K->41501K(1087488K)
[2021-04-18T15:51:22.848-0700][gc            ] GC(549) Pause Young (Normal) (G1 Evacuation Pause) 849M->239M(1024M) 7.661ms
[2021-04-18T15:51:22.848-0700][gc,cpu        ] GC(549) User=0.04s Sys=0.00s Real=0.00s
[2021-04-18T15:54:41.230-0700][gc,start      ] GC(550) Pause Young (Normal) (G1 Evacuation Pause)
[2021-04-18T15:54:41.230-0700][gc,task       ] GC(550) Using 8 workers of 8 for evacuation
[2021-04-18T15:54:41.236-0700][gc,phases     ] GC(550)   Pre Evacuate Collection Set: 0.0ms
[2021-04-18T15:54:41.236-0700][gc,phases     ] GC(550)   Evacuate Collection Set: 4.7ms
[2021-04-18T15:54:41.236-0700][gc,phases     ] GC(550)   Post Evacuate Collection Set: 1.2ms
[2021-04-18T15:54:41.236-0700][gc,phases     ] GC(550)   Other: 0.5ms
[2021-04-18T15:54:41.236-0700][gc,heap       ] GC(550) Eden regions: 610->0(611)
[2021-04-18T15:54:41.236-0700][gc,heap       ] GC(550) Survivor regions: 4->3(77)
[2021-04-18T15:54:41.236-0700][gc,heap       ] GC(550) Old regions: 109->109
[2021-04-18T15:54:41.236-0700][gc,heap       ] GC(550) Humongous regions: 129->129
[2021-04-18T15:54:41.236-0700][gc,metaspace  ] GC(550) Metaspace: 41501K->41501K(1087488K)
[2021-04-18T15:54:41.236-0700][gc            ] GC(550) Pause Young (Normal) (G1 Evacuation Pause) 849M->238M(1024M) 6.632ms
[2021-04-18T15:54:41.236-0700][gc,cpu        ] GC(550) User=0.04s Sys=0.01s Real=0.00s
[2021-04-18T15:58:00.875-0700][gc,start      ] GC(551) Pause Young (Normal) (G1 Evacuation Pause)
[2021-04-18T15:58:00.875-0700][gc,task       ] GC(551) Using 8 workers of 8 for evacuation
[2021-04-18T15:58:00.881-0700][gc,phases     ] GC(551)   Pre Evacuate Collection Set: 0.0ms
[2021-04-18T15:58:00.881-0700][gc,phases     ] GC(551)   Evacuate Collection Set: 4.7ms
[2021-04-18T15:58:00.881-0700][gc,phases     ] GC(551)   Post Evacuate Collection Set: 1.1ms
[2021-04-18T15:58:00.881-0700][gc,phases     ] GC(551)   Other: 0.5ms
[2021-04-18T15:58:00.881-0700][gc,heap       ] GC(551) Eden regions: 611->0(611)
[2021-04-18T15:58:00.881-0700][gc,heap       ] GC(551) Survivor regions: 3->3(77)
[2021-04-18T15:58:00.881-0700][gc,heap       ] GC(551) Old regions: 109->109
[2021-04-18T15:58:00.881-0700][gc,heap       ] GC(551) Humongous regions: 129->129
[2021-04-18T15:58:00.881-0700][gc,metaspace  ] GC(551) Metaspace: 41501K->41501K(1087488K)
[2021-04-18T15:58:00.881-0700][gc            ] GC(551) Pause Young (Normal) (G1 Evacuation Pause) 849M->238M(1024M) 6.579ms
[2021-04-18T15:58:00.881-0700][gc,cpu        ] GC(551) User=0.04s Sys=0.00s Real=0.01s
[2021-04-18T16:01:20.544-0700][gc,start      ] GC(552) Pause Young (Normal) (G1 Evacuation Pause)
[2021-04-18T16:01:20.544-0700][gc,task       ] GC(552) Using 8 workers of 8 for evacuation
[2021-04-18T16:01:20.550-0700][gc,phases     ] GC(552)   Pre Evacuate Collection Set: 0.0ms
[2021-04-18T16:01:20.550-0700][gc,phases     ] GC(552)   Evacuate Collection Set: 4.5ms
[2021-04-18T16:01:20.550-0700][gc,phases     ] GC(552)   Post Evacuate Collection Set: 1.1ms
[2021-04-18T16:01:20.550-0700][gc,phases     ] GC(552)   Other: 0.5ms
[2021-04-18T16:01:20.550-0700][gc,heap       ] GC(552) Eden regions: 611->0(611)
[2021-04-18T16:01:20.550-0700][gc,heap       ] GC(552) Survivor regions: 3->3(77)
[2021-04-18T16:01:20.550-0700][gc,heap       ] GC(552) Old regions: 109->109
[2021-04-18T16:01:20.550-0700][gc,heap       ] GC(552) Humongous regions: 129->129
[2021-04-18T16:01:20.550-0700][gc,metaspace  ] GC(552) Metaspace: 41501K->41501K(1087488K)
[2021-04-18T16:01:20.550-0700][gc            ] GC(552) Pause Young (Normal) (G1 Evacuation Pause) 849M->238M(1024M) 6.367ms
[2021-04-18T16:01:20.550-0700][gc,cpu        ] GC(552) User=0.04s Sys=0.00s Real=0.01s
[2021-04-18T16:04:40.237-0700][gc,start      ] GC(553) Pause Young (Normal) (G1 Evacuation Pause)
[2021-04-18T16:04:40.237-0700][gc,task       ] GC(553) Using 8 workers of 8 for evacuation
[2021-04-18T16:04:40.243-0700][gc,phases     ] GC(553)   Pre Evacuate Collection Set: 0.0ms
[2021-04-18T16:04:40.243-0700][gc,phases     ] GC(553)   Evacuate Collection Set: 4.3ms
[2021-04-18T16:04:40.243-0700][gc,phases     ] GC(553)   Post Evacuate Collection Set: 1.3ms
[2021-04-18T16:04:40.243-0700][gc,phases     ] GC(553)   Other: 0.5ms
[2021-04-18T16:04:40.243-0700][gc,heap       ] GC(553) Eden regions: 611->0(612)
[2021-04-18T16:04:40.243-0700][gc,heap       ] GC(553) Survivor regions: 3->2(77)
[2021-04-18T16:04:40.243-0700][gc,heap       ] GC(553) Old regions: 109->109
[2021-04-18T16:04:40.243-0700][gc,heap       ] GC(553) Humongous regions: 129->129
[2021-04-18T16:04:40.243-0700][gc,metaspace  ] GC(553) Metaspace: 41501K->41501K(1087488K)
[2021-04-18T16:04:40.243-0700][gc            ] GC(553) Pause Young (Normal) (G1 Evacuation Pause) 849M->238M(1024M) 6.358ms
[2021-04-18T16:04:40.243-0700][gc,cpu        ] GC(553) User=0.04s Sys=0.00s Real=0.00s
[2021-04-18T16:08:00.378-0700][gc,start      ] GC(554) Pause Young (Normal) (G1 Evacuation Pause)
[2021-04-18T16:08:00.378-0700][gc,task       ] GC(554) Using 8 workers of 8 for evacuation
[2021-04-18T16:08:00.385-0700][gc,phases     ] GC(554)   Pre Evacuate Collection Set: 0.0ms
[2021-04-18T16:08:00.385-0700][gc,phases     ] GC(554)   Evacuate Collection Set: 4.7ms
[2021-04-18T16:08:00.385-0700][gc,phases     ] GC(554)   Post Evacuate Collection Set: 1.4ms
[2021-04-18T16:08:00.385-0700][gc,phases     ] GC(554)   Other: 0.5ms
[2021-04-18T16:08:00.385-0700][gc,heap       ] GC(554) Eden regions: 612->0(611)
[2021-04-18T16:08:00.385-0700][gc,heap       ] GC(554) Survivor regions: 2->3(77)
[2021-04-18T16:08:00.385-0700][gc,heap       ] GC(554) Old regions: 109->109
[2021-04-18T16:08:00.385-0700][gc,heap       ] GC(554) Humongous regions: 129->129
[2021-04-18T16:08:00.385-0700][gc,metaspace  ] GC(554) Metaspace: 41501K->41501K(1087488K)
[2021-04-18T16:08:00.385-0700][gc            ] GC(554) Pause Young (Normal) (G1 Evacuation Pause) 850M->238M(1024M) 6.824ms
[2021-04-18T16:08:00.385-0700][gc,cpu        ] GC(554) User=0.04s Sys=0.00s Real=0.00s
[2021-04-18T16:11:20.133-0700][gc,start      ] GC(555) Pause Young (Normal) (G1 Evacuation Pause)
[2021-04-18T16:11:20.133-0700][gc,task       ] GC(555) Using 8 workers of 8 for evacuation
[2021-04-18T16:11:20.139-0700][gc,phases     ] GC(555)   Pre Evacuate Collection Set: 0.0ms
[2021-04-18T16:11:20.140-0700][gc,phases     ] GC(555)   Evacuate Collection Set: 4.5ms
[2021-04-18T16:11:20.140-0700][gc,phases     ] GC(555)   Post Evacuate Collection Set: 1.3ms
[2021-04-18T16:11:20.140-0700][gc,phases     ] GC(555)   Other: 0.5ms
[2021-04-18T16:11:20.140-0700][gc,heap       ] GC(555) Eden regions: 611->0(612)
[2021-04-18T16:11:20.140-0700][gc,heap       ] GC(555) Survivor regions: 3->2(77)
[2021-04-18T16:11:20.140-0700][gc,heap       ] GC(555) Old regions: 109->109
[2021-04-18T16:11:20.140-0700][gc,heap       ] GC(555) Humongous regions: 129->129
[2021-04-18T16:11:20.140-0700][gc,metaspace  ] GC(555) Metaspace: 41559K->41559K(1087488K)
[2021-04-18T16:11:20.140-0700][gc            ] GC(555) Pause Young (Normal) (G1 Evacuation Pause) 849M->238M(1024M) 6.547ms
[2021-04-18T16:11:20.140-0700][gc,cpu        ] GC(555) User=0.04s Sys=0.00s Real=0.01s
[2021-04-18T16:14:40.045-0700][gc,start      ] GC(556) Pause Young (Normal) (G1 Evacuation Pause)
[2021-04-18T16:14:40.045-0700][gc,task       ] GC(556) Using 8 workers of 8 for evacuation
[2021-04-18T16:14:40.051-0700][gc,phases     ] GC(556)   Pre Evacuate Collection Set: 0.0ms
[2021-04-18T16:14:40.051-0700][gc,phases     ] GC(556)   Evacuate Collection Set: 4.4ms
[2021-04-18T16:14:40.051-0700][gc,phases     ] GC(556)   Post Evacuate Collection Set: 1.3ms
[2021-04-18T16:14:40.051-0700][gc,phases     ] GC(556)   Other: 0.5ms
[2021-04-18T16:14:40.051-0700][gc,heap       ] GC(556) Eden regions: 612->0(611)
[2021-04-18T16:14:40.051-0700][gc,heap       ] GC(556) Survivor regions: 2->3(77)
[2021-04-18T16:14:40.051-0700][gc,heap       ] GC(556) Old regions: 109->109
[2021-04-18T16:14:40.051-0700][gc,heap       ] GC(556) Humongous regions: 129->129
[2021-04-18T16:14:40.052-0700][gc,metaspace  ] GC(556) Metaspace: 41559K->41559K(1087488K)
[2021-04-18T16:14:40.052-0700][gc            ] GC(556) Pause Young (Normal) (G1 Evacuation Pause) 850M->238M(1024M) 6.425ms
[2021-04-18T16:14:40.052-0700][gc,cpu        ] GC(556) User=0.04s Sys=0.00s Real=0.01s
[2021-04-18T16:18:00.023-0700][gc,start      ] GC(557) Pause Young (Normal) (G1 Evacuation Pause)
[2021-04-18T16:18:00.023-0700][gc,task       ] GC(557) Using 8 workers of 8 for evacuation
[2021-04-18T16:18:00.029-0700][gc,phases     ] GC(557)   Pre Evacuate Collection Set: 0.1ms
[2021-04-18T16:18:00.029-0700][gc,phases     ] GC(557)   Evacuate Collection Set: 4.6ms
[2021-04-18T16:18:00.029-0700][gc,phases     ] GC(557)   Post Evacuate Collection Set: 1.3ms
[2021-04-18T16:18:00.029-0700][gc,phases     ] GC(557)   Other: 0.7ms
[2021-04-18T16:18:00.029-0700][gc,heap       ] GC(557) Eden regions: 611->0(612)
[2021-04-18T16:18:00.029-0700][gc,heap       ] GC(557) Survivor regions: 3->2(77)
[2021-04-18T16:18:00.029-0700][gc,heap       ] GC(557) Old regions: 109->109
[2021-04-18T16:18:00.029-0700][gc,heap       ] GC(557) Humongous regions: 129->129
[2021-04-18T16:18:00.029-0700][gc,metaspace  ] GC(557) Metaspace: 41559K->41559K(1087488K)
[2021-04-18T16:18:00.030-0700][gc            ] GC(557) Pause Young (Normal) (G1 Evacuation Pause) 849M->238M(1024M) 6.783ms
[2021-04-18T16:18:00.030-0700][gc,cpu        ] GC(557) User=0.03s Sys=0.01s Real=0.01s
[2021-04-18T16:21:19.733-0700][gc,start      ] GC(558) Pause Young (Normal) (G1 Evacuation Pause)
[2021-04-18T16:21:19.733-0700][gc,task       ] GC(558) Using 8 workers of 8 for evacuation
[2021-04-18T16:21:19.739-0700][gc,phases     ] GC(558)   Pre Evacuate Collection Set: 0.0ms
[2021-04-18T16:21:19.739-0700][gc,phases     ] GC(558)   Evacuate Collection Set: 4.4ms
[2021-04-18T16:21:19.739-0700][gc,phases     ] GC(558)   Post Evacuate Collection Set: 1.3ms
[2021-04-18T16:21:19.739-0700][gc,phases     ] GC(558)   Other: 0.5ms
[2021-04-18T16:21:19.739-0700][gc,heap       ] GC(558) Eden regions: 612->0(612)
[2021-04-18T16:21:19.739-0700][gc,heap       ] GC(558) Survivor regions: 2->2(77)
[2021-04-18T16:21:19.739-0700][gc,heap       ] GC(558) Old regions: 109->109
[2021-04-18T16:21:19.739-0700][gc,heap       ] GC(558) Humongous regions: 129->129
[2021-04-18T16:21:19.739-0700][gc,metaspace  ] GC(558) Metaspace: 41559K->41559K(1087488K)
[2021-04-18T16:21:19.739-0700][gc            ] GC(558) Pause Young (Normal) (G1 Evacuation Pause) 850M->238M(1024M) 6.418ms
[2021-04-18T16:21:19.739-0700][gc,cpu        ] GC(558) User=0.03s Sys=0.00s Real=0.01s
[2021-04-18T16:24:39.672-0700][gc,start      ] GC(559) Pause Young (Normal) (G1 Evacuation Pause)
[2021-04-18T16:24:39.672-0700][gc,task       ] GC(559) Using 8 workers of 8 for evacuation
[2021-04-18T16:24:39.682-0700][gc,phases     ] GC(559)   Pre Evacuate Collection Set: 0.0ms
[2021-04-18T16:24:39.682-0700][gc,phases     ] GC(559)   Evacuate Collection Set: 8.6ms
[2021-04-18T16:24:39.682-0700][gc,phases     ] GC(559)   Post Evacuate Collection Set: 1.4ms
[2021-04-18T16:24:39.682-0700][gc,phases     ] GC(559)   Other: 0.5ms
[2021-04-18T16:24:39.682-0700][gc,heap       ] GC(559) Eden regions: 612->0(611)
[2021-04-18T16:24:39.682-0700][gc,heap       ] GC(559) Survivor regions: 2->3(77)
[2021-04-18T16:24:39.682-0700][gc,heap       ] GC(559) Old regions: 109->109
[2021-04-18T16:24:39.682-0700][gc,heap       ] GC(559) Humongous regions: 129->129
[2021-04-18T16:24:39.682-0700][gc,metaspace  ] GC(559) Metaspace: 41559K->41559K(1087488K)
[2021-04-18T16:24:39.682-0700][gc            ] GC(559) Pause Young (Normal) (G1 Evacuation Pause) 850M->238M(1024M) 10.798ms
[2021-04-18T16:24:39.682-0700][gc,cpu        ] GC(559) User=0.05s Sys=0.00s Real=0.01s
[2021-04-18T16:27:59.553-0700][gc,start      ] GC(560) Pause Young (Normal) (G1 Evacuation Pause)
[2021-04-18T16:27:59.553-0700][gc,task       ] GC(560) Using 8 workers of 8 for evacuation
[2021-04-18T16:27:59.561-0700][gc,phases     ] GC(560)   Pre Evacuate Collection Set: 0.0ms
[2021-04-18T16:27:59.561-0700][gc,phases     ] GC(560)   Evacuate Collection Set: 6.3ms
[2021-04-18T16:27:59.561-0700][gc,phases     ] GC(560)   Post Evacuate Collection Set: 1.3ms
[2021-04-18T16:27:59.561-0700][gc,phases     ] GC(560)   Other: 0.5ms
[2021-04-18T16:27:59.561-0700][gc,heap       ] GC(560) Eden regions: 611->0(610)
[2021-04-18T16:27:59.561-0700][gc,heap       ] GC(560) Survivor regions: 3->4(77)
[2021-04-18T16:27:59.561-0700][gc,heap       ] GC(560) Old regions: 109->109
[2021-04-18T16:27:59.562-0700][gc,heap       ] GC(560) Humongous regions: 129->129
[2021-04-18T16:27:59.562-0700][gc,metaspace  ] GC(560) Metaspace: 41559K->41559K(1087488K)
[2021-04-18T16:27:59.562-0700][gc            ] GC(560) Pause Young (Normal) (G1 Evacuation Pause) 849M->239M(1024M) 8.312ms
[2021-04-18T16:27:59.562-0700][gc,cpu        ] GC(560) User=0.03s Sys=0.02s Real=0.01s
[2021-04-18T16:31:19.139-0700][gc,start      ] GC(561) Pause Young (Normal) (G1 Evacuation Pause)
[2021-04-18T16:31:19.139-0700][gc,task       ] GC(561) Using 8 workers of 8 for evacuation
[2021-04-18T16:31:19.147-0700][gc,phases     ] GC(561)   Pre Evacuate Collection Set: 0.0ms
[2021-04-18T16:31:19.147-0700][gc,phases     ] GC(561)   Evacuate Collection Set: 6.1ms
[2021-04-18T16:31:19.147-0700][gc,phases     ] GC(561)   Post Evacuate Collection Set: 1.2ms
[2021-04-18T16:31:19.147-0700][gc,phases     ] GC(561)   Other: 0.5ms
[2021-04-18T16:31:19.147-0700][gc,heap       ] GC(561) Eden regions: 610->0(610)
[2021-04-18T16:31:19.147-0700][gc,heap       ] GC(561) Survivor regions: 4->4(77)
[2021-04-18T16:31:19.147-0700][gc,heap       ] GC(561) Old regions: 109->109
[2021-04-18T16:31:19.147-0700][gc,heap       ] GC(561) Humongous regions: 129->129
[2021-04-18T16:31:19.147-0700][gc,metaspace  ] GC(561) Metaspace: 41559K->41559K(1087488K)
[2021-04-18T16:31:19.147-0700][gc            ] GC(561) Pause Young (Normal) (G1 Evacuation Pause) 849M->239M(1024M) 8.036ms
[2021-04-18T16:31:19.147-0700][gc,cpu        ] GC(561) User=0.05s Sys=0.00s Real=0.00s
[2021-04-18T16:34:38.673-0700][gc,start      ] GC(562) Pause Young (Normal) (G1 Evacuation Pause)
[2021-04-18T16:34:38.673-0700][gc,task       ] GC(562) Using 8 workers of 8 for evacuation
[2021-04-18T16:34:38.680-0700][gc,phases     ] GC(562)   Pre Evacuate Collection Set: 0.0ms
[2021-04-18T16:34:38.680-0700][gc,phases     ] GC(562)   Evacuate Collection Set: 5.9ms
[2021-04-18T16:34:38.680-0700][gc,phases     ] GC(562)   Post Evacuate Collection Set: 1.4ms
[2021-04-18T16:34:38.681-0700][gc,phases     ] GC(562)   Other: 0.5ms
[2021-04-18T16:34:38.681-0700][gc,heap       ] GC(562) Eden regions: 610->0(610)
[2021-04-18T16:34:38.681-0700][gc,heap       ] GC(562) Survivor regions: 4->4(77)
[2021-04-18T16:34:38.681-0700][gc,heap       ] GC(562) Old regions: 109->109
[2021-04-18T16:34:38.681-0700][gc,heap       ] GC(562) Humongous regions: 129->129
[2021-04-18T16:34:38.681-0700][gc,metaspace  ] GC(562) Metaspace: 41559K->41559K(1087488K)
[2021-04-18T16:34:38.681-0700][gc            ] GC(562) Pause Young (Normal) (G1 Evacuation Pause) 849M->239M(1024M) 8.053ms
[2021-04-18T16:34:38.681-0700][gc,cpu        ] GC(562) User=0.05s Sys=0.00s Real=0.01s
[2021-04-18T16:37:58.417-0700][gc,start      ] GC(563) Pause Young (Normal) (G1 Evacuation Pause)
[2021-04-18T16:37:58.417-0700][gc,task       ] GC(563) Using 8 workers of 8 for evacuation
[2021-04-18T16:37:58.424-0700][gc,phases     ] GC(563)   Pre Evacuate Collection Set: 0.0ms
[2021-04-18T16:37:58.424-0700][gc,phases     ] GC(563)   Evacuate Collection Set: 5.7ms
[2021-04-18T16:37:58.424-0700][gc,phases     ] GC(563)   Post Evacuate Collection Set: 1.2ms
[2021-04-18T16:37:58.424-0700][gc,phases     ] GC(563)   Other: 0.5ms
[2021-04-18T16:37:58.424-0700][gc,heap       ] GC(563) Eden regions: 610->0(610)
[2021-04-18T16:37:58.424-0700][gc,heap       ] GC(563) Survivor regions: 4->4(77)
[2021-04-18T16:37:58.424-0700][gc,heap       ] GC(563) Old regions: 109->109
[2021-04-18T16:37:58.425-0700][gc,heap       ] GC(563) Humongous regions: 129->129
[2021-04-18T16:37:58.425-0700][gc,metaspace  ] GC(563) Metaspace: 41559K->41559K(1087488K)
[2021-04-18T16:37:58.425-0700][gc            ] GC(563) Pause Young (Normal) (G1 Evacuation Pause) 849M->239M(1024M) 7.667ms
[2021-04-18T16:37:58.425-0700][gc,cpu        ] GC(563) User=0.05s Sys=0.01s Real=0.00s
[2021-04-18T16:41:17.882-0700][gc,start      ] GC(564) Pause Young (Normal) (G1 Evacuation Pause)
[2021-04-18T16:41:17.883-0700][gc,task       ] GC(564) Using 8 workers of 8 for evacuation
[2021-04-18T16:41:17.890-0700][gc,phases     ] GC(564)   Pre Evacuate Collection Set: 0.0ms
[2021-04-18T16:41:17.890-0700][gc,phases     ] GC(564)   Evacuate Collection Set: 5.4ms
[2021-04-18T16:41:17.890-0700][gc,phases     ] GC(564)   Post Evacuate Collection Set: 1.3ms
[2021-04-18T16:41:17.890-0700][gc,phases     ] GC(564)   Other: 0.5ms
[2021-04-18T16:41:17.890-0700][gc,heap       ] GC(564) Eden regions: 610->0(611)
[2021-04-18T16:41:17.890-0700][gc,heap       ] GC(564) Survivor regions: 4->3(77)
[2021-04-18T16:41:17.890-0700][gc,heap       ] GC(564) Old regions: 109->109
[2021-04-18T16:41:17.890-0700][gc,heap       ] GC(564) Humongous regions: 129->129
[2021-04-18T16:41:17.890-0700][gc,metaspace  ] GC(564) Metaspace: 41559K->41559K(1087488K)
[2021-04-18T16:41:17.890-0700][gc            ] GC(564) Pause Young (Normal) (G1 Evacuation Pause) 849M->239M(1024M) 7.490ms
[2021-04-18T16:41:17.890-0700][gc,cpu        ] GC(564) User=0.04s Sys=0.01s Real=0.01s
[2021-04-18T16:44:37.548-0700][gc,start      ] GC(565) Pause Young (Normal) (G1 Evacuation Pause)
[2021-04-18T16:44:37.548-0700][gc,task       ] GC(565) Using 8 workers of 8 for evacuation
[2021-04-18T16:44:37.555-0700][gc,phases     ] GC(565)   Pre Evacuate Collection Set: 0.0ms
[2021-04-18T16:44:37.555-0700][gc,phases     ] GC(565)   Evacuate Collection Set: 5.4ms
[2021-04-18T16:44:37.555-0700][gc,phases     ] GC(565)   Post Evacuate Collection Set: 1.5ms
[2021-04-18T16:44:37.555-0700][gc,phases     ] GC(565)   Other: 0.5ms
[2021-04-18T16:44:37.555-0700][gc,heap       ] GC(565) Eden regions: 611->0(611)
[2021-04-18T16:44:37.555-0700][gc,heap       ] GC(565) Survivor regions: 3->3(77)
[2021-04-18T16:44:37.555-0700][gc,heap       ] GC(565) Old regions: 109->109
[2021-04-18T16:44:37.555-0700][gc,heap       ] GC(565) Humongous regions: 129->129
[2021-04-18T16:44:37.555-0700][gc,metaspace  ] GC(565) Metaspace: 41559K->41559K(1087488K)
[2021-04-18T16:44:37.555-0700][gc            ] GC(565) Pause Young (Normal) (G1 Evacuation Pause) 850M->239M(1024M) 7.634ms
[2021-04-18T16:44:37.555-0700][gc,cpu        ] GC(565) User=0.05s Sys=0.00s Real=0.01s
[2021-04-18T16:47:57.424-0700][gc,start      ] GC(566) Pause Young (Normal) (G1 Evacuation Pause)
[2021-04-18T16:47:57.424-0700][gc,task       ] GC(566) Using 8 workers of 8 for evacuation
[2021-04-18T16:47:57.431-0700][gc,phases     ] GC(566)   Pre Evacuate Collection Set: 0.0ms
[2021-04-18T16:47:57.431-0700][gc,phases     ] GC(566)   Evacuate Collection Set: 5.4ms
[2021-04-18T16:47:57.431-0700][gc,phases     ] GC(566)   Post Evacuate Collection Set: 1.1ms
[2021-04-18T16:47:57.431-0700][gc,phases     ] GC(566)   Other: 0.5ms
[2021-04-18T16:47:57.431-0700][gc,heap       ] GC(566) Eden regions: 611->0(611)
[2021-04-18T16:47:57.431-0700][gc,heap       ] GC(566) Survivor regions: 3->3(77)
[2021-04-18T16:47:57.431-0700][gc,heap       ] GC(566) Old regions: 109->109
[2021-04-18T16:47:57.431-0700][gc,heap       ] GC(566) Humongous regions: 129->129
[2021-04-18T16:47:57.431-0700][gc,metaspace  ] GC(566) Metaspace: 41559K->41559K(1087488K)
[2021-04-18T16:47:57.431-0700][gc            ] GC(566) Pause Young (Normal) (G1 Evacuation Pause) 850M->239M(1024M) 7.205ms
[2021-04-18T16:47:57.431-0700][gc,cpu        ] GC(566) User=0.05s Sys=0.00s Real=0.01s
[2021-04-18T16:51:16.976-0700][gc,start      ] GC(567) Pause Young (Normal) (G1 Evacuation Pause)
[2021-04-18T16:51:16.976-0700][gc,task       ] GC(567) Using 8 workers of 8 for evacuation
[2021-04-18T16:51:16.984-0700][gc,phases     ] GC(567)   Pre Evacuate Collection Set: 0.1ms
[2021-04-18T16:51:16.984-0700][gc,phases     ] GC(567)   Evacuate Collection Set: 5.5ms
[2021-04-18T16:51:16.984-0700][gc,phases     ] GC(567)   Post Evacuate Collection Set: 1.2ms
[2021-04-18T16:51:16.984-0700][gc,phases     ] GC(567)   Other: 0.7ms
[2021-04-18T16:51:16.984-0700][gc,heap       ] GC(567) Eden regions: 611->0(611)
[2021-04-18T16:51:16.984-0700][gc,heap       ] GC(567) Survivor regions: 3->3(77)
[2021-04-18T16:51:16.984-0700][gc,heap       ] GC(567) Old regions: 109->109
[2021-04-18T16:51:16.984-0700][gc,heap       ] GC(567) Humongous regions: 129->129
[2021-04-18T16:51:16.984-0700][gc,metaspace  ] GC(567) Metaspace: 41559K->41559K(1087488K)
[2021-04-18T16:51:16.984-0700][gc            ] GC(567) Pause Young (Normal) (G1 Evacuation Pause) 850M->239M(1024M) 7.622ms
[2021-04-18T16:51:16.984-0700][gc,cpu        ] GC(567) User=0.04s Sys=0.01s Real=0.01s
[2021-04-18T16:54:35.522-0700][gc,start      ] GC(568) Pause Young (Normal) (G1 Evacuation Pause)
[2021-04-18T16:54:35.522-0700][gc,task       ] GC(568) Using 8 workers of 8 for evacuation
[2021-04-18T16:54:35.527-0700][gc,phases     ] GC(568)   Pre Evacuate Collection Set: 0.0ms
[2021-04-18T16:54:35.528-0700][gc,phases     ] GC(568)   Evacuate Collection Set: 4.4ms
[2021-04-18T16:54:35.528-0700][gc,phases     ] GC(568)   Post Evacuate Collection Set: 1.1ms
[2021-04-18T16:54:35.528-0700][gc,phases     ] GC(568)   Other: 0.5ms
[2021-04-18T16:54:35.528-0700][gc,heap       ] GC(568) Eden regions: 611->0(612)
[2021-04-18T16:54:35.528-0700][gc,heap       ] GC(568) Survivor regions: 3->2(77)
[2021-04-18T16:54:35.528-0700][gc,heap       ] GC(568) Old regions: 109->109
[2021-04-18T16:54:35.528-0700][gc,heap       ] GC(568) Humongous regions: 129->129
[2021-04-18T16:54:35.528-0700][gc,metaspace  ] GC(568) Metaspace: 41559K->41559K(1087488K)
[2021-04-18T16:54:35.528-0700][gc            ] GC(568) Pause Young (Normal) (G1 Evacuation Pause) 850M->238M(1024M) 6.214ms
[2021-04-18T16:54:35.528-0700][gc,cpu        ] GC(568) User=0.03s Sys=0.00s Real=0.00s
[2021-04-18T16:57:55.713-0700][gc,start      ] GC(569) Pause Young (Normal) (G1 Evacuation Pause)
[2021-04-18T16:57:55.713-0700][gc,task       ] GC(569) Using 8 workers of 8 for evacuation
[2021-04-18T16:57:55.720-0700][gc,phases     ] GC(569)   Pre Evacuate Collection Set: 0.0ms
[2021-04-18T16:57:55.720-0700][gc,phases     ] GC(569)   Evacuate Collection Set: 4.8ms
[2021-04-18T16:57:55.720-0700][gc,phases     ] GC(569)   Post Evacuate Collection Set: 1.2ms
[2021-04-18T16:57:55.720-0700][gc,phases     ] GC(569)   Other: 0.5ms
[2021-04-18T16:57:55.720-0700][gc,heap       ] GC(569) Eden regions: 612->0(611)
[2021-04-18T16:57:55.720-0700][gc,heap       ] GC(569) Survivor regions: 2->3(77)
[2021-04-18T16:57:55.720-0700][gc,heap       ] GC(569) Old regions: 109->109
[2021-04-18T16:57:55.720-0700][gc,heap       ] GC(569) Humongous regions: 129->129
[2021-04-18T16:57:55.720-0700][gc,metaspace  ] GC(569) Metaspace: 41559K->41559K(1087488K)
[2021-04-18T16:57:55.720-0700][gc            ] GC(569) Pause Young (Normal) (G1 Evacuation Pause) 850M->238M(1024M) 6.679ms
[2021-04-18T16:57:55.720-0700][gc,cpu        ] GC(569) User=0.04s Sys=0.01s Real=0.01s
[2021-04-18T17:01:15.334-0700][gc,start      ] GC(570) Pause Young (Normal) (G1 Evacuation Pause)
[2021-04-18T17:01:15.334-0700][gc,task       ] GC(570) Using 8 workers of 8 for evacuation
[2021-04-18T17:01:15.340-0700][gc,phases     ] GC(570)   Pre Evacuate Collection Set: 0.0ms
[2021-04-18T17:01:15.340-0700][gc,phases     ] GC(570)   Evacuate Collection Set: 4.4ms
[2021-04-18T17:01:15.340-0700][gc,phases     ] GC(570)   Post Evacuate Collection Set: 1.1ms
[2021-04-18T17:01:15.340-0700][gc,phases     ] GC(570)   Other: 0.5ms
[2021-04-18T17:01:15.340-0700][gc,heap       ] GC(570) Eden regions: 611->0(611)
[2021-04-18T17:01:15.340-0700][gc,heap       ] GC(570) Survivor regions: 3->3(77)
[2021-04-18T17:01:15.340-0700][gc,heap       ] GC(570) Old regions: 109->109
[2021-04-18T17:01:15.340-0700][gc,heap       ] GC(570) Humongous regions: 129->129
[2021-04-18T17:01:15.340-0700][gc,metaspace  ] GC(570) Metaspace: 41559K->41559K(1087488K)
[2021-04-18T17:01:15.341-0700][gc            ] GC(570) Pause Young (Normal) (G1 Evacuation Pause) 849M->238M(1024M) 6.281ms
[2021-04-18T17:01:15.341-0700][gc,cpu        ] GC(570) User=0.04s Sys=0.00s Real=0.01s
[2021-04-18T17:04:34.757-0700][gc,start      ] GC(571) Pause Young (Normal) (G1 Evacuation Pause)
[2021-04-18T17:04:34.757-0700][gc,task       ] GC(571) Using 8 workers of 8 for evacuation
[2021-04-18T17:04:34.764-0700][gc,phases     ] GC(571)   Pre Evacuate Collection Set: 0.1ms
[2021-04-18T17:04:34.764-0700][gc,phases     ] GC(571)   Evacuate Collection Set: 4.5ms
[2021-04-18T17:04:34.764-0700][gc,phases     ] GC(571)   Post Evacuate Collection Set: 1.3ms
[2021-04-18T17:04:34.764-0700][gc,phases     ] GC(571)   Other: 0.5ms
[2021-04-18T17:04:34.764-0700][gc,heap       ] GC(571) Eden regions: 611->0(612)
[2021-04-18T17:04:34.764-0700][gc,heap       ] GC(571) Survivor regions: 3->2(77)
[2021-04-18T17:04:34.764-0700][gc,heap       ] GC(571) Old regions: 109->109
[2021-04-18T17:04:34.764-0700][gc,heap       ] GC(571) Humongous regions: 129->129
[2021-04-18T17:04:34.764-0700][gc,metaspace  ] GC(571) Metaspace: 41559K->41559K(1087488K)
[2021-04-18T17:04:34.764-0700][gc            ] GC(571) Pause Young (Normal) (G1 Evacuation Pause) 849M->238M(1024M) 6.629ms
[2021-04-18T17:04:34.764-0700][gc,cpu        ] GC(571) User=0.04s Sys=0.00s Real=0.00s
[2021-04-18T17:07:54.383-0700][gc,start      ] GC(572) Pause Young (Normal) (G1 Evacuation Pause)
[2021-04-18T17:07:54.383-0700][gc,task       ] GC(572) Using 8 workers of 8 for evacuation
[2021-04-18T17:07:54.391-0700][gc,phases     ] GC(572)   Pre Evacuate Collection Set: 0.1ms
[2021-04-18T17:07:54.391-0700][gc,phases     ] GC(572)   Evacuate Collection Set: 5.1ms
[2021-04-18T17:07:54.391-0700][gc,phases     ] GC(572)   Post Evacuate Collection Set: 1.7ms
[2021-04-18T17:07:54.391-0700][gc,phases     ] GC(572)   Other: 0.5ms
[2021-04-18T17:07:54.391-0700][gc,heap       ] GC(572) Eden regions: 612->0(612)
[2021-04-18T17:07:54.391-0700][gc,heap       ] GC(572) Survivor regions: 2->2(77)
[2021-04-18T17:07:54.391-0700][gc,heap       ] GC(572) Old regions: 109->109
[2021-04-18T17:07:54.391-0700][gc,heap       ] GC(572) Humongous regions: 129->129
[2021-04-18T17:07:54.391-0700][gc,metaspace  ] GC(572) Metaspace: 41563K->41563K(1087488K)
[2021-04-18T17:07:54.391-0700][gc            ] GC(572) Pause Young (Normal) (G1 Evacuation Pause) 850M->238M(1024M) 7.576ms
[2021-04-18T17:07:54.391-0700][gc,cpu        ] GC(572) User=0.05s Sys=0.00s Real=0.01s
[2021-04-18T17:11:14.222-0700][gc,start      ] GC(573) Pause Young (Normal) (G1 Evacuation Pause)
[2021-04-18T17:11:14.222-0700][gc,task       ] GC(573) Using 8 workers of 8 for evacuation
[2021-04-18T17:11:14.229-0700][gc,phases     ] GC(573)   Pre Evacuate Collection Set: 0.0ms
[2021-04-18T17:11:14.229-0700][gc,phases     ] GC(573)   Evacuate Collection Set: 4.4ms
[2021-04-18T17:11:14.229-0700][gc,phases     ] GC(573)   Post Evacuate Collection Set: 1.5ms
[2021-04-18T17:11:14.229-0700][gc,phases     ] GC(573)   Other: 0.5ms
[2021-04-18T17:11:14.229-0700][gc,heap       ] GC(573) Eden regions: 612->0(612)
[2021-04-18T17:11:14.229-0700][gc,heap       ] GC(573) Survivor regions: 2->2(77)
[2021-04-18T17:11:14.229-0700][gc,heap       ] GC(573) Old regions: 109->109
[2021-04-18T17:11:14.229-0700][gc,heap       ] GC(573) Humongous regions: 129->129
[2021-04-18T17:11:14.229-0700][gc,metaspace  ] GC(573) Metaspace: 41563K->41563K(1087488K)
[2021-04-18T17:11:14.229-0700][gc            ] GC(573) Pause Young (Normal) (G1 Evacuation Pause) 850M->238M(1024M) 6.729ms
[2021-04-18T17:11:14.229-0700][gc,cpu        ] GC(573) User=0.04s Sys=0.00s Real=0.01s
[2021-04-18T17:14:33.863-0700][gc,start      ] GC(574) Pause Young (Normal) (G1 Evacuation Pause)
[2021-04-18T17:14:33.863-0700][gc,task       ] GC(574) Using 8 workers of 8 for evacuation
[2021-04-18T17:14:33.869-0700][gc,phases     ] GC(574)   Pre Evacuate Collection Set: 0.0ms
[2021-04-18T17:14:33.870-0700][gc,phases     ] GC(574)   Evacuate Collection Set: 4.4ms
[2021-04-18T17:14:33.870-0700][gc,phases     ] GC(574)   Post Evacuate Collection Set: 1.2ms
[2021-04-18T17:14:33.870-0700][gc,phases     ] GC(574)   Other: 0.5ms
[2021-04-18T17:14:33.870-0700][gc,heap       ] GC(574) Eden regions: 612->0(612)
[2021-04-18T17:14:33.870-0700][gc,heap       ] GC(574) Survivor regions: 2->2(77)
[2021-04-18T17:14:33.870-0700][gc,heap       ] GC(574) Old regions: 109->109
[2021-04-18T17:14:33.870-0700][gc,heap       ] GC(574) Humongous regions: 129->129
[2021-04-18T17:14:33.870-0700][gc,metaspace  ] GC(574) Metaspace: 41563K->41563K(1087488K)
[2021-04-18T17:14:33.870-0700][gc            ] GC(574) Pause Young (Normal) (G1 Evacuation Pause) 850M->238M(1024M) 6.404ms
[2021-04-18T17:14:33.870-0700][gc,cpu        ] GC(574) User=0.04s Sys=0.00s Real=0.01s
[2021-04-18T17:17:53.632-0700][gc,start      ] GC(575) Pause Young (Normal) (G1 Evacuation Pause)
[2021-04-18T17:17:53.632-0700][gc,task       ] GC(575) Using 8 workers of 8 for evacuation
[2021-04-18T17:17:53.646-0700][gc,phases     ] GC(575)   Pre Evacuate Collection Set: 0.1ms
[2021-04-18T17:17:53.646-0700][gc,phases     ] GC(575)   Evacuate Collection Set: 12.4ms
[2021-04-18T17:17:53.646-0700][gc,phases     ] GC(575)   Post Evacuate Collection Set: 0.8ms
[2021-04-18T17:17:53.646-0700][gc,phases     ] GC(575)   Other: 0.6ms
[2021-04-18T17:17:53.646-0700][gc,heap       ] GC(575) Eden regions: 612->0(612)
[2021-04-18T17:17:53.646-0700][gc,heap       ] GC(575) Survivor regions: 2->2(77)
[2021-04-18T17:17:53.646-0700][gc,heap       ] GC(575) Old regions: 109->109
[2021-04-18T17:17:53.646-0700][gc,heap       ] GC(575) Humongous regions: 129->129
[2021-04-18T17:17:53.646-0700][gc,metaspace  ] GC(575) Metaspace: 41565K->41565K(1087488K)
[2021-04-18T17:17:53.646-0700][gc            ] GC(575) Pause Young (Normal) (G1 Evacuation Pause) 850M->238M(1024M) 13.978ms
[2021-04-18T17:17:53.646-0700][gc,cpu        ] GC(575) User=0.03s Sys=0.00s Real=0.01s
[2021-04-18T17:21:13.286-0700][gc,start      ] GC(576) Pause Young (Normal) (G1 Evacuation Pause)
[2021-04-18T17:21:13.286-0700][gc,task       ] GC(576) Using 8 workers of 8 for evacuation
[2021-04-18T17:21:13.296-0700][gc,phases     ] GC(576)   Pre Evacuate Collection Set: 0.0ms
[2021-04-18T17:21:13.296-0700][gc,phases     ] GC(576)   Evacuate Collection Set: 8.0ms
[2021-04-18T17:21:13.296-0700][gc,phases     ] GC(576)   Post Evacuate Collection Set: 0.9ms
[2021-04-18T17:21:13.296-0700][gc,phases     ] GC(576)   Other: 0.5ms
[2021-04-18T17:21:13.296-0700][gc,heap       ] GC(576) Eden regions: 612->0(612)
[2021-04-18T17:21:13.296-0700][gc,heap       ] GC(576) Survivor regions: 2->2(77)
[2021-04-18T17:21:13.296-0700][gc,heap       ] GC(576) Old regions: 109->109
[2021-04-18T17:21:13.296-0700][gc,heap       ] GC(576) Humongous regions: 129->129
[2021-04-18T17:21:13.296-0700][gc,metaspace  ] GC(576) Metaspace: 41565K->41565K(1087488K)
[2021-04-18T17:21:13.296-0700][gc            ] GC(576) Pause Young (Normal) (G1 Evacuation Pause) 850M->238M(1024M) 9.654ms
[2021-04-18T17:21:13.296-0700][gc,cpu        ] GC(576) User=0.05s Sys=0.00s Real=0.01s
[2021-04-18T17:24:32.717-0700][gc,start      ] GC(577) Pause Young (Normal) (G1 Evacuation Pause)
[2021-04-18T17:24:32.717-0700][gc,task       ] GC(577) Using 8 workers of 8 for evacuation
[2021-04-18T17:24:32.723-0700][gc,phases     ] GC(577)   Pre Evacuate Collection Set: 0.0ms
[2021-04-18T17:24:32.723-0700][gc,phases     ] GC(577)   Evacuate Collection Set: 4.6ms
[2021-04-18T17:24:32.723-0700][gc,phases     ] GC(577)   Post Evacuate Collection Set: 1.3ms
[2021-04-18T17:24:32.723-0700][gc,phases     ] GC(577)   Other: 0.5ms
[2021-04-18T17:24:32.723-0700][gc,heap       ] GC(577) Eden regions: 612->0(612)
[2021-04-18T17:24:32.723-0700][gc,heap       ] GC(577) Survivor regions: 2->2(77)
[2021-04-18T17:24:32.723-0700][gc,heap       ] GC(577) Old regions: 109->109
[2021-04-18T17:24:32.723-0700][gc,heap       ] GC(577) Humongous regions: 129->129
[2021-04-18T17:24:32.723-0700][gc,metaspace  ] GC(577) Metaspace: 41565K->41565K(1087488K)
[2021-04-18T17:24:32.723-0700][gc            ] GC(577) Pause Young (Normal) (G1 Evacuation Pause) 850M->238M(1024M) 6.636ms
[2021-04-18T17:24:32.723-0700][gc,cpu        ] GC(577) User=0.04s Sys=0.00s Real=0.01s
[2021-04-18T17:27:52.554-0700][gc,start      ] GC(578) Pause Young (Normal) (G1 Evacuation Pause)
[2021-04-18T17:27:52.554-0700][gc,task       ] GC(578) Using 8 workers of 8 for evacuation
[2021-04-18T17:27:52.560-0700][gc,phases     ] GC(578)   Pre Evacuate Collection Set: 0.0ms
[2021-04-18T17:27:52.560-0700][gc,phases     ] GC(578)   Evacuate Collection Set: 4.4ms
[2021-04-18T17:27:52.560-0700][gc,phases     ] GC(578)   Post Evacuate Collection Set: 1.4ms
[2021-04-18T17:27:52.560-0700][gc,phases     ] GC(578)   Other: 0.5ms
[2021-04-18T17:27:52.561-0700][gc,heap       ] GC(578) Eden regions: 612->0(612)
[2021-04-18T17:27:52.561-0700][gc,heap       ] GC(578) Survivor regions: 2->2(77)
[2021-04-18T17:27:52.561-0700][gc,heap       ] GC(578) Old regions: 109->109
[2021-04-18T17:27:52.561-0700][gc,heap       ] GC(578) Humongous regions: 129->129
[2021-04-18T17:27:52.561-0700][gc,metaspace  ] GC(578) Metaspace: 41567K->41567K(1087488K)
[2021-04-18T17:27:52.561-0700][gc            ] GC(578) Pause Young (Normal) (G1 Evacuation Pause) 850M->238M(1024M) 6.538ms
[2021-04-18T17:27:52.561-0700][gc,cpu        ] GC(578) User=0.04s Sys=0.00s Real=0.01s
[2021-04-18T17:31:12.683-0700][gc,start      ] GC(579) Pause Young (Normal) (G1 Evacuation Pause)
[2021-04-18T17:31:12.683-0700][gc,task       ] GC(579) Using 8 workers of 8 for evacuation
[2021-04-18T17:31:12.689-0700][gc,phases     ] GC(579)   Pre Evacuate Collection Set: 0.0ms
[2021-04-18T17:31:12.689-0700][gc,phases     ] GC(579)   Evacuate Collection Set: 4.6ms
[2021-04-18T17:31:12.689-0700][gc,phases     ] GC(579)   Post Evacuate Collection Set: 1.4ms
[2021-04-18T17:31:12.689-0700][gc,phases     ] GC(579)   Other: 0.5ms
[2021-04-18T17:31:12.689-0700][gc,heap       ] GC(579) Eden regions: 612->0(611)
[2021-04-18T17:31:12.689-0700][gc,heap       ] GC(579) Survivor regions: 2->3(77)
[2021-04-18T17:31:12.689-0700][gc,heap       ] GC(579) Old regions: 109->109
[2021-04-18T17:31:12.689-0700][gc,heap       ] GC(579) Humongous regions: 129->129
[2021-04-18T17:31:12.689-0700][gc,metaspace  ] GC(579) Metaspace: 41567K->41567K(1087488K)
[2021-04-18T17:31:12.689-0700][gc            ] GC(579) Pause Young (Normal) (G1 Evacuation Pause) 850M->238M(1024M) 6.791ms
[2021-04-18T17:31:12.690-0700][gc,cpu        ] GC(579) User=0.04s Sys=0.00s Real=0.01s
[2021-04-18T17:34:32.369-0700][gc,start      ] GC(580) Pause Young (Normal) (G1 Evacuation Pause)
[2021-04-18T17:34:32.369-0700][gc,task       ] GC(580) Using 8 workers of 8 for evacuation
[2021-04-18T17:34:32.376-0700][gc,phases     ] GC(580)   Pre Evacuate Collection Set: 0.1ms
[2021-04-18T17:34:32.376-0700][gc,phases     ] GC(580)   Evacuate Collection Set: 4.5ms
[2021-04-18T17:34:32.376-0700][gc,phases     ] GC(580)   Post Evacuate Collection Set: 1.4ms
[2021-04-18T17:34:32.376-0700][gc,phases     ] GC(580)   Other: 0.6ms
[2021-04-18T17:34:32.376-0700][gc,heap       ] GC(580) Eden regions: 611->0(611)
[2021-04-18T17:34:32.376-0700][gc,heap       ] GC(580) Survivor regions: 3->3(77)
[2021-04-18T17:34:32.376-0700][gc,heap       ] GC(580) Old regions: 109->109
[2021-04-18T17:34:32.376-0700][gc,heap       ] GC(580) Humongous regions: 129->129
[2021-04-18T17:34:32.376-0700][gc,metaspace  ] GC(580) Metaspace: 41567K->41567K(1087488K)
[2021-04-18T17:34:32.376-0700][gc            ] GC(580) Pause Young (Normal) (G1 Evacuation Pause) 849M->238M(1024M) 6.733ms
[2021-04-18T17:34:32.376-0700][gc,cpu        ] GC(580) User=0.03s Sys=0.00s Real=0.00s
[2021-04-18T17:37:51.684-0700][gc,start      ] GC(581) Pause Young (Normal) (G1 Evacuation Pause)
[2021-04-18T17:37:51.684-0700][gc,task       ] GC(581) Using 8 workers of 8 for evacuation
[2021-04-18T17:37:51.691-0700][gc,phases     ] GC(581)   Pre Evacuate Collection Set: 0.0ms
[2021-04-18T17:37:51.691-0700][gc,phases     ] GC(581)   Evacuate Collection Set: 5.0ms
[2021-04-18T17:37:51.691-0700][gc,phases     ] GC(581)   Post Evacuate Collection Set: 1.4ms
[2021-04-18T17:37:51.691-0700][gc,phases     ] GC(581)   Other: 0.5ms
[2021-04-18T17:37:51.691-0700][gc,heap       ] GC(581) Eden regions: 611->0(611)
[2021-04-18T17:37:51.692-0700][gc,heap       ] GC(581) Survivor regions: 3->3(77)
[2021-04-18T17:37:51.692-0700][gc,heap       ] GC(581) Old regions: 109->109
[2021-04-18T17:37:51.692-0700][gc,heap       ] GC(581) Humongous regions: 129->129
[2021-04-18T17:37:51.692-0700][gc,metaspace  ] GC(581) Metaspace: 41570K->41570K(1087488K)
[2021-04-18T17:37:51.692-0700][gc            ] GC(581) Pause Young (Normal) (G1 Evacuation Pause) 849M->238M(1024M) 7.182ms
[2021-04-18T17:37:51.692-0700][gc,cpu        ] GC(581) User=0.04s Sys=0.00s Real=0.01s
[2021-04-18T17:41:11.170-0700][gc,start      ] GC(582) Pause Young (Normal) (G1 Evacuation Pause)
[2021-04-18T17:41:11.170-0700][gc,task       ] GC(582) Using 8 workers of 8 for evacuation
[2021-04-18T17:41:11.179-0700][gc,phases     ] GC(582)   Pre Evacuate Collection Set: 0.0ms
[2021-04-18T17:41:11.179-0700][gc,phases     ] GC(582)   Evacuate Collection Set: 6.7ms
[2021-04-18T17:41:11.179-0700][gc,phases     ] GC(582)   Post Evacuate Collection Set: 1.4ms
[2021-04-18T17:41:11.179-0700][gc,phases     ] GC(582)   Other: 0.5ms
[2021-04-18T17:41:11.179-0700][gc,heap       ] GC(582) Eden regions: 611->0(610)
[2021-04-18T17:41:11.179-0700][gc,heap       ] GC(582) Survivor regions: 3->4(77)
[2021-04-18T17:41:11.179-0700][gc,heap       ] GC(582) Old regions: 109->109
[2021-04-18T17:41:11.179-0700][gc,heap       ] GC(582) Humongous regions: 129->129
[2021-04-18T17:41:11.179-0700][gc,metaspace  ] GC(582) Metaspace: 41570K->41570K(1087488K)
[2021-04-18T17:41:11.179-0700][gc            ] GC(582) Pause Young (Normal) (G1 Evacuation Pause) 849M->239M(1024M) 8.796ms
[2021-04-18T17:41:11.179-0700][gc,cpu        ] GC(582) User=0.05s Sys=0.00s Real=0.01s
[2021-04-18T17:44:30.646-0700][gc,start      ] GC(583) Pause Young (Normal) (G1 Evacuation Pause)
[2021-04-18T17:44:30.646-0700][gc,task       ] GC(583) Using 8 workers of 8 for evacuation
[2021-04-18T17:44:30.654-0700][gc,phases     ] GC(583)   Pre Evacuate Collection Set: 0.0ms
[2021-04-18T17:44:30.654-0700][gc,phases     ] GC(583)   Evacuate Collection Set: 6.0ms
[2021-04-18T17:44:30.654-0700][gc,phases     ] GC(583)   Post Evacuate Collection Set: 1.3ms
[2021-04-18T17:44:30.654-0700][gc,phases     ] GC(583)   Other: 0.5ms
[2021-04-18T17:44:30.654-0700][gc,heap       ] GC(583) Eden regions: 610->0(610)
[2021-04-18T17:44:30.654-0700][gc,heap       ] GC(583) Survivor regions: 4->4(77)
[2021-04-18T17:44:30.654-0700][gc,heap       ] GC(583) Old regions: 109->109
[2021-04-18T17:44:30.654-0700][gc,heap       ] GC(583) Humongous regions: 129->129
[2021-04-18T17:44:30.654-0700][gc,metaspace  ] GC(583) Metaspace: 41570K->41570K(1087488K)
[2021-04-18T17:44:30.654-0700][gc            ] GC(583) Pause Young (Normal) (G1 Evacuation Pause) 849M->239M(1024M) 7.995ms
[2021-04-18T17:44:30.654-0700][gc,cpu        ] GC(583) User=0.04s Sys=0.00s Real=0.01s
[2021-04-18T17:47:50.334-0700][gc,start      ] GC(584) Pause Young (Normal) (G1 Evacuation Pause)
[2021-04-18T17:47:50.334-0700][gc,task       ] GC(584) Using 8 workers of 8 for evacuation
[2021-04-18T17:47:50.342-0700][gc,phases     ] GC(584)   Pre Evacuate Collection Set: 0.0ms
[2021-04-18T17:47:50.342-0700][gc,phases     ] GC(584)   Evacuate Collection Set: 5.6ms
[2021-04-18T17:47:50.342-0700][gc,phases     ] GC(584)   Post Evacuate Collection Set: 1.4ms
[2021-04-18T17:47:50.342-0700][gc,phases     ] GC(584)   Other: 0.5ms
[2021-04-18T17:47:50.342-0700][gc,heap       ] GC(584) Eden regions: 610->0(610)
[2021-04-18T17:47:50.342-0700][gc,heap       ] GC(584) Survivor regions: 4->4(77)
[2021-04-18T17:47:50.342-0700][gc,heap       ] GC(584) Old regions: 109->109
[2021-04-18T17:47:50.342-0700][gc,heap       ] GC(584) Humongous regions: 129->129
[2021-04-18T17:47:50.342-0700][gc,metaspace  ] GC(584) Metaspace: 41572K->41572K(1087488K)
[2021-04-18T17:47:50.342-0700][gc            ] GC(584) Pause Young (Normal) (G1 Evacuation Pause) 849M->239M(1024M) 7.713ms
[2021-04-18T17:47:50.342-0700][gc,cpu        ] GC(584) User=0.04s Sys=0.01s Real=0.01s
[2021-04-18T17:51:10.033-0700][gc,start      ] GC(585) Pause Young (Normal) (G1 Evacuation Pause)
[2021-04-18T17:51:10.033-0700][gc,task       ] GC(585) Using 8 workers of 8 for evacuation
[2021-04-18T17:51:10.040-0700][gc,phases     ] GC(585)   Pre Evacuate Collection Set: 0.0ms
[2021-04-18T17:51:10.040-0700][gc,phases     ] GC(585)   Evacuate Collection Set: 5.6ms
[2021-04-18T17:51:10.040-0700][gc,phases     ] GC(585)   Post Evacuate Collection Set: 1.3ms
[2021-04-18T17:51:10.040-0700][gc,phases     ] GC(585)   Other: 0.5ms
[2021-04-18T17:51:10.040-0700][gc,heap       ] GC(585) Eden regions: 610->0(611)
[2021-04-18T17:51:10.040-0700][gc,heap       ] GC(585) Survivor regions: 4->3(77)
[2021-04-18T17:51:10.040-0700][gc,heap       ] GC(585) Old regions: 109->109
[2021-04-18T17:51:10.041-0700][gc,heap       ] GC(585) Humongous regions: 129->129
[2021-04-18T17:51:10.041-0700][gc,metaspace  ] GC(585) Metaspace: 41572K->41572K(1087488K)
[2021-04-18T17:51:10.041-0700][gc            ] GC(585) Pause Young (Normal) (G1 Evacuation Pause) 849M->239M(1024M) 7.698ms
[2021-04-18T17:51:10.041-0700][gc,cpu        ] GC(585) User=0.04s Sys=0.00s Real=0.01s
[2021-04-18T17:54:29.230-0700][gc,start      ] GC(586) Pause Young (Normal) (G1 Evacuation Pause)
[2021-04-18T17:54:29.230-0700][gc,task       ] GC(586) Using 8 workers of 8 for evacuation
[2021-04-18T17:54:29.236-0700][gc,phases     ] GC(586)   Pre Evacuate Collection Set: 0.0ms
[2021-04-18T17:54:29.236-0700][gc,phases     ] GC(586)   Evacuate Collection Set: 4.9ms
[2021-04-18T17:54:29.236-0700][gc,phases     ] GC(586)   Post Evacuate Collection Set: 1.1ms
[2021-04-18T17:54:29.237-0700][gc,phases     ] GC(586)   Other: 0.5ms
[2021-04-18T17:54:29.237-0700][gc,heap       ] GC(586) Eden regions: 611->0(611)
[2021-04-18T17:54:29.237-0700][gc,heap       ] GC(586) Survivor regions: 3->3(77)
[2021-04-18T17:54:29.237-0700][gc,heap       ] GC(586) Old regions: 109->109
[2021-04-18T17:54:29.237-0700][gc,heap       ] GC(586) Humongous regions: 129->129
[2021-04-18T17:54:29.237-0700][gc,metaspace  ] GC(586) Metaspace: 41572K->41572K(1087488K)
[2021-04-18T17:54:29.237-0700][gc            ] GC(586) Pause Young (Normal) (G1 Evacuation Pause) 850M->239M(1024M) 6.723ms
[2021-04-18T17:54:29.237-0700][gc,cpu        ] GC(586) User=0.04s Sys=0.01s Real=0.00s
[2021-04-18T17:57:48.937-0700][gc,start      ] GC(587) Pause Young (Normal) (G1 Evacuation Pause)
[2021-04-18T17:57:48.937-0700][gc,task       ] GC(587) Using 8 workers of 8 for evacuation
[2021-04-18T17:57:48.944-0700][gc,phases     ] GC(587)   Pre Evacuate Collection Set: 0.0ms
[2021-04-18T17:57:48.944-0700][gc,phases     ] GC(587)   Evacuate Collection Set: 5.2ms
[2021-04-18T17:57:48.944-0700][gc,phases     ] GC(587)   Post Evacuate Collection Set: 1.2ms
[2021-04-18T17:57:48.944-0700][gc,phases     ] GC(587)   Other: 0.5ms
[2021-04-18T17:57:48.944-0700][gc,heap       ] GC(587) Eden regions: 611->0(611)
[2021-04-18T17:57:48.944-0700][gc,heap       ] GC(587) Survivor regions: 3->3(77)
[2021-04-18T17:57:48.944-0700][gc,heap       ] GC(587) Old regions: 109->109
[2021-04-18T17:57:48.944-0700][gc,heap       ] GC(587) Humongous regions: 129->129
[2021-04-18T17:57:48.944-0700][gc,metaspace  ] GC(587) Metaspace: 41573K->41573K(1087488K)
[2021-04-18T17:57:48.944-0700][gc            ] GC(587) Pause Young (Normal) (G1 Evacuation Pause) 850M->239M(1024M) 7.119ms
[2021-04-18T17:57:48.944-0700][gc,cpu        ] GC(587) User=0.04s Sys=0.01s Real=0.00s
[2021-04-18T18:01:08.823-0700][gc,start      ] GC(588) Pause Young (Normal) (G1 Evacuation Pause)
[2021-04-18T18:01:08.823-0700][gc,task       ] GC(588) Using 8 workers of 8 for evacuation
[2021-04-18T18:01:08.830-0700][gc,phases     ] GC(588)   Pre Evacuate Collection Set: 0.0ms
[2021-04-18T18:01:08.830-0700][gc,phases     ] GC(588)   Evacuate Collection Set: 4.8ms
[2021-04-18T18:01:08.830-0700][gc,phases     ] GC(588)   Post Evacuate Collection Set: 1.3ms
[2021-04-18T18:01:08.830-0700][gc,phases     ] GC(588)   Other: 0.5ms
[2021-04-18T18:01:08.830-0700][gc,heap       ] GC(588) Eden regions: 611->0(611)
[2021-04-18T18:01:08.830-0700][gc,heap       ] GC(588) Survivor regions: 3->3(77)
[2021-04-18T18:01:08.830-0700][gc,heap       ] GC(588) Old regions: 109->109
[2021-04-18T18:01:08.830-0700][gc,heap       ] GC(588) Humongous regions: 129->129
[2021-04-18T18:01:08.830-0700][gc,metaspace  ] GC(588) Metaspace: 41573K->41573K(1087488K)
[2021-04-18T18:01:08.830-0700][gc            ] GC(588) Pause Young (Normal) (G1 Evacuation Pause) 850M->239M(1024M) 7.018ms
[2021-04-18T18:01:08.830-0700][gc,cpu        ] GC(588) User=0.04s Sys=0.00s Real=0.01s
[2021-04-18T18:04:28.525-0700][gc,start      ] GC(589) Pause Young (Normal) (G1 Evacuation Pause)
[2021-04-18T18:04:28.525-0700][gc,task       ] GC(589) Using 8 workers of 8 for evacuation
[2021-04-18T18:04:28.532-0700][gc,phases     ] GC(589)   Pre Evacuate Collection Set: 0.0ms
[2021-04-18T18:04:28.532-0700][gc,phases     ] GC(589)   Evacuate Collection Set: 4.7ms
[2021-04-18T18:04:28.532-0700][gc,phases     ] GC(589)   Post Evacuate Collection Set: 1.4ms
[2021-04-18T18:04:28.532-0700][gc,phases     ] GC(589)   Other: 0.5ms
[2021-04-18T18:04:28.532-0700][gc,heap       ] GC(589) Eden regions: 611->0(611)
[2021-04-18T18:04:28.532-0700][gc,heap       ] GC(589) Survivor regions: 3->3(77)
[2021-04-18T18:04:28.532-0700][gc,heap       ] GC(589) Old regions: 109->109
[2021-04-18T18:04:28.532-0700][gc,heap       ] GC(589) Humongous regions: 129->129
[2021-04-18T18:04:28.532-0700][gc,metaspace  ] GC(589) Metaspace: 41574K->41574K(1087488K)
[2021-04-18T18:04:28.532-0700][gc            ] GC(589) Pause Young (Normal) (G1 Evacuation Pause) 850M->238M(1024M) 6.811ms
[2021-04-18T18:04:28.532-0700][gc,cpu        ] GC(589) User=0.04s Sys=0.00s Real=0.01s
[2021-04-18T18:07:48.222-0700][gc,start      ] GC(590) Pause Young (Normal) (G1 Evacuation Pause)
[2021-04-18T18:07:48.223-0700][gc,task       ] GC(590) Using 8 workers of 8 for evacuation
[2021-04-18T18:07:48.240-0700][gc,phases     ] GC(590)   Pre Evacuate Collection Set: 0.1ms
[2021-04-18T18:07:48.240-0700][gc,phases     ] GC(590)   Evacuate Collection Set: 15.0ms
[2021-04-18T18:07:48.240-0700][gc,phases     ] GC(590)   Post Evacuate Collection Set: 1.8ms
[2021-04-18T18:07:48.240-0700][gc,phases     ] GC(590)   Other: 0.7ms
[2021-04-18T18:07:48.240-0700][gc,heap       ] GC(590) Eden regions: 611->0(611)
[2021-04-18T18:07:48.240-0700][gc,heap       ] GC(590) Survivor regions: 3->3(77)
[2021-04-18T18:07:48.240-0700][gc,heap       ] GC(590) Old regions: 109->109
[2021-04-18T18:07:48.240-0700][gc,heap       ] GC(590) Humongous regions: 129->129
[2021-04-18T18:07:48.240-0700][gc,metaspace  ] GC(590) Metaspace: 41575K->41575K(1087488K)
[2021-04-18T18:07:48.241-0700][gc            ] GC(590) Pause Young (Normal) (G1 Evacuation Pause) 849M->238M(1024M) 18.019ms
[2021-04-18T18:07:48.241-0700][gc,cpu        ] GC(590) User=0.07s Sys=0.00s Real=0.02s
[2021-04-18T18:11:07.636-0700][gc,start      ] GC(591) Pause Young (Normal) (G1 Evacuation Pause)
[2021-04-18T18:11:07.636-0700][gc,task       ] GC(591) Using 8 workers of 8 for evacuation
[2021-04-18T18:11:07.643-0700][gc,phases     ] GC(591)   Pre Evacuate Collection Set: 0.0ms
[2021-04-18T18:11:07.643-0700][gc,phases     ] GC(591)   Evacuate Collection Set: 4.9ms
[2021-04-18T18:11:07.643-0700][gc,phases     ] GC(591)   Post Evacuate Collection Set: 1.3ms
[2021-04-18T18:11:07.643-0700][gc,phases     ] GC(591)   Other: 0.5ms
[2021-04-18T18:11:07.643-0700][gc,heap       ] GC(591) Eden regions: 611->0(611)
[2021-04-18T18:11:07.643-0700][gc,heap       ] GC(591) Survivor regions: 3->3(77)
[2021-04-18T18:11:07.643-0700][gc,heap       ] GC(591) Old regions: 109->109
[2021-04-18T18:11:07.643-0700][gc,heap       ] GC(591) Humongous regions: 129->129
[2021-04-18T18:11:07.643-0700][gc,metaspace  ] GC(591) Metaspace: 41575K->41575K(1087488K)
[2021-04-18T18:11:07.643-0700][gc            ] GC(591) Pause Young (Normal) (G1 Evacuation Pause) 849M->238M(1024M) 7.007ms
[2021-04-18T18:11:07.643-0700][gc,cpu        ] GC(591) User=0.04s Sys=0.00s Real=0.01s
[2021-04-18T18:14:27.119-0700][gc,start      ] GC(592) Pause Young (Normal) (G1 Evacuation Pause)
[2021-04-18T18:14:27.119-0700][gc,task       ] GC(592) Using 8 workers of 8 for evacuation
[2021-04-18T18:14:27.127-0700][gc,phases     ] GC(592)   Pre Evacuate Collection Set: 0.0ms
[2021-04-18T18:14:27.127-0700][gc,phases     ] GC(592)   Evacuate Collection Set: 6.2ms
[2021-04-18T18:14:27.127-0700][gc,phases     ] GC(592)   Post Evacuate Collection Set: 1.5ms
[2021-04-18T18:14:27.127-0700][gc,phases     ] GC(592)   Other: 0.5ms
[2021-04-18T18:14:27.127-0700][gc,heap       ] GC(592) Eden regions: 611->0(611)
[2021-04-18T18:14:27.127-0700][gc,heap       ] GC(592) Survivor regions: 3->3(77)
[2021-04-18T18:14:27.127-0700][gc,heap       ] GC(592) Old regions: 109->109
[2021-04-18T18:14:27.127-0700][gc,heap       ] GC(592) Humongous regions: 129->129
[2021-04-18T18:14:27.127-0700][gc,metaspace  ] GC(592) Metaspace: 41575K->41575K(1087488K)
[2021-04-18T18:14:27.127-0700][gc            ] GC(592) Pause Young (Normal) (G1 Evacuation Pause) 849M->238M(1024M) 8.573ms
[2021-04-18T18:14:27.127-0700][gc,cpu        ] GC(592) User=0.04s Sys=0.00s Real=0.00s
[2021-04-18T18:17:46.434-0700][gc,start      ] GC(593) Pause Young (Normal) (G1 Evacuation Pause)
[2021-04-18T18:17:46.434-0700][gc,task       ] GC(593) Using 8 workers of 8 for evacuation
[2021-04-18T18:17:46.441-0700][gc,phases     ] GC(593)   Pre Evacuate Collection Set: 0.0ms
[2021-04-18T18:17:46.441-0700][gc,phases     ] GC(593)   Evacuate Collection Set: 5.2ms
[2021-04-18T18:17:46.442-0700][gc,phases     ] GC(593)   Post Evacuate Collection Set: 1.6ms
[2021-04-18T18:17:46.442-0700][gc,phases     ] GC(593)   Other: 0.5ms
[2021-04-18T18:17:46.442-0700][gc,heap       ] GC(593) Eden regions: 611->0(612)
[2021-04-18T18:17:46.442-0700][gc,heap       ] GC(593) Survivor regions: 3->2(77)
[2021-04-18T18:17:46.442-0700][gc,heap       ] GC(593) Old regions: 109->110
[2021-04-18T18:17:46.442-0700][gc,heap       ] GC(593) Humongous regions: 129->129
[2021-04-18T18:17:46.442-0700][gc,metaspace  ] GC(593) Metaspace: 41575K->41575K(1087488K)
[2021-04-18T18:17:46.442-0700][gc            ] GC(593) Pause Young (Normal) (G1 Evacuation Pause) 849M->238M(1024M) 7.749ms
[2021-04-18T18:17:46.442-0700][gc,cpu        ] GC(593) User=0.04s Sys=0.00s Real=0.01s
[2021-04-18T18:21:06.546-0700][gc,start      ] GC(594) Pause Young (Normal) (G1 Evacuation Pause)
[2021-04-18T18:21:06.546-0700][gc,task       ] GC(594) Using 8 workers of 8 for evacuation
[2021-04-18T18:21:06.552-0700][gc,phases     ] GC(594)   Pre Evacuate Collection Set: 0.0ms
[2021-04-18T18:21:06.552-0700][gc,phases     ] GC(594)   Evacuate Collection Set: 4.4ms
[2021-04-18T18:21:06.552-0700][gc,phases     ] GC(594)   Post Evacuate Collection Set: 1.2ms
[2021-04-18T18:21:06.552-0700][gc,phases     ] GC(594)   Other: 0.5ms
[2021-04-18T18:21:06.552-0700][gc,heap       ] GC(594) Eden regions: 612->0(612)
[2021-04-18T18:21:06.552-0700][gc,heap       ] GC(594) Survivor regions: 2->2(77)
[2021-04-18T18:21:06.552-0700][gc,heap       ] GC(594) Old regions: 110->110
[2021-04-18T18:21:06.552-0700][gc,heap       ] GC(594) Humongous regions: 129->129
[2021-04-18T18:21:06.552-0700][gc,metaspace  ] GC(594) Metaspace: 41575K->41575K(1087488K)
[2021-04-18T18:21:06.552-0700][gc            ] GC(594) Pause Young (Normal) (G1 Evacuation Pause) 850M->238M(1024M) 6.399ms
[2021-04-18T18:21:06.552-0700][gc,cpu        ] GC(594) User=0.03s Sys=0.01s Real=0.01s
[2021-04-18T18:24:26.554-0700][gc,start      ] GC(595) Pause Young (Normal) (G1 Evacuation Pause)
[2021-04-18T18:24:26.554-0700][gc,task       ] GC(595) Using 8 workers of 8 for evacuation
[2021-04-18T18:24:26.561-0700][gc,phases     ] GC(595)   Pre Evacuate Collection Set: 0.0ms
[2021-04-18T18:24:26.561-0700][gc,phases     ] GC(595)   Evacuate Collection Set: 4.9ms
[2021-04-18T18:24:26.561-0700][gc,phases     ] GC(595)   Post Evacuate Collection Set: 1.9ms
[2021-04-18T18:24:26.562-0700][gc,phases     ] GC(595)   Other: 0.6ms
[2021-04-18T18:24:26.562-0700][gc,heap       ] GC(595) Eden regions: 612->0(611)
[2021-04-18T18:24:26.562-0700][gc,heap       ] GC(595) Survivor regions: 2->3(77)
[2021-04-18T18:24:26.562-0700][gc,heap       ] GC(595) Old regions: 110->110
[2021-04-18T18:24:26.562-0700][gc,heap       ] GC(595) Humongous regions: 129->129
[2021-04-18T18:24:26.562-0700][gc,metaspace  ] GC(595) Metaspace: 41575K->41575K(1087488K)
[2021-04-18T18:24:26.562-0700][gc            ] GC(595) Pause Young (Normal) (G1 Evacuation Pause) 850M->238M(1024M) 7.728ms
[2021-04-18T18:24:26.562-0700][gc,cpu        ] GC(595) User=0.04s Sys=0.00s Real=0.01s
[2021-04-18T18:27:45.938-0700][gc,start      ] GC(596) Pause Young (Normal) (G1 Evacuation Pause)
[2021-04-18T18:27:45.938-0700][gc,task       ] GC(596) Using 8 workers of 8 for evacuation
[2021-04-18T18:27:45.940-0700][gc,phases     ] GC(596)   Pre Evacuate Collection Set: 0.0ms
[2021-04-18T18:27:45.940-0700][gc,phases     ] GC(596)   Evacuate Collection Set: 1.6ms
[2021-04-18T18:27:45.940-0700][gc,phases     ] GC(596)   Post Evacuate Collection Set: 0.7ms
[2021-04-18T18:27:45.940-0700][gc,phases     ] GC(596)   Other: 0.2ms
[2021-04-18T18:27:45.940-0700][gc,heap       ] GC(596) Eden regions: 611->0(612)
[2021-04-18T18:27:45.940-0700][gc,heap       ] GC(596) Survivor regions: 3->2(77)
[2021-04-18T18:27:45.940-0700][gc,heap       ] GC(596) Old regions: 110->110
[2021-04-18T18:27:45.940-0700][gc,heap       ] GC(596) Humongous regions: 129->129
[2021-04-18T18:27:45.940-0700][gc,metaspace  ] GC(596) Metaspace: 41575K->41575K(1087488K)
[2021-04-18T18:27:45.940-0700][gc            ] GC(596) Pause Young (Normal) (G1 Evacuation Pause) 849M->238M(1024M) 2.602ms
[2021-04-18T18:27:45.940-0700][gc,cpu        ] GC(596) User=0.00s Sys=0.00s Real=0.00s
[2021-04-18T18:31:05.274-0700][gc,start      ] GC(597) Pause Young (Normal) (G1 Evacuation Pause)
[2021-04-18T18:31:05.274-0700][gc,task       ] GC(597) Using 8 workers of 8 for evacuation
[2021-04-18T18:31:05.282-0700][gc,phases     ] GC(597)   Pre Evacuate Collection Set: 0.0ms
[2021-04-18T18:31:05.282-0700][gc,phases     ] GC(597)   Evacuate Collection Set: 6.3ms
[2021-04-18T18:31:05.282-0700][gc,phases     ] GC(597)   Post Evacuate Collection Set: 1.7ms
[2021-04-18T18:31:05.282-0700][gc,phases     ] GC(597)   Other: 0.5ms
[2021-04-18T18:31:05.282-0700][gc,heap       ] GC(597) Eden regions: 612->0(610)
[2021-04-18T18:31:05.282-0700][gc,heap       ] GC(597) Survivor regions: 2->4(77)
[2021-04-18T18:31:05.282-0700][gc,heap       ] GC(597) Old regions: 110->110
[2021-04-18T18:31:05.282-0700][gc,heap       ] GC(597) Humongous regions: 129->129
[2021-04-18T18:31:05.282-0700][gc,metaspace  ] GC(597) Metaspace: 41575K->41575K(1087488K)
[2021-04-18T18:31:05.282-0700][gc            ] GC(597) Pause Young (Normal) (G1 Evacuation Pause) 850M->240M(1024M) 8.950ms
[2021-04-18T18:31:05.283-0700][gc,cpu        ] GC(597) User=0.04s Sys=0.01s Real=0.01s
[2021-04-18T18:34:24.285-0700][gc,start      ] GC(598) Pause Young (Normal) (G1 Evacuation Pause)
[2021-04-18T18:34:24.285-0700][gc,task       ] GC(598) Using 8 workers of 8 for evacuation
[2021-04-18T18:34:24.292-0700][gc,phases     ] GC(598)   Pre Evacuate Collection Set: 0.0ms
[2021-04-18T18:34:24.292-0700][gc,phases     ] GC(598)   Evacuate Collection Set: 5.9ms
[2021-04-18T18:34:24.292-0700][gc,phases     ] GC(598)   Post Evacuate Collection Set: 1.3ms
[2021-04-18T18:34:24.292-0700][gc,phases     ] GC(598)   Other: 0.5ms
[2021-04-18T18:34:24.292-0700][gc,heap       ] GC(598) Eden regions: 610->0(610)
[2021-04-18T18:34:24.293-0700][gc,heap       ] GC(598) Survivor regions: 4->4(77)
[2021-04-18T18:34:24.293-0700][gc,heap       ] GC(598) Old regions: 110->110
[2021-04-18T18:34:24.293-0700][gc,heap       ] GC(598) Humongous regions: 129->129
[2021-04-18T18:34:24.293-0700][gc,metaspace  ] GC(598) Metaspace: 41575K->41575K(1087488K)
[2021-04-18T18:34:24.293-0700][gc            ] GC(598) Pause Young (Normal) (G1 Evacuation Pause) 850M->240M(1024M) 8.014ms
[2021-04-18T18:34:24.293-0700][gc,cpu        ] GC(598) User=0.04s Sys=0.01s Real=0.01s
[2021-04-18T18:37:42.682-0700][gc,start      ] GC(599) Pause Young (Normal) (G1 Evacuation Pause)
[2021-04-18T18:37:42.682-0700][gc,task       ] GC(599) Using 8 workers of 8 for evacuation
[2021-04-18T18:37:42.686-0700][gc,phases     ] GC(599)   Pre Evacuate Collection Set: 0.0ms
[2021-04-18T18:37:42.686-0700][gc,phases     ] GC(599)   Evacuate Collection Set: 2.3ms
[2021-04-18T18:37:42.686-0700][gc,phases     ] GC(599)   Post Evacuate Collection Set: 0.9ms
[2021-04-18T18:37:42.686-0700][gc,phases     ] GC(599)   Other: 0.3ms
[2021-04-18T18:37:42.686-0700][gc,heap       ] GC(599) Eden regions: 610->0(611)
[2021-04-18T18:37:42.686-0700][gc,heap       ] GC(599) Survivor regions: 4->3(77)
[2021-04-18T18:37:42.686-0700][gc,heap       ] GC(599) Old regions: 110->110
[2021-04-18T18:37:42.686-0700][gc,heap       ] GC(599) Humongous regions: 129->129
[2021-04-18T18:37:42.686-0700][gc,metaspace  ] GC(599) Metaspace: 41575K->41575K(1087488K)
[2021-04-18T18:37:42.686-0700][gc            ] GC(599) Pause Young (Normal) (G1 Evacuation Pause) 850M->239M(1024M) 3.603ms
[2021-04-18T18:37:42.686-0700][gc,cpu        ] GC(599) User=0.02s Sys=0.00s Real=0.00s
[2021-04-18T18:41:01.805-0700][gc,start      ] GC(600) Pause Young (Normal) (G1 Evacuation Pause)
[2021-04-18T18:41:01.805-0700][gc,task       ] GC(600) Using 8 workers of 8 for evacuation
[2021-04-18T18:41:01.812-0700][gc,phases     ] GC(600)   Pre Evacuate Collection Set: 0.0ms
[2021-04-18T18:41:01.812-0700][gc,phases     ] GC(600)   Evacuate Collection Set: 5.3ms
[2021-04-18T18:41:01.813-0700][gc,phases     ] GC(600)   Post Evacuate Collection Set: 1.3ms
[2021-04-18T18:41:01.813-0700][gc,phases     ] GC(600)   Other: 0.5ms
[2021-04-18T18:41:01.813-0700][gc,heap       ] GC(600) Eden regions: 611->0(611)
[2021-04-18T18:41:01.813-0700][gc,heap       ] GC(600) Survivor regions: 3->3(77)
[2021-04-18T18:41:01.813-0700][gc,heap       ] GC(600) Old regions: 110->110
[2021-04-18T18:41:01.813-0700][gc,heap       ] GC(600) Humongous regions: 129->129
[2021-04-18T18:41:01.813-0700][gc,metaspace  ] GC(600) Metaspace: 41575K->41575K(1087488K)
[2021-04-18T18:41:01.813-0700][gc            ] GC(600) Pause Young (Normal) (G1 Evacuation Pause) 850M->239M(1024M) 7.379ms
[2021-04-18T18:41:01.813-0700][gc,cpu        ] GC(600) User=0.04s Sys=0.01s Real=0.01s
[2021-04-18T18:44:21.133-0700][gc,start      ] GC(601) Pause Young (Normal) (G1 Evacuation Pause)
[2021-04-18T18:44:21.133-0700][gc,task       ] GC(601) Using 8 workers of 8 for evacuation
[2021-04-18T18:44:21.143-0700][gc,phases     ] GC(601)   Pre Evacuate Collection Set: 0.0ms
[2021-04-18T18:44:21.143-0700][gc,phases     ] GC(601)   Evacuate Collection Set: 8.1ms
[2021-04-18T18:44:21.144-0700][gc,phases     ] GC(601)   Post Evacuate Collection Set: 1.6ms
[2021-04-18T18:44:21.144-0700][gc,phases     ] GC(601)   Other: 0.5ms
[2021-04-18T18:44:21.144-0700][gc,heap       ] GC(601) Eden regions: 611->0(611)
[2021-04-18T18:44:21.144-0700][gc,heap       ] GC(601) Survivor regions: 3->3(77)
[2021-04-18T18:44:21.144-0700][gc,heap       ] GC(601) Old regions: 110->110
[2021-04-18T18:44:21.144-0700][gc,heap       ] GC(601) Humongous regions: 129->129
[2021-04-18T18:44:21.144-0700][gc,metaspace  ] GC(601) Metaspace: 41575K->41575K(1087488K)
[2021-04-18T18:44:21.144-0700][gc            ] GC(601) Pause Young (Normal) (G1 Evacuation Pause) 850M->239M(1024M) 10.599ms
[2021-04-18T18:44:21.144-0700][gc,cpu        ] GC(601) User=0.05s Sys=0.00s Real=0.01s
[2021-04-18T18:47:40.233-0700][gc,start      ] GC(602) Pause Young (Normal) (G1 Evacuation Pause)
[2021-04-18T18:47:40.233-0700][gc,task       ] GC(602) Using 8 workers of 8 for evacuation
[2021-04-18T18:47:40.239-0700][gc,phases     ] GC(602)   Pre Evacuate Collection Set: 0.0ms
[2021-04-18T18:47:40.239-0700][gc,phases     ] GC(602)   Evacuate Collection Set: 5.0ms
[2021-04-18T18:47:40.239-0700][gc,phases     ] GC(602)   Post Evacuate Collection Set: 1.3ms
[2021-04-18T18:47:40.240-0700][gc,phases     ] GC(602)   Other: 0.5ms
[2021-04-18T18:47:40.240-0700][gc,heap       ] GC(602) Eden regions: 611->0(611)
[2021-04-18T18:47:40.240-0700][gc,heap       ] GC(602) Survivor regions: 3->3(77)
[2021-04-18T18:47:40.240-0700][gc,heap       ] GC(602) Old regions: 110->110
[2021-04-18T18:47:40.240-0700][gc,heap       ] GC(602) Humongous regions: 129->129
[2021-04-18T18:47:40.240-0700][gc,metaspace  ] GC(602) Metaspace: 41575K->41575K(1087488K)
[2021-04-18T18:47:40.240-0700][gc            ] GC(602) Pause Young (Normal) (G1 Evacuation Pause) 850M->239M(1024M) 7.113ms
[2021-04-18T18:47:40.240-0700][gc,cpu        ] GC(602) User=0.03s Sys=0.00s Real=0.01s
[2021-04-18T18:51:04.787-0700][gc,start      ] GC(603) Pause Young (Normal) (G1 Evacuation Pause)
[2021-04-18T18:51:04.787-0700][gc,task       ] GC(603) Using 8 workers of 8 for evacuation
[2021-04-18T18:51:04.794-0700][gc,phases     ] GC(603)   Pre Evacuate Collection Set: 0.0ms
[2021-04-18T18:51:04.794-0700][gc,phases     ] GC(603)   Evacuate Collection Set: 4.9ms
[2021-04-18T18:51:04.794-0700][gc,phases     ] GC(603)   Post Evacuate Collection Set: 1.3ms
[2021-04-18T18:51:04.794-0700][gc,phases     ] GC(603)   Other: 0.5ms
[2021-04-18T18:51:04.794-0700][gc,heap       ] GC(603) Eden regions: 611->0(611)
[2021-04-18T18:51:04.794-0700][gc,heap       ] GC(603) Survivor regions: 3->3(77)
[2021-04-18T18:51:04.794-0700][gc,heap       ] GC(603) Old regions: 110->110
[2021-04-18T18:51:04.794-0700][gc,heap       ] GC(603) Humongous regions: 129->129
[2021-04-18T18:51:04.794-0700][gc,metaspace  ] GC(603) Metaspace: 41575K->41575K(1087488K)
[2021-04-18T18:51:04.794-0700][gc            ] GC(603) Pause Young (Normal) (G1 Evacuation Pause) 850M->239M(1024M) 6.933ms
[2021-04-18T18:51:04.794-0700][gc,cpu        ] GC(603) User=0.05s Sys=0.00s Real=0.01s
[2021-04-18T18:54:30.806-0700][gc,start      ] GC(604) Pause Young (Normal) (G1 Evacuation Pause)
[2021-04-18T18:54:30.806-0700][gc,task       ] GC(604) Using 8 workers of 8 for evacuation
[2021-04-18T18:54:30.816-0700][gc,phases     ] GC(604)   Pre Evacuate Collection Set: 0.1ms
[2021-04-18T18:54:30.817-0700][gc,phases     ] GC(604)   Evacuate Collection Set: 8.8ms
[2021-04-18T18:54:30.817-0700][gc,phases     ] GC(604)   Post Evacuate Collection Set: 1.3ms
[2021-04-18T18:54:30.817-0700][gc,phases     ] GC(604)   Other: 0.6ms
[2021-04-18T18:54:30.817-0700][gc,heap       ] GC(604) Eden regions: 611->0(610)
[2021-04-18T18:54:30.817-0700][gc,heap       ] GC(604) Survivor regions: 3->4(77)
[2021-04-18T18:54:30.817-0700][gc,heap       ] GC(604) Old regions: 110->110
[2021-04-18T18:54:30.817-0700][gc,heap       ] GC(604) Humongous regions: 129->129
[2021-04-18T18:54:30.817-0700][gc,metaspace  ] GC(604) Metaspace: 41577K->41577K(1087488K)
[2021-04-18T18:54:30.817-0700][gc            ] GC(604) Pause Young (Normal) (G1 Evacuation Pause) 850M->240M(1024M) 11.022ms
[2021-04-18T18:54:30.817-0700][gc,cpu        ] GC(604) User=0.06s Sys=0.00s Real=0.02s
[2021-04-18T18:57:58.041-0700][gc,start      ] GC(605) Pause Young (Normal) (G1 Evacuation Pause)
[2021-04-18T18:57:58.041-0700][gc,task       ] GC(605) Using 8 workers of 8 for evacuation
[2021-04-18T18:57:58.049-0700][gc,phases     ] GC(605)   Pre Evacuate Collection Set: 0.0ms
[2021-04-18T18:57:58.049-0700][gc,phases     ] GC(605)   Evacuate Collection Set: 6.0ms
[2021-04-18T18:57:58.049-0700][gc,phases     ] GC(605)   Post Evacuate Collection Set: 1.2ms
[2021-04-18T18:57:58.049-0700][gc,phases     ] GC(605)   Other: 0.5ms
[2021-04-18T18:57:58.049-0700][gc,heap       ] GC(605) Eden regions: 610->0(610)
[2021-04-18T18:57:58.049-0700][gc,heap       ] GC(605) Survivor regions: 4->4(77)
[2021-04-18T18:57:58.049-0700][gc,heap       ] GC(605) Old regions: 110->110
[2021-04-18T18:57:58.049-0700][gc,heap       ] GC(605) Humongous regions: 129->129
[2021-04-18T18:57:58.049-0700][gc,metaspace  ] GC(605) Metaspace: 41580K->41580K(1087488K)
[2021-04-18T18:57:58.049-0700][gc            ] GC(605) Pause Young (Normal) (G1 Evacuation Pause) 850M->240M(1024M) 7.932ms
[2021-04-18T18:57:58.049-0700][gc,cpu        ] GC(605) User=0.04s Sys=0.01s Real=0.01s
[2021-04-18T19:01:25.029-0700][gc,start      ] GC(606) Pause Young (Normal) (G1 Evacuation Pause)
[2021-04-18T19:01:25.029-0700][gc,task       ] GC(606) Using 8 workers of 8 for evacuation
[2021-04-18T19:01:25.036-0700][gc,phases     ] GC(606)   Pre Evacuate Collection Set: 0.0ms
[2021-04-18T19:01:25.036-0700][gc,phases     ] GC(606)   Evacuate Collection Set: 5.4ms
[2021-04-18T19:01:25.036-0700][gc,phases     ] GC(606)   Post Evacuate Collection Set: 1.3ms
[2021-04-18T19:01:25.036-0700][gc,phases     ] GC(606)   Other: 0.6ms
[2021-04-18T19:01:25.036-0700][gc,heap       ] GC(606) Eden regions: 610->0(611)
[2021-04-18T19:01:25.036-0700][gc,heap       ] GC(606) Survivor regions: 4->3(77)
[2021-04-18T19:01:25.036-0700][gc,heap       ] GC(606) Old regions: 110->110
[2021-04-18T19:01:25.036-0700][gc,heap       ] GC(606) Humongous regions: 129->129
[2021-04-18T19:01:25.036-0700][gc,metaspace  ] GC(606) Metaspace: 41585K->41585K(1087488K)
[2021-04-18T19:01:25.036-0700][gc            ] GC(606) Pause Young (Normal) (G1 Evacuation Pause) 850M->239M(1024M) 7.659ms
[2021-04-18T19:01:25.036-0700][gc,cpu        ] GC(606) User=0.04s Sys=0.01s Real=0.01s
[2021-04-18T19:04:52.274-0700][gc,start      ] GC(607) Pause Young (Normal) (G1 Evacuation Pause)
[2021-04-18T19:04:52.274-0700][gc,task       ] GC(607) Using 8 workers of 8 for evacuation
[2021-04-18T19:04:52.281-0700][gc,phases     ] GC(607)   Pre Evacuate Collection Set: 0.0ms
[2021-04-18T19:04:52.281-0700][gc,phases     ] GC(607)   Evacuate Collection Set: 5.4ms
[2021-04-18T19:04:52.281-0700][gc,phases     ] GC(607)   Post Evacuate Collection Set: 1.2ms
[2021-04-18T19:04:52.281-0700][gc,phases     ] GC(607)   Other: 0.5ms
[2021-04-18T19:04:52.281-0700][gc,heap       ] GC(607) Eden regions: 611->0(611)
[2021-04-18T19:04:52.281-0700][gc,heap       ] GC(607) Survivor regions: 3->3(77)
[2021-04-18T19:04:52.281-0700][gc,heap       ] GC(607) Old regions: 110->110
[2021-04-18T19:04:52.281-0700][gc,heap       ] GC(607) Humongous regions: 129->129
[2021-04-18T19:04:52.281-0700][gc,metaspace  ] GC(607) Metaspace: 41585K->41585K(1087488K)
[2021-04-18T19:04:52.281-0700][gc            ] GC(607) Pause Young (Normal) (G1 Evacuation Pause) 850M->239M(1024M) 7.346ms
[2021-04-18T19:04:52.281-0700][gc,cpu        ] GC(607) User=0.04s Sys=0.00s Real=0.01s
[2021-04-18T19:08:19.599-0700][gc,start      ] GC(608) Pause Young (Normal) (G1 Evacuation Pause)
[2021-04-18T19:08:19.600-0700][gc,task       ] GC(608) Using 8 workers of 8 for evacuation
[2021-04-18T19:08:19.606-0700][gc,phases     ] GC(608)   Pre Evacuate Collection Set: 0.0ms
[2021-04-18T19:08:19.606-0700][gc,phases     ] GC(608)   Evacuate Collection Set: 5.2ms
[2021-04-18T19:08:19.606-0700][gc,phases     ] GC(608)   Post Evacuate Collection Set: 1.2ms
[2021-04-18T19:08:19.607-0700][gc,phases     ] GC(608)   Other: 0.5ms
[2021-04-18T19:08:19.607-0700][gc,heap       ] GC(608) Eden regions: 611->0(611)
[2021-04-18T19:08:19.607-0700][gc,heap       ] GC(608) Survivor regions: 3->3(77)
[2021-04-18T19:08:19.607-0700][gc,heap       ] GC(608) Old regions: 110->110
[2021-04-18T19:08:19.607-0700][gc,heap       ] GC(608) Humongous regions: 129->129
[2021-04-18T19:08:19.607-0700][gc,metaspace  ] GC(608) Metaspace: 41589K->41589K(1087488K)
[2021-04-18T19:08:19.607-0700][gc            ] GC(608) Pause Young (Normal) (G1 Evacuation Pause) 850M->239M(1024M) 7.200ms
[2021-04-18T19:08:19.607-0700][gc,cpu        ] GC(608) User=0.04s Sys=0.00s Real=0.00s
[2021-04-18T19:11:46.283-0700][gc,start      ] GC(609) Pause Young (Normal) (G1 Evacuation Pause)
[2021-04-18T19:11:46.283-0700][gc,task       ] GC(609) Using 8 workers of 8 for evacuation
[2021-04-18T19:11:46.306-0700][gc,mmu        ] GC(609) MMU target violated: 21.0ms (20.0ms/21.0ms)
[2021-04-18T19:11:46.306-0700][gc,phases     ] GC(609)   Pre Evacuate Collection Set: 0.0ms
[2021-04-18T19:11:46.306-0700][gc,phases     ] GC(609)   Evacuate Collection Set: 21.8ms
[2021-04-18T19:11:46.306-0700][gc,phases     ] GC(609)   Post Evacuate Collection Set: 0.8ms
[2021-04-18T19:11:46.306-0700][gc,phases     ] GC(609)   Other: 0.3ms
[2021-04-18T19:11:46.306-0700][gc,heap       ] GC(609) Eden regions: 611->0(611)
[2021-04-18T19:11:46.306-0700][gc,heap       ] GC(609) Survivor regions: 3->3(77)
[2021-04-18T19:11:46.306-0700][gc,heap       ] GC(609) Old regions: 110->110
[2021-04-18T19:11:46.306-0700][gc,heap       ] GC(609) Humongous regions: 129->129
[2021-04-18T19:11:46.306-0700][gc,metaspace  ] GC(609) Metaspace: 41589K->41589K(1087488K)
[2021-04-18T19:11:46.306-0700][gc            ] GC(609) Pause Young (Normal) (G1 Evacuation Pause) 850M->239M(1024M) 23.053ms
[2021-04-18T19:11:46.306-0700][gc,cpu        ] GC(609) User=0.04s Sys=0.00s Real=0.02s
[2021-04-18T19:15:05.564-0700][gc,start      ] GC(610) Pause Young (Normal) (G1 Evacuation Pause)
[2021-04-18T19:15:05.564-0700][gc,task       ] GC(610) Using 8 workers of 8 for evacuation
[2021-04-18T19:15:05.568-0700][gc,phases     ] GC(610)   Pre Evacuate Collection Set: 0.0ms
[2021-04-18T19:15:05.568-0700][gc,phases     ] GC(610)   Evacuate Collection Set: 3.3ms
[2021-04-18T19:15:05.568-0700][gc,phases     ] GC(610)   Post Evacuate Collection Set: 0.9ms
[2021-04-18T19:15:05.568-0700][gc,phases     ] GC(610)   Other: 0.3ms
[2021-04-18T19:15:05.568-0700][gc,heap       ] GC(610) Eden regions: 611->0(611)
[2021-04-18T19:15:05.568-0700][gc,heap       ] GC(610) Survivor regions: 3->3(77)
[2021-04-18T19:15:05.568-0700][gc,heap       ] GC(610) Old regions: 110->110
[2021-04-18T19:15:05.568-0700][gc,heap       ] GC(610) Humongous regions: 129->129
[2021-04-18T19:15:05.568-0700][gc,metaspace  ] GC(610) Metaspace: 41593K->41593K(1087488K)
[2021-04-18T19:15:05.568-0700][gc            ] GC(610) Pause Young (Normal) (G1 Evacuation Pause) 850M->239M(1024M) 4.747ms
[2021-04-18T19:15:05.568-0700][gc,cpu        ] GC(610) User=0.03s Sys=0.01s Real=0.00s
[2021-04-18T19:18:27.518-0700][gc,start      ] GC(611) Pause Young (Normal) (G1 Evacuation Pause)
[2021-04-18T19:18:27.518-0700][gc,task       ] GC(611) Using 8 workers of 8 for evacuation
[2021-04-18T19:18:27.524-0700][gc,phases     ] GC(611)   Pre Evacuate Collection Set: 0.0ms
[2021-04-18T19:18:27.524-0700][gc,phases     ] GC(611)   Evacuate Collection Set: 4.9ms
[2021-04-18T19:18:27.524-0700][gc,phases     ] GC(611)   Post Evacuate Collection Set: 1.3ms
[2021-04-18T19:18:27.524-0700][gc,phases     ] GC(611)   Other: 0.5ms
[2021-04-18T19:18:27.524-0700][gc,heap       ] GC(611) Eden regions: 611->0(611)
[2021-04-18T19:18:27.525-0700][gc,heap       ] GC(611) Survivor regions: 3->3(77)
[2021-04-18T19:18:27.525-0700][gc,heap       ] GC(611) Old regions: 110->110
[2021-04-18T19:18:27.525-0700][gc,heap       ] GC(611) Humongous regions: 129->129
[2021-04-18T19:18:27.525-0700][gc,metaspace  ] GC(611) Metaspace: 41593K->41593K(1087488K)
[2021-04-18T19:18:27.525-0700][gc            ] GC(611) Pause Young (Normal) (G1 Evacuation Pause) 850M->238M(1024M) 7.021ms
[2021-04-18T19:18:27.525-0700][gc,cpu        ] GC(611) User=0.05s Sys=0.00s Real=0.00s
[2021-04-18T19:21:55.101-0700][gc,start      ] GC(612) Pause Young (Normal) (G1 Evacuation Pause)
[2021-04-18T19:21:55.101-0700][gc,task       ] GC(612) Using 8 workers of 8 for evacuation
[2021-04-18T19:21:55.111-0700][gc,phases     ] GC(612)   Pre Evacuate Collection Set: 0.0ms
[2021-04-18T19:21:55.111-0700][gc,phases     ] GC(612)   Evacuate Collection Set: 7.6ms
[2021-04-18T19:21:55.111-0700][gc,phases     ] GC(612)   Post Evacuate Collection Set: 1.9ms
[2021-04-18T19:21:55.111-0700][gc,phases     ] GC(612)   Other: 0.6ms
[2021-04-18T19:21:55.111-0700][gc,heap       ] GC(612) Eden regions: 611->0(610)
[2021-04-18T19:21:55.111-0700][gc,heap       ] GC(612) Survivor regions: 3->4(77)
[2021-04-18T19:21:55.111-0700][gc,heap       ] GC(612) Old regions: 110->110
[2021-04-18T19:21:55.111-0700][gc,heap       ] GC(612) Humongous regions: 129->129
[2021-04-18T19:21:55.111-0700][gc,metaspace  ] GC(612) Metaspace: 41593K->41593K(1087488K)
[2021-04-18T19:21:55.111-0700][gc            ] GC(612) Pause Young (Normal) (G1 Evacuation Pause) 849M->240M(1024M) 10.369ms
[2021-04-18T19:21:55.111-0700][gc,cpu        ] GC(612) User=0.05s Sys=0.01s Real=0.01s
[2021-04-18T19:25:21.503-0700][gc,start      ] GC(613) Pause Young (Normal) (G1 Evacuation Pause)
[2021-04-18T19:25:21.503-0700][gc,task       ] GC(613) Using 8 workers of 8 for evacuation
[2021-04-18T19:25:21.512-0700][gc,phases     ] GC(613)   Pre Evacuate Collection Set: 0.0ms
[2021-04-18T19:25:21.512-0700][gc,phases     ] GC(613)   Evacuate Collection Set: 6.7ms
[2021-04-18T19:25:21.512-0700][gc,phases     ] GC(613)   Post Evacuate Collection Set: 1.5ms
[2021-04-18T19:25:21.512-0700][gc,phases     ] GC(613)   Other: 0.5ms
[2021-04-18T19:25:21.512-0700][gc,heap       ] GC(613) Eden regions: 610->0(610)
[2021-04-18T19:25:21.512-0700][gc,heap       ] GC(613) Survivor regions: 4->4(77)
[2021-04-18T19:25:21.512-0700][gc,heap       ] GC(613) Old regions: 110->110
[2021-04-18T19:25:21.512-0700][gc,heap       ] GC(613) Humongous regions: 129->129
[2021-04-18T19:25:21.512-0700][gc,metaspace  ] GC(613) Metaspace: 41607K->41607K(1087488K)
[2021-04-18T19:25:21.512-0700][gc            ] GC(613) Pause Young (Normal) (G1 Evacuation Pause) 850M->240M(1024M) 8.943ms
[2021-04-18T19:25:21.512-0700][gc,cpu        ] GC(613) User=0.06s Sys=0.00s Real=0.01s
[2021-04-18T19:28:40.733-0700][gc,start      ] GC(614) Pause Young (Normal) (G1 Evacuation Pause)
[2021-04-18T19:28:40.733-0700][gc,task       ] GC(614) Using 8 workers of 8 for evacuation
[2021-04-18T19:28:40.741-0700][gc,phases     ] GC(614)   Pre Evacuate Collection Set: 0.0ms
[2021-04-18T19:28:40.741-0700][gc,phases     ] GC(614)   Evacuate Collection Set: 5.9ms
[2021-04-18T19:28:40.741-0700][gc,phases     ] GC(614)   Post Evacuate Collection Set: 1.5ms
[2021-04-18T19:28:40.741-0700][gc,phases     ] GC(614)   Other: 0.5ms
[2021-04-18T19:28:40.741-0700][gc,heap       ] GC(614) Eden regions: 610->0(611)
[2021-04-18T19:28:40.741-0700][gc,heap       ] GC(614) Survivor regions: 4->3(77)
[2021-04-18T19:28:40.741-0700][gc,heap       ] GC(614) Old regions: 110->110
[2021-04-18T19:28:40.741-0700][gc,heap       ] GC(614) Humongous regions: 129->129
[2021-04-18T19:28:40.741-0700][gc,metaspace  ] GC(614) Metaspace: 41607K->41607K(1087488K)
[2021-04-18T19:28:40.741-0700][gc            ] GC(614) Pause Young (Normal) (G1 Evacuation Pause) 850M->239M(1024M) 8.205ms
[2021-04-18T19:28:40.742-0700][gc,cpu        ] GC(614) User=0.05s Sys=0.00s Real=0.01s
[2021-04-18T19:32:00.456-0700][gc,start      ] GC(615) Pause Young (Normal) (G1 Evacuation Pause)
[2021-04-18T19:32:00.456-0700][gc,task       ] GC(615) Using 8 workers of 8 for evacuation
[2021-04-18T19:32:00.464-0700][gc,phases     ] GC(615)   Pre Evacuate Collection Set: 0.0ms
[2021-04-18T19:32:00.464-0700][gc,phases     ] GC(615)   Evacuate Collection Set: 6.1ms
[2021-04-18T19:32:00.464-0700][gc,phases     ] GC(615)   Post Evacuate Collection Set: 1.3ms
[2021-04-18T19:32:00.464-0700][gc,phases     ] GC(615)   Other: 0.5ms
[2021-04-18T19:32:00.464-0700][gc,heap       ] GC(615) Eden regions: 611->0(611)
[2021-04-18T19:32:00.464-0700][gc,heap       ] GC(615) Survivor regions: 3->3(77)
[2021-04-18T19:32:00.464-0700][gc,heap       ] GC(615) Old regions: 110->110
[2021-04-18T19:32:00.464-0700][gc,heap       ] GC(615) Humongous regions: 129->129
[2021-04-18T19:32:00.464-0700][gc,metaspace  ] GC(615) Metaspace: 41607K->41607K(1087488K)
[2021-04-18T19:32:00.464-0700][gc            ] GC(615) Pause Young (Normal) (G1 Evacuation Pause) 850M->239M(1024M) 8.218ms
[2021-04-18T19:32:00.464-0700][gc,cpu        ] GC(615) User=0.05s Sys=0.00s Real=0.01s
[2021-04-18T19:35:20.233-0700][gc,start      ] GC(616) Pause Young (Normal) (G1 Evacuation Pause)
[2021-04-18T19:35:20.233-0700][gc,task       ] GC(616) Using 8 workers of 8 for evacuation
[2021-04-18T19:35:20.241-0700][gc,phases     ] GC(616)   Pre Evacuate Collection Set: 0.0ms
[2021-04-18T19:35:20.241-0700][gc,phases     ] GC(616)   Evacuate Collection Set: 5.6ms
[2021-04-18T19:35:20.241-0700][gc,phases     ] GC(616)   Post Evacuate Collection Set: 1.2ms
[2021-04-18T19:35:20.241-0700][gc,phases     ] GC(616)   Other: 0.5ms
[2021-04-18T19:35:20.241-0700][gc,heap       ] GC(616) Eden regions: 611->0(611)
[2021-04-18T19:35:20.241-0700][gc,heap       ] GC(616) Survivor regions: 3->3(77)
[2021-04-18T19:35:20.241-0700][gc,heap       ] GC(616) Old regions: 110->110
[2021-04-18T19:35:20.241-0700][gc,heap       ] GC(616) Humongous regions: 129->129
[2021-04-18T19:35:20.241-0700][gc,metaspace  ] GC(616) Metaspace: 41607K->41607K(1087488K)
[2021-04-18T19:35:20.241-0700][gc            ] GC(616) Pause Young (Normal) (G1 Evacuation Pause) 850M->239M(1024M) 7.653ms
[2021-04-18T19:35:20.241-0700][gc,cpu        ] GC(616) User=0.05s Sys=0.00s Real=0.01s
[2021-04-18T19:38:39.547-0700][gc,start      ] GC(617) Pause Young (Normal) (G1 Evacuation Pause)
[2021-04-18T19:38:39.547-0700][gc,task       ] GC(617) Using 8 workers of 8 for evacuation
[2021-04-18T19:38:39.554-0700][gc,phases     ] GC(617)   Pre Evacuate Collection Set: 0.0ms
[2021-04-18T19:38:39.554-0700][gc,phases     ] GC(617)   Evacuate Collection Set: 5.5ms
[2021-04-18T19:38:39.554-0700][gc,phases     ] GC(617)   Post Evacuate Collection Set: 1.4ms
[2021-04-18T19:38:39.554-0700][gc,phases     ] GC(617)   Other: 0.5ms
[2021-04-18T19:38:39.554-0700][gc,heap       ] GC(617) Eden regions: 611->0(611)
[2021-04-18T19:38:39.554-0700][gc,heap       ] GC(617) Survivor regions: 3->3(77)
[2021-04-18T19:38:39.554-0700][gc,heap       ] GC(617) Old regions: 110->110
[2021-04-18T19:38:39.554-0700][gc,heap       ] GC(617) Humongous regions: 129->129
[2021-04-18T19:38:39.554-0700][gc,metaspace  ] GC(617) Metaspace: 41607K->41607K(1087488K)
[2021-04-18T19:38:39.554-0700][gc            ] GC(617) Pause Young (Normal) (G1 Evacuation Pause) 850M->239M(1024M) 7.690ms
[2021-04-18T19:38:39.554-0700][gc,cpu        ] GC(617) User=0.04s Sys=0.00s Real=0.01s
[2021-04-18T19:41:59.071-0700][gc,start      ] GC(618) Pause Young (Normal) (G1 Evacuation Pause)
[2021-04-18T19:41:59.071-0700][gc,task       ] GC(618) Using 8 workers of 8 for evacuation
[2021-04-18T19:41:59.078-0700][gc,phases     ] GC(618)   Pre Evacuate Collection Set: 0.0ms
[2021-04-18T19:41:59.078-0700][gc,phases     ] GC(618)   Evacuate Collection Set: 5.2ms
[2021-04-18T19:41:59.078-0700][gc,phases     ] GC(618)   Post Evacuate Collection Set: 1.4ms
[2021-04-18T19:41:59.078-0700][gc,phases     ] GC(618)   Other: 0.5ms
[2021-04-18T19:41:59.078-0700][gc,heap       ] GC(618) Eden regions: 611->0(611)
[2021-04-18T19:41:59.078-0700][gc,heap       ] GC(618) Survivor regions: 3->3(77)
[2021-04-18T19:41:59.078-0700][gc,heap       ] GC(618) Old regions: 110->110
[2021-04-18T19:41:59.078-0700][gc,heap       ] GC(618) Humongous regions: 129->129
[2021-04-18T19:41:59.078-0700][gc,metaspace  ] GC(618) Metaspace: 41607K->41607K(1087488K)
[2021-04-18T19:41:59.078-0700][gc            ] GC(618) Pause Young (Normal) (G1 Evacuation Pause) 850M->239M(1024M) 7.428ms
[2021-04-18T19:41:59.078-0700][gc,cpu        ] GC(618) User=0.05s Sys=0.01s Real=0.01s
[2021-04-18T19:45:18.474-0700][gc,start      ] GC(619) Pause Young (Normal) (G1 Evacuation Pause)
[2021-04-18T19:45:18.474-0700][gc,task       ] GC(619) Using 8 workers of 8 for evacuation
[2021-04-18T19:45:18.482-0700][gc,phases     ] GC(619)   Pre Evacuate Collection Set: 0.0ms
[2021-04-18T19:45:18.482-0700][gc,phases     ] GC(619)   Evacuate Collection Set: 7.0ms
[2021-04-18T19:45:18.482-0700][gc,phases     ] GC(619)   Post Evacuate Collection Set: 1.2ms
[2021-04-18T19:45:18.482-0700][gc,phases     ] GC(619)   Other: 0.5ms
[2021-04-18T19:45:18.482-0700][gc,heap       ] GC(619) Eden regions: 611->0(610)
[2021-04-18T19:45:18.482-0700][gc,heap       ] GC(619) Survivor regions: 3->4(77)
[2021-04-18T19:45:18.482-0700][gc,heap       ] GC(619) Old regions: 110->110
[2021-04-18T19:45:18.482-0700][gc,heap       ] GC(619) Humongous regions: 129->129
[2021-04-18T19:45:18.482-0700][gc,metaspace  ] GC(619) Metaspace: 41607K->41607K(1087488K)
[2021-04-18T19:45:18.482-0700][gc            ] GC(619) Pause Young (Normal) (G1 Evacuation Pause) 850M->240M(1024M) 8.964ms
[2021-04-18T19:45:18.483-0700][gc,cpu        ] GC(619) User=0.06s Sys=0.00s Real=0.01s
[2021-04-18T19:48:37.755-0700][gc,start      ] GC(620) Pause Young (Normal) (G1 Evacuation Pause)
[2021-04-18T19:48:37.755-0700][gc,task       ] GC(620) Using 8 workers of 8 for evacuation
[2021-04-18T19:48:37.763-0700][gc,phases     ] GC(620)   Pre Evacuate Collection Set: 0.0ms
[2021-04-18T19:48:37.763-0700][gc,phases     ] GC(620)   Evacuate Collection Set: 6.3ms
[2021-04-18T19:48:37.763-0700][gc,phases     ] GC(620)   Post Evacuate Collection Set: 1.5ms
[2021-04-18T19:48:37.764-0700][gc,phases     ] GC(620)   Other: 0.5ms
[2021-04-18T19:48:37.764-0700][gc,heap       ] GC(620) Eden regions: 610->0(610)
[2021-04-18T19:48:37.764-0700][gc,heap       ] GC(620) Survivor regions: 4->4(77)
[2021-04-18T19:48:37.764-0700][gc,heap       ] GC(620) Old regions: 110->110
[2021-04-18T19:48:37.764-0700][gc,heap       ] GC(620) Humongous regions: 129->129
[2021-04-18T19:48:37.764-0700][gc,metaspace  ] GC(620) Metaspace: 41607K->41607K(1087488K)
[2021-04-18T19:48:37.764-0700][gc            ] GC(620) Pause Young (Normal) (G1 Evacuation Pause) 850M->240M(1024M) 8.480ms
[2021-04-18T19:48:37.764-0700][gc,cpu        ] GC(620) User=0.05s Sys=0.00s Real=0.01s
[2021-04-18T19:51:57.163-0700][gc,start      ] GC(621) Pause Young (Normal) (G1 Evacuation Pause)
[2021-04-18T19:51:57.163-0700][gc,task       ] GC(621) Using 8 workers of 8 for evacuation
[2021-04-18T19:51:57.173-0700][gc,phases     ] GC(621)   Pre Evacuate Collection Set: 0.0ms
[2021-04-18T19:51:57.173-0700][gc,phases     ] GC(621)   Evacuate Collection Set: 8.9ms
[2021-04-18T19:51:57.173-0700][gc,phases     ] GC(621)   Post Evacuate Collection Set: 1.0ms
[2021-04-18T19:51:57.173-0700][gc,phases     ] GC(621)   Other: 0.5ms
[2021-04-18T19:51:57.173-0700][gc,heap       ] GC(621) Eden regions: 610->0(610)
[2021-04-18T19:51:57.173-0700][gc,heap       ] GC(621) Survivor regions: 4->4(77)
[2021-04-18T19:51:57.173-0700][gc,heap       ] GC(621) Old regions: 110->110
[2021-04-18T19:51:57.173-0700][gc,heap       ] GC(621) Humongous regions: 129->129
[2021-04-18T19:51:57.173-0700][gc,metaspace  ] GC(621) Metaspace: 41607K->41607K(1087488K)
[2021-04-18T19:51:57.174-0700][gc            ] GC(621) Pause Young (Normal) (G1 Evacuation Pause) 850M->240M(1024M) 10.607ms
[2021-04-18T19:51:57.174-0700][gc,cpu        ] GC(621) User=0.06s Sys=0.00s Real=0.01s
[2021-04-18T19:55:15.190-0700][gc,start      ] GC(622) Pause Young (Normal) (G1 Evacuation Pause)
[2021-04-18T19:55:15.190-0700][gc,task       ] GC(622) Using 8 workers of 8 for evacuation
[2021-04-18T19:55:15.197-0700][gc,phases     ] GC(622)   Pre Evacuate Collection Set: 0.0ms
[2021-04-18T19:55:15.197-0700][gc,phases     ] GC(622)   Evacuate Collection Set: 5.3ms
[2021-04-18T19:55:15.197-0700][gc,phases     ] GC(622)   Post Evacuate Collection Set: 1.4ms
[2021-04-18T19:55:15.197-0700][gc,phases     ] GC(622)   Other: 0.5ms
[2021-04-18T19:55:15.197-0700][gc,heap       ] GC(622) Eden regions: 610->0(611)
[2021-04-18T19:55:15.197-0700][gc,heap       ] GC(622) Survivor regions: 4->3(77)
[2021-04-18T19:55:15.197-0700][gc,heap       ] GC(622) Old regions: 110->110
[2021-04-18T19:55:15.197-0700][gc,heap       ] GC(622) Humongous regions: 129->129
[2021-04-18T19:55:15.197-0700][gc,metaspace  ] GC(622) Metaspace: 41607K->41607K(1087488K)
[2021-04-18T19:55:15.197-0700][gc            ] GC(622) Pause Young (Normal) (G1 Evacuation Pause) 850M->239M(1024M) 7.418ms
[2021-04-18T19:55:15.197-0700][gc,cpu        ] GC(622) User=0.04s Sys=0.00s Real=0.01s
[2021-04-18T19:58:34.684-0700][gc,start      ] GC(623) Pause Young (Normal) (G1 Evacuation Pause)
[2021-04-18T19:58:34.684-0700][gc,task       ] GC(623) Using 8 workers of 8 for evacuation
[2021-04-18T19:58:34.691-0700][gc,phases     ] GC(623)   Pre Evacuate Collection Set: 0.0ms
[2021-04-18T19:58:34.691-0700][gc,phases     ] GC(623)   Evacuate Collection Set: 4.9ms
[2021-04-18T19:58:34.691-0700][gc,phases     ] GC(623)   Post Evacuate Collection Set: 1.6ms
[2021-04-18T19:58:34.691-0700][gc,phases     ] GC(623)   Other: 0.5ms
[2021-04-18T19:58:34.691-0700][gc,heap       ] GC(623) Eden regions: 611->0(612)
[2021-04-18T19:58:34.691-0700][gc,heap       ] GC(623) Survivor regions: 3->2(77)
[2021-04-18T19:58:34.691-0700][gc,heap       ] GC(623) Old regions: 110->110
[2021-04-18T19:58:34.691-0700][gc,heap       ] GC(623) Humongous regions: 129->129
[2021-04-18T19:58:34.691-0700][gc,metaspace  ] GC(623) Metaspace: 41607K->41607K(1087488K)
[2021-04-18T19:58:34.691-0700][gc            ] GC(623) Pause Young (Normal) (G1 Evacuation Pause) 850M->239M(1024M) 7.254ms
[2021-04-18T19:58:34.691-0700][gc,cpu        ] GC(623) User=0.04s Sys=0.00s Real=0.01s
[2021-04-18T20:01:54.502-0700][gc,start      ] GC(624) Pause Young (Normal) (G1 Evacuation Pause)
[2021-04-18T20:01:54.502-0700][gc,task       ] GC(624) Using 8 workers of 8 for evacuation
[2021-04-18T20:01:54.509-0700][gc,phases     ] GC(624)   Pre Evacuate Collection Set: 0.0ms
[2021-04-18T20:01:54.509-0700][gc,phases     ] GC(624)   Evacuate Collection Set: 4.7ms
[2021-04-18T20:01:54.509-0700][gc,phases     ] GC(624)   Post Evacuate Collection Set: 1.3ms
[2021-04-18T20:01:54.509-0700][gc,phases     ] GC(624)   Other: 0.5ms
[2021-04-18T20:01:54.509-0700][gc,heap       ] GC(624) Eden regions: 612->0(612)
[2021-04-18T20:01:54.509-0700][gc,heap       ] GC(624) Survivor regions: 2->2(77)
[2021-04-18T20:01:54.509-0700][gc,heap       ] GC(624) Old regions: 110->110
[2021-04-18T20:01:54.509-0700][gc,heap       ] GC(624) Humongous regions: 129->129
[2021-04-18T20:01:54.509-0700][gc,metaspace  ] GC(624) Metaspace: 41607K->41607K(1087488K)
[2021-04-18T20:01:54.509-0700][gc            ] GC(624) Pause Young (Normal) (G1 Evacuation Pause) 851M->239M(1024M) 6.726ms
[2021-04-18T20:01:54.509-0700][gc,cpu        ] GC(624) User=0.04s Sys=0.00s Real=0.01s
[2021-04-18T20:05:14.470-0700][gc,start      ] GC(625) Pause Young (Normal) (G1 Evacuation Pause)
[2021-04-18T20:05:14.470-0700][gc,task       ] GC(625) Using 8 workers of 8 for evacuation
[2021-04-18T20:05:14.476-0700][gc,phases     ] GC(625)   Pre Evacuate Collection Set: 0.0ms
[2021-04-18T20:05:14.476-0700][gc,phases     ] GC(625)   Evacuate Collection Set: 4.5ms
[2021-04-18T20:05:14.476-0700][gc,phases     ] GC(625)   Post Evacuate Collection Set: 1.3ms
[2021-04-18T20:05:14.476-0700][gc,phases     ] GC(625)   Other: 0.5ms
[2021-04-18T20:05:14.476-0700][gc,heap       ] GC(625) Eden regions: 612->0(612)
[2021-04-18T20:05:14.476-0700][gc,heap       ] GC(625) Survivor regions: 2->2(77)
[2021-04-18T20:05:14.476-0700][gc,heap       ] GC(625) Old regions: 110->110
[2021-04-18T20:05:14.476-0700][gc,heap       ] GC(625) Humongous regions: 129->129
[2021-04-18T20:05:14.476-0700][gc,metaspace  ] GC(625) Metaspace: 41630K->41630K(1087488K)
[2021-04-18T20:05:14.476-0700][gc            ] GC(625) Pause Young (Normal) (G1 Evacuation Pause) 851M->239M(1024M) 6.552ms
[2021-04-18T20:05:14.476-0700][gc,cpu        ] GC(625) User=0.04s Sys=0.00s Real=0.00s
[2021-04-18T20:08:34.289-0700][gc,start      ] GC(626) Pause Young (Normal) (G1 Evacuation Pause)
[2021-04-18T20:08:34.289-0700][gc,task       ] GC(626) Using 8 workers of 8 for evacuation
[2021-04-18T20:08:34.296-0700][gc,phases     ] GC(626)   Pre Evacuate Collection Set: 0.0ms
[2021-04-18T20:08:34.296-0700][gc,phases     ] GC(626)   Evacuate Collection Set: 4.4ms
[2021-04-18T20:08:34.296-0700][gc,phases     ] GC(626)   Post Evacuate Collection Set: 1.3ms
[2021-04-18T20:08:34.296-0700][gc,phases     ] GC(626)   Other: 0.5ms
[2021-04-18T20:08:34.296-0700][gc,heap       ] GC(626) Eden regions: 612->0(612)
[2021-04-18T20:08:34.296-0700][gc,heap       ] GC(626) Survivor regions: 2->2(77)
[2021-04-18T20:08:34.296-0700][gc,heap       ] GC(626) Old regions: 110->110
[2021-04-18T20:08:34.296-0700][gc,heap       ] GC(626) Humongous regions: 129->129
[2021-04-18T20:08:34.296-0700][gc,metaspace  ] GC(626) Metaspace: 41630K->41630K(1087488K)
[2021-04-18T20:08:34.296-0700][gc            ] GC(626) Pause Young (Normal) (G1 Evacuation Pause) 851M->239M(1024M) 6.402ms
[2021-04-18T20:08:34.296-0700][gc,cpu        ] GC(626) User=0.04s Sys=0.00s Real=0.00s
[2021-04-18T20:11:54.365-0700][gc,start      ] GC(627) Pause Young (Normal) (G1 Evacuation Pause)
[2021-04-18T20:11:54.365-0700][gc,task       ] GC(627) Using 8 workers of 8 for evacuation
[2021-04-18T20:11:54.371-0700][gc,phases     ] GC(627)   Pre Evacuate Collection Set: 0.0ms
[2021-04-18T20:11:54.372-0700][gc,phases     ] GC(627)   Evacuate Collection Set: 4.3ms
[2021-04-18T20:11:54.372-0700][gc,phases     ] GC(627)   Post Evacuate Collection Set: 1.5ms
[2021-04-18T20:11:54.372-0700][gc,phases     ] GC(627)   Other: 0.5ms
[2021-04-18T20:11:54.372-0700][gc,heap       ] GC(627) Eden regions: 612->0(612)
[2021-04-18T20:11:54.372-0700][gc,heap       ] GC(627) Survivor regions: 2->2(77)
[2021-04-18T20:11:54.372-0700][gc,heap       ] GC(627) Old regions: 110->110
[2021-04-18T20:11:54.372-0700][gc,heap       ] GC(627) Humongous regions: 129->129
[2021-04-18T20:11:54.372-0700][gc,metaspace  ] GC(627) Metaspace: 41630K->41630K(1087488K)
[2021-04-18T20:11:54.372-0700][gc            ] GC(627) Pause Young (Normal) (G1 Evacuation Pause) 851M->239M(1024M) 6.563ms
[2021-04-18T20:11:54.372-0700][gc,cpu        ] GC(627) User=0.03s Sys=0.00s Real=0.01s
[2021-04-18T20:15:14.340-0700][gc,start      ] GC(628) Pause Young (Normal) (G1 Evacuation Pause)
[2021-04-18T20:15:14.340-0700][gc,task       ] GC(628) Using 8 workers of 8 for evacuation
[2021-04-18T20:15:14.346-0700][gc,phases     ] GC(628)   Pre Evacuate Collection Set: 0.0ms
[2021-04-18T20:15:14.346-0700][gc,phases     ] GC(628)   Evacuate Collection Set: 4.4ms
[2021-04-18T20:15:14.346-0700][gc,phases     ] GC(628)   Post Evacuate Collection Set: 1.4ms
[2021-04-18T20:15:14.346-0700][gc,phases     ] GC(628)   Other: 0.5ms
[2021-04-18T20:15:14.346-0700][gc,heap       ] GC(628) Eden regions: 612->0(612)
[2021-04-18T20:15:14.346-0700][gc,heap       ] GC(628) Survivor regions: 2->2(77)
[2021-04-18T20:15:14.346-0700][gc,heap       ] GC(628) Old regions: 110->110
[2021-04-18T20:15:14.346-0700][gc,heap       ] GC(628) Humongous regions: 129->129
[2021-04-18T20:15:14.346-0700][gc,metaspace  ] GC(628) Metaspace: 41630K->41630K(1087488K)
[2021-04-18T20:15:14.346-0700][gc            ] GC(628) Pause Young (Normal) (G1 Evacuation Pause) 851M->239M(1024M) 6.526ms
[2021-04-18T20:15:14.346-0700][gc,cpu        ] GC(628) User=0.04s Sys=0.00s Real=0.00s
[2021-04-18T20:18:34.298-0700][gc,start      ] GC(629) Pause Young (Normal) (G1 Evacuation Pause)
[2021-04-18T20:18:34.298-0700][gc,task       ] GC(629) Using 8 workers of 8 for evacuation
[2021-04-18T20:18:34.302-0700][gc,phases     ] GC(629)   Pre Evacuate Collection Set: 0.0ms
[2021-04-18T20:18:34.302-0700][gc,phases     ] GC(629)   Evacuate Collection Set: 2.6ms
[2021-04-18T20:18:34.302-0700][gc,phases     ] GC(629)   Post Evacuate Collection Set: 0.8ms
[2021-04-18T20:18:34.302-0700][gc,phases     ] GC(629)   Other: 0.3ms
[2021-04-18T20:18:34.302-0700][gc,heap       ] GC(629) Eden regions: 612->0(612)
[2021-04-18T20:18:34.302-0700][gc,heap       ] GC(629) Survivor regions: 2->2(77)
[2021-04-18T20:18:34.302-0700][gc,heap       ] GC(629) Old regions: 110->110
[2021-04-18T20:18:34.302-0700][gc,heap       ] GC(629) Humongous regions: 129->129
[2021-04-18T20:18:34.302-0700][gc,metaspace  ] GC(629) Metaspace: 41630K->41630K(1087488K)
[2021-04-18T20:18:34.302-0700][gc            ] GC(629) Pause Young (Normal) (G1 Evacuation Pause) 851M->239M(1024M) 3.898ms
[2021-04-18T20:18:34.302-0700][gc,cpu        ] GC(629) User=0.02s Sys=0.00s Real=0.00s
[2021-04-18T20:21:54.455-0700][gc,start      ] GC(630) Pause Young (Normal) (G1 Evacuation Pause)
[2021-04-18T20:21:54.455-0700][gc,task       ] GC(630) Using 8 workers of 8 for evacuation
[2021-04-18T20:21:54.462-0700][gc,phases     ] GC(630)   Pre Evacuate Collection Set: 0.0ms
[2021-04-18T20:21:54.462-0700][gc,phases     ] GC(630)   Evacuate Collection Set: 4.4ms
[2021-04-18T20:21:54.462-0700][gc,phases     ] GC(630)   Post Evacuate Collection Set: 1.3ms
[2021-04-18T20:21:54.462-0700][gc,phases     ] GC(630)   Other: 0.5ms
[2021-04-18T20:21:54.462-0700][gc,heap       ] GC(630) Eden regions: 612->0(611)
[2021-04-18T20:21:54.462-0700][gc,heap       ] GC(630) Survivor regions: 2->3(77)
[2021-04-18T20:21:54.462-0700][gc,heap       ] GC(630) Old regions: 110->110
[2021-04-18T20:21:54.462-0700][gc,heap       ] GC(630) Humongous regions: 129->129
[2021-04-18T20:21:54.462-0700][gc,metaspace  ] GC(630) Metaspace: 41630K->41630K(1087488K)
[2021-04-18T20:21:54.462-0700][gc            ] GC(630) Pause Young (Normal) (G1 Evacuation Pause) 851M->239M(1024M) 6.565ms
[2021-04-18T20:21:54.462-0700][gc,cpu        ] GC(630) User=0.04s Sys=0.00s Real=0.01s
[2021-04-18T20:25:14.298-0700][gc,start      ] GC(631) Pause Young (Normal) (G1 Evacuation Pause)
[2021-04-18T20:25:14.298-0700][gc,task       ] GC(631) Using 8 workers of 8 for evacuation
[2021-04-18T20:25:14.304-0700][gc,phases     ] GC(631)   Pre Evacuate Collection Set: 0.0ms
[2021-04-18T20:25:14.304-0700][gc,phases     ] GC(631)   Evacuate Collection Set: 4.5ms
[2021-04-18T20:25:14.304-0700][gc,phases     ] GC(631)   Post Evacuate Collection Set: 1.3ms
[2021-04-18T20:25:14.304-0700][gc,phases     ] GC(631)   Other: 0.5ms
[2021-04-18T20:25:14.304-0700][gc,heap       ] GC(631) Eden regions: 611->0(612)
[2021-04-18T20:25:14.304-0700][gc,heap       ] GC(631) Survivor regions: 3->2(77)
[2021-04-18T20:25:14.305-0700][gc,heap       ] GC(631) Old regions: 110->110
[2021-04-18T20:25:14.305-0700][gc,heap       ] GC(631) Humongous regions: 129->129
[2021-04-18T20:25:14.305-0700][gc,metaspace  ] GC(631) Metaspace: 41630K->41630K(1087488K)
[2021-04-18T20:25:14.305-0700][gc            ] GC(631) Pause Young (Normal) (G1 Evacuation Pause) 850M->239M(1024M) 6.595ms
[2021-04-18T20:25:14.305-0700][gc,cpu        ] GC(631) User=0.04s Sys=0.00s Real=0.00s
[2021-04-18T20:28:34.302-0700][gc,start      ] GC(632) Pause Young (Normal) (G1 Evacuation Pause)
[2021-04-18T20:28:34.303-0700][gc,task       ] GC(632) Using 8 workers of 8 for evacuation
[2021-04-18T20:28:34.309-0700][gc,phases     ] GC(632)   Pre Evacuate Collection Set: 0.0ms
[2021-04-18T20:28:34.309-0700][gc,phases     ] GC(632)   Evacuate Collection Set: 4.5ms
[2021-04-18T20:28:34.309-0700][gc,phases     ] GC(632)   Post Evacuate Collection Set: 1.2ms
[2021-04-18T20:28:34.309-0700][gc,phases     ] GC(632)   Other: 0.5ms
[2021-04-18T20:28:34.309-0700][gc,heap       ] GC(632) Eden regions: 612->0(612)
[2021-04-18T20:28:34.309-0700][gc,heap       ] GC(632) Survivor regions: 2->2(77)
[2021-04-18T20:28:34.309-0700][gc,heap       ] GC(632) Old regions: 110->110
[2021-04-18T20:28:34.309-0700][gc,heap       ] GC(632) Humongous regions: 129->129
[2021-04-18T20:28:34.309-0700][gc,metaspace  ] GC(632) Metaspace: 41630K->41630K(1087488K)
[2021-04-18T20:28:34.309-0700][gc            ] GC(632) Pause Young (Normal) (G1 Evacuation Pause) 851M->239M(1024M) 6.397ms
[2021-04-18T20:28:34.309-0700][gc,cpu        ] GC(632) User=0.04s Sys=0.00s Real=0.01s
[2021-04-18T20:31:54.279-0700][gc,start      ] GC(633) Pause Young (Normal) (G1 Evacuation Pause)
[2021-04-18T20:31:54.279-0700][gc,task       ] GC(633) Using 8 workers of 8 for evacuation
[2021-04-18T20:31:54.285-0700][gc,phases     ] GC(633)   Pre Evacuate Collection Set: 0.0ms
[2021-04-18T20:31:54.285-0700][gc,phases     ] GC(633)   Evacuate Collection Set: 4.5ms
[2021-04-18T20:31:54.285-0700][gc,phases     ] GC(633)   Post Evacuate Collection Set: 1.2ms
[2021-04-18T20:31:54.285-0700][gc,phases     ] GC(633)   Other: 0.5ms
[2021-04-18T20:31:54.285-0700][gc,heap       ] GC(633) Eden regions: 612->0(611)
[2021-04-18T20:31:54.285-0700][gc,heap       ] GC(633) Survivor regions: 2->3(77)
[2021-04-18T20:31:54.285-0700][gc,heap       ] GC(633) Old regions: 110->110
[2021-04-18T20:31:54.285-0700][gc,heap       ] GC(633) Humongous regions: 129->129
[2021-04-18T20:31:54.285-0700][gc,metaspace  ] GC(633) Metaspace: 41630K->41630K(1087488K)
[2021-04-18T20:31:54.285-0700][gc            ] GC(633) Pause Young (Normal) (G1 Evacuation Pause) 851M->239M(1024M) 6.492ms
[2021-04-18T20:31:54.285-0700][gc,cpu        ] GC(633) User=0.04s Sys=0.00s Real=0.00s
[2021-04-18T20:35:13.820-0700][gc,start      ] GC(634) Pause Young (Normal) (G1 Evacuation Pause)
[2021-04-18T20:35:13.820-0700][gc,task       ] GC(634) Using 8 workers of 8 for evacuation
[2021-04-18T20:35:13.832-0700][gc,phases     ] GC(634)   Pre Evacuate Collection Set: 0.1ms
[2021-04-18T20:35:13.832-0700][gc,phases     ] GC(634)   Evacuate Collection Set: 10.4ms
[2021-04-18T20:35:13.832-0700][gc,phases     ] GC(634)   Post Evacuate Collection Set: 1.3ms
[2021-04-18T20:35:13.832-0700][gc,phases     ] GC(634)   Other: 0.6ms
[2021-04-18T20:35:13.832-0700][gc,heap       ] GC(634) Eden regions: 611->0(610)
[2021-04-18T20:35:13.832-0700][gc,heap       ] GC(634) Survivor regions: 3->4(77)
[2021-04-18T20:35:13.832-0700][gc,heap       ] GC(634) Old regions: 110->110
[2021-04-18T20:35:13.832-0700][gc,heap       ] GC(634) Humongous regions: 129->129
[2021-04-18T20:35:13.832-0700][gc,metaspace  ] GC(634) Metaspace: 41630K->41630K(1087488K)
[2021-04-18T20:35:13.833-0700][gc            ] GC(634) Pause Young (Normal) (G1 Evacuation Pause) 850M->240M(1024M) 12.596ms
[2021-04-18T20:35:13.833-0700][gc,cpu        ] GC(634) User=0.06s Sys=0.00s Real=0.01s
[2021-04-18T20:38:32.715-0700][gc,start      ] GC(635) Pause Young (Normal) (G1 Evacuation Pause)
[2021-04-18T20:38:32.715-0700][gc,task       ] GC(635) Using 8 workers of 8 for evacuation
[2021-04-18T20:38:32.723-0700][gc,phases     ] GC(635)   Pre Evacuate Collection Set: 0.0ms
[2021-04-18T20:38:32.723-0700][gc,phases     ] GC(635)   Evacuate Collection Set: 5.9ms
[2021-04-18T20:38:32.723-0700][gc,phases     ] GC(635)   Post Evacuate Collection Set: 1.4ms
[2021-04-18T20:38:32.723-0700][gc,phases     ] GC(635)   Other: 0.5ms
[2021-04-18T20:38:32.723-0700][gc,heap       ] GC(635) Eden regions: 610->0(610)
[2021-04-18T20:38:32.723-0700][gc,heap       ] GC(635) Survivor regions: 4->4(77)
[2021-04-18T20:38:32.723-0700][gc,heap       ] GC(635) Old regions: 110->110
[2021-04-18T20:38:32.723-0700][gc,heap       ] GC(635) Humongous regions: 129->129
[2021-04-18T20:38:32.723-0700][gc,metaspace  ] GC(635) Metaspace: 41630K->41630K(1087488K)
[2021-04-18T20:38:32.723-0700][gc            ] GC(635) Pause Young (Normal) (G1 Evacuation Pause) 850M->240M(1024M) 8.087ms
[2021-04-18T20:38:32.723-0700][gc,cpu        ] GC(635) User=0.05s Sys=0.00s Real=0.01s
[2021-04-18T20:41:51.583-0700][gc,start      ] GC(636) Pause Young (Normal) (G1 Evacuation Pause)
[2021-04-18T20:41:51.583-0700][gc,task       ] GC(636) Using 8 workers of 8 for evacuation
[2021-04-18T20:41:51.594-0700][gc,phases     ] GC(636)   Pre Evacuate Collection Set: 0.0ms
[2021-04-18T20:41:51.595-0700][gc,phases     ] GC(636)   Evacuate Collection Set: 9.1ms
[2021-04-18T20:41:51.595-0700][gc,phases     ] GC(636)   Post Evacuate Collection Set: 1.4ms
[2021-04-18T20:41:51.595-0700][gc,phases     ] GC(636)   Other: 0.6ms
[2021-04-18T20:41:51.595-0700][gc,heap       ] GC(636) Eden regions: 610->0(611)
[2021-04-18T20:41:51.595-0700][gc,heap       ] GC(636) Survivor regions: 4->3(77)
[2021-04-18T20:41:51.595-0700][gc,heap       ] GC(636) Old regions: 110->110
[2021-04-18T20:41:51.595-0700][gc,heap       ] GC(636) Humongous regions: 129->129
[2021-04-18T20:41:51.595-0700][gc,metaspace  ] GC(636) Metaspace: 41630K->41630K(1087488K)
[2021-04-18T20:41:51.595-0700][gc            ] GC(636) Pause Young (Normal) (G1 Evacuation Pause) 850M->240M(1024M) 11.389ms
[2021-04-18T20:41:51.595-0700][gc,cpu        ] GC(636) User=0.06s Sys=0.00s Real=0.01s
[2021-04-18T20:45:10.745-0700][gc,start      ] GC(637) Pause Young (Normal) (G1 Evacuation Pause)
[2021-04-18T20:45:10.745-0700][gc,task       ] GC(637) Using 8 workers of 8 for evacuation
[2021-04-18T20:45:10.752-0700][gc,phases     ] GC(637)   Pre Evacuate Collection Set: 0.0ms
[2021-04-18T20:45:10.752-0700][gc,phases     ] GC(637)   Evacuate Collection Set: 5.4ms
[2021-04-18T20:45:10.752-0700][gc,phases     ] GC(637)   Post Evacuate Collection Set: 1.3ms
[2021-04-18T20:45:10.752-0700][gc,phases     ] GC(637)   Other: 0.5ms
[2021-04-18T20:45:10.752-0700][gc,heap       ] GC(637) Eden regions: 611->0(611)
[2021-04-18T20:45:10.752-0700][gc,heap       ] GC(637) Survivor regions: 3->3(77)
[2021-04-18T20:45:10.752-0700][gc,heap       ] GC(637) Old regions: 110->110
[2021-04-18T20:45:10.752-0700][gc,heap       ] GC(637) Humongous regions: 129->129
[2021-04-18T20:45:10.752-0700][gc,metaspace  ] GC(637) Metaspace: 41630K->41630K(1087488K)
[2021-04-18T20:45:10.752-0700][gc            ] GC(637) Pause Young (Normal) (G1 Evacuation Pause) 851M->239M(1024M) 7.474ms
[2021-04-18T20:45:10.752-0700][gc,cpu        ] GC(637) User=0.05s Sys=0.00s Real=0.01s
[2021-04-18T20:48:29.870-0700][gc,start      ] GC(638) Pause Young (Normal) (G1 Evacuation Pause)
[2021-04-18T20:48:29.870-0700][gc,task       ] GC(638) Using 8 workers of 8 for evacuation
[2021-04-18T20:48:29.877-0700][gc,phases     ] GC(638)   Pre Evacuate Collection Set: 0.0ms
[2021-04-18T20:48:29.877-0700][gc,phases     ] GC(638)   Evacuate Collection Set: 4.9ms
[2021-04-18T20:48:29.877-0700][gc,phases     ] GC(638)   Post Evacuate Collection Set: 1.5ms
[2021-04-18T20:48:29.877-0700][gc,phases     ] GC(638)   Other: 0.5ms
[2021-04-18T20:48:29.877-0700][gc,heap       ] GC(638) Eden regions: 611->0(611)
[2021-04-18T20:48:29.877-0700][gc,heap       ] GC(638) Survivor regions: 3->3(77)
[2021-04-18T20:48:29.877-0700][gc,heap       ] GC(638) Old regions: 110->110
[2021-04-18T20:48:29.877-0700][gc,heap       ] GC(638) Humongous regions: 129->129
[2021-04-18T20:48:29.877-0700][gc,metaspace  ] GC(638) Metaspace: 41630K->41630K(1087488K)
[2021-04-18T20:48:29.877-0700][gc            ] GC(638) Pause Young (Normal) (G1 Evacuation Pause) 850M->239M(1024M) 7.148ms
[2021-04-18T20:48:29.877-0700][gc,cpu        ] GC(638) User=0.04s Sys=0.00s Real=0.01s
[2021-04-18T20:51:48.783-0700][gc,start      ] GC(639) Pause Young (Normal) (G1 Evacuation Pause)
[2021-04-18T20:51:48.783-0700][gc,task       ] GC(639) Using 8 workers of 8 for evacuation
[2021-04-18T20:51:48.794-0700][gc,phases     ] GC(639)   Pre Evacuate Collection Set: 0.0ms
[2021-04-18T20:51:48.794-0700][gc,phases     ] GC(639)   Evacuate Collection Set: 8.8ms
[2021-04-18T20:51:48.794-0700][gc,phases     ] GC(639)   Post Evacuate Collection Set: 1.7ms
[2021-04-18T20:51:48.794-0700][gc,phases     ] GC(639)   Other: 0.6ms
[2021-04-18T20:51:48.794-0700][gc,heap       ] GC(639) Eden regions: 611->0(611)
[2021-04-18T20:51:48.795-0700][gc,heap       ] GC(639) Survivor regions: 3->3(77)
[2021-04-18T20:51:48.795-0700][gc,heap       ] GC(639) Old regions: 110->110
[2021-04-18T20:51:48.795-0700][gc,heap       ] GC(639) Humongous regions: 129->129
[2021-04-18T20:51:48.795-0700][gc,metaspace  ] GC(639) Metaspace: 41630K->41630K(1087488K)
[2021-04-18T20:51:48.795-0700][gc            ] GC(639) Pause Young (Normal) (G1 Evacuation Pause) 850M->239M(1024M) 11.435ms
[2021-04-18T20:51:48.795-0700][gc,cpu        ] GC(639) User=0.06s Sys=0.00s Real=0.01s
[2021-04-18T20:55:06.849-0700][gc,start      ] GC(640) Pause Young (Normal) (G1 Evacuation Pause)
[2021-04-18T20:55:06.849-0700][gc,task       ] GC(640) Using 8 workers of 8 for evacuation
[2021-04-18T20:55:06.853-0700][gc,phases     ] GC(640)   Pre Evacuate Collection Set: 0.0ms
[2021-04-18T20:55:06.853-0700][gc,phases     ] GC(640)   Evacuate Collection Set: 3.6ms
[2021-04-18T20:55:06.853-0700][gc,phases     ] GC(640)   Post Evacuate Collection Set: 0.5ms
[2021-04-18T20:55:06.853-0700][gc,phases     ] GC(640)   Other: 0.2ms
[2021-04-18T20:55:06.853-0700][gc,heap       ] GC(640) Eden regions: 611->0(611)
[2021-04-18T20:55:06.854-0700][gc,heap       ] GC(640) Survivor regions: 3->3(77)
[2021-04-18T20:55:06.854-0700][gc,heap       ] GC(640) Old regions: 110->110
[2021-04-18T20:55:06.854-0700][gc,heap       ] GC(640) Humongous regions: 129->129
[2021-04-18T20:55:06.854-0700][gc,metaspace  ] GC(640) Metaspace: 41630K->41630K(1087488K)
[2021-04-18T20:55:06.854-0700][gc            ] GC(640) Pause Young (Normal) (G1 Evacuation Pause) 850M->240M(1024M) 4.469ms
[2021-04-18T20:55:06.854-0700][gc,cpu        ] GC(640) User=0.02s Sys=0.00s Real=0.00s
[2021-04-18T20:58:25.956-0700][gc,start      ] GC(641) Pause Young (Normal) (G1 Evacuation Pause)
[2021-04-18T20:58:25.956-0700][gc,task       ] GC(641) Using 8 workers of 8 for evacuation
[2021-04-18T20:58:25.963-0700][gc,phases     ] GC(641)   Pre Evacuate Collection Set: 0.0ms
[2021-04-18T20:58:25.964-0700][gc,phases     ] GC(641)   Evacuate Collection Set: 5.7ms
[2021-04-18T20:58:25.964-0700][gc,phases     ] GC(641)   Post Evacuate Collection Set: 1.1ms
[2021-04-18T20:58:25.964-0700][gc,phases     ] GC(641)   Other: 0.5ms
[2021-04-18T20:58:25.964-0700][gc,heap       ] GC(641) Eden regions: 611->0(611)
[2021-04-18T20:58:25.964-0700][gc,heap       ] GC(641) Survivor regions: 3->3(77)
[2021-04-18T20:58:25.964-0700][gc,heap       ] GC(641) Old regions: 110->110
[2021-04-18T20:58:25.964-0700][gc,heap       ] GC(641) Humongous regions: 129->129
[2021-04-18T20:58:25.964-0700][gc,metaspace  ] GC(641) Metaspace: 41630K->41630K(1087488K)
[2021-04-18T20:58:25.964-0700][gc            ] GC(641) Pause Young (Normal) (G1 Evacuation Pause) 851M->240M(1024M) 7.640ms
[2021-04-18T20:58:25.964-0700][gc,cpu        ] GC(641) User=0.04s Sys=0.01s Real=0.01s
[2021-04-18T21:01:45.185-0700][gc,start      ] GC(642) Pause Young (Normal) (G1 Evacuation Pause)
[2021-04-18T21:01:45.185-0700][gc,task       ] GC(642) Using 8 workers of 8 for evacuation
[2021-04-18T21:01:45.192-0700][gc,phases     ] GC(642)   Pre Evacuate Collection Set: 0.1ms
[2021-04-18T21:01:45.193-0700][gc,phases     ] GC(642)   Evacuate Collection Set: 5.7ms
[2021-04-18T21:01:45.193-0700][gc,phases     ] GC(642)   Post Evacuate Collection Set: 1.3ms
[2021-04-18T21:01:45.193-0700][gc,phases     ] GC(642)   Other: 0.6ms
[2021-04-18T21:01:45.193-0700][gc,heap       ] GC(642) Eden regions: 611->0(611)
[2021-04-18T21:01:45.193-0700][gc,heap       ] GC(642) Survivor regions: 3->3(77)
[2021-04-18T21:01:45.193-0700][gc,heap       ] GC(642) Old regions: 110->110
[2021-04-18T21:01:45.193-0700][gc,heap       ] GC(642) Humongous regions: 129->129
[2021-04-18T21:01:45.193-0700][gc,metaspace  ] GC(642) Metaspace: 41630K->41630K(1087488K)
[2021-04-18T21:01:45.193-0700][gc            ] GC(642) Pause Young (Normal) (G1 Evacuation Pause) 851M->240M(1024M) 7.923ms
[2021-04-18T21:01:45.193-0700][gc,cpu        ] GC(642) User=0.05s Sys=0.00s Real=0.01s
[2021-04-18T21:05:04.483-0700][gc,start      ] GC(643) Pause Young (Normal) (G1 Evacuation Pause)
[2021-04-18T21:05:04.483-0700][gc,task       ] GC(643) Using 8 workers of 8 for evacuation
[2021-04-18T21:05:04.488-0700][gc,phases     ] GC(643)   Pre Evacuate Collection Set: 0.0ms
[2021-04-18T21:05:04.488-0700][gc,phases     ] GC(643)   Evacuate Collection Set: 4.2ms
[2021-04-18T21:05:04.488-0700][gc,phases     ] GC(643)   Post Evacuate Collection Set: 0.8ms
[2021-04-18T21:05:04.488-0700][gc,phases     ] GC(643)   Other: 0.3ms
[2021-04-18T21:05:04.489-0700][gc,heap       ] GC(643) Eden regions: 611->0(611)
[2021-04-18T21:05:04.489-0700][gc,heap       ] GC(643) Survivor regions: 3->3(77)
[2021-04-18T21:05:04.489-0700][gc,heap       ] GC(643) Old regions: 110->110
[2021-04-18T21:05:04.489-0700][gc,heap       ] GC(643) Humongous regions: 129->129
[2021-04-18T21:05:04.489-0700][gc,metaspace  ] GC(643) Metaspace: 41630K->41630K(1087488K)
[2021-04-18T21:05:04.489-0700][gc            ] GC(643) Pause Young (Normal) (G1 Evacuation Pause) 851M->240M(1024M) 5.392ms
[2021-04-18T21:05:04.489-0700][gc,cpu        ] GC(643) User=0.03s Sys=0.00s Real=0.00s
[2021-04-18T21:08:23.211-0700][gc,start      ] GC(644) Pause Young (Normal) (G1 Evacuation Pause)
[2021-04-18T21:08:23.211-0700][gc,task       ] GC(644) Using 8 workers of 8 for evacuation
[2021-04-18T21:08:23.213-0700][gc,phases     ] GC(644)   Pre Evacuate Collection Set: 0.0ms
[2021-04-18T21:08:23.213-0700][gc,phases     ] GC(644)   Evacuate Collection Set: 2.2ms
[2021-04-18T21:08:23.213-0700][gc,phases     ] GC(644)   Post Evacuate Collection Set: 0.4ms
[2021-04-18T21:08:23.213-0700][gc,phases     ] GC(644)   Other: 0.2ms
[2021-04-18T21:08:23.213-0700][gc,heap       ] GC(644) Eden regions: 611->0(611)
[2021-04-18T21:08:23.213-0700][gc,heap       ] GC(644) Survivor regions: 3->3(77)
[2021-04-18T21:08:23.213-0700][gc,heap       ] GC(644) Old regions: 110->110
[2021-04-18T21:08:23.213-0700][gc,heap       ] GC(644) Humongous regions: 129->129
[2021-04-18T21:08:23.213-0700][gc,metaspace  ] GC(644) Metaspace: 41630K->41630K(1087488K)
[2021-04-18T21:08:23.213-0700][gc            ] GC(644) Pause Young (Normal) (G1 Evacuation Pause) 851M->239M(1024M) 2.864ms
[2021-04-18T21:08:23.213-0700][gc,cpu        ] GC(644) User=0.02s Sys=0.00s Real=0.00s
[2021-04-18T21:11:40.283-0700][gc,start      ] GC(645) Pause Young (Normal) (G1 Evacuation Pause)
[2021-04-18T21:11:40.283-0700][gc,task       ] GC(645) Using 8 workers of 8 for evacuation
[2021-04-18T21:11:40.286-0700][gc,phases     ] GC(645)   Pre Evacuate Collection Set: 0.0ms
[2021-04-18T21:11:40.286-0700][gc,phases     ] GC(645)   Evacuate Collection Set: 2.1ms
[2021-04-18T21:11:40.286-0700][gc,phases     ] GC(645)   Post Evacuate Collection Set: 0.6ms
[2021-04-18T21:11:40.286-0700][gc,phases     ] GC(645)   Other: 0.2ms
[2021-04-18T21:11:40.286-0700][gc,heap       ] GC(645) Eden regions: 611->0(612)
[2021-04-18T21:11:40.286-0700][gc,heap       ] GC(645) Survivor regions: 3->2(77)
[2021-04-18T21:11:40.286-0700][gc,heap       ] GC(645) Old regions: 110->110
[2021-04-18T21:11:40.286-0700][gc,heap       ] GC(645) Humongous regions: 129->129
[2021-04-18T21:11:40.286-0700][gc,metaspace  ] GC(645) Metaspace: 41631K->41631K(1087488K)
[2021-04-18T21:11:40.286-0700][gc            ] GC(645) Pause Young (Normal) (G1 Evacuation Pause) 850M->239M(1024M) 2.919ms
[2021-04-18T21:11:40.286-0700][gc,cpu        ] GC(645) User=0.01s Sys=0.00s Real=0.00s
[2021-04-18T21:14:59.244-0700][gc,start      ] GC(646) Pause Young (Normal) (G1 Evacuation Pause)
[2021-04-18T21:14:59.244-0700][gc,task       ] GC(646) Using 8 workers of 8 for evacuation
[2021-04-18T21:14:59.250-0700][gc,phases     ] GC(646)   Pre Evacuate Collection Set: 0.0ms
[2021-04-18T21:14:59.250-0700][gc,phases     ] GC(646)   Evacuate Collection Set: 4.7ms
[2021-04-18T21:14:59.250-0700][gc,phases     ] GC(646)   Post Evacuate Collection Set: 1.3ms
[2021-04-18T21:14:59.250-0700][gc,phases     ] GC(646)   Other: 0.5ms
[2021-04-18T21:14:59.250-0700][gc,heap       ] GC(646) Eden regions: 612->0(612)
[2021-04-18T21:14:59.250-0700][gc,heap       ] GC(646) Survivor regions: 2->2(77)
[2021-04-18T21:14:59.250-0700][gc,heap       ] GC(646) Old regions: 110->110
[2021-04-18T21:14:59.250-0700][gc,heap       ] GC(646) Humongous regions: 129->129
[2021-04-18T21:14:59.250-0700][gc,metaspace  ] GC(646) Metaspace: 41631K->41631K(1087488K)
[2021-04-18T21:14:59.251-0700][gc            ] GC(646) Pause Young (Normal) (G1 Evacuation Pause) 851M->239M(1024M) 6.823ms
[2021-04-18T21:14:59.251-0700][gc,cpu        ] GC(646) User=0.04s Sys=0.00s Real=0.01s
[2021-04-18T21:18:18.938-0700][gc,start      ] GC(647) Pause Young (Normal) (G1 Evacuation Pause)
[2021-04-18T21:18:18.938-0700][gc,task       ] GC(647) Using 8 workers of 8 for evacuation
[2021-04-18T21:18:18.945-0700][gc,phases     ] GC(647)   Pre Evacuate Collection Set: 0.0ms
[2021-04-18T21:18:18.946-0700][gc,phases     ] GC(647)   Evacuate Collection Set: 5.1ms
[2021-04-18T21:18:18.946-0700][gc,phases     ] GC(647)   Post Evacuate Collection Set: 1.7ms
[2021-04-18T21:18:18.946-0700][gc,phases     ] GC(647)   Other: 0.5ms
[2021-04-18T21:18:18.946-0700][gc,heap       ] GC(647) Eden regions: 612->0(612)
[2021-04-18T21:18:18.946-0700][gc,heap       ] GC(647) Survivor regions: 2->2(77)
[2021-04-18T21:18:18.946-0700][gc,heap       ] GC(647) Old regions: 110->110
[2021-04-18T21:18:18.946-0700][gc,heap       ] GC(647) Humongous regions: 129->129
[2021-04-18T21:18:18.946-0700][gc,metaspace  ] GC(647) Metaspace: 41631K->41631K(1087488K)
[2021-04-18T21:18:18.946-0700][gc            ] GC(647) Pause Young (Normal) (G1 Evacuation Pause) 851M->239M(1024M) 7.637ms
[2021-04-18T21:18:18.946-0700][gc,cpu        ] GC(647) User=0.03s Sys=0.01s Real=0.00s
[2021-04-18T21:21:38.374-0700][gc,start      ] GC(648) Pause Young (Normal) (G1 Evacuation Pause)
[2021-04-18T21:21:38.374-0700][gc,task       ] GC(648) Using 8 workers of 8 for evacuation
[2021-04-18T21:21:38.378-0700][gc,phases     ] GC(648)   Pre Evacuate Collection Set: 0.0ms
[2021-04-18T21:21:38.378-0700][gc,phases     ] GC(648)   Evacuate Collection Set: 3.1ms
[2021-04-18T21:21:38.378-0700][gc,phases     ] GC(648)   Post Evacuate Collection Set: 0.5ms
[2021-04-18T21:21:38.378-0700][gc,phases     ] GC(648)   Other: 0.2ms
[2021-04-18T21:21:38.378-0700][gc,heap       ] GC(648) Eden regions: 612->0(610)
[2021-04-18T21:21:38.378-0700][gc,heap       ] GC(648) Survivor regions: 2->4(77)
[2021-04-18T21:21:38.378-0700][gc,heap       ] GC(648) Old regions: 110->110
[2021-04-18T21:21:38.378-0700][gc,heap       ] GC(648) Humongous regions: 129->129
[2021-04-18T21:21:38.378-0700][gc,metaspace  ] GC(648) Metaspace: 41631K->41631K(1087488K)
[2021-04-18T21:21:38.378-0700][gc            ] GC(648) Pause Young (Normal) (G1 Evacuation Pause) 851M->240M(1024M) 3.921ms
[2021-04-18T21:21:38.378-0700][gc,cpu        ] GC(648) User=0.02s Sys=0.00s Real=0.01s
[2021-04-18T21:24:57.153-0700][gc,start      ] GC(649) Pause Young (Normal) (G1 Evacuation Pause)
[2021-04-18T21:24:57.153-0700][gc,task       ] GC(649) Using 8 workers of 8 for evacuation
[2021-04-18T21:24:57.166-0700][gc,phases     ] GC(649)   Pre Evacuate Collection Set: 0.0ms
[2021-04-18T21:24:57.166-0700][gc,phases     ] GC(649)   Evacuate Collection Set: 10.3ms
[2021-04-18T21:24:57.166-0700][gc,phases     ] GC(649)   Post Evacuate Collection Set: 1.4ms
[2021-04-18T21:24:57.166-0700][gc,phases     ] GC(649)   Other: 0.6ms
[2021-04-18T21:24:57.166-0700][gc,heap       ] GC(649) Eden regions: 610->0(611)
[2021-04-18T21:24:57.166-0700][gc,heap       ] GC(649) Survivor regions: 4->3(77)
[2021-04-18T21:24:57.166-0700][gc,heap       ] GC(649) Old regions: 110->110
[2021-04-18T21:24:57.166-0700][gc,heap       ] GC(649) Humongous regions: 129->129
[2021-04-18T21:24:57.166-0700][gc,metaspace  ] GC(649) Metaspace: 41631K->41631K(1087488K)
[2021-04-18T21:24:57.166-0700][gc            ] GC(649) Pause Young (Normal) (G1 Evacuation Pause) 850M->240M(1024M) 12.557ms
[2021-04-18T21:24:57.166-0700][gc,cpu        ] GC(649) User=0.07s Sys=0.01s Real=0.01s
[2021-04-18T21:28:16.336-0700][gc,start      ] GC(650) Pause Young (Normal) (G1 Evacuation Pause)
[2021-04-18T21:28:16.336-0700][gc,task       ] GC(650) Using 8 workers of 8 for evacuation
[2021-04-18T21:28:16.343-0700][gc,phases     ] GC(650)   Pre Evacuate Collection Set: 0.0ms
[2021-04-18T21:28:16.344-0700][gc,phases     ] GC(650)   Evacuate Collection Set: 5.6ms
[2021-04-18T21:28:16.344-0700][gc,phases     ] GC(650)   Post Evacuate Collection Set: 1.4ms
[2021-04-18T21:28:16.344-0700][gc,phases     ] GC(650)   Other: 0.5ms
[2021-04-18T21:28:16.344-0700][gc,heap       ] GC(650) Eden regions: 611->0(611)
[2021-04-18T21:28:16.344-0700][gc,heap       ] GC(650) Survivor regions: 3->3(77)
[2021-04-18T21:28:16.344-0700][gc,heap       ] GC(650) Old regions: 110->110
[2021-04-18T21:28:16.344-0700][gc,heap       ] GC(650) Humongous regions: 129->129
[2021-04-18T21:28:16.344-0700][gc,metaspace  ] GC(650) Metaspace: 41631K->41631K(1087488K)
[2021-04-18T21:28:16.344-0700][gc            ] GC(650) Pause Young (Normal) (G1 Evacuation Pause) 851M->240M(1024M) 7.844ms
[2021-04-18T21:28:16.344-0700][gc,cpu        ] GC(650) User=0.05s Sys=0.00s Real=0.01s
[2021-04-18T21:31:35.335-0700][gc,start      ] GC(651) Pause Young (Normal) (G1 Evacuation Pause)
[2021-04-18T21:31:35.357-0700][gc,task       ] GC(651) Using 8 workers of 8 for evacuation
[2021-04-18T21:31:35.364-0700][gc,phases     ] GC(651)   Pre Evacuate Collection Set: 0.0ms
[2021-04-18T21:31:35.364-0700][gc,phases     ] GC(651)   Evacuate Collection Set: 5.3ms
[2021-04-18T21:31:35.364-0700][gc,phases     ] GC(651)   Post Evacuate Collection Set: 1.4ms
[2021-04-18T21:31:35.364-0700][gc,phases     ] GC(651)   Other: 22.5ms
[2021-04-18T21:31:35.364-0700][gc,heap       ] GC(651) Eden regions: 611->0(611)
[2021-04-18T21:31:35.364-0700][gc,heap       ] GC(651) Survivor regions: 3->3(77)
[2021-04-18T21:31:35.364-0700][gc,heap       ] GC(651) Old regions: 110->110
[2021-04-18T21:31:35.364-0700][gc,heap       ] GC(651) Humongous regions: 129->129
[2021-04-18T21:31:35.364-0700][gc,metaspace  ] GC(651) Metaspace: 41631K->41631K(1087488K)
[2021-04-18T21:31:35.364-0700][gc            ] GC(651) Pause Young (Normal) (G1 Evacuation Pause) 851M->240M(1024M) 29.508ms
[2021-04-18T21:31:35.364-0700][gc,cpu        ] GC(651) User=0.05s Sys=0.00s Real=0.03s
[2021-04-18T21:34:54.976-0700][gc,start      ] GC(652) Pause Young (Normal) (G1 Evacuation Pause)
[2021-04-18T21:34:54.976-0700][gc,task       ] GC(652) Using 8 workers of 8 for evacuation
[2021-04-18T21:34:54.982-0700][gc,phases     ] GC(652)   Pre Evacuate Collection Set: 0.0ms
[2021-04-18T21:34:54.982-0700][gc,phases     ] GC(652)   Evacuate Collection Set: 5.2ms
[2021-04-18T21:34:54.982-0700][gc,phases     ] GC(652)   Post Evacuate Collection Set: 1.1ms
[2021-04-18T21:34:54.982-0700][gc,phases     ] GC(652)   Other: 0.5ms
[2021-04-18T21:34:54.982-0700][gc,heap       ] GC(652) Eden regions: 611->0(611)
[2021-04-18T21:34:54.982-0700][gc,heap       ] GC(652) Survivor regions: 3->3(77)
[2021-04-18T21:34:54.982-0700][gc,heap       ] GC(652) Old regions: 110->110
[2021-04-18T21:34:54.982-0700][gc,heap       ] GC(652) Humongous regions: 129->129
[2021-04-18T21:34:54.983-0700][gc,metaspace  ] GC(652) Metaspace: 41631K->41631K(1087488K)
[2021-04-18T21:34:54.983-0700][gc            ] GC(652) Pause Young (Normal) (G1 Evacuation Pause) 851M->240M(1024M) 7.016ms
[2021-04-18T21:34:54.983-0700][gc,cpu        ] GC(652) User=0.04s Sys=0.00s Real=0.01s
[2021-04-18T21:38:14.127-0700][gc,start      ] GC(653) Pause Young (Normal) (G1 Evacuation Pause)
[2021-04-18T21:38:14.127-0700][gc,task       ] GC(653) Using 8 workers of 8 for evacuation
[2021-04-18T21:38:14.133-0700][gc,phases     ] GC(653)   Pre Evacuate Collection Set: 0.0ms
[2021-04-18T21:38:14.134-0700][gc,phases     ] GC(653)   Evacuate Collection Set: 5.0ms
[2021-04-18T21:38:14.134-0700][gc,phases     ] GC(653)   Post Evacuate Collection Set: 1.3ms
[2021-04-18T21:38:14.134-0700][gc,phases     ] GC(653)   Other: 0.5ms
[2021-04-18T21:38:14.134-0700][gc,heap       ] GC(653) Eden regions: 611->0(611)
[2021-04-18T21:38:14.134-0700][gc,heap       ] GC(653) Survivor regions: 3->3(77)
[2021-04-18T21:38:14.134-0700][gc,heap       ] GC(653) Old regions: 110->110
[2021-04-18T21:38:14.134-0700][gc,heap       ] GC(653) Humongous regions: 129->129
[2021-04-18T21:38:14.134-0700][gc,metaspace  ] GC(653) Metaspace: 41631K->41631K(1087488K)
[2021-04-18T21:38:14.134-0700][gc            ] GC(653) Pause Young (Normal) (G1 Evacuation Pause) 851M->240M(1024M) 7.070ms
[2021-04-18T21:38:14.134-0700][gc,cpu        ] GC(653) User=0.03s Sys=0.01s Real=0.01s
[2021-04-18T21:41:33.724-0700][gc,start      ] GC(654) Pause Young (Normal) (G1 Evacuation Pause)
[2021-04-18T21:41:33.724-0700][gc,task       ] GC(654) Using 8 workers of 8 for evacuation
[2021-04-18T21:41:33.731-0700][gc,phases     ] GC(654)   Pre Evacuate Collection Set: 0.0ms
[2021-04-18T21:41:33.731-0700][gc,phases     ] GC(654)   Evacuate Collection Set: 5.1ms
[2021-04-18T21:41:33.731-0700][gc,phases     ] GC(654)   Post Evacuate Collection Set: 1.2ms
[2021-04-18T21:41:33.731-0700][gc,phases     ] GC(654)   Other: 0.5ms
[2021-04-18T21:41:33.731-0700][gc,heap       ] GC(654) Eden regions: 611->0(611)
[2021-04-18T21:41:33.731-0700][gc,heap       ] GC(654) Survivor regions: 3->3(77)
[2021-04-18T21:41:33.731-0700][gc,heap       ] GC(654) Old regions: 110->110
[2021-04-18T21:41:33.731-0700][gc,heap       ] GC(654) Humongous regions: 129->129
[2021-04-18T21:41:33.731-0700][gc,metaspace  ] GC(654) Metaspace: 41631K->41631K(1087488K)
[2021-04-18T21:41:33.731-0700][gc            ] GC(654) Pause Young (Normal) (G1 Evacuation Pause) 851M->239M(1024M) 7.034ms
[2021-04-18T21:41:33.731-0700][gc,cpu        ] GC(654) User=0.04s Sys=0.00s Real=0.01s
[2021-04-18T21:44:53.109-0700][gc,start      ] GC(655) Pause Young (Normal) (G1 Evacuation Pause)
[2021-04-18T21:44:53.109-0700][gc,task       ] GC(655) Using 8 workers of 8 for evacuation
[2021-04-18T21:44:53.116-0700][gc,phases     ] GC(655)   Pre Evacuate Collection Set: 0.0ms
[2021-04-18T21:44:53.116-0700][gc,phases     ] GC(655)   Evacuate Collection Set: 4.7ms
[2021-04-18T21:44:53.116-0700][gc,phases     ] GC(655)   Post Evacuate Collection Set: 1.3ms
[2021-04-18T21:44:53.116-0700][gc,phases     ] GC(655)   Other: 0.5ms
[2021-04-18T21:44:53.116-0700][gc,heap       ] GC(655) Eden regions: 611->0(611)
[2021-04-18T21:44:53.116-0700][gc,heap       ] GC(655) Survivor regions: 3->3(77)
[2021-04-18T21:44:53.116-0700][gc,heap       ] GC(655) Old regions: 110->110
[2021-04-18T21:44:53.116-0700][gc,heap       ] GC(655) Humongous regions: 129->129
[2021-04-18T21:44:53.116-0700][gc,metaspace  ] GC(655) Metaspace: 41631K->41631K(1087488K)
[2021-04-18T21:44:53.116-0700][gc            ] GC(655) Pause Young (Normal) (G1 Evacuation Pause) 850M->239M(1024M) 6.761ms
[2021-04-18T21:44:53.116-0700][gc,cpu        ] GC(655) User=0.04s Sys=0.00s Real=0.00s
[2021-04-18T21:48:12.682-0700][gc,start      ] GC(656) Pause Young (Normal) (G1 Evacuation Pause)
[2021-04-18T21:48:12.682-0700][gc,task       ] GC(656) Using 8 workers of 8 for evacuation
[2021-04-18T21:48:12.689-0700][gc,phases     ] GC(656)   Pre Evacuate Collection Set: 0.0ms
[2021-04-18T21:48:12.689-0700][gc,phases     ] GC(656)   Evacuate Collection Set: 4.8ms
[2021-04-18T21:48:12.689-0700][gc,phases     ] GC(656)   Post Evacuate Collection Set: 1.4ms
[2021-04-18T21:48:12.689-0700][gc,phases     ] GC(656)   Other: 0.5ms
[2021-04-18T21:48:12.689-0700][gc,heap       ] GC(656) Eden regions: 611->0(611)
[2021-04-18T21:48:12.689-0700][gc,heap       ] GC(656) Survivor regions: 3->3(77)
[2021-04-18T21:48:12.689-0700][gc,heap       ] GC(656) Old regions: 110->110
[2021-04-18T21:48:12.689-0700][gc,heap       ] GC(656) Humongous regions: 129->129
[2021-04-18T21:48:12.689-0700][gc,metaspace  ] GC(656) Metaspace: 41631K->41631K(1087488K)
[2021-04-18T21:48:12.689-0700][gc            ] GC(656) Pause Young (Normal) (G1 Evacuation Pause) 850M->239M(1024M) 7.087ms
[2021-04-18T21:48:12.689-0700][gc,cpu        ] GC(656) User=0.04s Sys=0.00s Real=0.01s
[2021-04-18T21:51:32.105-0700][gc,start      ] GC(657) Pause Young (Normal) (G1 Evacuation Pause)
[2021-04-18T21:51:32.105-0700][gc,task       ] GC(657) Using 8 workers of 8 for evacuation
[2021-04-18T21:51:32.114-0700][gc,phases     ] GC(657)   Pre Evacuate Collection Set: 0.0ms
[2021-04-18T21:51:32.114-0700][gc,phases     ] GC(657)   Evacuate Collection Set: 6.6ms
[2021-04-18T21:51:32.114-0700][gc,phases     ] GC(657)   Post Evacuate Collection Set: 1.6ms
[2021-04-18T21:51:32.114-0700][gc,phases     ] GC(657)   Other: 0.6ms
[2021-04-18T21:51:32.114-0700][gc,heap       ] GC(657) Eden regions: 611->0(610)
[2021-04-18T21:51:32.114-0700][gc,heap       ] GC(657) Survivor regions: 3->4(77)
[2021-04-18T21:51:32.114-0700][gc,heap       ] GC(657) Old regions: 110->110
[2021-04-18T21:51:32.114-0700][gc,heap       ] GC(657) Humongous regions: 129->129
[2021-04-18T21:51:32.114-0700][gc,metaspace  ] GC(657) Metaspace: 41631K->41631K(1087488K)
[2021-04-18T21:51:32.114-0700][gc            ] GC(657) Pause Young (Normal) (G1 Evacuation Pause) 850M->241M(1024M) 9.226ms
[2021-04-18T21:51:32.114-0700][gc,cpu        ] GC(657) User=0.05s Sys=0.01s Real=0.01s
[2021-04-18T21:54:50.369-0700][gc,start      ] GC(658) Pause Young (Normal) (G1 Evacuation Pause)
[2021-04-18T21:54:50.369-0700][gc,task       ] GC(658) Using 8 workers of 8 for evacuation
[2021-04-18T21:54:50.376-0700][gc,phases     ] GC(658)   Pre Evacuate Collection Set: 0.0ms
[2021-04-18T21:54:50.377-0700][gc,phases     ] GC(658)   Evacuate Collection Set: 6.0ms
[2021-04-18T21:54:50.377-0700][gc,phases     ] GC(658)   Post Evacuate Collection Set: 1.3ms
[2021-04-18T21:54:50.377-0700][gc,phases     ] GC(658)   Other: 0.5ms
[2021-04-18T21:54:50.377-0700][gc,heap       ] GC(658) Eden regions: 610->0(611)
[2021-04-18T21:54:50.377-0700][gc,heap       ] GC(658) Survivor regions: 4->3(77)
[2021-04-18T21:54:50.377-0700][gc,heap       ] GC(658) Old regions: 110->110
[2021-04-18T21:54:50.377-0700][gc,heap       ] GC(658) Humongous regions: 129->129
[2021-04-18T21:54:50.377-0700][gc,metaspace  ] GC(658) Metaspace: 41631K->41631K(1087488K)
[2021-04-18T21:54:50.377-0700][gc            ] GC(658) Pause Young (Normal) (G1 Evacuation Pause) 851M->240M(1024M) 8.200ms
[2021-04-18T21:54:50.377-0700][gc,cpu        ] GC(658) User=0.05s Sys=0.00s Real=0.01s
[2021-04-18T21:58:09.941-0700][gc,start      ] GC(659) Pause Young (Normal) (G1 Evacuation Pause)
[2021-04-18T21:58:09.941-0700][gc,task       ] GC(659) Using 8 workers of 8 for evacuation
[2021-04-18T21:58:09.948-0700][gc,phases     ] GC(659)   Pre Evacuate Collection Set: 0.0ms
[2021-04-18T21:58:09.948-0700][gc,phases     ] GC(659)   Evacuate Collection Set: 5.6ms
[2021-04-18T21:58:09.949-0700][gc,phases     ] GC(659)   Post Evacuate Collection Set: 1.1ms
[2021-04-18T21:58:09.949-0700][gc,phases     ] GC(659)   Other: 0.5ms
[2021-04-18T21:58:09.949-0700][gc,heap       ] GC(659) Eden regions: 611->0(611)
[2021-04-18T21:58:09.949-0700][gc,heap       ] GC(659) Survivor regions: 3->3(77)
[2021-04-18T21:58:09.949-0700][gc,heap       ] GC(659) Old regions: 110->110
[2021-04-18T21:58:09.949-0700][gc,heap       ] GC(659) Humongous regions: 129->129
[2021-04-18T21:58:09.949-0700][gc,metaspace  ] GC(659) Metaspace: 41631K->41631K(1087488K)
[2021-04-18T21:58:09.949-0700][gc            ] GC(659) Pause Young (Normal) (G1 Evacuation Pause) 851M->240M(1024M) 7.527ms
[2021-04-18T21:58:09.949-0700][gc,cpu        ] GC(659) User=0.04s Sys=0.00s Real=0.01s
[2021-04-18T22:01:29.013-0700][gc,start      ] GC(660) Pause Young (Normal) (G1 Evacuation Pause)
[2021-04-18T22:01:29.013-0700][gc,task       ] GC(660) Using 8 workers of 8 for evacuation
[2021-04-18T22:01:29.020-0700][gc,phases     ] GC(660)   Pre Evacuate Collection Set: 0.0ms
[2021-04-18T22:01:29.020-0700][gc,phases     ] GC(660)   Evacuate Collection Set: 5.0ms
[2021-04-18T22:01:29.020-0700][gc,phases     ] GC(660)   Post Evacuate Collection Set: 1.2ms
[2021-04-18T22:01:29.020-0700][gc,phases     ] GC(660)   Other: 0.5ms
[2021-04-18T22:01:29.020-0700][gc,heap       ] GC(660) Eden regions: 611->0(611)
[2021-04-18T22:01:29.020-0700][gc,heap       ] GC(660) Survivor regions: 3->3(77)
[2021-04-18T22:01:29.020-0700][gc,heap       ] GC(660) Old regions: 110->110
[2021-04-18T22:01:29.020-0700][gc,heap       ] GC(660) Humongous regions: 129->129
[2021-04-18T22:01:29.020-0700][gc,metaspace  ] GC(660) Metaspace: 41631K->41631K(1087488K)
[2021-04-18T22:01:29.020-0700][gc            ] GC(660) Pause Young (Normal) (G1 Evacuation Pause) 851M->240M(1024M) 7.011ms
[2021-04-18T22:01:29.020-0700][gc,cpu        ] GC(660) User=0.05s Sys=0.00s Real=0.01s
[2021-04-18T22:04:48.374-0700][gc,start      ] GC(661) Pause Young (Normal) (G1 Evacuation Pause)
[2021-04-18T22:04:48.374-0700][gc,task       ] GC(661) Using 8 workers of 8 for evacuation
[2021-04-18T22:04:48.381-0700][gc,phases     ] GC(661)   Pre Evacuate Collection Set: 0.0ms
[2021-04-18T22:04:48.381-0700][gc,phases     ] GC(661)   Evacuate Collection Set: 4.8ms
[2021-04-18T22:04:48.381-0700][gc,phases     ] GC(661)   Post Evacuate Collection Set: 1.3ms
[2021-04-18T22:04:48.381-0700][gc,phases     ] GC(661)   Other: 0.5ms
[2021-04-18T22:04:48.381-0700][gc,heap       ] GC(661) Eden regions: 611->0(611)
[2021-04-18T22:04:48.381-0700][gc,heap       ] GC(661) Survivor regions: 3->3(77)
[2021-04-18T22:04:48.381-0700][gc,heap       ] GC(661) Old regions: 110->110
[2021-04-18T22:04:48.381-0700][gc,heap       ] GC(661) Humongous regions: 129->129
[2021-04-18T22:04:48.381-0700][gc,metaspace  ] GC(661) Metaspace: 41631K->41631K(1087488K)
[2021-04-18T22:04:48.381-0700][gc            ] GC(661) Pause Young (Normal) (G1 Evacuation Pause) 851M->240M(1024M) 6.895ms
[2021-04-18T22:04:48.381-0700][gc,cpu        ] GC(661) User=0.04s Sys=0.00s Real=0.01s
[2021-04-18T22:08:07.612-0700][gc,start      ] GC(662) Pause Young (Normal) (G1 Evacuation Pause)
[2021-04-18T22:08:07.612-0700][gc,task       ] GC(662) Using 8 workers of 8 for evacuation
[2021-04-18T22:08:07.617-0700][gc,phases     ] GC(662)   Pre Evacuate Collection Set: 0.1ms
[2021-04-18T22:08:07.617-0700][gc,phases     ] GC(662)   Evacuate Collection Set: 3.5ms
[2021-04-18T22:08:07.617-0700][gc,phases     ] GC(662)   Post Evacuate Collection Set: 1.3ms
[2021-04-18T22:08:07.617-0700][gc,phases     ] GC(662)   Other: 0.4ms
[2021-04-18T22:08:07.617-0700][gc,heap       ] GC(662) Eden regions: 611->0(612)
[2021-04-18T22:08:07.618-0700][gc,heap       ] GC(662) Survivor regions: 3->2(77)
[2021-04-18T22:08:07.618-0700][gc,heap       ] GC(662) Old regions: 110->111
[2021-04-18T22:08:07.618-0700][gc,heap       ] GC(662) Humongous regions: 129->129
[2021-04-18T22:08:07.618-0700][gc,metaspace  ] GC(662) Metaspace: 41631K->41631K(1087488K)
[2021-04-18T22:08:07.618-0700][gc            ] GC(662) Pause Young (Normal) (G1 Evacuation Pause) 851M->239M(1024M) 5.436ms
[2021-04-18T22:08:07.618-0700][gc,cpu        ] GC(662) User=0.03s Sys=0.00s Real=0.01s
[2021-04-18T22:11:27.033-0700][gc,start      ] GC(663) Pause Young (Normal) (G1 Evacuation Pause)
[2021-04-18T22:11:27.033-0700][gc,task       ] GC(663) Using 8 workers of 8 for evacuation
[2021-04-18T22:11:27.036-0700][gc,phases     ] GC(663)   Pre Evacuate Collection Set: 0.0ms
[2021-04-18T22:11:27.036-0700][gc,phases     ] GC(663)   Evacuate Collection Set: 2.2ms
[2021-04-18T22:11:27.036-0700][gc,phases     ] GC(663)   Post Evacuate Collection Set: 0.5ms
[2021-04-18T22:11:27.036-0700][gc,phases     ] GC(663)   Other: 0.2ms
[2021-04-18T22:11:27.036-0700][gc,heap       ] GC(663) Eden regions: 612->0(612)
[2021-04-18T22:11:27.036-0700][gc,heap       ] GC(663) Survivor regions: 2->2(77)
[2021-04-18T22:11:27.036-0700][gc,heap       ] GC(663) Old regions: 111->111
[2021-04-18T22:11:27.036-0700][gc,heap       ] GC(663) Humongous regions: 129->129
[2021-04-18T22:11:27.036-0700][gc,metaspace  ] GC(663) Metaspace: 41631K->41631K(1087488K)
[2021-04-18T22:11:27.036-0700][gc            ] GC(663) Pause Young (Normal) (G1 Evacuation Pause) 851M->239M(1024M) 2.963ms
[2021-04-18T22:11:27.036-0700][gc,cpu        ] GC(663) User=0.01s Sys=0.01s Real=0.00s
[2021-04-18T22:14:46.785-0700][gc,start      ] GC(664) Pause Young (Normal) (G1 Evacuation Pause)
[2021-04-18T22:14:46.786-0700][gc,task       ] GC(664) Using 8 workers of 8 for evacuation
[2021-04-18T22:14:46.792-0700][gc,phases     ] GC(664)   Pre Evacuate Collection Set: 0.0ms
[2021-04-18T22:14:46.792-0700][gc,phases     ] GC(664)   Evacuate Collection Set: 4.5ms
[2021-04-18T22:14:46.792-0700][gc,phases     ] GC(664)   Post Evacuate Collection Set: 1.2ms
[2021-04-18T22:14:46.792-0700][gc,phases     ] GC(664)   Other: 0.5ms
[2021-04-18T22:14:46.792-0700][gc,heap       ] GC(664) Eden regions: 612->0(612)
[2021-04-18T22:14:46.792-0700][gc,heap       ] GC(664) Survivor regions: 2->2(77)
[2021-04-18T22:14:46.792-0700][gc,heap       ] GC(664) Old regions: 111->111
[2021-04-18T22:14:46.792-0700][gc,heap       ] GC(664) Humongous regions: 129->129
[2021-04-18T22:14:46.792-0700][gc,metaspace  ] GC(664) Metaspace: 41631K->41631K(1087488K)
[2021-04-18T22:14:46.792-0700][gc            ] GC(664) Pause Young (Normal) (G1 Evacuation Pause) 851M->239M(1024M) 6.424ms
[2021-04-18T22:14:46.792-0700][gc,cpu        ] GC(664) User=0.03s Sys=0.01s Real=0.01s
[2021-04-18T22:18:06.710-0700][gc,start      ] GC(665) Pause Young (Normal) (G1 Evacuation Pause)
[2021-04-18T22:18:06.710-0700][gc,task       ] GC(665) Using 8 workers of 8 for evacuation
[2021-04-18T22:18:06.717-0700][gc,phases     ] GC(665)   Pre Evacuate Collection Set: 0.0ms
[2021-04-18T22:18:06.717-0700][gc,phases     ] GC(665)   Evacuate Collection Set: 4.9ms
[2021-04-18T22:18:06.717-0700][gc,phases     ] GC(665)   Post Evacuate Collection Set: 1.2ms
[2021-04-18T22:18:06.717-0700][gc,phases     ] GC(665)   Other: 0.5ms
[2021-04-18T22:18:06.717-0700][gc,heap       ] GC(665) Eden regions: 612->0(611)
[2021-04-18T22:18:06.717-0700][gc,heap       ] GC(665) Survivor regions: 2->3(77)
[2021-04-18T22:18:06.717-0700][gc,heap       ] GC(665) Old regions: 111->111
[2021-04-18T22:18:06.717-0700][gc,heap       ] GC(665) Humongous regions: 129->129
[2021-04-18T22:18:06.717-0700][gc,metaspace  ] GC(665) Metaspace: 41631K->41631K(1087488K)
[2021-04-18T22:18:06.717-0700][gc            ] GC(665) Pause Young (Normal) (G1 Evacuation Pause) 851M->239M(1024M) 6.917ms
[2021-04-18T22:18:06.717-0700][gc,cpu        ] GC(665) User=0.04s Sys=0.00s Real=0.01s
[2021-04-18T22:21:26.061-0700][gc,start      ] GC(666) Pause Young (Normal) (G1 Evacuation Pause)
[2021-04-18T22:21:26.061-0700][gc,task       ] GC(666) Using 8 workers of 8 for evacuation
[2021-04-18T22:21:26.067-0700][gc,phases     ] GC(666)   Pre Evacuate Collection Set: 0.0ms
[2021-04-18T22:21:26.067-0700][gc,phases     ] GC(666)   Evacuate Collection Set: 4.4ms
[2021-04-18T22:21:26.067-0700][gc,phases     ] GC(666)   Post Evacuate Collection Set: 1.4ms
[2021-04-18T22:21:26.067-0700][gc,phases     ] GC(666)   Other: 0.5ms
[2021-04-18T22:21:26.067-0700][gc,heap       ] GC(666) Eden regions: 611->0(612)
[2021-04-18T22:21:26.067-0700][gc,heap       ] GC(666) Survivor regions: 3->2(77)
[2021-04-18T22:21:26.067-0700][gc,heap       ] GC(666) Old regions: 111->111
[2021-04-18T22:21:26.067-0700][gc,heap       ] GC(666) Humongous regions: 129->129
[2021-04-18T22:21:26.067-0700][gc,metaspace  ] GC(666) Metaspace: 41631K->41631K(1087488K)
[2021-04-18T22:21:26.067-0700][gc            ] GC(666) Pause Young (Normal) (G1 Evacuation Pause) 850M->239M(1024M) 6.626ms
[2021-04-18T22:21:26.068-0700][gc,cpu        ] GC(666) User=0.03s Sys=0.00s Real=0.00s
[2021-04-18T22:24:45.633-0700][gc,start      ] GC(667) Pause Young (Normal) (G1 Evacuation Pause)
[2021-04-18T22:24:45.633-0700][gc,task       ] GC(667) Using 8 workers of 8 for evacuation
[2021-04-18T22:24:45.641-0700][gc,phases     ] GC(667)   Pre Evacuate Collection Set: 0.0ms
[2021-04-18T22:24:45.641-0700][gc,phases     ] GC(667)   Evacuate Collection Set: 6.1ms
[2021-04-18T22:24:45.641-0700][gc,phases     ] GC(667)   Post Evacuate Collection Set: 1.2ms
[2021-04-18T22:24:45.641-0700][gc,phases     ] GC(667)   Other: 0.5ms
[2021-04-18T22:24:45.641-0700][gc,heap       ] GC(667) Eden regions: 612->0(610)
[2021-04-18T22:24:45.641-0700][gc,heap       ] GC(667) Survivor regions: 2->4(77)
[2021-04-18T22:24:45.641-0700][gc,heap       ] GC(667) Old regions: 111->111
[2021-04-18T22:24:45.641-0700][gc,heap       ] GC(667) Humongous regions: 129->129
[2021-04-18T22:24:45.641-0700][gc,metaspace  ] GC(667) Metaspace: 41631K->41631K(1087488K)
[2021-04-18T22:24:45.641-0700][gc            ] GC(667) Pause Young (Normal) (G1 Evacuation Pause) 851M->241M(1024M) 8.151ms
[2021-04-18T22:24:45.642-0700][gc,cpu        ] GC(667) User=0.05s Sys=0.01s Real=0.01s
[2021-04-18T22:28:04.695-0700][gc,start      ] GC(668) Pause Young (Normal) (G1 Evacuation Pause)
[2021-04-18T22:28:04.695-0700][gc,task       ] GC(668) Using 8 workers of 8 for evacuation
[2021-04-18T22:28:04.699-0700][gc,phases     ] GC(668)   Pre Evacuate Collection Set: 0.0ms
[2021-04-18T22:28:04.699-0700][gc,phases     ] GC(668)   Evacuate Collection Set: 2.5ms
[2021-04-18T22:28:04.699-0700][gc,phases     ] GC(668)   Post Evacuate Collection Set: 0.8ms
[2021-04-18T22:28:04.699-0700][gc,phases     ] GC(668)   Other: 0.2ms
[2021-04-18T22:28:04.699-0700][gc,heap       ] GC(668) Eden regions: 610->0(610)
[2021-04-18T22:28:04.699-0700][gc,heap       ] GC(668) Survivor regions: 4->4(77)
[2021-04-18T22:28:04.699-0700][gc,heap       ] GC(668) Old regions: 111->111
[2021-04-18T22:28:04.699-0700][gc,heap       ] GC(668) Humongous regions: 129->129
[2021-04-18T22:28:04.699-0700][gc,metaspace  ] GC(668) Metaspace: 41631K->41631K(1087488K)
[2021-04-18T22:28:04.699-0700][gc            ] GC(668) Pause Young (Normal) (G1 Evacuation Pause) 851M->240M(1024M) 3.769ms
[2021-04-18T22:28:04.699-0700][gc,cpu        ] GC(668) User=0.02s Sys=0.00s Real=0.01s
[2021-04-18T22:31:23.667-0700][gc,start      ] GC(669) Pause Young (Normal) (G1 Evacuation Pause)
[2021-04-18T22:31:23.667-0700][gc,task       ] GC(669) Using 8 workers of 8 for evacuation
[2021-04-18T22:31:23.678-0700][gc,phases     ] GC(669)   Pre Evacuate Collection Set: 0.0ms
[2021-04-18T22:31:23.678-0700][gc,phases     ] GC(669)   Evacuate Collection Set: 8.7ms
[2021-04-18T22:31:23.678-0700][gc,phases     ] GC(669)   Post Evacuate Collection Set: 1.2ms
[2021-04-18T22:31:23.678-0700][gc,phases     ] GC(669)   Other: 0.5ms
[2021-04-18T22:31:23.678-0700][gc,heap       ] GC(669) Eden regions: 610->0(611)
[2021-04-18T22:31:23.678-0700][gc,heap       ] GC(669) Survivor regions: 4->3(77)
[2021-04-18T22:31:23.678-0700][gc,heap       ] GC(669) Old regions: 111->111
[2021-04-18T22:31:23.678-0700][gc,heap       ] GC(669) Humongous regions: 129->129
[2021-04-18T22:31:23.678-0700][gc,metaspace  ] GC(669) Metaspace: 41631K->41631K(1087488K)
[2021-04-18T22:31:23.678-0700][gc            ] GC(669) Pause Young (Normal) (G1 Evacuation Pause) 850M->240M(1024M) 10.667ms
[2021-04-18T22:31:23.678-0700][gc,cpu        ] GC(669) User=0.06s Sys=0.00s Real=0.02s
[2021-04-18T22:34:43.283-0700][gc,start      ] GC(670) Pause Young (Normal) (G1 Evacuation Pause)
[2021-04-18T22:34:43.283-0700][gc,task       ] GC(670) Using 8 workers of 8 for evacuation
[2021-04-18T22:34:43.290-0700][gc,phases     ] GC(670)   Pre Evacuate Collection Set: 0.0ms
[2021-04-18T22:34:43.290-0700][gc,phases     ] GC(670)   Evacuate Collection Set: 5.3ms
[2021-04-18T22:34:43.290-0700][gc,phases     ] GC(670)   Post Evacuate Collection Set: 1.3ms
[2021-04-18T22:34:43.291-0700][gc,phases     ] GC(670)   Other: 0.5ms
[2021-04-18T22:34:43.291-0700][gc,heap       ] GC(670) Eden regions: 611->0(611)
[2021-04-18T22:34:43.291-0700][gc,heap       ] GC(670) Survivor regions: 3->3(77)
[2021-04-18T22:34:43.291-0700][gc,heap       ] GC(670) Old regions: 111->111
[2021-04-18T22:34:43.291-0700][gc,heap       ] GC(670) Humongous regions: 129->129
[2021-04-18T22:34:43.291-0700][gc,metaspace  ] GC(670) Metaspace: 41631K->41631K(1087488K)
[2021-04-18T22:34:43.291-0700][gc            ] GC(670) Pause Young (Normal) (G1 Evacuation Pause) 851M->240M(1024M) 7.310ms
[2021-04-18T22:34:43.291-0700][gc,cpu        ] GC(670) User=0.04s Sys=0.00s Real=0.01s
[2021-04-18T22:38:02.638-0700][gc,start      ] GC(671) Pause Young (Normal) (G1 Evacuation Pause)
[2021-04-18T22:38:02.638-0700][gc,task       ] GC(671) Using 8 workers of 8 for evacuation
[2021-04-18T22:38:02.645-0700][gc,phases     ] GC(671)   Pre Evacuate Collection Set: 0.0ms
[2021-04-18T22:38:02.645-0700][gc,phases     ] GC(671)   Evacuate Collection Set: 5.1ms
[2021-04-18T22:38:02.645-0700][gc,phases     ] GC(671)   Post Evacuate Collection Set: 1.2ms
[2021-04-18T22:38:02.645-0700][gc,phases     ] GC(671)   Other: 0.5ms
[2021-04-18T22:38:02.645-0700][gc,heap       ] GC(671) Eden regions: 611->0(611)
[2021-04-18T22:38:02.645-0700][gc,heap       ] GC(671) Survivor regions: 3->3(77)
[2021-04-18T22:38:02.645-0700][gc,heap       ] GC(671) Old regions: 111->111
[2021-04-18T22:38:02.645-0700][gc,heap       ] GC(671) Humongous regions: 129->129
[2021-04-18T22:38:02.645-0700][gc,metaspace  ] GC(671) Metaspace: 41631K->41631K(1087488K)
[2021-04-18T22:38:02.645-0700][gc            ] GC(671) Pause Young (Normal) (G1 Evacuation Pause) 851M->240M(1024M) 7.132ms
[2021-04-18T22:38:02.645-0700][gc,cpu        ] GC(671) User=0.04s Sys=0.00s Real=0.00s
[2021-04-18T22:41:21.927-0700][gc,start      ] GC(672) Pause Young (Normal) (G1 Evacuation Pause)
[2021-04-18T22:41:21.927-0700][gc,task       ] GC(672) Using 8 workers of 8 for evacuation
[2021-04-18T22:41:21.930-0700][gc,phases     ] GC(672)   Pre Evacuate Collection Set: 0.0ms
[2021-04-18T22:41:21.930-0700][gc,phases     ] GC(672)   Evacuate Collection Set: 1.9ms
[2021-04-18T22:41:21.930-0700][gc,phases     ] GC(672)   Post Evacuate Collection Set: 0.6ms
[2021-04-18T22:41:21.930-0700][gc,phases     ] GC(672)   Other: 0.2ms
[2021-04-18T22:41:21.930-0700][gc,heap       ] GC(672) Eden regions: 611->0(611)
[2021-04-18T22:41:21.930-0700][gc,heap       ] GC(672) Survivor regions: 3->3(77)
[2021-04-18T22:41:21.930-0700][gc,heap       ] GC(672) Old regions: 111->111
[2021-04-18T22:41:21.930-0700][gc,heap       ] GC(672) Humongous regions: 129->129
[2021-04-18T22:41:21.930-0700][gc,metaspace  ] GC(672) Metaspace: 41631K->41631K(1087488K)
[2021-04-18T22:41:21.930-0700][gc            ] GC(672) Pause Young (Normal) (G1 Evacuation Pause) 851M->240M(1024M) 2.859ms
[2021-04-18T22:41:21.930-0700][gc,cpu        ] GC(672) User=0.02s Sys=0.00s Real=0.01s
[2021-04-18T22:44:41.092-0700][gc,start      ] GC(673) Pause Young (Normal) (G1 Evacuation Pause)
[2021-04-18T22:44:41.092-0700][gc,task       ] GC(673) Using 8 workers of 8 for evacuation
[2021-04-18T22:44:41.099-0700][gc,phases     ] GC(673)   Pre Evacuate Collection Set: 0.0ms
[2021-04-18T22:44:41.099-0700][gc,phases     ] GC(673)   Evacuate Collection Set: 5.5ms
[2021-04-18T22:44:41.099-0700][gc,phases     ] GC(673)   Post Evacuate Collection Set: 1.5ms
[2021-04-18T22:44:41.099-0700][gc,phases     ] GC(673)   Other: 0.5ms
[2021-04-18T22:44:41.099-0700][gc,heap       ] GC(673) Eden regions: 611->0(611)
[2021-04-18T22:44:41.099-0700][gc,heap       ] GC(673) Survivor regions: 3->3(77)
[2021-04-18T22:44:41.099-0700][gc,heap       ] GC(673) Old regions: 111->111
[2021-04-18T22:44:41.099-0700][gc,heap       ] GC(673) Humongous regions: 129->129
[2021-04-18T22:44:41.099-0700][gc,metaspace  ] GC(673) Metaspace: 41631K->41631K(1087488K)
[2021-04-18T22:44:41.099-0700][gc            ] GC(673) Pause Young (Normal) (G1 Evacuation Pause) 851M->240M(1024M) 7.847ms
[2021-04-18T22:44:41.100-0700][gc,cpu        ] GC(673) User=0.04s Sys=0.00s Real=0.01s
[2021-04-18T22:48:00.368-0700][gc,start      ] GC(674) Pause Young (Normal) (G1 Evacuation Pause)
[2021-04-18T22:48:00.368-0700][gc,task       ] GC(674) Using 8 workers of 8 for evacuation
[2021-04-18T22:48:00.379-0700][gc,phases     ] GC(674)   Pre Evacuate Collection Set: 0.1ms
[2021-04-18T22:48:00.379-0700][gc,phases     ] GC(674)   Evacuate Collection Set: 8.3ms
[2021-04-18T22:48:00.379-0700][gc,phases     ] GC(674)   Post Evacuate Collection Set: 1.3ms
[2021-04-18T22:48:00.379-0700][gc,phases     ] GC(674)   Other: 0.6ms
[2021-04-18T22:48:00.379-0700][gc,heap       ] GC(674) Eden regions: 611->0(612)
[2021-04-18T22:48:00.379-0700][gc,heap       ] GC(674) Survivor regions: 3->2(77)
[2021-04-18T22:48:00.379-0700][gc,heap       ] GC(674) Old regions: 111->111
[2021-04-18T22:48:00.379-0700][gc,heap       ] GC(674) Humongous regions: 129->129
[2021-04-18T22:48:00.379-0700][gc,metaspace  ] GC(674) Metaspace: 41631K->41631K(1087488K)
[2021-04-18T22:48:00.379-0700][gc            ] GC(674) Pause Young (Normal) (G1 Evacuation Pause) 851M->239M(1024M) 10.544ms
[2021-04-18T22:48:00.379-0700][gc,cpu        ] GC(674) User=0.06s Sys=0.00s Real=0.02s
[2021-04-18T22:51:20.272-0700][gc,start      ] GC(675) Pause Young (Normal) (G1 Evacuation Pause)
[2021-04-18T22:51:20.272-0700][gc,task       ] GC(675) Using 8 workers of 8 for evacuation
[2021-04-18T22:51:20.278-0700][gc,phases     ] GC(675)   Pre Evacuate Collection Set: 0.0ms
[2021-04-18T22:51:20.278-0700][gc,phases     ] GC(675)   Evacuate Collection Set: 4.3ms
[2021-04-18T22:51:20.278-0700][gc,phases     ] GC(675)   Post Evacuate Collection Set: 1.4ms
[2021-04-18T22:51:20.278-0700][gc,phases     ] GC(675)   Other: 0.5ms
[2021-04-18T22:51:20.278-0700][gc,heap       ] GC(675) Eden regions: 612->0(612)
[2021-04-18T22:51:20.278-0700][gc,heap       ] GC(675) Survivor regions: 2->2(77)
[2021-04-18T22:51:20.278-0700][gc,heap       ] GC(675) Old regions: 111->111
[2021-04-18T22:51:20.278-0700][gc,heap       ] GC(675) Humongous regions: 129->129
[2021-04-18T22:51:20.278-0700][gc,metaspace  ] GC(675) Metaspace: 41644K->41644K(1087488K)
[2021-04-18T22:51:20.278-0700][gc            ] GC(675) Pause Young (Normal) (G1 Evacuation Pause) 851M->239M(1024M) 6.620ms
[2021-04-18T22:51:20.278-0700][gc,cpu        ] GC(675) User=0.04s Sys=0.00s Real=0.01s
[2021-04-18T22:54:39.008-0700][gc,start      ] GC(676) Pause Young (Normal) (G1 Evacuation Pause)
[2021-04-18T22:54:39.008-0700][gc,task       ] GC(676) Using 8 workers of 8 for evacuation
[2021-04-18T22:54:39.017-0700][gc,phases     ] GC(676)   Pre Evacuate Collection Set: 0.0ms
[2021-04-18T22:54:39.017-0700][gc,phases     ] GC(676)   Evacuate Collection Set: 7.1ms
[2021-04-18T22:54:39.017-0700][gc,phases     ] GC(676)   Post Evacuate Collection Set: 1.0ms
[2021-04-18T22:54:39.017-0700][gc,phases     ] GC(676)   Other: 0.5ms
[2021-04-18T22:54:39.017-0700][gc,heap       ] GC(676) Eden regions: 612->0(610)
[2021-04-18T22:54:39.017-0700][gc,heap       ] GC(676) Survivor regions: 2->4(77)
[2021-04-18T22:54:39.017-0700][gc,heap       ] GC(676) Old regions: 111->111
[2021-04-18T22:54:39.017-0700][gc,heap       ] GC(676) Humongous regions: 129->129
[2021-04-18T22:54:39.017-0700][gc,metaspace  ] GC(676) Metaspace: 41653K->41653K(1087488K)
[2021-04-18T22:54:39.017-0700][gc            ] GC(676) Pause Young (Normal) (G1 Evacuation Pause) 851M->240M(1024M) 8.831ms
[2021-04-18T22:54:39.017-0700][gc,cpu        ] GC(676) User=0.05s Sys=0.00s Real=0.02s
[2021-04-18T22:57:57.928-0700][gc,start      ] GC(677) Pause Young (Normal) (G1 Evacuation Pause)
[2021-04-18T22:57:57.928-0700][gc,task       ] GC(677) Using 8 workers of 8 for evacuation
[2021-04-18T22:57:57.939-0700][gc,phases     ] GC(677)   Pre Evacuate Collection Set: 0.0ms
[2021-04-18T22:57:57.939-0700][gc,phases     ] GC(677)   Evacuate Collection Set: 8.1ms
[2021-04-18T22:57:57.939-0700][gc,phases     ] GC(677)   Post Evacuate Collection Set: 1.7ms
[2021-04-18T22:57:57.939-0700][gc,phases     ] GC(677)   Other: 0.6ms
[2021-04-18T22:57:57.939-0700][gc,heap       ] GC(677) Eden regions: 610->0(611)
[2021-04-18T22:57:57.939-0700][gc,heap       ] GC(677) Survivor regions: 4->3(77)
[2021-04-18T22:57:57.939-0700][gc,heap       ] GC(677) Old regions: 111->111
[2021-04-18T22:57:57.939-0700][gc,heap       ] GC(677) Humongous regions: 129->129
[2021-04-18T22:57:57.939-0700][gc,metaspace  ] GC(677) Metaspace: 41653K->41653K(1087488K)
[2021-04-18T22:57:57.939-0700][gc            ] GC(677) Pause Young (Normal) (G1 Evacuation Pause) 850M->240M(1024M) 10.796ms
[2021-04-18T22:57:57.939-0700][gc,cpu        ] GC(677) User=0.04s Sys=0.02s Real=0.02s
[2021-04-18T23:01:16.881-0700][gc,start      ] GC(678) Pause Young (Normal) (G1 Evacuation Pause)
[2021-04-18T23:01:16.881-0700][gc,task       ] GC(678) Using 8 workers of 8 for evacuation
[2021-04-18T23:01:16.887-0700][gc,phases     ] GC(678)   Pre Evacuate Collection Set: 0.0ms
[2021-04-18T23:01:16.888-0700][gc,phases     ] GC(678)   Evacuate Collection Set: 5.2ms
[2021-04-18T23:01:16.888-0700][gc,phases     ] GC(678)   Post Evacuate Collection Set: 1.2ms
[2021-04-18T23:01:16.888-0700][gc,phases     ] GC(678)   Other: 0.5ms
[2021-04-18T23:01:16.888-0700][gc,heap       ] GC(678) Eden regions: 611->0(611)
[2021-04-18T23:01:16.888-0700][gc,heap       ] GC(678) Survivor regions: 3->3(77)
[2021-04-18T23:01:16.888-0700][gc,heap       ] GC(678) Old regions: 111->111
[2021-04-18T23:01:16.888-0700][gc,heap       ] GC(678) Humongous regions: 129->129
[2021-04-18T23:01:16.888-0700][gc,metaspace  ] GC(678) Metaspace: 41653K->41653K(1087488K)
[2021-04-18T23:01:16.888-0700][gc            ] GC(678) Pause Young (Normal) (G1 Evacuation Pause) 851M->240M(1024M) 7.091ms
[2021-04-18T23:01:16.888-0700][gc,cpu        ] GC(678) User=0.04s Sys=0.00s Real=0.00s
[2021-04-18T23:04:35.965-0700][gc,start      ] GC(679) Pause Young (Normal) (G1 Evacuation Pause)
[2021-04-18T23:04:35.965-0700][gc,task       ] GC(679) Using 8 workers of 8 for evacuation
[2021-04-18T23:04:35.972-0700][gc,phases     ] GC(679)   Pre Evacuate Collection Set: 0.0ms
[2021-04-18T23:04:35.972-0700][gc,phases     ] GC(679)   Evacuate Collection Set: 5.0ms
[2021-04-18T23:04:35.972-0700][gc,phases     ] GC(679)   Post Evacuate Collection Set: 1.5ms
[2021-04-18T23:04:35.972-0700][gc,phases     ] GC(679)   Other: 0.5ms
[2021-04-18T23:04:35.972-0700][gc,heap       ] GC(679) Eden regions: 611->0(611)
[2021-04-18T23:04:35.972-0700][gc,heap       ] GC(679) Survivor regions: 3->3(77)
[2021-04-18T23:04:35.972-0700][gc,heap       ] GC(679) Old regions: 111->111
[2021-04-18T23:04:35.972-0700][gc,heap       ] GC(679) Humongous regions: 129->129
[2021-04-18T23:04:35.972-0700][gc,metaspace  ] GC(679) Metaspace: 41653K->41653K(1087488K)
[2021-04-18T23:04:35.972-0700][gc            ] GC(679) Pause Young (Normal) (G1 Evacuation Pause) 851M->240M(1024M) 7.345ms
[2021-04-18T23:04:35.972-0700][gc,cpu        ] GC(679) User=0.04s Sys=0.00s Real=0.01s
[2021-04-18T23:07:55.179-0700][gc,start      ] GC(680) Pause Young (Normal) (G1 Evacuation Pause)
[2021-04-18T23:07:55.179-0700][gc,task       ] GC(680) Using 8 workers of 8 for evacuation
[2021-04-18T23:07:55.183-0700][gc,phases     ] GC(680)   Pre Evacuate Collection Set: 0.0ms
[2021-04-18T23:07:55.183-0700][gc,phases     ] GC(680)   Evacuate Collection Set: 3.0ms
[2021-04-18T23:07:55.183-0700][gc,phases     ] GC(680)   Post Evacuate Collection Set: 0.8ms
[2021-04-18T23:07:55.183-0700][gc,phases     ] GC(680)   Other: 0.3ms
[2021-04-18T23:07:55.183-0700][gc,heap       ] GC(680) Eden regions: 611->0(612)
[2021-04-18T23:07:55.183-0700][gc,heap       ] GC(680) Survivor regions: 3->2(77)
[2021-04-18T23:07:55.183-0700][gc,heap       ] GC(680) Old regions: 111->111
[2021-04-18T23:07:55.183-0700][gc,heap       ] GC(680) Humongous regions: 129->129
[2021-04-18T23:07:55.183-0700][gc,metaspace  ] GC(680) Metaspace: 41653K->41653K(1087488K)
[2021-04-18T23:07:55.183-0700][gc            ] GC(680) Pause Young (Normal) (G1 Evacuation Pause) 851M->239M(1024M) 4.188ms
[2021-04-18T23:07:55.183-0700][gc,cpu        ] GC(680) User=0.02s Sys=0.00s Real=0.00s
[2021-04-18T23:11:14.854-0700][gc,start      ] GC(681) Pause Young (Normal) (G1 Evacuation Pause)
[2021-04-18T23:11:14.854-0700][gc,task       ] GC(681) Using 8 workers of 8 for evacuation
[2021-04-18T23:11:14.860-0700][gc,phases     ] GC(681)   Pre Evacuate Collection Set: 0.0ms
[2021-04-18T23:11:14.860-0700][gc,phases     ] GC(681)   Evacuate Collection Set: 4.3ms
[2021-04-18T23:11:14.860-0700][gc,phases     ] GC(681)   Post Evacuate Collection Set: 1.2ms
[2021-04-18T23:11:14.860-0700][gc,phases     ] GC(681)   Other: 0.5ms
[2021-04-18T23:11:14.860-0700][gc,heap       ] GC(681) Eden regions: 612->0(612)
[2021-04-18T23:11:14.860-0700][gc,heap       ] GC(681) Survivor regions: 2->2(77)
[2021-04-18T23:11:14.860-0700][gc,heap       ] GC(681) Old regions: 111->111
[2021-04-18T23:11:14.860-0700][gc,heap       ] GC(681) Humongous regions: 129->129
[2021-04-18T23:11:14.860-0700][gc,metaspace  ] GC(681) Metaspace: 41653K->41653K(1087488K)
[2021-04-18T23:11:14.860-0700][gc            ] GC(681) Pause Young (Normal) (G1 Evacuation Pause) 851M->239M(1024M) 6.328ms
[2021-04-18T23:11:14.860-0700][gc,cpu        ] GC(681) User=0.03s Sys=0.00s Real=0.01s
[2021-04-18T23:14:34.355-0700][gc,start      ] GC(682) Pause Young (Normal) (G1 Evacuation Pause)
[2021-04-18T23:14:34.355-0700][gc,task       ] GC(682) Using 8 workers of 8 for evacuation
[2021-04-18T23:14:34.363-0700][gc,phases     ] GC(682)   Pre Evacuate Collection Set: 0.0ms
[2021-04-18T23:14:34.363-0700][gc,phases     ] GC(682)   Evacuate Collection Set: 6.9ms
[2021-04-18T23:14:34.363-0700][gc,phases     ] GC(682)   Post Evacuate Collection Set: 1.3ms
[2021-04-18T23:14:34.363-0700][gc,phases     ] GC(682)   Other: 0.5ms
[2021-04-18T23:14:34.363-0700][gc,heap       ] GC(682) Eden regions: 612->0(610)
[2021-04-18T23:14:34.363-0700][gc,heap       ] GC(682) Survivor regions: 2->4(77)
[2021-04-18T23:14:34.364-0700][gc,heap       ] GC(682) Old regions: 111->111
[2021-04-18T23:14:34.364-0700][gc,heap       ] GC(682) Humongous regions: 129->129
[2021-04-18T23:14:34.364-0700][gc,metaspace  ] GC(682) Metaspace: 41653K->41653K(1087488K)
[2021-04-18T23:14:34.364-0700][gc            ] GC(682) Pause Young (Normal) (G1 Evacuation Pause) 851M->241M(1024M) 8.928ms
[2021-04-18T23:14:34.364-0700][gc,cpu        ] GC(682) User=0.05s Sys=0.00s Real=0.01s
[2021-04-18T23:17:53.286-0700][gc,start      ] GC(683) Pause Young (Normal) (G1 Evacuation Pause)
[2021-04-18T23:17:53.286-0700][gc,task       ] GC(683) Using 8 workers of 8 for evacuation
[2021-04-18T23:17:53.294-0700][gc,phases     ] GC(683)   Pre Evacuate Collection Set: 0.0ms
[2021-04-18T23:17:53.294-0700][gc,phases     ] GC(683)   Evacuate Collection Set: 5.8ms
[2021-04-18T23:17:53.294-0700][gc,phases     ] GC(683)   Post Evacuate Collection Set: 1.5ms
[2021-04-18T23:17:53.294-0700][gc,phases     ] GC(683)   Other: 0.5ms
[2021-04-18T23:17:53.294-0700][gc,heap       ] GC(683) Eden regions: 610->0(610)
[2021-04-18T23:17:53.294-0700][gc,heap       ] GC(683) Survivor regions: 4->4(77)
[2021-04-18T23:17:53.294-0700][gc,heap       ] GC(683) Old regions: 111->111
[2021-04-18T23:17:53.294-0700][gc,heap       ] GC(683) Humongous regions: 129->129
[2021-04-18T23:17:53.294-0700][gc,metaspace  ] GC(683) Metaspace: 41653K->41653K(1087488K)
[2021-04-18T23:17:53.294-0700][gc            ] GC(683) Pause Young (Normal) (G1 Evacuation Pause) 851M->241M(1024M) 8.139ms
[2021-04-18T23:17:53.294-0700][gc,cpu        ] GC(683) User=0.05s Sys=0.01s Real=0.01s
[2021-04-18T23:21:12.169-0700][gc,start      ] GC(684) Pause Young (Normal) (G1 Evacuation Pause)
[2021-04-18T23:21:12.169-0700][gc,task       ] GC(684) Using 8 workers of 8 for evacuation
[2021-04-18T23:21:12.179-0700][gc,phases     ] GC(684)   Pre Evacuate Collection Set: 0.1ms
[2021-04-18T23:21:12.179-0700][gc,phases     ] GC(684)   Evacuate Collection Set: 7.7ms
[2021-04-18T23:21:12.179-0700][gc,phases     ] GC(684)   Post Evacuate Collection Set: 1.5ms
[2021-04-18T23:21:12.179-0700][gc,phases     ] GC(684)   Other: 0.7ms
[2021-04-18T23:21:12.179-0700][gc,heap       ] GC(684) Eden regions: 610->0(610)
[2021-04-18T23:21:12.179-0700][gc,heap       ] GC(684) Survivor regions: 4->4(77)
[2021-04-18T23:21:12.179-0700][gc,heap       ] GC(684) Old regions: 111->111
[2021-04-18T23:21:12.179-0700][gc,heap       ] GC(684) Humongous regions: 129->129
[2021-04-18T23:21:12.179-0700][gc,metaspace  ] GC(684) Metaspace: 41653K->41653K(1087488K)
[2021-04-18T23:21:12.179-0700][gc            ] GC(684) Pause Young (Normal) (G1 Evacuation Pause) 851M->241M(1024M) 10.107ms
[2021-04-18T23:21:12.179-0700][gc,cpu        ] GC(684) User=0.04s Sys=0.00s Real=0.01s
[2021-04-18T23:24:30.965-0700][gc,start      ] GC(685) Pause Young (Normal) (G1 Evacuation Pause)
[2021-04-18T23:24:30.965-0700][gc,task       ] GC(685) Using 8 workers of 8 for evacuation
[2021-04-18T23:24:30.968-0700][gc,phases     ] GC(685)   Pre Evacuate Collection Set: 0.0ms
[2021-04-18T23:24:30.968-0700][gc,phases     ] GC(685)   Evacuate Collection Set: 2.2ms
[2021-04-18T23:24:30.968-0700][gc,phases     ] GC(685)   Post Evacuate Collection Set: 0.7ms
[2021-04-18T23:24:30.968-0700][gc,phases     ] GC(685)   Other: 0.3ms
[2021-04-18T23:24:30.968-0700][gc,heap       ] GC(685) Eden regions: 610->0(611)
[2021-04-18T23:24:30.968-0700][gc,heap       ] GC(685) Survivor regions: 4->3(77)
[2021-04-18T23:24:30.968-0700][gc,heap       ] GC(685) Old regions: 111->111
[2021-04-18T23:24:30.968-0700][gc,heap       ] GC(685) Humongous regions: 129->129
[2021-04-18T23:24:30.968-0700][gc,metaspace  ] GC(685) Metaspace: 41653K->41653K(1087488K)
[2021-04-18T23:24:30.968-0700][gc            ] GC(685) Pause Young (Normal) (G1 Evacuation Pause) 851M->240M(1024M) 3.303ms
[2021-04-18T23:24:30.968-0700][gc,cpu        ] GC(685) User=0.01s Sys=0.01s Real=0.00s
[2021-04-18T23:27:50.326-0700][gc,start      ] GC(686) Pause Young (Normal) (G1 Evacuation Pause)
[2021-04-18T23:27:50.326-0700][gc,task       ] GC(686) Using 8 workers of 8 for evacuation
[2021-04-18T23:27:50.333-0700][gc,phases     ] GC(686)   Pre Evacuate Collection Set: 0.0ms
[2021-04-18T23:27:50.333-0700][gc,phases     ] GC(686)   Evacuate Collection Set: 4.9ms
[2021-04-18T23:27:50.333-0700][gc,phases     ] GC(686)   Post Evacuate Collection Set: 1.5ms
[2021-04-18T23:27:50.333-0700][gc,phases     ] GC(686)   Other: 0.5ms
[2021-04-18T23:27:50.333-0700][gc,heap       ] GC(686) Eden regions: 611->0(611)
[2021-04-18T23:27:50.333-0700][gc,heap       ] GC(686) Survivor regions: 3->3(77)
[2021-04-18T23:27:50.333-0700][gc,heap       ] GC(686) Old regions: 111->111
[2021-04-18T23:27:50.333-0700][gc,heap       ] GC(686) Humongous regions: 129->129
[2021-04-18T23:27:50.333-0700][gc,metaspace  ] GC(686) Metaspace: 41653K->41653K(1087488K)
[2021-04-18T23:27:50.333-0700][gc            ] GC(686) Pause Young (Normal) (G1 Evacuation Pause) 851M->240M(1024M) 7.275ms
[2021-04-18T23:27:50.333-0700][gc,cpu        ] GC(686) User=0.04s Sys=0.00s Real=0.01s
[2021-04-18T23:31:09.625-0700][gc,start      ] GC(687) Pause Young (Normal) (G1 Evacuation Pause)
[2021-04-18T23:31:09.626-0700][gc,task       ] GC(687) Using 8 workers of 8 for evacuation
[2021-04-18T23:31:09.632-0700][gc,phases     ] GC(687)   Pre Evacuate Collection Set: 0.0ms
[2021-04-18T23:31:09.632-0700][gc,phases     ] GC(687)   Evacuate Collection Set: 5.0ms
[2021-04-18T23:31:09.632-0700][gc,phases     ] GC(687)   Post Evacuate Collection Set: 1.2ms
[2021-04-18T23:31:09.632-0700][gc,phases     ] GC(687)   Other: 0.5ms
[2021-04-18T23:31:09.632-0700][gc,heap       ] GC(687) Eden regions: 611->0(611)
[2021-04-18T23:31:09.632-0700][gc,heap       ] GC(687) Survivor regions: 3->3(77)
[2021-04-18T23:31:09.632-0700][gc,heap       ] GC(687) Old regions: 111->111
[2021-04-18T23:31:09.632-0700][gc,heap       ] GC(687) Humongous regions: 129->129
[2021-04-18T23:31:09.632-0700][gc,metaspace  ] GC(687) Metaspace: 41653K->41653K(1087488K)
[2021-04-18T23:31:09.632-0700][gc            ] GC(687) Pause Young (Normal) (G1 Evacuation Pause) 851M->240M(1024M) 7.000ms
[2021-04-18T23:31:09.632-0700][gc,cpu        ] GC(687) User=0.04s Sys=0.00s Real=0.01s
[2021-04-18T23:34:28.970-0700][gc,start      ] GC(688) Pause Young (Normal) (G1 Evacuation Pause)
[2021-04-18T23:34:28.970-0700][gc,task       ] GC(688) Using 8 workers of 8 for evacuation
[2021-04-18T23:34:28.976-0700][gc,phases     ] GC(688)   Pre Evacuate Collection Set: 0.0ms
[2021-04-18T23:34:28.976-0700][gc,phases     ] GC(688)   Evacuate Collection Set: 4.8ms
[2021-04-18T23:34:28.976-0700][gc,phases     ] GC(688)   Post Evacuate Collection Set: 1.1ms
[2021-04-18T23:34:28.976-0700][gc,phases     ] GC(688)   Other: 0.5ms
[2021-04-18T23:34:28.976-0700][gc,heap       ] GC(688) Eden regions: 611->0(611)
[2021-04-18T23:34:28.976-0700][gc,heap       ] GC(688) Survivor regions: 3->3(77)
[2021-04-18T23:34:28.976-0700][gc,heap       ] GC(688) Old regions: 111->111
[2021-04-18T23:34:28.976-0700][gc,heap       ] GC(688) Humongous regions: 129->129
[2021-04-18T23:34:28.976-0700][gc,metaspace  ] GC(688) Metaspace: 41653K->41653K(1087488K)
[2021-04-18T23:34:28.976-0700][gc            ] GC(688) Pause Young (Normal) (G1 Evacuation Pause) 851M->240M(1024M) 6.647ms
[2021-04-18T23:34:28.977-0700][gc,cpu        ] GC(688) User=0.04s Sys=0.00s Real=0.00s
[2021-04-18T23:37:48.283-0700][gc,start      ] GC(689) Pause Young (Normal) (G1 Evacuation Pause)
[2021-04-18T23:37:48.283-0700][gc,task       ] GC(689) Using 8 workers of 8 for evacuation
[2021-04-18T23:37:48.289-0700][gc,phases     ] GC(689)   Pre Evacuate Collection Set: 0.0ms
[2021-04-18T23:37:48.289-0700][gc,phases     ] GC(689)   Evacuate Collection Set: 4.4ms
[2021-04-18T23:37:48.289-0700][gc,phases     ] GC(689)   Post Evacuate Collection Set: 1.2ms
[2021-04-18T23:37:48.290-0700][gc,phases     ] GC(689)   Other: 0.5ms
[2021-04-18T23:37:48.290-0700][gc,heap       ] GC(689) Eden regions: 611->0(612)
[2021-04-18T23:37:48.290-0700][gc,heap       ] GC(689) Survivor regions: 3->2(77)
[2021-04-18T23:37:48.290-0700][gc,heap       ] GC(689) Old regions: 111->111
[2021-04-18T23:37:48.290-0700][gc,heap       ] GC(689) Humongous regions: 129->129
[2021-04-18T23:37:48.290-0700][gc,metaspace  ] GC(689) Metaspace: 41653K->41653K(1087488K)
[2021-04-18T23:37:48.290-0700][gc            ] GC(689) Pause Young (Normal) (G1 Evacuation Pause) 851M->240M(1024M) 6.287ms
[2021-04-18T23:37:48.290-0700][gc,cpu        ] GC(689) User=0.04s Sys=0.00s Real=0.01s
[2021-04-18T23:41:08.155-0700][gc,start      ] GC(690) Pause Young (Normal) (G1 Evacuation Pause)
[2021-04-18T23:41:08.155-0700][gc,task       ] GC(690) Using 8 workers of 8 for evacuation
[2021-04-18T23:41:08.162-0700][gc,phases     ] GC(690)   Pre Evacuate Collection Set: 0.0ms
[2021-04-18T23:41:08.162-0700][gc,phases     ] GC(690)   Evacuate Collection Set: 5.6ms
[2021-04-18T23:41:08.162-0700][gc,phases     ] GC(690)   Post Evacuate Collection Set: 0.5ms
[2021-04-18T23:41:08.162-0700][gc,phases     ] GC(690)   Other: 0.4ms
[2021-04-18T23:41:08.162-0700][gc,heap       ] GC(690) Eden regions: 612->0(610)
[2021-04-18T23:41:08.162-0700][gc,heap       ] GC(690) Survivor regions: 2->4(77)
[2021-04-18T23:41:08.162-0700][gc,heap       ] GC(690) Old regions: 111->111
[2021-04-18T23:41:08.162-0700][gc,heap       ] GC(690) Humongous regions: 129->129
[2021-04-18T23:41:08.162-0700][gc,metaspace  ] GC(690) Metaspace: 41653K->41653K(1087488K)
[2021-04-18T23:41:08.162-0700][gc            ] GC(690) Pause Young (Normal) (G1 Evacuation Pause) 852M->241M(1024M) 6.677ms
[2021-04-18T23:41:08.162-0700][gc,cpu        ] GC(690) User=0.05s Sys=0.00s Real=0.01s
[2021-04-18T23:44:27.290-0700][gc,start      ] GC(691) Pause Young (Normal) (G1 Evacuation Pause)
[2021-04-18T23:44:27.290-0700][gc,task       ] GC(691) Using 8 workers of 8 for evacuation
[2021-04-18T23:44:27.298-0700][gc,phases     ] GC(691)   Pre Evacuate Collection Set: 0.0ms
[2021-04-18T23:44:27.298-0700][gc,phases     ] GC(691)   Evacuate Collection Set: 5.9ms
[2021-04-18T23:44:27.298-0700][gc,phases     ] GC(691)   Post Evacuate Collection Set: 1.3ms
[2021-04-18T23:44:27.298-0700][gc,phases     ] GC(691)   Other: 0.5ms
[2021-04-18T23:44:27.298-0700][gc,heap       ] GC(691) Eden regions: 610->0(610)
[2021-04-18T23:44:27.298-0700][gc,heap       ] GC(691) Survivor regions: 4->4(77)
[2021-04-18T23:44:27.298-0700][gc,heap       ] GC(691) Old regions: 111->111
[2021-04-18T23:44:27.298-0700][gc,heap       ] GC(691) Humongous regions: 129->129
[2021-04-18T23:44:27.298-0700][gc,metaspace  ] GC(691) Metaspace: 41653K->41653K(1087488K)
[2021-04-18T23:44:27.298-0700][gc            ] GC(691) Pause Young (Normal) (G1 Evacuation Pause) 851M->241M(1024M) 7.936ms
[2021-04-18T23:44:27.298-0700][gc,cpu        ] GC(691) User=0.05s Sys=0.00s Real=0.01s
[2021-04-18T23:47:46.663-0700][gc,start      ] GC(692) Pause Young (Normal) (G1 Evacuation Pause)
[2021-04-18T23:47:46.664-0700][gc,task       ] GC(692) Using 8 workers of 8 for evacuation
[2021-04-18T23:47:46.671-0700][gc,phases     ] GC(692)   Pre Evacuate Collection Set: 0.0ms
[2021-04-18T23:47:46.671-0700][gc,phases     ] GC(692)   Evacuate Collection Set: 5.5ms
[2021-04-18T23:47:46.671-0700][gc,phases     ] GC(692)   Post Evacuate Collection Set: 1.3ms
[2021-04-18T23:47:46.671-0700][gc,phases     ] GC(692)   Other: 0.5ms
[2021-04-18T23:47:46.671-0700][gc,heap       ] GC(692) Eden regions: 610->0(611)
[2021-04-18T23:47:46.671-0700][gc,heap       ] GC(692) Survivor regions: 4->3(77)
[2021-04-18T23:47:46.671-0700][gc,heap       ] GC(692) Old regions: 111->111
[2021-04-18T23:47:46.671-0700][gc,heap       ] GC(692) Humongous regions: 129->129
[2021-04-18T23:47:46.671-0700][gc,metaspace  ] GC(692) Metaspace: 41653K->41653K(1087488K)
[2021-04-18T23:47:46.671-0700][gc            ] GC(692) Pause Young (Normal) (G1 Evacuation Pause) 851M->241M(1024M) 7.474ms
[2021-04-18T23:47:46.671-0700][gc,cpu        ] GC(692) User=0.04s Sys=0.00s Real=0.01s
[2021-04-18T23:51:06.571-0700][gc,start      ] GC(693) Pause Young (Normal) (G1 Evacuation Pause)
[2021-04-18T23:51:06.571-0700][gc,task       ] GC(693) Using 8 workers of 8 for evacuation
[2021-04-18T23:51:06.578-0700][gc,phases     ] GC(693)   Pre Evacuate Collection Set: 0.0ms
[2021-04-18T23:51:06.578-0700][gc,phases     ] GC(693)   Evacuate Collection Set: 5.4ms
[2021-04-18T23:51:06.578-0700][gc,phases     ] GC(693)   Post Evacuate Collection Set: 1.3ms
[2021-04-18T23:51:06.578-0700][gc,phases     ] GC(693)   Other: 0.5ms
[2021-04-18T23:51:06.578-0700][gc,heap       ] GC(693) Eden regions: 611->0(611)
[2021-04-18T23:51:06.578-0700][gc,heap       ] GC(693) Survivor regions: 3->3(77)
[2021-04-18T23:51:06.578-0700][gc,heap       ] GC(693) Old regions: 111->111
[2021-04-18T23:51:06.578-0700][gc,heap       ] GC(693) Humongous regions: 129->129
[2021-04-18T23:51:06.578-0700][gc,metaspace  ] GC(693) Metaspace: 41653K->41653K(1087488K)
[2021-04-18T23:51:06.578-0700][gc            ] GC(693) Pause Young (Normal) (G1 Evacuation Pause) 852M->240M(1024M) 7.409ms
[2021-04-18T23:51:06.578-0700][gc,cpu        ] GC(693) User=0.04s Sys=0.00s Real=0.01s
[2021-04-18T23:54:25.127-0700][gc,start      ] GC(694) Pause Young (Normal) (G1 Evacuation Pause)
[2021-04-18T23:54:25.127-0700][gc,task       ] GC(694) Using 8 workers of 8 for evacuation
[2021-04-18T23:54:25.133-0700][gc,phases     ] GC(694)   Pre Evacuate Collection Set: 0.0ms
[2021-04-18T23:54:25.133-0700][gc,phases     ] GC(694)   Evacuate Collection Set: 4.5ms
[2021-04-18T23:54:25.133-0700][gc,phases     ] GC(694)   Post Evacuate Collection Set: 1.2ms
[2021-04-18T23:54:25.133-0700][gc,phases     ] GC(694)   Other: 0.5ms
[2021-04-18T23:54:25.133-0700][gc,heap       ] GC(694) Eden regions: 611->0(611)
[2021-04-18T23:54:25.133-0700][gc,heap       ] GC(694) Survivor regions: 3->3(77)
[2021-04-18T23:54:25.133-0700][gc,heap       ] GC(694) Old regions: 111->111
[2021-04-18T23:54:25.134-0700][gc,heap       ] GC(694) Humongous regions: 129->129
[2021-04-18T23:54:25.134-0700][gc,metaspace  ] GC(694) Metaspace: 41653K->41653K(1087488K)
[2021-04-18T23:54:25.134-0700][gc            ] GC(694) Pause Young (Normal) (G1 Evacuation Pause) 851M->240M(1024M) 6.452ms
[2021-04-18T23:54:25.134-0700][gc,cpu        ] GC(694) User=0.03s Sys=0.00s Real=0.01s
[2021-04-18T23:57:44.784-0700][gc,start      ] GC(695) Pause Young (Normal) (G1 Evacuation Pause)
[2021-04-18T23:57:44.784-0700][gc,task       ] GC(695) Using 8 workers of 8 for evacuation
[2021-04-18T23:57:44.791-0700][gc,phases     ] GC(695)   Pre Evacuate Collection Set: 0.0ms
[2021-04-18T23:57:44.791-0700][gc,phases     ] GC(695)   Evacuate Collection Set: 4.7ms
[2021-04-18T23:57:44.791-0700][gc,phases     ] GC(695)   Post Evacuate Collection Set: 1.2ms
[2021-04-18T23:57:44.791-0700][gc,phases     ] GC(695)   Other: 0.5ms
[2021-04-18T23:57:44.791-0700][gc,heap       ] GC(695) Eden regions: 611->0(611)
[2021-04-18T23:57:44.791-0700][gc,heap       ] GC(695) Survivor regions: 3->3(77)
[2021-04-18T23:57:44.791-0700][gc,heap       ] GC(695) Old regions: 111->111
[2021-04-18T23:57:44.791-0700][gc,heap       ] GC(695) Humongous regions: 129->129
[2021-04-18T23:57:44.791-0700][gc,metaspace  ] GC(695) Metaspace: 41653K->41653K(1087488K)
[2021-04-18T23:57:44.791-0700][gc            ] GC(695) Pause Young (Normal) (G1 Evacuation Pause) 851M->240M(1024M) 6.693ms
[2021-04-18T23:57:44.791-0700][gc,cpu        ] GC(695) User=0.04s Sys=0.01s Real=0.01s
[2021-04-19T00:01:04.691-0700][gc,start      ] GC(696) Pause Young (Normal) (G1 Evacuation Pause)
[2021-04-19T00:01:04.691-0700][gc,task       ] GC(696) Using 8 workers of 8 for evacuation
[2021-04-19T00:01:04.697-0700][gc,phases     ] GC(696)   Pre Evacuate Collection Set: 0.0ms
[2021-04-19T00:01:04.697-0700][gc,phases     ] GC(696)   Evacuate Collection Set: 4.6ms
[2021-04-19T00:01:04.697-0700][gc,phases     ] GC(696)   Post Evacuate Collection Set: 1.2ms
[2021-04-19T00:01:04.698-0700][gc,phases     ] GC(696)   Other: 0.5ms
[2021-04-19T00:01:04.698-0700][gc,heap       ] GC(696) Eden regions: 611->0(611)
[2021-04-19T00:01:04.698-0700][gc,heap       ] GC(696) Survivor regions: 3->3(77)
[2021-04-19T00:01:04.698-0700][gc,heap       ] GC(696) Old regions: 111->111
[2021-04-19T00:01:04.698-0700][gc,heap       ] GC(696) Humongous regions: 129->129
[2021-04-19T00:01:04.698-0700][gc,metaspace  ] GC(696) Metaspace: 41653K->41653K(1087488K)
[2021-04-19T00:01:04.698-0700][gc            ] GC(696) Pause Young (Normal) (G1 Evacuation Pause) 851M->240M(1024M) 6.550ms
[2021-04-19T00:01:04.698-0700][gc,cpu        ] GC(696) User=0.04s Sys=0.00s Real=0.01s
[2021-04-19T00:04:24.428-0700][gc,start      ] GC(697) Pause Young (Normal) (G1 Evacuation Pause)
[2021-04-19T00:04:24.428-0700][gc,task       ] GC(697) Using 8 workers of 8 for evacuation
[2021-04-19T00:04:24.434-0700][gc,phases     ] GC(697)   Pre Evacuate Collection Set: 0.0ms
[2021-04-19T00:04:24.434-0700][gc,phases     ] GC(697)   Evacuate Collection Set: 4.4ms
[2021-04-19T00:04:24.434-0700][gc,phases     ] GC(697)   Post Evacuate Collection Set: 1.4ms
[2021-04-19T00:04:24.434-0700][gc,phases     ] GC(697)   Other: 0.5ms
[2021-04-19T00:04:24.434-0700][gc,heap       ] GC(697) Eden regions: 611->0(612)
[2021-04-19T00:04:24.434-0700][gc,heap       ] GC(697) Survivor regions: 3->2(77)
[2021-04-19T00:04:24.434-0700][gc,heap       ] GC(697) Old regions: 111->111
[2021-04-19T00:04:24.434-0700][gc,heap       ] GC(697) Humongous regions: 129->129
[2021-04-19T00:04:24.434-0700][gc,metaspace  ] GC(697) Metaspace: 41653K->41653K(1087488K)
[2021-04-19T00:04:24.434-0700][gc            ] GC(697) Pause Young (Normal) (G1 Evacuation Pause) 851M->240M(1024M) 6.481ms
[2021-04-19T00:04:24.434-0700][gc,cpu        ] GC(697) User=0.04s Sys=0.00s Real=0.01s
[2021-04-19T00:07:44.803-0700][gc,start      ] GC(698) Pause Young (Normal) (G1 Evacuation Pause)
[2021-04-19T00:07:44.804-0700][gc,task       ] GC(698) Using 8 workers of 8 for evacuation
[2021-04-19T00:07:44.810-0700][gc,phases     ] GC(698)   Pre Evacuate Collection Set: 0.0ms
[2021-04-19T00:07:44.810-0700][gc,phases     ] GC(698)   Evacuate Collection Set: 4.6ms
[2021-04-19T00:07:44.810-0700][gc,phases     ] GC(698)   Post Evacuate Collection Set: 1.1ms
[2021-04-19T00:07:44.810-0700][gc,phases     ] GC(698)   Other: 0.5ms
[2021-04-19T00:07:44.810-0700][gc,heap       ] GC(698) Eden regions: 612->0(612)
[2021-04-19T00:07:44.810-0700][gc,heap       ] GC(698) Survivor regions: 2->2(77)
[2021-04-19T00:07:44.810-0700][gc,heap       ] GC(698) Old regions: 111->111
[2021-04-19T00:07:44.810-0700][gc,heap       ] GC(698) Humongous regions: 129->129
[2021-04-19T00:07:44.810-0700][gc,metaspace  ] GC(698) Metaspace: 41653K->41653K(1087488K)
[2021-04-19T00:07:44.810-0700][gc            ] GC(698) Pause Young (Normal) (G1 Evacuation Pause) 852M->240M(1024M) 6.382ms
[2021-04-19T00:07:44.810-0700][gc,cpu        ] GC(698) User=0.04s Sys=0.00s Real=0.01s
[2021-04-19T00:11:04.840-0700][gc,start      ] GC(699) Pause Young (Normal) (G1 Evacuation Pause)
[2021-04-19T00:11:04.840-0700][gc,task       ] GC(699) Using 8 workers of 8 for evacuation
[2021-04-19T00:11:04.846-0700][gc,phases     ] GC(699)   Pre Evacuate Collection Set: 0.0ms
[2021-04-19T00:11:04.846-0700][gc,phases     ] GC(699)   Evacuate Collection Set: 4.4ms
[2021-04-19T00:11:04.846-0700][gc,phases     ] GC(699)   Post Evacuate Collection Set: 1.1ms
[2021-04-19T00:11:04.846-0700][gc,phases     ] GC(699)   Other: 0.5ms
[2021-04-19T00:11:04.846-0700][gc,heap       ] GC(699) Eden regions: 612->0(612)
[2021-04-19T00:11:04.846-0700][gc,heap       ] GC(699) Survivor regions: 2->2(77)
[2021-04-19T00:11:04.846-0700][gc,heap       ] GC(699) Old regions: 111->111
[2021-04-19T00:11:04.846-0700][gc,heap       ] GC(699) Humongous regions: 129->129
[2021-04-19T00:11:04.846-0700][gc,metaspace  ] GC(699) Metaspace: 41653K->41653K(1087488K)
[2021-04-19T00:11:04.846-0700][gc            ] GC(699) Pause Young (Normal) (G1 Evacuation Pause) 852M->240M(1024M) 6.160ms
[2021-04-19T00:11:04.846-0700][gc,cpu        ] GC(699) User=0.04s Sys=0.00s Real=0.00s
[2021-04-19T00:14:24.539-0700][gc,start      ] GC(700) Pause Young (Normal) (G1 Evacuation Pause)
[2021-04-19T00:14:24.539-0700][gc,task       ] GC(700) Using 8 workers of 8 for evacuation
[2021-04-19T00:14:24.545-0700][gc,phases     ] GC(700)   Pre Evacuate Collection Set: 0.0ms
[2021-04-19T00:14:24.545-0700][gc,phases     ] GC(700)   Evacuate Collection Set: 4.3ms
[2021-04-19T00:14:24.545-0700][gc,phases     ] GC(700)   Post Evacuate Collection Set: 1.2ms
[2021-04-19T00:14:24.545-0700][gc,phases     ] GC(700)   Other: 0.5ms
[2021-04-19T00:14:24.545-0700][gc,heap       ] GC(700) Eden regions: 612->0(612)
[2021-04-19T00:14:24.545-0700][gc,heap       ] GC(700) Survivor regions: 2->2(77)
[2021-04-19T00:14:24.545-0700][gc,heap       ] GC(700) Old regions: 111->111
[2021-04-19T00:14:24.545-0700][gc,heap       ] GC(700) Humongous regions: 129->129
[2021-04-19T00:14:24.545-0700][gc,metaspace  ] GC(700) Metaspace: 41653K->41653K(1087488K)
[2021-04-19T00:14:24.545-0700][gc            ] GC(700) Pause Young (Normal) (G1 Evacuation Pause) 852M->240M(1024M) 6.252ms
[2021-04-19T00:14:24.545-0700][gc,cpu        ] GC(700) User=0.04s Sys=0.00s Real=0.00s
[2021-04-19T00:17:44.485-0700][gc,start      ] GC(701) Pause Young (Normal) (G1 Evacuation Pause)
[2021-04-19T00:17:44.485-0700][gc,task       ] GC(701) Using 8 workers of 8 for evacuation
[2021-04-19T00:17:44.493-0700][gc,phases     ] GC(701)   Pre Evacuate Collection Set: 0.0ms
[2021-04-19T00:17:44.493-0700][gc,phases     ] GC(701)   Evacuate Collection Set: 6.4ms
[2021-04-19T00:17:44.493-0700][gc,phases     ] GC(701)   Post Evacuate Collection Set: 1.2ms
[2021-04-19T00:17:44.493-0700][gc,phases     ] GC(701)   Other: 0.5ms
[2021-04-19T00:17:44.493-0700][gc,heap       ] GC(701) Eden regions: 612->0(610)
[2021-04-19T00:17:44.493-0700][gc,heap       ] GC(701) Survivor regions: 2->4(77)
[2021-04-19T00:17:44.493-0700][gc,heap       ] GC(701) Old regions: 111->111
[2021-04-19T00:17:44.493-0700][gc,heap       ] GC(701) Humongous regions: 129->129
[2021-04-19T00:17:44.493-0700][gc,metaspace  ] GC(701) Metaspace: 41653K->41653K(1087488K)
[2021-04-19T00:17:44.493-0700][gc            ] GC(701) Pause Young (Normal) (G1 Evacuation Pause) 852M->241M(1024M) 8.469ms
[2021-04-19T00:17:44.493-0700][gc,cpu        ] GC(701) User=0.04s Sys=0.01s Real=0.01s
[2021-04-19T00:21:04.058-0700][gc,start      ] GC(702) Pause Young (Normal) (G1 Evacuation Pause)
[2021-04-19T00:21:04.059-0700][gc,task       ] GC(702) Using 8 workers of 8 for evacuation
[2021-04-19T00:21:04.066-0700][gc,phases     ] GC(702)   Pre Evacuate Collection Set: 0.0ms
[2021-04-19T00:21:04.066-0700][gc,phases     ] GC(702)   Evacuate Collection Set: 6.0ms
[2021-04-19T00:21:04.066-0700][gc,phases     ] GC(702)   Post Evacuate Collection Set: 1.2ms
[2021-04-19T00:21:04.066-0700][gc,phases     ] GC(702)   Other: 0.5ms
[2021-04-19T00:21:04.066-0700][gc,heap       ] GC(702) Eden regions: 610->0(610)
[2021-04-19T00:21:04.066-0700][gc,heap       ] GC(702) Survivor regions: 4->4(77)
[2021-04-19T00:21:04.066-0700][gc,heap       ] GC(702) Old regions: 111->111
[2021-04-19T00:21:04.066-0700][gc,heap       ] GC(702) Humongous regions: 129->129
[2021-04-19T00:21:04.066-0700][gc,metaspace  ] GC(702) Metaspace: 41653K->41653K(1087488K)
[2021-04-19T00:21:04.067-0700][gc            ] GC(702) Pause Young (Normal) (G1 Evacuation Pause) 851M->241M(1024M) 8.022ms
[2021-04-19T00:21:04.067-0700][gc,cpu        ] GC(702) User=0.05s Sys=0.00s Real=0.00s
[2021-04-19T00:24:23.583-0700][gc,start      ] GC(703) Pause Young (Normal) (G1 Evacuation Pause)
[2021-04-19T00:24:23.583-0700][gc,task       ] GC(703) Using 8 workers of 8 for evacuation
[2021-04-19T00:24:23.591-0700][gc,phases     ] GC(703)   Pre Evacuate Collection Set: 0.0ms
[2021-04-19T00:24:23.591-0700][gc,phases     ] GC(703)   Evacuate Collection Set: 6.0ms
[2021-04-19T00:24:23.591-0700][gc,phases     ] GC(703)   Post Evacuate Collection Set: 1.1ms
[2021-04-19T00:24:23.591-0700][gc,phases     ] GC(703)   Other: 0.5ms
[2021-04-19T00:24:23.591-0700][gc,heap       ] GC(703) Eden regions: 610->0(610)
[2021-04-19T00:24:23.591-0700][gc,heap       ] GC(703) Survivor regions: 4->4(77)
[2021-04-19T00:24:23.591-0700][gc,heap       ] GC(703) Old regions: 111->111
[2021-04-19T00:24:23.591-0700][gc,heap       ] GC(703) Humongous regions: 129->129
[2021-04-19T00:24:23.591-0700][gc,metaspace  ] GC(703) Metaspace: 41653K->41653K(1087488K)
[2021-04-19T00:24:23.591-0700][gc            ] GC(703) Pause Young (Normal) (G1 Evacuation Pause) 851M->241M(1024M) 7.881ms
[2021-04-19T00:24:23.591-0700][gc,cpu        ] GC(703) User=0.05s Sys=0.00s Real=0.01s
[2021-04-19T00:27:43.010-0700][gc,start      ] GC(704) Pause Young (Normal) (G1 Evacuation Pause)
[2021-04-19T00:27:43.010-0700][gc,task       ] GC(704) Using 8 workers of 8 for evacuation
[2021-04-19T00:27:43.017-0700][gc,phases     ] GC(704)   Pre Evacuate Collection Set: 0.0ms
[2021-04-19T00:27:43.017-0700][gc,phases     ] GC(704)   Evacuate Collection Set: 5.6ms
[2021-04-19T00:27:43.017-0700][gc,phases     ] GC(704)   Post Evacuate Collection Set: 1.2ms
[2021-04-19T00:27:43.018-0700][gc,phases     ] GC(704)   Other: 0.5ms
[2021-04-19T00:27:43.018-0700][gc,heap       ] GC(704) Eden regions: 610->0(611)
[2021-04-19T00:27:43.018-0700][gc,heap       ] GC(704) Survivor regions: 4->3(77)
[2021-04-19T00:27:43.018-0700][gc,heap       ] GC(704) Old regions: 111->111
[2021-04-19T00:27:43.018-0700][gc,heap       ] GC(704) Humongous regions: 129->129
[2021-04-19T00:27:43.018-0700][gc,metaspace  ] GC(704) Metaspace: 41653K->41653K(1087488K)
[2021-04-19T00:27:43.018-0700][gc            ] GC(704) Pause Young (Normal) (G1 Evacuation Pause) 851M->241M(1024M) 7.501ms
[2021-04-19T00:27:43.018-0700][gc,cpu        ] GC(704) User=0.03s Sys=0.01s Real=0.01s
[2021-04-19T00:31:02.725-0700][gc,start      ] GC(705) Pause Young (Normal) (G1 Evacuation Pause)
[2021-04-19T00:31:02.725-0700][gc,task       ] GC(705) Using 8 workers of 8 for evacuation
[2021-04-19T00:31:02.738-0700][gc,phases     ] GC(705)   Pre Evacuate Collection Set: 0.0ms
[2021-04-19T00:31:02.738-0700][gc,phases     ] GC(705)   Evacuate Collection Set: 11.3ms
[2021-04-19T00:31:02.738-0700][gc,phases     ] GC(705)   Post Evacuate Collection Set: 1.2ms
[2021-04-19T00:31:02.738-0700][gc,phases     ] GC(705)   Other: 0.5ms
[2021-04-19T00:31:02.738-0700][gc,heap       ] GC(705) Eden regions: 611->0(611)
[2021-04-19T00:31:02.738-0700][gc,heap       ] GC(705) Survivor regions: 3->3(77)
[2021-04-19T00:31:02.738-0700][gc,heap       ] GC(705) Old regions: 111->111
[2021-04-19T00:31:02.738-0700][gc,heap       ] GC(705) Humongous regions: 129->129
[2021-04-19T00:31:02.738-0700][gc,metaspace  ] GC(705) Metaspace: 41653K->41653K(1087488K)
[2021-04-19T00:31:02.738-0700][gc            ] GC(705) Pause Young (Normal) (G1 Evacuation Pause) 852M->241M(1024M) 13.244ms
[2021-04-19T00:31:02.739-0700][gc,cpu        ] GC(705) User=0.07s Sys=0.01s Real=0.02s
[2021-04-19T00:34:22.453-0700][gc,start      ] GC(706) Pause Young (Normal) (G1 Evacuation Pause)
[2021-04-19T00:34:22.453-0700][gc,task       ] GC(706) Using 8 workers of 8 for evacuation
[2021-04-19T00:34:22.455-0700][gc,phases     ] GC(706)   Pre Evacuate Collection Set: 0.0ms
[2021-04-19T00:34:22.455-0700][gc,phases     ] GC(706)   Evacuate Collection Set: 1.5ms
[2021-04-19T00:34:22.455-0700][gc,phases     ] GC(706)   Post Evacuate Collection Set: 0.5ms
[2021-04-19T00:34:22.455-0700][gc,phases     ] GC(706)   Other: 0.2ms
[2021-04-19T00:34:22.455-0700][gc,heap       ] GC(706) Eden regions: 611->0(611)
[2021-04-19T00:34:22.455-0700][gc,heap       ] GC(706) Survivor regions: 3->3(77)
[2021-04-19T00:34:22.455-0700][gc,heap       ] GC(706) Old regions: 111->111
[2021-04-19T00:34:22.455-0700][gc,heap       ] GC(706) Humongous regions: 129->129
[2021-04-19T00:34:22.455-0700][gc,metaspace  ] GC(706) Metaspace: 41653K->41653K(1087488K)
[2021-04-19T00:34:22.455-0700][gc            ] GC(706) Pause Young (Normal) (G1 Evacuation Pause) 852M->240M(1024M) 2.350ms
[2021-04-19T00:34:22.455-0700][gc,cpu        ] GC(706) User=0.01s Sys=0.00s Real=0.00s
[2021-04-19T00:37:42.156-0700][gc,start      ] GC(707) Pause Young (Normal) (G1 Evacuation Pause)
[2021-04-19T00:37:42.156-0700][gc,task       ] GC(707) Using 8 workers of 8 for evacuation
[2021-04-19T00:37:42.162-0700][gc,phases     ] GC(707)   Pre Evacuate Collection Set: 0.0ms
[2021-04-19T00:37:42.162-0700][gc,phases     ] GC(707)   Evacuate Collection Set: 5.1ms
[2021-04-19T00:37:42.162-0700][gc,phases     ] GC(707)   Post Evacuate Collection Set: 0.7ms
[2021-04-19T00:37:42.162-0700][gc,phases     ] GC(707)   Other: 0.5ms
[2021-04-19T00:37:42.162-0700][gc,heap       ] GC(707) Eden regions: 611->0(611)
[2021-04-19T00:37:42.162-0700][gc,heap       ] GC(707) Survivor regions: 3->3(77)
[2021-04-19T00:37:42.162-0700][gc,heap       ] GC(707) Old regions: 111->111
[2021-04-19T00:37:42.162-0700][gc,heap       ] GC(707) Humongous regions: 129->129
[2021-04-19T00:37:42.162-0700][gc,metaspace  ] GC(707) Metaspace: 41653K->41653K(1087488K)
[2021-04-19T00:37:42.162-0700][gc            ] GC(707) Pause Young (Normal) (G1 Evacuation Pause) 851M->240M(1024M) 6.283ms
[2021-04-19T00:37:42.162-0700][gc,cpu        ] GC(707) User=0.04s Sys=0.00s Real=0.01s
[2021-04-19T00:41:02.061-0700][gc,start      ] GC(708) Pause Young (Normal) (G1 Evacuation Pause)
[2021-04-19T00:41:02.061-0700][gc,task       ] GC(708) Using 8 workers of 8 for evacuation
[2021-04-19T00:41:02.064-0700][gc,phases     ] GC(708)   Pre Evacuate Collection Set: 0.0ms
[2021-04-19T00:41:02.064-0700][gc,phases     ] GC(708)   Evacuate Collection Set: 2.3ms
[2021-04-19T00:41:02.064-0700][gc,phases     ] GC(708)   Post Evacuate Collection Set: 0.5ms
[2021-04-19T00:41:02.064-0700][gc,phases     ] GC(708)   Other: 0.2ms
[2021-04-19T00:41:02.064-0700][gc,heap       ] GC(708) Eden regions: 611->0(611)
[2021-04-19T00:41:02.064-0700][gc,heap       ] GC(708) Survivor regions: 3->3(77)
[2021-04-19T00:41:02.064-0700][gc,heap       ] GC(708) Old regions: 111->111
[2021-04-19T00:41:02.064-0700][gc,heap       ] GC(708) Humongous regions: 129->129
[2021-04-19T00:41:02.064-0700][gc,metaspace  ] GC(708) Metaspace: 41653K->41653K(1087488K)
[2021-04-19T00:41:02.064-0700][gc            ] GC(708) Pause Young (Normal) (G1 Evacuation Pause) 851M->240M(1024M) 2.987ms
[2021-04-19T00:41:02.064-0700][gc,cpu        ] GC(708) User=0.01s Sys=0.01s Real=0.00s
[2021-04-19T00:44:21.611-0700][gc,start      ] GC(709) Pause Young (Normal) (G1 Evacuation Pause)
[2021-04-19T00:44:21.611-0700][gc,task       ] GC(709) Using 8 workers of 8 for evacuation
[2021-04-19T00:44:21.618-0700][gc,phases     ] GC(709)   Pre Evacuate Collection Set: 0.0ms
[2021-04-19T00:44:21.618-0700][gc,phases     ] GC(709)   Evacuate Collection Set: 4.7ms
[2021-04-19T00:44:21.618-0700][gc,phases     ] GC(709)   Post Evacuate Collection Set: 1.1ms
[2021-04-19T00:44:21.618-0700][gc,phases     ] GC(709)   Other: 0.5ms
[2021-04-19T00:44:21.618-0700][gc,heap       ] GC(709) Eden regions: 611->0(611)
[2021-04-19T00:44:21.618-0700][gc,heap       ] GC(709) Survivor regions: 3->3(77)
[2021-04-19T00:44:21.618-0700][gc,heap       ] GC(709) Old regions: 111->111
[2021-04-19T00:44:21.618-0700][gc,heap       ] GC(709) Humongous regions: 129->129
[2021-04-19T00:44:21.618-0700][gc,metaspace  ] GC(709) Metaspace: 41653K->41653K(1087488K)
[2021-04-19T00:44:21.618-0700][gc            ] GC(709) Pause Young (Normal) (G1 Evacuation Pause) 851M->240M(1024M) 6.568ms
[2021-04-19T00:44:21.618-0700][gc,cpu        ] GC(709) User=0.04s Sys=0.00s Real=0.01s
[2021-04-19T00:47:41.339-0700][gc,start      ] GC(710) Pause Young (Normal) (G1 Evacuation Pause)
[2021-04-19T00:47:41.339-0700][gc,task       ] GC(710) Using 8 workers of 8 for evacuation
[2021-04-19T00:47:41.345-0700][gc,phases     ] GC(710)   Pre Evacuate Collection Set: 0.0ms
[2021-04-19T00:47:41.345-0700][gc,phases     ] GC(710)   Evacuate Collection Set: 4.7ms
[2021-04-19T00:47:41.345-0700][gc,phases     ] GC(710)   Post Evacuate Collection Set: 1.1ms
[2021-04-19T00:47:41.346-0700][gc,phases     ] GC(710)   Other: 0.5ms
[2021-04-19T00:47:41.346-0700][gc,heap       ] GC(710) Eden regions: 611->0(611)
[2021-04-19T00:47:41.346-0700][gc,heap       ] GC(710) Survivor regions: 3->3(77)
[2021-04-19T00:47:41.346-0700][gc,heap       ] GC(710) Old regions: 111->111
[2021-04-19T00:47:41.346-0700][gc,heap       ] GC(710) Humongous regions: 129->129
[2021-04-19T00:47:41.346-0700][gc,metaspace  ] GC(710) Metaspace: 41653K->41653K(1087488K)
[2021-04-19T00:47:41.346-0700][gc            ] GC(710) Pause Young (Normal) (G1 Evacuation Pause) 851M->240M(1024M) 6.614ms
[2021-04-19T00:47:41.346-0700][gc,cpu        ] GC(710) User=0.03s Sys=0.01s Real=0.00s
[2021-04-19T00:51:01.065-0700][gc,start      ] GC(711) Pause Young (Normal) (G1 Evacuation Pause)
[2021-04-19T00:51:01.066-0700][gc,task       ] GC(711) Using 8 workers of 8 for evacuation
[2021-04-19T00:51:01.071-0700][gc,phases     ] GC(711)   Pre Evacuate Collection Set: 0.0ms
[2021-04-19T00:51:01.071-0700][gc,phases     ] GC(711)   Evacuate Collection Set: 4.4ms
[2021-04-19T00:51:01.071-0700][gc,phases     ] GC(711)   Post Evacuate Collection Set: 1.0ms
[2021-04-19T00:51:01.072-0700][gc,phases     ] GC(711)   Other: 0.5ms
[2021-04-19T00:51:01.072-0700][gc,heap       ] GC(711) Eden regions: 611->0(612)
[2021-04-19T00:51:01.072-0700][gc,heap       ] GC(711) Survivor regions: 3->2(77)
[2021-04-19T00:51:01.072-0700][gc,heap       ] GC(711) Old regions: 111->111
[2021-04-19T00:51:01.072-0700][gc,heap       ] GC(711) Humongous regions: 129->129
[2021-04-19T00:51:01.072-0700][gc,metaspace  ] GC(711) Metaspace: 41653K->41653K(1087488K)
[2021-04-19T00:51:01.072-0700][gc            ] GC(711) Pause Young (Normal) (G1 Evacuation Pause) 851M->240M(1024M) 6.189ms
[2021-04-19T00:51:01.072-0700][gc,cpu        ] GC(711) User=0.03s Sys=0.00s Real=0.01s
[2021-04-19T00:54:20.133-0700][gc,start      ] GC(712) Pause Young (Normal) (G1 Evacuation Pause)
[2021-04-19T00:54:20.133-0700][gc,task       ] GC(712) Using 8 workers of 8 for evacuation
[2021-04-19T00:54:20.141-0700][gc,phases     ] GC(712)   Pre Evacuate Collection Set: 0.0ms
[2021-04-19T00:54:20.141-0700][gc,phases     ] GC(712)   Evacuate Collection Set: 5.7ms
[2021-04-19T00:54:20.141-0700][gc,phases     ] GC(712)   Post Evacuate Collection Set: 1.1ms
[2021-04-19T00:54:20.141-0700][gc,phases     ] GC(712)   Other: 0.5ms
[2021-04-19T00:54:20.141-0700][gc,heap       ] GC(712) Eden regions: 612->0(610)
[2021-04-19T00:54:20.141-0700][gc,heap       ] GC(712) Survivor regions: 2->4(77)
[2021-04-19T00:54:20.141-0700][gc,heap       ] GC(712) Old regions: 111->111
[2021-04-19T00:54:20.141-0700][gc,heap       ] GC(712) Humongous regions: 129->129
[2021-04-19T00:54:20.141-0700][gc,metaspace  ] GC(712) Metaspace: 41653K->41653K(1087488K)
[2021-04-19T00:54:20.141-0700][gc            ] GC(712) Pause Young (Normal) (G1 Evacuation Pause) 852M->241M(1024M) 7.607ms
[2021-04-19T00:54:20.141-0700][gc,cpu        ] GC(712) User=0.05s Sys=0.00s Real=0.01s
[2021-04-19T00:57:39.527-0700][gc,start      ] GC(713) Pause Young (Normal) (G1 Evacuation Pause)
[2021-04-19T00:57:39.527-0700][gc,task       ] GC(713) Using 8 workers of 8 for evacuation
[2021-04-19T00:57:39.537-0700][gc,phases     ] GC(713)   Pre Evacuate Collection Set: 0.0ms
[2021-04-19T00:57:39.537-0700][gc,phases     ] GC(713)   Evacuate Collection Set: 8.6ms
[2021-04-19T00:57:39.537-0700][gc,phases     ] GC(713)   Post Evacuate Collection Set: 1.2ms
[2021-04-19T00:57:39.537-0700][gc,phases     ] GC(713)   Other: 0.5ms
[2021-04-19T00:57:39.537-0700][gc,heap       ] GC(713) Eden regions: 610->0(611)
[2021-04-19T00:57:39.537-0700][gc,heap       ] GC(713) Survivor regions: 4->3(77)
[2021-04-19T00:57:39.537-0700][gc,heap       ] GC(713) Old regions: 111->111
[2021-04-19T00:57:39.537-0700][gc,heap       ] GC(713) Humongous regions: 129->129
[2021-04-19T00:57:39.537-0700][gc,metaspace  ] GC(713) Metaspace: 41656K->41656K(1087488K)
[2021-04-19T00:57:39.537-0700][gc            ] GC(713) Pause Young (Normal) (G1 Evacuation Pause) 851M->241M(1024M) 10.488ms
[2021-04-19T00:57:39.537-0700][gc,cpu        ] GC(713) User=0.07s Sys=0.00s Real=0.02s
[2021-04-19T01:00:59.230-0700][gc,start      ] GC(714) Pause Young (Normal) (G1 Evacuation Pause)
[2021-04-19T01:00:59.230-0700][gc,task       ] GC(714) Using 8 workers of 8 for evacuation
[2021-04-19T01:00:59.237-0700][gc,phases     ] GC(714)   Pre Evacuate Collection Set: 0.0ms
[2021-04-19T01:00:59.237-0700][gc,phases     ] GC(714)   Evacuate Collection Set: 5.4ms
[2021-04-19T01:00:59.237-0700][gc,phases     ] GC(714)   Post Evacuate Collection Set: 1.1ms
[2021-04-19T01:00:59.237-0700][gc,phases     ] GC(714)   Other: 0.5ms
[2021-04-19T01:00:59.237-0700][gc,heap       ] GC(714) Eden regions: 611->0(611)
[2021-04-19T01:00:59.237-0700][gc,heap       ] GC(714) Survivor regions: 3->3(77)
[2021-04-19T01:00:59.237-0700][gc,heap       ] GC(714) Old regions: 111->111
[2021-04-19T01:00:59.237-0700][gc,heap       ] GC(714) Humongous regions: 129->129
[2021-04-19T01:00:59.237-0700][gc,metaspace  ] GC(714) Metaspace: 41656K->41656K(1087488K)
[2021-04-19T01:00:59.237-0700][gc            ] GC(714) Pause Young (Normal) (G1 Evacuation Pause) 852M->241M(1024M) 7.240ms
[2021-04-19T01:00:59.237-0700][gc,cpu        ] GC(714) User=0.04s Sys=0.00s Real=0.01s
[2021-04-19T01:04:18.742-0700][gc,start      ] GC(715) Pause Young (Normal) (G1 Evacuation Pause)
[2021-04-19T01:04:18.742-0700][gc,task       ] GC(715) Using 8 workers of 8 for evacuation
[2021-04-19T01:04:18.749-0700][gc,phases     ] GC(715)   Pre Evacuate Collection Set: 0.0ms
[2021-04-19T01:04:18.749-0700][gc,phases     ] GC(715)   Evacuate Collection Set: 5.1ms
[2021-04-19T01:04:18.749-0700][gc,phases     ] GC(715)   Post Evacuate Collection Set: 1.1ms
[2021-04-19T01:04:18.749-0700][gc,phases     ] GC(715)   Other: 0.5ms
[2021-04-19T01:04:18.749-0700][gc,heap       ] GC(715) Eden regions: 611->0(611)
[2021-04-19T01:04:18.749-0700][gc,heap       ] GC(715) Survivor regions: 3->3(77)
[2021-04-19T01:04:18.749-0700][gc,heap       ] GC(715) Old regions: 111->111
[2021-04-19T01:04:18.749-0700][gc,heap       ] GC(715) Humongous regions: 129->129
[2021-04-19T01:04:18.749-0700][gc,metaspace  ] GC(715) Metaspace: 41656K->41656K(1087488K)
[2021-04-19T01:04:18.749-0700][gc            ] GC(715) Pause Young (Normal) (G1 Evacuation Pause) 852M->241M(1024M) 7.043ms
[2021-04-19T01:04:18.749-0700][gc,cpu        ] GC(715) User=0.05s Sys=0.00s Real=0.01s
[2021-04-19T01:07:38.584-0700][gc,start      ] GC(716) Pause Young (Normal) (G1 Evacuation Pause)
[2021-04-19T01:07:38.585-0700][gc,task       ] GC(716) Using 8 workers of 8 for evacuation
[2021-04-19T01:07:38.589-0700][gc,phases     ] GC(716)   Pre Evacuate Collection Set: 0.0ms
[2021-04-19T01:07:38.589-0700][gc,phases     ] GC(716)   Evacuate Collection Set: 3.8ms
[2021-04-19T01:07:38.589-0700][gc,phases     ] GC(716)   Post Evacuate Collection Set: 0.6ms
[2021-04-19T01:07:38.589-0700][gc,phases     ] GC(716)   Other: 0.5ms
[2021-04-19T01:07:38.589-0700][gc,heap       ] GC(716) Eden regions: 611->0(611)
[2021-04-19T01:07:38.589-0700][gc,heap       ] GC(716) Survivor regions: 3->3(77)
[2021-04-19T01:07:38.589-0700][gc,heap       ] GC(716) Old regions: 111->111
[2021-04-19T01:07:38.589-0700][gc,heap       ] GC(716) Humongous regions: 129->129
[2021-04-19T01:07:38.589-0700][gc,metaspace  ] GC(716) Metaspace: 41656K->41656K(1087488K)
[2021-04-19T01:07:38.589-0700][gc            ] GC(716) Pause Young (Normal) (G1 Evacuation Pause) 852M->241M(1024M) 4.913ms
[2021-04-19T01:07:38.589-0700][gc,cpu        ] GC(716) User=0.02s Sys=0.02s Real=0.01s
[2021-04-19T01:10:58.235-0700][gc,start      ] GC(717) Pause Young (Normal) (G1 Evacuation Pause)
[2021-04-19T01:10:58.235-0700][gc,task       ] GC(717) Using 8 workers of 8 for evacuation
[2021-04-19T01:10:58.241-0700][gc,phases     ] GC(717)   Pre Evacuate Collection Set: 0.0ms
[2021-04-19T01:10:58.241-0700][gc,phases     ] GC(717)   Evacuate Collection Set: 4.7ms
[2021-04-19T01:10:58.241-0700][gc,phases     ] GC(717)   Post Evacuate Collection Set: 1.1ms
[2021-04-19T01:10:58.241-0700][gc,phases     ] GC(717)   Other: 0.5ms
[2021-04-19T01:10:58.241-0700][gc,heap       ] GC(717) Eden regions: 611->0(611)
[2021-04-19T01:10:58.241-0700][gc,heap       ] GC(717) Survivor regions: 3->3(77)
[2021-04-19T01:10:58.241-0700][gc,heap       ] GC(717) Old regions: 111->111
[2021-04-19T01:10:58.241-0700][gc,heap       ] GC(717) Humongous regions: 129->129
[2021-04-19T01:10:58.241-0700][gc,metaspace  ] GC(717) Metaspace: 41656K->41656K(1087488K)
[2021-04-19T01:10:58.241-0700][gc            ] GC(717) Pause Young (Normal) (G1 Evacuation Pause) 852M->240M(1024M) 6.583ms
[2021-04-19T01:10:58.241-0700][gc,cpu        ] GC(717) User=0.04s Sys=0.00s Real=0.01s
[2021-04-19T01:14:18.067-0700][gc,start      ] GC(718) Pause Young (Normal) (G1 Evacuation Pause)
[2021-04-19T01:14:18.067-0700][gc,task       ] GC(718) Using 8 workers of 8 for evacuation
[2021-04-19T01:14:18.073-0700][gc,phases     ] GC(718)   Pre Evacuate Collection Set: 0.0ms
[2021-04-19T01:14:18.073-0700][gc,phases     ] GC(718)   Evacuate Collection Set: 4.6ms
[2021-04-19T01:14:18.073-0700][gc,phases     ] GC(718)   Post Evacuate Collection Set: 1.1ms
[2021-04-19T01:14:18.073-0700][gc,phases     ] GC(718)   Other: 0.5ms
[2021-04-19T01:14:18.073-0700][gc,heap       ] GC(718) Eden regions: 611->0(611)
[2021-04-19T01:14:18.073-0700][gc,heap       ] GC(718) Survivor regions: 3->3(77)
[2021-04-19T01:14:18.073-0700][gc,heap       ] GC(718) Old regions: 111->111
[2021-04-19T01:14:18.073-0700][gc,heap       ] GC(718) Humongous regions: 129->129
[2021-04-19T01:14:18.073-0700][gc,metaspace  ] GC(718) Metaspace: 41656K->41656K(1087488K)
[2021-04-19T01:14:18.073-0700][gc            ] GC(718) Pause Young (Normal) (G1 Evacuation Pause) 851M->240M(1024M) 6.421ms
[2021-04-19T01:14:18.073-0700][gc,cpu        ] GC(718) User=0.04s Sys=0.00s Real=0.01s
[2021-04-19T01:17:37.621-0700][gc,start      ] GC(719) Pause Young (Normal) (G1 Evacuation Pause)
[2021-04-19T01:17:37.621-0700][gc,task       ] GC(719) Using 8 workers of 8 for evacuation
[2021-04-19T01:17:37.628-0700][gc,phases     ] GC(719)   Pre Evacuate Collection Set: 0.0ms
[2021-04-19T01:17:37.628-0700][gc,phases     ] GC(719)   Evacuate Collection Set: 4.9ms
[2021-04-19T01:17:37.628-0700][gc,phases     ] GC(719)   Post Evacuate Collection Set: 1.2ms
[2021-04-19T01:17:37.628-0700][gc,phases     ] GC(719)   Other: 0.5ms
[2021-04-19T01:17:37.628-0700][gc,heap       ] GC(719) Eden regions: 611->0(611)
[2021-04-19T01:17:37.628-0700][gc,heap       ] GC(719) Survivor regions: 3->3(77)
[2021-04-19T01:17:37.628-0700][gc,heap       ] GC(719) Old regions: 111->111
[2021-04-19T01:17:37.628-0700][gc,heap       ] GC(719) Humongous regions: 129->129
[2021-04-19T01:17:37.628-0700][gc,metaspace  ] GC(719) Metaspace: 41660K->41660K(1087488K)
[2021-04-19T01:17:37.628-0700][gc            ] GC(719) Pause Young (Normal) (G1 Evacuation Pause) 851M->240M(1024M) 6.801ms
[2021-04-19T01:17:37.628-0700][gc,cpu        ] GC(719) User=0.04s Sys=0.01s Real=0.00s
[2021-04-19T01:20:57.324-0700][gc,start      ] GC(720) Pause Young (Normal) (G1 Evacuation Pause)
[2021-04-19T01:20:57.324-0700][gc,task       ] GC(720) Using 8 workers of 8 for evacuation
[2021-04-19T01:20:57.330-0700][gc,phases     ] GC(720)   Pre Evacuate Collection Set: 0.1ms
[2021-04-19T01:20:57.330-0700][gc,phases     ] GC(720)   Evacuate Collection Set: 4.6ms
[2021-04-19T01:20:57.330-0700][gc,phases     ] GC(720)   Post Evacuate Collection Set: 1.1ms
[2021-04-19T01:20:57.331-0700][gc,phases     ] GC(720)   Other: 0.7ms
[2021-04-19T01:20:57.331-0700][gc,heap       ] GC(720) Eden regions: 611->0(611)
[2021-04-19T01:20:57.331-0700][gc,heap       ] GC(720) Survivor regions: 3->3(77)
[2021-04-19T01:20:57.331-0700][gc,heap       ] GC(720) Old regions: 111->111
[2021-04-19T01:20:57.331-0700][gc,heap       ] GC(720) Humongous regions: 129->129
[2021-04-19T01:20:57.331-0700][gc,metaspace  ] GC(720) Metaspace: 41660K->41660K(1087488K)
[2021-04-19T01:20:57.331-0700][gc            ] GC(720) Pause Young (Normal) (G1 Evacuation Pause) 851M->240M(1024M) 6.657ms
[2021-04-19T01:20:57.331-0700][gc,cpu        ] GC(720) User=0.04s Sys=0.00s Real=0.01s
[2021-04-19T01:24:17.271-0700][gc,start      ] GC(721) Pause Young (Normal) (G1 Evacuation Pause)
[2021-04-19T01:24:17.271-0700][gc,task       ] GC(721) Using 8 workers of 8 for evacuation
[2021-04-19T01:24:17.277-0700][gc,phases     ] GC(721)   Pre Evacuate Collection Set: 0.0ms
[2021-04-19T01:24:17.277-0700][gc,phases     ] GC(721)   Evacuate Collection Set: 4.7ms
[2021-04-19T01:24:17.277-0700][gc,phases     ] GC(721)   Post Evacuate Collection Set: 1.1ms
[2021-04-19T01:24:17.277-0700][gc,phases     ] GC(721)   Other: 0.5ms
[2021-04-19T01:24:17.277-0700][gc,heap       ] GC(721) Eden regions: 611->0(612)
[2021-04-19T01:24:17.277-0700][gc,heap       ] GC(721) Survivor regions: 3->2(77)
[2021-04-19T01:24:17.277-0700][gc,heap       ] GC(721) Old regions: 111->111
[2021-04-19T01:24:17.277-0700][gc,heap       ] GC(721) Humongous regions: 129->129
[2021-04-19T01:24:17.277-0700][gc,metaspace  ] GC(721) Metaspace: 41660K->41660K(1087488K)
[2021-04-19T01:24:17.277-0700][gc            ] GC(721) Pause Young (Normal) (G1 Evacuation Pause) 851M->240M(1024M) 6.548ms
[2021-04-19T01:24:17.277-0700][gc,cpu        ] GC(721) User=0.04s Sys=0.00s Real=0.01s
[2021-04-19T01:27:37.333-0700][gc,start      ] GC(722) Pause Young (Normal) (G1 Evacuation Pause)
[2021-04-19T01:27:37.333-0700][gc,task       ] GC(722) Using 8 workers of 8 for evacuation
[2021-04-19T01:27:37.339-0700][gc,phases     ] GC(722)   Pre Evacuate Collection Set: 0.0ms
[2021-04-19T01:27:37.340-0700][gc,phases     ] GC(722)   Evacuate Collection Set: 4.4ms
[2021-04-19T01:27:37.340-0700][gc,phases     ] GC(722)   Post Evacuate Collection Set: 1.2ms
[2021-04-19T01:27:37.340-0700][gc,phases     ] GC(722)   Other: 0.5ms
[2021-04-19T01:27:37.340-0700][gc,heap       ] GC(722) Eden regions: 612->0(612)
[2021-04-19T01:27:37.340-0700][gc,heap       ] GC(722) Survivor regions: 2->2(77)
[2021-04-19T01:27:37.340-0700][gc,heap       ] GC(722) Old regions: 111->111
[2021-04-19T01:27:37.340-0700][gc,heap       ] GC(722) Humongous regions: 129->129
[2021-04-19T01:27:37.340-0700][gc,metaspace  ] GC(722) Metaspace: 41660K->41660K(1087488K)
[2021-04-19T01:27:37.340-0700][gc            ] GC(722) Pause Young (Normal) (G1 Evacuation Pause) 852M->240M(1024M) 6.370ms
[2021-04-19T01:27:37.340-0700][gc,cpu        ] GC(722) User=0.04s Sys=0.00s Real=0.01s
[2021-04-19T01:30:57.266-0700][gc,start      ] GC(723) Pause Young (Normal) (G1 Evacuation Pause)
[2021-04-19T01:30:57.266-0700][gc,task       ] GC(723) Using 8 workers of 8 for evacuation
[2021-04-19T01:30:57.273-0700][gc,phases     ] GC(723)   Pre Evacuate Collection Set: 0.0ms
[2021-04-19T01:30:57.273-0700][gc,phases     ] GC(723)   Evacuate Collection Set: 4.6ms
[2021-04-19T01:30:57.273-0700][gc,phases     ] GC(723)   Post Evacuate Collection Set: 1.3ms
[2021-04-19T01:30:57.273-0700][gc,phases     ] GC(723)   Other: 0.5ms
[2021-04-19T01:30:57.273-0700][gc,heap       ] GC(723) Eden regions: 612->0(612)
[2021-04-19T01:30:57.273-0700][gc,heap       ] GC(723) Survivor regions: 2->2(77)
[2021-04-19T01:30:57.273-0700][gc,heap       ] GC(723) Old regions: 111->111
[2021-04-19T01:30:57.273-0700][gc,heap       ] GC(723) Humongous regions: 129->129
[2021-04-19T01:30:57.273-0700][gc,metaspace  ] GC(723) Metaspace: 41660K->41660K(1087488K)
[2021-04-19T01:30:57.273-0700][gc            ] GC(723) Pause Young (Normal) (G1 Evacuation Pause) 852M->240M(1024M) 6.678ms
[2021-04-19T01:30:57.273-0700][gc,cpu        ] GC(723) User=0.04s Sys=0.00s Real=0.01s
[2021-04-19T01:34:16.715-0700][gc,start      ] GC(724) Pause Young (Normal) (G1 Evacuation Pause)
[2021-04-19T01:34:16.715-0700][gc,task       ] GC(724) Using 8 workers of 8 for evacuation
[2021-04-19T01:34:16.722-0700][gc,phases     ] GC(724)   Pre Evacuate Collection Set: 0.0ms
[2021-04-19T01:34:16.722-0700][gc,phases     ] GC(724)   Evacuate Collection Set: 5.1ms
[2021-04-19T01:34:16.722-0700][gc,phases     ] GC(724)   Post Evacuate Collection Set: 1.2ms
[2021-04-19T01:34:16.722-0700][gc,phases     ] GC(724)   Other: 0.5ms
[2021-04-19T01:34:16.722-0700][gc,heap       ] GC(724) Eden regions: 612->0(611)
[2021-04-19T01:34:16.722-0700][gc,heap       ] GC(724) Survivor regions: 2->3(77)
[2021-04-19T01:34:16.722-0700][gc,heap       ] GC(724) Old regions: 111->111
[2021-04-19T01:34:16.722-0700][gc,heap       ] GC(724) Humongous regions: 129->129
[2021-04-19T01:34:16.722-0700][gc,metaspace  ] GC(724) Metaspace: 41660K->41660K(1087488K)
[2021-04-19T01:34:16.722-0700][gc            ] GC(724) Pause Young (Normal) (G1 Evacuation Pause) 852M->240M(1024M) 7.080ms
[2021-04-19T01:34:16.722-0700][gc,cpu        ] GC(724) User=0.03s Sys=0.01s Real=0.01s
[2021-04-19T01:37:36.467-0700][gc,start      ] GC(725) Pause Young (Normal) (G1 Evacuation Pause)
[2021-04-19T01:37:36.467-0700][gc,task       ] GC(725) Using 8 workers of 8 for evacuation
[2021-04-19T01:37:36.475-0700][gc,phases     ] GC(725)   Pre Evacuate Collection Set: 0.0ms
[2021-04-19T01:37:36.475-0700][gc,phases     ] GC(725)   Evacuate Collection Set: 6.1ms
[2021-04-19T01:37:36.475-0700][gc,phases     ] GC(725)   Post Evacuate Collection Set: 1.2ms
[2021-04-19T01:37:36.475-0700][gc,phases     ] GC(725)   Other: 0.5ms
[2021-04-19T01:37:36.475-0700][gc,heap       ] GC(725) Eden regions: 611->0(610)
[2021-04-19T01:37:36.475-0700][gc,heap       ] GC(725) Survivor regions: 3->4(77)
[2021-04-19T01:37:36.475-0700][gc,heap       ] GC(725) Old regions: 111->111
[2021-04-19T01:37:36.475-0700][gc,heap       ] GC(725) Humongous regions: 129->129
[2021-04-19T01:37:36.475-0700][gc,metaspace  ] GC(725) Metaspace: 41670K->41670K(1087488K)
[2021-04-19T01:37:36.475-0700][gc            ] GC(725) Pause Young (Normal) (G1 Evacuation Pause) 851M->241M(1024M) 8.020ms
[2021-04-19T01:37:36.475-0700][gc,cpu        ] GC(725) User=0.05s Sys=0.00s Real=0.01s
[2021-04-19T01:40:55.926-0700][gc,start      ] GC(726) Pause Young (Normal) (G1 Evacuation Pause)
[2021-04-19T01:40:55.927-0700][gc,task       ] GC(726) Using 8 workers of 8 for evacuation
[2021-04-19T01:40:55.934-0700][gc,phases     ] GC(726)   Pre Evacuate Collection Set: 0.0ms
[2021-04-19T01:40:55.934-0700][gc,phases     ] GC(726)   Evacuate Collection Set: 6.0ms
[2021-04-19T01:40:55.934-0700][gc,phases     ] GC(726)   Post Evacuate Collection Set: 1.3ms
[2021-04-19T01:40:55.934-0700][gc,phases     ] GC(726)   Other: 0.5ms
[2021-04-19T01:40:55.934-0700][gc,heap       ] GC(726) Eden regions: 610->0(610)
[2021-04-19T01:40:55.935-0700][gc,heap       ] GC(726) Survivor regions: 4->4(77)
[2021-04-19T01:40:55.935-0700][gc,heap       ] GC(726) Old regions: 111->111
[2021-04-19T01:40:55.935-0700][gc,heap       ] GC(726) Humongous regions: 129->129
[2021-04-19T01:40:55.935-0700][gc,metaspace  ] GC(726) Metaspace: 41670K->41670K(1087488K)
[2021-04-19T01:40:55.935-0700][gc            ] GC(726) Pause Young (Normal) (G1 Evacuation Pause) 851M->241M(1024M) 8.106ms
[2021-04-19T01:40:55.935-0700][gc,cpu        ] GC(726) User=0.06s Sys=0.00s Real=0.01s
[2021-04-19T01:44:15.210-0700][gc,start      ] GC(727) Pause Young (Normal) (G1 Evacuation Pause)
[2021-04-19T01:44:15.210-0700][gc,task       ] GC(727) Using 8 workers of 8 for evacuation
[2021-04-19T01:44:15.217-0700][gc,phases     ] GC(727)   Pre Evacuate Collection Set: 0.0ms
[2021-04-19T01:44:15.217-0700][gc,phases     ] GC(727)   Evacuate Collection Set: 5.4ms
[2021-04-19T01:44:15.217-0700][gc,phases     ] GC(727)   Post Evacuate Collection Set: 1.3ms
[2021-04-19T01:44:15.217-0700][gc,phases     ] GC(727)   Other: 0.5ms
[2021-04-19T01:44:15.217-0700][gc,heap       ] GC(727) Eden regions: 610->0(611)
[2021-04-19T01:44:15.217-0700][gc,heap       ] GC(727) Survivor regions: 4->3(77)
[2021-04-19T01:44:15.217-0700][gc,heap       ] GC(727) Old regions: 111->111
[2021-04-19T01:44:15.217-0700][gc,heap       ] GC(727) Humongous regions: 129->129
[2021-04-19T01:44:15.217-0700][gc,metaspace  ] GC(727) Metaspace: 41670K->41670K(1087488K)
[2021-04-19T01:44:15.217-0700][gc            ] GC(727) Pause Young (Normal) (G1 Evacuation Pause) 851M->241M(1024M) 7.500ms
[2021-04-19T01:44:15.217-0700][gc,cpu        ] GC(727) User=0.04s Sys=0.00s Real=0.01s
[2021-04-19T01:47:35.036-0700][gc,start      ] GC(728) Pause Young (Normal) (G1 Evacuation Pause)
[2021-04-19T01:47:35.036-0700][gc,task       ] GC(728) Using 8 workers of 8 for evacuation
[2021-04-19T01:47:35.043-0700][gc,phases     ] GC(728)   Pre Evacuate Collection Set: 0.0ms
[2021-04-19T01:47:35.044-0700][gc,phases     ] GC(728)   Evacuate Collection Set: 5.4ms
[2021-04-19T01:47:35.044-0700][gc,phases     ] GC(728)   Post Evacuate Collection Set: 1.3ms
[2021-04-19T01:47:35.044-0700][gc,phases     ] GC(728)   Other: 0.5ms
[2021-04-19T01:47:35.044-0700][gc,heap       ] GC(728) Eden regions: 611->0(611)
[2021-04-19T01:47:35.044-0700][gc,heap       ] GC(728) Survivor regions: 3->3(77)
[2021-04-19T01:47:35.044-0700][gc,heap       ] GC(728) Old regions: 111->111
[2021-04-19T01:47:35.044-0700][gc,heap       ] GC(728) Humongous regions: 129->129
[2021-04-19T01:47:35.044-0700][gc,metaspace  ] GC(728) Metaspace: 41677K->41677K(1087488K)
[2021-04-19T01:47:35.044-0700][gc            ] GC(728) Pause Young (Normal) (G1 Evacuation Pause) 852M->241M(1024M) 7.384ms
[2021-04-19T01:47:35.044-0700][gc,cpu        ] GC(728) User=0.04s Sys=0.00s Real=0.01s
[2021-04-19T01:50:54.823-0700][gc,start      ] GC(729) Pause Young (Normal) (G1 Evacuation Pause)
[2021-04-19T01:50:54.823-0700][gc,task       ] GC(729) Using 8 workers of 8 for evacuation
[2021-04-19T01:50:54.830-0700][gc,phases     ] GC(729)   Pre Evacuate Collection Set: 0.0ms
[2021-04-19T01:50:54.830-0700][gc,phases     ] GC(729)   Evacuate Collection Set: 5.1ms
[2021-04-19T01:50:54.830-0700][gc,phases     ] GC(729)   Post Evacuate Collection Set: 1.3ms
[2021-04-19T01:50:54.830-0700][gc,phases     ] GC(729)   Other: 0.5ms
[2021-04-19T01:50:54.830-0700][gc,heap       ] GC(729) Eden regions: 611->0(611)
[2021-04-19T01:50:54.830-0700][gc,heap       ] GC(729) Survivor regions: 3->3(77)
[2021-04-19T01:50:54.830-0700][gc,heap       ] GC(729) Old regions: 111->111
[2021-04-19T01:50:54.830-0700][gc,heap       ] GC(729) Humongous regions: 129->129
[2021-04-19T01:50:54.830-0700][gc,metaspace  ] GC(729) Metaspace: 41677K->41677K(1087488K)
[2021-04-19T01:50:54.830-0700][gc            ] GC(729) Pause Young (Normal) (G1 Evacuation Pause) 852M->241M(1024M) 7.150ms
[2021-04-19T01:50:54.830-0700][gc,cpu        ] GC(729) User=0.05s Sys=0.00s Real=0.01s
[2021-04-19T01:54:13.840-0700][gc,start      ] GC(730) Pause Young (Normal) (G1 Evacuation Pause)
[2021-04-19T01:54:13.841-0700][gc,task       ] GC(730) Using 8 workers of 8 for evacuation
[2021-04-19T01:54:13.847-0700][gc,phases     ] GC(730)   Pre Evacuate Collection Set: 0.0ms
[2021-04-19T01:54:13.847-0700][gc,phases     ] GC(730)   Evacuate Collection Set: 4.7ms
[2021-04-19T01:54:13.847-0700][gc,phases     ] GC(730)   Post Evacuate Collection Set: 1.1ms
[2021-04-19T01:54:13.847-0700][gc,phases     ] GC(730)   Other: 0.5ms
[2021-04-19T01:54:13.847-0700][gc,heap       ] GC(730) Eden regions: 611->0(611)
[2021-04-19T01:54:13.847-0700][gc,heap       ] GC(730) Survivor regions: 3->3(77)
[2021-04-19T01:54:13.847-0700][gc,heap       ] GC(730) Old regions: 111->111
[2021-04-19T01:54:13.847-0700][gc,heap       ] GC(730) Humongous regions: 129->129
[2021-04-19T01:54:13.847-0700][gc,metaspace  ] GC(730) Metaspace: 41677K->41677K(1087488K)
[2021-04-19T01:54:13.847-0700][gc            ] GC(730) Pause Young (Normal) (G1 Evacuation Pause) 852M->240M(1024M) 6.440ms
[2021-04-19T01:54:13.847-0700][gc,cpu        ] GC(730) User=0.03s Sys=0.00s Real=0.00s
[2021-04-19T01:57:33.202-0700][gc,start      ] GC(731) Pause Young (Normal) (G1 Evacuation Pause)
[2021-04-19T01:57:33.203-0700][gc,task       ] GC(731) Using 8 workers of 8 for evacuation
[2021-04-19T01:57:33.209-0700][gc,phases     ] GC(731)   Pre Evacuate Collection Set: 0.0ms
[2021-04-19T01:57:33.209-0700][gc,phases     ] GC(731)   Evacuate Collection Set: 4.5ms
[2021-04-19T01:57:33.209-0700][gc,phases     ] GC(731)   Post Evacuate Collection Set: 1.2ms
[2021-04-19T01:57:33.209-0700][gc,phases     ] GC(731)   Other: 0.5ms
[2021-04-19T01:57:33.209-0700][gc,heap       ] GC(731) Eden regions: 611->0(612)
[2021-04-19T01:57:33.209-0700][gc,heap       ] GC(731) Survivor regions: 3->2(77)
[2021-04-19T01:57:33.209-0700][gc,heap       ] GC(731) Old regions: 111->111
[2021-04-19T01:57:33.209-0700][gc,heap       ] GC(731) Humongous regions: 129->129
[2021-04-19T01:57:33.209-0700][gc,metaspace  ] GC(731) Metaspace: 41683K->41683K(1087488K)
[2021-04-19T01:57:33.209-0700][gc            ] GC(731) Pause Young (Normal) (G1 Evacuation Pause) 851M->240M(1024M) 6.462ms
[2021-04-19T01:57:33.209-0700][gc,cpu        ] GC(731) User=0.03s Sys=0.01s Real=0.01s
[2021-04-19T02:00:52.887-0700][gc,start      ] GC(732) Pause Young (Normal) (G1 Evacuation Pause)
[2021-04-19T02:00:52.887-0700][gc,task       ] GC(732) Using 8 workers of 8 for evacuation
[2021-04-19T02:00:52.895-0700][gc,phases     ] GC(732)   Pre Evacuate Collection Set: 0.0ms
[2021-04-19T02:00:52.895-0700][gc,phases     ] GC(732)   Evacuate Collection Set: 6.1ms
[2021-04-19T02:00:52.895-0700][gc,phases     ] GC(732)   Post Evacuate Collection Set: 1.1ms
[2021-04-19T02:00:52.895-0700][gc,phases     ] GC(732)   Other: 0.5ms
[2021-04-19T02:00:52.895-0700][gc,heap       ] GC(732) Eden regions: 612->0(610)
[2021-04-19T02:00:52.895-0700][gc,heap       ] GC(732) Survivor regions: 2->4(77)
[2021-04-19T02:00:52.895-0700][gc,heap       ] GC(732) Old regions: 111->111
[2021-04-19T02:00:52.895-0700][gc,heap       ] GC(732) Humongous regions: 129->129
[2021-04-19T02:00:52.895-0700][gc,metaspace  ] GC(732) Metaspace: 41683K->41683K(1087488K)
[2021-04-19T02:00:52.895-0700][gc            ] GC(732) Pause Young (Normal) (G1 Evacuation Pause) 852M->241M(1024M) 8.023ms
[2021-04-19T02:00:52.895-0700][gc,cpu        ] GC(732) User=0.05s Sys=0.00s Real=0.01s
[2021-04-19T02:04:12.358-0700][gc,start      ] GC(733) Pause Young (Normal) (G1 Evacuation Pause)
[2021-04-19T02:04:12.358-0700][gc,task       ] GC(733) Using 8 workers of 8 for evacuation
[2021-04-19T02:04:12.366-0700][gc,phases     ] GC(733)   Pre Evacuate Collection Set: 0.0ms
[2021-04-19T02:04:12.366-0700][gc,phases     ] GC(733)   Evacuate Collection Set: 5.8ms
[2021-04-19T02:04:12.366-0700][gc,phases     ] GC(733)   Post Evacuate Collection Set: 1.3ms
[2021-04-19T02:04:12.366-0700][gc,phases     ] GC(733)   Other: 0.5ms
[2021-04-19T02:04:12.366-0700][gc,heap       ] GC(733) Eden regions: 610->0(610)
[2021-04-19T02:04:12.366-0700][gc,heap       ] GC(733) Survivor regions: 4->4(77)
[2021-04-19T02:04:12.366-0700][gc,heap       ] GC(733) Old regions: 111->111
[2021-04-19T02:04:12.366-0700][gc,heap       ] GC(733) Humongous regions: 129->129
[2021-04-19T02:04:12.366-0700][gc,metaspace  ] GC(733) Metaspace: 41683K->41683K(1087488K)
[2021-04-19T02:04:12.366-0700][gc            ] GC(733) Pause Young (Normal) (G1 Evacuation Pause) 851M->241M(1024M) 7.911ms
[2021-04-19T02:04:12.366-0700][gc,cpu        ] GC(733) User=0.05s Sys=0.00s Real=0.00s
[2021-04-19T02:07:31.857-0700][gc,start      ] GC(734) Pause Young (Normal) (G1 Evacuation Pause)
[2021-04-19T02:07:31.857-0700][gc,task       ] GC(734) Using 8 workers of 8 for evacuation
[2021-04-19T02:07:31.863-0700][gc,phases     ] GC(734)   Pre Evacuate Collection Set: 0.0ms
[2021-04-19T02:07:31.863-0700][gc,phases     ] GC(734)   Evacuate Collection Set: 5.0ms
[2021-04-19T02:07:31.863-0700][gc,phases     ] GC(734)   Post Evacuate Collection Set: 0.5ms
[2021-04-19T02:07:31.863-0700][gc,phases     ] GC(734)   Other: 0.4ms
[2021-04-19T02:07:31.863-0700][gc,heap       ] GC(734) Eden regions: 610->0(611)
[2021-04-19T02:07:31.863-0700][gc,heap       ] GC(734) Survivor regions: 4->3(77)
[2021-04-19T02:07:31.863-0700][gc,heap       ] GC(734) Old regions: 111->111
[2021-04-19T02:07:31.863-0700][gc,heap       ] GC(734) Humongous regions: 129->129
[2021-04-19T02:07:31.863-0700][gc,metaspace  ] GC(734) Metaspace: 41684K->41684K(1087488K)
[2021-04-19T02:07:31.863-0700][gc            ] GC(734) Pause Young (Normal) (G1 Evacuation Pause) 851M->241M(1024M) 5.955ms
[2021-04-19T02:07:31.863-0700][gc,cpu        ] GC(734) User=0.04s Sys=0.00s Real=0.00s
[2021-04-19T02:10:51.709-0700][gc,start      ] GC(735) Pause Young (Normal) (G1 Evacuation Pause)
[2021-04-19T02:10:51.709-0700][gc,task       ] GC(735) Using 8 workers of 8 for evacuation
[2021-04-19T02:10:51.715-0700][gc,phases     ] GC(735)   Pre Evacuate Collection Set: 0.0ms
[2021-04-19T02:10:51.715-0700][gc,phases     ] GC(735)   Evacuate Collection Set: 5.2ms
[2021-04-19T02:10:51.715-0700][gc,phases     ] GC(735)   Post Evacuate Collection Set: 0.5ms
[2021-04-19T02:10:51.715-0700][gc,phases     ] GC(735)   Other: 0.4ms
[2021-04-19T02:10:51.715-0700][gc,heap       ] GC(735) Eden regions: 611->0(611)
[2021-04-19T02:10:51.715-0700][gc,heap       ] GC(735) Survivor regions: 3->3(77)
[2021-04-19T02:10:51.715-0700][gc,heap       ] GC(735) Old regions: 111->111
[2021-04-19T02:10:51.715-0700][gc,heap       ] GC(735) Humongous regions: 129->129
[2021-04-19T02:10:51.715-0700][gc,metaspace  ] GC(735) Metaspace: 41684K->41684K(1087488K)
[2021-04-19T02:10:51.715-0700][gc            ] GC(735) Pause Young (Normal) (G1 Evacuation Pause) 852M->241M(1024M) 6.172ms
[2021-04-19T02:10:51.715-0700][gc,cpu        ] GC(735) User=0.04s Sys=0.00s Real=0.00s
[2021-04-19T02:14:11.486-0700][gc,start      ] GC(736) Pause Young (Normal) (G1 Evacuation Pause)
[2021-04-19T02:14:11.486-0700][gc,task       ] GC(736) Using 8 workers of 8 for evacuation
[2021-04-19T02:14:11.493-0700][gc,phases     ] GC(736)   Pre Evacuate Collection Set: 0.0ms
[2021-04-19T02:14:11.493-0700][gc,phases     ] GC(736)   Evacuate Collection Set: 5.2ms
[2021-04-19T02:14:11.493-0700][gc,phases     ] GC(736)   Post Evacuate Collection Set: 1.2ms
[2021-04-19T02:14:11.493-0700][gc,phases     ] GC(736)   Other: 0.5ms
[2021-04-19T02:14:11.493-0700][gc,heap       ] GC(736) Eden regions: 611->0(611)
[2021-04-19T02:14:11.493-0700][gc,heap       ] GC(736) Survivor regions: 3->3(77)
[2021-04-19T02:14:11.493-0700][gc,heap       ] GC(736) Old regions: 111->111
[2021-04-19T02:14:11.493-0700][gc,heap       ] GC(736) Humongous regions: 129->129
[2021-04-19T02:14:11.493-0700][gc,metaspace  ] GC(736) Metaspace: 41684K->41684K(1087488K)
[2021-04-19T02:14:11.493-0700][gc            ] GC(736) Pause Young (Normal) (G1 Evacuation Pause) 852M->241M(1024M) 7.178ms
[2021-04-19T02:14:11.493-0700][gc,cpu        ] GC(736) User=0.04s Sys=0.01s Real=0.01s
[2021-04-19T02:17:30.939-0700][gc,start      ] GC(737) Pause Young (Normal) (G1 Evacuation Pause)
[2021-04-19T02:17:30.939-0700][gc,task       ] GC(737) Using 8 workers of 8 for evacuation
[2021-04-19T02:17:30.946-0700][gc,phases     ] GC(737)   Pre Evacuate Collection Set: 0.0ms
[2021-04-19T02:17:30.946-0700][gc,phases     ] GC(737)   Evacuate Collection Set: 5.1ms
[2021-04-19T02:17:30.946-0700][gc,phases     ] GC(737)   Post Evacuate Collection Set: 1.1ms
[2021-04-19T02:17:30.946-0700][gc,phases     ] GC(737)   Other: 0.5ms
[2021-04-19T02:17:30.946-0700][gc,heap       ] GC(737) Eden regions: 611->0(611)
[2021-04-19T02:17:30.946-0700][gc,heap       ] GC(737) Survivor regions: 3->3(77)
[2021-04-19T02:17:30.946-0700][gc,heap       ] GC(737) Old regions: 111->111
[2021-04-19T02:17:30.946-0700][gc,heap       ] GC(737) Humongous regions: 129->129
[2021-04-19T02:17:30.946-0700][gc,metaspace  ] GC(737) Metaspace: 41684K->41684K(1087488K)
[2021-04-19T02:17:30.946-0700][gc            ] GC(737) Pause Young (Normal) (G1 Evacuation Pause) 852M->241M(1024M) 6.959ms
[2021-04-19T02:17:30.946-0700][gc,cpu        ] GC(737) User=0.05s Sys=0.00s Real=0.00s
[2021-04-19T02:20:50.562-0700][gc,start      ] GC(738) Pause Young (Normal) (G1 Evacuation Pause)
[2021-04-19T02:20:50.562-0700][gc,task       ] GC(738) Using 8 workers of 8 for evacuation
[2021-04-19T02:20:50.569-0700][gc,phases     ] GC(738)   Pre Evacuate Collection Set: 0.0ms
[2021-04-19T02:20:50.569-0700][gc,phases     ] GC(738)   Evacuate Collection Set: 4.9ms
[2021-04-19T02:20:50.569-0700][gc,phases     ] GC(738)   Post Evacuate Collection Set: 1.1ms
[2021-04-19T02:20:50.569-0700][gc,phases     ] GC(738)   Other: 0.5ms
[2021-04-19T02:20:50.569-0700][gc,heap       ] GC(738) Eden regions: 611->0(611)
[2021-04-19T02:20:50.569-0700][gc,heap       ] GC(738) Survivor regions: 3->3(77)
[2021-04-19T02:20:50.569-0700][gc,heap       ] GC(738) Old regions: 111->111
[2021-04-19T02:20:50.569-0700][gc,heap       ] GC(738) Humongous regions: 129->129
[2021-04-19T02:20:50.569-0700][gc,metaspace  ] GC(738) Metaspace: 41684K->41684K(1087488K)
[2021-04-19T02:20:50.569-0700][gc            ] GC(738) Pause Young (Normal) (G1 Evacuation Pause) 852M->241M(1024M) 6.718ms
[2021-04-19T02:20:50.569-0700][gc,cpu        ] GC(738) User=0.04s Sys=0.00s Real=0.01s
[2021-04-19T02:24:10.367-0700][gc,start      ] GC(739) Pause Young (Normal) (G1 Evacuation Pause)
[2021-04-19T02:24:10.367-0700][gc,task       ] GC(739) Using 8 workers of 8 for evacuation
[2021-04-19T02:24:10.374-0700][gc,phases     ] GC(739)   Pre Evacuate Collection Set: 0.0ms
[2021-04-19T02:24:10.374-0700][gc,phases     ] GC(739)   Evacuate Collection Set: 4.8ms
[2021-04-19T02:24:10.374-0700][gc,phases     ] GC(739)   Post Evacuate Collection Set: 1.3ms
[2021-04-19T02:24:10.374-0700][gc,phases     ] GC(739)   Other: 0.5ms
[2021-04-19T02:24:10.374-0700][gc,heap       ] GC(739) Eden regions: 611->0(611)
[2021-04-19T02:24:10.374-0700][gc,heap       ] GC(739) Survivor regions: 3->3(77)
[2021-04-19T02:24:10.374-0700][gc,heap       ] GC(739) Old regions: 111->112
[2021-04-19T02:24:10.374-0700][gc,heap       ] GC(739) Humongous regions: 129->129
[2021-04-19T02:24:10.374-0700][gc,metaspace  ] GC(739) Metaspace: 41684K->41684K(1087488K)
[2021-04-19T02:24:10.374-0700][gc            ] GC(739) Pause Young (Normal) (G1 Evacuation Pause) 852M->240M(1024M) 6.774ms
[2021-04-19T02:24:10.374-0700][gc,cpu        ] GC(739) User=0.04s Sys=0.00s Real=0.01s
[2021-04-19T02:27:30.067-0700][gc,start      ] GC(740) Pause Young (Normal) (G1 Evacuation Pause)
[2021-04-19T02:27:30.067-0700][gc,task       ] GC(740) Using 8 workers of 8 for evacuation
[2021-04-19T02:27:30.073-0700][gc,phases     ] GC(740)   Pre Evacuate Collection Set: 0.0ms
[2021-04-19T02:27:30.074-0700][gc,phases     ] GC(740)   Evacuate Collection Set: 4.7ms
[2021-04-19T02:27:30.074-0700][gc,phases     ] GC(740)   Post Evacuate Collection Set: 1.4ms
[2021-04-19T02:27:30.074-0700][gc,phases     ] GC(740)   Other: 0.5ms
[2021-04-19T02:27:30.074-0700][gc,heap       ] GC(740) Eden regions: 611->0(611)
[2021-04-19T02:27:30.074-0700][gc,heap       ] GC(740) Survivor regions: 3->3(77)
[2021-04-19T02:27:30.074-0700][gc,heap       ] GC(740) Old regions: 112->112
[2021-04-19T02:27:30.074-0700][gc,heap       ] GC(740) Humongous regions: 129->129
[2021-04-19T02:27:30.074-0700][gc,metaspace  ] GC(740) Metaspace: 41684K->41684K(1087488K)
[2021-04-19T02:27:30.074-0700][gc            ] GC(740) Pause Young (Normal) (G1 Evacuation Pause) 851M->240M(1024M) 6.816ms
[2021-04-19T02:27:30.074-0700][gc,cpu        ] GC(740) User=0.04s Sys=0.00s Real=0.01s
[2021-04-19T02:30:49.986-0700][gc,start      ] GC(741) Pause Young (Normal) (G1 Evacuation Pause)
[2021-04-19T02:30:49.986-0700][gc,task       ] GC(741) Using 8 workers of 8 for evacuation
[2021-04-19T02:30:49.992-0700][gc,phases     ] GC(741)   Pre Evacuate Collection Set: 0.0ms
[2021-04-19T02:30:49.992-0700][gc,phases     ] GC(741)   Evacuate Collection Set: 4.6ms
[2021-04-19T02:30:49.992-0700][gc,phases     ] GC(741)   Post Evacuate Collection Set: 1.2ms
[2021-04-19T02:30:49.992-0700][gc,phases     ] GC(741)   Other: 0.5ms
[2021-04-19T02:30:49.992-0700][gc,heap       ] GC(741) Eden regions: 611->0(611)
[2021-04-19T02:30:49.992-0700][gc,heap       ] GC(741) Survivor regions: 3->3(77)
[2021-04-19T02:30:49.992-0700][gc,heap       ] GC(741) Old regions: 112->112
[2021-04-19T02:30:49.993-0700][gc,heap       ] GC(741) Humongous regions: 129->129
[2021-04-19T02:30:49.993-0700][gc,metaspace  ] GC(741) Metaspace: 41684K->41684K(1087488K)
[2021-04-19T02:30:49.993-0700][gc            ] GC(741) Pause Young (Normal) (G1 Evacuation Pause) 851M->240M(1024M) 6.539ms
[2021-04-19T02:30:49.993-0700][gc,cpu        ] GC(741) User=0.04s Sys=0.00s Real=0.01s
[2021-04-19T02:34:09.683-0700][gc,start      ] GC(742) Pause Young (Normal) (G1 Evacuation Pause)
[2021-04-19T02:34:09.683-0700][gc,task       ] GC(742) Using 8 workers of 8 for evacuation
[2021-04-19T02:34:09.689-0700][gc,phases     ] GC(742)   Pre Evacuate Collection Set: 0.0ms
[2021-04-19T02:34:09.689-0700][gc,phases     ] GC(742)   Evacuate Collection Set: 4.6ms
[2021-04-19T02:34:09.689-0700][gc,phases     ] GC(742)   Post Evacuate Collection Set: 1.1ms
[2021-04-19T02:34:09.689-0700][gc,phases     ] GC(742)   Other: 0.5ms
[2021-04-19T02:34:09.689-0700][gc,heap       ] GC(742) Eden regions: 611->0(612)
[2021-04-19T02:34:09.689-0700][gc,heap       ] GC(742) Survivor regions: 3->2(77)
[2021-04-19T02:34:09.689-0700][gc,heap       ] GC(742) Old regions: 112->112
[2021-04-19T02:34:09.689-0700][gc,heap       ] GC(742) Humongous regions: 129->129
[2021-04-19T02:34:09.689-0700][gc,metaspace  ] GC(742) Metaspace: 41684K->41684K(1087488K)
[2021-04-19T02:34:09.689-0700][gc            ] GC(742) Pause Young (Normal) (G1 Evacuation Pause) 851M->240M(1024M) 6.472ms
[2021-04-19T02:34:09.689-0700][gc,cpu        ] GC(742) User=0.04s Sys=0.00s Real=0.01s
[2021-04-19T02:37:29.623-0700][gc,start      ] GC(743) Pause Young (Normal) (G1 Evacuation Pause)
[2021-04-19T02:37:29.623-0700][gc,task       ] GC(743) Using 8 workers of 8 for evacuation
[2021-04-19T02:37:29.630-0700][gc,phases     ] GC(743)   Pre Evacuate Collection Set: 0.0ms
[2021-04-19T02:37:29.630-0700][gc,phases     ] GC(743)   Evacuate Collection Set: 4.8ms
[2021-04-19T02:37:29.630-0700][gc,phases     ] GC(743)   Post Evacuate Collection Set: 1.2ms
[2021-04-19T02:37:29.630-0700][gc,phases     ] GC(743)   Other: 0.5ms
[2021-04-19T02:37:29.630-0700][gc,heap       ] GC(743) Eden regions: 612->0(611)
[2021-04-19T02:37:29.630-0700][gc,heap       ] GC(743) Survivor regions: 2->3(77)
[2021-04-19T02:37:29.630-0700][gc,heap       ] GC(743) Old regions: 112->112
[2021-04-19T02:37:29.630-0700][gc,heap       ] GC(743) Humongous regions: 129->129
[2021-04-19T02:37:29.630-0700][gc,metaspace  ] GC(743) Metaspace: 41684K->41684K(1087488K)
[2021-04-19T02:37:29.630-0700][gc            ] GC(743) Pause Young (Normal) (G1 Evacuation Pause) 852M->240M(1024M) 6.769ms
[2021-04-19T02:37:29.630-0700][gc,cpu        ] GC(743) User=0.04s Sys=0.00s Real=0.01s
[2021-04-19T02:40:49.641-0700][gc,start      ] GC(744) Pause Young (Normal) (G1 Evacuation Pause)
[2021-04-19T02:40:49.641-0700][gc,task       ] GC(744) Using 8 workers of 8 for evacuation
[2021-04-19T02:40:49.647-0700][gc,phases     ] GC(744)   Pre Evacuate Collection Set: 0.0ms
[2021-04-19T02:40:49.647-0700][gc,phases     ] GC(744)   Evacuate Collection Set: 5.3ms
[2021-04-19T02:40:49.647-0700][gc,phases     ] GC(744)   Post Evacuate Collection Set: 0.5ms
[2021-04-19T02:40:49.647-0700][gc,phases     ] GC(744)   Other: 0.4ms
[2021-04-19T02:40:49.647-0700][gc,heap       ] GC(744) Eden regions: 611->0(610)
[2021-04-19T02:40:49.647-0700][gc,heap       ] GC(744) Survivor regions: 3->4(77)
[2021-04-19T02:40:49.647-0700][gc,heap       ] GC(744) Old regions: 112->112
[2021-04-19T02:40:49.647-0700][gc,heap       ] GC(744) Humongous regions: 129->129
[2021-04-19T02:40:49.647-0700][gc,metaspace  ] GC(744) Metaspace: 41684K->41684K(1087488K)
[2021-04-19T02:40:49.647-0700][gc            ] GC(744) Pause Young (Normal) (G1 Evacuation Pause) 851M->242M(1024M) 6.348ms
[2021-04-19T02:40:49.647-0700][gc,cpu        ] GC(744) User=0.04s Sys=0.00s Real=0.00s
[2021-04-19T02:44:09.232-0700][gc,start      ] GC(745) Pause Young (Normal) (G1 Evacuation Pause)
[2021-04-19T02:44:09.232-0700][gc,task       ] GC(745) Using 8 workers of 8 for evacuation
[2021-04-19T02:44:09.237-0700][gc,phases     ] GC(745)   Pre Evacuate Collection Set: 0.0ms
[2021-04-19T02:44:09.237-0700][gc,phases     ] GC(745)   Evacuate Collection Set: 4.2ms
[2021-04-19T02:44:09.237-0700][gc,phases     ] GC(745)   Post Evacuate Collection Set: 0.7ms
[2021-04-19T02:44:09.237-0700][gc,phases     ] GC(745)   Other: 0.3ms
[2021-04-19T02:44:09.237-0700][gc,heap       ] GC(745) Eden regions: 610->0(610)
[2021-04-19T02:44:09.237-0700][gc,heap       ] GC(745) Survivor regions: 4->4(77)
[2021-04-19T02:44:09.237-0700][gc,heap       ] GC(745) Old regions: 112->112
[2021-04-19T02:44:09.237-0700][gc,heap       ] GC(745) Humongous regions: 129->129
[2021-04-19T02:44:09.237-0700][gc,metaspace  ] GC(745) Metaspace: 41684K->41684K(1087488K)
[2021-04-19T02:44:09.237-0700][gc            ] GC(745) Pause Young (Normal) (G1 Evacuation Pause) 852M->242M(1024M) 5.219ms
[2021-04-19T02:44:09.237-0700][gc,cpu        ] GC(745) User=0.03s Sys=0.00s Real=0.01s
[2021-04-19T02:47:28.531-0700][gc,start      ] GC(746) Pause Young (Normal) (G1 Evacuation Pause)
[2021-04-19T02:47:28.531-0700][gc,task       ] GC(746) Using 8 workers of 8 for evacuation
[2021-04-19T02:47:28.539-0700][gc,phases     ] GC(746)   Pre Evacuate Collection Set: 0.0ms
[2021-04-19T02:47:28.539-0700][gc,phases     ] GC(746)   Evacuate Collection Set: 5.9ms
[2021-04-19T02:47:28.539-0700][gc,phases     ] GC(746)   Post Evacuate Collection Set: 1.2ms
[2021-04-19T02:47:28.539-0700][gc,phases     ] GC(746)   Other: 0.5ms
[2021-04-19T02:47:28.539-0700][gc,heap       ] GC(746) Eden regions: 610->0(610)
[2021-04-19T02:47:28.539-0700][gc,heap       ] GC(746) Survivor regions: 4->4(77)
[2021-04-19T02:47:28.539-0700][gc,heap       ] GC(746) Old regions: 112->112
[2021-04-19T02:47:28.539-0700][gc,heap       ] GC(746) Humongous regions: 129->129
[2021-04-19T02:47:28.539-0700][gc,metaspace  ] GC(746) Metaspace: 41684K->41684K(1087488K)
[2021-04-19T02:47:28.539-0700][gc            ] GC(746) Pause Young (Normal) (G1 Evacuation Pause) 852M->241M(1024M) 7.954ms
[2021-04-19T02:47:28.539-0700][gc,cpu        ] GC(746) User=0.05s Sys=0.00s Real=0.01s
[2021-04-19T02:50:47.933-0700][gc,start      ] GC(747) Pause Young (Normal) (G1 Evacuation Pause)
[2021-04-19T02:50:47.933-0700][gc,task       ] GC(747) Using 8 workers of 8 for evacuation
[2021-04-19T02:50:47.940-0700][gc,phases     ] GC(747)   Pre Evacuate Collection Set: 0.0ms
[2021-04-19T02:50:47.940-0700][gc,phases     ] GC(747)   Evacuate Collection Set: 5.4ms
[2021-04-19T02:50:47.940-0700][gc,phases     ] GC(747)   Post Evacuate Collection Set: 1.3ms
[2021-04-19T02:50:47.940-0700][gc,phases     ] GC(747)   Other: 0.5ms
[2021-04-19T02:50:47.940-0700][gc,heap       ] GC(747) Eden regions: 610->0(611)
[2021-04-19T02:50:47.940-0700][gc,heap       ] GC(747) Survivor regions: 4->3(77)
[2021-04-19T02:50:47.941-0700][gc,heap       ] GC(747) Old regions: 112->112
[2021-04-19T02:50:47.941-0700][gc,heap       ] GC(747) Humongous regions: 129->129
[2021-04-19T02:50:47.941-0700][gc,metaspace  ] GC(747) Metaspace: 41684K->41684K(1087488K)
[2021-04-19T02:50:47.941-0700][gc            ] GC(747) Pause Young (Normal) (G1 Evacuation Pause) 851M->241M(1024M) 7.409ms
[2021-04-19T02:50:47.941-0700][gc,cpu        ] GC(747) User=0.05s Sys=0.01s Real=0.01s
[2021-04-19T02:54:06.914-0700][gc,start      ] GC(748) Pause Young (Normal) (G1 Evacuation Pause)
[2021-04-19T02:54:06.914-0700][gc,task       ] GC(748) Using 8 workers of 8 for evacuation
[2021-04-19T02:54:06.920-0700][gc,phases     ] GC(748)   Pre Evacuate Collection Set: 0.0ms
[2021-04-19T02:54:06.920-0700][gc,phases     ] GC(748)   Evacuate Collection Set: 4.8ms
[2021-04-19T02:54:06.920-0700][gc,phases     ] GC(748)   Post Evacuate Collection Set: 1.1ms
[2021-04-19T02:54:06.920-0700][gc,phases     ] GC(748)   Other: 0.5ms
[2021-04-19T02:54:06.920-0700][gc,heap       ] GC(748) Eden regions: 611->0(611)
[2021-04-19T02:54:06.920-0700][gc,heap       ] GC(748) Survivor regions: 3->3(77)
[2021-04-19T02:54:06.920-0700][gc,heap       ] GC(748) Old regions: 112->112
[2021-04-19T02:54:06.920-0700][gc,heap       ] GC(748) Humongous regions: 129->129
[2021-04-19T02:54:06.920-0700][gc,metaspace  ] GC(748) Metaspace: 41684K->41684K(1087488K)
[2021-04-19T02:54:06.920-0700][gc            ] GC(748) Pause Young (Normal) (G1 Evacuation Pause) 852M->241M(1024M) 6.650ms
[2021-04-19T02:54:06.920-0700][gc,cpu        ] GC(748) User=0.04s Sys=0.00s Real=0.01s
[2021-04-19T02:57:26.483-0700][gc,start      ] GC(749) Pause Young (Normal) (G1 Evacuation Pause)
[2021-04-19T02:57:26.484-0700][gc,task       ] GC(749) Using 8 workers of 8 for evacuation
[2021-04-19T02:57:26.489-0700][gc,phases     ] GC(749)   Pre Evacuate Collection Set: 0.0ms
[2021-04-19T02:57:26.489-0700][gc,phases     ] GC(749)   Evacuate Collection Set: 4.6ms
[2021-04-19T02:57:26.489-0700][gc,phases     ] GC(749)   Post Evacuate Collection Set: 0.9ms
[2021-04-19T02:57:26.489-0700][gc,phases     ] GC(749)   Other: 0.4ms
[2021-04-19T02:57:26.489-0700][gc,heap       ] GC(749) Eden regions: 611->0(611)
[2021-04-19T02:57:26.489-0700][gc,heap       ] GC(749) Survivor regions: 3->3(77)
[2021-04-19T02:57:26.489-0700][gc,heap       ] GC(749) Old regions: 112->112
[2021-04-19T02:57:26.489-0700][gc,heap       ] GC(749) Humongous regions: 129->129
[2021-04-19T02:57:26.489-0700][gc,metaspace  ] GC(749) Metaspace: 41684K->41684K(1087488K)
[2021-04-19T02:57:26.489-0700][gc            ] GC(749) Pause Young (Normal) (G1 Evacuation Pause) 852M->241M(1024M) 5.960ms
[2021-04-19T02:57:26.489-0700][gc,cpu        ] GC(749) User=0.04s Sys=0.00s Real=0.01s
[2021-04-19T03:00:45.965-0700][gc,start      ] GC(750) Pause Young (Normal) (G1 Evacuation Pause)
[2021-04-19T03:00:45.965-0700][gc,task       ] GC(750) Using 8 workers of 8 for evacuation
[2021-04-19T03:00:45.971-0700][gc,phases     ] GC(750)   Pre Evacuate Collection Set: 0.0ms
[2021-04-19T03:00:45.971-0700][gc,phases     ] GC(750)   Evacuate Collection Set: 4.4ms
[2021-04-19T03:00:45.971-0700][gc,phases     ] GC(750)   Post Evacuate Collection Set: 1.3ms
[2021-04-19T03:00:45.971-0700][gc,phases     ] GC(750)   Other: 0.5ms
[2021-04-19T03:00:45.971-0700][gc,heap       ] GC(750) Eden regions: 611->0(612)
[2021-04-19T03:00:45.971-0700][gc,heap       ] GC(750) Survivor regions: 3->2(77)
[2021-04-19T03:00:45.971-0700][gc,heap       ] GC(750) Old regions: 112->112
[2021-04-19T03:00:45.971-0700][gc,heap       ] GC(750) Humongous regions: 129->129
[2021-04-19T03:00:45.971-0700][gc,metaspace  ] GC(750) Metaspace: 41684K->41684K(1087488K)
[2021-04-19T03:00:45.971-0700][gc            ] GC(750) Pause Young (Normal) (G1 Evacuation Pause) 852M->240M(1024M) 6.411ms
[2021-04-19T03:00:45.971-0700][gc,cpu        ] GC(750) User=0.03s Sys=0.00s Real=0.01s
[2021-04-19T03:04:05.823-0700][gc,start      ] GC(751) Pause Young (Normal) (G1 Evacuation Pause)
[2021-04-19T03:04:05.823-0700][gc,task       ] GC(751) Using 8 workers of 8 for evacuation
[2021-04-19T03:04:05.828-0700][gc,phases     ] GC(751)   Pre Evacuate Collection Set: 0.0ms
[2021-04-19T03:04:05.828-0700][gc,phases     ] GC(751)   Evacuate Collection Set: 4.3ms
[2021-04-19T03:04:05.828-0700][gc,phases     ] GC(751)   Post Evacuate Collection Set: 0.6ms
[2021-04-19T03:04:05.828-0700][gc,phases     ] GC(751)   Other: 0.5ms
[2021-04-19T03:04:05.828-0700][gc,heap       ] GC(751) Eden regions: 612->0(612)
[2021-04-19T03:04:05.828-0700][gc,heap       ] GC(751) Survivor regions: 2->2(77)
[2021-04-19T03:04:05.828-0700][gc,heap       ] GC(751) Old regions: 112->112
[2021-04-19T03:04:05.828-0700][gc,heap       ] GC(751) Humongous regions: 129->129
[2021-04-19T03:04:05.828-0700][gc,metaspace  ] GC(751) Metaspace: 41684K->41684K(1087488K)
[2021-04-19T03:04:05.828-0700][gc            ] GC(751) Pause Young (Normal) (G1 Evacuation Pause) 852M->240M(1024M) 5.492ms
[2021-04-19T03:04:05.829-0700][gc,cpu        ] GC(751) User=0.04s Sys=0.00s Real=0.00s
[2021-04-19T03:07:25.683-0700][gc,start      ] GC(752) Pause Young (Normal) (G1 Evacuation Pause)
[2021-04-19T03:07:25.684-0700][gc,task       ] GC(752) Using 8 workers of 8 for evacuation
[2021-04-19T03:07:25.692-0700][gc,phases     ] GC(752)   Pre Evacuate Collection Set: 0.0ms
[2021-04-19T03:07:25.692-0700][gc,phases     ] GC(752)   Evacuate Collection Set: 6.5ms
[2021-04-19T03:07:25.692-0700][gc,phases     ] GC(752)   Post Evacuate Collection Set: 1.3ms
[2021-04-19T03:07:25.692-0700][gc,phases     ] GC(752)   Other: 0.5ms
[2021-04-19T03:07:25.692-0700][gc,heap       ] GC(752) Eden regions: 612->0(610)
[2021-04-19T03:07:25.692-0700][gc,heap       ] GC(752) Survivor regions: 2->4(77)
[2021-04-19T03:07:25.692-0700][gc,heap       ] GC(752) Old regions: 112->112
[2021-04-19T03:07:25.692-0700][gc,heap       ] GC(752) Humongous regions: 129->129
[2021-04-19T03:07:25.692-0700][gc,metaspace  ] GC(752) Metaspace: 41684K->41684K(1087488K)
[2021-04-19T03:07:25.692-0700][gc            ] GC(752) Pause Young (Normal) (G1 Evacuation Pause) 852M->242M(1024M) 8.535ms
[2021-04-19T03:07:25.692-0700][gc,cpu        ] GC(752) User=0.05s Sys=0.00s Real=0.01s
[2021-04-19T03:10:45.105-0700][gc,start      ] GC(753) Pause Young (Normal) (G1 Evacuation Pause)
[2021-04-19T03:10:45.105-0700][gc,task       ] GC(753) Using 8 workers of 8 for evacuation
[2021-04-19T03:10:45.112-0700][gc,phases     ] GC(753)   Pre Evacuate Collection Set: 0.0ms
[2021-04-19T03:10:45.112-0700][gc,phases     ] GC(753)   Evacuate Collection Set: 5.7ms
[2021-04-19T03:10:45.112-0700][gc,phases     ] GC(753)   Post Evacuate Collection Set: 1.3ms
[2021-04-19T03:10:45.112-0700][gc,phases     ] GC(753)   Other: 0.5ms
[2021-04-19T03:10:45.112-0700][gc,heap       ] GC(753) Eden regions: 610->0(610)
[2021-04-19T03:10:45.112-0700][gc,heap       ] GC(753) Survivor regions: 4->4(77)
[2021-04-19T03:10:45.112-0700][gc,heap       ] GC(753) Old regions: 112->112
[2021-04-19T03:10:45.112-0700][gc,heap       ] GC(753) Humongous regions: 129->129
[2021-04-19T03:10:45.112-0700][gc,metaspace  ] GC(753) Metaspace: 41684K->41684K(1087488K)
[2021-04-19T03:10:45.112-0700][gc            ] GC(753) Pause Young (Normal) (G1 Evacuation Pause) 852M->242M(1024M) 7.796ms
[2021-04-19T03:10:45.112-0700][gc,cpu        ] GC(753) User=0.05s Sys=0.01s Real=0.01s
[2021-04-19T03:14:04.502-0700][gc,start      ] GC(754) Pause Young (Normal) (G1 Evacuation Pause)
[2021-04-19T03:14:04.502-0700][gc,task       ] GC(754) Using 8 workers of 8 for evacuation
[2021-04-19T03:14:04.508-0700][gc,phases     ] GC(754)   Pre Evacuate Collection Set: 0.0ms
[2021-04-19T03:14:04.508-0700][gc,phases     ] GC(754)   Evacuate Collection Set: 4.9ms
[2021-04-19T03:14:04.508-0700][gc,phases     ] GC(754)   Post Evacuate Collection Set: 0.7ms
[2021-04-19T03:14:04.508-0700][gc,phases     ] GC(754)   Other: 0.4ms
[2021-04-19T03:14:04.508-0700][gc,heap       ] GC(754) Eden regions: 610->0(611)
[2021-04-19T03:14:04.508-0700][gc,heap       ] GC(754) Survivor regions: 4->3(77)
[2021-04-19T03:14:04.508-0700][gc,heap       ] GC(754) Old regions: 112->112
[2021-04-19T03:14:04.508-0700][gc,heap       ] GC(754) Humongous regions: 129->129
[2021-04-19T03:14:04.508-0700][gc,metaspace  ] GC(754) Metaspace: 41684K->41684K(1087488K)
[2021-04-19T03:14:04.508-0700][gc            ] GC(754) Pause Young (Normal) (G1 Evacuation Pause) 852M->241M(1024M) 6.008ms
[2021-04-19T03:14:04.508-0700][gc,cpu        ] GC(754) User=0.04s Sys=0.00s Real=0.00s
[2021-04-19T03:17:24.353-0700][gc,start      ] GC(755) Pause Young (Normal) (G1 Evacuation Pause)
[2021-04-19T03:17:24.353-0700][gc,task       ] GC(755) Using 8 workers of 8 for evacuation
[2021-04-19T03:17:24.360-0700][gc,phases     ] GC(755)   Pre Evacuate Collection Set: 0.0ms
[2021-04-19T03:17:24.360-0700][gc,phases     ] GC(755)   Evacuate Collection Set: 5.6ms
[2021-04-19T03:17:24.360-0700][gc,phases     ] GC(755)   Post Evacuate Collection Set: 1.3ms
[2021-04-19T03:17:24.360-0700][gc,phases     ] GC(755)   Other: 0.5ms
[2021-04-19T03:17:24.360-0700][gc,heap       ] GC(755) Eden regions: 611->0(611)
[2021-04-19T03:17:24.360-0700][gc,heap       ] GC(755) Survivor regions: 3->3(77)
[2021-04-19T03:17:24.360-0700][gc,heap       ] GC(755) Old regions: 112->112
[2021-04-19T03:17:24.361-0700][gc,heap       ] GC(755) Humongous regions: 129->129
[2021-04-19T03:17:24.361-0700][gc,metaspace  ] GC(755) Metaspace: 41684K->41684K(1087488K)
[2021-04-19T03:17:24.361-0700][gc            ] GC(755) Pause Young (Normal) (G1 Evacuation Pause) 852M->241M(1024M) 7.709ms
[2021-04-19T03:17:24.361-0700][gc,cpu        ] GC(755) User=0.05s Sys=0.01s Real=0.01s
[2021-04-19T03:20:43.202-0700][gc,start      ] GC(756) Pause Young (Normal) (G1 Evacuation Pause)
[2021-04-19T03:20:43.202-0700][gc,task       ] GC(756) Using 8 workers of 8 for evacuation
[2021-04-19T03:20:43.205-0700][gc,phases     ] GC(756)   Pre Evacuate Collection Set: 0.0ms
[2021-04-19T03:20:43.205-0700][gc,phases     ] GC(756)   Evacuate Collection Set: 2.3ms
[2021-04-19T03:20:43.205-0700][gc,phases     ] GC(756)   Post Evacuate Collection Set: 0.5ms
[2021-04-19T03:20:43.205-0700][gc,phases     ] GC(756)   Other: 0.2ms
[2021-04-19T03:20:43.205-0700][gc,heap       ] GC(756) Eden regions: 611->0(611)
[2021-04-19T03:20:43.205-0700][gc,heap       ] GC(756) Survivor regions: 3->3(77)
[2021-04-19T03:20:43.205-0700][gc,heap       ] GC(756) Old regions: 112->112
[2021-04-19T03:20:43.205-0700][gc,heap       ] GC(756) Humongous regions: 129->129
[2021-04-19T03:20:43.205-0700][gc,metaspace  ] GC(756) Metaspace: 41684K->41684K(1087488K)
[2021-04-19T03:20:43.205-0700][gc            ] GC(756) Pause Young (Normal) (G1 Evacuation Pause) 852M->241M(1024M) 3.014ms
[2021-04-19T03:20:43.205-0700][gc,cpu        ] GC(756) User=0.02s Sys=0.00s Real=0.00s
[2021-04-19T03:24:00.132-0700][gc,start      ] GC(757) Pause Young (Normal) (G1 Evacuation Pause)
[2021-04-19T03:24:00.132-0700][gc,task       ] GC(757) Using 8 workers of 8 for evacuation
[2021-04-19T03:24:00.135-0700][gc,phases     ] GC(757)   Pre Evacuate Collection Set: 0.0ms
[2021-04-19T03:24:00.135-0700][gc,phases     ] GC(757)   Evacuate Collection Set: 2.3ms
[2021-04-19T03:24:00.135-0700][gc,phases     ] GC(757)   Post Evacuate Collection Set: 0.5ms
[2021-04-19T03:24:00.135-0700][gc,phases     ] GC(757)   Other: 0.2ms
[2021-04-19T03:24:00.135-0700][gc,heap       ] GC(757) Eden regions: 611->0(611)
[2021-04-19T03:24:00.135-0700][gc,heap       ] GC(757) Survivor regions: 3->3(77)
[2021-04-19T03:24:00.135-0700][gc,heap       ] GC(757) Old regions: 112->112
[2021-04-19T03:24:00.135-0700][gc,heap       ] GC(757) Humongous regions: 129->129
[2021-04-19T03:24:00.135-0700][gc,metaspace  ] GC(757) Metaspace: 41684K->41684K(1087488K)
[2021-04-19T03:24:00.135-0700][gc            ] GC(757) Pause Young (Normal) (G1 Evacuation Pause) 852M->241M(1024M) 2.999ms
[2021-04-19T03:24:00.135-0700][gc,cpu        ] GC(757) User=0.02s Sys=0.00s Real=0.00s
[2021-04-19T03:27:19.591-0700][gc,start      ] GC(758) Pause Young (Normal) (G1 Evacuation Pause)
[2021-04-19T03:27:19.591-0700][gc,task       ] GC(758) Using 8 workers of 8 for evacuation
[2021-04-19T03:27:19.597-0700][gc,phases     ] GC(758)   Pre Evacuate Collection Set: 0.0ms
[2021-04-19T03:27:19.597-0700][gc,phases     ] GC(758)   Evacuate Collection Set: 5.2ms
[2021-04-19T03:27:19.597-0700][gc,phases     ] GC(758)   Post Evacuate Collection Set: 0.8ms
[2021-04-19T03:27:19.597-0700][gc,phases     ] GC(758)   Other: 0.4ms
[2021-04-19T03:27:19.597-0700][gc,heap       ] GC(758) Eden regions: 611->0(611)
[2021-04-19T03:27:19.597-0700][gc,heap       ] GC(758) Survivor regions: 3->3(77)
[2021-04-19T03:27:19.597-0700][gc,heap       ] GC(758) Old regions: 112->112
[2021-04-19T03:27:19.597-0700][gc,heap       ] GC(758) Humongous regions: 129->129
[2021-04-19T03:27:19.597-0700][gc,metaspace  ] GC(758) Metaspace: 41684K->41684K(1087488K)
[2021-04-19T03:27:19.597-0700][gc            ] GC(758) Pause Young (Normal) (G1 Evacuation Pause) 852M->241M(1024M) 6.439ms
[2021-04-19T03:27:19.598-0700][gc,cpu        ] GC(758) User=0.05s Sys=0.00s Real=0.01s
[2021-04-19T03:30:39.437-0700][gc,start      ] GC(759) Pause Young (Normal) (G1 Evacuation Pause)
[2021-04-19T03:30:39.437-0700][gc,task       ] GC(759) Using 8 workers of 8 for evacuation
[2021-04-19T03:30:39.443-0700][gc,phases     ] GC(759)   Pre Evacuate Collection Set: 0.0ms
[2021-04-19T03:30:39.443-0700][gc,phases     ] GC(759)   Evacuate Collection Set: 5.1ms
[2021-04-19T03:30:39.443-0700][gc,phases     ] GC(759)   Post Evacuate Collection Set: 1.3ms
[2021-04-19T03:30:39.443-0700][gc,phases     ] GC(759)   Other: 0.5ms
[2021-04-19T03:30:39.444-0700][gc,heap       ] GC(759) Eden regions: 611->0(611)
[2021-04-19T03:30:39.444-0700][gc,heap       ] GC(759) Survivor regions: 3->3(77)
[2021-04-19T03:30:39.444-0700][gc,heap       ] GC(759) Old regions: 112->112
[2021-04-19T03:30:39.444-0700][gc,heap       ] GC(759) Humongous regions: 129->129
[2021-04-19T03:30:39.444-0700][gc,metaspace  ] GC(759) Metaspace: 41684K->41684K(1087488K)
[2021-04-19T03:30:39.444-0700][gc            ] GC(759) Pause Young (Normal) (G1 Evacuation Pause) 852M->241M(1024M) 7.093ms
[2021-04-19T03:30:39.444-0700][gc,cpu        ] GC(759) User=0.04s Sys=0.00s Real=0.01s
[2021-04-19T03:33:59.305-0700][gc,start      ] GC(760) Pause Young (Normal) (G1 Evacuation Pause)
[2021-04-19T03:33:59.305-0700][gc,task       ] GC(760) Using 8 workers of 8 for evacuation
[2021-04-19T03:33:59.311-0700][gc,phases     ] GC(760)   Pre Evacuate Collection Set: 0.0ms
[2021-04-19T03:33:59.311-0700][gc,phases     ] GC(760)   Evacuate Collection Set: 5.0ms
[2021-04-19T03:33:59.311-0700][gc,phases     ] GC(760)   Post Evacuate Collection Set: 1.1ms
[2021-04-19T03:33:59.311-0700][gc,phases     ] GC(760)   Other: 0.5ms
[2021-04-19T03:33:59.312-0700][gc,heap       ] GC(760) Eden regions: 611->0(611)
[2021-04-19T03:33:59.312-0700][gc,heap       ] GC(760) Survivor regions: 3->3(77)
[2021-04-19T03:33:59.312-0700][gc,heap       ] GC(760) Old regions: 112->112
[2021-04-19T03:33:59.312-0700][gc,heap       ] GC(760) Humongous regions: 129->129
[2021-04-19T03:33:59.312-0700][gc,metaspace  ] GC(760) Metaspace: 41684K->41684K(1087488K)
[2021-04-19T03:33:59.312-0700][gc            ] GC(760) Pause Young (Normal) (G1 Evacuation Pause) 852M->241M(1024M) 6.857ms
[2021-04-19T03:33:59.312-0700][gc,cpu        ] GC(760) User=0.04s Sys=0.00s Real=0.01s
[2021-04-19T03:37:18.848-0700][gc,start      ] GC(761) Pause Young (Normal) (G1 Evacuation Pause)
[2021-04-19T03:37:18.848-0700][gc,task       ] GC(761) Using 8 workers of 8 for evacuation
[2021-04-19T03:37:18.855-0700][gc,phases     ] GC(761)   Pre Evacuate Collection Set: 0.0ms
[2021-04-19T03:37:18.855-0700][gc,phases     ] GC(761)   Evacuate Collection Set: 5.0ms
[2021-04-19T03:37:18.855-0700][gc,phases     ] GC(761)   Post Evacuate Collection Set: 1.2ms
[2021-04-19T03:37:18.855-0700][gc,phases     ] GC(761)   Other: 0.5ms
[2021-04-19T03:37:18.855-0700][gc,heap       ] GC(761) Eden regions: 611->0(611)
[2021-04-19T03:37:18.855-0700][gc,heap       ] GC(761) Survivor regions: 3->3(77)
[2021-04-19T03:37:18.855-0700][gc,heap       ] GC(761) Old regions: 112->112
[2021-04-19T03:37:18.855-0700][gc,heap       ] GC(761) Humongous regions: 129->129
[2021-04-19T03:37:18.855-0700][gc,metaspace  ] GC(761) Metaspace: 41684K->41684K(1087488K)
[2021-04-19T03:37:18.855-0700][gc            ] GC(761) Pause Young (Normal) (G1 Evacuation Pause) 852M->241M(1024M) 7.043ms
[2021-04-19T03:37:18.855-0700][gc,cpu        ] GC(761) User=0.04s Sys=0.00s Real=0.01s
[2021-04-19T03:40:38.388-0700][gc,start      ] GC(762) Pause Young (Normal) (G1 Evacuation Pause)
[2021-04-19T03:40:38.388-0700][gc,task       ] GC(762) Using 8 workers of 8 for evacuation
[2021-04-19T03:40:38.394-0700][gc,phases     ] GC(762)   Pre Evacuate Collection Set: 0.0ms
[2021-04-19T03:40:38.394-0700][gc,phases     ] GC(762)   Evacuate Collection Set: 4.6ms
[2021-04-19T03:40:38.394-0700][gc,phases     ] GC(762)   Post Evacuate Collection Set: 1.3ms
[2021-04-19T03:40:38.394-0700][gc,phases     ] GC(762)   Other: 0.5ms
[2021-04-19T03:40:38.394-0700][gc,heap       ] GC(762) Eden regions: 611->0(611)
[2021-04-19T03:40:38.394-0700][gc,heap       ] GC(762) Survivor regions: 3->3(77)
[2021-04-19T03:40:38.394-0700][gc,heap       ] GC(762) Old regions: 112->112
[2021-04-19T03:40:38.394-0700][gc,heap       ] GC(762) Humongous regions: 129->129
[2021-04-19T03:40:38.394-0700][gc,metaspace  ] GC(762) Metaspace: 41684K->41684K(1087488K)
[2021-04-19T03:40:38.394-0700][gc            ] GC(762) Pause Young (Normal) (G1 Evacuation Pause) 852M->241M(1024M) 6.668ms
[2021-04-19T03:40:38.394-0700][gc,cpu        ] GC(762) User=0.04s Sys=0.00s Real=0.01s
[2021-04-19T03:43:58.044-0700][gc,start      ] GC(763) Pause Young (Normal) (G1 Evacuation Pause)
[2021-04-19T03:43:58.045-0700][gc,task       ] GC(763) Using 8 workers of 8 for evacuation
[2021-04-19T03:43:58.051-0700][gc,phases     ] GC(763)   Pre Evacuate Collection Set: 0.0ms
[2021-04-19T03:43:58.051-0700][gc,phases     ] GC(763)   Evacuate Collection Set: 4.5ms
[2021-04-19T03:43:58.051-0700][gc,phases     ] GC(763)   Post Evacuate Collection Set: 1.2ms
[2021-04-19T03:43:58.051-0700][gc,phases     ] GC(763)   Other: 0.5ms
[2021-04-19T03:43:58.051-0700][gc,heap       ] GC(763) Eden regions: 611->0(612)
[2021-04-19T03:43:58.051-0700][gc,heap       ] GC(763) Survivor regions: 3->2(77)
[2021-04-19T03:43:58.051-0700][gc,heap       ] GC(763) Old regions: 112->112
[2021-04-19T03:43:58.051-0700][gc,heap       ] GC(763) Humongous regions: 129->129
[2021-04-19T03:43:58.051-0700][gc,metaspace  ] GC(763) Metaspace: 41684K->41684K(1087488K)
[2021-04-19T03:43:58.051-0700][gc            ] GC(763) Pause Young (Normal) (G1 Evacuation Pause) 852M->240M(1024M) 6.491ms
[2021-04-19T03:43:58.051-0700][gc,cpu        ] GC(763) User=0.04s Sys=0.00s Real=0.01s
[2021-04-19T03:47:18.118-0700][gc,start      ] GC(764) Pause Young (Normal) (G1 Evacuation Pause)
[2021-04-19T03:47:18.118-0700][gc,task       ] GC(764) Using 8 workers of 8 for evacuation
[2021-04-19T03:47:18.124-0700][gc,phases     ] GC(764)   Pre Evacuate Collection Set: 0.0ms
[2021-04-19T03:47:18.124-0700][gc,phases     ] GC(764)   Evacuate Collection Set: 4.6ms
[2021-04-19T03:47:18.124-0700][gc,phases     ] GC(764)   Post Evacuate Collection Set: 1.2ms
[2021-04-19T03:47:18.124-0700][gc,phases     ] GC(764)   Other: 0.5ms
[2021-04-19T03:47:18.125-0700][gc,heap       ] GC(764) Eden regions: 612->0(612)
[2021-04-19T03:47:18.125-0700][gc,heap       ] GC(764) Survivor regions: 2->2(77)
[2021-04-19T03:47:18.125-0700][gc,heap       ] GC(764) Old regions: 112->112
[2021-04-19T03:47:18.125-0700][gc,heap       ] GC(764) Humongous regions: 129->129
[2021-04-19T03:47:18.125-0700][gc,metaspace  ] GC(764) Metaspace: 41684K->41684K(1087488K)
[2021-04-19T03:47:18.125-0700][gc            ] GC(764) Pause Young (Normal) (G1 Evacuation Pause) 852M->240M(1024M) 6.534ms
[2021-04-19T03:47:18.125-0700][gc,cpu        ] GC(764) User=0.04s Sys=0.00s Real=0.00s
[2021-04-19T03:50:38.235-0700][gc,start      ] GC(765) Pause Young (Normal) (G1 Evacuation Pause)
[2021-04-19T03:50:38.235-0700][gc,task       ] GC(765) Using 8 workers of 8 for evacuation
[2021-04-19T03:50:38.241-0700][gc,phases     ] GC(765)   Pre Evacuate Collection Set: 0.0ms
[2021-04-19T03:50:38.241-0700][gc,phases     ] GC(765)   Evacuate Collection Set: 4.4ms
[2021-04-19T03:50:38.241-0700][gc,phases     ] GC(765)   Post Evacuate Collection Set: 1.1ms
[2021-04-19T03:50:38.241-0700][gc,phases     ] GC(765)   Other: 0.5ms
[2021-04-19T03:50:38.241-0700][gc,heap       ] GC(765) Eden regions: 612->0(612)
[2021-04-19T03:50:38.241-0700][gc,heap       ] GC(765) Survivor regions: 2->2(77)
[2021-04-19T03:50:38.241-0700][gc,heap       ] GC(765) Old regions: 112->112
[2021-04-19T03:50:38.241-0700][gc,heap       ] GC(765) Humongous regions: 129->129
[2021-04-19T03:50:38.241-0700][gc,metaspace  ] GC(765) Metaspace: 41684K->41684K(1087488K)
[2021-04-19T03:50:38.241-0700][gc            ] GC(765) Pause Young (Normal) (G1 Evacuation Pause) 852M->240M(1024M) 6.296ms
[2021-04-19T03:50:38.241-0700][gc,cpu        ] GC(765) User=0.04s Sys=0.00s Real=0.01s
[2021-04-19T03:53:58.012-0700][gc,start      ] GC(766) Pause Young (Normal) (G1 Evacuation Pause)
[2021-04-19T03:53:58.012-0700][gc,task       ] GC(766) Using 8 workers of 8 for evacuation
[2021-04-19T03:53:58.019-0700][gc,phases     ] GC(766)   Pre Evacuate Collection Set: 0.0ms
[2021-04-19T03:53:58.020-0700][gc,phases     ] GC(766)   Evacuate Collection Set: 6.0ms
[2021-04-19T03:53:58.020-0700][gc,phases     ] GC(766)   Post Evacuate Collection Set: 1.1ms
[2021-04-19T03:53:58.020-0700][gc,phases     ] GC(766)   Other: 0.5ms
[2021-04-19T03:53:58.020-0700][gc,heap       ] GC(766) Eden regions: 612->0(610)
[2021-04-19T03:53:58.020-0700][gc,heap       ] GC(766) Survivor regions: 2->4(77)
[2021-04-19T03:53:58.020-0700][gc,heap       ] GC(766) Old regions: 112->112
[2021-04-19T03:53:58.020-0700][gc,heap       ] GC(766) Humongous regions: 129->129
[2021-04-19T03:53:58.020-0700][gc,metaspace  ] GC(766) Metaspace: 41684K->41684K(1087488K)
[2021-04-19T03:53:58.020-0700][gc            ] GC(766) Pause Young (Normal) (G1 Evacuation Pause) 852M->242M(1024M) 7.898ms
[2021-04-19T03:53:58.020-0700][gc,cpu        ] GC(766) User=0.05s Sys=0.00s Real=0.01s
[2021-04-19T03:57:17.141-0700][gc,start      ] GC(767) Pause Young (Normal) (G1 Evacuation Pause)
[2021-04-19T03:57:17.141-0700][gc,task       ] GC(767) Using 8 workers of 8 for evacuation
[2021-04-19T03:57:17.148-0700][gc,phases     ] GC(767)   Pre Evacuate Collection Set: 0.0ms
[2021-04-19T03:57:17.148-0700][gc,phases     ] GC(767)   Evacuate Collection Set: 5.6ms
[2021-04-19T03:57:17.148-0700][gc,phases     ] GC(767)   Post Evacuate Collection Set: 1.1ms
[2021-04-19T03:57:17.148-0700][gc,phases     ] GC(767)   Other: 0.5ms
[2021-04-19T03:57:17.148-0700][gc,heap       ] GC(767) Eden regions: 610->0(611)
[2021-04-19T03:57:17.149-0700][gc,heap       ] GC(767) Survivor regions: 4->3(77)
[2021-04-19T03:57:17.149-0700][gc,heap       ] GC(767) Old regions: 112->112
[2021-04-19T03:57:17.149-0700][gc,heap       ] GC(767) Humongous regions: 129->129
[2021-04-19T03:57:17.149-0700][gc,metaspace  ] GC(767) Metaspace: 41684K->41684K(1087488K)
[2021-04-19T03:57:17.149-0700][gc            ] GC(767) Pause Young (Normal) (G1 Evacuation Pause) 852M->241M(1024M) 7.445ms
[2021-04-19T03:57:17.149-0700][gc,cpu        ] GC(767) User=0.04s Sys=0.00s Real=0.00s
[2021-04-19T04:00:36.776-0700][gc,start      ] GC(768) Pause Young (Normal) (G1 Evacuation Pause)
[2021-04-19T04:00:36.776-0700][gc,task       ] GC(768) Using 8 workers of 8 for evacuation
[2021-04-19T04:00:36.783-0700][gc,phases     ] GC(768)   Pre Evacuate Collection Set: 0.0ms
[2021-04-19T04:00:36.783-0700][gc,phases     ] GC(768)   Evacuate Collection Set: 5.6ms
[2021-04-19T04:00:36.783-0700][gc,phases     ] GC(768)   Post Evacuate Collection Set: 1.1ms
[2021-04-19T04:00:36.783-0700][gc,phases     ] GC(768)   Other: 0.5ms
[2021-04-19T04:00:36.783-0700][gc,heap       ] GC(768) Eden regions: 611->0(611)
[2021-04-19T04:00:36.783-0700][gc,heap       ] GC(768) Survivor regions: 3->3(77)
[2021-04-19T04:00:36.783-0700][gc,heap       ] GC(768) Old regions: 112->112
[2021-04-19T04:00:36.783-0700][gc,heap       ] GC(768) Humongous regions: 129->129
[2021-04-19T04:00:36.783-0700][gc,metaspace  ] GC(768) Metaspace: 41684K->41684K(1087488K)
[2021-04-19T04:00:36.783-0700][gc            ] GC(768) Pause Young (Normal) (G1 Evacuation Pause) 852M->241M(1024M) 7.481ms
[2021-04-19T04:00:36.783-0700][gc,cpu        ] GC(768) User=0.04s Sys=0.00s Real=0.01s
[2021-04-19T04:03:56.557-0700][gc,start      ] GC(769) Pause Young (Normal) (G1 Evacuation Pause)
[2021-04-19T04:03:56.557-0700][gc,task       ] GC(769) Using 8 workers of 8 for evacuation
[2021-04-19T04:03:56.564-0700][gc,phases     ] GC(769)   Pre Evacuate Collection Set: 0.0ms
[2021-04-19T04:03:56.564-0700][gc,phases     ] GC(769)   Evacuate Collection Set: 5.7ms
[2021-04-19T04:03:56.564-0700][gc,phases     ] GC(769)   Post Evacuate Collection Set: 1.1ms
[2021-04-19T04:03:56.564-0700][gc,phases     ] GC(769)   Other: 0.5ms
[2021-04-19T04:03:56.564-0700][gc,heap       ] GC(769) Eden regions: 611->0(611)
[2021-04-19T04:03:56.564-0700][gc,heap       ] GC(769) Survivor regions: 3->3(77)
[2021-04-19T04:03:56.564-0700][gc,heap       ] GC(769) Old regions: 112->112
[2021-04-19T04:03:56.565-0700][gc,heap       ] GC(769) Humongous regions: 129->129
[2021-04-19T04:03:56.565-0700][gc,metaspace  ] GC(769) Metaspace: 41684K->41684K(1087488K)
[2021-04-19T04:03:56.565-0700][gc            ] GC(769) Pause Young (Normal) (G1 Evacuation Pause) 852M->241M(1024M) 7.480ms
[2021-04-19T04:03:56.565-0700][gc,cpu        ] GC(769) User=0.04s Sys=0.00s Real=0.00s
[2021-04-19T04:07:16.420-0700][gc,start      ] GC(770) Pause Young (Normal) (G1 Evacuation Pause)
[2021-04-19T04:07:16.420-0700][gc,task       ] GC(770) Using 8 workers of 8 for evacuation
[2021-04-19T04:07:16.426-0700][gc,phases     ] GC(770)   Pre Evacuate Collection Set: 0.0ms
[2021-04-19T04:07:16.426-0700][gc,phases     ] GC(770)   Evacuate Collection Set: 5.0ms
[2021-04-19T04:07:16.426-0700][gc,phases     ] GC(770)   Post Evacuate Collection Set: 0.4ms
[2021-04-19T04:07:16.426-0700][gc,phases     ] GC(770)   Other: 0.4ms
[2021-04-19T04:07:16.426-0700][gc,heap       ] GC(770) Eden regions: 611->0(611)
[2021-04-19T04:07:16.426-0700][gc,heap       ] GC(770) Survivor regions: 3->3(77)
[2021-04-19T04:07:16.426-0700][gc,heap       ] GC(770) Old regions: 112->112
[2021-04-19T04:07:16.426-0700][gc,heap       ] GC(770) Humongous regions: 129->129
[2021-04-19T04:07:16.426-0700][gc,metaspace  ] GC(770) Metaspace: 41684K->41684K(1087488K)
[2021-04-19T04:07:16.426-0700][gc            ] GC(770) Pause Young (Normal) (G1 Evacuation Pause) 852M->241M(1024M) 5.951ms
[2021-04-19T04:07:16.426-0700][gc,cpu        ] GC(770) User=0.04s Sys=0.00s Real=0.00s
[2021-04-19T04:10:35.965-0700][gc,start      ] GC(771) Pause Young (Normal) (G1 Evacuation Pause)
[2021-04-19T04:10:35.965-0700][gc,task       ] GC(771) Using 8 workers of 8 for evacuation
[2021-04-19T04:10:35.971-0700][gc,phases     ] GC(771)   Pre Evacuate Collection Set: 0.0ms
[2021-04-19T04:10:35.972-0700][gc,phases     ] GC(771)   Evacuate Collection Set: 5.0ms
[2021-04-19T04:10:35.972-0700][gc,phases     ] GC(771)   Post Evacuate Collection Set: 1.2ms
[2021-04-19T04:10:35.972-0700][gc,phases     ] GC(771)   Other: 0.5ms
[2021-04-19T04:10:35.972-0700][gc,heap       ] GC(771) Eden regions: 611->0(611)
[2021-04-19T04:10:35.972-0700][gc,heap       ] GC(771) Survivor regions: 3->3(77)
[2021-04-19T04:10:35.972-0700][gc,heap       ] GC(771) Old regions: 112->112
[2021-04-19T04:10:35.972-0700][gc,heap       ] GC(771) Humongous regions: 129->129
[2021-04-19T04:10:35.972-0700][gc,metaspace  ] GC(771) Metaspace: 41684K->41684K(1087488K)
[2021-04-19T04:10:35.972-0700][gc            ] GC(771) Pause Young (Normal) (G1 Evacuation Pause) 852M->241M(1024M) 6.911ms
[2021-04-19T04:10:35.972-0700][gc,cpu        ] GC(771) User=0.05s Sys=0.00s Real=0.01s
[2021-04-19T04:13:55.733-0700][gc,start      ] GC(772) Pause Young (Normal) (G1 Evacuation Pause)
[2021-04-19T04:13:55.733-0700][gc,task       ] GC(772) Using 8 workers of 8 for evacuation
[2021-04-19T04:13:55.739-0700][gc,phases     ] GC(772)   Pre Evacuate Collection Set: 0.0ms
[2021-04-19T04:13:55.739-0700][gc,phases     ] GC(772)   Evacuate Collection Set: 4.7ms
[2021-04-19T04:13:55.739-0700][gc,phases     ] GC(772)   Post Evacuate Collection Set: 1.0ms
[2021-04-19T04:13:55.739-0700][gc,phases     ] GC(772)   Other: 0.5ms
[2021-04-19T04:13:55.739-0700][gc,heap       ] GC(772) Eden regions: 611->0(611)
[2021-04-19T04:13:55.739-0700][gc,heap       ] GC(772) Survivor regions: 3->3(77)
[2021-04-19T04:13:55.739-0700][gc,heap       ] GC(772) Old regions: 112->112
[2021-04-19T04:13:55.739-0700][gc,heap       ] GC(772) Humongous regions: 129->129
[2021-04-19T04:13:55.739-0700][gc,metaspace  ] GC(772) Metaspace: 41684K->41684K(1087488K)
[2021-04-19T04:13:55.739-0700][gc            ] GC(772) Pause Young (Normal) (G1 Evacuation Pause) 852M->241M(1024M) 6.539ms
[2021-04-19T04:13:55.739-0700][gc,cpu        ] GC(772) User=0.04s Sys=0.01s Real=0.01s
[2021-04-19T04:17:15.432-0700][gc,start      ] GC(773) Pause Young (Normal) (G1 Evacuation Pause)
[2021-04-19T04:17:15.432-0700][gc,task       ] GC(773) Using 8 workers of 8 for evacuation
[2021-04-19T04:17:15.439-0700][gc,phases     ] GC(773)   Pre Evacuate Collection Set: 0.0ms
[2021-04-19T04:17:15.439-0700][gc,phases     ] GC(773)   Evacuate Collection Set: 4.8ms
[2021-04-19T04:17:15.439-0700][gc,phases     ] GC(773)   Post Evacuate Collection Set: 1.1ms
[2021-04-19T04:17:15.439-0700][gc,phases     ] GC(773)   Other: 0.5ms
[2021-04-19T04:17:15.439-0700][gc,heap       ] GC(773) Eden regions: 611->0(611)
[2021-04-19T04:17:15.439-0700][gc,heap       ] GC(773) Survivor regions: 3->3(77)
[2021-04-19T04:17:15.439-0700][gc,heap       ] GC(773) Old regions: 112->112
[2021-04-19T04:17:15.439-0700][gc,heap       ] GC(773) Humongous regions: 129->129
[2021-04-19T04:17:15.439-0700][gc,metaspace  ] GC(773) Metaspace: 41684K->41684K(1087488K)
[2021-04-19T04:17:15.439-0700][gc            ] GC(773) Pause Young (Normal) (G1 Evacuation Pause) 852M->241M(1024M) 6.793ms
[2021-04-19T04:17:15.439-0700][gc,cpu        ] GC(773) User=0.04s Sys=0.00s Real=0.01s
[2021-04-19T04:20:35.079-0700][gc,start      ] GC(774) Pause Young (Normal) (G1 Evacuation Pause)
[2021-04-19T04:20:35.079-0700][gc,task       ] GC(774) Using 8 workers of 8 for evacuation
[2021-04-19T04:20:35.086-0700][gc,phases     ] GC(774)   Pre Evacuate Collection Set: 0.0ms
[2021-04-19T04:20:35.086-0700][gc,phases     ] GC(774)   Evacuate Collection Set: 4.9ms
[2021-04-19T04:20:35.086-0700][gc,phases     ] GC(774)   Post Evacuate Collection Set: 1.1ms
[2021-04-19T04:20:35.086-0700][gc,phases     ] GC(774)   Other: 0.5ms
[2021-04-19T04:20:35.086-0700][gc,heap       ] GC(774) Eden regions: 611->0(611)
[2021-04-19T04:20:35.086-0700][gc,heap       ] GC(774) Survivor regions: 3->3(77)
[2021-04-19T04:20:35.086-0700][gc,heap       ] GC(774) Old regions: 112->112
[2021-04-19T04:20:35.086-0700][gc,heap       ] GC(774) Humongous regions: 129->129
[2021-04-19T04:20:35.086-0700][gc,metaspace  ] GC(774) Metaspace: 41684K->41684K(1087488K)
[2021-04-19T04:20:35.086-0700][gc            ] GC(774) Pause Young (Normal) (G1 Evacuation Pause) 852M->241M(1024M) 6.767ms
[2021-04-19T04:20:35.086-0700][gc,cpu        ] GC(774) User=0.04s Sys=0.00s Real=0.00s
[2021-04-19T04:23:54.546-0700][gc,start      ] GC(775) Pause Young (Normal) (G1 Evacuation Pause)
[2021-04-19T04:23:54.546-0700][gc,task       ] GC(775) Using 8 workers of 8 for evacuation
[2021-04-19T04:23:54.554-0700][gc,phases     ] GC(775)   Pre Evacuate Collection Set: 0.0ms
[2021-04-19T04:23:54.554-0700][gc,phases     ] GC(775)   Evacuate Collection Set: 5.7ms
[2021-04-19T04:23:54.554-0700][gc,phases     ] GC(775)   Post Evacuate Collection Set: 1.2ms
[2021-04-19T04:23:54.554-0700][gc,phases     ] GC(775)   Other: 0.5ms
[2021-04-19T04:23:54.554-0700][gc,heap       ] GC(775) Eden regions: 611->0(611)
[2021-04-19T04:23:54.554-0700][gc,heap       ] GC(775) Survivor regions: 3->3(77)
[2021-04-19T04:23:54.554-0700][gc,heap       ] GC(775) Old regions: 112->112
[2021-04-19T04:23:54.554-0700][gc,heap       ] GC(775) Humongous regions: 129->129
[2021-04-19T04:23:54.554-0700][gc,metaspace  ] GC(775) Metaspace: 41684K->41684K(1087488K)
[2021-04-19T04:23:54.554-0700][gc            ] GC(775) Pause Young (Normal) (G1 Evacuation Pause) 852M->242M(1024M) 7.602ms
[2021-04-19T04:23:54.554-0700][gc,cpu        ] GC(775) User=0.05s Sys=0.00s Real=0.01s
[2021-04-19T04:27:14.241-0700][gc,start      ] GC(776) Pause Young (Normal) (G1 Evacuation Pause)
[2021-04-19T04:27:14.241-0700][gc,task       ] GC(776) Using 8 workers of 8 for evacuation
[2021-04-19T04:27:14.247-0700][gc,phases     ] GC(776)   Pre Evacuate Collection Set: 0.0ms
[2021-04-19T04:27:14.247-0700][gc,phases     ] GC(776)   Evacuate Collection Set: 5.0ms
[2021-04-19T04:27:14.247-0700][gc,phases     ] GC(776)   Post Evacuate Collection Set: 0.5ms
[2021-04-19T04:27:14.247-0700][gc,phases     ] GC(776)   Other: 0.4ms
[2021-04-19T04:27:14.247-0700][gc,heap       ] GC(776) Eden regions: 611->0(610)
[2021-04-19T04:27:14.247-0700][gc,heap       ] GC(776) Survivor regions: 3->4(77)
[2021-04-19T04:27:14.247-0700][gc,heap       ] GC(776) Old regions: 112->112
[2021-04-19T04:27:14.247-0700][gc,heap       ] GC(776) Humongous regions: 129->129
[2021-04-19T04:27:14.247-0700][gc,metaspace  ] GC(776) Metaspace: 41684K->41684K(1087488K)
[2021-04-19T04:27:14.247-0700][gc            ] GC(776) Pause Young (Normal) (G1 Evacuation Pause) 853M->242M(1024M) 6.009ms
[2021-04-19T04:27:14.247-0700][gc,cpu        ] GC(776) User=0.04s Sys=0.00s Real=0.00s
[2021-04-19T04:30:33.504-0700][gc,start      ] GC(777) Pause Young (Normal) (G1 Evacuation Pause)
[2021-04-19T04:30:33.504-0700][gc,task       ] GC(777) Using 8 workers of 8 for evacuation
[2021-04-19T04:30:33.511-0700][gc,phases     ] GC(777)   Pre Evacuate Collection Set: 0.0ms
[2021-04-19T04:30:33.511-0700][gc,phases     ] GC(777)   Evacuate Collection Set: 5.8ms
[2021-04-19T04:30:33.511-0700][gc,phases     ] GC(777)   Post Evacuate Collection Set: 1.1ms
[2021-04-19T04:30:33.511-0700][gc,phases     ] GC(777)   Other: 0.5ms
[2021-04-19T04:30:33.511-0700][gc,heap       ] GC(777) Eden regions: 610->0(610)
[2021-04-19T04:30:33.511-0700][gc,heap       ] GC(777) Survivor regions: 4->4(77)
[2021-04-19T04:30:33.511-0700][gc,heap       ] GC(777) Old regions: 112->112
[2021-04-19T04:30:33.511-0700][gc,heap       ] GC(777) Humongous regions: 129->129
[2021-04-19T04:30:33.511-0700][gc,metaspace  ] GC(777) Metaspace: 41684K->41684K(1087488K)
[2021-04-19T04:30:33.512-0700][gc            ] GC(777) Pause Young (Normal) (G1 Evacuation Pause) 852M->242M(1024M) 7.635ms
[2021-04-19T04:30:33.512-0700][gc,cpu        ] GC(777) User=0.05s Sys=0.00s Real=0.01s
[2021-04-19T04:33:52.924-0700][gc,start      ] GC(778) Pause Young (Normal) (G1 Evacuation Pause)
[2021-04-19T04:33:52.924-0700][gc,task       ] GC(778) Using 8 workers of 8 for evacuation
[2021-04-19T04:33:52.931-0700][gc,phases     ] GC(778)   Pre Evacuate Collection Set: 0.0ms
[2021-04-19T04:33:52.931-0700][gc,phases     ] GC(778)   Evacuate Collection Set: 5.4ms
[2021-04-19T04:33:52.931-0700][gc,phases     ] GC(778)   Post Evacuate Collection Set: 1.1ms
[2021-04-19T04:33:52.931-0700][gc,phases     ] GC(778)   Other: 0.5ms
[2021-04-19T04:33:52.931-0700][gc,heap       ] GC(778) Eden regions: 610->0(611)
[2021-04-19T04:33:52.931-0700][gc,heap       ] GC(778) Survivor regions: 4->3(77)
[2021-04-19T04:33:52.931-0700][gc,heap       ] GC(778) Old regions: 112->112
[2021-04-19T04:33:52.931-0700][gc,heap       ] GC(778) Humongous regions: 129->129
[2021-04-19T04:33:52.931-0700][gc,metaspace  ] GC(778) Metaspace: 41684K->41684K(1087488K)
[2021-04-19T04:33:52.931-0700][gc            ] GC(778) Pause Young (Normal) (G1 Evacuation Pause) 852M->242M(1024M) 7.247ms
[2021-04-19T04:33:52.931-0700][gc,cpu        ] GC(778) User=0.04s Sys=0.00s Real=0.01s
[2021-04-19T04:37:12.556-0700][gc,start      ] GC(779) Pause Young (Normal) (G1 Evacuation Pause)
[2021-04-19T04:37:12.557-0700][gc,task       ] GC(779) Using 8 workers of 8 for evacuation
[2021-04-19T04:37:12.563-0700][gc,phases     ] GC(779)   Pre Evacuate Collection Set: 0.0ms
[2021-04-19T04:37:12.563-0700][gc,phases     ] GC(779)   Evacuate Collection Set: 5.2ms
[2021-04-19T04:37:12.563-0700][gc,phases     ] GC(779)   Post Evacuate Collection Set: 1.1ms
[2021-04-19T04:37:12.563-0700][gc,phases     ] GC(779)   Other: 0.5ms
[2021-04-19T04:37:12.564-0700][gc,heap       ] GC(779) Eden regions: 611->0(611)
[2021-04-19T04:37:12.564-0700][gc,heap       ] GC(779) Survivor regions: 3->3(77)
[2021-04-19T04:37:12.564-0700][gc,heap       ] GC(779) Old regions: 112->112
[2021-04-19T04:37:12.564-0700][gc,heap       ] GC(779) Humongous regions: 129->129
[2021-04-19T04:37:12.564-0700][gc,metaspace  ] GC(779) Metaspace: 41684K->41684K(1087488K)
[2021-04-19T04:37:12.564-0700][gc            ] GC(779) Pause Young (Normal) (G1 Evacuation Pause) 853M->241M(1024M) 7.135ms
[2021-04-19T04:37:12.564-0700][gc,cpu        ] GC(779) User=0.05s Sys=0.00s Real=0.01s
[2021-04-19T04:40:32.249-0700][gc,start      ] GC(780) Pause Young (Normal) (G1 Evacuation Pause)
[2021-04-19T04:40:32.249-0700][gc,task       ] GC(780) Using 8 workers of 8 for evacuation
[2021-04-19T04:40:32.256-0700][gc,phases     ] GC(780)   Pre Evacuate Collection Set: 0.0ms
[2021-04-19T04:40:32.256-0700][gc,phases     ] GC(780)   Evacuate Collection Set: 5.1ms
[2021-04-19T04:40:32.256-0700][gc,phases     ] GC(780)   Post Evacuate Collection Set: 1.1ms
[2021-04-19T04:40:32.256-0700][gc,phases     ] GC(780)   Other: 0.5ms
[2021-04-19T04:40:32.256-0700][gc,heap       ] GC(780) Eden regions: 611->0(611)
[2021-04-19T04:40:32.256-0700][gc,heap       ] GC(780) Survivor regions: 3->3(77)
[2021-04-19T04:40:32.256-0700][gc,heap       ] GC(780) Old regions: 112->112
[2021-04-19T04:40:32.256-0700][gc,heap       ] GC(780) Humongous regions: 129->129
[2021-04-19T04:40:32.256-0700][gc,metaspace  ] GC(780) Metaspace: 41684K->41684K(1087488K)
[2021-04-19T04:40:32.256-0700][gc            ] GC(780) Pause Young (Normal) (G1 Evacuation Pause) 852M->241M(1024M) 6.962ms
[2021-04-19T04:40:32.256-0700][gc,cpu        ] GC(780) User=0.04s Sys=0.00s Real=0.00s
[2021-04-19T04:43:51.917-0700][gc,start      ] GC(781) Pause Young (Normal) (G1 Evacuation Pause)
[2021-04-19T04:43:51.917-0700][gc,task       ] GC(781) Using 8 workers of 8 for evacuation
[2021-04-19T04:43:51.924-0700][gc,phases     ] GC(781)   Pre Evacuate Collection Set: 0.0ms
[2021-04-19T04:43:51.924-0700][gc,phases     ] GC(781)   Evacuate Collection Set: 4.9ms
[2021-04-19T04:43:51.924-0700][gc,phases     ] GC(781)   Post Evacuate Collection Set: 1.1ms
[2021-04-19T04:43:51.924-0700][gc,phases     ] GC(781)   Other: 0.5ms
[2021-04-19T04:43:51.924-0700][gc,heap       ] GC(781) Eden regions: 611->0(611)
[2021-04-19T04:43:51.924-0700][gc,heap       ] GC(781) Survivor regions: 3->3(77)
[2021-04-19T04:43:51.924-0700][gc,heap       ] GC(781) Old regions: 112->112
[2021-04-19T04:43:51.924-0700][gc,heap       ] GC(781) Humongous regions: 129->129
[2021-04-19T04:43:51.924-0700][gc,metaspace  ] GC(781) Metaspace: 41684K->41684K(1087488K)
[2021-04-19T04:43:51.924-0700][gc            ] GC(781) Pause Young (Normal) (G1 Evacuation Pause) 852M->241M(1024M) 6.741ms
[2021-04-19T04:43:51.924-0700][gc,cpu        ] GC(781) User=0.04s Sys=0.00s Real=0.00s
[2021-04-19T04:47:11.512-0700][gc,start      ] GC(782) Pause Young (Normal) (G1 Evacuation Pause)
[2021-04-19T04:47:11.513-0700][gc,task       ] GC(782) Using 8 workers of 8 for evacuation
[2021-04-19T04:47:11.519-0700][gc,phases     ] GC(782)   Pre Evacuate Collection Set: 0.0ms
[2021-04-19T04:47:11.519-0700][gc,phases     ] GC(782)   Evacuate Collection Set: 4.9ms
[2021-04-19T04:47:11.519-0700][gc,phases     ] GC(782)   Post Evacuate Collection Set: 1.2ms
[2021-04-19T04:47:11.519-0700][gc,phases     ] GC(782)   Other: 0.6ms
[2021-04-19T04:47:11.519-0700][gc,heap       ] GC(782) Eden regions: 611->0(611)
[2021-04-19T04:47:11.519-0700][gc,heap       ] GC(782) Survivor regions: 3->3(77)
[2021-04-19T04:47:11.519-0700][gc,heap       ] GC(782) Old regions: 112->112
[2021-04-19T04:47:11.519-0700][gc,heap       ] GC(782) Humongous regions: 129->129
[2021-04-19T04:47:11.519-0700][gc,metaspace  ] GC(782) Metaspace: 41684K->41684K(1087488K)
[2021-04-19T04:47:11.519-0700][gc            ] GC(782) Pause Young (Normal) (G1 Evacuation Pause) 852M->241M(1024M) 6.861ms
[2021-04-19T04:47:11.519-0700][gc,cpu        ] GC(782) User=0.04s Sys=0.00s Real=0.01s
[2021-04-19T04:50:31.318-0700][gc,start      ] GC(783) Pause Young (Normal) (G1 Evacuation Pause)
[2021-04-19T04:50:31.318-0700][gc,task       ] GC(783) Using 8 workers of 8 for evacuation
[2021-04-19T04:50:31.324-0700][gc,phases     ] GC(783)   Pre Evacuate Collection Set: 0.0ms
[2021-04-19T04:50:31.324-0700][gc,phases     ] GC(783)   Evacuate Collection Set: 4.7ms
[2021-04-19T04:50:31.324-0700][gc,phases     ] GC(783)   Post Evacuate Collection Set: 1.1ms
[2021-04-19T04:50:31.324-0700][gc,phases     ] GC(783)   Other: 0.5ms
[2021-04-19T04:50:31.324-0700][gc,heap       ] GC(783) Eden regions: 611->0(611)
[2021-04-19T04:50:31.324-0700][gc,heap       ] GC(783) Survivor regions: 3->3(77)
[2021-04-19T04:50:31.324-0700][gc,heap       ] GC(783) Old regions: 112->112
[2021-04-19T04:50:31.325-0700][gc,heap       ] GC(783) Humongous regions: 129->129
[2021-04-19T04:50:31.325-0700][gc,metaspace  ] GC(783) Metaspace: 41684K->41684K(1087488K)
[2021-04-19T04:50:31.325-0700][gc            ] GC(783) Pause Young (Normal) (G1 Evacuation Pause) 852M->241M(1024M) 6.430ms
[2021-04-19T04:50:31.325-0700][gc,cpu        ] GC(783) User=0.04s Sys=0.00s Real=0.00s
[2021-04-19T04:53:51.211-0700][gc,start      ] GC(784) Pause Young (Normal) (G1 Evacuation Pause)
[2021-04-19T04:53:51.211-0700][gc,task       ] GC(784) Using 8 workers of 8 for evacuation
[2021-04-19T04:53:51.215-0700][gc,phases     ] GC(784)   Pre Evacuate Collection Set: 0.0ms
[2021-04-19T04:53:51.215-0700][gc,phases     ] GC(784)   Evacuate Collection Set: 3.0ms
[2021-04-19T04:53:51.215-0700][gc,phases     ] GC(784)   Post Evacuate Collection Set: 0.8ms
[2021-04-19T04:53:51.215-0700][gc,phases     ] GC(784)   Other: 0.3ms
[2021-04-19T04:53:51.215-0700][gc,heap       ] GC(784) Eden regions: 611->0(611)
[2021-04-19T04:53:51.215-0700][gc,heap       ] GC(784) Survivor regions: 3->3(77)
[2021-04-19T04:53:51.215-0700][gc,heap       ] GC(784) Old regions: 112->112
[2021-04-19T04:53:51.215-0700][gc,heap       ] GC(784) Humongous regions: 129->129
[2021-04-19T04:53:51.215-0700][gc,metaspace  ] GC(784) Metaspace: 41684K->41684K(1087488K)
[2021-04-19T04:53:51.215-0700][gc            ] GC(784) Pause Young (Normal) (G1 Evacuation Pause) 852M->241M(1024M) 4.332ms
[2021-04-19T04:53:51.215-0700][gc,cpu        ] GC(784) User=0.03s Sys=0.00s Real=0.00s
[2021-04-19T04:57:09.933-0700][gc,start      ] GC(785) Pause Young (Normal) (G1 Evacuation Pause)
[2021-04-19T04:57:09.933-0700][gc,task       ] GC(785) Using 8 workers of 8 for evacuation
[2021-04-19T04:57:09.941-0700][gc,phases     ] GC(785)   Pre Evacuate Collection Set: 0.0ms
[2021-04-19T04:57:09.941-0700][gc,phases     ] GC(785)   Evacuate Collection Set: 5.9ms
[2021-04-19T04:57:09.941-0700][gc,phases     ] GC(785)   Post Evacuate Collection Set: 1.2ms
[2021-04-19T04:57:09.941-0700][gc,phases     ] GC(785)   Other: 0.5ms
[2021-04-19T04:57:09.941-0700][gc,heap       ] GC(785) Eden regions: 611->0(610)
[2021-04-19T04:57:09.941-0700][gc,heap       ] GC(785) Survivor regions: 3->4(77)
[2021-04-19T04:57:09.941-0700][gc,heap       ] GC(785) Old regions: 112->112
[2021-04-19T04:57:09.941-0700][gc,heap       ] GC(785) Humongous regions: 129->129
[2021-04-19T04:57:09.941-0700][gc,metaspace  ] GC(785) Metaspace: 41684K->41684K(1087488K)
[2021-04-19T04:57:09.941-0700][gc            ] GC(785) Pause Young (Normal) (G1 Evacuation Pause) 852M->242M(1024M) 7.845ms
[2021-04-19T04:57:09.941-0700][gc,cpu        ] GC(785) User=0.04s Sys=0.00s Real=0.01s
[2021-04-19T05:00:29.429-0700][gc,start      ] GC(786) Pause Young (Normal) (G1 Evacuation Pause)
[2021-04-19T05:00:29.429-0700][gc,task       ] GC(786) Using 8 workers of 8 for evacuation
[2021-04-19T05:00:29.435-0700][gc,phases     ] GC(786)   Pre Evacuate Collection Set: 0.0ms
[2021-04-19T05:00:29.435-0700][gc,phases     ] GC(786)   Evacuate Collection Set: 4.8ms
[2021-04-19T05:00:29.435-0700][gc,phases     ] GC(786)   Post Evacuate Collection Set: 0.5ms
[2021-04-19T05:00:29.435-0700][gc,phases     ] GC(786)   Other: 0.5ms
[2021-04-19T05:00:29.435-0700][gc,heap       ] GC(786) Eden regions: 610->0(611)
[2021-04-19T05:00:29.435-0700][gc,heap       ] GC(786) Survivor regions: 4->3(77)
[2021-04-19T05:00:29.435-0700][gc,heap       ] GC(786) Old regions: 112->112
[2021-04-19T05:00:29.435-0700][gc,heap       ] GC(786) Humongous regions: 129->129
[2021-04-19T05:00:29.435-0700][gc,metaspace  ] GC(786) Metaspace: 41684K->41684K(1087488K)
[2021-04-19T05:00:29.435-0700][gc            ] GC(786) Pause Young (Normal) (G1 Evacuation Pause) 852M->242M(1024M) 5.909ms
[2021-04-19T05:00:29.435-0700][gc,cpu        ] GC(786) User=0.04s Sys=0.00s Real=0.00s
[2021-04-19T05:03:49.095-0700][gc,start      ] GC(787) Pause Young (Normal) (G1 Evacuation Pause)
[2021-04-19T05:03:49.095-0700][gc,task       ] GC(787) Using 8 workers of 8 for evacuation
[2021-04-19T05:03:49.102-0700][gc,phases     ] GC(787)   Pre Evacuate Collection Set: 0.1ms
[2021-04-19T05:03:49.102-0700][gc,phases     ] GC(787)   Evacuate Collection Set: 5.8ms
[2021-04-19T05:03:49.102-0700][gc,phases     ] GC(787)   Post Evacuate Collection Set: 1.1ms
[2021-04-19T05:03:49.102-0700][gc,phases     ] GC(787)   Other: 0.7ms
[2021-04-19T05:03:49.102-0700][gc,heap       ] GC(787) Eden regions: 611->0(611)
[2021-04-19T05:03:49.102-0700][gc,heap       ] GC(787) Survivor regions: 3->3(77)
[2021-04-19T05:03:49.102-0700][gc,heap       ] GC(787) Old regions: 112->112
[2021-04-19T05:03:49.102-0700][gc,heap       ] GC(787) Humongous regions: 129->129
[2021-04-19T05:03:49.102-0700][gc,metaspace  ] GC(787) Metaspace: 41684K->41684K(1087488K)
[2021-04-19T05:03:49.102-0700][gc            ] GC(787) Pause Young (Normal) (G1 Evacuation Pause) 853M->242M(1024M) 7.811ms
[2021-04-19T05:03:49.102-0700][gc,cpu        ] GC(787) User=0.05s Sys=0.00s Real=0.01s
[2021-04-19T05:07:08.818-0700][gc,start      ] GC(788) Pause Young (Normal) (G1 Evacuation Pause)
[2021-04-19T05:07:08.818-0700][gc,task       ] GC(788) Using 8 workers of 8 for evacuation
[2021-04-19T05:07:08.825-0700][gc,phases     ] GC(788)   Pre Evacuate Collection Set: 0.0ms
[2021-04-19T05:07:08.825-0700][gc,phases     ] GC(788)   Evacuate Collection Set: 5.3ms
[2021-04-19T05:07:08.825-0700][gc,phases     ] GC(788)   Post Evacuate Collection Set: 1.4ms
[2021-04-19T05:07:08.825-0700][gc,phases     ] GC(788)   Other: 0.5ms
[2021-04-19T05:07:08.825-0700][gc,heap       ] GC(788) Eden regions: 611->0(611)
[2021-04-19T05:07:08.825-0700][gc,heap       ] GC(788) Survivor regions: 3->3(77)
[2021-04-19T05:07:08.825-0700][gc,heap       ] GC(788) Old regions: 112->112
[2021-04-19T05:07:08.825-0700][gc,heap       ] GC(788) Humongous regions: 129->129
[2021-04-19T05:07:08.825-0700][gc,metaspace  ] GC(788) Metaspace: 41684K->41684K(1087488K)
[2021-04-19T05:07:08.825-0700][gc            ] GC(788) Pause Young (Normal) (G1 Evacuation Pause) 853M->242M(1024M) 7.457ms
[2021-04-19T05:07:08.825-0700][gc,cpu        ] GC(788) User=0.04s Sys=0.01s Real=0.00s
[2021-04-19T05:10:28.334-0700][gc,start      ] GC(789) Pause Young (Normal) (G1 Evacuation Pause)
[2021-04-19T05:10:28.334-0700][gc,task       ] GC(789) Using 8 workers of 8 for evacuation
[2021-04-19T05:10:28.341-0700][gc,phases     ] GC(789)   Pre Evacuate Collection Set: 0.0ms
[2021-04-19T05:10:28.341-0700][gc,phases     ] GC(789)   Evacuate Collection Set: 4.9ms
[2021-04-19T05:10:28.341-0700][gc,phases     ] GC(789)   Post Evacuate Collection Set: 1.3ms
[2021-04-19T05:10:28.341-0700][gc,phases     ] GC(789)   Other: 0.5ms
[2021-04-19T05:10:28.341-0700][gc,heap       ] GC(789) Eden regions: 611->0(611)
[2021-04-19T05:10:28.341-0700][gc,heap       ] GC(789) Survivor regions: 3->3(77)
[2021-04-19T05:10:28.341-0700][gc,heap       ] GC(789) Old regions: 112->112
[2021-04-19T05:10:28.341-0700][gc,heap       ] GC(789) Humongous regions: 129->129
[2021-04-19T05:10:28.341-0700][gc,metaspace  ] GC(789) Metaspace: 41684K->41684K(1087488K)
[2021-04-19T05:10:28.341-0700][gc            ] GC(789) Pause Young (Normal) (G1 Evacuation Pause) 853M->241M(1024M) 6.989ms
[2021-04-19T05:10:28.341-0700][gc,cpu        ] GC(789) User=0.04s Sys=0.00s Real=0.01s
[2021-04-19T05:13:48.041-0700][gc,start      ] GC(790) Pause Young (Normal) (G1 Evacuation Pause)
[2021-04-19T05:13:48.041-0700][gc,task       ] GC(790) Using 8 workers of 8 for evacuation
[2021-04-19T05:13:48.047-0700][gc,phases     ] GC(790)   Pre Evacuate Collection Set: 0.0ms
[2021-04-19T05:13:48.047-0700][gc,phases     ] GC(790)   Evacuate Collection Set: 4.7ms
[2021-04-19T05:13:48.047-0700][gc,phases     ] GC(790)   Post Evacuate Collection Set: 1.3ms
[2021-04-19T05:13:48.047-0700][gc,phases     ] GC(790)   Other: 0.5ms
[2021-04-19T05:13:48.047-0700][gc,heap       ] GC(790) Eden regions: 611->0(611)
[2021-04-19T05:13:48.047-0700][gc,heap       ] GC(790) Survivor regions: 3->3(77)
[2021-04-19T05:13:48.047-0700][gc,heap       ] GC(790) Old regions: 112->112
[2021-04-19T05:13:48.047-0700][gc,heap       ] GC(790) Humongous regions: 129->129
[2021-04-19T05:13:48.047-0700][gc,metaspace  ] GC(790) Metaspace: 41684K->41684K(1087488K)
[2021-04-19T05:13:48.047-0700][gc            ] GC(790) Pause Young (Normal) (G1 Evacuation Pause) 852M->241M(1024M) 6.687ms
[2021-04-19T05:13:48.048-0700][gc,cpu        ] GC(790) User=0.04s Sys=0.00s Real=0.00s
[2021-04-19T05:17:07.751-0700][gc,start      ] GC(791) Pause Young (Normal) (G1 Evacuation Pause)
[2021-04-19T05:17:07.751-0700][gc,task       ] GC(791) Using 8 workers of 8 for evacuation
[2021-04-19T05:17:07.757-0700][gc,phases     ] GC(791)   Pre Evacuate Collection Set: 0.0ms
[2021-04-19T05:17:07.757-0700][gc,phases     ] GC(791)   Evacuate Collection Set: 4.8ms
[2021-04-19T05:17:07.757-0700][gc,phases     ] GC(791)   Post Evacuate Collection Set: 0.7ms
[2021-04-19T05:17:07.757-0700][gc,phases     ] GC(791)   Other: 0.4ms
[2021-04-19T05:17:07.757-0700][gc,heap       ] GC(791) Eden regions: 611->0(611)
[2021-04-19T05:17:07.757-0700][gc,heap       ] GC(791) Survivor regions: 3->3(77)
[2021-04-19T05:17:07.757-0700][gc,heap       ] GC(791) Old regions: 112->112
[2021-04-19T05:17:07.757-0700][gc,heap       ] GC(791) Humongous regions: 129->129
[2021-04-19T05:17:07.757-0700][gc,metaspace  ] GC(791) Metaspace: 41684K->41684K(1087488K)
[2021-04-19T05:17:07.757-0700][gc            ] GC(791) Pause Young (Normal) (G1 Evacuation Pause) 852M->241M(1024M) 6.025ms
[2021-04-19T05:17:07.757-0700][gc,cpu        ] GC(791) User=0.04s Sys=0.00s Real=0.00s
[2021-04-19T05:20:27.315-0700][gc,start      ] GC(792) Pause Young (Normal) (G1 Evacuation Pause)
[2021-04-19T05:20:27.315-0700][gc,task       ] GC(792) Using 8 workers of 8 for evacuation
[2021-04-19T05:20:27.321-0700][gc,phases     ] GC(792)   Pre Evacuate Collection Set: 0.0ms
[2021-04-19T05:20:27.321-0700][gc,phases     ] GC(792)   Evacuate Collection Set: 4.5ms
[2021-04-19T05:20:27.321-0700][gc,phases     ] GC(792)   Post Evacuate Collection Set: 1.3ms
[2021-04-19T05:20:27.321-0700][gc,phases     ] GC(792)   Other: 0.5ms
[2021-04-19T05:20:27.321-0700][gc,heap       ] GC(792) Eden regions: 611->0(611)
[2021-04-19T05:20:27.321-0700][gc,heap       ] GC(792) Survivor regions: 3->3(77)
[2021-04-19T05:20:27.321-0700][gc,heap       ] GC(792) Old regions: 112->112
[2021-04-19T05:20:27.321-0700][gc,heap       ] GC(792) Humongous regions: 129->129
[2021-04-19T05:20:27.321-0700][gc,metaspace  ] GC(792) Metaspace: 41684K->41684K(1087488K)
[2021-04-19T05:20:27.321-0700][gc            ] GC(792) Pause Young (Normal) (G1 Evacuation Pause) 852M->241M(1024M) 6.530ms
[2021-04-19T05:20:27.321-0700][gc,cpu        ] GC(792) User=0.04s Sys=0.00s Real=0.01s
[2021-04-19T05:23:46.935-0700][gc,start      ] GC(793) Pause Young (Normal) (G1 Evacuation Pause)
[2021-04-19T05:23:46.935-0700][gc,task       ] GC(793) Using 8 workers of 8 for evacuation
[2021-04-19T05:23:46.942-0700][gc,phases     ] GC(793)   Pre Evacuate Collection Set: 0.0ms
[2021-04-19T05:23:46.942-0700][gc,phases     ] GC(793)   Evacuate Collection Set: 6.2ms
[2021-04-19T05:23:46.942-0700][gc,phases     ] GC(793)   Post Evacuate Collection Set: 0.6ms
[2021-04-19T05:23:46.942-0700][gc,phases     ] GC(793)   Other: 0.4ms
[2021-04-19T05:23:46.942-0700][gc,heap       ] GC(793) Eden regions: 611->0(610)
[2021-04-19T05:23:46.942-0700][gc,heap       ] GC(793) Survivor regions: 3->4(77)
[2021-04-19T05:23:46.942-0700][gc,heap       ] GC(793) Old regions: 112->112
[2021-04-19T05:23:46.942-0700][gc,heap       ] GC(793) Humongous regions: 129->129
[2021-04-19T05:23:46.942-0700][gc,metaspace  ] GC(793) Metaspace: 41684K->41684K(1087488K)
[2021-04-19T05:23:46.942-0700][gc            ] GC(793) Pause Young (Normal) (G1 Evacuation Pause) 852M->242M(1024M) 7.229ms
[2021-04-19T05:23:46.942-0700][gc,cpu        ] GC(793) User=0.06s Sys=0.00s Real=0.01s
[2021-04-19T05:27:06.439-0700][gc,start      ] GC(794) Pause Young (Normal) (G1 Evacuation Pause)
[2021-04-19T05:27:06.439-0700][gc,task       ] GC(794) Using 8 workers of 8 for evacuation
[2021-04-19T05:27:06.446-0700][gc,phases     ] GC(794)   Pre Evacuate Collection Set: 0.0ms
[2021-04-19T05:27:06.446-0700][gc,phases     ] GC(794)   Evacuate Collection Set: 5.9ms
[2021-04-19T05:27:06.446-0700][gc,phases     ] GC(794)   Post Evacuate Collection Set: 1.2ms
[2021-04-19T05:27:06.446-0700][gc,phases     ] GC(794)   Other: 0.5ms
[2021-04-19T05:27:06.446-0700][gc,heap       ] GC(794) Eden regions: 610->0(610)
[2021-04-19T05:27:06.446-0700][gc,heap       ] GC(794) Survivor regions: 4->4(77)
[2021-04-19T05:27:06.446-0700][gc,heap       ] GC(794) Old regions: 112->112
[2021-04-19T05:27:06.446-0700][gc,heap       ] GC(794) Humongous regions: 129->129
[2021-04-19T05:27:06.446-0700][gc,metaspace  ] GC(794) Metaspace: 41684K->41684K(1087488K)
[2021-04-19T05:27:06.446-0700][gc            ] GC(794) Pause Young (Normal) (G1 Evacuation Pause) 852M->242M(1024M) 7.902ms
[2021-04-19T05:27:06.446-0700][gc,cpu        ] GC(794) User=0.05s Sys=0.00s Real=0.00s
[2021-04-19T05:30:26.099-0700][gc,start      ] GC(795) Pause Young (Normal) (G1 Evacuation Pause)
[2021-04-19T05:30:26.099-0700][gc,task       ] GC(795) Using 8 workers of 8 for evacuation
[2021-04-19T05:30:26.107-0700][gc,phases     ] GC(795)   Pre Evacuate Collection Set: 0.0ms
[2021-04-19T05:30:26.107-0700][gc,phases     ] GC(795)   Evacuate Collection Set: 6.0ms
[2021-04-19T05:30:26.107-0700][gc,phases     ] GC(795)   Post Evacuate Collection Set: 1.4ms
[2021-04-19T05:30:26.107-0700][gc,phases     ] GC(795)   Other: 0.5ms
[2021-04-19T05:30:26.107-0700][gc,heap       ] GC(795) Eden regions: 610->0(610)
[2021-04-19T05:30:26.107-0700][gc,heap       ] GC(795) Survivor regions: 4->4(77)
[2021-04-19T05:30:26.107-0700][gc,heap       ] GC(795) Old regions: 112->112
[2021-04-19T05:30:26.107-0700][gc,heap       ] GC(795) Humongous regions: 129->129
[2021-04-19T05:30:26.107-0700][gc,metaspace  ] GC(795) Metaspace: 41684K->41684K(1087488K)
[2021-04-19T05:30:26.107-0700][gc            ] GC(795) Pause Young (Normal) (G1 Evacuation Pause) 852M->242M(1024M) 8.085ms
[2021-04-19T05:30:26.107-0700][gc,cpu        ] GC(795) User=0.05s Sys=0.00s Real=0.00s
[2021-04-19T05:33:45.368-0700][gc,start      ] GC(796) Pause Young (Normal) (G1 Evacuation Pause)
[2021-04-19T05:33:45.369-0700][gc,task       ] GC(796) Using 8 workers of 8 for evacuation
[2021-04-19T05:33:45.375-0700][gc,phases     ] GC(796)   Pre Evacuate Collection Set: 0.0ms
[2021-04-19T05:33:45.375-0700][gc,phases     ] GC(796)   Evacuate Collection Set: 5.4ms
[2021-04-19T05:33:45.375-0700][gc,phases     ] GC(796)   Post Evacuate Collection Set: 1.1ms
[2021-04-19T05:33:45.376-0700][gc,phases     ] GC(796)   Other: 0.5ms
[2021-04-19T05:33:45.376-0700][gc,heap       ] GC(796) Eden regions: 610->0(611)
[2021-04-19T05:33:45.376-0700][gc,heap       ] GC(796) Survivor regions: 4->3(77)
[2021-04-19T05:33:45.376-0700][gc,heap       ] GC(796) Old regions: 112->112
[2021-04-19T05:33:45.376-0700][gc,heap       ] GC(796) Humongous regions: 129->129
[2021-04-19T05:33:45.376-0700][gc,metaspace  ] GC(796) Metaspace: 41684K->41684K(1087488K)
[2021-04-19T05:33:45.376-0700][gc            ] GC(796) Pause Young (Normal) (G1 Evacuation Pause) 852M->242M(1024M) 7.238ms
[2021-04-19T05:33:45.376-0700][gc,cpu        ] GC(796) User=0.05s Sys=0.00s Real=0.01s
[2021-04-19T05:37:04.765-0700][gc,start      ] GC(797) Pause Young (Normal) (G1 Evacuation Pause)
[2021-04-19T05:37:04.765-0700][gc,task       ] GC(797) Using 8 workers of 8 for evacuation
[2021-04-19T05:37:04.771-0700][gc,phases     ] GC(797)   Pre Evacuate Collection Set: 0.0ms
[2021-04-19T05:37:04.772-0700][gc,phases     ] GC(797)   Evacuate Collection Set: 5.0ms
[2021-04-19T05:37:04.772-0700][gc,phases     ] GC(797)   Post Evacuate Collection Set: 1.1ms
[2021-04-19T05:37:04.772-0700][gc,phases     ] GC(797)   Other: 0.5ms
[2021-04-19T05:37:04.772-0700][gc,heap       ] GC(797) Eden regions: 611->0(611)
[2021-04-19T05:37:04.772-0700][gc,heap       ] GC(797) Survivor regions: 3->3(77)
[2021-04-19T05:37:04.772-0700][gc,heap       ] GC(797) Old regions: 112->112
[2021-04-19T05:37:04.772-0700][gc,heap       ] GC(797) Humongous regions: 129->129
[2021-04-19T05:37:04.772-0700][gc,metaspace  ] GC(797) Metaspace: 41685K->41685K(1087488K)
[2021-04-19T05:37:04.772-0700][gc            ] GC(797) Pause Young (Normal) (G1 Evacuation Pause) 853M->242M(1024M) 6.897ms
[2021-04-19T05:37:04.772-0700][gc,cpu        ] GC(797) User=0.04s Sys=0.01s Real=0.01s
[2021-04-19T05:40:24.384-0700][gc,start      ] GC(798) Pause Young (Normal) (G1 Evacuation Pause)
[2021-04-19T05:40:24.384-0700][gc,task       ] GC(798) Using 8 workers of 8 for evacuation
[2021-04-19T05:40:24.391-0700][gc,phases     ] GC(798)   Pre Evacuate Collection Set: 0.0ms
[2021-04-19T05:40:24.391-0700][gc,phases     ] GC(798)   Evacuate Collection Set: 4.9ms
[2021-04-19T05:40:24.391-0700][gc,phases     ] GC(798)   Post Evacuate Collection Set: 1.0ms
[2021-04-19T05:40:24.391-0700][gc,phases     ] GC(798)   Other: 0.5ms
[2021-04-19T05:40:24.391-0700][gc,heap       ] GC(798) Eden regions: 611->0(611)
[2021-04-19T05:40:24.391-0700][gc,heap       ] GC(798) Survivor regions: 3->3(77)
[2021-04-19T05:40:24.391-0700][gc,heap       ] GC(798) Old regions: 112->112
[2021-04-19T05:40:24.391-0700][gc,heap       ] GC(798) Humongous regions: 129->129
[2021-04-19T05:40:24.391-0700][gc,metaspace  ] GC(798) Metaspace: 41685K->41685K(1087488K)
[2021-04-19T05:40:24.391-0700][gc            ] GC(798) Pause Young (Normal) (G1 Evacuation Pause) 853M->241M(1024M) 6.648ms
[2021-04-19T05:40:24.391-0700][gc,cpu        ] GC(798) User=0.05s Sys=0.00s Real=0.01s
[2021-04-19T05:43:44.133-0700][gc,start      ] GC(799) Pause Young (Normal) (G1 Evacuation Pause)
[2021-04-19T05:43:44.133-0700][gc,task       ] GC(799) Using 8 workers of 8 for evacuation
[2021-04-19T05:43:44.140-0700][gc,phases     ] GC(799)   Pre Evacuate Collection Set: 0.0ms
[2021-04-19T05:43:44.140-0700][gc,phases     ] GC(799)   Evacuate Collection Set: 4.7ms
[2021-04-19T05:43:44.140-0700][gc,phases     ] GC(799)   Post Evacuate Collection Set: 1.4ms
[2021-04-19T05:43:44.140-0700][gc,phases     ] GC(799)   Other: 0.5ms
[2021-04-19T05:43:44.140-0700][gc,heap       ] GC(799) Eden regions: 611->0(611)
[2021-04-19T05:43:44.140-0700][gc,heap       ] GC(799) Survivor regions: 3->3(77)
[2021-04-19T05:43:44.140-0700][gc,heap       ] GC(799) Old regions: 112->112
[2021-04-19T05:43:44.140-0700][gc,heap       ] GC(799) Humongous regions: 129->129
[2021-04-19T05:43:44.140-0700][gc,metaspace  ] GC(799) Metaspace: 41685K->41685K(1087488K)
[2021-04-19T05:43:44.140-0700][gc            ] GC(799) Pause Young (Normal) (G1 Evacuation Pause) 852M->241M(1024M) 6.856ms
[2021-04-19T05:43:44.140-0700][gc,cpu        ] GC(799) User=0.04s Sys=0.00s Real=0.01s
[2021-04-19T05:47:03.902-0700][gc,start      ] GC(800) Pause Young (Normal) (G1 Evacuation Pause)
[2021-04-19T05:47:03.902-0700][gc,task       ] GC(800) Using 8 workers of 8 for evacuation
[2021-04-19T05:47:03.909-0700][gc,phases     ] GC(800)   Pre Evacuate Collection Set: 0.0ms
[2021-04-19T05:47:03.909-0700][gc,phases     ] GC(800)   Evacuate Collection Set: 4.6ms
[2021-04-19T05:47:03.909-0700][gc,phases     ] GC(800)   Post Evacuate Collection Set: 1.1ms
[2021-04-19T05:47:03.909-0700][gc,phases     ] GC(800)   Other: 0.5ms
[2021-04-19T05:47:03.909-0700][gc,heap       ] GC(800) Eden regions: 611->0(611)
[2021-04-19T05:47:03.909-0700][gc,heap       ] GC(800) Survivor regions: 3->3(77)
[2021-04-19T05:47:03.909-0700][gc,heap       ] GC(800) Old regions: 112->112
[2021-04-19T05:47:03.909-0700][gc,heap       ] GC(800) Humongous regions: 129->129
[2021-04-19T05:47:03.909-0700][gc,metaspace  ] GC(800) Metaspace: 41685K->41685K(1087488K)
[2021-04-19T05:47:03.909-0700][gc            ] GC(800) Pause Young (Normal) (G1 Evacuation Pause) 852M->241M(1024M) 6.450ms
[2021-04-19T05:47:03.909-0700][gc,cpu        ] GC(800) User=0.04s Sys=0.00s Real=0.01s
[2021-04-19T05:50:23.661-0700][gc,start      ] GC(801) Pause Young (Normal) (G1 Evacuation Pause)
[2021-04-19T05:50:23.661-0700][gc,task       ] GC(801) Using 8 workers of 8 for evacuation
[2021-04-19T05:50:23.667-0700][gc,phases     ] GC(801)   Pre Evacuate Collection Set: 0.0ms
[2021-04-19T05:50:23.667-0700][gc,phases     ] GC(801)   Evacuate Collection Set: 4.6ms
[2021-04-19T05:50:23.667-0700][gc,phases     ] GC(801)   Post Evacuate Collection Set: 1.1ms
[2021-04-19T05:50:23.667-0700][gc,phases     ] GC(801)   Other: 0.4ms
[2021-04-19T05:50:23.667-0700][gc,heap       ] GC(801) Eden regions: 611->0(611)
[2021-04-19T05:50:23.667-0700][gc,heap       ] GC(801) Survivor regions: 3->3(77)
[2021-04-19T05:50:23.667-0700][gc,heap       ] GC(801) Old regions: 112->112
[2021-04-19T05:50:23.667-0700][gc,heap       ] GC(801) Humongous regions: 129->129
[2021-04-19T05:50:23.667-0700][gc,metaspace  ] GC(801) Metaspace: 41685K->41685K(1087488K)
[2021-04-19T05:50:23.667-0700][gc            ] GC(801) Pause Young (Normal) (G1 Evacuation Pause) 852M->241M(1024M) 6.419ms
[2021-04-19T05:50:23.667-0700][gc,cpu        ] GC(801) User=0.04s Sys=0.00s Real=0.00s
[2021-04-19T05:53:43.403-0700][gc,start      ] GC(802) Pause Young (Normal) (G1 Evacuation Pause)
[2021-04-19T05:53:43.404-0700][gc,task       ] GC(802) Using 8 workers of 8 for evacuation
[2021-04-19T05:53:43.409-0700][gc,phases     ] GC(802)   Pre Evacuate Collection Set: 0.0ms
[2021-04-19T05:53:43.410-0700][gc,phases     ] GC(802)   Evacuate Collection Set: 4.3ms
[2021-04-19T05:53:43.410-0700][gc,phases     ] GC(802)   Post Evacuate Collection Set: 1.2ms
[2021-04-19T05:53:43.410-0700][gc,phases     ] GC(802)   Other: 0.5ms
[2021-04-19T05:53:43.410-0700][gc,heap       ] GC(802) Eden regions: 611->0(612)
[2021-04-19T05:53:43.410-0700][gc,heap       ] GC(802) Survivor regions: 3->2(77)
[2021-04-19T05:53:43.410-0700][gc,heap       ] GC(802) Old regions: 112->112
[2021-04-19T05:53:43.410-0700][gc,heap       ] GC(802) Humongous regions: 129->129
[2021-04-19T05:53:43.410-0700][gc,metaspace  ] GC(802) Metaspace: 41685K->41685K(1087488K)
[2021-04-19T05:53:43.410-0700][gc            ] GC(802) Pause Young (Normal) (G1 Evacuation Pause) 852M->241M(1024M) 6.266ms
[2021-04-19T05:53:43.410-0700][gc,cpu        ] GC(802) User=0.04s Sys=0.00s Real=0.01s
[2021-04-19T05:57:02.298-0700][gc,start      ] GC(803) Pause Young (Normal) (G1 Evacuation Pause)
[2021-04-19T05:57:02.298-0700][gc,task       ] GC(803) Using 8 workers of 8 for evacuation
[2021-04-19T05:57:02.305-0700][gc,phases     ] GC(803)   Pre Evacuate Collection Set: 0.0ms
[2021-04-19T05:57:02.305-0700][gc,phases     ] GC(803)   Evacuate Collection Set: 5.7ms
[2021-04-19T05:57:02.305-0700][gc,phases     ] GC(803)   Post Evacuate Collection Set: 1.1ms
[2021-04-19T05:57:02.305-0700][gc,phases     ] GC(803)   Other: 0.5ms
[2021-04-19T05:57:02.305-0700][gc,heap       ] GC(803) Eden regions: 612->0(611)
[2021-04-19T05:57:02.305-0700][gc,heap       ] GC(803) Survivor regions: 2->3(77)
[2021-04-19T05:57:02.305-0700][gc,heap       ] GC(803) Old regions: 112->112
[2021-04-19T05:57:02.305-0700][gc,heap       ] GC(803) Humongous regions: 129->129
[2021-04-19T05:57:02.305-0700][gc,metaspace  ] GC(803) Metaspace: 41685K->41685K(1087488K)
[2021-04-19T05:57:02.305-0700][gc            ] GC(803) Pause Young (Normal) (G1 Evacuation Pause) 853M->242M(1024M) 7.523ms
[2021-04-19T05:57:02.305-0700][gc,cpu        ] GC(803) User=0.04s Sys=0.00s Real=0.00s
[2021-04-19T06:00:22.172-0700][gc,start      ] GC(804) Pause Young (Normal) (G1 Evacuation Pause)
[2021-04-19T06:00:22.172-0700][gc,task       ] GC(804) Using 8 workers of 8 for evacuation
[2021-04-19T06:00:22.177-0700][gc,phases     ] GC(804)   Pre Evacuate Collection Set: 0.0ms
[2021-04-19T06:00:22.177-0700][gc,phases     ] GC(804)   Evacuate Collection Set: 4.3ms
[2021-04-19T06:00:22.177-0700][gc,phases     ] GC(804)   Post Evacuate Collection Set: 0.5ms
[2021-04-19T06:00:22.177-0700][gc,phases     ] GC(804)   Other: 0.4ms
[2021-04-19T06:00:22.177-0700][gc,heap       ] GC(804) Eden regions: 611->0(611)
[2021-04-19T06:00:22.177-0700][gc,heap       ] GC(804) Survivor regions: 3->3(77)
[2021-04-19T06:00:22.177-0700][gc,heap       ] GC(804) Old regions: 112->112
[2021-04-19T06:00:22.177-0700][gc,heap       ] GC(804) Humongous regions: 129->129
[2021-04-19T06:00:22.177-0700][gc,metaspace  ] GC(804) Metaspace: 41685K->41685K(1087488K)
[2021-04-19T06:00:22.177-0700][gc            ] GC(804) Pause Young (Normal) (G1 Evacuation Pause) 853M->242M(1024M) 5.361ms
[2021-04-19T06:00:22.177-0700][gc,cpu        ] GC(804) User=0.04s Sys=0.00s Real=0.01s
[2021-04-19T06:03:41.935-0700][gc,start      ] GC(805) Pause Young (Normal) (G1 Evacuation Pause)
[2021-04-19T06:03:41.935-0700][gc,task       ] GC(805) Using 8 workers of 8 for evacuation
[2021-04-19T06:03:41.942-0700][gc,phases     ] GC(805)   Pre Evacuate Collection Set: 0.0ms
[2021-04-19T06:03:41.942-0700][gc,phases     ] GC(805)   Evacuate Collection Set: 5.5ms
[2021-04-19T06:03:41.942-0700][gc,phases     ] GC(805)   Post Evacuate Collection Set: 1.1ms
[2021-04-19T06:03:41.942-0700][gc,phases     ] GC(805)   Other: 0.5ms
[2021-04-19T06:03:41.942-0700][gc,heap       ] GC(805) Eden regions: 611->0(611)
[2021-04-19T06:03:41.942-0700][gc,heap       ] GC(805) Survivor regions: 3->3(77)
[2021-04-19T06:03:41.942-0700][gc,heap       ] GC(805) Old regions: 112->112
[2021-04-19T06:03:41.942-0700][gc,heap       ] GC(805) Humongous regions: 129->129
[2021-04-19T06:03:41.942-0700][gc,metaspace  ] GC(805) Metaspace: 41685K->41685K(1087488K)
[2021-04-19T06:03:41.942-0700][gc            ] GC(805) Pause Young (Normal) (G1 Evacuation Pause) 853M->242M(1024M) 7.315ms
[2021-04-19T06:03:41.942-0700][gc,cpu        ] GC(805) User=0.04s Sys=0.01s Real=0.01s
[2021-04-19T06:07:01.582-0700][gc,start      ] GC(806) Pause Young (Normal) (G1 Evacuation Pause)
[2021-04-19T06:07:01.582-0700][gc,task       ] GC(806) Using 8 workers of 8 for evacuation
[2021-04-19T06:07:01.589-0700][gc,phases     ] GC(806)   Pre Evacuate Collection Set: 0.0ms
[2021-04-19T06:07:01.589-0700][gc,phases     ] GC(806)   Evacuate Collection Set: 5.4ms
[2021-04-19T06:07:01.589-0700][gc,phases     ] GC(806)   Post Evacuate Collection Set: 1.3ms
[2021-04-19T06:07:01.589-0700][gc,phases     ] GC(806)   Other: 0.5ms
[2021-04-19T06:07:01.589-0700][gc,heap       ] GC(806) Eden regions: 611->0(611)
[2021-04-19T06:07:01.589-0700][gc,heap       ] GC(806) Survivor regions: 3->3(77)
[2021-04-19T06:07:01.589-0700][gc,heap       ] GC(806) Old regions: 112->112
[2021-04-19T06:07:01.589-0700][gc,heap       ] GC(806) Humongous regions: 129->129
[2021-04-19T06:07:01.589-0700][gc,metaspace  ] GC(806) Metaspace: 41685K->41685K(1087488K)
[2021-04-19T06:07:01.589-0700][gc            ] GC(806) Pause Young (Normal) (G1 Evacuation Pause) 853M->242M(1024M) 7.420ms
[2021-04-19T06:07:01.589-0700][gc,cpu        ] GC(806) User=0.04s Sys=0.00s Real=0.01s
[2021-04-19T06:10:21.097-0700][gc,start      ] GC(807) Pause Young (Normal) (G1 Evacuation Pause)
[2021-04-19T06:10:21.097-0700][gc,task       ] GC(807) Using 8 workers of 8 for evacuation
[2021-04-19T06:10:21.103-0700][gc,phases     ] GC(807)   Pre Evacuate Collection Set: 0.0ms
[2021-04-19T06:10:21.103-0700][gc,phases     ] GC(807)   Evacuate Collection Set: 4.9ms
[2021-04-19T06:10:21.103-0700][gc,phases     ] GC(807)   Post Evacuate Collection Set: 1.3ms
[2021-04-19T06:10:21.104-0700][gc,phases     ] GC(807)   Other: 0.5ms
[2021-04-19T06:10:21.104-0700][gc,heap       ] GC(807) Eden regions: 611->0(611)
[2021-04-19T06:10:21.104-0700][gc,heap       ] GC(807) Survivor regions: 3->3(77)
[2021-04-19T06:10:21.104-0700][gc,heap       ] GC(807) Old regions: 112->112
[2021-04-19T06:10:21.104-0700][gc,heap       ] GC(807) Humongous regions: 129->129
[2021-04-19T06:10:21.104-0700][gc,metaspace  ] GC(807) Metaspace: 41685K->41685K(1087488K)
[2021-04-19T06:10:21.104-0700][gc            ] GC(807) Pause Young (Normal) (G1 Evacuation Pause) 853M->242M(1024M) 6.861ms
[2021-04-19T06:10:21.104-0700][gc,cpu        ] GC(807) User=0.04s Sys=0.00s Real=0.00s
[2021-04-19T06:13:40.886-0700][gc,start      ] GC(808) Pause Young (Normal) (G1 Evacuation Pause)
[2021-04-19T06:13:40.886-0700][gc,task       ] GC(808) Using 8 workers of 8 for evacuation
[2021-04-19T06:13:40.893-0700][gc,phases     ] GC(808)   Pre Evacuate Collection Set: 0.0ms
[2021-04-19T06:13:40.893-0700][gc,phases     ] GC(808)   Evacuate Collection Set: 4.8ms
[2021-04-19T06:13:40.893-0700][gc,phases     ] GC(808)   Post Evacuate Collection Set: 1.3ms
[2021-04-19T06:13:40.893-0700][gc,phases     ] GC(808)   Other: 0.5ms
[2021-04-19T06:13:40.893-0700][gc,heap       ] GC(808) Eden regions: 611->0(611)
[2021-04-19T06:13:40.893-0700][gc,heap       ] GC(808) Survivor regions: 3->3(77)
[2021-04-19T06:13:40.893-0700][gc,heap       ] GC(808) Old regions: 112->112
[2021-04-19T06:13:40.893-0700][gc,heap       ] GC(808) Humongous regions: 129->129
[2021-04-19T06:13:40.893-0700][gc,metaspace  ] GC(808) Metaspace: 41685K->41685K(1087488K)
[2021-04-19T06:13:40.893-0700][gc            ] GC(808) Pause Young (Normal) (G1 Evacuation Pause) 853M->241M(1024M) 6.848ms
[2021-04-19T06:13:40.893-0700][gc,cpu        ] GC(808) User=0.04s Sys=0.00s Real=0.01s
[2021-04-19T06:17:00.586-0700][gc,start      ] GC(809) Pause Young (Normal) (G1 Evacuation Pause)
[2021-04-19T06:17:00.586-0700][gc,task       ] GC(809) Using 8 workers of 8 for evacuation
[2021-04-19T06:17:00.592-0700][gc,phases     ] GC(809)   Pre Evacuate Collection Set: 0.0ms
[2021-04-19T06:17:00.592-0700][gc,phases     ] GC(809)   Evacuate Collection Set: 5.0ms
[2021-04-19T06:17:00.592-0700][gc,phases     ] GC(809)   Post Evacuate Collection Set: 1.3ms
[2021-04-19T06:17:00.593-0700][gc,phases     ] GC(809)   Other: 0.5ms
[2021-04-19T06:17:00.593-0700][gc,heap       ] GC(809) Eden regions: 611->0(611)
[2021-04-19T06:17:00.593-0700][gc,heap       ] GC(809) Survivor regions: 3->3(77)
[2021-04-19T06:17:00.593-0700][gc,heap       ] GC(809) Old regions: 112->112
[2021-04-19T06:17:00.593-0700][gc,heap       ] GC(809) Humongous regions: 129->129
[2021-04-19T06:17:00.593-0700][gc,metaspace  ] GC(809) Metaspace: 41685K->41685K(1087488K)
[2021-04-19T06:17:00.593-0700][gc            ] GC(809) Pause Young (Normal) (G1 Evacuation Pause) 852M->241M(1024M) 7.064ms
[2021-04-19T06:17:00.593-0700][gc,cpu        ] GC(809) User=0.04s Sys=0.00s Real=0.01s
[2021-04-19T06:20:20.139-0700][gc,start      ] GC(810) Pause Young (Normal) (G1 Evacuation Pause)
[2021-04-19T06:20:20.139-0700][gc,task       ] GC(810) Using 8 workers of 8 for evacuation
[2021-04-19T06:20:20.145-0700][gc,phases     ] GC(810)   Pre Evacuate Collection Set: 0.0ms
[2021-04-19T06:20:20.145-0700][gc,phases     ] GC(810)   Evacuate Collection Set: 4.6ms
[2021-04-19T06:20:20.145-0700][gc,phases     ] GC(810)   Post Evacuate Collection Set: 1.2ms
[2021-04-19T06:20:20.145-0700][gc,phases     ] GC(810)   Other: 0.5ms
[2021-04-19T06:20:20.145-0700][gc,heap       ] GC(810) Eden regions: 611->0(611)
[2021-04-19T06:20:20.145-0700][gc,heap       ] GC(810) Survivor regions: 3->3(77)
[2021-04-19T06:20:20.145-0700][gc,heap       ] GC(810) Old regions: 112->112
[2021-04-19T06:20:20.145-0700][gc,heap       ] GC(810) Humongous regions: 129->129
[2021-04-19T06:20:20.145-0700][gc,metaspace  ] GC(810) Metaspace: 41685K->41685K(1087488K)
[2021-04-19T06:20:20.145-0700][gc            ] GC(810) Pause Young (Normal) (G1 Evacuation Pause) 852M->241M(1024M) 6.588ms
[2021-04-19T06:20:20.145-0700][gc,cpu        ] GC(810) User=0.04s Sys=0.00s Real=0.00s
[2021-04-19T06:23:39.826-0700][gc,start      ] GC(811) Pause Young (Normal) (G1 Evacuation Pause)
[2021-04-19T06:23:39.826-0700][gc,task       ] GC(811) Using 8 workers of 8 for evacuation
[2021-04-19T06:23:39.836-0700][gc,phases     ] GC(811)   Pre Evacuate Collection Set: 0.0ms
[2021-04-19T06:23:39.836-0700][gc,phases     ] GC(811)   Evacuate Collection Set: 8.8ms
[2021-04-19T06:23:39.836-0700][gc,phases     ] GC(811)   Post Evacuate Collection Set: 1.4ms
[2021-04-19T06:23:39.837-0700][gc,phases     ] GC(811)   Other: 0.5ms
[2021-04-19T06:23:39.837-0700][gc,heap       ] GC(811) Eden regions: 611->0(612)
[2021-04-19T06:23:39.837-0700][gc,heap       ] GC(811) Survivor regions: 3->2(77)
[2021-04-19T06:23:39.837-0700][gc,heap       ] GC(811) Old regions: 112->112
[2021-04-19T06:23:39.837-0700][gc,heap       ] GC(811) Humongous regions: 129->129
[2021-04-19T06:23:39.837-0700][gc,metaspace  ] GC(811) Metaspace: 41685K->41685K(1087488K)
[2021-04-19T06:23:39.837-0700][gc            ] GC(811) Pause Young (Normal) (G1 Evacuation Pause) 852M->241M(1024M) 11.149ms
[2021-04-19T06:23:39.837-0700][gc,cpu        ] GC(811) User=0.05s Sys=0.00s Real=0.02s
[2021-04-19T06:26:59.933-0700][gc,start      ] GC(812) Pause Young (Normal) (G1 Evacuation Pause)
[2021-04-19T06:26:59.933-0700][gc,task       ] GC(812) Using 8 workers of 8 for evacuation
[2021-04-19T06:26:59.939-0700][gc,phases     ] GC(812)   Pre Evacuate Collection Set: 0.0ms
[2021-04-19T06:26:59.939-0700][gc,phases     ] GC(812)   Evacuate Collection Set: 4.4ms
[2021-04-19T06:26:59.939-0700][gc,phases     ] GC(812)   Post Evacuate Collection Set: 1.3ms
[2021-04-19T06:26:59.939-0700][gc,phases     ] GC(812)   Other: 0.5ms
[2021-04-19T06:26:59.939-0700][gc,heap       ] GC(812) Eden regions: 612->0(611)
[2021-04-19T06:26:59.939-0700][gc,heap       ] GC(812) Survivor regions: 2->3(77)
[2021-04-19T06:26:59.939-0700][gc,heap       ] GC(812) Old regions: 112->112
[2021-04-19T06:26:59.939-0700][gc,heap       ] GC(812) Humongous regions: 129->129
[2021-04-19T06:26:59.939-0700][gc,metaspace  ] GC(812) Metaspace: 41685K->41685K(1087488K)
[2021-04-19T06:26:59.940-0700][gc            ] GC(812) Pause Young (Normal) (G1 Evacuation Pause) 853M->241M(1024M) 6.375ms
[2021-04-19T06:26:59.940-0700][gc,cpu        ] GC(812) User=0.04s Sys=0.00s Real=0.01s
[2021-04-19T06:30:19.811-0700][gc,start      ] GC(813) Pause Young (Normal) (G1 Evacuation Pause)
[2021-04-19T06:30:19.811-0700][gc,task       ] GC(813) Using 8 workers of 8 for evacuation
[2021-04-19T06:30:19.817-0700][gc,phases     ] GC(813)   Pre Evacuate Collection Set: 0.0ms
[2021-04-19T06:30:19.817-0700][gc,phases     ] GC(813)   Evacuate Collection Set: 4.3ms
[2021-04-19T06:30:19.817-0700][gc,phases     ] GC(813)   Post Evacuate Collection Set: 1.4ms
[2021-04-19T06:30:19.817-0700][gc,phases     ] GC(813)   Other: 0.5ms
[2021-04-19T06:30:19.817-0700][gc,heap       ] GC(813) Eden regions: 611->0(612)
[2021-04-19T06:30:19.817-0700][gc,heap       ] GC(813) Survivor regions: 3->2(77)
[2021-04-19T06:30:19.817-0700][gc,heap       ] GC(813) Old regions: 112->112
[2021-04-19T06:30:19.817-0700][gc,heap       ] GC(813) Humongous regions: 129->129
[2021-04-19T06:30:19.817-0700][gc,metaspace  ] GC(813) Metaspace: 41685K->41685K(1087488K)
[2021-04-19T06:30:19.817-0700][gc            ] GC(813) Pause Young (Normal) (G1 Evacuation Pause) 852M->241M(1024M) 6.391ms
[2021-04-19T06:30:19.817-0700][gc,cpu        ] GC(813) User=0.04s Sys=0.00s Real=0.01s
[2021-04-19T06:33:39.892-0700][gc,start      ] GC(814) Pause Young (Normal) (G1 Evacuation Pause)
[2021-04-19T06:33:39.892-0700][gc,task       ] GC(814) Using 8 workers of 8 for evacuation
[2021-04-19T06:33:39.898-0700][gc,phases     ] GC(814)   Pre Evacuate Collection Set: 0.0ms
[2021-04-19T06:33:39.898-0700][gc,phases     ] GC(814)   Evacuate Collection Set: 4.4ms
[2021-04-19T06:33:39.898-0700][gc,phases     ] GC(814)   Post Evacuate Collection Set: 1.2ms
[2021-04-19T06:33:39.898-0700][gc,phases     ] GC(814)   Other: 0.5ms
[2021-04-19T06:33:39.898-0700][gc,heap       ] GC(814) Eden regions: 612->0(612)
[2021-04-19T06:33:39.898-0700][gc,heap       ] GC(814) Survivor regions: 2->2(77)
[2021-04-19T06:33:39.898-0700][gc,heap       ] GC(814) Old regions: 112->112
[2021-04-19T06:33:39.898-0700][gc,heap       ] GC(814) Humongous regions: 129->129
[2021-04-19T06:33:39.898-0700][gc,metaspace  ] GC(814) Metaspace: 41685K->41685K(1087488K)
[2021-04-19T06:33:39.898-0700][gc            ] GC(814) Pause Young (Normal) (G1 Evacuation Pause) 853M->241M(1024M) 6.355ms
[2021-04-19T06:33:39.898-0700][gc,cpu        ] GC(814) User=0.04s Sys=0.00s Real=0.01s
[2021-04-19T06:37:00.071-0700][gc,start      ] GC(815) Pause Young (Normal) (G1 Evacuation Pause)
[2021-04-19T06:37:00.071-0700][gc,task       ] GC(815) Using 8 workers of 8 for evacuation
[2021-04-19T06:37:00.078-0700][gc,phases     ] GC(815)   Pre Evacuate Collection Set: 0.0ms
[2021-04-19T06:37:00.078-0700][gc,phases     ] GC(815)   Evacuate Collection Set: 4.7ms
[2021-04-19T06:37:00.078-0700][gc,phases     ] GC(815)   Post Evacuate Collection Set: 1.3ms
[2021-04-19T06:37:00.078-0700][gc,phases     ] GC(815)   Other: 0.5ms
[2021-04-19T06:37:00.078-0700][gc,heap       ] GC(815) Eden regions: 612->0(611)
[2021-04-19T06:37:00.078-0700][gc,heap       ] GC(815) Survivor regions: 2->3(77)
[2021-04-19T06:37:00.078-0700][gc,heap       ] GC(815) Old regions: 112->112
[2021-04-19T06:37:00.078-0700][gc,heap       ] GC(815) Humongous regions: 129->129
[2021-04-19T06:37:00.078-0700][gc,metaspace  ] GC(815) Metaspace: 41685K->41685K(1087488K)
[2021-04-19T06:37:00.078-0700][gc            ] GC(815) Pause Young (Normal) (G1 Evacuation Pause) 853M->241M(1024M) 6.739ms
[2021-04-19T06:37:00.078-0700][gc,cpu        ] GC(815) User=0.04s Sys=0.00s Real=0.01s
[2021-04-19T06:40:19.649-0700][gc,start      ] GC(816) Pause Young (Normal) (G1 Evacuation Pause)
[2021-04-19T06:40:19.649-0700][gc,task       ] GC(816) Using 8 workers of 8 for evacuation
[2021-04-19T06:40:19.657-0700][gc,phases     ] GC(816)   Pre Evacuate Collection Set: 0.0ms
[2021-04-19T06:40:19.657-0700][gc,phases     ] GC(816)   Evacuate Collection Set: 6.1ms
[2021-04-19T06:40:19.657-0700][gc,phases     ] GC(816)   Post Evacuate Collection Set: 1.3ms
[2021-04-19T06:40:19.657-0700][gc,phases     ] GC(816)   Other: 0.5ms
[2021-04-19T06:40:19.657-0700][gc,heap       ] GC(816) Eden regions: 611->0(610)
[2021-04-19T06:40:19.657-0700][gc,heap       ] GC(816) Survivor regions: 3->4(77)
[2021-04-19T06:40:19.657-0700][gc,heap       ] GC(816) Old regions: 112->112
[2021-04-19T06:40:19.657-0700][gc,heap       ] GC(816) Humongous regions: 129->129
[2021-04-19T06:40:19.657-0700][gc,metaspace  ] GC(816) Metaspace: 41685K->41685K(1087488K)
[2021-04-19T06:40:19.657-0700][gc            ] GC(816) Pause Young (Normal) (G1 Evacuation Pause) 852M->242M(1024M) 8.099ms
[2021-04-19T06:40:19.657-0700][gc,cpu        ] GC(816) User=0.05s Sys=0.01s Real=0.01s
[2021-04-19T06:43:38.683-0700][gc,start      ] GC(817) Pause Young (Normal) (G1 Evacuation Pause)
[2021-04-19T06:43:38.684-0700][gc,task       ] GC(817) Using 8 workers of 8 for evacuation
[2021-04-19T06:43:38.690-0700][gc,phases     ] GC(817)   Pre Evacuate Collection Set: 0.0ms
[2021-04-19T06:43:38.690-0700][gc,phases     ] GC(817)   Evacuate Collection Set: 5.4ms
[2021-04-19T06:43:38.690-0700][gc,phases     ] GC(817)   Post Evacuate Collection Set: 0.6ms
[2021-04-19T06:43:38.690-0700][gc,phases     ] GC(817)   Other: 0.4ms
[2021-04-19T06:43:38.690-0700][gc,heap       ] GC(817) Eden regions: 610->0(610)
[2021-04-19T06:43:38.690-0700][gc,heap       ] GC(817) Survivor regions: 4->4(77)
[2021-04-19T06:43:38.690-0700][gc,heap       ] GC(817) Old regions: 112->112
[2021-04-19T06:43:38.690-0700][gc,heap       ] GC(817) Humongous regions: 129->129
[2021-04-19T06:43:38.690-0700][gc,metaspace  ] GC(817) Metaspace: 41685K->41685K(1087488K)
[2021-04-19T06:43:38.690-0700][gc            ] GC(817) Pause Young (Normal) (G1 Evacuation Pause) 852M->242M(1024M) 6.461ms
[2021-04-19T06:43:38.690-0700][gc,cpu        ] GC(817) User=0.04s Sys=0.00s Real=0.01s
[2021-04-19T06:46:58.116-0700][gc,start      ] GC(818) Pause Young (Normal) (G1 Evacuation Pause)
[2021-04-19T06:46:58.116-0700][gc,task       ] GC(818) Using 8 workers of 8 for evacuation
[2021-04-19T06:46:58.123-0700][gc,phases     ] GC(818)   Pre Evacuate Collection Set: 0.1ms
[2021-04-19T06:46:58.123-0700][gc,phases     ] GC(818)   Evacuate Collection Set: 5.6ms
[2021-04-19T06:46:58.123-0700][gc,phases     ] GC(818)   Post Evacuate Collection Set: 1.3ms
[2021-04-19T06:46:58.123-0700][gc,phases     ] GC(818)   Other: 0.5ms
[2021-04-19T06:46:58.123-0700][gc,heap       ] GC(818) Eden regions: 610->0(610)
[2021-04-19T06:46:58.123-0700][gc,heap       ] GC(818) Survivor regions: 4->4(77)
[2021-04-19T06:46:58.123-0700][gc,heap       ] GC(818) Old regions: 112->112
[2021-04-19T06:46:58.123-0700][gc,heap       ] GC(818) Humongous regions: 129->129
[2021-04-19T06:46:58.123-0700][gc,metaspace  ] GC(818) Metaspace: 41685K->41685K(1087488K)
[2021-04-19T06:46:58.123-0700][gc            ] GC(818) Pause Young (Normal) (G1 Evacuation Pause) 852M->242M(1024M) 7.667ms
[2021-04-19T06:46:58.123-0700][gc,cpu        ] GC(818) User=0.05s Sys=0.00s Real=0.01s
[2021-04-19T06:50:17.435-0700][gc,start      ] GC(819) Pause Young (Normal) (G1 Evacuation Pause)
[2021-04-19T06:50:17.435-0700][gc,task       ] GC(819) Using 8 workers of 8 for evacuation
[2021-04-19T06:50:17.442-0700][gc,phases     ] GC(819)   Pre Evacuate Collection Set: 0.0ms
[2021-04-19T06:50:17.442-0700][gc,phases     ] GC(819)   Evacuate Collection Set: 5.2ms
[2021-04-19T06:50:17.442-0700][gc,phases     ] GC(819)   Post Evacuate Collection Set: 1.3ms
[2021-04-19T06:50:17.442-0700][gc,phases     ] GC(819)   Other: 0.5ms
[2021-04-19T06:50:17.442-0700][gc,heap       ] GC(819) Eden regions: 610->0(611)
[2021-04-19T06:50:17.442-0700][gc,heap       ] GC(819) Survivor regions: 4->3(77)
[2021-04-19T06:50:17.442-0700][gc,heap       ] GC(819) Old regions: 112->112
[2021-04-19T06:50:17.442-0700][gc,heap       ] GC(819) Humongous regions: 129->129
[2021-04-19T06:50:17.442-0700][gc,metaspace  ] GC(819) Metaspace: 41685K->41685K(1087488K)
[2021-04-19T06:50:17.442-0700][gc            ] GC(819) Pause Young (Normal) (G1 Evacuation Pause) 852M->242M(1024M) 7.266ms
[2021-04-19T06:50:17.442-0700][gc,cpu        ] GC(819) User=0.04s Sys=0.00s Real=0.01s
[2021-04-19T06:53:37.231-0700][gc,start      ] GC(820) Pause Young (Normal) (G1 Evacuation Pause)
[2021-04-19T06:53:37.232-0700][gc,task       ] GC(820) Using 8 workers of 8 for evacuation
[2021-04-19T06:53:37.238-0700][gc,phases     ] GC(820)   Pre Evacuate Collection Set: 0.0ms
[2021-04-19T06:53:37.238-0700][gc,phases     ] GC(820)   Evacuate Collection Set: 5.0ms
[2021-04-19T06:53:37.238-0700][gc,phases     ] GC(820)   Post Evacuate Collection Set: 1.3ms
[2021-04-19T06:53:37.238-0700][gc,phases     ] GC(820)   Other: 0.5ms
[2021-04-19T06:53:37.238-0700][gc,heap       ] GC(820) Eden regions: 611->0(611)
[2021-04-19T06:53:37.238-0700][gc,heap       ] GC(820) Survivor regions: 3->3(77)
[2021-04-19T06:53:37.238-0700][gc,heap       ] GC(820) Old regions: 112->112
[2021-04-19T06:53:37.238-0700][gc,heap       ] GC(820) Humongous regions: 129->129
[2021-04-19T06:53:37.238-0700][gc,metaspace  ] GC(820) Metaspace: 41685K->41685K(1087488K)
[2021-04-19T06:53:37.238-0700][gc            ] GC(820) Pause Young (Normal) (G1 Evacuation Pause) 853M->242M(1024M) 6.980ms
[2021-04-19T06:53:37.239-0700][gc,cpu        ] GC(820) User=0.04s Sys=0.00s Real=0.01s
[2021-04-19T06:56:55.912-0700][gc,start      ] GC(821) Pause Young (Normal) (G1 Evacuation Pause)
[2021-04-19T06:56:55.912-0700][gc,task       ] GC(821) Using 8 workers of 8 for evacuation
[2021-04-19T06:56:55.918-0700][gc,phases     ] GC(821)   Pre Evacuate Collection Set: 0.0ms
[2021-04-19T06:56:55.918-0700][gc,phases     ] GC(821)   Evacuate Collection Set: 4.3ms
[2021-04-19T06:56:55.918-0700][gc,phases     ] GC(821)   Post Evacuate Collection Set: 0.6ms
[2021-04-19T06:56:55.918-0700][gc,phases     ] GC(821)   Other: 0.4ms
[2021-04-19T06:56:55.918-0700][gc,heap       ] GC(821) Eden regions: 611->0(611)
[2021-04-19T06:56:55.918-0700][gc,heap       ] GC(821) Survivor regions: 3->3(77)
[2021-04-19T06:56:55.918-0700][gc,heap       ] GC(821) Old regions: 112->112
[2021-04-19T06:56:55.918-0700][gc,heap       ] GC(821) Humongous regions: 129->129
[2021-04-19T06:56:55.918-0700][gc,metaspace  ] GC(821) Metaspace: 41685K->41685K(1087488K)
[2021-04-19T06:56:55.918-0700][gc            ] GC(821) Pause Young (Normal) (G1 Evacuation Pause) 853M->241M(1024M) 5.479ms
[2021-04-19T06:56:55.918-0700][gc,cpu        ] GC(821) User=0.04s Sys=0.00s Real=0.01s
[2021-04-19T07:00:15.616-0700][gc,start      ] GC(822) Pause Young (Normal) (G1 Evacuation Pause)
[2021-04-19T07:00:15.616-0700][gc,task       ] GC(822) Using 8 workers of 8 for evacuation
[2021-04-19T07:00:15.624-0700][gc,phases     ] GC(822)   Pre Evacuate Collection Set: 0.0ms
[2021-04-19T07:00:15.624-0700][gc,phases     ] GC(822)   Evacuate Collection Set: 6.1ms
[2021-04-19T07:00:15.624-0700][gc,phases     ] GC(822)   Post Evacuate Collection Set: 1.1ms
[2021-04-19T07:00:15.624-0700][gc,phases     ] GC(822)   Other: 0.5ms
[2021-04-19T07:00:15.624-0700][gc,heap       ] GC(822) Eden regions: 611->0(610)
[2021-04-19T07:00:15.624-0700][gc,heap       ] GC(822) Survivor regions: 3->4(77)
[2021-04-19T07:00:15.624-0700][gc,heap       ] GC(822) Old regions: 112->112
[2021-04-19T07:00:15.624-0700][gc,heap       ] GC(822) Humongous regions: 129->129
[2021-04-19T07:00:15.624-0700][gc,metaspace  ] GC(822) Metaspace: 41685K->41685K(1087488K)
[2021-04-19T07:00:15.624-0700][gc            ] GC(822) Pause Young (Normal) (G1 Evacuation Pause) 852M->243M(1024M) 7.973ms
[2021-04-19T07:00:15.624-0700][gc,cpu        ] GC(822) User=0.06s Sys=0.00s Real=0.01s
[2021-04-19T07:03:35.040-0700][gc,start      ] GC(823) Pause Young (Normal) (G1 Evacuation Pause)
[2021-04-19T07:03:35.040-0700][gc,task       ] GC(823) Using 8 workers of 8 for evacuation
[2021-04-19T07:03:35.044-0700][gc,phases     ] GC(823)   Pre Evacuate Collection Set: 0.0ms
[2021-04-19T07:03:35.044-0700][gc,phases     ] GC(823)   Evacuate Collection Set: 2.9ms
[2021-04-19T07:03:35.044-0700][gc,phases     ] GC(823)   Post Evacuate Collection Set: 0.5ms
[2021-04-19T07:03:35.044-0700][gc,phases     ] GC(823)   Other: 0.2ms
[2021-04-19T07:03:35.044-0700][gc,heap       ] GC(823) Eden regions: 610->0(610)
[2021-04-19T07:03:35.044-0700][gc,heap       ] GC(823) Survivor regions: 4->4(77)
[2021-04-19T07:03:35.044-0700][gc,heap       ] GC(823) Old regions: 112->112
[2021-04-19T07:03:35.044-0700][gc,heap       ] GC(823) Humongous regions: 129->129
[2021-04-19T07:03:35.044-0700][gc,metaspace  ] GC(823) Metaspace: 41685K->41685K(1087488K)
[2021-04-19T07:03:35.044-0700][gc            ] GC(823) Pause Young (Normal) (G1 Evacuation Pause) 853M->242M(1024M) 3.772ms
[2021-04-19T07:03:35.044-0700][gc,cpu        ] GC(823) User=0.02s Sys=0.00s Real=0.00s
[2021-04-19T07:06:54.416-0700][gc,start      ] GC(824) Pause Young (Normal) (G1 Evacuation Pause)
[2021-04-19T07:06:54.416-0700][gc,task       ] GC(824) Using 8 workers of 8 for evacuation
[2021-04-19T07:06:54.424-0700][gc,phases     ] GC(824)   Pre Evacuate Collection Set: 0.0ms
[2021-04-19T07:06:54.424-0700][gc,phases     ] GC(824)   Evacuate Collection Set: 5.7ms
[2021-04-19T07:06:54.424-0700][gc,phases     ] GC(824)   Post Evacuate Collection Set: 1.2ms
[2021-04-19T07:06:54.424-0700][gc,phases     ] GC(824)   Other: 0.5ms
[2021-04-19T07:06:54.424-0700][gc,heap       ] GC(824) Eden regions: 610->0(610)
[2021-04-19T07:06:54.424-0700][gc,heap       ] GC(824) Survivor regions: 4->4(77)
[2021-04-19T07:06:54.424-0700][gc,heap       ] GC(824) Old regions: 112->113
[2021-04-19T07:06:54.424-0700][gc,heap       ] GC(824) Humongous regions: 129->129
[2021-04-19T07:06:54.424-0700][gc,metaspace  ] GC(824) Metaspace: 41685K->41685K(1087488K)
[2021-04-19T07:06:54.424-0700][gc            ] GC(824) Pause Young (Normal) (G1 Evacuation Pause) 852M->242M(1024M) 7.716ms
[2021-04-19T07:06:54.424-0700][gc,cpu        ] GC(824) User=0.05s Sys=0.00s Real=0.01s
[2021-04-19T07:10:14.210-0700][gc,start      ] GC(825) Pause Young (Normal) (G1 Evacuation Pause)
[2021-04-19T07:10:14.210-0700][gc,task       ] GC(825) Using 8 workers of 8 for evacuation
[2021-04-19T07:10:14.217-0700][gc,phases     ] GC(825)   Pre Evacuate Collection Set: 0.0ms
[2021-04-19T07:10:14.217-0700][gc,phases     ] GC(825)   Evacuate Collection Set: 5.3ms
[2021-04-19T07:10:14.217-0700][gc,phases     ] GC(825)   Post Evacuate Collection Set: 1.3ms
[2021-04-19T07:10:14.217-0700][gc,phases     ] GC(825)   Other: 0.5ms
[2021-04-19T07:10:14.217-0700][gc,heap       ] GC(825) Eden regions: 610->0(611)
[2021-04-19T07:10:14.218-0700][gc,heap       ] GC(825) Survivor regions: 4->3(77)
[2021-04-19T07:10:14.218-0700][gc,heap       ] GC(825) Old regions: 113->113
[2021-04-19T07:10:14.218-0700][gc,heap       ] GC(825) Humongous regions: 129->129
[2021-04-19T07:10:14.218-0700][gc,metaspace  ] GC(825) Metaspace: 41685K->41685K(1087488K)
[2021-04-19T07:10:14.218-0700][gc            ] GC(825) Pause Young (Normal) (G1 Evacuation Pause) 852M->242M(1024M) 7.386ms
[2021-04-19T07:10:14.218-0700][gc,cpu        ] GC(825) User=0.04s Sys=0.01s Real=0.01s
[2021-04-19T07:13:33.839-0700][gc,start      ] GC(826) Pause Young (Normal) (G1 Evacuation Pause)
[2021-04-19T07:13:33.839-0700][gc,task       ] GC(826) Using 8 workers of 8 for evacuation
[2021-04-19T07:13:33.846-0700][gc,phases     ] GC(826)   Pre Evacuate Collection Set: 0.0ms
[2021-04-19T07:13:33.846-0700][gc,phases     ] GC(826)   Evacuate Collection Set: 5.4ms
[2021-04-19T07:13:33.846-0700][gc,phases     ] GC(826)   Post Evacuate Collection Set: 1.3ms
[2021-04-19T07:13:33.846-0700][gc,phases     ] GC(826)   Other: 0.5ms
[2021-04-19T07:13:33.846-0700][gc,heap       ] GC(826) Eden regions: 611->0(611)
[2021-04-19T07:13:33.846-0700][gc,heap       ] GC(826) Survivor regions: 3->3(77)
[2021-04-19T07:13:33.846-0700][gc,heap       ] GC(826) Old regions: 113->113
[2021-04-19T07:13:33.846-0700][gc,heap       ] GC(826) Humongous regions: 129->129
[2021-04-19T07:13:33.846-0700][gc,metaspace  ] GC(826) Metaspace: 41685K->41685K(1087488K)
[2021-04-19T07:13:33.846-0700][gc            ] GC(826) Pause Young (Normal) (G1 Evacuation Pause) 853M->242M(1024M) 7.347ms
[2021-04-19T07:13:33.846-0700][gc,cpu        ] GC(826) User=0.04s Sys=0.01s Real=0.00s
[2021-04-19T07:16:53.297-0700][gc,start      ] GC(827) Pause Young (Normal) (G1 Evacuation Pause)
[2021-04-19T07:16:53.297-0700][gc,task       ] GC(827) Using 8 workers of 8 for evacuation
[2021-04-19T07:16:53.304-0700][gc,phases     ] GC(827)   Pre Evacuate Collection Set: 0.0ms
[2021-04-19T07:16:53.304-0700][gc,phases     ] GC(827)   Evacuate Collection Set: 5.0ms
[2021-04-19T07:16:53.304-0700][gc,phases     ] GC(827)   Post Evacuate Collection Set: 1.3ms
[2021-04-19T07:16:53.304-0700][gc,phases     ] GC(827)   Other: 0.5ms
[2021-04-19T07:16:53.304-0700][gc,heap       ] GC(827) Eden regions: 611->0(611)
[2021-04-19T07:16:53.304-0700][gc,heap       ] GC(827) Survivor regions: 3->3(77)
[2021-04-19T07:16:53.304-0700][gc,heap       ] GC(827) Old regions: 113->113
[2021-04-19T07:16:53.304-0700][gc,heap       ] GC(827) Humongous regions: 129->129
[2021-04-19T07:16:53.304-0700][gc,metaspace  ] GC(827) Metaspace: 41685K->41685K(1087488K)
[2021-04-19T07:16:53.304-0700][gc            ] GC(827) Pause Young (Normal) (G1 Evacuation Pause) 853M->242M(1024M) 7.060ms
[2021-04-19T07:16:53.304-0700][gc,cpu        ] GC(827) User=0.04s Sys=0.00s Real=0.00s
[2021-04-19T07:20:12.919-0700][gc,start      ] GC(828) Pause Young (Normal) (G1 Evacuation Pause)
[2021-04-19T07:20:12.919-0700][gc,task       ] GC(828) Using 8 workers of 8 for evacuation
[2021-04-19T07:20:12.926-0700][gc,phases     ] GC(828)   Pre Evacuate Collection Set: 0.0ms
[2021-04-19T07:20:12.926-0700][gc,phases     ] GC(828)   Evacuate Collection Set: 4.9ms
[2021-04-19T07:20:12.926-0700][gc,phases     ] GC(828)   Post Evacuate Collection Set: 1.2ms
[2021-04-19T07:20:12.926-0700][gc,phases     ] GC(828)   Other: 0.5ms
[2021-04-19T07:20:12.926-0700][gc,heap       ] GC(828) Eden regions: 611->0(611)
[2021-04-19T07:20:12.926-0700][gc,heap       ] GC(828) Survivor regions: 3->3(77)
[2021-04-19T07:20:12.926-0700][gc,heap       ] GC(828) Old regions: 113->113
[2021-04-19T07:20:12.926-0700][gc,heap       ] GC(828) Humongous regions: 129->129
[2021-04-19T07:20:12.926-0700][gc,metaspace  ] GC(828) Metaspace: 41685K->41685K(1087488K)
[2021-04-19T07:20:12.926-0700][gc            ] GC(828) Pause Young (Normal) (G1 Evacuation Pause) 853M->242M(1024M) 6.875ms
[2021-04-19T07:20:12.926-0700][gc,cpu        ] GC(828) User=0.03s Sys=0.01s Real=0.00s
[2021-04-19T07:23:32.642-0700][gc,start      ] GC(829) Pause Young (Normal) (G1 Evacuation Pause)
[2021-04-19T07:23:32.642-0700][gc,task       ] GC(829) Using 8 workers of 8 for evacuation
[2021-04-19T07:23:32.644-0700][gc,phases     ] GC(829)   Pre Evacuate Collection Set: 0.0ms
[2021-04-19T07:23:32.644-0700][gc,phases     ] GC(829)   Evacuate Collection Set: 1.4ms
[2021-04-19T07:23:32.644-0700][gc,phases     ] GC(829)   Post Evacuate Collection Set: 0.5ms
[2021-04-19T07:23:32.644-0700][gc,phases     ] GC(829)   Other: 0.3ms
[2021-04-19T07:23:32.644-0700][gc,heap       ] GC(829) Eden regions: 611->0(611)
[2021-04-19T07:23:32.644-0700][gc,heap       ] GC(829) Survivor regions: 3->3(77)
[2021-04-19T07:23:32.644-0700][gc,heap       ] GC(829) Old regions: 113->113
[2021-04-19T07:23:32.644-0700][gc,heap       ] GC(829) Humongous regions: 129->129
[2021-04-19T07:23:32.644-0700][gc,metaspace  ] GC(829) Metaspace: 41685K->41685K(1087488K)
[2021-04-19T07:23:32.644-0700][gc            ] GC(829) Pause Young (Normal) (G1 Evacuation Pause) 853M->242M(1024M) 2.142ms
[2021-04-19T07:23:32.644-0700][gc,cpu        ] GC(829) User=0.00s Sys=0.00s Real=0.00s
[2021-04-19T07:26:52.293-0700][gc,start      ] GC(830) Pause Young (Normal) (G1 Evacuation Pause)
[2021-04-19T07:26:52.293-0700][gc,task       ] GC(830) Using 8 workers of 8 for evacuation
[2021-04-19T07:26:52.299-0700][gc,phases     ] GC(830)   Pre Evacuate Collection Set: 0.0ms
[2021-04-19T07:26:52.299-0700][gc,phases     ] GC(830)   Evacuate Collection Set: 4.5ms
[2021-04-19T07:26:52.299-0700][gc,phases     ] GC(830)   Post Evacuate Collection Set: 0.4ms
[2021-04-19T07:26:52.299-0700][gc,phases     ] GC(830)   Other: 0.4ms
[2021-04-19T07:26:52.299-0700][gc,heap       ] GC(830) Eden regions: 611->0(611)
[2021-04-19T07:26:52.299-0700][gc,heap       ] GC(830) Survivor regions: 3->3(77)
[2021-04-19T07:26:52.299-0700][gc,heap       ] GC(830) Old regions: 113->113
[2021-04-19T07:26:52.299-0700][gc,heap       ] GC(830) Humongous regions: 129->129
[2021-04-19T07:26:52.299-0700][gc,metaspace  ] GC(830) Metaspace: 41685K->41685K(1087488K)
[2021-04-19T07:26:52.299-0700][gc            ] GC(830) Pause Young (Normal) (G1 Evacuation Pause) 853M->241M(1024M) 5.410ms
[2021-04-19T07:26:52.299-0700][gc,cpu        ] GC(830) User=0.04s Sys=0.00s Real=0.01s
[2021-04-19T07:30:11.841-0700][gc,start      ] GC(831) Pause Young (Normal) (G1 Evacuation Pause)
[2021-04-19T07:30:11.841-0700][gc,task       ] GC(831) Using 8 workers of 8 for evacuation
[2021-04-19T07:30:11.848-0700][gc,phases     ] GC(831)   Pre Evacuate Collection Set: 0.0ms
[2021-04-19T07:30:11.848-0700][gc,phases     ] GC(831)   Evacuate Collection Set: 5.5ms
[2021-04-19T07:30:11.848-0700][gc,phases     ] GC(831)   Post Evacuate Collection Set: 0.5ms
[2021-04-19T07:30:11.848-0700][gc,phases     ] GC(831)   Other: 0.4ms
[2021-04-19T07:30:11.848-0700][gc,heap       ] GC(831) Eden regions: 611->0(610)
[2021-04-19T07:30:11.848-0700][gc,heap       ] GC(831) Survivor regions: 3->4(77)
[2021-04-19T07:30:11.848-0700][gc,heap       ] GC(831) Old regions: 113->113
[2021-04-19T07:30:11.848-0700][gc,heap       ] GC(831) Humongous regions: 129->129
[2021-04-19T07:30:11.848-0700][gc,metaspace  ] GC(831) Metaspace: 41685K->41685K(1087488K)
[2021-04-19T07:30:11.848-0700][gc            ] GC(831) Pause Young (Normal) (G1 Evacuation Pause) 852M->243M(1024M) 6.585ms
[2021-04-19T07:30:11.848-0700][gc,cpu        ] GC(831) User=0.04s Sys=0.00s Real=0.00s
[2021-04-19T07:33:30.965-0700][gc,start      ] GC(832) Pause Young (Normal) (G1 Evacuation Pause)
[2021-04-19T07:33:30.965-0700][gc,task       ] GC(832) Using 8 workers of 8 for evacuation
[2021-04-19T07:33:30.971-0700][gc,phases     ] GC(832)   Pre Evacuate Collection Set: 0.0ms
[2021-04-19T07:33:30.971-0700][gc,phases     ] GC(832)   Evacuate Collection Set: 5.8ms
[2021-04-19T07:33:30.971-0700][gc,phases     ] GC(832)   Post Evacuate Collection Set: 0.4ms
[2021-04-19T07:33:30.972-0700][gc,phases     ] GC(832)   Other: 0.4ms
[2021-04-19T07:33:30.972-0700][gc,heap       ] GC(832) Eden regions: 610->0(610)
[2021-04-19T07:33:30.972-0700][gc,heap       ] GC(832) Survivor regions: 4->4(77)
[2021-04-19T07:33:30.972-0700][gc,heap       ] GC(832) Old regions: 113->113
[2021-04-19T07:33:30.972-0700][gc,heap       ] GC(832) Humongous regions: 129->129
[2021-04-19T07:33:30.972-0700][gc,metaspace  ] GC(832) Metaspace: 41685K->41685K(1087488K)
[2021-04-19T07:33:30.972-0700][gc            ] GC(832) Pause Young (Normal) (G1 Evacuation Pause) 853M->242M(1024M) 6.739ms
[2021-04-19T07:33:30.972-0700][gc,cpu        ] GC(832) User=0.05s Sys=0.00s Real=0.01s
[2021-04-19T07:36:50.262-0700][gc,start      ] GC(833) Pause Young (Normal) (G1 Evacuation Pause)
[2021-04-19T07:36:50.262-0700][gc,task       ] GC(833) Using 8 workers of 8 for evacuation
[2021-04-19T07:36:50.269-0700][gc,phases     ] GC(833)   Pre Evacuate Collection Set: 0.0ms
[2021-04-19T07:36:50.269-0700][gc,phases     ] GC(833)   Evacuate Collection Set: 5.2ms
[2021-04-19T07:36:50.269-0700][gc,phases     ] GC(833)   Post Evacuate Collection Set: 1.1ms
[2021-04-19T07:36:50.269-0700][gc,phases     ] GC(833)   Other: 0.5ms
[2021-04-19T07:36:50.269-0700][gc,heap       ] GC(833) Eden regions: 610->0(611)
[2021-04-19T07:36:50.269-0700][gc,heap       ] GC(833) Survivor regions: 4->3(77)
[2021-04-19T07:36:50.269-0700][gc,heap       ] GC(833) Old regions: 113->113
[2021-04-19T07:36:50.269-0700][gc,heap       ] GC(833) Humongous regions: 129->129
[2021-04-19T07:36:50.269-0700][gc,metaspace  ] GC(833) Metaspace: 41694K->41694K(1087488K)
[2021-04-19T07:36:50.269-0700][gc            ] GC(833) Pause Young (Normal) (G1 Evacuation Pause) 852M->242M(1024M) 7.121ms
[2021-04-19T07:36:50.269-0700][gc,cpu        ] GC(833) User=0.04s Sys=0.00s Real=0.01s
[2021-04-19T07:40:10.035-0700][gc,start      ] GC(834) Pause Young (Normal) (G1 Evacuation Pause)
[2021-04-19T07:40:10.035-0700][gc,task       ] GC(834) Using 8 workers of 8 for evacuation
[2021-04-19T07:40:10.042-0700][gc,phases     ] GC(834)   Pre Evacuate Collection Set: 0.0ms
[2021-04-19T07:40:10.042-0700][gc,phases     ] GC(834)   Evacuate Collection Set: 5.3ms
[2021-04-19T07:40:10.042-0700][gc,phases     ] GC(834)   Post Evacuate Collection Set: 1.1ms
[2021-04-19T07:40:10.042-0700][gc,phases     ] GC(834)   Other: 0.5ms
[2021-04-19T07:40:10.042-0700][gc,heap       ] GC(834) Eden regions: 611->0(611)
[2021-04-19T07:40:10.042-0700][gc,heap       ] GC(834) Survivor regions: 3->3(77)
[2021-04-19T07:40:10.042-0700][gc,heap       ] GC(834) Old regions: 113->113
[2021-04-19T07:40:10.042-0700][gc,heap       ] GC(834) Humongous regions: 129->129
[2021-04-19T07:40:10.042-0700][gc,metaspace  ] GC(834) Metaspace: 41694K->41694K(1087488K)
[2021-04-19T07:40:10.042-0700][gc            ] GC(834) Pause Young (Normal) (G1 Evacuation Pause) 853M->242M(1024M) 7.136ms
[2021-04-19T07:40:10.043-0700][gc,cpu        ] GC(834) User=0.05s Sys=0.00s Real=0.01s
[2021-04-19T07:43:29.895-0700][gc,start      ] GC(835) Pause Young (Normal) (G1 Evacuation Pause)
[2021-04-19T07:43:29.896-0700][gc,task       ] GC(835) Using 8 workers of 8 for evacuation
[2021-04-19T07:43:29.902-0700][gc,phases     ] GC(835)   Pre Evacuate Collection Set: 0.0ms
[2021-04-19T07:43:29.902-0700][gc,phases     ] GC(835)   Evacuate Collection Set: 5.0ms
[2021-04-19T07:43:29.902-0700][gc,phases     ] GC(835)   Post Evacuate Collection Set: 1.1ms
[2021-04-19T07:43:29.902-0700][gc,phases     ] GC(835)   Other: 0.5ms
[2021-04-19T07:43:29.902-0700][gc,heap       ] GC(835) Eden regions: 611->0(611)
[2021-04-19T07:43:29.902-0700][gc,heap       ] GC(835) Survivor regions: 3->3(77)
[2021-04-19T07:43:29.902-0700][gc,heap       ] GC(835) Old regions: 113->113
[2021-04-19T07:43:29.902-0700][gc,heap       ] GC(835) Humongous regions: 129->129
[2021-04-19T07:43:29.902-0700][gc,metaspace  ] GC(835) Metaspace: 41694K->41694K(1087488K)
[2021-04-19T07:43:29.902-0700][gc            ] GC(835) Pause Young (Normal) (G1 Evacuation Pause) 853M->242M(1024M) 6.874ms
[2021-04-19T07:43:29.902-0700][gc,cpu        ] GC(835) User=0.04s Sys=0.00s Real=0.01s
[2021-04-19T07:46:49.694-0700][gc,start      ] GC(836) Pause Young (Normal) (G1 Evacuation Pause)
[2021-04-19T07:46:49.694-0700][gc,task       ] GC(836) Using 8 workers of 8 for evacuation
[2021-04-19T07:46:49.700-0700][gc,phases     ] GC(836)   Pre Evacuate Collection Set: 0.0ms
[2021-04-19T07:46:49.700-0700][gc,phases     ] GC(836)   Evacuate Collection Set: 4.8ms
[2021-04-19T07:46:49.700-0700][gc,phases     ] GC(836)   Post Evacuate Collection Set: 0.5ms
[2021-04-19T07:46:49.700-0700][gc,phases     ] GC(836)   Other: 0.5ms
[2021-04-19T07:46:49.700-0700][gc,heap       ] GC(836) Eden regions: 611->0(611)
[2021-04-19T07:46:49.700-0700][gc,heap       ] GC(836) Survivor regions: 3->3(77)
[2021-04-19T07:46:49.700-0700][gc,heap       ] GC(836) Old regions: 113->113
[2021-04-19T07:46:49.700-0700][gc,heap       ] GC(836) Humongous regions: 129->129
[2021-04-19T07:46:49.700-0700][gc,metaspace  ] GC(836) Metaspace: 41694K->41694K(1087488K)
[2021-04-19T07:46:49.700-0700][gc            ] GC(836) Pause Young (Normal) (G1 Evacuation Pause) 853M->242M(1024M) 5.830ms
[2021-04-19T07:46:49.700-0700][gc,cpu        ] GC(836) User=0.04s Sys=0.00s Real=0.01s
[2021-04-19T07:50:09.387-0700][gc,start      ] GC(837) Pause Young (Normal) (G1 Evacuation Pause)
[2021-04-19T07:50:09.387-0700][gc,task       ] GC(837) Using 8 workers of 8 for evacuation
[2021-04-19T07:50:09.394-0700][gc,phases     ] GC(837)   Pre Evacuate Collection Set: 0.0ms
[2021-04-19T07:50:09.394-0700][gc,phases     ] GC(837)   Evacuate Collection Set: 4.8ms
[2021-04-19T07:50:09.394-0700][gc,phases     ] GC(837)   Post Evacuate Collection Set: 1.3ms
[2021-04-19T07:50:09.394-0700][gc,phases     ] GC(837)   Other: 0.5ms
[2021-04-19T07:50:09.394-0700][gc,heap       ] GC(837) Eden regions: 611->0(611)
[2021-04-19T07:50:09.394-0700][gc,heap       ] GC(837) Survivor regions: 3->3(77)
[2021-04-19T07:50:09.394-0700][gc,heap       ] GC(837) Old regions: 113->113
[2021-04-19T07:50:09.394-0700][gc,heap       ] GC(837) Humongous regions: 129->129
[2021-04-19T07:50:09.394-0700][gc,metaspace  ] GC(837) Metaspace: 41694K->41694K(1087488K)
[2021-04-19T07:50:09.394-0700][gc            ] GC(837) Pause Young (Normal) (G1 Evacuation Pause) 853M->242M(1024M) 6.847ms
[2021-04-19T07:50:09.394-0700][gc,cpu        ] GC(837) User=0.04s Sys=0.00s Real=0.01s
[2021-04-19T07:53:29.053-0700][gc,start      ] GC(838) Pause Young (Normal) (G1 Evacuation Pause)
[2021-04-19T07:53:29.053-0700][gc,task       ] GC(838) Using 8 workers of 8 for evacuation
[2021-04-19T07:53:29.059-0700][gc,phases     ] GC(838)   Pre Evacuate Collection Set: 0.0ms
[2021-04-19T07:53:29.060-0700][gc,phases     ] GC(838)   Evacuate Collection Set: 4.5ms
[2021-04-19T07:53:29.060-0700][gc,phases     ] GC(838)   Post Evacuate Collection Set: 1.2ms
[2021-04-19T07:53:29.060-0700][gc,phases     ] GC(838)   Other: 0.4ms
[2021-04-19T07:53:29.060-0700][gc,heap       ] GC(838) Eden regions: 611->0(611)
[2021-04-19T07:53:29.060-0700][gc,heap       ] GC(838) Survivor regions: 3->3(77)
[2021-04-19T07:53:29.060-0700][gc,heap       ] GC(838) Old regions: 113->113
[2021-04-19T07:53:29.060-0700][gc,heap       ] GC(838) Humongous regions: 129->129
[2021-04-19T07:53:29.060-0700][gc,metaspace  ] GC(838) Metaspace: 41694K->41694K(1087488K)
[2021-04-19T07:53:29.060-0700][gc            ] GC(838) Pause Young (Normal) (G1 Evacuation Pause) 853M->242M(1024M) 6.447ms
[2021-04-19T07:53:29.060-0700][gc,cpu        ] GC(838) User=0.04s Sys=0.00s Real=0.01s
[2021-04-19T07:56:47.719-0700][gc,start      ] GC(839) Pause Young (Normal) (G1 Evacuation Pause)
[2021-04-19T07:56:47.719-0700][gc,task       ] GC(839) Using 8 workers of 8 for evacuation
[2021-04-19T07:56:47.727-0700][gc,phases     ] GC(839)   Pre Evacuate Collection Set: 0.0ms
[2021-04-19T07:56:47.727-0700][gc,phases     ] GC(839)   Evacuate Collection Set: 6.0ms
[2021-04-19T07:56:47.727-0700][gc,phases     ] GC(839)   Post Evacuate Collection Set: 1.1ms
[2021-04-19T07:56:47.727-0700][gc,phases     ] GC(839)   Other: 0.5ms
[2021-04-19T07:56:47.727-0700][gc,heap       ] GC(839) Eden regions: 611->0(610)
[2021-04-19T07:56:47.727-0700][gc,heap       ] GC(839) Survivor regions: 3->4(77)
[2021-04-19T07:56:47.727-0700][gc,heap       ] GC(839) Old regions: 113->113
[2021-04-19T07:56:47.727-0700][gc,heap       ] GC(839) Humongous regions: 129->129
[2021-04-19T07:56:47.727-0700][gc,metaspace  ] GC(839) Metaspace: 41696K->41696K(1087488K)
[2021-04-19T07:56:47.727-0700][gc            ] GC(839) Pause Young (Normal) (G1 Evacuation Pause) 853M->243M(1024M) 7.773ms
[2021-04-19T07:56:47.727-0700][gc,cpu        ] GC(839) User=0.06s Sys=0.00s Real=0.00s
[2021-04-19T08:00:07.068-0700][gc,start      ] GC(840) Pause Young (Normal) (G1 Evacuation Pause)
[2021-04-19T08:00:07.068-0700][gc,task       ] GC(840) Using 8 workers of 8 for evacuation
[2021-04-19T08:00:07.074-0700][gc,phases     ] GC(840)   Pre Evacuate Collection Set: 0.0ms
[2021-04-19T08:00:07.074-0700][gc,phases     ] GC(840)   Evacuate Collection Set: 4.8ms
[2021-04-19T08:00:07.074-0700][gc,phases     ] GC(840)   Post Evacuate Collection Set: 0.4ms
[2021-04-19T08:00:07.074-0700][gc,phases     ] GC(840)   Other: 0.4ms
[2021-04-19T08:00:07.074-0700][gc,heap       ] GC(840) Eden regions: 610->0(610)
[2021-04-19T08:00:07.074-0700][gc,heap       ] GC(840) Survivor regions: 4->4(77)
[2021-04-19T08:00:07.074-0700][gc,heap       ] GC(840) Old regions: 113->113
[2021-04-19T08:00:07.074-0700][gc,heap       ] GC(840) Humongous regions: 129->129
[2021-04-19T08:00:07.074-0700][gc,metaspace  ] GC(840) Metaspace: 41696K->41696K(1087488K)
[2021-04-19T08:00:07.074-0700][gc            ] GC(840) Pause Young (Normal) (G1 Evacuation Pause) 853M->242M(1024M) 5.737ms
[2021-04-19T08:00:07.074-0700][gc,cpu        ] GC(840) User=0.04s Sys=0.00s Real=0.01s
[2021-04-19T08:03:26.427-0700][gc,start      ] GC(841) Pause Young (Normal) (G1 Evacuation Pause)
[2021-04-19T08:03:26.427-0700][gc,task       ] GC(841) Using 8 workers of 8 for evacuation
[2021-04-19T08:03:26.434-0700][gc,phases     ] GC(841)   Pre Evacuate Collection Set: 0.0ms
[2021-04-19T08:03:26.434-0700][gc,phases     ] GC(841)   Evacuate Collection Set: 5.4ms
[2021-04-19T08:03:26.434-0700][gc,phases     ] GC(841)   Post Evacuate Collection Set: 1.1ms
[2021-04-19T08:03:26.434-0700][gc,phases     ] GC(841)   Other: 0.5ms
[2021-04-19T08:03:26.434-0700][gc,heap       ] GC(841) Eden regions: 610->0(611)
[2021-04-19T08:03:26.434-0700][gc,heap       ] GC(841) Survivor regions: 4->3(77)
[2021-04-19T08:03:26.434-0700][gc,heap       ] GC(841) Old regions: 113->113
[2021-04-19T08:03:26.434-0700][gc,heap       ] GC(841) Humongous regions: 129->129
[2021-04-19T08:03:26.434-0700][gc,metaspace  ] GC(841) Metaspace: 41696K->41696K(1087488K)
[2021-04-19T08:03:26.435-0700][gc            ] GC(841) Pause Young (Normal) (G1 Evacuation Pause) 852M->242M(1024M) 7.332ms
[2021-04-19T08:03:26.435-0700][gc,cpu        ] GC(841) User=0.05s Sys=0.00s Real=0.01s
[2021-04-19T08:06:45.933-0700][gc,start      ] GC(842) Pause Young (Normal) (G1 Evacuation Pause)
[2021-04-19T08:06:45.933-0700][gc,task       ] GC(842) Using 8 workers of 8 for evacuation
[2021-04-19T08:06:45.939-0700][gc,phases     ] GC(842)   Pre Evacuate Collection Set: 0.0ms
[2021-04-19T08:06:45.939-0700][gc,phases     ] GC(842)   Evacuate Collection Set: 5.1ms
[2021-04-19T08:06:45.939-0700][gc,phases     ] GC(842)   Post Evacuate Collection Set: 0.7ms
[2021-04-19T08:06:45.939-0700][gc,phases     ] GC(842)   Other: 0.4ms
[2021-04-19T08:06:45.939-0700][gc,heap       ] GC(842) Eden regions: 611->0(611)
[2021-04-19T08:06:45.939-0700][gc,heap       ] GC(842) Survivor regions: 3->3(77)
[2021-04-19T08:06:45.939-0700][gc,heap       ] GC(842) Old regions: 113->113
[2021-04-19T08:06:45.939-0700][gc,heap       ] GC(842) Humongous regions: 129->129
[2021-04-19T08:06:45.939-0700][gc,metaspace  ] GC(842) Metaspace: 41704K->41704K(1087488K)
[2021-04-19T08:06:45.940-0700][gc            ] GC(842) Pause Young (Normal) (G1 Evacuation Pause) 853M->242M(1024M) 6.290ms
[2021-04-19T08:06:45.940-0700][gc,cpu        ] GC(842) User=0.04s Sys=0.00s Real=0.01s
[2021-04-19T08:10:05.783-0700][gc,start      ] GC(843) Pause Young (Normal) (G1 Evacuation Pause)
[2021-04-19T08:10:05.783-0700][gc,task       ] GC(843) Using 8 workers of 8 for evacuation
[2021-04-19T08:10:05.790-0700][gc,phases     ] GC(843)   Pre Evacuate Collection Set: 0.0ms
[2021-04-19T08:10:05.790-0700][gc,phases     ] GC(843)   Evacuate Collection Set: 4.9ms
[2021-04-19T08:10:05.790-0700][gc,phases     ] GC(843)   Post Evacuate Collection Set: 1.3ms
[2021-04-19T08:10:05.790-0700][gc,phases     ] GC(843)   Other: 0.5ms
[2021-04-19T08:10:05.790-0700][gc,heap       ] GC(843) Eden regions: 611->0(611)
[2021-04-19T08:10:05.790-0700][gc,heap       ] GC(843) Survivor regions: 3->3(77)
[2021-04-19T08:10:05.790-0700][gc,heap       ] GC(843) Old regions: 113->113
[2021-04-19T08:10:05.790-0700][gc,heap       ] GC(843) Humongous regions: 129->129
[2021-04-19T08:10:05.790-0700][gc,metaspace  ] GC(843) Metaspace: 41704K->41704K(1087488K)
[2021-04-19T08:10:05.790-0700][gc            ] GC(843) Pause Young (Normal) (G1 Evacuation Pause) 853M->242M(1024M) 6.899ms
[2021-04-19T08:10:05.790-0700][gc,cpu        ] GC(843) User=0.05s Sys=0.00s Real=0.01s
[2021-04-19T08:13:25.596-0700][gc,start      ] GC(844) Pause Young (Normal) (G1 Evacuation Pause)
[2021-04-19T08:13:25.596-0700][gc,task       ] GC(844) Using 8 workers of 8 for evacuation
[2021-04-19T08:13:25.602-0700][gc,phases     ] GC(844)   Pre Evacuate Collection Set: 0.0ms
[2021-04-19T08:13:25.602-0700][gc,phases     ] GC(844)   Evacuate Collection Set: 4.6ms
[2021-04-19T08:13:25.602-0700][gc,phases     ] GC(844)   Post Evacuate Collection Set: 0.6ms
[2021-04-19T08:13:25.602-0700][gc,phases     ] GC(844)   Other: 0.5ms
[2021-04-19T08:13:25.602-0700][gc,heap       ] GC(844) Eden regions: 611->0(611)
[2021-04-19T08:13:25.602-0700][gc,heap       ] GC(844) Survivor regions: 3->3(77)
[2021-04-19T08:13:25.602-0700][gc,heap       ] GC(844) Old regions: 113->113
[2021-04-19T08:13:25.602-0700][gc,heap       ] GC(844) Humongous regions: 129->129
[2021-04-19T08:13:25.602-0700][gc,metaspace  ] GC(844) Metaspace: 41704K->41704K(1087488K)
[2021-04-19T08:13:25.602-0700][gc            ] GC(844) Pause Young (Normal) (G1 Evacuation Pause) 853M->242M(1024M) 5.755ms
[2021-04-19T08:13:25.602-0700][gc,cpu        ] GC(844) User=0.03s Sys=0.00s Real=0.01s
[2021-04-19T08:16:45.243-0700][gc,start      ] GC(845) Pause Young (Normal) (G1 Evacuation Pause)
[2021-04-19T08:16:45.243-0700][gc,task       ] GC(845) Using 8 workers of 8 for evacuation
[2021-04-19T08:16:45.249-0700][gc,phases     ] GC(845)   Pre Evacuate Collection Set: 0.0ms
[2021-04-19T08:16:45.249-0700][gc,phases     ] GC(845)   Evacuate Collection Set: 4.8ms
[2021-04-19T08:16:45.249-0700][gc,phases     ] GC(845)   Post Evacuate Collection Set: 1.2ms
[2021-04-19T08:16:45.249-0700][gc,phases     ] GC(845)   Other: 0.5ms
[2021-04-19T08:16:45.249-0700][gc,heap       ] GC(845) Eden regions: 611->0(611)
[2021-04-19T08:16:45.249-0700][gc,heap       ] GC(845) Survivor regions: 3->3(77)
[2021-04-19T08:16:45.249-0700][gc,heap       ] GC(845) Old regions: 113->113
[2021-04-19T08:16:45.249-0700][gc,heap       ] GC(845) Humongous regions: 129->129
[2021-04-19T08:16:45.249-0700][gc,metaspace  ] GC(845) Metaspace: 41708K->41708K(1087488K)
[2021-04-19T08:16:45.250-0700][gc            ] GC(845) Pause Young (Normal) (G1 Evacuation Pause) 853M->242M(1024M) 6.808ms
[2021-04-19T08:16:45.250-0700][gc,cpu        ] GC(845) User=0.03s Sys=0.01s Real=0.01s
[2021-04-19T08:20:04.988-0700][gc,start      ] GC(846) Pause Young (Normal) (G1 Evacuation Pause)
[2021-04-19T08:20:04.988-0700][gc,task       ] GC(846) Using 8 workers of 8 for evacuation
[2021-04-19T08:20:04.994-0700][gc,phases     ] GC(846)   Pre Evacuate Collection Set: 0.0ms
[2021-04-19T08:20:04.994-0700][gc,phases     ] GC(846)   Evacuate Collection Set: 4.6ms
[2021-04-19T08:20:04.994-0700][gc,phases     ] GC(846)   Post Evacuate Collection Set: 1.3ms
[2021-04-19T08:20:04.994-0700][gc,phases     ] GC(846)   Other: 0.5ms
[2021-04-19T08:20:04.994-0700][gc,heap       ] GC(846) Eden regions: 611->0(611)
[2021-04-19T08:20:04.994-0700][gc,heap       ] GC(846) Survivor regions: 3->3(77)
[2021-04-19T08:20:04.994-0700][gc,heap       ] GC(846) Old regions: 113->113
[2021-04-19T08:20:04.994-0700][gc,heap       ] GC(846) Humongous regions: 129->129
[2021-04-19T08:20:04.995-0700][gc,metaspace  ] GC(846) Metaspace: 41708K->41708K(1087488K)
[2021-04-19T08:20:04.995-0700][gc            ] GC(846) Pause Young (Normal) (G1 Evacuation Pause) 853M->242M(1024M) 6.747ms
[2021-04-19T08:20:04.995-0700][gc,cpu        ] GC(846) User=0.04s Sys=0.00s Real=0.01s
[2021-04-19T08:23:24.713-0700][gc,start      ] GC(847) Pause Young (Normal) (G1 Evacuation Pause)
[2021-04-19T08:23:24.713-0700][gc,task       ] GC(847) Using 8 workers of 8 for evacuation
[2021-04-19T08:23:24.719-0700][gc,phases     ] GC(847)   Pre Evacuate Collection Set: 0.0ms
[2021-04-19T08:23:24.719-0700][gc,phases     ] GC(847)   Evacuate Collection Set: 4.3ms
[2021-04-19T08:23:24.719-0700][gc,phases     ] GC(847)   Post Evacuate Collection Set: 1.3ms
[2021-04-19T08:23:24.719-0700][gc,phases     ] GC(847)   Other: 0.4ms
[2021-04-19T08:23:24.719-0700][gc,heap       ] GC(847) Eden regions: 611->0(611)
[2021-04-19T08:23:24.719-0700][gc,heap       ] GC(847) Survivor regions: 3->3(77)
[2021-04-19T08:23:24.719-0700][gc,heap       ] GC(847) Old regions: 113->113
[2021-04-19T08:23:24.719-0700][gc,heap       ] GC(847) Humongous regions: 129->129
[2021-04-19T08:23:24.719-0700][gc,metaspace  ] GC(847) Metaspace: 41708K->41708K(1087488K)
[2021-04-19T08:23:24.720-0700][gc            ] GC(847) Pause Young (Normal) (G1 Evacuation Pause) 853M->241M(1024M) 6.272ms
[2021-04-19T08:23:24.720-0700][gc,cpu        ] GC(847) User=0.04s Sys=0.00s Real=0.01s
[2021-04-19T08:26:44.306-0700][gc,start      ] GC(848) Pause Young (Normal) (G1 Evacuation Pause)
[2021-04-19T08:26:44.306-0700][gc,task       ] GC(848) Using 8 workers of 8 for evacuation
[2021-04-19T08:26:44.314-0700][gc,phases     ] GC(848)   Pre Evacuate Collection Set: 0.0ms
[2021-04-19T08:26:44.314-0700][gc,phases     ] GC(848)   Evacuate Collection Set: 6.2ms
[2021-04-19T08:26:44.314-0700][gc,phases     ] GC(848)   Post Evacuate Collection Set: 1.2ms
[2021-04-19T08:26:44.314-0700][gc,phases     ] GC(848)   Other: 0.5ms
[2021-04-19T08:26:44.314-0700][gc,heap       ] GC(848) Eden regions: 611->0(610)
[2021-04-19T08:26:44.314-0700][gc,heap       ] GC(848) Survivor regions: 3->4(77)
[2021-04-19T08:26:44.314-0700][gc,heap       ] GC(848) Old regions: 113->113
[2021-04-19T08:26:44.314-0700][gc,heap       ] GC(848) Humongous regions: 129->129
[2021-04-19T08:26:44.314-0700][gc,metaspace  ] GC(848) Metaspace: 41708K->41708K(1087488K)
[2021-04-19T08:26:44.315-0700][gc            ] GC(848) Pause Young (Normal) (G1 Evacuation Pause) 852M->243M(1024M) 8.147ms
[2021-04-19T08:26:44.315-0700][gc,cpu        ] GC(848) User=0.05s Sys=0.00s Real=0.01s
[2021-04-19T08:30:03.714-0700][gc,start      ] GC(849) Pause Young (Normal) (G1 Evacuation Pause)
[2021-04-19T08:30:03.714-0700][gc,task       ] GC(849) Using 8 workers of 8 for evacuation
[2021-04-19T08:30:03.722-0700][gc,phases     ] GC(849)   Pre Evacuate Collection Set: 0.0ms
[2021-04-19T08:30:03.722-0700][gc,phases     ] GC(849)   Evacuate Collection Set: 6.0ms
[2021-04-19T08:30:03.722-0700][gc,phases     ] GC(849)   Post Evacuate Collection Set: 1.3ms
[2021-04-19T08:30:03.722-0700][gc,phases     ] GC(849)   Other: 0.5ms
[2021-04-19T08:30:03.722-0700][gc,heap       ] GC(849) Eden regions: 610->0(610)
[2021-04-19T08:30:03.722-0700][gc,heap       ] GC(849) Survivor regions: 4->4(77)
[2021-04-19T08:30:03.722-0700][gc,heap       ] GC(849) Old regions: 113->113
[2021-04-19T08:30:03.722-0700][gc,heap       ] GC(849) Humongous regions: 129->129
[2021-04-19T08:30:03.722-0700][gc,metaspace  ] GC(849) Metaspace: 41708K->41708K(1087488K)
[2021-04-19T08:30:03.722-0700][gc            ] GC(849) Pause Young (Normal) (G1 Evacuation Pause) 853M->243M(1024M) 8.097ms
[2021-04-19T08:30:03.723-0700][gc,cpu        ] GC(849) User=0.05s Sys=0.00s Real=0.01s
[2021-04-19T08:33:22.983-0700][gc,start      ] GC(850) Pause Young (Normal) (G1 Evacuation Pause)
[2021-04-19T08:33:22.983-0700][gc,task       ] GC(850) Using 8 workers of 8 for evacuation
[2021-04-19T08:33:22.990-0700][gc,phases     ] GC(850)   Pre Evacuate Collection Set: 0.0ms
[2021-04-19T08:33:22.990-0700][gc,phases     ] GC(850)   Evacuate Collection Set: 5.4ms
[2021-04-19T08:33:22.990-0700][gc,phases     ] GC(850)   Post Evacuate Collection Set: 1.2ms
[2021-04-19T08:33:22.990-0700][gc,phases     ] GC(850)   Other: 0.5ms
[2021-04-19T08:33:22.990-0700][gc,heap       ] GC(850) Eden regions: 610->0(611)
[2021-04-19T08:33:22.990-0700][gc,heap       ] GC(850) Survivor regions: 4->3(77)
[2021-04-19T08:33:22.991-0700][gc,heap       ] GC(850) Old regions: 113->113
[2021-04-19T08:33:22.991-0700][gc,heap       ] GC(850) Humongous regions: 129->129
[2021-04-19T08:33:22.991-0700][gc,metaspace  ] GC(850) Metaspace: 41708K->41708K(1087488K)
[2021-04-19T08:33:22.991-0700][gc            ] GC(850) Pause Young (Normal) (G1 Evacuation Pause) 853M->242M(1024M) 7.319ms
[2021-04-19T08:33:22.991-0700][gc,cpu        ] GC(850) User=0.05s Sys=0.00s Real=0.01s
[2021-04-19T08:36:42.730-0700][gc,start      ] GC(851) Pause Young (Normal) (G1 Evacuation Pause)
[2021-04-19T08:36:42.730-0700][gc,task       ] GC(851) Using 8 workers of 8 for evacuation
[2021-04-19T08:36:42.737-0700][gc,phases     ] GC(851)   Pre Evacuate Collection Set: 0.0ms
[2021-04-19T08:36:42.737-0700][gc,phases     ] GC(851)   Evacuate Collection Set: 5.3ms
[2021-04-19T08:36:42.737-0700][gc,phases     ] GC(851)   Post Evacuate Collection Set: 1.1ms
[2021-04-19T08:36:42.737-0700][gc,phases     ] GC(851)   Other: 0.5ms
[2021-04-19T08:36:42.737-0700][gc,heap       ] GC(851) Eden regions: 611->0(611)
[2021-04-19T08:36:42.737-0700][gc,heap       ] GC(851) Survivor regions: 3->3(77)
[2021-04-19T08:36:42.737-0700][gc,heap       ] GC(851) Old regions: 113->113
[2021-04-19T08:36:42.737-0700][gc,heap       ] GC(851) Humongous regions: 129->129
[2021-04-19T08:36:42.737-0700][gc,metaspace  ] GC(851) Metaspace: 41708K->41708K(1087488K)
[2021-04-19T08:36:42.737-0700][gc            ] GC(851) Pause Young (Normal) (G1 Evacuation Pause) 853M->242M(1024M) 7.145ms
[2021-04-19T08:36:42.737-0700][gc,cpu        ] GC(851) User=0.04s Sys=0.00s Real=0.01s
[2021-04-19T08:40:02.664-0700][gc,start      ] GC(852) Pause Young (Normal) (G1 Evacuation Pause)
[2021-04-19T08:40:02.664-0700][gc,task       ] GC(852) Using 8 workers of 8 for evacuation
[2021-04-19T08:40:02.671-0700][gc,phases     ] GC(852)   Pre Evacuate Collection Set: 0.0ms
[2021-04-19T08:40:02.671-0700][gc,phases     ] GC(852)   Evacuate Collection Set: 5.3ms
[2021-04-19T08:40:02.671-0700][gc,phases     ] GC(852)   Post Evacuate Collection Set: 0.6ms
[2021-04-19T08:40:02.671-0700][gc,phases     ] GC(852)   Other: 0.5ms
[2021-04-19T08:40:02.671-0700][gc,heap       ] GC(852) Eden regions: 611->0(611)
[2021-04-19T08:40:02.671-0700][gc,heap       ] GC(852) Survivor regions: 3->3(77)
[2021-04-19T08:40:02.671-0700][gc,heap       ] GC(852) Old regions: 113->113
[2021-04-19T08:40:02.671-0700][gc,heap       ] GC(852) Humongous regions: 129->129
[2021-04-19T08:40:02.671-0700][gc,metaspace  ] GC(852) Metaspace: 41708K->41708K(1087488K)
[2021-04-19T08:40:02.671-0700][gc            ] GC(852) Pause Young (Normal) (G1 Evacuation Pause) 853M->242M(1024M) 6.360ms
[2021-04-19T08:40:02.671-0700][gc,cpu        ] GC(852) User=0.04s Sys=0.00s Real=0.01s
[2021-04-19T08:43:22.485-0700][gc,start      ] GC(853) Pause Young (Normal) (G1 Evacuation Pause)
[2021-04-19T08:43:22.485-0700][gc,task       ] GC(853) Using 8 workers of 8 for evacuation
[2021-04-19T08:43:22.492-0700][gc,phases     ] GC(853)   Pre Evacuate Collection Set: 0.1ms
[2021-04-19T08:43:22.492-0700][gc,phases     ] GC(853)   Evacuate Collection Set: 5.3ms
[2021-04-19T08:43:22.492-0700][gc,phases     ] GC(853)   Post Evacuate Collection Set: 1.1ms
[2021-04-19T08:43:22.492-0700][gc,phases     ] GC(853)   Other: 0.5ms
[2021-04-19T08:43:22.492-0700][gc,heap       ] GC(853) Eden regions: 611->0(611)
[2021-04-19T08:43:22.492-0700][gc,heap       ] GC(853) Survivor regions: 3->3(77)
[2021-04-19T08:43:22.492-0700][gc,heap       ] GC(853) Old regions: 113->113
[2021-04-19T08:43:22.492-0700][gc,heap       ] GC(853) Humongous regions: 129->129
[2021-04-19T08:43:22.492-0700][gc,metaspace  ] GC(853) Metaspace: 41708K->41708K(1087488K)
[2021-04-19T08:43:22.492-0700][gc            ] GC(853) Pause Young (Normal) (G1 Evacuation Pause) 853M->242M(1024M) 7.263ms
[2021-04-19T08:43:22.492-0700][gc,cpu        ] GC(853) User=0.04s Sys=0.00s Real=0.01s
[2021-04-19T08:46:42.162-0700][gc,start      ] GC(854) Pause Young (Normal) (G1 Evacuation Pause)
[2021-04-19T08:46:42.162-0700][gc,task       ] GC(854) Using 8 workers of 8 for evacuation
[2021-04-19T08:46:42.169-0700][gc,phases     ] GC(854)   Pre Evacuate Collection Set: 0.0ms
[2021-04-19T08:46:42.169-0700][gc,phases     ] GC(854)   Evacuate Collection Set: 5.0ms
[2021-04-19T08:46:42.169-0700][gc,phases     ] GC(854)   Post Evacuate Collection Set: 1.4ms
[2021-04-19T08:46:42.169-0700][gc,phases     ] GC(854)   Other: 0.4ms
[2021-04-19T08:46:42.169-0700][gc,heap       ] GC(854) Eden regions: 611->0(611)
[2021-04-19T08:46:42.169-0700][gc,heap       ] GC(854) Survivor regions: 3->3(77)
[2021-04-19T08:46:42.169-0700][gc,heap       ] GC(854) Old regions: 113->113
[2021-04-19T08:46:42.169-0700][gc,heap       ] GC(854) Humongous regions: 129->129
[2021-04-19T08:46:42.169-0700][gc,metaspace  ] GC(854) Metaspace: 41708K->41708K(1087488K)
[2021-04-19T08:46:42.169-0700][gc            ] GC(854) Pause Young (Normal) (G1 Evacuation Pause) 853M->242M(1024M) 7.020ms
[2021-04-19T08:46:42.169-0700][gc,cpu        ] GC(854) User=0.04s Sys=0.00s Real=0.01s
[2021-04-19T08:50:01.725-0700][gc,start      ] GC(855) Pause Young (Normal) (G1 Evacuation Pause)
[2021-04-19T08:50:01.725-0700][gc,task       ] GC(855) Using 8 workers of 8 for evacuation
[2021-04-19T08:50:01.732-0700][gc,phases     ] GC(855)   Pre Evacuate Collection Set: 0.0ms
[2021-04-19T08:50:01.732-0700][gc,phases     ] GC(855)   Evacuate Collection Set: 4.9ms
[2021-04-19T08:50:01.732-0700][gc,phases     ] GC(855)   Post Evacuate Collection Set: 1.1ms
[2021-04-19T08:50:01.732-0700][gc,phases     ] GC(855)   Other: 0.5ms
[2021-04-19T08:50:01.732-0700][gc,heap       ] GC(855) Eden regions: 611->0(611)
[2021-04-19T08:50:01.732-0700][gc,heap       ] GC(855) Survivor regions: 3->3(77)
[2021-04-19T08:50:01.732-0700][gc,heap       ] GC(855) Old regions: 113->113
[2021-04-19T08:50:01.732-0700][gc,heap       ] GC(855) Humongous regions: 129->129
[2021-04-19T08:50:01.732-0700][gc,metaspace  ] GC(855) Metaspace: 41708K->41708K(1087488K)
[2021-04-19T08:50:01.732-0700][gc            ] GC(855) Pause Young (Normal) (G1 Evacuation Pause) 853M->242M(1024M) 6.711ms
[2021-04-19T08:50:01.732-0700][gc,cpu        ] GC(855) User=0.04s Sys=0.00s Real=0.01s
[2021-04-19T08:53:21.315-0700][gc,start      ] GC(856) Pause Young (Normal) (G1 Evacuation Pause)
[2021-04-19T08:53:21.315-0700][gc,task       ] GC(856) Using 8 workers of 8 for evacuation
[2021-04-19T08:53:21.321-0700][gc,phases     ] GC(856)   Pre Evacuate Collection Set: 0.0ms
[2021-04-19T08:53:21.321-0700][gc,phases     ] GC(856)   Evacuate Collection Set: 4.6ms
[2021-04-19T08:53:21.321-0700][gc,phases     ] GC(856)   Post Evacuate Collection Set: 1.1ms
[2021-04-19T08:53:21.321-0700][gc,phases     ] GC(856)   Other: 0.5ms
[2021-04-19T08:53:21.321-0700][gc,heap       ] GC(856) Eden regions: 611->0(611)
[2021-04-19T08:53:21.321-0700][gc,heap       ] GC(856) Survivor regions: 3->3(77)
[2021-04-19T08:53:21.321-0700][gc,heap       ] GC(856) Old regions: 113->113
[2021-04-19T08:53:21.321-0700][gc,heap       ] GC(856) Humongous regions: 129->129
[2021-04-19T08:53:21.321-0700][gc,metaspace  ] GC(856) Metaspace: 41708K->41708K(1087488K)
[2021-04-19T08:53:21.321-0700][gc            ] GC(856) Pause Young (Normal) (G1 Evacuation Pause) 853M->242M(1024M) 6.390ms
[2021-04-19T08:53:21.321-0700][gc,cpu        ] GC(856) User=0.04s Sys=0.00s Real=0.01s
[2021-04-19T08:56:40.033-0700][gc,start      ] GC(857) Pause Young (Normal) (G1 Evacuation Pause)
[2021-04-19T08:56:40.033-0700][gc,task       ] GC(857) Using 8 workers of 8 for evacuation
[2021-04-19T08:56:40.040-0700][gc,phases     ] GC(857)   Pre Evacuate Collection Set: 0.0ms
[2021-04-19T08:56:40.040-0700][gc,phases     ] GC(857)   Evacuate Collection Set: 5.6ms
[2021-04-19T08:56:40.040-0700][gc,phases     ] GC(857)   Post Evacuate Collection Set: 0.4ms
[2021-04-19T08:56:40.040-0700][gc,phases     ] GC(857)   Other: 0.4ms
[2021-04-19T08:56:40.040-0700][gc,heap       ] GC(857) Eden regions: 611->0(610)
[2021-04-19T08:56:40.040-0700][gc,heap       ] GC(857) Survivor regions: 3->4(77)
[2021-04-19T08:56:40.040-0700][gc,heap       ] GC(857) Old regions: 113->113
[2021-04-19T08:56:40.040-0700][gc,heap       ] GC(857) Humongous regions: 129->129
[2021-04-19T08:56:40.040-0700][gc,metaspace  ] GC(857) Metaspace: 41708K->41708K(1087488K)
[2021-04-19T08:56:40.040-0700][gc            ] GC(857) Pause Young (Normal) (G1 Evacuation Pause) 853M->243M(1024M) 6.489ms
[2021-04-19T08:56:40.040-0700][gc,cpu        ] GC(857) User=0.04s Sys=0.00s Real=0.01s
[2021-04-19T08:59:59.535-0700][gc,start      ] GC(858) Pause Young (Normal) (G1 Evacuation Pause)
[2021-04-19T08:59:59.535-0700][gc,task       ] GC(858) Using 8 workers of 8 for evacuation
[2021-04-19T08:59:59.541-0700][gc,phases     ] GC(858)   Pre Evacuate Collection Set: 0.0ms
[2021-04-19T08:59:59.541-0700][gc,phases     ] GC(858)   Evacuate Collection Set: 5.1ms
[2021-04-19T08:59:59.541-0700][gc,phases     ] GC(858)   Post Evacuate Collection Set: 0.4ms
[2021-04-19T08:59:59.541-0700][gc,phases     ] GC(858)   Other: 0.4ms
[2021-04-19T08:59:59.541-0700][gc,heap       ] GC(858) Eden regions: 610->0(611)
[2021-04-19T08:59:59.541-0700][gc,heap       ] GC(858) Survivor regions: 4->3(77)
[2021-04-19T08:59:59.541-0700][gc,heap       ] GC(858) Old regions: 113->113
[2021-04-19T08:59:59.541-0700][gc,heap       ] GC(858) Humongous regions: 129->129
[2021-04-19T08:59:59.541-0700][gc,metaspace  ] GC(858) Metaspace: 41708K->41708K(1087488K)
[2021-04-19T08:59:59.541-0700][gc            ] GC(858) Pause Young (Normal) (G1 Evacuation Pause) 853M->243M(1024M) 5.959ms
[2021-04-19T08:59:59.541-0700][gc,cpu        ] GC(858) User=0.04s Sys=0.00s Real=0.01s
[2021-04-19T09:03:19.085-0700][gc,start      ] GC(859) Pause Young (Normal) (G1 Evacuation Pause)
[2021-04-19T09:03:19.085-0700][gc,task       ] GC(859) Using 8 workers of 8 for evacuation
[2021-04-19T09:03:19.092-0700][gc,phases     ] GC(859)   Pre Evacuate Collection Set: 0.1ms
[2021-04-19T09:03:19.092-0700][gc,phases     ] GC(859)   Evacuate Collection Set: 5.3ms
[2021-04-19T09:03:19.092-0700][gc,phases     ] GC(859)   Post Evacuate Collection Set: 1.1ms
[2021-04-19T09:03:19.092-0700][gc,phases     ] GC(859)   Other: 0.6ms
[2021-04-19T09:03:19.092-0700][gc,heap       ] GC(859) Eden regions: 611->0(611)
[2021-04-19T09:03:19.092-0700][gc,heap       ] GC(859) Survivor regions: 3->3(77)
[2021-04-19T09:03:19.092-0700][gc,heap       ] GC(859) Old regions: 113->113
[2021-04-19T09:03:19.092-0700][gc,heap       ] GC(859) Humongous regions: 129->129
[2021-04-19T09:03:19.092-0700][gc,metaspace  ] GC(859) Metaspace: 41708K->41708K(1087488K)
[2021-04-19T09:03:19.092-0700][gc            ] GC(859) Pause Young (Normal) (G1 Evacuation Pause) 854M->242M(1024M) 7.236ms
[2021-04-19T09:03:19.092-0700][gc,cpu        ] GC(859) User=0.04s Sys=0.01s Real=0.01s
[2021-04-19T09:06:38.456-0700][gc,start      ] GC(860) Pause Young (Normal) (G1 Evacuation Pause)
[2021-04-19T09:06:38.456-0700][gc,task       ] GC(860) Using 8 workers of 8 for evacuation
[2021-04-19T09:06:38.463-0700][gc,phases     ] GC(860)   Pre Evacuate Collection Set: 0.0ms
[2021-04-19T09:06:38.463-0700][gc,phases     ] GC(860)   Evacuate Collection Set: 5.3ms
[2021-04-19T09:06:38.463-0700][gc,phases     ] GC(860)   Post Evacuate Collection Set: 1.3ms
[2021-04-19T09:06:38.463-0700][gc,phases     ] GC(860)   Other: 0.5ms
[2021-04-19T09:06:38.463-0700][gc,heap       ] GC(860) Eden regions: 611->0(611)
[2021-04-19T09:06:38.463-0700][gc,heap       ] GC(860) Survivor regions: 3->3(77)
[2021-04-19T09:06:38.463-0700][gc,heap       ] GC(860) Old regions: 113->113
[2021-04-19T09:06:38.463-0700][gc,heap       ] GC(860) Humongous regions: 129->129
[2021-04-19T09:06:38.463-0700][gc,metaspace  ] GC(860) Metaspace: 41708K->41708K(1087488K)
[2021-04-19T09:06:38.463-0700][gc            ] GC(860) Pause Young (Normal) (G1 Evacuation Pause) 853M->242M(1024M) 7.352ms
[2021-04-19T09:06:38.463-0700][gc,cpu        ] GC(860) User=0.04s Sys=0.00s Real=0.01s
[2021-04-19T09:09:58.147-0700][gc,start      ] GC(861) Pause Young (Normal) (G1 Evacuation Pause)
[2021-04-19T09:09:58.147-0700][gc,task       ] GC(861) Using 8 workers of 8 for evacuation
[2021-04-19T09:09:58.154-0700][gc,phases     ] GC(861)   Pre Evacuate Collection Set: 0.0ms
[2021-04-19T09:09:58.154-0700][gc,phases     ] GC(861)   Evacuate Collection Set: 4.8ms
[2021-04-19T09:09:58.154-0700][gc,phases     ] GC(861)   Post Evacuate Collection Set: 1.3ms
[2021-04-19T09:09:58.154-0700][gc,phases     ] GC(861)   Other: 0.6ms
[2021-04-19T09:09:58.154-0700][gc,heap       ] GC(861) Eden regions: 611->0(611)
[2021-04-19T09:09:58.154-0700][gc,heap       ] GC(861) Survivor regions: 3->3(77)
[2021-04-19T09:09:58.154-0700][gc,heap       ] GC(861) Old regions: 113->113
[2021-04-19T09:09:58.154-0700][gc,heap       ] GC(861) Humongous regions: 129->129
[2021-04-19T09:09:58.154-0700][gc,metaspace  ] GC(861) Metaspace: 41708K->41708K(1087488K)
[2021-04-19T09:09:58.154-0700][gc            ] GC(861) Pause Young (Normal) (G1 Evacuation Pause) 853M->242M(1024M) 6.926ms
[2021-04-19T09:09:58.154-0700][gc,cpu        ] GC(861) User=0.03s Sys=0.00s Real=0.01s
[2021-04-19T09:13:18.012-0700][gc,start      ] GC(862) Pause Young (Normal) (G1 Evacuation Pause)
[2021-04-19T09:13:18.012-0700][gc,task       ] GC(862) Using 8 workers of 8 for evacuation
[2021-04-19T09:13:18.019-0700][gc,phases     ] GC(862)   Pre Evacuate Collection Set: 0.0ms
[2021-04-19T09:13:18.019-0700][gc,phases     ] GC(862)   Evacuate Collection Set: 4.9ms
[2021-04-19T09:13:18.019-0700][gc,phases     ] GC(862)   Post Evacuate Collection Set: 1.3ms
[2021-04-19T09:13:18.019-0700][gc,phases     ] GC(862)   Other: 0.5ms
[2021-04-19T09:13:18.019-0700][gc,heap       ] GC(862) Eden regions: 611->0(611)
[2021-04-19T09:13:18.019-0700][gc,heap       ] GC(862) Survivor regions: 3->3(77)
[2021-04-19T09:13:18.019-0700][gc,heap       ] GC(862) Old regions: 113->113
[2021-04-19T09:13:18.019-0700][gc,heap       ] GC(862) Humongous regions: 129->129
[2021-04-19T09:13:18.019-0700][gc,metaspace  ] GC(862) Metaspace: 41708K->41708K(1087488K)
[2021-04-19T09:13:18.019-0700][gc            ] GC(862) Pause Young (Normal) (G1 Evacuation Pause) 853M->242M(1024M) 6.909ms
[2021-04-19T09:13:18.019-0700][gc,cpu        ] GC(862) User=0.04s Sys=0.00s Real=0.01s
[2021-04-19T09:16:37.193-0700][gc,start      ] GC(863) Pause Young (Normal) (G1 Evacuation Pause)
[2021-04-19T09:16:37.193-0700][gc,task       ] GC(863) Using 8 workers of 8 for evacuation
[2021-04-19T09:16:37.202-0700][gc,phases     ] GC(863)   Pre Evacuate Collection Set: 0.0ms
[2021-04-19T09:16:37.202-0700][gc,phases     ] GC(863)   Evacuate Collection Set: 7.4ms
[2021-04-19T09:16:37.202-0700][gc,phases     ] GC(863)   Post Evacuate Collection Set: 1.1ms
[2021-04-19T09:16:37.202-0700][gc,phases     ] GC(863)   Other: 0.5ms
[2021-04-19T09:16:37.202-0700][gc,heap       ] GC(863) Eden regions: 611->0(611)
[2021-04-19T09:16:37.202-0700][gc,heap       ] GC(863) Survivor regions: 3->3(77)
[2021-04-19T09:16:37.202-0700][gc,heap       ] GC(863) Old regions: 113->113
[2021-04-19T09:16:37.202-0700][gc,heap       ] GC(863) Humongous regions: 129->129
[2021-04-19T09:16:37.202-0700][gc,metaspace  ] GC(863) Metaspace: 41708K->41708K(1087488K)
[2021-04-19T09:16:37.202-0700][gc            ] GC(863) Pause Young (Normal) (G1 Evacuation Pause) 853M->242M(1024M) 9.218ms
[2021-04-19T09:16:37.202-0700][gc,cpu        ] GC(863) User=0.05s Sys=0.00s Real=0.01s
[2021-04-19T09:19:56.506-0700][gc,start      ] GC(864) Pause Young (Normal) (G1 Evacuation Pause)
[2021-04-19T09:19:56.506-0700][gc,task       ] GC(864) Using 8 workers of 8 for evacuation
[2021-04-19T09:19:56.509-0700][gc,phases     ] GC(864)   Pre Evacuate Collection Set: 0.0ms
[2021-04-19T09:19:56.509-0700][gc,phases     ] GC(864)   Evacuate Collection Set: 2.5ms
[2021-04-19T09:19:56.509-0700][gc,phases     ] GC(864)   Post Evacuate Collection Set: 0.5ms
[2021-04-19T09:19:56.509-0700][gc,phases     ] GC(864)   Other: 0.2ms
[2021-04-19T09:19:56.509-0700][gc,heap       ] GC(864) Eden regions: 611->0(611)
[2021-04-19T09:19:56.509-0700][gc,heap       ] GC(864) Survivor regions: 3->3(77)
[2021-04-19T09:19:56.509-0700][gc,heap       ] GC(864) Old regions: 113->113
[2021-04-19T09:19:56.509-0700][gc,heap       ] GC(864) Humongous regions: 129->129
[2021-04-19T09:19:56.509-0700][gc,metaspace  ] GC(864) Metaspace: 41708K->41708K(1087488K)
[2021-04-19T09:19:56.509-0700][gc            ] GC(864) Pause Young (Normal) (G1 Evacuation Pause) 853M->242M(1024M) 3.333ms
[2021-04-19T09:19:56.509-0700][gc,cpu        ] GC(864) User=0.02s Sys=0.00s Real=0.01s
[2021-04-19T09:23:22.747-0700][gc,start      ] GC(865) Pause Young (Normal) (G1 Evacuation Pause)
[2021-04-19T09:23:22.747-0700][gc,task       ] GC(865) Using 8 workers of 8 for evacuation
[2021-04-19T09:23:22.753-0700][gc,phases     ] GC(865)   Pre Evacuate Collection Set: 0.0ms
[2021-04-19T09:23:22.753-0700][gc,phases     ] GC(865)   Evacuate Collection Set: 4.7ms
[2021-04-19T09:23:22.753-0700][gc,phases     ] GC(865)   Post Evacuate Collection Set: 1.5ms
[2021-04-19T09:23:22.753-0700][gc,phases     ] GC(865)   Other: 0.5ms
[2021-04-19T09:23:22.753-0700][gc,heap       ] GC(865) Eden regions: 611->0(612)
[2021-04-19T09:23:22.753-0700][gc,heap       ] GC(865) Survivor regions: 3->2(77)
[2021-04-19T09:23:22.753-0700][gc,heap       ] GC(865) Old regions: 113->113
[2021-04-19T09:23:22.753-0700][gc,heap       ] GC(865) Humongous regions: 129->129
[2021-04-19T09:23:22.753-0700][gc,metaspace  ] GC(865) Metaspace: 41708K->41708K(1087488K)
[2021-04-19T09:23:22.753-0700][gc            ] GC(865) Pause Young (Normal) (G1 Evacuation Pause) 853M->242M(1024M) 6.865ms
[2021-04-19T09:23:22.753-0700][gc,cpu        ] GC(865) User=0.04s Sys=0.00s Real=0.01s
[2021-04-19T09:26:50.620-0700][gc,start      ] GC(866) Pause Young (Normal) (G1 Evacuation Pause)
[2021-04-19T09:26:50.620-0700][gc,task       ] GC(866) Using 8 workers of 8 for evacuation
[2021-04-19T09:26:50.626-0700][gc,phases     ] GC(866)   Pre Evacuate Collection Set: 0.0ms
[2021-04-19T09:26:50.626-0700][gc,phases     ] GC(866)   Evacuate Collection Set: 4.7ms
[2021-04-19T09:26:50.626-0700][gc,phases     ] GC(866)   Post Evacuate Collection Set: 1.2ms
[2021-04-19T09:26:50.626-0700][gc,phases     ] GC(866)   Other: 0.5ms
[2021-04-19T09:26:50.626-0700][gc,heap       ] GC(866) Eden regions: 612->0(612)
[2021-04-19T09:26:50.626-0700][gc,heap       ] GC(866) Survivor regions: 2->2(77)
[2021-04-19T09:26:50.626-0700][gc,heap       ] GC(866) Old regions: 113->113
[2021-04-19T09:26:50.626-0700][gc,heap       ] GC(866) Humongous regions: 129->129
[2021-04-19T09:26:50.626-0700][gc,metaspace  ] GC(866) Metaspace: 41712K->41712K(1087488K)
[2021-04-19T09:26:50.626-0700][gc            ] GC(866) Pause Young (Normal) (G1 Evacuation Pause) 854M->242M(1024M) 6.612ms
[2021-04-19T09:26:50.626-0700][gc,cpu        ] GC(866) User=0.04s Sys=0.00s Real=0.00s
[2021-04-19T09:30:18.600-0700][gc,start      ] GC(867) Pause Young (Normal) (G1 Evacuation Pause)
[2021-04-19T09:30:18.600-0700][gc,task       ] GC(867) Using 8 workers of 8 for evacuation
[2021-04-19T09:30:18.608-0700][gc,phases     ] GC(867)   Pre Evacuate Collection Set: 0.0ms
[2021-04-19T09:30:18.608-0700][gc,phases     ] GC(867)   Evacuate Collection Set: 6.1ms
[2021-04-19T09:30:18.608-0700][gc,phases     ] GC(867)   Post Evacuate Collection Set: 1.3ms
[2021-04-19T09:30:18.608-0700][gc,phases     ] GC(867)   Other: 0.5ms
[2021-04-19T09:30:18.608-0700][gc,heap       ] GC(867) Eden regions: 612->0(610)
[2021-04-19T09:30:18.608-0700][gc,heap       ] GC(867) Survivor regions: 2->4(77)
[2021-04-19T09:30:18.608-0700][gc,heap       ] GC(867) Old regions: 113->113
[2021-04-19T09:30:18.608-0700][gc,heap       ] GC(867) Humongous regions: 129->129
[2021-04-19T09:30:18.608-0700][gc,metaspace  ] GC(867) Metaspace: 41712K->41712K(1087488K)
[2021-04-19T09:30:18.608-0700][gc            ] GC(867) Pause Young (Normal) (G1 Evacuation Pause) 854M->243M(1024M) 8.119ms
[2021-04-19T09:30:18.608-0700][gc,cpu        ] GC(867) User=0.03s Sys=0.02s Real=0.00s
[2021-04-19T09:33:46.345-0700][gc,start      ] GC(868) Pause Young (Normal) (G1 Evacuation Pause)
[2021-04-19T09:33:46.345-0700][gc,task       ] GC(868) Using 8 workers of 8 for evacuation
[2021-04-19T09:33:46.352-0700][gc,phases     ] GC(868)   Pre Evacuate Collection Set: 0.0ms
[2021-04-19T09:33:46.352-0700][gc,phases     ] GC(868)   Evacuate Collection Set: 5.8ms
[2021-04-19T09:33:46.352-0700][gc,phases     ] GC(868)   Post Evacuate Collection Set: 1.1ms
[2021-04-19T09:33:46.352-0700][gc,phases     ] GC(868)   Other: 0.5ms
[2021-04-19T09:33:46.352-0700][gc,heap       ] GC(868) Eden regions: 610->0(610)
[2021-04-19T09:33:46.352-0700][gc,heap       ] GC(868) Survivor regions: 4->4(77)
[2021-04-19T09:33:46.352-0700][gc,heap       ] GC(868) Old regions: 113->113
[2021-04-19T09:33:46.352-0700][gc,heap       ] GC(868) Humongous regions: 129->129
[2021-04-19T09:33:46.352-0700][gc,metaspace  ] GC(868) Metaspace: 41712K->41712K(1087488K)
[2021-04-19T09:33:46.352-0700][gc            ] GC(868) Pause Young (Normal) (G1 Evacuation Pause) 853M->243M(1024M) 7.656ms
[2021-04-19T09:33:46.353-0700][gc,cpu        ] GC(868) User=0.04s Sys=0.00s Real=0.01s
[2021-04-19T09:37:13.883-0700][gc,start      ] GC(869) Pause Young (Normal) (G1 Evacuation Pause)
[2021-04-19T09:37:13.883-0700][gc,task       ] GC(869) Using 8 workers of 8 for evacuation
[2021-04-19T09:37:13.890-0700][gc,phases     ] GC(869)   Pre Evacuate Collection Set: 0.0ms
[2021-04-19T09:37:13.890-0700][gc,phases     ] GC(869)   Evacuate Collection Set: 5.6ms
[2021-04-19T09:37:13.890-0700][gc,phases     ] GC(869)   Post Evacuate Collection Set: 1.3ms
[2021-04-19T09:37:13.890-0700][gc,phases     ] GC(869)   Other: 0.5ms
[2021-04-19T09:37:13.890-0700][gc,heap       ] GC(869) Eden regions: 610->0(611)
[2021-04-19T09:37:13.891-0700][gc,heap       ] GC(869) Survivor regions: 4->3(77)
[2021-04-19T09:37:13.891-0700][gc,heap       ] GC(869) Old regions: 113->113
[2021-04-19T09:37:13.891-0700][gc,heap       ] GC(869) Humongous regions: 129->129
[2021-04-19T09:37:13.891-0700][gc,metaspace  ] GC(869) Metaspace: 41716K->41716K(1087488K)
[2021-04-19T09:37:13.891-0700][gc            ] GC(869) Pause Young (Normal) (G1 Evacuation Pause) 853M->243M(1024M) 7.579ms
[2021-04-19T09:37:13.891-0700][gc,cpu        ] GC(869) User=0.04s Sys=0.00s Real=0.01s
[2021-04-19T09:40:41.741-0700][gc,start      ] GC(870) Pause Young (Normal) (G1 Evacuation Pause)
[2021-04-19T09:40:41.741-0700][gc,task       ] GC(870) Using 8 workers of 8 for evacuation
[2021-04-19T09:40:41.748-0700][gc,phases     ] GC(870)   Pre Evacuate Collection Set: 0.0ms
[2021-04-19T09:40:41.748-0700][gc,phases     ] GC(870)   Evacuate Collection Set: 5.4ms
[2021-04-19T09:40:41.748-0700][gc,phases     ] GC(870)   Post Evacuate Collection Set: 1.2ms
[2021-04-19T09:40:41.748-0700][gc,phases     ] GC(870)   Other: 0.5ms
[2021-04-19T09:40:41.748-0700][gc,heap       ] GC(870) Eden regions: 611->0(611)
[2021-04-19T09:40:41.748-0700][gc,heap       ] GC(870) Survivor regions: 3->3(77)
[2021-04-19T09:40:41.748-0700][gc,heap       ] GC(870) Old regions: 113->113
[2021-04-19T09:40:41.748-0700][gc,heap       ] GC(870) Humongous regions: 129->129
[2021-04-19T09:40:41.748-0700][gc,metaspace  ] GC(870) Metaspace: 41716K->41716K(1087488K)
[2021-04-19T09:40:41.748-0700][gc            ] GC(870) Pause Young (Normal) (G1 Evacuation Pause) 854M->243M(1024M) 7.258ms
[2021-04-19T09:40:41.748-0700][gc,cpu        ] GC(870) User=0.05s Sys=0.01s Real=0.00s
[2021-04-19T09:44:09.902-0700][gc,start      ] GC(871) Pause Young (Normal) (G1 Evacuation Pause)
[2021-04-19T09:44:09.902-0700][gc,task       ] GC(871) Using 8 workers of 8 for evacuation
[2021-04-19T09:44:09.909-0700][gc,phases     ] GC(871)   Pre Evacuate Collection Set: 0.0ms
[2021-04-19T09:44:09.909-0700][gc,phases     ] GC(871)   Evacuate Collection Set: 5.2ms
[2021-04-19T09:44:09.909-0700][gc,phases     ] GC(871)   Post Evacuate Collection Set: 1.3ms
[2021-04-19T09:44:09.909-0700][gc,phases     ] GC(871)   Other: 0.5ms
[2021-04-19T09:44:09.909-0700][gc,heap       ] GC(871) Eden regions: 611->0(611)
[2021-04-19T09:44:09.909-0700][gc,heap       ] GC(871) Survivor regions: 3->3(77)
[2021-04-19T09:44:09.909-0700][gc,heap       ] GC(871) Old regions: 113->113
[2021-04-19T09:44:09.909-0700][gc,heap       ] GC(871) Humongous regions: 129->129
[2021-04-19T09:44:09.909-0700][gc,metaspace  ] GC(871) Metaspace: 41716K->41716K(1087488K)
[2021-04-19T09:44:09.909-0700][gc            ] GC(871) Pause Young (Normal) (G1 Evacuation Pause) 854M->242M(1024M) 7.200ms
[2021-04-19T09:44:09.910-0700][gc,cpu        ] GC(871) User=0.04s Sys=0.00s Real=0.01s
[2021-04-19T09:47:37.883-0700][gc,start      ] GC(872) Pause Young (Normal) (G1 Evacuation Pause)
[2021-04-19T09:47:37.883-0700][gc,task       ] GC(872) Using 8 workers of 8 for evacuation
[2021-04-19T09:47:37.890-0700][gc,phases     ] GC(872)   Pre Evacuate Collection Set: 0.0ms
[2021-04-19T09:47:37.890-0700][gc,phases     ] GC(872)   Evacuate Collection Set: 5.2ms
[2021-04-19T09:47:37.890-0700][gc,phases     ] GC(872)   Post Evacuate Collection Set: 1.3ms
[2021-04-19T09:47:37.890-0700][gc,phases     ] GC(872)   Other: 0.5ms
[2021-04-19T09:47:37.890-0700][gc,heap       ] GC(872) Eden regions: 611->0(611)
[2021-04-19T09:47:37.890-0700][gc,heap       ] GC(872) Survivor regions: 3->3(77)
[2021-04-19T09:47:37.890-0700][gc,heap       ] GC(872) Old regions: 113->113
[2021-04-19T09:47:37.890-0700][gc,heap       ] GC(872) Humongous regions: 129->129
[2021-04-19T09:47:37.891-0700][gc,metaspace  ] GC(872) Metaspace: 41716K->41716K(1087488K)
[2021-04-19T09:47:37.891-0700][gc            ] GC(872) Pause Young (Normal) (G1 Evacuation Pause) 853M->242M(1024M) 7.234ms
[2021-04-19T09:47:37.891-0700][gc,cpu        ] GC(872) User=0.05s Sys=0.00s Real=0.01s
[2021-04-19T09:51:04.521-0700][gc,start      ] GC(873) Pause Young (Normal) (G1 Evacuation Pause)
[2021-04-19T09:51:04.521-0700][gc,task       ] GC(873) Using 8 workers of 8 for evacuation
[2021-04-19T09:51:04.527-0700][gc,phases     ] GC(873)   Pre Evacuate Collection Set: 0.0ms
[2021-04-19T09:51:04.528-0700][gc,phases     ] GC(873)   Evacuate Collection Set: 4.9ms
[2021-04-19T09:51:04.528-0700][gc,phases     ] GC(873)   Post Evacuate Collection Set: 1.1ms
[2021-04-19T09:51:04.528-0700][gc,phases     ] GC(873)   Other: 0.5ms
[2021-04-19T09:51:04.528-0700][gc,heap       ] GC(873) Eden regions: 611->0(611)
[2021-04-19T09:51:04.528-0700][gc,heap       ] GC(873) Survivor regions: 3->3(77)
[2021-04-19T09:51:04.528-0700][gc,heap       ] GC(873) Old regions: 113->113
[2021-04-19T09:51:04.528-0700][gc,heap       ] GC(873) Humongous regions: 129->129
[2021-04-19T09:51:04.528-0700][gc,metaspace  ] GC(873) Metaspace: 41729K->41729K(1087488K)
[2021-04-19T09:51:04.528-0700][gc            ] GC(873) Pause Young (Normal) (G1 Evacuation Pause) 853M->242M(1024M) 6.723ms
[2021-04-19T09:51:04.528-0700][gc,cpu        ] GC(873) User=0.02s Sys=0.01s Real=0.00s
[2021-04-19T09:54:22.997-0700][gc,start      ] GC(874) Pause Young (Normal) (G1 Evacuation Pause)
[2021-04-19T09:54:22.997-0700][gc,task       ] GC(874) Using 8 workers of 8 for evacuation
[2021-04-19T09:54:23.005-0700][gc,phases     ] GC(874)   Pre Evacuate Collection Set: 0.0ms
[2021-04-19T09:54:23.005-0700][gc,phases     ] GC(874)   Evacuate Collection Set: 6.0ms
[2021-04-19T09:54:23.005-0700][gc,phases     ] GC(874)   Post Evacuate Collection Set: 1.3ms
[2021-04-19T09:54:23.005-0700][gc,phases     ] GC(874)   Other: 0.5ms
[2021-04-19T09:54:23.005-0700][gc,heap       ] GC(874) Eden regions: 611->0(610)
[2021-04-19T09:54:23.005-0700][gc,heap       ] GC(874) Survivor regions: 3->4(77)
[2021-04-19T09:54:23.005-0700][gc,heap       ] GC(874) Old regions: 113->113
[2021-04-19T09:54:23.005-0700][gc,heap       ] GC(874) Humongous regions: 129->129
[2021-04-19T09:54:23.005-0700][gc,metaspace  ] GC(874) Metaspace: 41729K->41729K(1087488K)
[2021-04-19T09:54:23.005-0700][gc            ] GC(874) Pause Young (Normal) (G1 Evacuation Pause) 853M->243M(1024M) 8.006ms
[2021-04-19T09:54:23.005-0700][gc,cpu        ] GC(874) User=0.04s Sys=0.00s Real=0.00s
[2021-04-19T09:57:42.442-0700][gc,start      ] GC(875) Pause Young (Normal) (G1 Evacuation Pause)
[2021-04-19T09:57:42.442-0700][gc,task       ] GC(875) Using 8 workers of 8 for evacuation
[2021-04-19T09:57:42.448-0700][gc,phases     ] GC(875)   Pre Evacuate Collection Set: 0.0ms
[2021-04-19T09:57:42.448-0700][gc,phases     ] GC(875)   Evacuate Collection Set: 5.9ms
[2021-04-19T09:57:42.448-0700][gc,phases     ] GC(875)   Post Evacuate Collection Set: 0.7ms
[2021-04-19T09:57:42.448-0700][gc,phases     ] GC(875)   Other: 0.3ms
[2021-04-19T09:57:42.448-0700][gc,heap       ] GC(875) Eden regions: 610->0(610)
[2021-04-19T09:57:42.448-0700][gc,heap       ] GC(875) Survivor regions: 4->4(77)
[2021-04-19T09:57:42.448-0700][gc,heap       ] GC(875) Old regions: 113->113
[2021-04-19T09:57:42.448-0700][gc,heap       ] GC(875) Humongous regions: 129->129
[2021-04-19T09:57:42.448-0700][gc,metaspace  ] GC(875) Metaspace: 41730K->41730K(1087488K)
[2021-04-19T09:57:42.448-0700][gc            ] GC(875) Pause Young (Normal) (G1 Evacuation Pause) 853M->243M(1024M) 6.924ms
[2021-04-19T09:57:42.449-0700][gc,cpu        ] GC(875) User=0.02s Sys=0.01s Real=0.00s
[2021-04-19T10:01:09.578-0700][gc,start      ] GC(876) Pause Young (Normal) (G1 Evacuation Pause)
[2021-04-19T10:01:09.578-0700][gc,task       ] GC(876) Using 8 workers of 8 for evacuation
[2021-04-19T10:01:09.586-0700][gc,phases     ] GC(876)   Pre Evacuate Collection Set: 0.0ms
[2021-04-19T10:01:09.586-0700][gc,phases     ] GC(876)   Evacuate Collection Set: 6.0ms
[2021-04-19T10:01:09.586-0700][gc,phases     ] GC(876)   Post Evacuate Collection Set: 1.1ms
[2021-04-19T10:01:09.586-0700][gc,phases     ] GC(876)   Other: 0.5ms
[2021-04-19T10:01:09.586-0700][gc,heap       ] GC(876) Eden regions: 610->0(611)
[2021-04-19T10:01:09.586-0700][gc,heap       ] GC(876) Survivor regions: 4->3(77)
[2021-04-19T10:01:09.586-0700][gc,heap       ] GC(876) Old regions: 113->113
[2021-04-19T10:01:09.586-0700][gc,heap       ] GC(876) Humongous regions: 129->129
[2021-04-19T10:01:09.586-0700][gc,metaspace  ] GC(876) Metaspace: 41731K->41731K(1087488K)
[2021-04-19T10:01:09.586-0700][gc            ] GC(876) Pause Young (Normal) (G1 Evacuation Pause) 853M->243M(1024M) 7.844ms
[2021-04-19T10:01:09.586-0700][gc,cpu        ] GC(876) User=0.03s Sys=0.02s Real=0.00s
[2021-04-19T10:04:37.833-0700][gc,start      ] GC(877) Pause Young (Normal) (G1 Evacuation Pause)
[2021-04-19T10:04:37.833-0700][gc,task       ] GC(877) Using 8 workers of 8 for evacuation
[2021-04-19T10:04:37.840-0700][gc,phases     ] GC(877)   Pre Evacuate Collection Set: 0.0ms
[2021-04-19T10:04:37.840-0700][gc,phases     ] GC(877)   Evacuate Collection Set: 5.5ms
[2021-04-19T10:04:37.841-0700][gc,phases     ] GC(877)   Post Evacuate Collection Set: 1.3ms
[2021-04-19T10:04:37.841-0700][gc,phases     ] GC(877)   Other: 0.5ms
[2021-04-19T10:04:37.841-0700][gc,heap       ] GC(877) Eden regions: 611->0(611)
[2021-04-19T10:04:37.841-0700][gc,heap       ] GC(877) Survivor regions: 3->3(77)
[2021-04-19T10:04:37.841-0700][gc,heap       ] GC(877) Old regions: 113->113
[2021-04-19T10:04:37.841-0700][gc,heap       ] GC(877) Humongous regions: 129->129
[2021-04-19T10:04:37.841-0700][gc,metaspace  ] GC(877) Metaspace: 41731K->41731K(1087488K)
[2021-04-19T10:04:37.841-0700][gc            ] GC(877) Pause Young (Normal) (G1 Evacuation Pause) 854M->243M(1024M) 7.519ms
[2021-04-19T10:04:37.841-0700][gc,cpu        ] GC(877) User=0.05s Sys=0.00s Real=0.01s
[2021-04-19T10:08:05.976-0700][gc,start      ] GC(878) Pause Young (Normal) (G1 Evacuation Pause)
[2021-04-19T10:08:05.976-0700][gc,task       ] GC(878) Using 8 workers of 8 for evacuation
[2021-04-19T10:08:05.980-0700][gc,phases     ] GC(878)   Pre Evacuate Collection Set: 0.0ms
[2021-04-19T10:08:05.980-0700][gc,phases     ] GC(878)   Evacuate Collection Set: 2.5ms
[2021-04-19T10:08:05.980-0700][gc,phases     ] GC(878)   Post Evacuate Collection Set: 0.6ms
[2021-04-19T10:08:05.980-0700][gc,phases     ] GC(878)   Other: 0.2ms
[2021-04-19T10:08:05.980-0700][gc,heap       ] GC(878) Eden regions: 611->0(611)
[2021-04-19T10:08:05.980-0700][gc,heap       ] GC(878) Survivor regions: 3->3(77)
[2021-04-19T10:08:05.980-0700][gc,heap       ] GC(878) Old regions: 113->113
[2021-04-19T10:08:05.980-0700][gc,heap       ] GC(878) Humongous regions: 129->129
[2021-04-19T10:08:05.980-0700][gc,metaspace  ] GC(878) Metaspace: 41731K->41731K(1087488K)
[2021-04-19T10:08:05.980-0700][gc            ] GC(878) Pause Young (Normal) (G1 Evacuation Pause) 854M->243M(1024M) 3.427ms
[2021-04-19T10:08:05.980-0700][gc,cpu        ] GC(878) User=0.01s Sys=0.00s Real=0.01s
[2021-04-19T10:11:33.964-0700][gc,start      ] GC(879) Pause Young (Normal) (G1 Evacuation Pause)
[2021-04-19T10:11:33.964-0700][gc,task       ] GC(879) Using 8 workers of 8 for evacuation
[2021-04-19T10:11:33.970-0700][gc,phases     ] GC(879)   Pre Evacuate Collection Set: 0.1ms
[2021-04-19T10:11:33.970-0700][gc,phases     ] GC(879)   Evacuate Collection Set: 5.1ms
[2021-04-19T10:11:33.970-0700][gc,phases     ] GC(879)   Post Evacuate Collection Set: 0.5ms
[2021-04-19T10:11:33.970-0700][gc,phases     ] GC(879)   Other: 0.4ms
[2021-04-19T10:11:33.970-0700][gc,heap       ] GC(879) Eden regions: 611->0(611)
[2021-04-19T10:11:33.971-0700][gc,heap       ] GC(879) Survivor regions: 3->3(77)
[2021-04-19T10:11:33.971-0700][gc,heap       ] GC(879) Old regions: 113->113
[2021-04-19T10:11:33.971-0700][gc,heap       ] GC(879) Humongous regions: 129->129
[2021-04-19T10:11:33.971-0700][gc,metaspace  ] GC(879) Metaspace: 41731K->41731K(1087488K)
[2021-04-19T10:11:33.971-0700][gc            ] GC(879) Pause Young (Normal) (G1 Evacuation Pause) 854M->242M(1024M) 6.178ms
[2021-04-19T10:11:33.971-0700][gc,cpu        ] GC(879) User=0.04s Sys=0.00s Real=0.01s
[2021-04-19T10:15:01.930-0700][gc,start      ] GC(880) Pause Young (Normal) (G1 Evacuation Pause)
[2021-04-19T10:15:01.930-0700][gc,task       ] GC(880) Using 8 workers of 8 for evacuation
[2021-04-19T10:15:01.937-0700][gc,phases     ] GC(880)   Pre Evacuate Collection Set: 0.0ms
[2021-04-19T10:15:01.937-0700][gc,phases     ] GC(880)   Evacuate Collection Set: 4.8ms
[2021-04-19T10:15:01.937-0700][gc,phases     ] GC(880)   Post Evacuate Collection Set: 1.3ms
[2021-04-19T10:15:01.937-0700][gc,phases     ] GC(880)   Other: 0.5ms
[2021-04-19T10:15:01.937-0700][gc,heap       ] GC(880) Eden regions: 611->0(611)
[2021-04-19T10:15:01.937-0700][gc,heap       ] GC(880) Survivor regions: 3->3(77)
[2021-04-19T10:15:01.937-0700][gc,heap       ] GC(880) Old regions: 113->113
[2021-04-19T10:15:01.937-0700][gc,heap       ] GC(880) Humongous regions: 129->129
[2021-04-19T10:15:01.937-0700][gc,metaspace  ] GC(880) Metaspace: 41731K->41731K(1087488K)
[2021-04-19T10:15:01.937-0700][gc            ] GC(880) Pause Young (Normal) (G1 Evacuation Pause) 853M->242M(1024M) 6.850ms
[2021-04-19T10:15:01.937-0700][gc,cpu        ] GC(880) User=0.04s Sys=0.01s Real=0.01s
[2021-04-19T10:18:29.862-0700][gc,start      ] GC(881) Pause Young (Normal) (G1 Evacuation Pause)
[2021-04-19T10:18:29.862-0700][gc,task       ] GC(881) Using 8 workers of 8 for evacuation
[2021-04-19T10:18:29.868-0700][gc,phases     ] GC(881)   Pre Evacuate Collection Set: 0.0ms
[2021-04-19T10:18:29.868-0700][gc,phases     ] GC(881)   Evacuate Collection Set: 4.8ms
[2021-04-19T10:18:29.868-0700][gc,phases     ] GC(881)   Post Evacuate Collection Set: 1.2ms
[2021-04-19T10:18:29.869-0700][gc,phases     ] GC(881)   Other: 0.5ms
[2021-04-19T10:18:29.869-0700][gc,heap       ] GC(881) Eden regions: 611->0(611)
[2021-04-19T10:18:29.869-0700][gc,heap       ] GC(881) Survivor regions: 3->3(77)
[2021-04-19T10:18:29.869-0700][gc,heap       ] GC(881) Old regions: 113->113
[2021-04-19T10:18:29.869-0700][gc,heap       ] GC(881) Humongous regions: 129->129
[2021-04-19T10:18:29.869-0700][gc,metaspace  ] GC(881) Metaspace: 41731K->41731K(1087488K)
[2021-04-19T10:18:29.869-0700][gc            ] GC(881) Pause Young (Normal) (G1 Evacuation Pause) 853M->242M(1024M) 6.722ms
[2021-04-19T10:18:29.869-0700][gc,cpu        ] GC(881) User=0.04s Sys=0.00s Real=0.01s
[2021-04-19T10:21:57.625-0700][gc,start      ] GC(882) Pause Young (Normal) (G1 Evacuation Pause)
[2021-04-19T10:21:57.625-0700][gc,task       ] GC(882) Using 8 workers of 8 for evacuation
[2021-04-19T10:21:57.631-0700][gc,phases     ] GC(882)   Pre Evacuate Collection Set: 0.0ms
[2021-04-19T10:21:57.631-0700][gc,phases     ] GC(882)   Evacuate Collection Set: 4.3ms
[2021-04-19T10:21:57.631-0700][gc,phases     ] GC(882)   Post Evacuate Collection Set: 1.3ms
[2021-04-19T10:21:57.631-0700][gc,phases     ] GC(882)   Other: 0.5ms
[2021-04-19T10:21:57.631-0700][gc,heap       ] GC(882) Eden regions: 611->0(612)
[2021-04-19T10:21:57.631-0700][gc,heap       ] GC(882) Survivor regions: 3->2(77)
[2021-04-19T10:21:57.631-0700][gc,heap       ] GC(882) Old regions: 113->113
[2021-04-19T10:21:57.631-0700][gc,heap       ] GC(882) Humongous regions: 129->129
[2021-04-19T10:21:57.631-0700][gc,metaspace  ] GC(882) Metaspace: 41731K->41731K(1087488K)
[2021-04-19T10:21:57.631-0700][gc            ] GC(882) Pause Young (Normal) (G1 Evacuation Pause) 853M->242M(1024M) 6.411ms
[2021-04-19T10:21:57.631-0700][gc,cpu        ] GC(882) User=0.04s Sys=0.00s Real=0.01s
[2021-04-19T10:25:25.300-0700][gc,start      ] GC(883) Pause Young (Normal) (G1 Evacuation Pause)
[2021-04-19T10:25:25.300-0700][gc,task       ] GC(883) Using 8 workers of 8 for evacuation
[2021-04-19T10:25:25.307-0700][gc,phases     ] GC(883)   Pre Evacuate Collection Set: 0.0ms
[2021-04-19T10:25:25.307-0700][gc,phases     ] GC(883)   Evacuate Collection Set: 4.8ms
[2021-04-19T10:25:25.307-0700][gc,phases     ] GC(883)   Post Evacuate Collection Set: 1.3ms
[2021-04-19T10:25:25.307-0700][gc,phases     ] GC(883)   Other: 0.4ms
[2021-04-19T10:25:25.307-0700][gc,heap       ] GC(883) Eden regions: 612->0(611)
[2021-04-19T10:25:25.307-0700][gc,heap       ] GC(883) Survivor regions: 2->3(77)
[2021-04-19T10:25:25.307-0700][gc,heap       ] GC(883) Old regions: 113->113
[2021-04-19T10:25:25.307-0700][gc,heap       ] GC(883) Humongous regions: 129->129
[2021-04-19T10:25:25.307-0700][gc,metaspace  ] GC(883) Metaspace: 41731K->41731K(1087488K)
[2021-04-19T10:25:25.307-0700][gc            ] GC(883) Pause Young (Normal) (G1 Evacuation Pause) 854M->242M(1024M) 6.851ms
[2021-04-19T10:25:25.307-0700][gc,cpu        ] GC(883) User=0.04s Sys=0.00s Real=0.00s
[2021-04-19T10:28:52.806-0700][gc,start      ] GC(884) Pause Young (Normal) (G1 Evacuation Pause)
[2021-04-19T10:28:52.806-0700][gc,task       ] GC(884) Using 8 workers of 8 for evacuation
[2021-04-19T10:28:52.814-0700][gc,phases     ] GC(884)   Pre Evacuate Collection Set: 0.0ms
[2021-04-19T10:28:52.814-0700][gc,phases     ] GC(884)   Evacuate Collection Set: 6.3ms
[2021-04-19T10:28:52.814-0700][gc,phases     ] GC(884)   Post Evacuate Collection Set: 1.3ms
[2021-04-19T10:28:52.814-0700][gc,phases     ] GC(884)   Other: 0.5ms
[2021-04-19T10:28:52.814-0700][gc,heap       ] GC(884) Eden regions: 611->0(610)
[2021-04-19T10:28:52.814-0700][gc,heap       ] GC(884) Survivor regions: 3->4(77)
[2021-04-19T10:28:52.814-0700][gc,heap       ] GC(884) Old regions: 113->113
[2021-04-19T10:28:52.814-0700][gc,heap       ] GC(884) Humongous regions: 129->129
[2021-04-19T10:28:52.814-0700][gc,metaspace  ] GC(884) Metaspace: 41731K->41731K(1087488K)
[2021-04-19T10:28:52.814-0700][gc            ] GC(884) Pause Young (Normal) (G1 Evacuation Pause) 853M->243M(1024M) 8.372ms
[2021-04-19T10:28:52.814-0700][gc,cpu        ] GC(884) User=0.04s Sys=0.01s Real=0.01s
[2021-04-19T10:32:20.392-0700][gc,start      ] GC(885) Pause Young (Normal) (G1 Evacuation Pause)
[2021-04-19T10:32:20.392-0700][gc,task       ] GC(885) Using 8 workers of 8 for evacuation
[2021-04-19T10:32:20.400-0700][gc,phases     ] GC(885)   Pre Evacuate Collection Set: 0.0ms
[2021-04-19T10:32:20.400-0700][gc,phases     ] GC(885)   Evacuate Collection Set: 5.8ms
[2021-04-19T10:32:20.400-0700][gc,phases     ] GC(885)   Post Evacuate Collection Set: 1.3ms
[2021-04-19T10:32:20.400-0700][gc,phases     ] GC(885)   Other: 0.5ms
[2021-04-19T10:32:20.400-0700][gc,heap       ] GC(885) Eden regions: 610->0(610)
[2021-04-19T10:32:20.400-0700][gc,heap       ] GC(885) Survivor regions: 4->4(77)
[2021-04-19T10:32:20.400-0700][gc,heap       ] GC(885) Old regions: 113->113
[2021-04-19T10:32:20.400-0700][gc,heap       ] GC(885) Humongous regions: 129->129
[2021-04-19T10:32:20.400-0700][gc,metaspace  ] GC(885) Metaspace: 41731K->41731K(1087488K)
[2021-04-19T10:32:20.400-0700][gc            ] GC(885) Pause Young (Normal) (G1 Evacuation Pause) 853M->243M(1024M) 7.855ms
[2021-04-19T10:32:20.400-0700][gc,cpu        ] GC(885) User=0.05s Sys=0.00s Real=0.01s
[2021-04-19T10:35:48.035-0700][gc,start      ] GC(886) Pause Young (Normal) (G1 Evacuation Pause)
[2021-04-19T10:35:48.035-0700][gc,task       ] GC(886) Using 8 workers of 8 for evacuation
[2021-04-19T10:35:48.043-0700][gc,phases     ] GC(886)   Pre Evacuate Collection Set: 0.0ms
[2021-04-19T10:35:48.043-0700][gc,phases     ] GC(886)   Evacuate Collection Set: 5.7ms
[2021-04-19T10:35:48.043-0700][gc,phases     ] GC(886)   Post Evacuate Collection Set: 1.3ms
[2021-04-19T10:35:48.043-0700][gc,phases     ] GC(886)   Other: 0.5ms
[2021-04-19T10:35:48.043-0700][gc,heap       ] GC(886) Eden regions: 610->0(611)
[2021-04-19T10:35:48.043-0700][gc,heap       ] GC(886) Survivor regions: 4->3(77)
[2021-04-19T10:35:48.043-0700][gc,heap       ] GC(886) Old regions: 113->113
[2021-04-19T10:35:48.043-0700][gc,heap       ] GC(886) Humongous regions: 129->129
[2021-04-19T10:35:48.043-0700][gc,metaspace  ] GC(886) Metaspace: 41731K->41731K(1087488K)
[2021-04-19T10:35:48.043-0700][gc            ] GC(886) Pause Young (Normal) (G1 Evacuation Pause) 853M->243M(1024M) 7.742ms
[2021-04-19T10:35:48.043-0700][gc,cpu        ] GC(886) User=0.05s Sys=0.00s Real=0.01s
[2021-04-19T10:39:16.072-0700][gc,start      ] GC(887) Pause Young (Normal) (G1 Evacuation Pause)
[2021-04-19T10:39:16.073-0700][gc,task       ] GC(887) Using 8 workers of 8 for evacuation
[2021-04-19T10:39:16.080-0700][gc,phases     ] GC(887)   Pre Evacuate Collection Set: 0.1ms
[2021-04-19T10:39:16.080-0700][gc,phases     ] GC(887)   Evacuate Collection Set: 5.6ms
[2021-04-19T10:39:16.080-0700][gc,phases     ] GC(887)   Post Evacuate Collection Set: 1.4ms
[2021-04-19T10:39:16.080-0700][gc,phases     ] GC(887)   Other: 0.7ms
[2021-04-19T10:39:16.080-0700][gc,heap       ] GC(887) Eden regions: 611->0(611)
[2021-04-19T10:39:16.080-0700][gc,heap       ] GC(887) Survivor regions: 3->3(77)
[2021-04-19T10:39:16.080-0700][gc,heap       ] GC(887) Old regions: 113->113
[2021-04-19T10:39:16.080-0700][gc,heap       ] GC(887) Humongous regions: 129->129
[2021-04-19T10:39:16.080-0700][gc,metaspace  ] GC(887) Metaspace: 41731K->41731K(1087488K)
[2021-04-19T10:39:16.081-0700][gc            ] GC(887) Pause Young (Normal) (G1 Evacuation Pause) 854M->243M(1024M) 8.017ms
[2021-04-19T10:39:16.081-0700][gc,cpu        ] GC(887) User=0.05s Sys=0.00s Real=0.01s
[2021-04-19T10:42:43.524-0700][gc,start      ] GC(888) Pause Young (Normal) (G1 Evacuation Pause)
[2021-04-19T10:42:43.524-0700][gc,task       ] GC(888) Using 8 workers of 8 for evacuation
[2021-04-19T10:42:43.531-0700][gc,phases     ] GC(888)   Pre Evacuate Collection Set: 0.0ms
[2021-04-19T10:42:43.531-0700][gc,phases     ] GC(888)   Evacuate Collection Set: 5.3ms
[2021-04-19T10:42:43.531-0700][gc,phases     ] GC(888)   Post Evacuate Collection Set: 1.1ms
[2021-04-19T10:42:43.531-0700][gc,phases     ] GC(888)   Other: 0.5ms
[2021-04-19T10:42:43.531-0700][gc,heap       ] GC(888) Eden regions: 611->0(611)
[2021-04-19T10:42:43.531-0700][gc,heap       ] GC(888) Survivor regions: 3->3(77)
[2021-04-19T10:42:43.531-0700][gc,heap       ] GC(888) Old regions: 113->113
[2021-04-19T10:42:43.531-0700][gc,heap       ] GC(888) Humongous regions: 129->129
[2021-04-19T10:42:43.531-0700][gc,metaspace  ] GC(888) Metaspace: 41731K->41731K(1087488K)
[2021-04-19T10:42:43.531-0700][gc            ] GC(888) Pause Young (Normal) (G1 Evacuation Pause) 854M->243M(1024M) 7.172ms
[2021-04-19T10:42:43.531-0700][gc,cpu        ] GC(888) User=0.04s Sys=0.00s Real=0.01s
[2021-04-19T10:46:10.609-0700][gc,start      ] GC(889) Pause Young (Normal) (G1 Evacuation Pause)
[2021-04-19T10:46:10.609-0700][gc,task       ] GC(889) Using 8 workers of 8 for evacuation
[2021-04-19T10:46:10.616-0700][gc,phases     ] GC(889)   Pre Evacuate Collection Set: 0.0ms
[2021-04-19T10:46:10.616-0700][gc,phases     ] GC(889)   Evacuate Collection Set: 4.8ms
[2021-04-19T10:46:10.616-0700][gc,phases     ] GC(889)   Post Evacuate Collection Set: 1.2ms
[2021-04-19T10:46:10.616-0700][gc,phases     ] GC(889)   Other: 0.5ms
[2021-04-19T10:46:10.616-0700][gc,heap       ] GC(889) Eden regions: 611->0(611)
[2021-04-19T10:46:10.616-0700][gc,heap       ] GC(889) Survivor regions: 3->3(77)
[2021-04-19T10:46:10.616-0700][gc,heap       ] GC(889) Old regions: 113->113
[2021-04-19T10:46:10.616-0700][gc,heap       ] GC(889) Humongous regions: 129->129
[2021-04-19T10:46:10.616-0700][gc,metaspace  ] GC(889) Metaspace: 41731K->41731K(1087488K)
[2021-04-19T10:46:10.616-0700][gc            ] GC(889) Pause Young (Normal) (G1 Evacuation Pause) 854M->242M(1024M) 6.759ms
[2021-04-19T10:46:10.616-0700][gc,cpu        ] GC(889) User=0.04s Sys=0.00s Real=0.00s
[2021-04-19T10:49:38.503-0700][gc,start      ] GC(890) Pause Young (Normal) (G1 Evacuation Pause)
[2021-04-19T10:49:38.503-0700][gc,task       ] GC(890) Using 8 workers of 8 for evacuation
[2021-04-19T10:49:38.509-0700][gc,phases     ] GC(890)   Pre Evacuate Collection Set: 0.0ms
[2021-04-19T10:49:38.509-0700][gc,phases     ] GC(890)   Evacuate Collection Set: 4.6ms
[2021-04-19T10:49:38.509-0700][gc,phases     ] GC(890)   Post Evacuate Collection Set: 1.4ms
[2021-04-19T10:49:38.509-0700][gc,phases     ] GC(890)   Other: 0.5ms
[2021-04-19T10:49:38.509-0700][gc,heap       ] GC(890) Eden regions: 611->0(611)
[2021-04-19T10:49:38.510-0700][gc,heap       ] GC(890) Survivor regions: 3->3(77)
[2021-04-19T10:49:38.510-0700][gc,heap       ] GC(890) Old regions: 113->113
[2021-04-19T10:49:38.510-0700][gc,heap       ] GC(890) Humongous regions: 129->129
[2021-04-19T10:49:38.510-0700][gc,metaspace  ] GC(890) Metaspace: 41731K->41731K(1087488K)
[2021-04-19T10:49:38.510-0700][gc            ] GC(890) Pause Young (Normal) (G1 Evacuation Pause) 853M->242M(1024M) 6.844ms
[2021-04-19T10:49:38.510-0700][gc,cpu        ] GC(890) User=0.04s Sys=0.01s Real=0.01s
[2021-04-19T10:53:06.329-0700][gc,start      ] GC(891) Pause Young (Normal) (G1 Evacuation Pause)
[2021-04-19T10:53:06.330-0700][gc,task       ] GC(891) Using 8 workers of 8 for evacuation
[2021-04-19T10:53:06.336-0700][gc,phases     ] GC(891)   Pre Evacuate Collection Set: 0.0ms
[2021-04-19T10:53:06.336-0700][gc,phases     ] GC(891)   Evacuate Collection Set: 4.5ms
[2021-04-19T10:53:06.336-0700][gc,phases     ] GC(891)   Post Evacuate Collection Set: 1.3ms
[2021-04-19T10:53:06.336-0700][gc,phases     ] GC(891)   Other: 0.5ms
[2021-04-19T10:53:06.336-0700][gc,heap       ] GC(891) Eden regions: 611->0(611)
[2021-04-19T10:53:06.336-0700][gc,heap       ] GC(891) Survivor regions: 3->3(77)
[2021-04-19T10:53:06.336-0700][gc,heap       ] GC(891) Old regions: 113->113
[2021-04-19T10:53:06.336-0700][gc,heap       ] GC(891) Humongous regions: 129->129
[2021-04-19T10:53:06.336-0700][gc,metaspace  ] GC(891) Metaspace: 41731K->41731K(1087488K)
[2021-04-19T10:53:06.336-0700][gc            ] GC(891) Pause Young (Normal) (G1 Evacuation Pause) 853M->242M(1024M) 6.527ms
[2021-04-19T10:53:06.336-0700][gc,cpu        ] GC(891) User=0.04s Sys=0.00s Real=0.00s
[2021-04-19T10:56:33.286-0700][gc,start      ] GC(892) Pause Young (Normal) (G1 Evacuation Pause)
[2021-04-19T10:56:33.286-0700][gc,task       ] GC(892) Using 8 workers of 8 for evacuation
[2021-04-19T10:56:33.294-0700][gc,phases     ] GC(892)   Pre Evacuate Collection Set: 0.0ms
[2021-04-19T10:56:33.294-0700][gc,phases     ] GC(892)   Evacuate Collection Set: 6.3ms
[2021-04-19T10:56:33.294-0700][gc,phases     ] GC(892)   Post Evacuate Collection Set: 1.4ms
[2021-04-19T10:56:33.294-0700][gc,phases     ] GC(892)   Other: 0.5ms
[2021-04-19T10:56:33.294-0700][gc,heap       ] GC(892) Eden regions: 611->0(610)
[2021-04-19T10:56:33.294-0700][gc,heap       ] GC(892) Survivor regions: 3->4(77)
[2021-04-19T10:56:33.295-0700][gc,heap       ] GC(892) Old regions: 113->113
[2021-04-19T10:56:33.295-0700][gc,heap       ] GC(892) Humongous regions: 129->129
[2021-04-19T10:56:33.295-0700][gc,metaspace  ] GC(892) Metaspace: 41731K->41731K(1087488K)
[2021-04-19T10:56:33.295-0700][gc            ] GC(892) Pause Young (Normal) (G1 Evacuation Pause) 853M->243M(1024M) 8.616ms
[2021-04-19T10:56:33.295-0700][gc,cpu        ] GC(892) User=0.06s Sys=0.00s Real=0.01s
[2021-04-19T11:00:00.003-0700][gc,start      ] GC(893) Pause Young (Normal) (G1 Evacuation Pause)
[2021-04-19T11:00:00.003-0700][gc,task       ] GC(893) Using 8 workers of 8 for evacuation
[2021-04-19T11:00:00.007-0700][gc,phases     ] GC(893)   Pre Evacuate Collection Set: 0.0ms
[2021-04-19T11:00:00.007-0700][gc,phases     ] GC(893)   Evacuate Collection Set: 2.5ms
[2021-04-19T11:00:00.007-0700][gc,phases     ] GC(893)   Post Evacuate Collection Set: 0.6ms
[2021-04-19T11:00:00.007-0700][gc,phases     ] GC(893)   Other: 0.2ms
[2021-04-19T11:00:00.007-0700][gc,heap       ] GC(893) Eden regions: 610->0(611)
[2021-04-19T11:00:00.007-0700][gc,heap       ] GC(893) Survivor regions: 4->3(77)
[2021-04-19T11:00:00.007-0700][gc,heap       ] GC(893) Old regions: 113->113
[2021-04-19T11:00:00.007-0700][gc,heap       ] GC(893) Humongous regions: 129->129
[2021-04-19T11:00:00.007-0700][gc,metaspace  ] GC(893) Metaspace: 41734K->41734K(1087488K)
[2021-04-19T11:00:00.007-0700][gc            ] GC(893) Pause Young (Normal) (G1 Evacuation Pause) 853M->243M(1024M) 3.439ms
[2021-04-19T11:00:00.007-0700][gc,cpu        ] GC(893) User=0.02s Sys=0.00s Real=0.00s
[2021-04-19T11:03:26.507-0700][gc,start      ] GC(894) Pause Young (Normal) (G1 Evacuation Pause)
[2021-04-19T11:03:26.507-0700][gc,task       ] GC(894) Using 8 workers of 8 for evacuation
[2021-04-19T11:03:26.514-0700][gc,phases     ] GC(894)   Pre Evacuate Collection Set: 0.0ms
[2021-04-19T11:03:26.514-0700][gc,phases     ] GC(894)   Evacuate Collection Set: 5.2ms
[2021-04-19T11:03:26.514-0700][gc,phases     ] GC(894)   Post Evacuate Collection Set: 1.2ms
[2021-04-19T11:03:26.514-0700][gc,phases     ] GC(894)   Other: 0.5ms
[2021-04-19T11:03:26.514-0700][gc,heap       ] GC(894) Eden regions: 611->0(611)
[2021-04-19T11:03:26.514-0700][gc,heap       ] GC(894) Survivor regions: 3->3(77)
[2021-04-19T11:03:26.514-0700][gc,heap       ] GC(894) Old regions: 113->113
[2021-04-19T11:03:26.514-0700][gc,heap       ] GC(894) Humongous regions: 129->129
[2021-04-19T11:03:26.514-0700][gc,metaspace  ] GC(894) Metaspace: 41736K->41736K(1087488K)
[2021-04-19T11:03:26.514-0700][gc            ] GC(894) Pause Young (Normal) (G1 Evacuation Pause) 854M->243M(1024M) 7.177ms
[2021-04-19T11:03:26.514-0700][gc,cpu        ] GC(894) User=0.05s Sys=0.01s Real=0.01s
[2021-04-19T11:06:54.049-0700][gc,start      ] GC(895) Pause Young (Normal) (G1 Evacuation Pause)
[2021-04-19T11:06:54.049-0700][gc,task       ] GC(895) Using 8 workers of 8 for evacuation
[2021-04-19T11:06:54.052-0700][gc,phases     ] GC(895)   Pre Evacuate Collection Set: 0.0ms
[2021-04-19T11:06:54.052-0700][gc,phases     ] GC(895)   Evacuate Collection Set: 2.3ms
[2021-04-19T11:06:54.052-0700][gc,phases     ] GC(895)   Post Evacuate Collection Set: 0.6ms
[2021-04-19T11:06:54.052-0700][gc,phases     ] GC(895)   Other: 0.2ms
[2021-04-19T11:06:54.052-0700][gc,heap       ] GC(895) Eden regions: 611->0(611)
[2021-04-19T11:06:54.052-0700][gc,heap       ] GC(895) Survivor regions: 3->3(77)
[2021-04-19T11:06:54.052-0700][gc,heap       ] GC(895) Old regions: 113->113
[2021-04-19T11:06:54.052-0700][gc,heap       ] GC(895) Humongous regions: 129->129
[2021-04-19T11:06:54.052-0700][gc,metaspace  ] GC(895) Metaspace: 41736K->41736K(1087488K)
[2021-04-19T11:06:54.052-0700][gc            ] GC(895) Pause Young (Normal) (G1 Evacuation Pause) 854M->242M(1024M) 3.267ms
[2021-04-19T11:06:54.052-0700][gc,cpu        ] GC(895) User=0.01s Sys=0.01s Real=0.00s
[2021-04-19T11:10:21.336-0700][gc,start      ] GC(896) Pause Young (Normal) (G1 Evacuation Pause)
[2021-04-19T11:10:21.336-0700][gc,task       ] GC(896) Using 8 workers of 8 for evacuation
[2021-04-19T11:10:21.342-0700][gc,phases     ] GC(896)   Pre Evacuate Collection Set: 0.0ms
[2021-04-19T11:10:21.342-0700][gc,phases     ] GC(896)   Evacuate Collection Set: 4.8ms
[2021-04-19T11:10:21.342-0700][gc,phases     ] GC(896)   Post Evacuate Collection Set: 1.2ms
[2021-04-19T11:10:21.342-0700][gc,phases     ] GC(896)   Other: 0.5ms
[2021-04-19T11:10:21.342-0700][gc,heap       ] GC(896) Eden regions: 611->0(611)
[2021-04-19T11:10:21.342-0700][gc,heap       ] GC(896) Survivor regions: 3->3(77)
[2021-04-19T11:10:21.342-0700][gc,heap       ] GC(896) Old regions: 113->113
[2021-04-19T11:10:21.342-0700][gc,heap       ] GC(896) Humongous regions: 129->129
[2021-04-19T11:10:21.342-0700][gc,metaspace  ] GC(896) Metaspace: 41736K->41736K(1087488K)
[2021-04-19T11:10:21.342-0700][gc            ] GC(896) Pause Young (Normal) (G1 Evacuation Pause) 853M->242M(1024M) 6.763ms
[2021-04-19T11:10:21.342-0700][gc,cpu        ] GC(896) User=0.04s Sys=0.00s Real=0.01s
[2021-04-19T11:13:48.683-0700][gc,start      ] GC(897) Pause Young (Normal) (G1 Evacuation Pause)
[2021-04-19T11:13:48.683-0700][gc,task       ] GC(897) Using 8 workers of 8 for evacuation
[2021-04-19T11:13:48.690-0700][gc,phases     ] GC(897)   Pre Evacuate Collection Set: 0.0ms
[2021-04-19T11:13:48.690-0700][gc,phases     ] GC(897)   Evacuate Collection Set: 4.5ms
[2021-04-19T11:13:48.690-0700][gc,phases     ] GC(897)   Post Evacuate Collection Set: 1.3ms
[2021-04-19T11:13:48.690-0700][gc,phases     ] GC(897)   Other: 0.5ms
[2021-04-19T11:13:48.690-0700][gc,heap       ] GC(897) Eden regions: 611->0(611)
[2021-04-19T11:13:48.690-0700][gc,heap       ] GC(897) Survivor regions: 3->3(77)
[2021-04-19T11:13:48.690-0700][gc,heap       ] GC(897) Old regions: 113->113
[2021-04-19T11:13:48.690-0700][gc,heap       ] GC(897) Humongous regions: 129->129
[2021-04-19T11:13:48.690-0700][gc,metaspace  ] GC(897) Metaspace: 41736K->41736K(1087488K)
[2021-04-19T11:13:48.690-0700][gc            ] GC(897) Pause Young (Normal) (G1 Evacuation Pause) 853M->242M(1024M) 6.587ms
[2021-04-19T11:13:48.690-0700][gc,cpu        ] GC(897) User=0.03s Sys=0.00s Real=0.01s
[2021-04-19T11:17:15.965-0700][gc,start      ] GC(898) Pause Young (Normal) (G1 Evacuation Pause)
[2021-04-19T11:17:15.965-0700][gc,task       ] GC(898) Using 8 workers of 8 for evacuation
[2021-04-19T11:17:15.971-0700][gc,phases     ] GC(898)   Pre Evacuate Collection Set: 0.0ms
[2021-04-19T11:17:15.971-0700][gc,phases     ] GC(898)   Evacuate Collection Set: 4.5ms
[2021-04-19T11:17:15.971-0700][gc,phases     ] GC(898)   Post Evacuate Collection Set: 1.3ms
[2021-04-19T11:17:15.971-0700][gc,phases     ] GC(898)   Other: 0.5ms
[2021-04-19T11:17:15.971-0700][gc,heap       ] GC(898) Eden regions: 611->0(611)
[2021-04-19T11:17:15.971-0700][gc,heap       ] GC(898) Survivor regions: 3->3(77)
[2021-04-19T11:17:15.971-0700][gc,heap       ] GC(898) Old regions: 113->113
[2021-04-19T11:17:15.971-0700][gc,heap       ] GC(898) Humongous regions: 129->129
[2021-04-19T11:17:15.971-0700][gc,metaspace  ] GC(898) Metaspace: 41736K->41736K(1087488K)
[2021-04-19T11:17:15.971-0700][gc            ] GC(898) Pause Young (Normal) (G1 Evacuation Pause) 853M->242M(1024M) 6.528ms
[2021-04-19T11:17:15.971-0700][gc,cpu        ] GC(898) User=0.04s Sys=0.00s Real=0.01s
[2021-04-19T11:20:43.986-0700][gc,start      ] GC(899) Pause Young (Normal) (G1 Evacuation Pause)
[2021-04-19T11:20:43.986-0700][gc,task       ] GC(899) Using 8 workers of 8 for evacuation
[2021-04-19T11:20:44.001-0700][gc,phases     ] GC(899)   Pre Evacuate Collection Set: 0.0ms
[2021-04-19T11:20:44.001-0700][gc,phases     ] GC(899)   Evacuate Collection Set: 12.6ms
[2021-04-19T11:20:44.001-0700][gc,phases     ] GC(899)   Post Evacuate Collection Set: 1.4ms
[2021-04-19T11:20:44.001-0700][gc,phases     ] GC(899)   Other: 0.5ms
[2021-04-19T11:20:44.001-0700][gc,heap       ] GC(899) Eden regions: 611->0(610)
[2021-04-19T11:20:44.001-0700][gc,heap       ] GC(899) Survivor regions: 3->4(77)
[2021-04-19T11:20:44.001-0700][gc,heap       ] GC(899) Old regions: 113->113
[2021-04-19T11:20:44.001-0700][gc,heap       ] GC(899) Humongous regions: 129->129
[2021-04-19T11:20:44.001-0700][gc,metaspace  ] GC(899) Metaspace: 41736K->41736K(1087488K)
[2021-04-19T11:20:44.001-0700][gc            ] GC(899) Pause Young (Normal) (G1 Evacuation Pause) 853M->243M(1024M) 14.815ms
[2021-04-19T11:20:44.001-0700][gc,cpu        ] GC(899) User=0.08s Sys=0.01s Real=0.02s
[2021-04-19T11:24:11.291-0700][gc,start      ] GC(900) Pause Young (Normal) (G1 Evacuation Pause)
[2021-04-19T11:24:11.291-0700][gc,task       ] GC(900) Using 8 workers of 8 for evacuation
[2021-04-19T11:24:11.297-0700][gc,phases     ] GC(900)   Pre Evacuate Collection Set: 0.0ms
[2021-04-19T11:24:11.297-0700][gc,phases     ] GC(900)   Evacuate Collection Set: 5.5ms
[2021-04-19T11:24:11.297-0700][gc,phases     ] GC(900)   Post Evacuate Collection Set: 0.5ms
[2021-04-19T11:24:11.297-0700][gc,phases     ] GC(900)   Other: 0.3ms
[2021-04-19T11:24:11.297-0700][gc,heap       ] GC(900) Eden regions: 610->0(610)
[2021-04-19T11:24:11.297-0700][gc,heap       ] GC(900) Survivor regions: 4->4(77)
[2021-04-19T11:24:11.297-0700][gc,heap       ] GC(900) Old regions: 113->113
[2021-04-19T11:24:11.297-0700][gc,heap       ] GC(900) Humongous regions: 129->129
[2021-04-19T11:24:11.297-0700][gc,metaspace  ] GC(900) Metaspace: 41736K->41736K(1087488K)
[2021-04-19T11:24:11.297-0700][gc            ] GC(900) Pause Young (Normal) (G1 Evacuation Pause) 853M->243M(1024M) 6.416ms
[2021-04-19T11:24:11.297-0700][gc,cpu        ] GC(900) User=0.03s Sys=0.00s Real=0.01s
[2021-04-19T11:27:37.710-0700][gc,start      ] GC(901) Pause Young (Normal) (G1 Evacuation Pause)
[2021-04-19T11:27:37.711-0700][gc,task       ] GC(901) Using 8 workers of 8 for evacuation
[2021-04-19T11:27:37.718-0700][gc,phases     ] GC(901)   Pre Evacuate Collection Set: 0.0ms
[2021-04-19T11:27:37.718-0700][gc,phases     ] GC(901)   Evacuate Collection Set: 5.7ms
[2021-04-19T11:27:37.718-0700][gc,phases     ] GC(901)   Post Evacuate Collection Set: 1.3ms
[2021-04-19T11:27:37.718-0700][gc,phases     ] GC(901)   Other: 0.5ms
[2021-04-19T11:27:37.718-0700][gc,heap       ] GC(901) Eden regions: 610->0(611)
[2021-04-19T11:27:37.718-0700][gc,heap       ] GC(901) Survivor regions: 4->3(77)
[2021-04-19T11:27:37.718-0700][gc,heap       ] GC(901) Old regions: 113->113
[2021-04-19T11:27:37.718-0700][gc,heap       ] GC(901) Humongous regions: 129->129
[2021-04-19T11:27:37.718-0700][gc,metaspace  ] GC(901) Metaspace: 41736K->41736K(1087488K)
[2021-04-19T11:27:37.718-0700][gc            ] GC(901) Pause Young (Normal) (G1 Evacuation Pause) 853M->243M(1024M) 7.811ms
[2021-04-19T11:27:37.718-0700][gc,cpu        ] GC(901) User=0.05s Sys=0.00s Real=0.01s
[2021-04-19T11:31:03.265-0700][gc,start      ] GC(902) Pause Young (Normal) (G1 Evacuation Pause)
[2021-04-19T11:31:03.265-0700][gc,task       ] GC(902) Using 8 workers of 8 for evacuation
[2021-04-19T11:31:03.272-0700][gc,phases     ] GC(902)   Pre Evacuate Collection Set: 0.0ms
[2021-04-19T11:31:03.272-0700][gc,phases     ] GC(902)   Evacuate Collection Set: 5.4ms
[2021-04-19T11:31:03.272-0700][gc,phases     ] GC(902)   Post Evacuate Collection Set: 1.2ms
[2021-04-19T11:31:03.272-0700][gc,phases     ] GC(902)   Other: 0.5ms
[2021-04-19T11:31:03.272-0700][gc,heap       ] GC(902) Eden regions: 611->0(611)
[2021-04-19T11:31:03.272-0700][gc,heap       ] GC(902) Survivor regions: 3->3(77)
[2021-04-19T11:31:03.272-0700][gc,heap       ] GC(902) Old regions: 113->113
[2021-04-19T11:31:03.272-0700][gc,heap       ] GC(902) Humongous regions: 129->129
[2021-04-19T11:31:03.272-0700][gc,metaspace  ] GC(902) Metaspace: 41744K->41744K(1087488K)
[2021-04-19T11:31:03.273-0700][gc            ] GC(902) Pause Young (Normal) (G1 Evacuation Pause) 854M->243M(1024M) 7.391ms
[2021-04-19T11:31:03.273-0700][gc,cpu        ] GC(902) User=0.05s Sys=0.00s Real=0.01s
[2021-04-19T11:34:22.862-0700][gc,start      ] GC(903) Pause Young (Normal) (G1 Evacuation Pause)
[2021-04-19T11:34:22.862-0700][gc,task       ] GC(903) Using 8 workers of 8 for evacuation
[2021-04-19T11:34:22.870-0700][gc,phases     ] GC(903)   Pre Evacuate Collection Set: 0.0ms
[2021-04-19T11:34:22.870-0700][gc,phases     ] GC(903)   Evacuate Collection Set: 5.1ms
[2021-04-19T11:34:22.870-0700][gc,phases     ] GC(903)   Post Evacuate Collection Set: 2.0ms
[2021-04-19T11:34:22.870-0700][gc,phases     ] GC(903)   Other: 0.5ms
[2021-04-19T11:34:22.870-0700][gc,heap       ] GC(903) Eden regions: 611->0(611)
[2021-04-19T11:34:22.870-0700][gc,heap       ] GC(903) Survivor regions: 3->3(77)
[2021-04-19T11:34:22.870-0700][gc,heap       ] GC(903) Old regions: 113->113
[2021-04-19T11:34:22.870-0700][gc,heap       ] GC(903) Humongous regions: 129->129
[2021-04-19T11:34:22.870-0700][gc,metaspace  ] GC(903) Metaspace: 41746K->41746K(1087488K)
[2021-04-19T11:34:22.870-0700][gc            ] GC(903) Pause Young (Normal) (G1 Evacuation Pause) 854M->243M(1024M) 8.002ms
[2021-04-19T11:34:22.870-0700][gc,cpu        ] GC(903) User=0.04s Sys=0.01s Real=0.01s
[2021-04-19T11:37:40.965-0700][gc,start      ] GC(904) Pause Young (Normal) (G1 Evacuation Pause)
[2021-04-19T11:37:40.965-0700][gc,task       ] GC(904) Using 8 workers of 8 for evacuation
[2021-04-19T11:37:40.975-0700][gc,phases     ] GC(904)   Pre Evacuate Collection Set: 0.1ms
[2021-04-19T11:37:40.975-0700][gc,phases     ] GC(904)   Evacuate Collection Set: 7.7ms
[2021-04-19T11:37:40.975-0700][gc,phases     ] GC(904)   Post Evacuate Collection Set: 1.3ms
[2021-04-19T11:37:40.975-0700][gc,phases     ] GC(904)   Other: 0.5ms
[2021-04-19T11:37:40.975-0700][gc,heap       ] GC(904) Eden regions: 611->0(610)
[2021-04-19T11:37:40.975-0700][gc,heap       ] GC(904) Survivor regions: 3->4(77)
[2021-04-19T11:37:40.975-0700][gc,heap       ] GC(904) Old regions: 113->113
[2021-04-19T11:37:40.975-0700][gc,heap       ] GC(904) Humongous regions: 129->129
[2021-04-19T11:37:40.975-0700][gc,metaspace  ] GC(904) Metaspace: 41804K->41804K(1087488K)
[2021-04-19T11:37:40.975-0700][gc            ] GC(904) Pause Young (Normal) (G1 Evacuation Pause) 854M->244M(1024M) 9.827ms
[2021-04-19T11:37:40.975-0700][gc,cpu        ] GC(904) User=0.05s Sys=0.00s Real=0.01s
[2021-04-19T11:40:58.955-0700][gc,start      ] GC(905) Pause Young (Normal) (G1 Evacuation Pause)
[2021-04-19T11:40:58.955-0700][gc,task       ] GC(905) Using 8 workers of 8 for evacuation
[2021-04-19T11:40:58.963-0700][gc,phases     ] GC(905)   Pre Evacuate Collection Set: 0.0ms
[2021-04-19T11:40:58.963-0700][gc,phases     ] GC(905)   Evacuate Collection Set: 5.9ms
[2021-04-19T11:40:58.963-0700][gc,phases     ] GC(905)   Post Evacuate Collection Set: 1.6ms
[2021-04-19T11:40:58.964-0700][gc,phases     ] GC(905)   Other: 0.5ms
[2021-04-19T11:40:58.964-0700][gc,heap       ] GC(905) Eden regions: 610->0(610)
[2021-04-19T11:40:58.964-0700][gc,heap       ] GC(905) Survivor regions: 4->4(77)
[2021-04-19T11:40:58.964-0700][gc,heap       ] GC(905) Old regions: 113->113
[2021-04-19T11:40:58.964-0700][gc,heap       ] GC(905) Humongous regions: 129->129
[2021-04-19T11:40:58.964-0700][gc,metaspace  ] GC(905) Metaspace: 41808K->41808K(1087488K)
[2021-04-19T11:40:58.964-0700][gc            ] GC(905) Pause Young (Normal) (G1 Evacuation Pause) 854M->243M(1024M) 8.351ms
[2021-04-19T11:40:58.964-0700][gc,cpu        ] GC(905) User=0.05s Sys=0.00s Real=0.01s
[2021-04-19T11:44:20.750-0700][gc,start      ] GC(906) Pause Young (Normal) (G1 Evacuation Pause)
[2021-04-19T11:44:20.750-0700][gc,task       ] GC(906) Using 8 workers of 8 for evacuation
[2021-04-19T11:44:20.757-0700][gc,phases     ] GC(906)   Pre Evacuate Collection Set: 0.0ms
[2021-04-19T11:44:20.757-0700][gc,phases     ] GC(906)   Evacuate Collection Set: 5.2ms
[2021-04-19T11:44:20.757-0700][gc,phases     ] GC(906)   Post Evacuate Collection Set: 1.3ms
[2021-04-19T11:44:20.757-0700][gc,phases     ] GC(906)   Other: 0.5ms
[2021-04-19T11:44:20.757-0700][gc,heap       ] GC(906) Eden regions: 610->0(611)
[2021-04-19T11:44:20.757-0700][gc,heap       ] GC(906) Survivor regions: 4->3(77)
[2021-04-19T11:44:20.757-0700][gc,heap       ] GC(906) Old regions: 113->113
[2021-04-19T11:44:20.757-0700][gc,heap       ] GC(906) Humongous regions: 129->129
[2021-04-19T11:44:20.757-0700][gc,metaspace  ] GC(906) Metaspace: 41850K->41850K(1087488K)
[2021-04-19T11:44:20.757-0700][gc            ] GC(906) Pause Young (Normal) (G1 Evacuation Pause) 853M->243M(1024M) 7.228ms
[2021-04-19T11:44:20.757-0700][gc,cpu        ] GC(906) User=0.04s Sys=0.00s Real=0.01s
[2021-04-19T11:47:43.684-0700][gc,start      ] GC(907) Pause Young (Normal) (G1 Evacuation Pause)
[2021-04-19T11:47:43.684-0700][gc,task       ] GC(907) Using 8 workers of 8 for evacuation
[2021-04-19T11:47:43.691-0700][gc,phases     ] GC(907)   Pre Evacuate Collection Set: 0.0ms
[2021-04-19T11:47:43.691-0700][gc,phases     ] GC(907)   Evacuate Collection Set: 5.9ms
[2021-04-19T11:47:43.691-0700][gc,phases     ] GC(907)   Post Evacuate Collection Set: 1.5ms
[2021-04-19T11:47:43.692-0700][gc,phases     ] GC(907)   Other: 0.5ms
[2021-04-19T11:47:43.692-0700][gc,heap       ] GC(907) Eden regions: 611->0(611)
[2021-04-19T11:47:43.692-0700][gc,heap       ] GC(907) Survivor regions: 3->3(77)
[2021-04-19T11:47:43.692-0700][gc,heap       ] GC(907) Old regions: 113->113
[2021-04-19T11:47:43.692-0700][gc,heap       ] GC(907) Humongous regions: 129->129
[2021-04-19T11:47:43.692-0700][gc,metaspace  ] GC(907) Metaspace: 41852K->41852K(1087488K)
[2021-04-19T11:47:43.692-0700][gc            ] GC(907) Pause Young (Normal) (G1 Evacuation Pause) 854M->243M(1024M) 8.223ms
[2021-04-19T11:47:43.692-0700][gc,cpu        ] GC(907) User=0.05s Sys=0.00s Real=0.01s
[2021-04-19T11:51:10.536-0700][gc,start      ] GC(908) Pause Young (Normal) (G1 Evacuation Pause)
[2021-04-19T11:51:10.536-0700][gc,task       ] GC(908) Using 8 workers of 8 for evacuation
[2021-04-19T11:51:10.544-0700][gc,phases     ] GC(908)   Pre Evacuate Collection Set: 0.1ms
[2021-04-19T11:51:10.544-0700][gc,phases     ] GC(908)   Evacuate Collection Set: 5.5ms
[2021-04-19T11:51:10.544-0700][gc,phases     ] GC(908)   Post Evacuate Collection Set: 1.4ms
[2021-04-19T11:51:10.544-0700][gc,phases     ] GC(908)   Other: 0.5ms
[2021-04-19T11:51:10.544-0700][gc,heap       ] GC(908) Eden regions: 611->0(611)
[2021-04-19T11:51:10.544-0700][gc,heap       ] GC(908) Survivor regions: 3->3(77)
[2021-04-19T11:51:10.544-0700][gc,heap       ] GC(908) Old regions: 113->114
[2021-04-19T11:51:10.544-0700][gc,heap       ] GC(908) Humongous regions: 129->129
[2021-04-19T11:51:10.544-0700][gc,metaspace  ] GC(908) Metaspace: 41854K->41854K(1087488K)
[2021-04-19T11:51:10.544-0700][gc            ] GC(908) Pause Young (Normal) (G1 Evacuation Pause) 854M->243M(1024M) 7.799ms
[2021-04-19T11:51:10.544-0700][gc,cpu        ] GC(908) User=0.05s Sys=0.00s Real=0.01s
[2021-04-19T11:54:36.158-0700][gc,start      ] GC(909) Pause Young (Normal) (G1 Evacuation Pause)
[2021-04-19T11:54:36.158-0700][gc,task       ] GC(909) Using 8 workers of 8 for evacuation
[2021-04-19T11:54:36.166-0700][gc,phases     ] GC(909)   Pre Evacuate Collection Set: 0.0ms
[2021-04-19T11:54:36.166-0700][gc,phases     ] GC(909)   Evacuate Collection Set: 6.0ms
[2021-04-19T11:54:36.166-0700][gc,phases     ] GC(909)   Post Evacuate Collection Set: 1.3ms
[2021-04-19T11:54:36.166-0700][gc,phases     ] GC(909)   Other: 0.5ms
[2021-04-19T11:54:36.166-0700][gc,heap       ] GC(909) Eden regions: 611->0(610)
[2021-04-19T11:54:36.166-0700][gc,heap       ] GC(909) Survivor regions: 3->4(77)
[2021-04-19T11:54:36.166-0700][gc,heap       ] GC(909) Old regions: 114->114
[2021-04-19T11:54:36.166-0700][gc,heap       ] GC(909) Humongous regions: 129->129
[2021-04-19T11:54:36.166-0700][gc,metaspace  ] GC(909) Metaspace: 41854K->41854K(1087488K)
[2021-04-19T11:54:36.166-0700][gc            ] GC(909) Pause Young (Normal) (G1 Evacuation Pause) 854M->243M(1024M) 7.956ms
[2021-04-19T11:54:36.166-0700][gc,cpu        ] GC(909) User=0.04s Sys=0.01s Real=0.00s
[2021-04-19T11:57:55.462-0700][gc,start      ] GC(910) Pause Young (Normal) (G1 Evacuation Pause)
[2021-04-19T11:57:55.463-0700][gc,task       ] GC(910) Using 8 workers of 8 for evacuation
[2021-04-19T11:57:55.470-0700][gc,phases     ] GC(910)   Pre Evacuate Collection Set: 0.0ms
[2021-04-19T11:57:55.470-0700][gc,phases     ] GC(910)   Evacuate Collection Set: 5.8ms
[2021-04-19T11:57:55.470-0700][gc,phases     ] GC(910)   Post Evacuate Collection Set: 1.1ms
[2021-04-19T11:57:55.470-0700][gc,phases     ] GC(910)   Other: 0.4ms
[2021-04-19T11:57:55.470-0700][gc,heap       ] GC(910) Eden regions: 610->0(611)
[2021-04-19T11:57:55.470-0700][gc,heap       ] GC(910) Survivor regions: 4->3(77)
[2021-04-19T11:57:55.470-0700][gc,heap       ] GC(910) Old regions: 114->114
[2021-04-19T11:57:55.470-0700][gc,heap       ] GC(910) Humongous regions: 129->129
[2021-04-19T11:57:55.470-0700][gc,metaspace  ] GC(910) Metaspace: 41875K->41875K(1087488K)
[2021-04-19T11:57:55.470-0700][gc            ] GC(910) Pause Young (Normal) (G1 Evacuation Pause) 853M->243M(1024M) 7.578ms
[2021-04-19T11:57:55.470-0700][gc,cpu        ] GC(910) User=0.04s Sys=0.00s Real=0.01s
[2021-04-19T12:01:15.086-0700][gc,start      ] GC(911) Pause Young (Normal) (G1 Evacuation Pause)
[2021-04-19T12:01:15.086-0700][gc,task       ] GC(911) Using 8 workers of 8 for evacuation
[2021-04-19T12:01:15.102-0700][gc,phases     ] GC(911)   Pre Evacuate Collection Set: 0.1ms
[2021-04-19T12:01:15.102-0700][gc,phases     ] GC(911)   Evacuate Collection Set: 13.9ms
[2021-04-19T12:01:15.102-0700][gc,phases     ] GC(911)   Post Evacuate Collection Set: 1.0ms
[2021-04-19T12:01:15.102-0700][gc,phases     ] GC(911)   Other: 0.7ms
[2021-04-19T12:01:15.102-0700][gc,heap       ] GC(911) Eden regions: 611->0(611)
[2021-04-19T12:01:15.102-0700][gc,heap       ] GC(911) Survivor regions: 3->3(77)
[2021-04-19T12:01:15.102-0700][gc,heap       ] GC(911) Old regions: 114->114
[2021-04-19T12:01:15.102-0700][gc,heap       ] GC(911) Humongous regions: 129->129
[2021-04-19T12:01:15.102-0700][gc,metaspace  ] GC(911) Metaspace: 41875K->41875K(1087488K)
[2021-04-19T12:01:15.102-0700][gc            ] GC(911) Pause Young (Normal) (G1 Evacuation Pause) 854M->243M(1024M) 15.838ms
[2021-04-19T12:01:15.102-0700][gc,cpu        ] GC(911) User=0.06s Sys=0.00s Real=0.02s
[2021-04-19T12:04:34.539-0700][gc,start      ] GC(912) Pause Young (Normal) (G1 Evacuation Pause)
[2021-04-19T12:04:34.539-0700][gc,task       ] GC(912) Using 8 workers of 8 for evacuation
[2021-04-19T12:04:34.547-0700][gc,phases     ] GC(912)   Pre Evacuate Collection Set: 0.0ms
[2021-04-19T12:04:34.547-0700][gc,phases     ] GC(912)   Evacuate Collection Set: 6.0ms
[2021-04-19T12:04:34.547-0700][gc,phases     ] GC(912)   Post Evacuate Collection Set: 1.4ms
[2021-04-19T12:04:34.547-0700][gc,phases     ] GC(912)   Other: 0.5ms
[2021-04-19T12:04:34.547-0700][gc,heap       ] GC(912) Eden regions: 611->0(611)
[2021-04-19T12:04:34.547-0700][gc,heap       ] GC(912) Survivor regions: 3->3(77)
[2021-04-19T12:04:34.547-0700][gc,heap       ] GC(912) Old regions: 114->114
[2021-04-19T12:04:34.547-0700][gc,heap       ] GC(912) Humongous regions: 129->129
[2021-04-19T12:04:34.547-0700][gc,metaspace  ] GC(912) Metaspace: 41875K->41875K(1087488K)
[2021-04-19T12:04:34.547-0700][gc            ] GC(912) Pause Young (Normal) (G1 Evacuation Pause) 854M->243M(1024M) 8.063ms
[2021-04-19T12:04:34.547-0700][gc,cpu        ] GC(912) User=0.05s Sys=0.00s Real=0.00s
[2021-04-19T12:07:57.560-0700][gc,start      ] GC(913) Pause Young (Normal) (G1 Evacuation Pause)
[2021-04-19T12:07:57.560-0700][gc,task       ] GC(913) Using 8 workers of 8 for evacuation
[2021-04-19T12:07:57.568-0700][gc,phases     ] GC(913)   Pre Evacuate Collection Set: 0.0ms
[2021-04-19T12:07:57.568-0700][gc,phases     ] GC(913)   Evacuate Collection Set: 5.6ms
[2021-04-19T12:07:57.568-0700][gc,phases     ] GC(913)   Post Evacuate Collection Set: 1.4ms
[2021-04-19T12:07:57.568-0700][gc,phases     ] GC(913)   Other: 0.5ms
[2021-04-19T12:07:57.568-0700][gc,heap       ] GC(913) Eden regions: 611->0(611)
[2021-04-19T12:07:57.568-0700][gc,heap       ] GC(913) Survivor regions: 3->3(77)
[2021-04-19T12:07:57.568-0700][gc,heap       ] GC(913) Old regions: 114->114
[2021-04-19T12:07:57.568-0700][gc,heap       ] GC(913) Humongous regions: 129->129
[2021-04-19T12:07:57.568-0700][gc,metaspace  ] GC(913) Metaspace: 41875K->41875K(1087488K)
[2021-04-19T12:07:57.568-0700][gc            ] GC(913) Pause Young (Normal) (G1 Evacuation Pause) 854M->243M(1024M) 7.811ms
[2021-04-19T12:07:57.568-0700][gc,cpu        ] GC(913) User=0.04s Sys=0.00s Real=0.00s
[2021-04-19T12:11:22.758-0700][gc,start      ] GC(914) Pause Young (Normal) (G1 Evacuation Pause)
[2021-04-19T12:11:22.758-0700][gc,task       ] GC(914) Using 8 workers of 8 for evacuation
[2021-04-19T12:11:22.766-0700][gc,phases     ] GC(914)   Pre Evacuate Collection Set: 0.0ms
[2021-04-19T12:11:22.766-0700][gc,phases     ] GC(914)   Evacuate Collection Set: 6.6ms
[2021-04-19T12:11:22.766-0700][gc,phases     ] GC(914)   Post Evacuate Collection Set: 1.2ms
[2021-04-19T12:11:22.766-0700][gc,phases     ] GC(914)   Other: 0.5ms
[2021-04-19T12:11:22.766-0700][gc,heap       ] GC(914) Eden regions: 611->0(610)
[2021-04-19T12:11:22.766-0700][gc,heap       ] GC(914) Survivor regions: 3->4(77)
[2021-04-19T12:11:22.766-0700][gc,heap       ] GC(914) Old regions: 114->114
[2021-04-19T12:11:22.766-0700][gc,heap       ] GC(914) Humongous regions: 129->129
[2021-04-19T12:11:22.766-0700][gc,metaspace  ] GC(914) Metaspace: 41885K->41885K(1087488K)
[2021-04-19T12:11:22.767-0700][gc            ] GC(914) Pause Young (Normal) (G1 Evacuation Pause) 854M->244M(1024M) 8.552ms
[2021-04-19T12:11:22.767-0700][gc,cpu        ] GC(914) User=0.06s Sys=0.00s Real=0.00s
[2021-04-19T12:14:41.698-0700][gc,start      ] GC(915) Pause Young (Normal) (G1 Evacuation Pause)
[2021-04-19T12:14:41.698-0700][gc,task       ] GC(915) Using 8 workers of 8 for evacuation
[2021-04-19T12:14:41.703-0700][gc,phases     ] GC(915)   Pre Evacuate Collection Set: 0.0ms
[2021-04-19T12:14:41.703-0700][gc,phases     ] GC(915)   Evacuate Collection Set: 3.1ms
[2021-04-19T12:14:41.703-0700][gc,phases     ] GC(915)   Post Evacuate Collection Set: 0.8ms
[2021-04-19T12:14:41.703-0700][gc,phases     ] GC(915)   Other: 0.3ms
[2021-04-19T12:14:41.703-0700][gc,heap       ] GC(915) Eden regions: 610->0(610)
[2021-04-19T12:14:41.703-0700][gc,heap       ] GC(915) Survivor regions: 4->4(77)
[2021-04-19T12:14:41.703-0700][gc,heap       ] GC(915) Old regions: 114->114
[2021-04-19T12:14:41.703-0700][gc,heap       ] GC(915) Humongous regions: 129->129
[2021-04-19T12:14:41.703-0700][gc,metaspace  ] GC(915) Metaspace: 41885K->41885K(1087488K)
[2021-04-19T12:14:41.703-0700][gc            ] GC(915) Pause Young (Normal) (G1 Evacuation Pause) 854M->243M(1024M) 4.244ms
[2021-04-19T12:14:41.703-0700][gc,cpu        ] GC(915) User=0.03s Sys=0.00s Real=0.00s
[2021-04-19T12:18:01.043-0700][gc,start      ] GC(916) Pause Young (Normal) (G1 Evacuation Pause)
[2021-04-19T12:18:01.043-0700][gc,task       ] GC(916) Using 8 workers of 8 for evacuation
[2021-04-19T12:18:01.050-0700][gc,phases     ] GC(916)   Pre Evacuate Collection Set: 0.0ms
[2021-04-19T12:18:01.050-0700][gc,phases     ] GC(916)   Evacuate Collection Set: 5.4ms
[2021-04-19T12:18:01.050-0700][gc,phases     ] GC(916)   Post Evacuate Collection Set: 1.2ms
[2021-04-19T12:18:01.050-0700][gc,phases     ] GC(916)   Other: 0.5ms
[2021-04-19T12:18:01.050-0700][gc,heap       ] GC(916) Eden regions: 610->0(611)
[2021-04-19T12:18:01.050-0700][gc,heap       ] GC(916) Survivor regions: 4->3(77)
[2021-04-19T12:18:01.050-0700][gc,heap       ] GC(916) Old regions: 114->114
[2021-04-19T12:18:01.050-0700][gc,heap       ] GC(916) Humongous regions: 129->129
[2021-04-19T12:18:01.050-0700][gc,metaspace  ] GC(916) Metaspace: 41888K->41888K(1087488K)
[2021-04-19T12:18:01.050-0700][gc            ] GC(916) Pause Young (Normal) (G1 Evacuation Pause) 853M->243M(1024M) 7.381ms
[2021-04-19T12:18:01.050-0700][gc,cpu        ] GC(916) User=0.04s Sys=0.00s Real=0.01s
[2021-04-19T12:21:20.815-0700][gc,start      ] GC(917) Pause Young (Normal) (G1 Evacuation Pause)
[2021-04-19T12:21:20.815-0700][gc,task       ] GC(917) Using 8 workers of 8 for evacuation
[2021-04-19T12:21:20.822-0700][gc,phases     ] GC(917)   Pre Evacuate Collection Set: 0.0ms
[2021-04-19T12:21:20.822-0700][gc,phases     ] GC(917)   Evacuate Collection Set: 5.1ms
[2021-04-19T12:21:20.822-0700][gc,phases     ] GC(917)   Post Evacuate Collection Set: 1.2ms
[2021-04-19T12:21:20.822-0700][gc,phases     ] GC(917)   Other: 0.5ms
[2021-04-19T12:21:20.822-0700][gc,heap       ] GC(917) Eden regions: 611->0(611)
[2021-04-19T12:21:20.822-0700][gc,heap       ] GC(917) Survivor regions: 3->3(77)
[2021-04-19T12:21:20.822-0700][gc,heap       ] GC(917) Old regions: 114->114
[2021-04-19T12:21:20.822-0700][gc,heap       ] GC(917) Humongous regions: 129->129
[2021-04-19T12:21:20.822-0700][gc,metaspace  ] GC(917) Metaspace: 41888K->41888K(1087488K)
[2021-04-19T12:21:20.822-0700][gc            ] GC(917) Pause Young (Normal) (G1 Evacuation Pause) 854M->243M(1024M) 7.114ms
[2021-04-19T12:21:20.822-0700][gc,cpu        ] GC(917) User=0.03s Sys=0.01s Real=0.01s
[2021-04-19T12:24:40.333-0700][gc,start      ] GC(918) Pause Young (Normal) (G1 Evacuation Pause)
[2021-04-19T12:24:40.333-0700][gc,task       ] GC(918) Using 8 workers of 8 for evacuation
[2021-04-19T12:24:40.340-0700][gc,phases     ] GC(918)   Pre Evacuate Collection Set: 0.0ms
[2021-04-19T12:24:40.340-0700][gc,phases     ] GC(918)   Evacuate Collection Set: 4.9ms
[2021-04-19T12:24:40.340-0700][gc,phases     ] GC(918)   Post Evacuate Collection Set: 1.0ms
[2021-04-19T12:24:40.340-0700][gc,phases     ] GC(918)   Other: 0.5ms
[2021-04-19T12:24:40.340-0700][gc,heap       ] GC(918) Eden regions: 611->0(611)
[2021-04-19T12:24:40.340-0700][gc,heap       ] GC(918) Survivor regions: 3->3(77)
[2021-04-19T12:24:40.340-0700][gc,heap       ] GC(918) Old regions: 114->114
[2021-04-19T12:24:40.340-0700][gc,heap       ] GC(918) Humongous regions: 129->129
[2021-04-19T12:24:40.340-0700][gc,metaspace  ] GC(918) Metaspace: 41888K->41888K(1087488K)
[2021-04-19T12:24:40.340-0700][gc            ] GC(918) Pause Young (Normal) (G1 Evacuation Pause) 854M->243M(1024M) 6.702ms
[2021-04-19T12:24:40.340-0700][gc,cpu        ] GC(918) User=0.04s Sys=0.00s Real=0.01s
[2021-04-19T12:28:00.032-0700][gc,start      ] GC(919) Pause Young (Normal) (G1 Evacuation Pause)
[2021-04-19T12:28:00.032-0700][gc,task       ] GC(919) Using 8 workers of 8 for evacuation
[2021-04-19T12:28:00.039-0700][gc,phases     ] GC(919)   Pre Evacuate Collection Set: 0.0ms
[2021-04-19T12:28:00.039-0700][gc,phases     ] GC(919)   Evacuate Collection Set: 5.0ms
[2021-04-19T12:28:00.039-0700][gc,phases     ] GC(919)   Post Evacuate Collection Set: 1.0ms
[2021-04-19T12:28:00.039-0700][gc,phases     ] GC(919)   Other: 0.5ms
[2021-04-19T12:28:00.039-0700][gc,heap       ] GC(919) Eden regions: 611->0(611)
[2021-04-19T12:28:00.039-0700][gc,heap       ] GC(919) Survivor regions: 3->3(77)
[2021-04-19T12:28:00.039-0700][gc,heap       ] GC(919) Old regions: 114->114
[2021-04-19T12:28:00.039-0700][gc,heap       ] GC(919) Humongous regions: 129->129
[2021-04-19T12:28:00.039-0700][gc,metaspace  ] GC(919) Metaspace: 41888K->41888K(1087488K)
[2021-04-19T12:28:00.039-0700][gc            ] GC(919) Pause Young (Normal) (G1 Evacuation Pause) 854M->243M(1024M) 6.873ms
[2021-04-19T12:28:00.039-0700][gc,cpu        ] GC(919) User=0.04s Sys=0.00s Real=0.01s
[2021-04-19T12:31:19.783-0700][gc,start      ] GC(920) Pause Young (Normal) (G1 Evacuation Pause)
[2021-04-19T12:31:19.783-0700][gc,task       ] GC(920) Using 8 workers of 8 for evacuation
[2021-04-19T12:31:19.792-0700][gc,phases     ] GC(920)   Pre Evacuate Collection Set: 0.0ms
[2021-04-19T12:31:19.792-0700][gc,phases     ] GC(920)   Evacuate Collection Set: 7.0ms
[2021-04-19T12:31:19.792-0700][gc,phases     ] GC(920)   Post Evacuate Collection Set: 1.1ms
[2021-04-19T12:31:19.792-0700][gc,phases     ] GC(920)   Other: 0.5ms
[2021-04-19T12:31:19.792-0700][gc,heap       ] GC(920) Eden regions: 611->0(610)
[2021-04-19T12:31:19.792-0700][gc,heap       ] GC(920) Survivor regions: 3->4(77)
[2021-04-19T12:31:19.792-0700][gc,heap       ] GC(920) Old regions: 114->114
[2021-04-19T12:31:19.792-0700][gc,heap       ] GC(920) Humongous regions: 129->129
[2021-04-19T12:31:19.792-0700][gc,metaspace  ] GC(920) Metaspace: 41888K->41888K(1087488K)
[2021-04-19T12:31:19.792-0700][gc            ] GC(920) Pause Young (Normal) (G1 Evacuation Pause) 854M->244M(1024M) 8.844ms
[2021-04-19T12:31:19.792-0700][gc,cpu        ] GC(920) User=0.05s Sys=0.00s Real=0.01s
[2021-04-19T12:34:39.028-0700][gc,start      ] GC(921) Pause Young (Normal) (G1 Evacuation Pause)
[2021-04-19T12:34:39.028-0700][gc,task       ] GC(921) Using 8 workers of 8 for evacuation
[2021-04-19T12:34:39.036-0700][gc,phases     ] GC(921)   Pre Evacuate Collection Set: 0.0ms
[2021-04-19T12:34:39.036-0700][gc,phases     ] GC(921)   Evacuate Collection Set: 6.5ms
[2021-04-19T12:34:39.036-0700][gc,phases     ] GC(921)   Post Evacuate Collection Set: 1.2ms
[2021-04-19T12:34:39.036-0700][gc,phases     ] GC(921)   Other: 0.5ms
[2021-04-19T12:34:39.036-0700][gc,heap       ] GC(921) Eden regions: 610->0(610)
[2021-04-19T12:34:39.036-0700][gc,heap       ] GC(921) Survivor regions: 4->4(77)
[2021-04-19T12:34:39.036-0700][gc,heap       ] GC(921) Old regions: 114->114
[2021-04-19T12:34:39.036-0700][gc,heap       ] GC(921) Humongous regions: 129->129
[2021-04-19T12:34:39.037-0700][gc,metaspace  ] GC(921) Metaspace: 41888K->41888K(1087488K)
[2021-04-19T12:34:39.037-0700][gc            ] GC(921) Pause Young (Normal) (G1 Evacuation Pause) 854M->244M(1024M) 8.438ms
[2021-04-19T12:34:39.037-0700][gc,cpu        ] GC(921) User=0.06s Sys=0.00s Real=0.01s
[2021-04-19T12:37:55.897-0700][gc,start      ] GC(922) Pause Young (Normal) (G1 Evacuation Pause)
[2021-04-19T12:37:55.897-0700][gc,task       ] GC(922) Using 8 workers of 8 for evacuation
[2021-04-19T12:37:55.899-0700][gc,phases     ] GC(922)   Pre Evacuate Collection Set: 0.0ms
[2021-04-19T12:37:55.899-0700][gc,phases     ] GC(922)   Evacuate Collection Set: 1.6ms
[2021-04-19T12:37:55.899-0700][gc,phases     ] GC(922)   Post Evacuate Collection Set: 0.5ms
[2021-04-19T12:37:55.899-0700][gc,phases     ] GC(922)   Other: 0.2ms
[2021-04-19T12:37:55.899-0700][gc,heap       ] GC(922) Eden regions: 610->0(610)
[2021-04-19T12:37:55.899-0700][gc,heap       ] GC(922) Survivor regions: 4->4(77)
[2021-04-19T12:37:55.899-0700][gc,heap       ] GC(922) Old regions: 114->114
[2021-04-19T12:37:55.899-0700][gc,heap       ] GC(922) Humongous regions: 129->129
[2021-04-19T12:37:55.899-0700][gc,metaspace  ] GC(922) Metaspace: 41888K->41888K(1087488K)
[2021-04-19T12:37:55.899-0700][gc            ] GC(922) Pause Young (Normal) (G1 Evacuation Pause) 854M->244M(1024M) 2.348ms
[2021-04-19T12:37:55.899-0700][gc,cpu        ] GC(922) User=0.01s Sys=0.01s Real=0.00s
[2021-04-19T12:41:13.909-0700][gc,start      ] GC(923) Pause Young (Normal) (G1 Evacuation Pause)
[2021-04-19T12:41:13.909-0700][gc,task       ] GC(923) Using 8 workers of 8 for evacuation
[2021-04-19T12:41:13.916-0700][gc,phases     ] GC(923)   Pre Evacuate Collection Set: 0.0ms
[2021-04-19T12:41:13.916-0700][gc,phases     ] GC(923)   Evacuate Collection Set: 5.6ms
[2021-04-19T12:41:13.916-0700][gc,phases     ] GC(923)   Post Evacuate Collection Set: 0.6ms
[2021-04-19T12:41:13.916-0700][gc,phases     ] GC(923)   Other: 0.4ms
[2021-04-19T12:41:13.916-0700][gc,heap       ] GC(923) Eden regions: 610->0(611)
[2021-04-19T12:41:13.916-0700][gc,heap       ] GC(923) Survivor regions: 4->3(77)
[2021-04-19T12:41:13.916-0700][gc,heap       ] GC(923) Old regions: 114->114
[2021-04-19T12:41:13.916-0700][gc,heap       ] GC(923) Humongous regions: 129->129
[2021-04-19T12:41:13.916-0700][gc,metaspace  ] GC(923) Metaspace: 41888K->41888K(1087488K)
[2021-04-19T12:41:13.916-0700][gc            ] GC(923) Pause Young (Normal) (G1 Evacuation Pause) 854M->243M(1024M) 6.713ms
[2021-04-19T12:41:13.916-0700][gc,cpu        ] GC(923) User=0.05s Sys=0.00s Real=0.00s
[2021-04-19T12:44:33.786-0700][gc,start      ] GC(924) Pause Young (Normal) (G1 Evacuation Pause)
[2021-04-19T12:44:33.786-0700][gc,task       ] GC(924) Using 8 workers of 8 for evacuation
[2021-04-19T12:44:33.793-0700][gc,phases     ] GC(924)   Pre Evacuate Collection Set: 0.0ms
[2021-04-19T12:44:33.793-0700][gc,phases     ] GC(924)   Evacuate Collection Set: 5.3ms
[2021-04-19T12:44:33.793-0700][gc,phases     ] GC(924)   Post Evacuate Collection Set: 1.3ms
[2021-04-19T12:44:33.793-0700][gc,phases     ] GC(924)   Other: 0.5ms
[2021-04-19T12:44:33.793-0700][gc,heap       ] GC(924) Eden regions: 611->0(611)
[2021-04-19T12:44:33.793-0700][gc,heap       ] GC(924) Survivor regions: 3->3(77)
[2021-04-19T12:44:33.793-0700][gc,heap       ] GC(924) Old regions: 114->114
[2021-04-19T12:44:33.793-0700][gc,heap       ] GC(924) Humongous regions: 129->129
[2021-04-19T12:44:33.793-0700][gc,metaspace  ] GC(924) Metaspace: 41888K->41888K(1087488K)
[2021-04-19T12:44:33.793-0700][gc            ] GC(924) Pause Young (Normal) (G1 Evacuation Pause) 854M->243M(1024M) 7.421ms
[2021-04-19T12:44:33.793-0700][gc,cpu        ] GC(924) User=0.05s Sys=0.00s Real=0.01s
[2021-04-19T12:47:53.608-0700][gc,start      ] GC(925) Pause Young (Normal) (G1 Evacuation Pause)
[2021-04-19T12:47:53.608-0700][gc,task       ] GC(925) Using 8 workers of 8 for evacuation
[2021-04-19T12:47:53.615-0700][gc,phases     ] GC(925)   Pre Evacuate Collection Set: 0.1ms
[2021-04-19T12:47:53.615-0700][gc,phases     ] GC(925)   Evacuate Collection Set: 5.1ms
[2021-04-19T12:47:53.615-0700][gc,phases     ] GC(925)   Post Evacuate Collection Set: 1.2ms
[2021-04-19T12:47:53.615-0700][gc,phases     ] GC(925)   Other: 0.6ms
[2021-04-19T12:47:53.615-0700][gc,heap       ] GC(925) Eden regions: 611->0(611)
[2021-04-19T12:47:53.615-0700][gc,heap       ] GC(925) Survivor regions: 3->3(77)
[2021-04-19T12:47:53.615-0700][gc,heap       ] GC(925) Old regions: 114->114
[2021-04-19T12:47:53.615-0700][gc,heap       ] GC(925) Humongous regions: 129->129
[2021-04-19T12:47:53.615-0700][gc,metaspace  ] GC(925) Metaspace: 41888K->41888K(1087488K)
[2021-04-19T12:47:53.615-0700][gc            ] GC(925) Pause Young (Normal) (G1 Evacuation Pause) 854M->243M(1024M) 7.148ms
[2021-04-19T12:47:53.615-0700][gc,cpu        ] GC(925) User=0.04s Sys=0.00s Real=0.01s
[2021-04-19T12:51:13.233-0700][gc,start      ] GC(926) Pause Young (Normal) (G1 Evacuation Pause)
[2021-04-19T12:51:13.233-0700][gc,task       ] GC(926) Using 8 workers of 8 for evacuation
[2021-04-19T12:51:13.240-0700][gc,phases     ] GC(926)   Pre Evacuate Collection Set: 0.0ms
[2021-04-19T12:51:13.240-0700][gc,phases     ] GC(926)   Evacuate Collection Set: 5.0ms
[2021-04-19T12:51:13.240-0700][gc,phases     ] GC(926)   Post Evacuate Collection Set: 1.3ms
[2021-04-19T12:51:13.240-0700][gc,phases     ] GC(926)   Other: 0.5ms
[2021-04-19T12:51:13.240-0700][gc,heap       ] GC(926) Eden regions: 611->0(611)
[2021-04-19T12:51:13.240-0700][gc,heap       ] GC(926) Survivor regions: 3->3(77)
[2021-04-19T12:51:13.240-0700][gc,heap       ] GC(926) Old regions: 114->114
[2021-04-19T12:51:13.240-0700][gc,heap       ] GC(926) Humongous regions: 129->129
[2021-04-19T12:51:13.240-0700][gc,metaspace  ] GC(926) Metaspace: 41888K->41888K(1087488K)
[2021-04-19T12:51:13.240-0700][gc            ] GC(926) Pause Young (Normal) (G1 Evacuation Pause) 854M->243M(1024M) 6.965ms
[2021-04-19T12:51:13.240-0700][gc,cpu        ] GC(926) User=0.04s Sys=0.00s Real=0.01s
[2021-04-19T12:54:33.383-0700][gc,start      ] GC(927) Pause Young (Normal) (G1 Evacuation Pause)
[2021-04-19T12:54:33.383-0700][gc,task       ] GC(927) Using 8 workers of 8 for evacuation
[2021-04-19T12:54:33.394-0700][gc,phases     ] GC(927)   Pre Evacuate Collection Set: 0.0ms
[2021-04-19T12:54:33.394-0700][gc,phases     ] GC(927)   Evacuate Collection Set: 9.6ms
[2021-04-19T12:54:33.394-0700][gc,phases     ] GC(927)   Post Evacuate Collection Set: 1.2ms
[2021-04-19T12:54:33.394-0700][gc,phases     ] GC(927)   Other: 0.4ms
[2021-04-19T12:54:33.395-0700][gc,heap       ] GC(927) Eden regions: 611->0(610)
[2021-04-19T12:54:33.395-0700][gc,heap       ] GC(927) Survivor regions: 3->4(77)
[2021-04-19T12:54:33.395-0700][gc,heap       ] GC(927) Old regions: 114->114
[2021-04-19T12:54:33.395-0700][gc,heap       ] GC(927) Humongous regions: 129->129
[2021-04-19T12:54:33.395-0700][gc,metaspace  ] GC(927) Metaspace: 41898K->41898K(1087488K)
[2021-04-19T12:54:33.395-0700][gc            ] GC(927) Pause Young (Normal) (G1 Evacuation Pause) 854M->244M(1024M) 11.502ms
[2021-04-19T12:54:33.395-0700][gc,cpu        ] GC(927) User=0.07s Sys=0.00s Real=0.01s
[2021-04-19T12:57:52.523-0700][gc,start      ] GC(928) Pause Young (Normal) (G1 Evacuation Pause)
[2021-04-19T12:57:52.523-0700][gc,task       ] GC(928) Using 8 workers of 8 for evacuation
[2021-04-19T12:57:52.531-0700][gc,phases     ] GC(928)   Pre Evacuate Collection Set: 0.0ms
[2021-04-19T12:57:52.532-0700][gc,phases     ] GC(928)   Evacuate Collection Set: 6.5ms
[2021-04-19T12:57:52.532-0700][gc,phases     ] GC(928)   Post Evacuate Collection Set: 1.1ms
[2021-04-19T12:57:52.532-0700][gc,phases     ] GC(928)   Other: 0.5ms
[2021-04-19T12:57:52.532-0700][gc,heap       ] GC(928) Eden regions: 610->0(610)
[2021-04-19T12:57:52.532-0700][gc,heap       ] GC(928) Survivor regions: 4->4(77)
[2021-04-19T12:57:52.532-0700][gc,heap       ] GC(928) Old regions: 114->114
[2021-04-19T12:57:52.532-0700][gc,heap       ] GC(928) Humongous regions: 129->129
[2021-04-19T12:57:52.532-0700][gc,metaspace  ] GC(928) Metaspace: 41898K->41898K(1087488K)
[2021-04-19T12:57:52.532-0700][gc            ] GC(928) Pause Young (Normal) (G1 Evacuation Pause) 854M->244M(1024M) 8.352ms
[2021-04-19T12:57:52.532-0700][gc,cpu        ] GC(928) User=0.06s Sys=0.00s Real=0.01s
[2021-04-19T13:01:11.416-0700][gc,start      ] GC(929) Pause Young (Normal) (G1 Evacuation Pause)
[2021-04-19T13:01:11.416-0700][gc,task       ] GC(929) Using 8 workers of 8 for evacuation
[2021-04-19T13:01:11.424-0700][gc,phases     ] GC(929)   Pre Evacuate Collection Set: 0.0ms
[2021-04-19T13:01:11.424-0700][gc,phases     ] GC(929)   Evacuate Collection Set: 6.0ms
[2021-04-19T13:01:11.424-0700][gc,phases     ] GC(929)   Post Evacuate Collection Set: 1.2ms
[2021-04-19T13:01:11.424-0700][gc,phases     ] GC(929)   Other: 0.5ms
[2021-04-19T13:01:11.424-0700][gc,heap       ] GC(929) Eden regions: 610->0(611)
[2021-04-19T13:01:11.424-0700][gc,heap       ] GC(929) Survivor regions: 4->3(77)
[2021-04-19T13:01:11.424-0700][gc,heap       ] GC(929) Old regions: 114->114
[2021-04-19T13:01:11.424-0700][gc,heap       ] GC(929) Humongous regions: 129->129
[2021-04-19T13:01:11.424-0700][gc,metaspace  ] GC(929) Metaspace: 41898K->41898K(1087488K)
[2021-04-19T13:01:11.424-0700][gc            ] GC(929) Pause Young (Normal) (G1 Evacuation Pause) 854M->244M(1024M) 8.113ms
[2021-04-19T13:01:11.424-0700][gc,cpu        ] GC(929) User=0.04s Sys=0.01s Real=0.01s
[2021-04-19T13:04:30.606-0700][gc,start      ] GC(930) Pause Young (Normal) (G1 Evacuation Pause)
[2021-04-19T13:04:30.606-0700][gc,task       ] GC(930) Using 8 workers of 8 for evacuation
[2021-04-19T13:04:30.613-0700][gc,phases     ] GC(930)   Pre Evacuate Collection Set: 0.0ms
[2021-04-19T13:04:30.614-0700][gc,phases     ] GC(930)   Evacuate Collection Set: 5.5ms
[2021-04-19T13:04:30.614-0700][gc,phases     ] GC(930)   Post Evacuate Collection Set: 1.3ms
[2021-04-19T13:04:30.614-0700][gc,phases     ] GC(930)   Other: 0.5ms
[2021-04-19T13:04:30.614-0700][gc,heap       ] GC(930) Eden regions: 611->0(611)
[2021-04-19T13:04:30.614-0700][gc,heap       ] GC(930) Survivor regions: 3->3(77)
[2021-04-19T13:04:30.614-0700][gc,heap       ] GC(930) Old regions: 114->114
[2021-04-19T13:04:30.614-0700][gc,heap       ] GC(930) Humongous regions: 129->129
[2021-04-19T13:04:30.614-0700][gc,metaspace  ] GC(930) Metaspace: 41903K->41903K(1087488K)
[2021-04-19T13:04:30.614-0700][gc            ] GC(930) Pause Young (Normal) (G1 Evacuation Pause) 855M->243M(1024M) 7.573ms
[2021-04-19T13:04:30.614-0700][gc,cpu        ] GC(930) User=0.05s Sys=0.00s Real=0.01s
[2021-04-19T13:07:50.193-0700][gc,start      ] GC(931) Pause Young (Normal) (G1 Evacuation Pause)
[2021-04-19T13:07:50.193-0700][gc,task       ] GC(931) Using 8 workers of 8 for evacuation
[2021-04-19T13:07:50.202-0700][gc,phases     ] GC(931)   Pre Evacuate Collection Set: 0.0ms
[2021-04-19T13:07:50.202-0700][gc,phases     ] GC(931)   Evacuate Collection Set: 7.7ms
[2021-04-19T13:07:50.202-0700][gc,phases     ] GC(931)   Post Evacuate Collection Set: 1.6ms
[2021-04-19T13:07:50.203-0700][gc,phases     ] GC(931)   Other: 0.5ms
[2021-04-19T13:07:50.203-0700][gc,heap       ] GC(931) Eden regions: 611->0(610)
[2021-04-19T13:07:50.203-0700][gc,heap       ] GC(931) Survivor regions: 3->4(77)
[2021-04-19T13:07:50.203-0700][gc,heap       ] GC(931) Old regions: 114->114
[2021-04-19T13:07:50.203-0700][gc,heap       ] GC(931) Humongous regions: 129->129
[2021-04-19T13:07:50.203-0700][gc,metaspace  ] GC(931) Metaspace: 41903K->41903K(1087488K)
[2021-04-19T13:07:50.203-0700][gc            ] GC(931) Pause Young (Normal) (G1 Evacuation Pause) 854M->245M(1024M) 10.137ms
[2021-04-19T13:07:50.203-0700][gc,cpu        ] GC(931) User=0.05s Sys=0.01s Real=0.01s
[2021-04-19T13:11:09.350-0700][gc,start      ] GC(932) Pause Young (Normal) (G1 Evacuation Pause)
[2021-04-19T13:11:09.350-0700][gc,task       ] GC(932) Using 8 workers of 8 for evacuation
[2021-04-19T13:11:09.359-0700][gc,phases     ] GC(932)   Pre Evacuate Collection Set: 0.1ms
[2021-04-19T13:11:09.359-0700][gc,phases     ] GC(932)   Evacuate Collection Set: 6.9ms
[2021-04-19T13:11:09.359-0700][gc,phases     ] GC(932)   Post Evacuate Collection Set: 1.3ms
[2021-04-19T13:11:09.359-0700][gc,phases     ] GC(932)   Other: 0.6ms
[2021-04-19T13:11:09.359-0700][gc,heap       ] GC(932) Eden regions: 610->0(610)
[2021-04-19T13:11:09.359-0700][gc,heap       ] GC(932) Survivor regions: 4->4(77)
[2021-04-19T13:11:09.359-0700][gc,heap       ] GC(932) Old regions: 114->114
[2021-04-19T13:11:09.359-0700][gc,heap       ] GC(932) Humongous regions: 129->129
[2021-04-19T13:11:09.360-0700][gc,metaspace  ] GC(932) Metaspace: 41903K->41903K(1087488K)
[2021-04-19T13:11:09.360-0700][gc            ] GC(932) Pause Young (Normal) (G1 Evacuation Pause) 855M->244M(1024M) 9.228ms
[2021-04-19T13:11:09.360-0700][gc,cpu        ] GC(932) User=0.06s Sys=0.00s Real=0.01s
[2021-04-19T13:14:28.386-0700][gc,start      ] GC(933) Pause Young (Normal) (G1 Evacuation Pause)
[2021-04-19T13:14:28.386-0700][gc,task       ] GC(933) Using 8 workers of 8 for evacuation
[2021-04-19T13:14:28.392-0700][gc,phases     ] GC(933)   Pre Evacuate Collection Set: 0.0ms
[2021-04-19T13:14:28.392-0700][gc,phases     ] GC(933)   Evacuate Collection Set: 5.5ms
[2021-04-19T13:14:28.392-0700][gc,phases     ] GC(933)   Post Evacuate Collection Set: 0.5ms
[2021-04-19T13:14:28.392-0700][gc,phases     ] GC(933)   Other: 0.4ms
[2021-04-19T13:14:28.393-0700][gc,heap       ] GC(933) Eden regions: 610->0(610)
[2021-04-19T13:14:28.393-0700][gc,heap       ] GC(933) Survivor regions: 4->4(77)
[2021-04-19T13:14:28.393-0700][gc,heap       ] GC(933) Old regions: 114->114
[2021-04-19T13:14:28.393-0700][gc,heap       ] GC(933) Humongous regions: 129->129
[2021-04-19T13:14:28.393-0700][gc,metaspace  ] GC(933) Metaspace: 41903K->41903K(1087488K)
[2021-04-19T13:14:28.393-0700][gc            ] GC(933) Pause Young (Normal) (G1 Evacuation Pause) 854M->244M(1024M) 6.503ms
[2021-04-19T13:14:28.393-0700][gc,cpu        ] GC(933) User=0.04s Sys=0.00s Real=0.01s
[2021-04-19T13:17:47.608-0700][gc,start      ] GC(934) Pause Young (Normal) (G1 Evacuation Pause)
[2021-04-19T13:17:47.609-0700][gc,task       ] GC(934) Using 8 workers of 8 for evacuation
[2021-04-19T13:17:47.616-0700][gc,phases     ] GC(934)   Pre Evacuate Collection Set: 0.1ms
[2021-04-19T13:17:47.616-0700][gc,phases     ] GC(934)   Evacuate Collection Set: 5.8ms
[2021-04-19T13:17:47.616-0700][gc,phases     ] GC(934)   Post Evacuate Collection Set: 1.1ms
[2021-04-19T13:17:47.616-0700][gc,phases     ] GC(934)   Other: 0.5ms
[2021-04-19T13:17:47.616-0700][gc,heap       ] GC(934) Eden regions: 610->0(611)
[2021-04-19T13:17:47.616-0700][gc,heap       ] GC(934) Survivor regions: 4->3(77)
[2021-04-19T13:17:47.616-0700][gc,heap       ] GC(934) Old regions: 114->114
[2021-04-19T13:17:47.616-0700][gc,heap       ] GC(934) Humongous regions: 129->129
[2021-04-19T13:17:47.616-0700][gc,metaspace  ] GC(934) Metaspace: 41903K->41903K(1087488K)
[2021-04-19T13:17:47.616-0700][gc            ] GC(934) Pause Young (Normal) (G1 Evacuation Pause) 854M->244M(1024M) 7.622ms
[2021-04-19T13:17:47.616-0700][gc,cpu        ] GC(934) User=0.04s Sys=0.01s Real=0.01s
[2021-04-19T13:21:07.055-0700][gc,start      ] GC(935) Pause Young (Normal) (G1 Evacuation Pause)
[2021-04-19T13:21:07.055-0700][gc,task       ] GC(935) Using 8 workers of 8 for evacuation
[2021-04-19T13:21:07.062-0700][gc,phases     ] GC(935)   Pre Evacuate Collection Set: 0.0ms
[2021-04-19T13:21:07.062-0700][gc,phases     ] GC(935)   Evacuate Collection Set: 5.5ms
[2021-04-19T13:21:07.062-0700][gc,phases     ] GC(935)   Post Evacuate Collection Set: 1.3ms
[2021-04-19T13:21:07.062-0700][gc,phases     ] GC(935)   Other: 0.5ms
[2021-04-19T13:21:07.062-0700][gc,heap       ] GC(935) Eden regions: 611->0(611)
[2021-04-19T13:21:07.062-0700][gc,heap       ] GC(935) Survivor regions: 3->3(77)
[2021-04-19T13:21:07.062-0700][gc,heap       ] GC(935) Old regions: 114->114
[2021-04-19T13:21:07.062-0700][gc,heap       ] GC(935) Humongous regions: 129->129
[2021-04-19T13:21:07.062-0700][gc,metaspace  ] GC(935) Metaspace: 41903K->41903K(1087488K)
[2021-04-19T13:21:07.062-0700][gc            ] GC(935) Pause Young (Normal) (G1 Evacuation Pause) 855M->243M(1024M) 7.537ms
[2021-04-19T13:21:07.062-0700][gc,cpu        ] GC(935) User=0.05s Sys=0.00s Real=0.01s
[2021-04-19T13:24:26.431-0700][gc,start      ] GC(936) Pause Young (Normal) (G1 Evacuation Pause)
[2021-04-19T13:24:26.431-0700][gc,task       ] GC(936) Using 8 workers of 8 for evacuation
[2021-04-19T13:24:26.437-0700][gc,phases     ] GC(936)   Pre Evacuate Collection Set: 0.0ms
[2021-04-19T13:24:26.437-0700][gc,phases     ] GC(936)   Evacuate Collection Set: 5.7ms
[2021-04-19T13:24:26.437-0700][gc,phases     ] GC(936)   Post Evacuate Collection Set: 0.6ms
[2021-04-19T13:24:26.437-0700][gc,phases     ] GC(936)   Other: 0.4ms
[2021-04-19T13:24:26.437-0700][gc,heap       ] GC(936) Eden regions: 611->0(610)
[2021-04-19T13:24:26.437-0700][gc,heap       ] GC(936) Survivor regions: 3->4(77)
[2021-04-19T13:24:26.437-0700][gc,heap       ] GC(936) Old regions: 114->114
[2021-04-19T13:24:26.437-0700][gc,heap       ] GC(936) Humongous regions: 129->129
[2021-04-19T13:24:26.437-0700][gc,metaspace  ] GC(936) Metaspace: 41903K->41903K(1087488K)
[2021-04-19T13:24:26.437-0700][gc            ] GC(936) Pause Young (Normal) (G1 Evacuation Pause) 854M->245M(1024M) 6.803ms
[2021-04-19T13:24:26.437-0700][gc,cpu        ] GC(936) User=0.04s Sys=0.01s Real=0.01s
[2021-04-19T13:27:45.483-0700][gc,start      ] GC(937) Pause Young (Normal) (G1 Evacuation Pause)
[2021-04-19T13:27:45.483-0700][gc,task       ] GC(937) Using 8 workers of 8 for evacuation
[2021-04-19T13:27:45.491-0700][gc,phases     ] GC(937)   Pre Evacuate Collection Set: 0.0ms
[2021-04-19T13:27:45.491-0700][gc,phases     ] GC(937)   Evacuate Collection Set: 6.4ms
[2021-04-19T13:27:45.491-0700][gc,phases     ] GC(937)   Post Evacuate Collection Set: 1.2ms
[2021-04-19T13:27:45.491-0700][gc,phases     ] GC(937)   Other: 0.5ms
[2021-04-19T13:27:45.491-0700][gc,heap       ] GC(937) Eden regions: 610->0(610)
[2021-04-19T13:27:45.491-0700][gc,heap       ] GC(937) Survivor regions: 4->4(77)
[2021-04-19T13:27:45.491-0700][gc,heap       ] GC(937) Old regions: 114->114
[2021-04-19T13:27:45.491-0700][gc,heap       ] GC(937) Humongous regions: 129->129
[2021-04-19T13:27:45.491-0700][gc,metaspace  ] GC(937) Metaspace: 41903K->41903K(1087488K)
[2021-04-19T13:27:45.491-0700][gc            ] GC(937) Pause Young (Normal) (G1 Evacuation Pause) 855M->244M(1024M) 8.347ms
[2021-04-19T13:27:45.491-0700][gc,cpu        ] GC(937) User=0.05s Sys=0.01s Real=0.01s
[2021-04-19T13:31:04.706-0700][gc,start      ] GC(938) Pause Young (Normal) (G1 Evacuation Pause)
[2021-04-19T13:31:04.706-0700][gc,task       ] GC(938) Using 8 workers of 8 for evacuation
[2021-04-19T13:31:04.714-0700][gc,phases     ] GC(938)   Pre Evacuate Collection Set: 0.0ms
[2021-04-19T13:31:04.714-0700][gc,phases     ] GC(938)   Evacuate Collection Set: 5.9ms
[2021-04-19T13:31:04.714-0700][gc,phases     ] GC(938)   Post Evacuate Collection Set: 1.3ms
[2021-04-19T13:31:04.714-0700][gc,phases     ] GC(938)   Other: 0.5ms
[2021-04-19T13:31:04.714-0700][gc,heap       ] GC(938) Eden regions: 610->0(610)
[2021-04-19T13:31:04.714-0700][gc,heap       ] GC(938) Survivor regions: 4->4(77)
[2021-04-19T13:31:04.714-0700][gc,heap       ] GC(938) Old regions: 114->114
[2021-04-19T13:31:04.714-0700][gc,heap       ] GC(938) Humongous regions: 129->129
[2021-04-19T13:31:04.714-0700][gc,metaspace  ] GC(938) Metaspace: 41903K->41903K(1087488K)
[2021-04-19T13:31:04.714-0700][gc            ] GC(938) Pause Young (Normal) (G1 Evacuation Pause) 854M->244M(1024M) 7.952ms
[2021-04-19T13:31:04.714-0700][gc,cpu        ] GC(938) User=0.05s Sys=0.00s Real=0.01s
[2021-04-19T13:34:23.878-0700][gc,start      ] GC(939) Pause Young (Normal) (G1 Evacuation Pause)
[2021-04-19T13:34:23.879-0700][gc,task       ] GC(939) Using 8 workers of 8 for evacuation
[2021-04-19T13:34:23.885-0700][gc,phases     ] GC(939)   Pre Evacuate Collection Set: 0.0ms
[2021-04-19T13:34:23.885-0700][gc,phases     ] GC(939)   Evacuate Collection Set: 5.4ms
[2021-04-19T13:34:23.885-0700][gc,phases     ] GC(939)   Post Evacuate Collection Set: 0.5ms
[2021-04-19T13:34:23.885-0700][gc,phases     ] GC(939)   Other: 0.4ms
[2021-04-19T13:34:23.885-0700][gc,heap       ] GC(939) Eden regions: 610->0(611)
[2021-04-19T13:34:23.885-0700][gc,heap       ] GC(939) Survivor regions: 4->3(77)
[2021-04-19T13:34:23.885-0700][gc,heap       ] GC(939) Old regions: 114->114
[2021-04-19T13:34:23.885-0700][gc,heap       ] GC(939) Humongous regions: 129->129
[2021-04-19T13:34:23.885-0700][gc,metaspace  ] GC(939) Metaspace: 41903K->41903K(1087488K)
[2021-04-19T13:34:23.885-0700][gc            ] GC(939) Pause Young (Normal) (G1 Evacuation Pause) 854M->244M(1024M) 6.349ms
[2021-04-19T13:34:23.885-0700][gc,cpu        ] GC(939) User=0.05s Sys=0.00s Real=0.00s
[2021-04-19T13:37:43.276-0700][gc,start      ] GC(940) Pause Young (Normal) (G1 Evacuation Pause)
[2021-04-19T13:37:43.276-0700][gc,task       ] GC(940) Using 8 workers of 8 for evacuation
[2021-04-19T13:37:43.283-0700][gc,phases     ] GC(940)   Pre Evacuate Collection Set: 0.0ms
[2021-04-19T13:37:43.283-0700][gc,phases     ] GC(940)   Evacuate Collection Set: 5.5ms
[2021-04-19T13:37:43.283-0700][gc,phases     ] GC(940)   Post Evacuate Collection Set: 1.2ms
[2021-04-19T13:37:43.283-0700][gc,phases     ] GC(940)   Other: 0.5ms
[2021-04-19T13:37:43.283-0700][gc,heap       ] GC(940) Eden regions: 611->0(611)
[2021-04-19T13:37:43.283-0700][gc,heap       ] GC(940) Survivor regions: 3->3(77)
[2021-04-19T13:37:43.283-0700][gc,heap       ] GC(940) Old regions: 114->114
[2021-04-19T13:37:43.283-0700][gc,heap       ] GC(940) Humongous regions: 129->129
[2021-04-19T13:37:43.283-0700][gc,metaspace  ] GC(940) Metaspace: 41903K->41903K(1087488K)
[2021-04-19T13:37:43.283-0700][gc            ] GC(940) Pause Young (Normal) (G1 Evacuation Pause) 855M->244M(1024M) 7.420ms
[2021-04-19T13:37:43.283-0700][gc,cpu        ] GC(940) User=0.05s Sys=0.00s Real=0.01s
[2021-04-19T13:41:02.749-0700][gc,start      ] GC(941) Pause Young (Normal) (G1 Evacuation Pause)
[2021-04-19T13:41:02.749-0700][gc,task       ] GC(941) Using 8 workers of 8 for evacuation
[2021-04-19T13:41:02.758-0700][gc,phases     ] GC(941)   Pre Evacuate Collection Set: 0.0ms
[2021-04-19T13:41:02.758-0700][gc,phases     ] GC(941)   Evacuate Collection Set: 7.5ms
[2021-04-19T13:41:02.758-0700][gc,phases     ] GC(941)   Post Evacuate Collection Set: 1.2ms
[2021-04-19T13:41:02.759-0700][gc,phases     ] GC(941)   Other: 0.5ms
[2021-04-19T13:41:02.759-0700][gc,heap       ] GC(941) Eden regions: 611->0(610)
[2021-04-19T13:41:02.759-0700][gc,heap       ] GC(941) Survivor regions: 3->4(77)
[2021-04-19T13:41:02.759-0700][gc,heap       ] GC(941) Old regions: 114->114
[2021-04-19T13:41:02.759-0700][gc,heap       ] GC(941) Humongous regions: 129->129
[2021-04-19T13:41:02.759-0700][gc,metaspace  ] GC(941) Metaspace: 41903K->41903K(1087488K)
[2021-04-19T13:41:02.759-0700][gc            ] GC(941) Pause Young (Normal) (G1 Evacuation Pause) 855M->245M(1024M) 9.447ms
[2021-04-19T13:41:02.759-0700][gc,cpu        ] GC(941) User=0.06s Sys=0.00s Real=0.01s
[2021-04-19T13:44:21.707-0700][gc,start      ] GC(942) Pause Young (Normal) (G1 Evacuation Pause)
[2021-04-19T13:44:21.707-0700][gc,task       ] GC(942) Using 8 workers of 8 for evacuation
[2021-04-19T13:44:21.711-0700][gc,phases     ] GC(942)   Pre Evacuate Collection Set: 0.0ms
[2021-04-19T13:44:21.711-0700][gc,phases     ] GC(942)   Evacuate Collection Set: 3.1ms
[2021-04-19T13:44:21.711-0700][gc,phases     ] GC(942)   Post Evacuate Collection Set: 0.6ms
[2021-04-19T13:44:21.711-0700][gc,phases     ] GC(942)   Other: 0.2ms
[2021-04-19T13:44:21.711-0700][gc,heap       ] GC(942) Eden regions: 610->0(610)
[2021-04-19T13:44:21.711-0700][gc,heap       ] GC(942) Survivor regions: 4->4(77)
[2021-04-19T13:44:21.711-0700][gc,heap       ] GC(942) Old regions: 114->115
[2021-04-19T13:44:21.711-0700][gc,heap       ] GC(942) Humongous regions: 129->129
[2021-04-19T13:44:21.711-0700][gc,metaspace  ] GC(942) Metaspace: 41903K->41903K(1087488K)
[2021-04-19T13:44:21.711-0700][gc            ] GC(942) Pause Young (Normal) (G1 Evacuation Pause) 855M->245M(1024M) 4.082ms
[2021-04-19T13:44:21.711-0700][gc,cpu        ] GC(942) User=0.03s Sys=0.00s Real=0.01s
[2021-04-19T13:47:41.645-0700][gc,start      ] GC(943) Pause Young (Normal) (G1 Evacuation Pause)
[2021-04-19T13:47:41.645-0700][gc,task       ] GC(943) Using 8 workers of 8 for evacuation
[2021-04-19T13:47:41.653-0700][gc,phases     ] GC(943)   Pre Evacuate Collection Set: 0.0ms
[2021-04-19T13:47:41.653-0700][gc,phases     ] GC(943)   Evacuate Collection Set: 6.1ms
[2021-04-19T13:47:41.653-0700][gc,phases     ] GC(943)   Post Evacuate Collection Set: 1.4ms
[2021-04-19T13:47:41.653-0700][gc,phases     ] GC(943)   Other: 0.6ms
[2021-04-19T13:47:41.653-0700][gc,heap       ] GC(943) Eden regions: 610->0(611)
[2021-04-19T13:47:41.653-0700][gc,heap       ] GC(943) Survivor regions: 4->3(77)
[2021-04-19T13:47:41.653-0700][gc,heap       ] GC(943) Old regions: 115->115
[2021-04-19T13:47:41.653-0700][gc,heap       ] GC(943) Humongous regions: 129->129
[2021-04-19T13:47:41.653-0700][gc,metaspace  ] GC(943) Metaspace: 42106K->42106K(1087488K)
[2021-04-19T13:47:41.653-0700][gc            ] GC(943) Pause Young (Normal) (G1 Evacuation Pause) 855M->244M(1024M) 8.399ms
[2021-04-19T13:47:41.653-0700][gc,cpu        ] GC(943) User=0.04s Sys=0.01s Real=0.01s
[2021-04-19T13:51:01.107-0700][gc,start      ] GC(944) Pause Young (Normal) (G1 Evacuation Pause)
[2021-04-19T13:51:01.107-0700][gc,task       ] GC(944) Using 8 workers of 8 for evacuation
[2021-04-19T13:51:01.114-0700][gc,phases     ] GC(944)   Pre Evacuate Collection Set: 0.0ms
[2021-04-19T13:51:01.114-0700][gc,phases     ] GC(944)   Evacuate Collection Set: 5.4ms
[2021-04-19T13:51:01.114-0700][gc,phases     ] GC(944)   Post Evacuate Collection Set: 1.3ms
[2021-04-19T13:51:01.114-0700][gc,phases     ] GC(944)   Other: 0.5ms
[2021-04-19T13:51:01.114-0700][gc,heap       ] GC(944) Eden regions: 611->0(611)
[2021-04-19T13:51:01.114-0700][gc,heap       ] GC(944) Survivor regions: 3->3(77)
[2021-04-19T13:51:01.114-0700][gc,heap       ] GC(944) Old regions: 115->115
[2021-04-19T13:51:01.114-0700][gc,heap       ] GC(944) Humongous regions: 129->129
[2021-04-19T13:51:01.114-0700][gc,metaspace  ] GC(944) Metaspace: 42111K->42111K(1087488K)
[2021-04-19T13:51:01.114-0700][gc            ] GC(944) Pause Young (Normal) (G1 Evacuation Pause) 855M->244M(1024M) 7.455ms
[2021-04-19T13:51:01.114-0700][gc,cpu        ] GC(944) User=0.04s Sys=0.00s Real=0.01s
[2021-04-19T13:54:19.816-0700][gc,start      ] GC(945) Pause Young (Normal) (G1 Evacuation Pause)
[2021-04-19T13:54:19.817-0700][gc,task       ] GC(945) Using 8 workers of 8 for evacuation
[2021-04-19T13:54:19.825-0700][gc,phases     ] GC(945)   Pre Evacuate Collection Set: 0.0ms
[2021-04-19T13:54:19.825-0700][gc,phases     ] GC(945)   Evacuate Collection Set: 6.6ms
[2021-04-19T13:54:19.825-0700][gc,phases     ] GC(945)   Post Evacuate Collection Set: 1.1ms
[2021-04-19T13:54:19.825-0700][gc,phases     ] GC(945)   Other: 0.5ms
[2021-04-19T13:54:19.825-0700][gc,heap       ] GC(945) Eden regions: 611->0(610)
[2021-04-19T13:54:19.825-0700][gc,heap       ] GC(945) Survivor regions: 3->4(77)
[2021-04-19T13:54:19.825-0700][gc,heap       ] GC(945) Old regions: 115->115
[2021-04-19T13:54:19.825-0700][gc,heap       ] GC(945) Humongous regions: 129->129
[2021-04-19T13:54:19.825-0700][gc,metaspace  ] GC(945) Metaspace: 42111K->42111K(1087488K)
[2021-04-19T13:54:19.825-0700][gc            ] GC(945) Pause Young (Normal) (G1 Evacuation Pause) 855M->245M(1024M) 8.493ms
[2021-04-19T13:54:19.825-0700][gc,cpu        ] GC(945) User=0.05s Sys=0.01s Real=0.01s
[2021-04-19T13:57:39.768-0700][gc,start      ] GC(946) Pause Young (Normal) (G1 Evacuation Pause)
[2021-04-19T13:57:39.768-0700][gc,task       ] GC(946) Using 8 workers of 8 for evacuation
[2021-04-19T13:57:39.779-0700][gc,phases     ] GC(946)   Pre Evacuate Collection Set: 0.0ms
[2021-04-19T13:57:39.779-0700][gc,phases     ] GC(946)   Evacuate Collection Set: 8.8ms
[2021-04-19T13:57:39.779-0700][gc,phases     ] GC(946)   Post Evacuate Collection Set: 1.3ms
[2021-04-19T13:57:39.779-0700][gc,phases     ] GC(946)   Other: 0.6ms
[2021-04-19T13:57:39.779-0700][gc,heap       ] GC(946) Eden regions: 610->0(610)
[2021-04-19T13:57:39.779-0700][gc,heap       ] GC(946) Survivor regions: 4->4(77)
[2021-04-19T13:57:39.779-0700][gc,heap       ] GC(946) Old regions: 115->115
[2021-04-19T13:57:39.779-0700][gc,heap       ] GC(946) Humongous regions: 129->129
[2021-04-19T13:57:39.779-0700][gc,metaspace  ] GC(946) Metaspace: 42113K->42113K(1087488K)
[2021-04-19T13:57:39.779-0700][gc            ] GC(946) Pause Young (Normal) (G1 Evacuation Pause) 855M->245M(1024M) 10.931ms
[2021-04-19T13:57:39.779-0700][gc,cpu        ] GC(946) User=0.05s Sys=0.01s Real=0.02s
[2021-04-19T14:00:58.306-0700][gc,start      ] GC(947) Pause Young (Normal) (G1 Evacuation Pause)
[2021-04-19T14:00:58.306-0700][gc,task       ] GC(947) Using 8 workers of 8 for evacuation
[2021-04-19T14:00:58.314-0700][gc,phases     ] GC(947)   Pre Evacuate Collection Set: 0.0ms
[2021-04-19T14:00:58.314-0700][gc,phases     ] GC(947)   Evacuate Collection Set: 5.7ms
[2021-04-19T14:00:58.314-0700][gc,phases     ] GC(947)   Post Evacuate Collection Set: 1.3ms
[2021-04-19T14:00:58.314-0700][gc,phases     ] GC(947)   Other: 0.5ms
[2021-04-19T14:00:58.314-0700][gc,heap       ] GC(947) Eden regions: 610->0(611)
[2021-04-19T14:00:58.314-0700][gc,heap       ] GC(947) Survivor regions: 4->3(77)
[2021-04-19T14:00:58.314-0700][gc,heap       ] GC(947) Old regions: 115->115
[2021-04-19T14:00:58.314-0700][gc,heap       ] GC(947) Humongous regions: 129->129
[2021-04-19T14:00:58.314-0700][gc,metaspace  ] GC(947) Metaspace: 42115K->42115K(1087488K)
[2021-04-19T14:00:58.314-0700][gc            ] GC(947) Pause Young (Normal) (G1 Evacuation Pause) 855M->244M(1024M) 7.765ms
[2021-04-19T14:00:58.314-0700][gc,cpu        ] GC(947) User=0.04s Sys=0.00s Real=0.01s
[2021-04-19T14:04:17.642-0700][gc,start      ] GC(948) Pause Young (Normal) (G1 Evacuation Pause)
[2021-04-19T14:04:17.642-0700][gc,task       ] GC(948) Using 8 workers of 8 for evacuation
[2021-04-19T14:04:17.646-0700][gc,phases     ] GC(948)   Pre Evacuate Collection Set: 0.0ms
[2021-04-19T14:04:17.646-0700][gc,phases     ] GC(948)   Evacuate Collection Set: 2.6ms
[2021-04-19T14:04:17.646-0700][gc,phases     ] GC(948)   Post Evacuate Collection Set: 0.7ms
[2021-04-19T14:04:17.646-0700][gc,phases     ] GC(948)   Other: 0.3ms
[2021-04-19T14:04:17.646-0700][gc,heap       ] GC(948) Eden regions: 611->0(611)
[2021-04-19T14:04:17.646-0700][gc,heap       ] GC(948) Survivor regions: 3->3(77)
[2021-04-19T14:04:17.646-0700][gc,heap       ] GC(948) Old regions: 115->115
[2021-04-19T14:04:17.646-0700][gc,heap       ] GC(948) Humongous regions: 129->129
[2021-04-19T14:04:17.646-0700][gc,metaspace  ] GC(948) Metaspace: 42115K->42115K(1087488K)
[2021-04-19T14:04:17.646-0700][gc            ] GC(948) Pause Young (Normal) (G1 Evacuation Pause) 855M->244M(1024M) 3.699ms
[2021-04-19T14:04:17.646-0700][gc,cpu        ] GC(948) User=0.01s Sys=0.01s Real=0.00s
[2021-04-19T14:07:37.170-0700][gc,start      ] GC(949) Pause Young (Normal) (G1 Evacuation Pause)
[2021-04-19T14:07:37.170-0700][gc,task       ] GC(949) Using 8 workers of 8 for evacuation
[2021-04-19T14:07:37.180-0700][gc,phases     ] GC(949)   Pre Evacuate Collection Set: 0.0ms
[2021-04-19T14:07:37.180-0700][gc,phases     ] GC(949)   Evacuate Collection Set: 7.5ms
[2021-04-19T14:07:37.180-0700][gc,phases     ] GC(949)   Post Evacuate Collection Set: 1.3ms
[2021-04-19T14:07:37.180-0700][gc,phases     ] GC(949)   Other: 0.5ms
[2021-04-19T14:07:37.180-0700][gc,heap       ] GC(949) Eden regions: 611->0(610)
[2021-04-19T14:07:37.180-0700][gc,heap       ] GC(949) Survivor regions: 3->4(77)
[2021-04-19T14:07:37.180-0700][gc,heap       ] GC(949) Old regions: 115->115
[2021-04-19T14:07:37.180-0700][gc,heap       ] GC(949) Humongous regions: 129->129
[2021-04-19T14:07:37.180-0700][gc,metaspace  ] GC(949) Metaspace: 42128K->42128K(1087488K)
[2021-04-19T14:07:37.180-0700][gc            ] GC(949) Pause Young (Normal) (G1 Evacuation Pause) 855M->245M(1024M) 9.533ms
[2021-04-19T14:07:37.180-0700][gc,cpu        ] GC(949) User=0.06s Sys=0.01s Real=0.01s
[2021-04-19T14:10:55.337-0700][gc,start      ] GC(950) Pause Young (Normal) (G1 Evacuation Pause)
[2021-04-19T14:10:55.337-0700][gc,task       ] GC(950) Using 8 workers of 8 for evacuation
[2021-04-19T14:10:55.346-0700][gc,phases     ] GC(950)   Pre Evacuate Collection Set: 0.0ms
[2021-04-19T14:10:55.346-0700][gc,phases     ] GC(950)   Evacuate Collection Set: 6.8ms
[2021-04-19T14:10:55.346-0700][gc,phases     ] GC(950)   Post Evacuate Collection Set: 1.3ms
[2021-04-19T14:10:55.346-0700][gc,phases     ] GC(950)   Other: 0.5ms
[2021-04-19T14:10:55.346-0700][gc,heap       ] GC(950) Eden regions: 610->0(610)
[2021-04-19T14:10:55.346-0700][gc,heap       ] GC(950) Survivor regions: 4->4(77)
[2021-04-19T14:10:55.346-0700][gc,heap       ] GC(950) Old regions: 115->115
[2021-04-19T14:10:55.346-0700][gc,heap       ] GC(950) Humongous regions: 129->129
[2021-04-19T14:10:55.346-0700][gc,metaspace  ] GC(950) Metaspace: 42128K->42128K(1087488K)
[2021-04-19T14:10:55.346-0700][gc            ] GC(950) Pause Young (Normal) (G1 Evacuation Pause) 855M->245M(1024M) 8.962ms
[2021-04-19T14:10:55.346-0700][gc,cpu        ] GC(950) User=0.04s Sys=0.02s Real=0.00s
[2021-04-19T14:14:13.833-0700][gc,start      ] GC(951) Pause Young (Normal) (G1 Evacuation Pause)
[2021-04-19T14:14:13.833-0700][gc,task       ] GC(951) Using 8 workers of 8 for evacuation
[2021-04-19T14:14:13.841-0700][gc,phases     ] GC(951)   Pre Evacuate Collection Set: 0.0ms
[2021-04-19T14:14:13.841-0700][gc,phases     ] GC(951)   Evacuate Collection Set: 6.2ms
[2021-04-19T14:14:13.841-0700][gc,phases     ] GC(951)   Post Evacuate Collection Set: 1.3ms
[2021-04-19T14:14:13.841-0700][gc,phases     ] GC(951)   Other: 0.5ms
[2021-04-19T14:14:13.841-0700][gc,heap       ] GC(951) Eden regions: 610->0(611)
[2021-04-19T14:14:13.841-0700][gc,heap       ] GC(951) Survivor regions: 4->3(77)
[2021-04-19T14:14:13.841-0700][gc,heap       ] GC(951) Old regions: 115->115
[2021-04-19T14:14:13.841-0700][gc,heap       ] GC(951) Humongous regions: 129->129
[2021-04-19T14:14:13.841-0700][gc,metaspace  ] GC(951) Metaspace: 42139K->42139K(1087488K)
[2021-04-19T14:14:13.842-0700][gc            ] GC(951) Pause Young (Normal) (G1 Evacuation Pause) 855M->244M(1024M) 8.256ms
[2021-04-19T14:14:13.842-0700][gc,cpu        ] GC(951) User=0.04s Sys=0.01s Real=0.01s
[2021-04-19T14:17:32.102-0700][gc,start      ] GC(952) Pause Young (Normal) (G1 Evacuation Pause)
[2021-04-19T14:17:32.102-0700][gc,task       ] GC(952) Using 8 workers of 8 for evacuation
[2021-04-19T14:17:32.111-0700][gc,phases     ] GC(952)   Pre Evacuate Collection Set: 0.0ms
[2021-04-19T14:17:32.111-0700][gc,phases     ] GC(952)   Evacuate Collection Set: 7.4ms
[2021-04-19T14:17:32.111-0700][gc,phases     ] GC(952)   Post Evacuate Collection Set: 1.2ms
[2021-04-19T14:17:32.111-0700][gc,phases     ] GC(952)   Other: 0.5ms
[2021-04-19T14:17:32.112-0700][gc,heap       ] GC(952) Eden regions: 611->0(610)
[2021-04-19T14:17:32.112-0700][gc,heap       ] GC(952) Survivor regions: 3->4(77)
[2021-04-19T14:17:32.112-0700][gc,heap       ] GC(952) Old regions: 115->115
[2021-04-19T14:17:32.112-0700][gc,heap       ] GC(952) Humongous regions: 129->129
[2021-04-19T14:17:32.112-0700][gc,metaspace  ] GC(952) Metaspace: 42139K->42139K(1087488K)
[2021-04-19T14:17:32.112-0700][gc            ] GC(952) Pause Young (Normal) (G1 Evacuation Pause) 855M->245M(1024M) 9.408ms
[2021-04-19T14:17:32.112-0700][gc,cpu        ] GC(952) User=0.06s Sys=0.00s Real=0.01s
[2021-04-19T14:20:50.392-0700][gc,start      ] GC(953) Pause Young (Normal) (G1 Evacuation Pause)
[2021-04-19T14:20:50.392-0700][gc,task       ] GC(953) Using 8 workers of 8 for evacuation
[2021-04-19T14:20:50.399-0700][gc,phases     ] GC(953)   Pre Evacuate Collection Set: 0.0ms
[2021-04-19T14:20:50.399-0700][gc,phases     ] GC(953)   Evacuate Collection Set: 6.2ms
[2021-04-19T14:20:50.399-0700][gc,phases     ] GC(953)   Post Evacuate Collection Set: 0.5ms
[2021-04-19T14:20:50.399-0700][gc,phases     ] GC(953)   Other: 0.4ms
[2021-04-19T14:20:50.399-0700][gc,heap       ] GC(953) Eden regions: 610->0(610)
[2021-04-19T14:20:50.399-0700][gc,heap       ] GC(953) Survivor regions: 4->4(77)
[2021-04-19T14:20:50.399-0700][gc,heap       ] GC(953) Old regions: 115->115
[2021-04-19T14:20:50.399-0700][gc,heap       ] GC(953) Humongous regions: 129->129
[2021-04-19T14:20:50.399-0700][gc,metaspace  ] GC(953) Metaspace: 42139K->42139K(1087488K)
[2021-04-19T14:20:50.399-0700][gc            ] GC(953) Pause Young (Normal) (G1 Evacuation Pause) 855M->245M(1024M) 7.164ms
[2021-04-19T14:20:50.399-0700][gc,cpu        ] GC(953) User=0.05s Sys=0.00s Real=0.01s
[2021-04-19T14:24:08.796-0700][gc,start      ] GC(954) Pause Young (Normal) (G1 Evacuation Pause)
[2021-04-19T14:24:08.796-0700][gc,task       ] GC(954) Using 8 workers of 8 for evacuation
[2021-04-19T14:24:08.806-0700][gc,phases     ] GC(954)   Pre Evacuate Collection Set: 0.1ms
[2021-04-19T14:24:08.806-0700][gc,phases     ] GC(954)   Evacuate Collection Set: 7.3ms
[2021-04-19T14:24:08.806-0700][gc,phases     ] GC(954)   Post Evacuate Collection Set: 1.4ms
[2021-04-19T14:24:08.806-0700][gc,phases     ] GC(954)   Other: 0.5ms
[2021-04-19T14:24:08.806-0700][gc,heap       ] GC(954) Eden regions: 610->0(611)
[2021-04-19T14:24:08.806-0700][gc,heap       ] GC(954) Survivor regions: 4->3(77)
[2021-04-19T14:24:08.806-0700][gc,heap       ] GC(954) Old regions: 115->115
[2021-04-19T14:24:08.806-0700][gc,heap       ] GC(954) Humongous regions: 129->129
[2021-04-19T14:24:08.806-0700][gc,metaspace  ] GC(954) Metaspace: 42139K->42139K(1087488K)
[2021-04-19T14:24:08.806-0700][gc            ] GC(954) Pause Young (Normal) (G1 Evacuation Pause) 855M->244M(1024M) 9.446ms
[2021-04-19T14:24:08.806-0700][gc,cpu        ] GC(954) User=0.05s Sys=0.01s Real=0.01s
[2021-04-19T14:27:26.372-0700][gc,start      ] GC(955) Pause Young (Normal) (G1 Evacuation Pause)
[2021-04-19T14:27:26.372-0700][gc,task       ] GC(955) Using 8 workers of 8 for evacuation
[2021-04-19T14:27:26.376-0700][gc,phases     ] GC(955)   Pre Evacuate Collection Set: 0.0ms
[2021-04-19T14:27:26.376-0700][gc,phases     ] GC(955)   Evacuate Collection Set: 3.1ms
[2021-04-19T14:27:26.376-0700][gc,phases     ] GC(955)   Post Evacuate Collection Set: 0.7ms
[2021-04-19T14:27:26.376-0700][gc,phases     ] GC(955)   Other: 0.3ms
[2021-04-19T14:27:26.376-0700][gc,heap       ] GC(955) Eden regions: 611->0(610)
[2021-04-19T14:27:26.376-0700][gc,heap       ] GC(955) Survivor regions: 3->4(77)
[2021-04-19T14:27:26.376-0700][gc,heap       ] GC(955) Old regions: 115->115
[2021-04-19T14:27:26.376-0700][gc,heap       ] GC(955) Humongous regions: 129->129
[2021-04-19T14:27:26.376-0700][gc,metaspace  ] GC(955) Metaspace: 42139K->42139K(1087488K)
[2021-04-19T14:27:26.376-0700][gc            ] GC(955) Pause Young (Normal) (G1 Evacuation Pause) 855M->245M(1024M) 4.137ms
[2021-04-19T14:27:26.376-0700][gc,cpu        ] GC(955) User=0.02s Sys=0.00s Real=0.00s
[2021-04-19T14:30:43.869-0700][gc,start      ] GC(956) Pause Young (Normal) (G1 Evacuation Pause)
[2021-04-19T14:30:43.869-0700][gc,task       ] GC(956) Using 8 workers of 8 for evacuation
[2021-04-19T14:30:43.877-0700][gc,phases     ] GC(956)   Pre Evacuate Collection Set: 0.0ms
[2021-04-19T14:30:43.877-0700][gc,phases     ] GC(956)   Evacuate Collection Set: 6.5ms
[2021-04-19T14:30:43.877-0700][gc,phases     ] GC(956)   Post Evacuate Collection Set: 1.5ms
[2021-04-19T14:30:43.877-0700][gc,phases     ] GC(956)   Other: 0.5ms
[2021-04-19T14:30:43.877-0700][gc,heap       ] GC(956) Eden regions: 610->0(610)
[2021-04-19T14:30:43.877-0700][gc,heap       ] GC(956) Survivor regions: 4->4(77)
[2021-04-19T14:30:43.877-0700][gc,heap       ] GC(956) Old regions: 115->115
[2021-04-19T14:30:43.877-0700][gc,heap       ] GC(956) Humongous regions: 129->129
[2021-04-19T14:30:43.877-0700][gc,metaspace  ] GC(956) Metaspace: 42139K->42139K(1087488K)
[2021-04-19T14:30:43.878-0700][gc            ] GC(956) Pause Young (Normal) (G1 Evacuation Pause) 855M->245M(1024M) 8.798ms
[2021-04-19T14:30:43.878-0700][gc,cpu        ] GC(956) User=0.06s Sys=0.00s Real=0.01s
[2021-04-19T14:34:02.062-0700][gc,start      ] GC(957) Pause Young (Normal) (G1 Evacuation Pause)
[2021-04-19T14:34:02.062-0700][gc,task       ] GC(957) Using 8 workers of 8 for evacuation
[2021-04-19T14:34:02.069-0700][gc,phases     ] GC(957)   Pre Evacuate Collection Set: 0.0ms
[2021-04-19T14:34:02.070-0700][gc,phases     ] GC(957)   Evacuate Collection Set: 6.0ms
[2021-04-19T14:34:02.070-0700][gc,phases     ] GC(957)   Post Evacuate Collection Set: 1.3ms
[2021-04-19T14:34:02.070-0700][gc,phases     ] GC(957)   Other: 0.5ms
[2021-04-19T14:34:02.070-0700][gc,heap       ] GC(957) Eden regions: 610->0(611)
[2021-04-19T14:34:02.070-0700][gc,heap       ] GC(957) Survivor regions: 4->3(77)
[2021-04-19T14:34:02.070-0700][gc,heap       ] GC(957) Old regions: 115->115
[2021-04-19T14:34:02.070-0700][gc,heap       ] GC(957) Humongous regions: 129->129
[2021-04-19T14:34:02.070-0700][gc,metaspace  ] GC(957) Metaspace: 42139K->42139K(1087488K)
[2021-04-19T14:34:02.070-0700][gc            ] GC(957) Pause Young (Normal) (G1 Evacuation Pause) 855M->244M(1024M) 8.087ms
[2021-04-19T14:34:02.070-0700][gc,cpu        ] GC(957) User=0.05s Sys=0.00s Real=0.01s
[2021-04-19T14:37:19.742-0700][gc,start      ] GC(958) Pause Young (Normal) (G1 Evacuation Pause)
[2021-04-19T14:37:19.742-0700][gc,task       ] GC(958) Using 8 workers of 8 for evacuation
[2021-04-19T14:37:19.752-0700][gc,phases     ] GC(958)   Pre Evacuate Collection Set: 0.0ms
[2021-04-19T14:37:19.752-0700][gc,phases     ] GC(958)   Evacuate Collection Set: 8.4ms
[2021-04-19T14:37:19.753-0700][gc,phases     ] GC(958)   Post Evacuate Collection Set: 1.4ms
[2021-04-19T14:37:19.753-0700][gc,phases     ] GC(958)   Other: 0.5ms
[2021-04-19T14:37:19.753-0700][gc,heap       ] GC(958) Eden regions: 611->0(610)
[2021-04-19T14:37:19.753-0700][gc,heap       ] GC(958) Survivor regions: 3->4(77)
[2021-04-19T14:37:19.753-0700][gc,heap       ] GC(958) Old regions: 115->115
[2021-04-19T14:37:19.753-0700][gc,heap       ] GC(958) Humongous regions: 129->129
[2021-04-19T14:37:19.753-0700][gc,metaspace  ] GC(958) Metaspace: 42139K->42139K(1087488K)
[2021-04-19T14:37:19.753-0700][gc            ] GC(958) Pause Young (Normal) (G1 Evacuation Pause) 855M->245M(1024M) 10.582ms
[2021-04-19T14:37:19.753-0700][gc,cpu        ] GC(958) User=0.07s Sys=0.00s Real=0.01s
[2021-04-19T14:40:37.801-0700][gc,start      ] GC(959) Pause Young (Normal) (G1 Evacuation Pause)
[2021-04-19T14:40:37.801-0700][gc,task       ] GC(959) Using 8 workers of 8 for evacuation
[2021-04-19T14:40:37.814-0700][gc,phases     ] GC(959)   Pre Evacuate Collection Set: 0.0ms
[2021-04-19T14:40:37.814-0700][gc,phases     ] GC(959)   Evacuate Collection Set: 11.3ms
[2021-04-19T14:40:37.814-0700][gc,phases     ] GC(959)   Post Evacuate Collection Set: 1.3ms
[2021-04-19T14:40:37.814-0700][gc,phases     ] GC(959)   Other: 0.5ms
[2021-04-19T14:40:37.814-0700][gc,heap       ] GC(959) Eden regions: 610->0(610)
[2021-04-19T14:40:37.814-0700][gc,heap       ] GC(959) Survivor regions: 4->4(77)
[2021-04-19T14:40:37.814-0700][gc,heap       ] GC(959) Old regions: 115->115
[2021-04-19T14:40:37.815-0700][gc,heap       ] GC(959) Humongous regions: 129->129
[2021-04-19T14:40:37.815-0700][gc,metaspace  ] GC(959) Metaspace: 42139K->42139K(1087488K)
[2021-04-19T14:40:37.815-0700][gc            ] GC(959) Pause Young (Normal) (G1 Evacuation Pause) 855M->245M(1024M) 13.431ms
[2021-04-19T14:40:37.815-0700][gc,cpu        ] GC(959) User=0.07s Sys=0.00s Real=0.01s
[2021-04-19T14:43:55.773-0700][gc,start      ] GC(960) Pause Young (Normal) (G1 Evacuation Pause)
[2021-04-19T14:43:55.773-0700][gc,task       ] GC(960) Using 8 workers of 8 for evacuation
[2021-04-19T14:43:55.782-0700][gc,phases     ] GC(960)   Pre Evacuate Collection Set: 0.1ms
[2021-04-19T14:43:55.782-0700][gc,phases     ] GC(960)   Evacuate Collection Set: 6.6ms
[2021-04-19T14:43:55.782-0700][gc,phases     ] GC(960)   Post Evacuate Collection Set: 1.4ms
[2021-04-19T14:43:55.782-0700][gc,phases     ] GC(960)   Other: 0.6ms
[2021-04-19T14:43:55.782-0700][gc,heap       ] GC(960) Eden regions: 610->0(611)
[2021-04-19T14:43:55.782-0700][gc,heap       ] GC(960) Survivor regions: 4->3(77)
[2021-04-19T14:43:55.782-0700][gc,heap       ] GC(960) Old regions: 115->115
[2021-04-19T14:43:55.782-0700][gc,heap       ] GC(960) Humongous regions: 129->129
[2021-04-19T14:43:55.782-0700][gc,metaspace  ] GC(960) Metaspace: 42139K->42139K(1087488K)
[2021-04-19T14:43:55.782-0700][gc            ] GC(960) Pause Young (Normal) (G1 Evacuation Pause) 855M->244M(1024M) 8.806ms
[2021-04-19T14:43:55.782-0700][gc,cpu        ] GC(960) User=0.05s Sys=0.01s Real=0.01s
[2021-04-19T14:47:12.907-0700][gc,start      ] GC(961) Pause Young (Normal) (G1 Evacuation Pause)
[2021-04-19T14:47:12.908-0700][gc,task       ] GC(961) Using 8 workers of 8 for evacuation
[2021-04-19T14:47:12.911-0700][gc,phases     ] GC(961)   Pre Evacuate Collection Set: 0.0ms
[2021-04-19T14:47:12.912-0700][gc,phases     ] GC(961)   Evacuate Collection Set: 3.0ms
[2021-04-19T14:47:12.912-0700][gc,phases     ] GC(961)   Post Evacuate Collection Set: 0.7ms
[2021-04-19T14:47:12.912-0700][gc,phases     ] GC(961)   Other: 0.2ms
[2021-04-19T14:47:12.912-0700][gc,heap       ] GC(961) Eden regions: 611->0(610)
[2021-04-19T14:47:12.912-0700][gc,heap       ] GC(961) Survivor regions: 3->4(77)
[2021-04-19T14:47:12.912-0700][gc,heap       ] GC(961) Old regions: 115->115
[2021-04-19T14:47:12.912-0700][gc,heap       ] GC(961) Humongous regions: 129->129
[2021-04-19T14:47:12.912-0700][gc,metaspace  ] GC(961) Metaspace: 42139K->42139K(1087488K)
[2021-04-19T14:47:12.912-0700][gc            ] GC(961) Pause Young (Normal) (G1 Evacuation Pause) 855M->245M(1024M) 4.095ms
[2021-04-19T14:47:12.912-0700][gc,cpu        ] GC(961) User=0.03s Sys=0.00s Real=0.01s
[2021-04-19T14:50:30.393-0700][gc,start      ] GC(962) Pause Young (Normal) (G1 Evacuation Pause)
[2021-04-19T14:50:30.393-0700][gc,task       ] GC(962) Using 8 workers of 8 for evacuation
[2021-04-19T14:50:30.403-0700][gc,phases     ] GC(962)   Pre Evacuate Collection Set: 0.0ms
[2021-04-19T14:50:30.403-0700][gc,phases     ] GC(962)   Evacuate Collection Set: 7.4ms
[2021-04-19T14:50:30.403-0700][gc,phases     ] GC(962)   Post Evacuate Collection Set: 1.5ms
[2021-04-19T14:50:30.403-0700][gc,phases     ] GC(962)   Other: 0.5ms
[2021-04-19T14:50:30.403-0700][gc,heap       ] GC(962) Eden regions: 610->0(611)
[2021-04-19T14:50:30.403-0700][gc,heap       ] GC(962) Survivor regions: 4->3(77)
[2021-04-19T14:50:30.403-0700][gc,heap       ] GC(962) Old regions: 115->115
[2021-04-19T14:50:30.403-0700][gc,heap       ] GC(962) Humongous regions: 129->129
[2021-04-19T14:50:30.403-0700][gc,metaspace  ] GC(962) Metaspace: 42139K->42139K(1087488K)
[2021-04-19T14:50:30.403-0700][gc            ] GC(962) Pause Young (Normal) (G1 Evacuation Pause) 855M->245M(1024M) 9.683ms
[2021-04-19T14:50:30.403-0700][gc,cpu        ] GC(962) User=0.06s Sys=0.00s Real=0.01s
[2021-04-19T14:53:48.539-0700][gc,start      ] GC(963) Pause Young (Normal) (G1 Evacuation Pause)
[2021-04-19T14:53:48.539-0700][gc,task       ] GC(963) Using 8 workers of 8 for evacuation
[2021-04-19T14:53:48.548-0700][gc,phases     ] GC(963)   Pre Evacuate Collection Set: 0.0ms
[2021-04-19T14:53:48.548-0700][gc,phases     ] GC(963)   Evacuate Collection Set: 6.8ms
[2021-04-19T14:53:48.548-0700][gc,phases     ] GC(963)   Post Evacuate Collection Set: 1.3ms
[2021-04-19T14:53:48.548-0700][gc,phases     ] GC(963)   Other: 0.5ms
[2021-04-19T14:53:48.548-0700][gc,heap       ] GC(963) Eden regions: 611->0(610)
[2021-04-19T14:53:48.548-0700][gc,heap       ] GC(963) Survivor regions: 3->4(77)
[2021-04-19T14:53:48.548-0700][gc,heap       ] GC(963) Old regions: 115->115
[2021-04-19T14:53:48.548-0700][gc,heap       ] GC(963) Humongous regions: 129->129
[2021-04-19T14:53:48.548-0700][gc,metaspace  ] GC(963) Metaspace: 42142K->42142K(1087488K)
[2021-04-19T14:53:48.548-0700][gc            ] GC(963) Pause Young (Normal) (G1 Evacuation Pause) 856M->246M(1024M) 8.881ms
[2021-04-19T14:53:48.548-0700][gc,cpu        ] GC(963) User=0.05s Sys=0.00s Real=0.00s
[2021-04-19T14:57:06.150-0700][gc,start      ] GC(964) Pause Young (Normal) (G1 Evacuation Pause)
[2021-04-19T14:57:06.150-0700][gc,task       ] GC(964) Using 8 workers of 8 for evacuation
[2021-04-19T14:57:06.157-0700][gc,phases     ] GC(964)   Pre Evacuate Collection Set: 0.0ms
[2021-04-19T14:57:06.157-0700][gc,phases     ] GC(964)   Evacuate Collection Set: 5.8ms
[2021-04-19T14:57:06.157-0700][gc,phases     ] GC(964)   Post Evacuate Collection Set: 1.1ms
[2021-04-19T14:57:06.157-0700][gc,phases     ] GC(964)   Other: 0.5ms
[2021-04-19T14:57:06.157-0700][gc,heap       ] GC(964) Eden regions: 610->0(611)
[2021-04-19T14:57:06.157-0700][gc,heap       ] GC(964) Survivor regions: 4->3(77)
[2021-04-19T14:57:06.157-0700][gc,heap       ] GC(964) Old regions: 115->116
[2021-04-19T14:57:06.157-0700][gc,heap       ] GC(964) Humongous regions: 129->129
[2021-04-19T14:57:06.157-0700][gc,metaspace  ] GC(964) Metaspace: 42142K->42142K(1087488K)
[2021-04-19T14:57:06.157-0700][gc            ] GC(964) Pause Young (Normal) (G1 Evacuation Pause) 856M->245M(1024M) 7.671ms
[2021-04-19T14:57:06.157-0700][gc,cpu        ] GC(964) User=0.04s Sys=0.00s Real=0.01s
[2021-04-19T15:00:25.179-0700][gc,start      ] GC(965) Pause Young (Normal) (G1 Evacuation Pause)
[2021-04-19T15:00:25.179-0700][gc,task       ] GC(965) Using 8 workers of 8 for evacuation
[2021-04-19T15:00:25.186-0700][gc,phases     ] GC(965)   Pre Evacuate Collection Set: 0.0ms
[2021-04-19T15:00:25.186-0700][gc,phases     ] GC(965)   Evacuate Collection Set: 4.9ms
[2021-04-19T15:00:25.186-0700][gc,phases     ] GC(965)   Post Evacuate Collection Set: 1.1ms
[2021-04-19T15:00:25.186-0700][gc,phases     ] GC(965)   Other: 0.5ms
[2021-04-19T15:00:25.186-0700][gc,heap       ] GC(965) Eden regions: 611->0(611)
[2021-04-19T15:00:25.186-0700][gc,heap       ] GC(965) Survivor regions: 3->3(77)
[2021-04-19T15:00:25.186-0700][gc,heap       ] GC(965) Old regions: 116->116
[2021-04-19T15:00:25.186-0700][gc,heap       ] GC(965) Humongous regions: 129->129
[2021-04-19T15:00:25.186-0700][gc,metaspace  ] GC(965) Metaspace: 42142K->42142K(1087488K)
[2021-04-19T15:00:25.186-0700][gc            ] GC(965) Pause Young (Normal) (G1 Evacuation Pause) 856M->245M(1024M) 6.829ms
[2021-04-19T15:00:25.186-0700][gc,cpu        ] GC(965) User=0.04s Sys=0.00s Real=0.00s
[2021-04-19T15:03:44.383-0700][gc,start      ] GC(966) Pause Young (Normal) (G1 Evacuation Pause)
[2021-04-19T15:03:44.383-0700][gc,task       ] GC(966) Using 8 workers of 8 for evacuation
[2021-04-19T15:03:44.391-0700][gc,phases     ] GC(966)   Pre Evacuate Collection Set: 0.0ms
[2021-04-19T15:03:44.391-0700][gc,phases     ] GC(966)   Evacuate Collection Set: 6.7ms
[2021-04-19T15:03:44.391-0700][gc,phases     ] GC(966)   Post Evacuate Collection Set: 1.1ms
[2021-04-19T15:03:44.391-0700][gc,phases     ] GC(966)   Other: 0.5ms
[2021-04-19T15:03:44.391-0700][gc,heap       ] GC(966) Eden regions: 611->0(610)
[2021-04-19T15:03:44.391-0700][gc,heap       ] GC(966) Survivor regions: 3->4(77)
[2021-04-19T15:03:44.391-0700][gc,heap       ] GC(966) Old regions: 116->116
[2021-04-19T15:03:44.391-0700][gc,heap       ] GC(966) Humongous regions: 129->129
[2021-04-19T15:03:44.391-0700][gc,metaspace  ] GC(966) Metaspace: 42142K->42142K(1087488K)
[2021-04-19T15:03:44.391-0700][gc            ] GC(966) Pause Young (Normal) (G1 Evacuation Pause) 856M->246M(1024M) 8.637ms
[2021-04-19T15:03:44.391-0700][gc,cpu        ] GC(966) User=0.05s Sys=0.00s Real=0.01s
[2021-04-19T15:07:03.011-0700][gc,start      ] GC(967) Pause Young (Normal) (G1 Evacuation Pause)
[2021-04-19T15:07:03.011-0700][gc,task       ] GC(967) Using 8 workers of 8 for evacuation
[2021-04-19T15:07:03.019-0700][gc,phases     ] GC(967)   Pre Evacuate Collection Set: 0.0ms
[2021-04-19T15:07:03.019-0700][gc,phases     ] GC(967)   Evacuate Collection Set: 5.8ms
[2021-04-19T15:07:03.019-0700][gc,phases     ] GC(967)   Post Evacuate Collection Set: 1.1ms
[2021-04-19T15:07:03.019-0700][gc,phases     ] GC(967)   Other: 0.5ms
[2021-04-19T15:07:03.019-0700][gc,heap       ] GC(967) Eden regions: 610->0(610)
[2021-04-19T15:07:03.019-0700][gc,heap       ] GC(967) Survivor regions: 4->4(77)
[2021-04-19T15:07:03.019-0700][gc,heap       ] GC(967) Old regions: 116->116
[2021-04-19T15:07:03.019-0700][gc,heap       ] GC(967) Humongous regions: 129->129
[2021-04-19T15:07:03.019-0700][gc,metaspace  ] GC(967) Metaspace: 42142K->42142K(1087488K)
[2021-04-19T15:07:03.019-0700][gc            ] GC(967) Pause Young (Normal) (G1 Evacuation Pause) 856M->245M(1024M) 7.660ms
[2021-04-19T15:07:03.019-0700][gc,cpu        ] GC(967) User=0.05s Sys=0.00s Real=0.01s
[2021-04-19T15:10:21.521-0700][gc,start      ] GC(968) Pause Young (Normal) (G1 Evacuation Pause)
[2021-04-19T15:10:21.521-0700][gc,task       ] GC(968) Using 8 workers of 8 for evacuation
[2021-04-19T15:10:21.528-0700][gc,phases     ] GC(968)   Pre Evacuate Collection Set: 0.0ms
[2021-04-19T15:10:21.528-0700][gc,phases     ] GC(968)   Evacuate Collection Set: 5.3ms
[2021-04-19T15:10:21.528-0700][gc,phases     ] GC(968)   Post Evacuate Collection Set: 1.1ms
[2021-04-19T15:10:21.528-0700][gc,phases     ] GC(968)   Other: 0.5ms
[2021-04-19T15:10:21.528-0700][gc,heap       ] GC(968) Eden regions: 610->0(611)
[2021-04-19T15:10:21.528-0700][gc,heap       ] GC(968) Survivor regions: 4->3(77)
[2021-04-19T15:10:21.528-0700][gc,heap       ] GC(968) Old regions: 116->116
[2021-04-19T15:10:21.528-0700][gc,heap       ] GC(968) Humongous regions: 129->129
[2021-04-19T15:10:21.528-0700][gc,metaspace  ] GC(968) Metaspace: 42142K->42142K(1087488K)
[2021-04-19T15:10:21.528-0700][gc            ] GC(968) Pause Young (Normal) (G1 Evacuation Pause) 855M->245M(1024M) 7.211ms
[2021-04-19T15:10:21.528-0700][gc,cpu        ] GC(968) User=0.04s Sys=0.00s Real=0.00s
[2021-04-19T15:13:40.892-0700][gc,start      ] GC(969) Pause Young (Normal) (G1 Evacuation Pause)
[2021-04-19T15:13:40.892-0700][gc,task       ] GC(969) Using 8 workers of 8 for evacuation
[2021-04-19T15:13:40.898-0700][gc,phases     ] GC(969)   Pre Evacuate Collection Set: 0.0ms
[2021-04-19T15:13:40.898-0700][gc,phases     ] GC(969)   Evacuate Collection Set: 4.8ms
[2021-04-19T15:13:40.898-0700][gc,phases     ] GC(969)   Post Evacuate Collection Set: 0.5ms
[2021-04-19T15:13:40.898-0700][gc,phases     ] GC(969)   Other: 0.4ms
[2021-04-19T15:13:40.898-0700][gc,heap       ] GC(969) Eden regions: 611->0(611)
[2021-04-19T15:13:40.898-0700][gc,heap       ] GC(969) Survivor regions: 3->3(77)
[2021-04-19T15:13:40.898-0700][gc,heap       ] GC(969) Old regions: 116->116
[2021-04-19T15:13:40.898-0700][gc,heap       ] GC(969) Humongous regions: 129->129
[2021-04-19T15:13:40.898-0700][gc,metaspace  ] GC(969) Metaspace: 42142K->42142K(1087488K)
[2021-04-19T15:13:40.898-0700][gc            ] GC(969) Pause Young (Normal) (G1 Evacuation Pause) 856M->244M(1024M) 5.815ms
[2021-04-19T15:13:40.898-0700][gc,cpu        ] GC(969) User=0.04s Sys=0.00s Real=0.01s
[2021-04-19T15:17:00.033-0700][gc,start      ] GC(970) Pause Young (Normal) (G1 Evacuation Pause)
[2021-04-19T15:17:00.033-0700][gc,task       ] GC(970) Using 8 workers of 8 for evacuation
[2021-04-19T15:17:00.039-0700][gc,phases     ] GC(970)   Pre Evacuate Collection Set: 0.0ms
[2021-04-19T15:17:00.039-0700][gc,phases     ] GC(970)   Evacuate Collection Set: 5.1ms
[2021-04-19T15:17:00.039-0700][gc,phases     ] GC(970)   Post Evacuate Collection Set: 0.6ms
[2021-04-19T15:17:00.039-0700][gc,phases     ] GC(970)   Other: 0.4ms
[2021-04-19T15:17:00.039-0700][gc,heap       ] GC(970) Eden regions: 611->0(610)
[2021-04-19T15:17:00.039-0700][gc,heap       ] GC(970) Survivor regions: 3->4(77)
[2021-04-19T15:17:00.039-0700][gc,heap       ] GC(970) Old regions: 116->116
[2021-04-19T15:17:00.039-0700][gc,heap       ] GC(970) Humongous regions: 129->129
[2021-04-19T15:17:00.039-0700][gc,metaspace  ] GC(970) Metaspace: 42142K->42142K(1087488K)
[2021-04-19T15:17:00.039-0700][gc            ] GC(970) Pause Young (Normal) (G1 Evacuation Pause) 855M->246M(1024M) 6.187ms
[2021-04-19T15:17:00.039-0700][gc,cpu        ] GC(970) User=0.04s Sys=0.00s Real=0.01s
[2021-04-19T15:20:18.999-0700][gc,start      ] GC(971) Pause Young (Normal) (G1 Evacuation Pause)
[2021-04-19T15:20:18.999-0700][gc,task       ] GC(971) Using 8 workers of 8 for evacuation
[2021-04-19T15:20:19.006-0700][gc,phases     ] GC(971)   Pre Evacuate Collection Set: 0.0ms
[2021-04-19T15:20:19.007-0700][gc,phases     ] GC(971)   Evacuate Collection Set: 5.8ms
[2021-04-19T15:20:19.007-0700][gc,phases     ] GC(971)   Post Evacuate Collection Set: 1.3ms
[2021-04-19T15:20:19.007-0700][gc,phases     ] GC(971)   Other: 0.5ms
[2021-04-19T15:20:19.007-0700][gc,heap       ] GC(971) Eden regions: 610->0(611)
[2021-04-19T15:20:19.007-0700][gc,heap       ] GC(971) Survivor regions: 4->3(77)
[2021-04-19T15:20:19.007-0700][gc,heap       ] GC(971) Old regions: 116->116
[2021-04-19T15:20:19.007-0700][gc,heap       ] GC(971) Humongous regions: 129->129
[2021-04-19T15:20:19.007-0700][gc,metaspace  ] GC(971) Metaspace: 42142K->42142K(1087488K)
[2021-04-19T15:20:19.007-0700][gc            ] GC(971) Pause Young (Normal) (G1 Evacuation Pause) 856M->245M(1024M) 7.883ms
[2021-04-19T15:20:19.007-0700][gc,cpu        ] GC(971) User=0.05s Sys=0.00s Real=0.00s
[2021-04-19T15:23:38.275-0700][gc,start      ] GC(972) Pause Young (Normal) (G1 Evacuation Pause)
[2021-04-19T15:23:38.275-0700][gc,task       ] GC(972) Using 8 workers of 8 for evacuation
[2021-04-19T15:23:38.282-0700][gc,phases     ] GC(972)   Pre Evacuate Collection Set: 0.0ms
[2021-04-19T15:23:38.282-0700][gc,phases     ] GC(972)   Evacuate Collection Set: 5.5ms
[2021-04-19T15:23:38.282-0700][gc,phases     ] GC(972)   Post Evacuate Collection Set: 1.2ms
[2021-04-19T15:23:38.282-0700][gc,phases     ] GC(972)   Other: 0.5ms
[2021-04-19T15:23:38.282-0700][gc,heap       ] GC(972) Eden regions: 611->0(611)
[2021-04-19T15:23:38.282-0700][gc,heap       ] GC(972) Survivor regions: 3->3(77)
[2021-04-19T15:23:38.282-0700][gc,heap       ] GC(972) Old regions: 116->116
[2021-04-19T15:23:38.282-0700][gc,heap       ] GC(972) Humongous regions: 129->129
[2021-04-19T15:23:38.282-0700][gc,metaspace  ] GC(972) Metaspace: 42142K->42142K(1087488K)
[2021-04-19T15:23:38.282-0700][gc            ] GC(972) Pause Young (Normal) (G1 Evacuation Pause) 856M->245M(1024M) 7.474ms
[2021-04-19T15:23:38.282-0700][gc,cpu        ] GC(972) User=0.04s Sys=0.01s Real=0.01s
[2021-04-19T15:26:57.367-0700][gc,start      ] GC(973) Pause Young (Normal) (G1 Evacuation Pause)
[2021-04-19T15:26:57.367-0700][gc,task       ] GC(973) Using 8 workers of 8 for evacuation
[2021-04-19T15:26:57.374-0700][gc,phases     ] GC(973)   Pre Evacuate Collection Set: 0.0ms
[2021-04-19T15:26:57.374-0700][gc,phases     ] GC(973)   Evacuate Collection Set: 4.9ms
[2021-04-19T15:26:57.374-0700][gc,phases     ] GC(973)   Post Evacuate Collection Set: 1.3ms
[2021-04-19T15:26:57.374-0700][gc,phases     ] GC(973)   Other: 0.5ms
[2021-04-19T15:26:57.374-0700][gc,heap       ] GC(973) Eden regions: 611->0(611)
[2021-04-19T15:26:57.374-0700][gc,heap       ] GC(973) Survivor regions: 3->3(77)
[2021-04-19T15:26:57.374-0700][gc,heap       ] GC(973) Old regions: 116->116
[2021-04-19T15:26:57.374-0700][gc,heap       ] GC(973) Humongous regions: 129->129
[2021-04-19T15:26:57.374-0700][gc,metaspace  ] GC(973) Metaspace: 42142K->42142K(1087488K)
[2021-04-19T15:26:57.374-0700][gc            ] GC(973) Pause Young (Normal) (G1 Evacuation Pause) 856M->245M(1024M) 6.960ms
[2021-04-19T15:26:57.374-0700][gc,cpu        ] GC(973) User=0.05s Sys=0.00s Real=0.01s
[2021-04-19T15:30:16.454-0700][gc,start      ] GC(974) Pause Young (Normal) (G1 Evacuation Pause)
[2021-04-19T15:30:16.454-0700][gc,task       ] GC(974) Using 8 workers of 8 for evacuation
[2021-04-19T15:30:16.461-0700][gc,phases     ] GC(974)   Pre Evacuate Collection Set: 0.0ms
[2021-04-19T15:30:16.461-0700][gc,phases     ] GC(974)   Evacuate Collection Set: 5.6ms
[2021-04-19T15:30:16.461-0700][gc,phases     ] GC(974)   Post Evacuate Collection Set: 0.5ms
[2021-04-19T15:30:16.461-0700][gc,phases     ] GC(974)   Other: 0.4ms
[2021-04-19T15:30:16.461-0700][gc,heap       ] GC(974) Eden regions: 611->0(610)
[2021-04-19T15:30:16.461-0700][gc,heap       ] GC(974) Survivor regions: 3->4(77)
[2021-04-19T15:30:16.461-0700][gc,heap       ] GC(974) Old regions: 116->116
[2021-04-19T15:30:16.461-0700][gc,heap       ] GC(974) Humongous regions: 129->129
[2021-04-19T15:30:16.461-0700][gc,metaspace  ] GC(974) Metaspace: 42142K->42142K(1087488K)
[2021-04-19T15:30:16.461-0700][gc            ] GC(974) Pause Young (Normal) (G1 Evacuation Pause) 856M->246M(1024M) 6.614ms
[2021-04-19T15:30:16.461-0700][gc,cpu        ] GC(974) User=0.05s Sys=0.00s Real=0.01s
[2021-04-19T15:33:35.162-0700][gc,start      ] GC(975) Pause Young (Normal) (G1 Evacuation Pause)
[2021-04-19T15:33:35.162-0700][gc,task       ] GC(975) Using 8 workers of 8 for evacuation
[2021-04-19T15:33:35.169-0700][gc,phases     ] GC(975)   Pre Evacuate Collection Set: 0.0ms
[2021-04-19T15:33:35.169-0700][gc,phases     ] GC(975)   Evacuate Collection Set: 5.2ms
[2021-04-19T15:33:35.169-0700][gc,phases     ] GC(975)   Post Evacuate Collection Set: 1.1ms
[2021-04-19T15:33:35.169-0700][gc,phases     ] GC(975)   Other: 0.5ms
[2021-04-19T15:33:35.169-0700][gc,heap       ] GC(975) Eden regions: 610->0(611)
[2021-04-19T15:33:35.169-0700][gc,heap       ] GC(975) Survivor regions: 4->3(77)
[2021-04-19T15:33:35.169-0700][gc,heap       ] GC(975) Old regions: 116->116
[2021-04-19T15:33:35.169-0700][gc,heap       ] GC(975) Humongous regions: 129->129
[2021-04-19T15:33:35.169-0700][gc,metaspace  ] GC(975) Metaspace: 42142K->42142K(1087488K)
[2021-04-19T15:33:35.169-0700][gc            ] GC(975) Pause Young (Normal) (G1 Evacuation Pause) 856M->245M(1024M) 7.050ms
[2021-04-19T15:33:35.169-0700][gc,cpu        ] GC(975) User=0.04s Sys=0.00s Real=0.01s
[2021-04-19T15:36:54.078-0700][gc,start      ] GC(976) Pause Young (Normal) (G1 Evacuation Pause)
[2021-04-19T15:36:54.078-0700][gc,task       ] GC(976) Using 8 workers of 8 for evacuation
[2021-04-19T15:36:54.085-0700][gc,phases     ] GC(976)   Pre Evacuate Collection Set: 0.1ms
[2021-04-19T15:36:54.085-0700][gc,phases     ] GC(976)   Evacuate Collection Set: 4.8ms
[2021-04-19T15:36:54.085-0700][gc,phases     ] GC(976)   Post Evacuate Collection Set: 1.3ms
[2021-04-19T15:36:54.085-0700][gc,phases     ] GC(976)   Other: 0.6ms
[2021-04-19T15:36:54.085-0700][gc,heap       ] GC(976) Eden regions: 611->0(611)
[2021-04-19T15:36:54.085-0700][gc,heap       ] GC(976) Survivor regions: 3->3(77)
[2021-04-19T15:36:54.085-0700][gc,heap       ] GC(976) Old regions: 116->116
[2021-04-19T15:36:54.085-0700][gc,heap       ] GC(976) Humongous regions: 129->129
[2021-04-19T15:36:54.085-0700][gc,metaspace  ] GC(976) Metaspace: 42142K->42142K(1087488K)
[2021-04-19T15:36:54.085-0700][gc            ] GC(976) Pause Young (Normal) (G1 Evacuation Pause) 856M->245M(1024M) 6.964ms
[2021-04-19T15:36:54.085-0700][gc,cpu        ] GC(976) User=0.04s Sys=0.00s Real=0.00s
[2021-04-19T15:40:12.728-0700][gc,start      ] GC(977) Pause Young (Normal) (G1 Evacuation Pause)
[2021-04-19T15:40:12.728-0700][gc,task       ] GC(977) Using 8 workers of 8 for evacuation
[2021-04-19T15:40:12.731-0700][gc,phases     ] GC(977)   Pre Evacuate Collection Set: 0.0ms
[2021-04-19T15:40:12.731-0700][gc,phases     ] GC(977)   Evacuate Collection Set: 2.5ms
[2021-04-19T15:40:12.731-0700][gc,phases     ] GC(977)   Post Evacuate Collection Set: 0.4ms
[2021-04-19T15:40:12.731-0700][gc,phases     ] GC(977)   Other: 0.2ms
[2021-04-19T15:40:12.731-0700][gc,heap       ] GC(977) Eden regions: 611->0(610)
[2021-04-19T15:40:12.731-0700][gc,heap       ] GC(977) Survivor regions: 3->4(77)
[2021-04-19T15:40:12.731-0700][gc,heap       ] GC(977) Old regions: 116->116
[2021-04-19T15:40:12.731-0700][gc,heap       ] GC(977) Humongous regions: 129->129
[2021-04-19T15:40:12.731-0700][gc,metaspace  ] GC(977) Metaspace: 42142K->42142K(1087488K)
[2021-04-19T15:40:12.731-0700][gc            ] GC(977) Pause Young (Normal) (G1 Evacuation Pause) 856M->246M(1024M) 3.211ms
[2021-04-19T15:40:12.731-0700][gc,cpu        ] GC(977) User=0.02s Sys=0.00s Real=0.01s
[2021-04-19T15:43:28.858-0700][gc,start      ] GC(978) Pause Young (Normal) (G1 Evacuation Pause)
[2021-04-19T15:43:28.858-0700][gc,task       ] GC(978) Using 8 workers of 8 for evacuation
[2021-04-19T15:43:28.861-0700][gc,phases     ] GC(978)   Pre Evacuate Collection Set: 0.0ms
[2021-04-19T15:43:28.861-0700][gc,phases     ] GC(978)   Evacuate Collection Set: 2.8ms
[2021-04-19T15:43:28.861-0700][gc,phases     ] GC(978)   Post Evacuate Collection Set: 0.5ms
[2021-04-19T15:43:28.861-0700][gc,phases     ] GC(978)   Other: 0.2ms
[2021-04-19T15:43:28.861-0700][gc,heap       ] GC(978) Eden regions: 610->0(611)
[2021-04-19T15:43:28.861-0700][gc,heap       ] GC(978) Survivor regions: 4->3(77)
[2021-04-19T15:43:28.861-0700][gc,heap       ] GC(978) Old regions: 116->116
[2021-04-19T15:43:28.861-0700][gc,heap       ] GC(978) Humongous regions: 129->129
[2021-04-19T15:43:28.861-0700][gc,metaspace  ] GC(978) Metaspace: 42142K->42142K(1087488K)
[2021-04-19T15:43:28.861-0700][gc            ] GC(978) Pause Young (Normal) (G1 Evacuation Pause) 856M->246M(1024M) 3.558ms
[2021-04-19T15:43:28.861-0700][gc,cpu        ] GC(978) User=0.01s Sys=0.00s Real=0.00s
[2021-04-19T15:46:47.319-0700][gc,start      ] GC(979) Pause Young (Normal) (G1 Evacuation Pause)
[2021-04-19T15:46:47.319-0700][gc,task       ] GC(979) Using 8 workers of 8 for evacuation
[2021-04-19T15:46:47.326-0700][gc,phases     ] GC(979)   Pre Evacuate Collection Set: 0.0ms
[2021-04-19T15:46:47.327-0700][gc,phases     ] GC(979)   Evacuate Collection Set: 5.6ms
[2021-04-19T15:46:47.327-0700][gc,phases     ] GC(979)   Post Evacuate Collection Set: 1.1ms
[2021-04-19T15:46:47.327-0700][gc,phases     ] GC(979)   Other: 0.5ms
[2021-04-19T15:46:47.327-0700][gc,heap       ] GC(979) Eden regions: 611->0(611)
[2021-04-19T15:46:47.327-0700][gc,heap       ] GC(979) Survivor regions: 3->3(77)
[2021-04-19T15:46:47.327-0700][gc,heap       ] GC(979) Old regions: 116->116
[2021-04-19T15:46:47.327-0700][gc,heap       ] GC(979) Humongous regions: 129->129
[2021-04-19T15:46:47.327-0700][gc,metaspace  ] GC(979) Metaspace: 42142K->42142K(1087488K)
[2021-04-19T15:46:47.327-0700][gc            ] GC(979) Pause Young (Normal) (G1 Evacuation Pause) 857M->245M(1024M) 7.364ms
[2021-04-19T15:46:47.327-0700][gc,cpu        ] GC(979) User=0.05s Sys=0.00s Real=0.00s
[2021-04-19T15:50:06.378-0700][gc,start      ] GC(980) Pause Young (Normal) (G1 Evacuation Pause)
[2021-04-19T15:50:06.378-0700][gc,task       ] GC(980) Using 8 workers of 8 for evacuation
[2021-04-19T15:50:06.384-0700][gc,phases     ] GC(980)   Pre Evacuate Collection Set: 0.0ms
[2021-04-19T15:50:06.385-0700][gc,phases     ] GC(980)   Evacuate Collection Set: 5.2ms
[2021-04-19T15:50:06.385-0700][gc,phases     ] GC(980)   Post Evacuate Collection Set: 1.3ms
[2021-04-19T15:50:06.385-0700][gc,phases     ] GC(980)   Other: 0.5ms
[2021-04-19T15:50:06.385-0700][gc,heap       ] GC(980) Eden regions: 611->0(611)
[2021-04-19T15:50:06.385-0700][gc,heap       ] GC(980) Survivor regions: 3->3(77)
[2021-04-19T15:50:06.385-0700][gc,heap       ] GC(980) Old regions: 116->116
[2021-04-19T15:50:06.385-0700][gc,heap       ] GC(980) Humongous regions: 129->129
[2021-04-19T15:50:06.385-0700][gc,metaspace  ] GC(980) Metaspace: 42142K->42142K(1087488K)
[2021-04-19T15:50:06.385-0700][gc            ] GC(980) Pause Young (Normal) (G1 Evacuation Pause) 856M->245M(1024M) 7.273ms
[2021-04-19T15:50:06.385-0700][gc,cpu        ] GC(980) User=0.03s Sys=0.01s Real=0.00s
[2021-04-19T15:53:25.498-0700][gc,start      ] GC(981) Pause Young (Normal) (G1 Evacuation Pause)
[2021-04-19T15:53:25.498-0700][gc,task       ] GC(981) Using 8 workers of 8 for evacuation
[2021-04-19T15:53:25.505-0700][gc,phases     ] GC(981)   Pre Evacuate Collection Set: 0.0ms
[2021-04-19T15:53:25.505-0700][gc,phases     ] GC(981)   Evacuate Collection Set: 4.9ms
[2021-04-19T15:53:25.505-0700][gc,phases     ] GC(981)   Post Evacuate Collection Set: 1.2ms
[2021-04-19T15:53:25.505-0700][gc,phases     ] GC(981)   Other: 0.5ms
[2021-04-19T15:53:25.505-0700][gc,heap       ] GC(981) Eden regions: 611->0(611)
[2021-04-19T15:53:25.505-0700][gc,heap       ] GC(981) Survivor regions: 3->3(77)
[2021-04-19T15:53:25.505-0700][gc,heap       ] GC(981) Old regions: 116->116
[2021-04-19T15:53:25.505-0700][gc,heap       ] GC(981) Humongous regions: 129->129
[2021-04-19T15:53:25.505-0700][gc,metaspace  ] GC(981) Metaspace: 42142K->42142K(1087488K)
[2021-04-19T15:53:25.505-0700][gc            ] GC(981) Pause Young (Normal) (G1 Evacuation Pause) 856M->245M(1024M) 6.956ms
[2021-04-19T15:53:25.505-0700][gc,cpu        ] GC(981) User=0.04s Sys=0.00s Real=0.00s
[2021-04-19T15:56:43.014-0700][gc,start      ] GC(982) Pause Young (Normal) (G1 Evacuation Pause)
[2021-04-19T15:56:43.014-0700][gc,task       ] GC(982) Using 8 workers of 8 for evacuation
[2021-04-19T15:56:43.027-0700][gc,phases     ] GC(982)   Pre Evacuate Collection Set: 0.0ms
[2021-04-19T15:56:43.027-0700][gc,phases     ] GC(982)   Evacuate Collection Set: 11.0ms
[2021-04-19T15:56:43.027-0700][gc,phases     ] GC(982)   Post Evacuate Collection Set: 1.4ms
[2021-04-19T15:56:43.027-0700][gc,phases     ] GC(982)   Other: 0.5ms
[2021-04-19T15:56:43.027-0700][gc,heap       ] GC(982) Eden regions: 611->0(610)
[2021-04-19T15:56:43.027-0700][gc,heap       ] GC(982) Survivor regions: 3->4(77)
[2021-04-19T15:56:43.027-0700][gc,heap       ] GC(982) Old regions: 116->116
[2021-04-19T15:56:43.027-0700][gc,heap       ] GC(982) Humongous regions: 129->129
[2021-04-19T15:56:43.027-0700][gc,metaspace  ] GC(982) Metaspace: 42142K->42142K(1087488K)
[2021-04-19T15:56:43.027-0700][gc            ] GC(982) Pause Young (Normal) (G1 Evacuation Pause) 856M->246M(1024M) 13.177ms
[2021-04-19T15:56:43.027-0700][gc,cpu        ] GC(982) User=0.07s Sys=0.00s Real=0.01s
[2021-04-19T16:00:00.333-0700][gc,start      ] GC(983) Pause Young (Normal) (G1 Evacuation Pause)
[2021-04-19T16:00:00.333-0700][gc,task       ] GC(983) Using 8 workers of 8 for evacuation
[2021-04-19T16:00:00.336-0700][gc,phases     ] GC(983)   Pre Evacuate Collection Set: 0.0ms
[2021-04-19T16:00:00.336-0700][gc,phases     ] GC(983)   Evacuate Collection Set: 2.3ms
[2021-04-19T16:00:00.336-0700][gc,phases     ] GC(983)   Post Evacuate Collection Set: 0.5ms
[2021-04-19T16:00:00.336-0700][gc,phases     ] GC(983)   Other: 0.2ms
[2021-04-19T16:00:00.336-0700][gc,heap       ] GC(983) Eden regions: 610->0(611)
[2021-04-19T16:00:00.336-0700][gc,heap       ] GC(983) Survivor regions: 4->3(77)
[2021-04-19T16:00:00.336-0700][gc,heap       ] GC(983) Old regions: 116->116
[2021-04-19T16:00:00.336-0700][gc,heap       ] GC(983) Humongous regions: 129->129
[2021-04-19T16:00:00.336-0700][gc,metaspace  ] GC(983) Metaspace: 42142K->42142K(1087488K)
[2021-04-19T16:00:00.336-0700][gc            ] GC(983) Pause Young (Normal) (G1 Evacuation Pause) 856M->245M(1024M) 3.126ms
[2021-04-19T16:00:00.336-0700][gc,cpu        ] GC(983) User=0.01s Sys=0.01s Real=0.00s
[2021-04-19T16:03:18.230-0700][gc,start      ] GC(984) Pause Young (Normal) (G1 Evacuation Pause)
[2021-04-19T16:03:18.230-0700][gc,task       ] GC(984) Using 8 workers of 8 for evacuation
[2021-04-19T16:03:18.238-0700][gc,phases     ] GC(984)   Pre Evacuate Collection Set: 0.0ms
[2021-04-19T16:03:18.238-0700][gc,phases     ] GC(984)   Evacuate Collection Set: 7.1ms
[2021-04-19T16:03:18.238-0700][gc,phases     ] GC(984)   Post Evacuate Collection Set: 1.3ms
[2021-04-19T16:03:18.238-0700][gc,phases     ] GC(984)   Other: 0.5ms
[2021-04-19T16:03:18.238-0700][gc,heap       ] GC(984) Eden regions: 611->0(610)
[2021-04-19T16:03:18.238-0700][gc,heap       ] GC(984) Survivor regions: 3->4(77)
[2021-04-19T16:03:18.239-0700][gc,heap       ] GC(984) Old regions: 116->116
[2021-04-19T16:03:18.239-0700][gc,heap       ] GC(984) Humongous regions: 129->129
[2021-04-19T16:03:18.239-0700][gc,metaspace  ] GC(984) Metaspace: 42142K->42142K(1087488K)
[2021-04-19T16:03:18.239-0700][gc            ] GC(984) Pause Young (Normal) (G1 Evacuation Pause) 856M->246M(1024M) 9.110ms
[2021-04-19T16:03:18.239-0700][gc,cpu        ] GC(984) User=0.06s Sys=0.00s Real=0.01s
[2021-04-19T16:06:35.868-0700][gc,start      ] GC(985) Pause Young (Normal) (G1 Evacuation Pause)
[2021-04-19T16:06:35.868-0700][gc,task       ] GC(985) Using 8 workers of 8 for evacuation
[2021-04-19T16:06:35.877-0700][gc,phases     ] GC(985)   Pre Evacuate Collection Set: 0.0ms
[2021-04-19T16:06:35.877-0700][gc,phases     ] GC(985)   Evacuate Collection Set: 6.6ms
[2021-04-19T16:06:35.877-0700][gc,phases     ] GC(985)   Post Evacuate Collection Set: 1.3ms
[2021-04-19T16:06:35.877-0700][gc,phases     ] GC(985)   Other: 0.5ms
[2021-04-19T16:06:35.877-0700][gc,heap       ] GC(985) Eden regions: 610->0(610)
[2021-04-19T16:06:35.877-0700][gc,heap       ] GC(985) Survivor regions: 4->4(77)
[2021-04-19T16:06:35.877-0700][gc,heap       ] GC(985) Old regions: 116->116
[2021-04-19T16:06:35.877-0700][gc,heap       ] GC(985) Humongous regions: 129->129
[2021-04-19T16:06:35.877-0700][gc,metaspace  ] GC(985) Metaspace: 42142K->42142K(1087488K)
[2021-04-19T16:06:35.877-0700][gc            ] GC(985) Pause Young (Normal) (G1 Evacuation Pause) 856M->246M(1024M) 8.676ms
[2021-04-19T16:06:35.877-0700][gc,cpu        ] GC(985) User=0.04s Sys=0.02s Real=0.02s
[2021-04-19T16:09:53.414-0700][gc,start      ] GC(986) Pause Young (Normal) (G1 Evacuation Pause)
[2021-04-19T16:09:53.414-0700][gc,task       ] GC(986) Using 8 workers of 8 for evacuation
[2021-04-19T16:09:53.418-0700][gc,phases     ] GC(986)   Pre Evacuate Collection Set: 0.0ms
[2021-04-19T16:09:53.418-0700][gc,phases     ] GC(986)   Evacuate Collection Set: 3.0ms
[2021-04-19T16:09:53.418-0700][gc,phases     ] GC(986)   Post Evacuate Collection Set: 0.5ms
[2021-04-19T16:09:53.418-0700][gc,phases     ] GC(986)   Other: 0.2ms
[2021-04-19T16:09:53.418-0700][gc,heap       ] GC(986) Eden regions: 610->0(611)
[2021-04-19T16:09:53.418-0700][gc,heap       ] GC(986) Survivor regions: 4->3(77)
[2021-04-19T16:09:53.418-0700][gc,heap       ] GC(986) Old regions: 116->116
[2021-04-19T16:09:53.418-0700][gc,heap       ] GC(986) Humongous regions: 129->129
[2021-04-19T16:09:53.418-0700][gc,metaspace  ] GC(986) Metaspace: 42142K->42142K(1087488K)
[2021-04-19T16:09:53.418-0700][gc            ] GC(986) Pause Young (Normal) (G1 Evacuation Pause) 856M->245M(1024M) 3.817ms
[2021-04-19T16:09:53.418-0700][gc,cpu        ] GC(986) User=0.01s Sys=0.01s Real=0.01s
[2021-04-19T16:13:11.530-0700][gc,start      ] GC(987) Pause Young (Normal) (G1 Evacuation Pause)
[2021-04-19T16:13:11.530-0700][gc,task       ] GC(987) Using 8 workers of 8 for evacuation
[2021-04-19T16:13:11.540-0700][gc,phases     ] GC(987)   Pre Evacuate Collection Set: 0.0ms
[2021-04-19T16:13:11.540-0700][gc,phases     ] GC(987)   Evacuate Collection Set: 7.7ms
[2021-04-19T16:13:11.540-0700][gc,phases     ] GC(987)   Post Evacuate Collection Set: 1.4ms
[2021-04-19T16:13:11.540-0700][gc,phases     ] GC(987)   Other: 0.5ms
[2021-04-19T16:13:11.540-0700][gc,heap       ] GC(987) Eden regions: 611->0(610)
[2021-04-19T16:13:11.540-0700][gc,heap       ] GC(987) Survivor regions: 3->4(77)
[2021-04-19T16:13:11.540-0700][gc,heap       ] GC(987) Old regions: 116->116
[2021-04-19T16:13:11.540-0700][gc,heap       ] GC(987) Humongous regions: 129->129
[2021-04-19T16:13:11.540-0700][gc,metaspace  ] GC(987) Metaspace: 42142K->42142K(1087488K)
[2021-04-19T16:13:11.540-0700][gc            ] GC(987) Pause Young (Normal) (G1 Evacuation Pause) 856M->246M(1024M) 9.855ms
[2021-04-19T16:13:11.540-0700][gc,cpu        ] GC(987) User=0.05s Sys=0.01s Real=0.01s
[2021-04-19T16:16:29.917-0700][gc,start      ] GC(988) Pause Young (Normal) (G1 Evacuation Pause)
[2021-04-19T16:16:29.917-0700][gc,task       ] GC(988) Using 8 workers of 8 for evacuation
[2021-04-19T16:16:29.922-0700][gc,phases     ] GC(988)   Pre Evacuate Collection Set: 0.0ms
[2021-04-19T16:16:29.922-0700][gc,phases     ] GC(988)   Evacuate Collection Set: 4.4ms
[2021-04-19T16:16:29.922-0700][gc,phases     ] GC(988)   Post Evacuate Collection Set: 0.6ms
[2021-04-19T16:16:29.923-0700][gc,phases     ] GC(988)   Other: 0.3ms
[2021-04-19T16:16:29.923-0700][gc,heap       ] GC(988) Eden regions: 610->0(611)
[2021-04-19T16:16:29.923-0700][gc,heap       ] GC(988) Survivor regions: 4->3(77)
[2021-04-19T16:16:29.923-0700][gc,heap       ] GC(988) Old regions: 116->116
[2021-04-19T16:16:29.923-0700][gc,heap       ] GC(988) Humongous regions: 129->129
[2021-04-19T16:16:29.923-0700][gc,metaspace  ] GC(988) Metaspace: 42146K->42146K(1087488K)
[2021-04-19T16:16:29.923-0700][gc            ] GC(988) Pause Young (Normal) (G1 Evacuation Pause) 856M->246M(1024M) 5.401ms
[2021-04-19T16:16:29.923-0700][gc,cpu        ] GC(988) User=0.02s Sys=0.01s Real=0.00s
[2021-04-19T16:19:48.176-0700][gc,start      ] GC(989) Pause Young (Normal) (G1 Evacuation Pause)
[2021-04-19T16:19:48.176-0700][gc,task       ] GC(989) Using 8 workers of 8 for evacuation
[2021-04-19T16:19:48.180-0700][gc,phases     ] GC(989)   Pre Evacuate Collection Set: 0.0ms
[2021-04-19T16:19:48.180-0700][gc,phases     ] GC(989)   Evacuate Collection Set: 3.1ms
[2021-04-19T16:19:48.180-0700][gc,phases     ] GC(989)   Post Evacuate Collection Set: 0.8ms
[2021-04-19T16:19:48.180-0700][gc,phases     ] GC(989)   Other: 0.2ms
[2021-04-19T16:19:48.180-0700][gc,heap       ] GC(989) Eden regions: 611->0(609)
[2021-04-19T16:19:48.180-0700][gc,heap       ] GC(989) Survivor regions: 3->5(77)
[2021-04-19T16:19:48.180-0700][gc,heap       ] GC(989) Old regions: 116->116
[2021-04-19T16:19:48.180-0700][gc,heap       ] GC(989) Humongous regions: 129->129
[2021-04-19T16:19:48.180-0700][gc,metaspace  ] GC(989) Metaspace: 42146K->42146K(1087488K)
[2021-04-19T16:19:48.180-0700][gc            ] GC(989) Pause Young (Normal) (G1 Evacuation Pause) 857M->247M(1024M) 4.192ms
[2021-04-19T16:19:48.180-0700][gc,cpu        ] GC(989) User=0.03s Sys=0.00s Real=0.01s
[2021-04-19T16:23:04.965-0700][gc,start      ] GC(990) Pause Young (Normal) (G1 Evacuation Pause)
[2021-04-19T16:23:04.965-0700][gc,task       ] GC(990) Using 8 workers of 8 for evacuation
[2021-04-19T16:23:04.968-0700][gc,phases     ] GC(990)   Pre Evacuate Collection Set: 0.0ms
[2021-04-19T16:23:04.968-0700][gc,phases     ] GC(990)   Evacuate Collection Set: 2.4ms
[2021-04-19T16:23:04.968-0700][gc,phases     ] GC(990)   Post Evacuate Collection Set: 0.6ms
[2021-04-19T16:23:04.968-0700][gc,phases     ] GC(990)   Other: 0.2ms
[2021-04-19T16:23:04.968-0700][gc,heap       ] GC(990) Eden regions: 609->0(610)
[2021-04-19T16:23:04.968-0700][gc,heap       ] GC(990) Survivor regions: 5->4(77)
[2021-04-19T16:23:04.968-0700][gc,heap       ] GC(990) Old regions: 116->116
[2021-04-19T16:23:04.968-0700][gc,heap       ] GC(990) Humongous regions: 129->129
[2021-04-19T16:23:04.968-0700][gc,metaspace  ] GC(990) Metaspace: 42152K->42152K(1087488K)
[2021-04-19T16:23:04.968-0700][gc            ] GC(990) Pause Young (Normal) (G1 Evacuation Pause) 856M->246M(1024M) 3.343ms
[2021-04-19T16:23:04.968-0700][gc,cpu        ] GC(990) User=0.01s Sys=0.01s Real=0.00s
[2021-04-19T16:26:22.874-0700][gc,start      ] GC(991) Pause Young (Normal) (G1 Evacuation Pause)
[2021-04-19T16:26:22.874-0700][gc,task       ] GC(991) Using 8 workers of 8 for evacuation
[2021-04-19T16:26:22.878-0700][gc,phases     ] GC(991)   Pre Evacuate Collection Set: 0.0ms
[2021-04-19T16:26:22.878-0700][gc,phases     ] GC(991)   Evacuate Collection Set: 3.6ms
[2021-04-19T16:26:22.878-0700][gc,phases     ] GC(991)   Post Evacuate Collection Set: 0.7ms
[2021-04-19T16:26:22.878-0700][gc,phases     ] GC(991)   Other: 0.2ms
[2021-04-19T16:26:22.878-0700][gc,heap       ] GC(991) Eden regions: 610->0(611)
[2021-04-19T16:26:22.878-0700][gc,heap       ] GC(991) Survivor regions: 4->3(77)
[2021-04-19T16:26:22.878-0700][gc,heap       ] GC(991) Old regions: 116->116
[2021-04-19T16:26:22.878-0700][gc,heap       ] GC(991) Humongous regions: 129->129
[2021-04-19T16:26:22.878-0700][gc,metaspace  ] GC(991) Metaspace: 42152K->42152K(1087488K)
[2021-04-19T16:26:22.878-0700][gc            ] GC(991) Pause Young (Normal) (G1 Evacuation Pause) 856M->245M(1024M) 4.572ms
[2021-04-19T16:26:22.878-0700][gc,cpu        ] GC(991) User=0.02s Sys=0.01s Real=0.01s
[2021-04-19T16:29:40.703-0700][gc,start      ] GC(992) Pause Young (Normal) (G1 Evacuation Pause)
[2021-04-19T16:29:40.703-0700][gc,task       ] GC(992) Using 8 workers of 8 for evacuation
[2021-04-19T16:29:40.713-0700][gc,phases     ] GC(992)   Pre Evacuate Collection Set: 0.0ms
[2021-04-19T16:29:40.713-0700][gc,phases     ] GC(992)   Evacuate Collection Set: 7.9ms
[2021-04-19T16:29:40.713-0700][gc,phases     ] GC(992)   Post Evacuate Collection Set: 1.2ms
[2021-04-19T16:29:40.713-0700][gc,phases     ] GC(992)   Other: 0.5ms
[2021-04-19T16:29:40.713-0700][gc,heap       ] GC(992) Eden regions: 611->0(610)
[2021-04-19T16:29:40.713-0700][gc,heap       ] GC(992) Survivor regions: 3->4(77)
[2021-04-19T16:29:40.713-0700][gc,heap       ] GC(992) Old regions: 116->116
[2021-04-19T16:29:40.713-0700][gc,heap       ] GC(992) Humongous regions: 129->129
[2021-04-19T16:29:40.713-0700][gc,metaspace  ] GC(992) Metaspace: 42152K->42152K(1087488K)
[2021-04-19T16:29:40.713-0700][gc            ] GC(992) Pause Young (Normal) (G1 Evacuation Pause) 856M->247M(1024M) 9.892ms
[2021-04-19T16:29:40.713-0700][gc,cpu        ] GC(992) User=0.07s Sys=0.00s Real=0.01s
[2021-04-19T16:32:58.436-0700][gc,start      ] GC(993) Pause Young (Normal) (G1 Evacuation Pause)
[2021-04-19T16:32:58.436-0700][gc,task       ] GC(993) Using 8 workers of 8 for evacuation
[2021-04-19T16:32:58.445-0700][gc,phases     ] GC(993)   Pre Evacuate Collection Set: 0.1ms
[2021-04-19T16:32:58.445-0700][gc,phases     ] GC(993)   Evacuate Collection Set: 7.1ms
[2021-04-19T16:32:58.445-0700][gc,phases     ] GC(993)   Post Evacuate Collection Set: 1.2ms
[2021-04-19T16:32:58.445-0700][gc,phases     ] GC(993)   Other: 0.5ms
[2021-04-19T16:32:58.445-0700][gc,heap       ] GC(993) Eden regions: 610->0(610)
[2021-04-19T16:32:58.445-0700][gc,heap       ] GC(993) Survivor regions: 4->4(77)
[2021-04-19T16:32:58.445-0700][gc,heap       ] GC(993) Old regions: 116->116
[2021-04-19T16:32:58.445-0700][gc,heap       ] GC(993) Humongous regions: 129->129
[2021-04-19T16:32:58.445-0700][gc,metaspace  ] GC(993) Metaspace: 42152K->42152K(1087488K)
[2021-04-19T16:32:58.445-0700][gc            ] GC(993) Pause Young (Normal) (G1 Evacuation Pause) 857M->246M(1024M) 9.087ms
[2021-04-19T16:32:58.445-0700][gc,cpu        ] GC(993) User=0.06s Sys=0.00s Real=0.01s
[2021-04-19T16:36:16.909-0700][gc,start      ] GC(994) Pause Young (Normal) (G1 Evacuation Pause)
[2021-04-19T16:36:16.909-0700][gc,task       ] GC(994) Using 8 workers of 8 for evacuation
[2021-04-19T16:36:16.918-0700][gc,phases     ] GC(994)   Pre Evacuate Collection Set: 0.0ms
[2021-04-19T16:36:16.918-0700][gc,phases     ] GC(994)   Evacuate Collection Set: 8.0ms
[2021-04-19T16:36:16.918-0700][gc,phases     ] GC(994)   Post Evacuate Collection Set: 1.3ms
[2021-04-19T16:36:16.918-0700][gc,phases     ] GC(994)   Other: 0.5ms
[2021-04-19T16:36:16.919-0700][gc,heap       ] GC(994) Eden regions: 610->0(609)
[2021-04-19T16:36:16.919-0700][gc,heap       ] GC(994) Survivor regions: 4->5(77)
[2021-04-19T16:36:16.919-0700][gc,heap       ] GC(994) Old regions: 116->116
[2021-04-19T16:36:16.919-0700][gc,heap       ] GC(994) Humongous regions: 129->129
[2021-04-19T16:36:16.919-0700][gc,metaspace  ] GC(994) Metaspace: 42152K->42152K(1087488K)
[2021-04-19T16:36:16.919-0700][gc            ] GC(994) Pause Young (Normal) (G1 Evacuation Pause) 856M->247M(1024M) 10.116ms
[2021-04-19T16:36:16.919-0700][gc,cpu        ] GC(994) User=0.07s Sys=0.00s Real=0.02s
[2021-04-19T16:39:35.262-0700][gc,start      ] GC(995) Pause Young (Normal) (G1 Evacuation Pause)
[2021-04-19T16:39:35.262-0700][gc,task       ] GC(995) Using 8 workers of 8 for evacuation
[2021-04-19T16:39:35.270-0700][gc,phases     ] GC(995)   Pre Evacuate Collection Set: 0.0ms
[2021-04-19T16:39:35.270-0700][gc,phases     ] GC(995)   Evacuate Collection Set: 6.8ms
[2021-04-19T16:39:35.270-0700][gc,phases     ] GC(995)   Post Evacuate Collection Set: 1.3ms
[2021-04-19T16:39:35.270-0700][gc,phases     ] GC(995)   Other: 0.5ms
[2021-04-19T16:39:35.270-0700][gc,heap       ] GC(995) Eden regions: 609->0(610)
[2021-04-19T16:39:35.270-0700][gc,heap       ] GC(995) Survivor regions: 5->4(77)
[2021-04-19T16:39:35.270-0700][gc,heap       ] GC(995) Old regions: 116->116
[2021-04-19T16:39:35.270-0700][gc,heap       ] GC(995) Humongous regions: 129->129
[2021-04-19T16:39:35.270-0700][gc,metaspace  ] GC(995) Metaspace: 42152K->42152K(1087488K)
[2021-04-19T16:39:35.271-0700][gc            ] GC(995) Pause Young (Normal) (G1 Evacuation Pause) 856M->246M(1024M) 8.882ms
[2021-04-19T16:39:35.271-0700][gc,cpu        ] GC(995) User=0.05s Sys=0.01s Real=0.01s
[2021-04-19T16:42:53.936-0700][gc,start      ] GC(996) Pause Young (Normal) (G1 Evacuation Pause)
[2021-04-19T16:42:53.936-0700][gc,task       ] GC(996) Using 8 workers of 8 for evacuation
[2021-04-19T16:42:53.944-0700][gc,phases     ] GC(996)   Pre Evacuate Collection Set: 0.0ms
[2021-04-19T16:42:53.944-0700][gc,phases     ] GC(996)   Evacuate Collection Set: 6.5ms
[2021-04-19T16:42:53.944-0700][gc,phases     ] GC(996)   Post Evacuate Collection Set: 1.1ms
[2021-04-19T16:42:53.944-0700][gc,phases     ] GC(996)   Other: 0.4ms
[2021-04-19T16:42:53.944-0700][gc,heap       ] GC(996) Eden regions: 610->0(610)
[2021-04-19T16:42:53.944-0700][gc,heap       ] GC(996) Survivor regions: 4->4(77)
[2021-04-19T16:42:53.944-0700][gc,heap       ] GC(996) Old regions: 116->116
[2021-04-19T16:42:53.944-0700][gc,heap       ] GC(996) Humongous regions: 129->129
[2021-04-19T16:42:53.944-0700][gc,metaspace  ] GC(996) Metaspace: 42152K->42152K(1087488K)
[2021-04-19T16:42:53.945-0700][gc            ] GC(996) Pause Young (Normal) (G1 Evacuation Pause) 856M->246M(1024M) 8.290ms
[2021-04-19T16:42:53.945-0700][gc,cpu        ] GC(996) User=0.06s Sys=0.00s Real=0.01s
[2021-04-19T16:46:12.628-0700][gc,start      ] GC(997) Pause Young (Normal) (G1 Evacuation Pause)
[2021-04-19T16:46:12.628-0700][gc,task       ] GC(997) Using 8 workers of 8 for evacuation
[2021-04-19T16:46:12.637-0700][gc,phases     ] GC(997)   Pre Evacuate Collection Set: 0.0ms
[2021-04-19T16:46:12.637-0700][gc,phases     ] GC(997)   Evacuate Collection Set: 7.8ms
[2021-04-19T16:46:12.637-0700][gc,phases     ] GC(997)   Post Evacuate Collection Set: 1.3ms
[2021-04-19T16:46:12.637-0700][gc,phases     ] GC(997)   Other: 0.5ms
[2021-04-19T16:46:12.637-0700][gc,heap       ] GC(997) Eden regions: 610->0(610)
[2021-04-19T16:46:12.637-0700][gc,heap       ] GC(997) Survivor regions: 4->4(77)
[2021-04-19T16:46:12.637-0700][gc,heap       ] GC(997) Old regions: 116->117
[2021-04-19T16:46:12.637-0700][gc,heap       ] GC(997) Humongous regions: 129->129
[2021-04-19T16:46:12.637-0700][gc,metaspace  ] GC(997) Metaspace: 42152K->42152K(1087488K)
[2021-04-19T16:46:12.637-0700][gc            ] GC(997) Pause Young (Normal) (G1 Evacuation Pause) 856M->247M(1024M) 9.820ms
[2021-04-19T16:46:12.637-0700][gc,cpu        ] GC(997) User=0.07s Sys=0.00s Real=0.02s
[2021-04-19T16:49:31.168-0700][gc,start      ] GC(998) Pause Young (Normal) (G1 Evacuation Pause)
[2021-04-19T16:49:31.168-0700][gc,task       ] GC(998) Using 8 workers of 8 for evacuation
[2021-04-19T16:49:31.176-0700][gc,phases     ] GC(998)   Pre Evacuate Collection Set: 0.0ms
[2021-04-19T16:49:31.176-0700][gc,phases     ] GC(998)   Evacuate Collection Set: 5.8ms
[2021-04-19T16:49:31.176-0700][gc,phases     ] GC(998)   Post Evacuate Collection Set: 1.2ms
[2021-04-19T16:49:31.176-0700][gc,phases     ] GC(998)   Other: 0.5ms
[2021-04-19T16:49:31.176-0700][gc,heap       ] GC(998) Eden regions: 610->0(611)
[2021-04-19T16:49:31.176-0700][gc,heap       ] GC(998) Survivor regions: 4->3(77)
[2021-04-19T16:49:31.176-0700][gc,heap       ] GC(998) Old regions: 117->117
[2021-04-19T16:49:31.176-0700][gc,heap       ] GC(998) Humongous regions: 129->129
[2021-04-19T16:49:31.176-0700][gc,metaspace  ] GC(998) Metaspace: 42152K->42152K(1087488K)
[2021-04-19T16:49:31.176-0700][gc            ] GC(998) Pause Young (Normal) (G1 Evacuation Pause) 857M->246M(1024M) 7.772ms
[2021-04-19T16:49:31.176-0700][gc,cpu        ] GC(998) User=0.04s Sys=0.01s Real=0.01s
[2021-04-19T16:52:49.921-0700][gc,start      ] GC(999) Pause Young (Normal) (G1 Evacuation Pause)
[2021-04-19T16:52:49.921-0700][gc,task       ] GC(999) Using 8 workers of 8 for evacuation
[2021-04-19T16:52:49.929-0700][gc,phases     ] GC(999)   Pre Evacuate Collection Set: 0.0ms
[2021-04-19T16:52:49.929-0700][gc,phases     ] GC(999)   Evacuate Collection Set: 5.9ms
[2021-04-19T16:52:49.929-0700][gc,phases     ] GC(999)   Post Evacuate Collection Set: 1.3ms
[2021-04-19T16:52:49.929-0700][gc,phases     ] GC(999)   Other: 0.5ms
[2021-04-19T16:52:49.929-0700][gc,heap       ] GC(999) Eden regions: 611->0(611)
[2021-04-19T16:52:49.929-0700][gc,heap       ] GC(999) Survivor regions: 3->3(77)
[2021-04-19T16:52:49.929-0700][gc,heap       ] GC(999) Old regions: 117->117
[2021-04-19T16:52:49.929-0700][gc,heap       ] GC(999) Humongous regions: 129->129
[2021-04-19T16:52:49.929-0700][gc,metaspace  ] GC(999) Metaspace: 42152K->42152K(1087488K)
[2021-04-19T16:52:49.929-0700][gc            ] GC(999) Pause Young (Normal) (G1 Evacuation Pause) 857M->246M(1024M) 7.979ms
[2021-04-19T16:52:49.929-0700][gc,cpu        ] GC(999) User=0.05s Sys=0.01s Real=0.01s
[2021-04-19T16:56:07.671-0700][gc,start      ] GC(1000) Pause Young (Normal) (G1 Evacuation Pause)
[2021-04-19T16:56:07.671-0700][gc,task       ] GC(1000) Using 8 workers of 8 for evacuation
[2021-04-19T16:56:07.679-0700][gc,phases     ] GC(1000)   Pre Evacuate Collection Set: 0.0ms
[2021-04-19T16:56:07.679-0700][gc,phases     ] GC(1000)   Evacuate Collection Set: 6.6ms
[2021-04-19T16:56:07.679-0700][gc,phases     ] GC(1000)   Post Evacuate Collection Set: 1.1ms
[2021-04-19T16:56:07.679-0700][gc,phases     ] GC(1000)   Other: 0.4ms
[2021-04-19T16:56:07.679-0700][gc,heap       ] GC(1000) Eden regions: 611->0(610)
[2021-04-19T16:56:07.679-0700][gc,heap       ] GC(1000) Survivor regions: 3->4(77)
[2021-04-19T16:56:07.679-0700][gc,heap       ] GC(1000) Old regions: 117->117
[2021-04-19T16:56:07.679-0700][gc,heap       ] GC(1000) Humongous regions: 129->129
[2021-04-19T16:56:07.679-0700][gc,metaspace  ] GC(1000) Metaspace: 42152K->42152K(1087488K)
[2021-04-19T16:56:07.680-0700][gc            ] GC(1000) Pause Young (Normal) (G1 Evacuation Pause) 857M->247M(1024M) 8.440ms
[2021-04-19T16:56:07.680-0700][gc,cpu        ] GC(1000) User=0.06s Sys=0.00s Real=0.01s
[2021-04-19T16:59:26.420-0700][gc,start      ] GC(1001) Pause Young (Normal) (G1 Evacuation Pause)
[2021-04-19T16:59:26.420-0700][gc,task       ] GC(1001) Using 8 workers of 8 for evacuation
[2021-04-19T16:59:26.428-0700][gc,phases     ] GC(1001)   Pre Evacuate Collection Set: 0.0ms
[2021-04-19T16:59:26.428-0700][gc,phases     ] GC(1001)   Evacuate Collection Set: 6.3ms
[2021-04-19T16:59:26.428-0700][gc,phases     ] GC(1001)   Post Evacuate Collection Set: 1.2ms
[2021-04-19T16:59:26.428-0700][gc,phases     ] GC(1001)   Other: 0.5ms
[2021-04-19T16:59:26.428-0700][gc,heap       ] GC(1001) Eden regions: 610->0(611)
[2021-04-19T16:59:26.428-0700][gc,heap       ] GC(1001) Survivor regions: 4->3(77)
[2021-04-19T16:59:26.428-0700][gc,heap       ] GC(1001) Old regions: 117->117
[2021-04-19T16:59:26.428-0700][gc,heap       ] GC(1001) Humongous regions: 129->129
[2021-04-19T16:59:26.428-0700][gc,metaspace  ] GC(1001) Metaspace: 42152K->42152K(1087488K)
[2021-04-19T16:59:26.428-0700][gc            ] GC(1001) Pause Young (Normal) (G1 Evacuation Pause) 857M->246M(1024M) 8.188ms
[2021-04-19T16:59:26.428-0700][gc,cpu        ] GC(1001) User=0.06s Sys=0.00s Real=0.00s
[2021-04-19T17:02:45.351-0700][gc,start      ] GC(1002) Pause Young (Normal) (G1 Evacuation Pause)
[2021-04-19T17:02:45.351-0700][gc,task       ] GC(1002) Using 8 workers of 8 for evacuation
[2021-04-19T17:02:45.358-0700][gc,phases     ] GC(1002)   Pre Evacuate Collection Set: 0.0ms
[2021-04-19T17:02:45.358-0700][gc,phases     ] GC(1002)   Evacuate Collection Set: 5.4ms
[2021-04-19T17:02:45.358-0700][gc,phases     ] GC(1002)   Post Evacuate Collection Set: 1.2ms
[2021-04-19T17:02:45.358-0700][gc,phases     ] GC(1002)   Other: 0.5ms
[2021-04-19T17:02:45.358-0700][gc,heap       ] GC(1002) Eden regions: 611->0(611)
[2021-04-19T17:02:45.358-0700][gc,heap       ] GC(1002) Survivor regions: 3->3(77)
[2021-04-19T17:02:45.358-0700][gc,heap       ] GC(1002) Old regions: 117->117
[2021-04-19T17:02:45.358-0700][gc,heap       ] GC(1002) Humongous regions: 129->129
[2021-04-19T17:02:45.358-0700][gc,metaspace  ] GC(1002) Metaspace: 42152K->42152K(1087488K)
[2021-04-19T17:02:45.358-0700][gc            ] GC(1002) Pause Young (Normal) (G1 Evacuation Pause) 857M->246M(1024M) 7.299ms
[2021-04-19T17:02:45.358-0700][gc,cpu        ] GC(1002) User=0.05s Sys=0.01s Real=0.01s
[2021-04-19T17:06:04.192-0700][gc,start      ] GC(1003) Pause Young (Normal) (G1 Evacuation Pause)
[2021-04-19T17:06:04.192-0700][gc,task       ] GC(1003) Using 8 workers of 8 for evacuation
[2021-04-19T17:06:04.200-0700][gc,phases     ] GC(1003)   Pre Evacuate Collection Set: 0.0ms
[2021-04-19T17:06:04.200-0700][gc,phases     ] GC(1003)   Evacuate Collection Set: 6.7ms
[2021-04-19T17:06:04.200-0700][gc,phases     ] GC(1003)   Post Evacuate Collection Set: 1.2ms
[2021-04-19T17:06:04.201-0700][gc,phases     ] GC(1003)   Other: 0.5ms
[2021-04-19T17:06:04.201-0700][gc,heap       ] GC(1003) Eden regions: 611->0(610)
[2021-04-19T17:06:04.201-0700][gc,heap       ] GC(1003) Survivor regions: 3->4(77)
[2021-04-19T17:06:04.201-0700][gc,heap       ] GC(1003) Old regions: 117->117
[2021-04-19T17:06:04.201-0700][gc,heap       ] GC(1003) Humongous regions: 129->129
[2021-04-19T17:06:04.201-0700][gc,metaspace  ] GC(1003) Metaspace: 42152K->42152K(1087488K)
[2021-04-19T17:06:04.201-0700][gc            ] GC(1003) Pause Young (Normal) (G1 Evacuation Pause) 857M->247M(1024M) 8.648ms
[2021-04-19T17:06:04.201-0700][gc,cpu        ] GC(1003) User=0.05s Sys=0.00s Real=0.01s
[2021-04-19T17:09:23.064-0700][gc,start      ] GC(1004) Pause Young (Normal) (G1 Evacuation Pause)
[2021-04-19T17:09:23.064-0700][gc,task       ] GC(1004) Using 8 workers of 8 for evacuation
[2021-04-19T17:09:23.071-0700][gc,phases     ] GC(1004)   Pre Evacuate Collection Set: 0.0ms
[2021-04-19T17:09:23.071-0700][gc,phases     ] GC(1004)   Evacuate Collection Set: 5.8ms
[2021-04-19T17:09:23.071-0700][gc,phases     ] GC(1004)   Post Evacuate Collection Set: 1.1ms
[2021-04-19T17:09:23.071-0700][gc,phases     ] GC(1004)   Other: 0.5ms
[2021-04-19T17:09:23.071-0700][gc,heap       ] GC(1004) Eden regions: 610->0(611)
[2021-04-19T17:09:23.071-0700][gc,heap       ] GC(1004) Survivor regions: 4->3(77)
[2021-04-19T17:09:23.071-0700][gc,heap       ] GC(1004) Old regions: 117->117
[2021-04-19T17:09:23.071-0700][gc,heap       ] GC(1004) Humongous regions: 129->129
[2021-04-19T17:09:23.071-0700][gc,metaspace  ] GC(1004) Metaspace: 42152K->42152K(1087488K)
[2021-04-19T17:09:23.071-0700][gc            ] GC(1004) Pause Young (Normal) (G1 Evacuation Pause) 857M->247M(1024M) 7.546ms
[2021-04-19T17:09:23.071-0700][gc,cpu        ] GC(1004) User=0.05s Sys=0.00s Real=0.01s
[2021-04-19T17:12:41.840-0700][gc,start      ] GC(1005) Pause Young (Normal) (G1 Evacuation Pause)
[2021-04-19T17:12:41.840-0700][gc,task       ] GC(1005) Using 8 workers of 8 for evacuation
[2021-04-19T17:12:41.847-0700][gc,phases     ] GC(1005)   Pre Evacuate Collection Set: 0.0ms
[2021-04-19T17:12:41.847-0700][gc,phases     ] GC(1005)   Evacuate Collection Set: 5.2ms
[2021-04-19T17:12:41.847-0700][gc,phases     ] GC(1005)   Post Evacuate Collection Set: 1.2ms
[2021-04-19T17:12:41.847-0700][gc,phases     ] GC(1005)   Other: 0.4ms
[2021-04-19T17:12:41.847-0700][gc,heap       ] GC(1005) Eden regions: 611->0(611)
[2021-04-19T17:12:41.847-0700][gc,heap       ] GC(1005) Survivor regions: 3->3(77)
[2021-04-19T17:12:41.847-0700][gc,heap       ] GC(1005) Old regions: 117->117
[2021-04-19T17:12:41.847-0700][gc,heap       ] GC(1005) Humongous regions: 129->129
[2021-04-19T17:12:41.847-0700][gc,metaspace  ] GC(1005) Metaspace: 42152K->42152K(1087488K)
[2021-04-19T17:12:41.847-0700][gc            ] GC(1005) Pause Young (Normal) (G1 Evacuation Pause) 858M->246M(1024M) 7.148ms
[2021-04-19T17:12:41.847-0700][gc,cpu        ] GC(1005) User=0.04s Sys=0.00s Real=0.00s
[2021-04-19T17:16:00.933-0700][gc,start      ] GC(1006) Pause Young (Normal) (G1 Evacuation Pause)
[2021-04-19T17:16:00.933-0700][gc,task       ] GC(1006) Using 8 workers of 8 for evacuation
[2021-04-19T17:16:00.939-0700][gc,phases     ] GC(1006)   Pre Evacuate Collection Set: 0.0ms
[2021-04-19T17:16:00.939-0700][gc,phases     ] GC(1006)   Evacuate Collection Set: 4.7ms
[2021-04-19T17:16:00.939-0700][gc,phases     ] GC(1006)   Post Evacuate Collection Set: 1.1ms
[2021-04-19T17:16:00.939-0700][gc,phases     ] GC(1006)   Other: 0.6ms
[2021-04-19T17:16:00.939-0700][gc,heap       ] GC(1006) Eden regions: 611->0(611)
[2021-04-19T17:16:00.939-0700][gc,heap       ] GC(1006) Survivor regions: 3->3(77)
[2021-04-19T17:16:00.939-0700][gc,heap       ] GC(1006) Old regions: 117->117
[2021-04-19T17:16:00.939-0700][gc,heap       ] GC(1006) Humongous regions: 129->129
[2021-04-19T17:16:00.939-0700][gc,metaspace  ] GC(1006) Metaspace: 42152K->42152K(1087488K)
[2021-04-19T17:16:00.939-0700][gc            ] GC(1006) Pause Young (Normal) (G1 Evacuation Pause) 857M->246M(1024M) 6.625ms
[2021-04-19T17:16:00.940-0700][gc,cpu        ] GC(1006) User=0.04s Sys=0.00s Real=0.01s
[2021-04-19T17:19:20.033-0700][gc,start      ] GC(1007) Pause Young (Normal) (G1 Evacuation Pause)
[2021-04-19T17:19:20.033-0700][gc,task       ] GC(1007) Using 8 workers of 8 for evacuation
[2021-04-19T17:19:20.042-0700][gc,phases     ] GC(1007)   Pre Evacuate Collection Set: 0.1ms
[2021-04-19T17:19:20.042-0700][gc,phases     ] GC(1007)   Evacuate Collection Set: 6.4ms
[2021-04-19T17:19:20.042-0700][gc,phases     ] GC(1007)   Post Evacuate Collection Set: 1.4ms
[2021-04-19T17:19:20.042-0700][gc,phases     ] GC(1007)   Other: 0.7ms
[2021-04-19T17:19:20.042-0700][gc,heap       ] GC(1007) Eden regions: 611->0(610)
[2021-04-19T17:19:20.042-0700][gc,heap       ] GC(1007) Survivor regions: 3->4(77)
[2021-04-19T17:19:20.042-0700][gc,heap       ] GC(1007) Old regions: 117->117
[2021-04-19T17:19:20.042-0700][gc,heap       ] GC(1007) Humongous regions: 129->129
[2021-04-19T17:19:20.042-0700][gc,metaspace  ] GC(1007) Metaspace: 42152K->42152K(1087488K)
[2021-04-19T17:19:20.042-0700][gc            ] GC(1007) Pause Young (Normal) (G1 Evacuation Pause) 857M->247M(1024M) 8.723ms
[2021-04-19T17:19:20.042-0700][gc,cpu        ] GC(1007) User=0.05s Sys=0.00s Real=0.01s
[2021-04-19T17:22:38.503-0700][gc,start      ] GC(1008) Pause Young (Normal) (G1 Evacuation Pause)
[2021-04-19T17:22:38.503-0700][gc,task       ] GC(1008) Using 8 workers of 8 for evacuation
[2021-04-19T17:22:38.510-0700][gc,phases     ] GC(1008)   Pre Evacuate Collection Set: 0.0ms
[2021-04-19T17:22:38.510-0700][gc,phases     ] GC(1008)   Evacuate Collection Set: 5.5ms
[2021-04-19T17:22:38.510-0700][gc,phases     ] GC(1008)   Post Evacuate Collection Set: 1.3ms
[2021-04-19T17:22:38.510-0700][gc,phases     ] GC(1008)   Other: 0.5ms
[2021-04-19T17:22:38.510-0700][gc,heap       ] GC(1008) Eden regions: 610->0(611)
[2021-04-19T17:22:38.510-0700][gc,heap       ] GC(1008) Survivor regions: 4->3(77)
[2021-04-19T17:22:38.510-0700][gc,heap       ] GC(1008) Old regions: 117->117
[2021-04-19T17:22:38.510-0700][gc,heap       ] GC(1008) Humongous regions: 129->129
[2021-04-19T17:22:38.510-0700][gc,metaspace  ] GC(1008) Metaspace: 42152K->42152K(1087488K)
[2021-04-19T17:22:38.510-0700][gc            ] GC(1008) Pause Young (Normal) (G1 Evacuation Pause) 857M->247M(1024M) 7.578ms
[2021-04-19T17:22:38.510-0700][gc,cpu        ] GC(1008) User=0.04s Sys=0.00s Real=0.01s
[2021-04-19T17:25:55.698-0700][gc,start      ] GC(1009) Pause Young (Normal) (G1 Evacuation Pause)
[2021-04-19T17:25:55.698-0700][gc,task       ] GC(1009) Using 8 workers of 8 for evacuation
[2021-04-19T17:25:55.704-0700][gc,phases     ] GC(1009)   Pre Evacuate Collection Set: 0.0ms
[2021-04-19T17:25:55.704-0700][gc,phases     ] GC(1009)   Evacuate Collection Set: 5.5ms
[2021-04-19T17:25:55.704-0700][gc,phases     ] GC(1009)   Post Evacuate Collection Set: 0.6ms
[2021-04-19T17:25:55.704-0700][gc,phases     ] GC(1009)   Other: 0.4ms
[2021-04-19T17:25:55.704-0700][gc,heap       ] GC(1009) Eden regions: 611->0(611)
[2021-04-19T17:25:55.704-0700][gc,heap       ] GC(1009) Survivor regions: 3->3(77)
[2021-04-19T17:25:55.704-0700][gc,heap       ] GC(1009) Old regions: 117->117
[2021-04-19T17:25:55.704-0700][gc,heap       ] GC(1009) Humongous regions: 129->129
[2021-04-19T17:25:55.704-0700][gc,metaspace  ] GC(1009) Metaspace: 42152K->42152K(1087488K)
[2021-04-19T17:25:55.704-0700][gc            ] GC(1009) Pause Young (Normal) (G1 Evacuation Pause) 858M->247M(1024M) 6.657ms
[2021-04-19T17:25:55.704-0700][gc,cpu        ] GC(1009) User=0.04s Sys=0.00s Real=0.00s
[2021-04-19T17:29:14.889-0700][gc,start      ] GC(1010) Pause Young (Normal) (G1 Evacuation Pause)
[2021-04-19T17:29:14.889-0700][gc,task       ] GC(1010) Using 8 workers of 8 for evacuation
[2021-04-19T17:29:14.899-0700][gc,phases     ] GC(1010)   Pre Evacuate Collection Set: 0.0ms
[2021-04-19T17:29:14.899-0700][gc,phases     ] GC(1010)   Evacuate Collection Set: 8.0ms
[2021-04-19T17:29:14.899-0700][gc,phases     ] GC(1010)   Post Evacuate Collection Set: 1.3ms
[2021-04-19T17:29:14.899-0700][gc,phases     ] GC(1010)   Other: 0.5ms
[2021-04-19T17:29:14.899-0700][gc,heap       ] GC(1010) Eden regions: 611->0(609)
[2021-04-19T17:29:14.899-0700][gc,heap       ] GC(1010) Survivor regions: 3->5(77)
[2021-04-19T17:29:14.899-0700][gc,heap       ] GC(1010) Old regions: 117->117
[2021-04-19T17:29:14.899-0700][gc,heap       ] GC(1010) Humongous regions: 129->129
[2021-04-19T17:29:14.899-0700][gc,metaspace  ] GC(1010) Metaspace: 42152K->42152K(1087488K)
[2021-04-19T17:29:14.899-0700][gc            ] GC(1010) Pause Young (Normal) (G1 Evacuation Pause) 858M->248M(1024M) 10.039ms
[2021-04-19T17:29:14.899-0700][gc,cpu        ] GC(1010) User=0.06s Sys=0.00s Real=0.01s
[2021-04-19T17:32:32.578-0700][gc,start      ] GC(1011) Pause Young (Normal) (G1 Evacuation Pause)
[2021-04-19T17:32:32.579-0700][gc,task       ] GC(1011) Using 8 workers of 8 for evacuation
[2021-04-19T17:32:32.591-0700][gc,phases     ] GC(1011)   Pre Evacuate Collection Set: 0.0ms
[2021-04-19T17:32:32.591-0700][gc,phases     ] GC(1011)   Evacuate Collection Set: 10.2ms
[2021-04-19T17:32:32.591-0700][gc,phases     ] GC(1011)   Post Evacuate Collection Set: 1.3ms
[2021-04-19T17:32:32.591-0700][gc,phases     ] GC(1011)   Other: 0.5ms
[2021-04-19T17:32:32.591-0700][gc,heap       ] GC(1011) Eden regions: 609->0(610)
[2021-04-19T17:32:32.591-0700][gc,heap       ] GC(1011) Survivor regions: 5->4(77)
[2021-04-19T17:32:32.591-0700][gc,heap       ] GC(1011) Old regions: 117->117
[2021-04-19T17:32:32.591-0700][gc,heap       ] GC(1011) Humongous regions: 129->129
[2021-04-19T17:32:32.591-0700][gc,metaspace  ] GC(1011) Metaspace: 42152K->42152K(1087488K)
[2021-04-19T17:32:32.591-0700][gc            ] GC(1011) Pause Young (Normal) (G1 Evacuation Pause) 857M->247M(1024M) 12.340ms
[2021-04-19T17:32:32.591-0700][gc,cpu        ] GC(1011) User=0.08s Sys=0.00s Real=0.01s
[2021-04-19T17:35:50.673-0700][gc,start      ] GC(1012) Pause Young (Normal) (G1 Evacuation Pause)
[2021-04-19T17:35:50.673-0700][gc,task       ] GC(1012) Using 8 workers of 8 for evacuation
[2021-04-19T17:35:50.685-0700][gc,phases     ] GC(1012)   Pre Evacuate Collection Set: 0.0ms
[2021-04-19T17:35:50.685-0700][gc,phases     ] GC(1012)   Evacuate Collection Set: 9.8ms
[2021-04-19T17:35:50.685-0700][gc,phases     ] GC(1012)   Post Evacuate Collection Set: 1.4ms
[2021-04-19T17:35:50.685-0700][gc,phases     ] GC(1012)   Other: 0.5ms
[2021-04-19T17:35:50.685-0700][gc,heap       ] GC(1012) Eden regions: 610->0(611)
[2021-04-19T17:35:50.685-0700][gc,heap       ] GC(1012) Survivor regions: 4->3(77)
[2021-04-19T17:35:50.685-0700][gc,heap       ] GC(1012) Old regions: 117->117
[2021-04-19T17:35:50.685-0700][gc,heap       ] GC(1012) Humongous regions: 129->129
[2021-04-19T17:35:50.685-0700][gc,metaspace  ] GC(1012) Metaspace: 42152K->42152K(1087488K)
[2021-04-19T17:35:50.685-0700][gc            ] GC(1012) Pause Young (Normal) (G1 Evacuation Pause) 857M->247M(1024M) 12.027ms
[2021-04-19T17:35:50.685-0700][gc,cpu        ] GC(1012) User=0.06s Sys=0.01s Real=0.01s
[2021-04-19T17:39:09.631-0700][gc,start      ] GC(1013) Pause Young (Normal) (G1 Evacuation Pause)
[2021-04-19T17:39:09.631-0700][gc,task       ] GC(1013) Using 8 workers of 8 for evacuation
[2021-04-19T17:39:09.640-0700][gc,phases     ] GC(1013)   Pre Evacuate Collection Set: 0.1ms
[2021-04-19T17:39:09.640-0700][gc,phases     ] GC(1013)   Evacuate Collection Set: 7.5ms
[2021-04-19T17:39:09.640-0700][gc,phases     ] GC(1013)   Post Evacuate Collection Set: 0.6ms
[2021-04-19T17:39:09.640-0700][gc,phases     ] GC(1013)   Other: 0.7ms
[2021-04-19T17:39:09.640-0700][gc,heap       ] GC(1013) Eden regions: 611->0(610)
[2021-04-19T17:39:09.640-0700][gc,heap       ] GC(1013) Survivor regions: 3->4(77)
[2021-04-19T17:39:09.640-0700][gc,heap       ] GC(1013) Old regions: 117->117
[2021-04-19T17:39:09.640-0700][gc,heap       ] GC(1013) Humongous regions: 129->129
[2021-04-19T17:39:09.640-0700][gc,metaspace  ] GC(1013) Metaspace: 42152K->42152K(1087488K)
[2021-04-19T17:39:09.640-0700][gc            ] GC(1013) Pause Young (Normal) (G1 Evacuation Pause) 858M->248M(1024M) 9.064ms
[2021-04-19T17:39:09.640-0700][gc,cpu        ] GC(1013) User=0.04s Sys=0.00s Real=0.01s
[2021-04-19T17:42:28.133-0700][gc,start      ] GC(1014) Pause Young (Normal) (G1 Evacuation Pause)
[2021-04-19T17:42:28.133-0700][gc,task       ] GC(1014) Using 8 workers of 8 for evacuation
[2021-04-19T17:42:28.142-0700][gc,phases     ] GC(1014)   Pre Evacuate Collection Set: 0.0ms
[2021-04-19T17:42:28.142-0700][gc,phases     ] GC(1014)   Evacuate Collection Set: 7.3ms
[2021-04-19T17:42:28.142-0700][gc,phases     ] GC(1014)   Post Evacuate Collection Set: 1.3ms
[2021-04-19T17:42:28.142-0700][gc,phases     ] GC(1014)   Other: 0.5ms
[2021-04-19T17:42:28.142-0700][gc,heap       ] GC(1014) Eden regions: 610->0(610)
[2021-04-19T17:42:28.142-0700][gc,heap       ] GC(1014) Survivor regions: 4->4(77)
[2021-04-19T17:42:28.142-0700][gc,heap       ] GC(1014) Old regions: 117->117
[2021-04-19T17:42:28.143-0700][gc,heap       ] GC(1014) Humongous regions: 129->129
[2021-04-19T17:42:28.143-0700][gc,metaspace  ] GC(1014) Metaspace: 42152K->42152K(1087488K)
[2021-04-19T17:42:28.143-0700][gc            ] GC(1014) Pause Young (Normal) (G1 Evacuation Pause) 858M->247M(1024M) 9.359ms
[2021-04-19T17:42:28.143-0700][gc,cpu        ] GC(1014) User=0.06s Sys=0.00s Real=0.01s
[2021-04-19T17:45:46.531-0700][gc,start      ] GC(1015) Pause Young (Normal) (G1 Evacuation Pause)
[2021-04-19T17:45:46.531-0700][gc,task       ] GC(1015) Using 8 workers of 8 for evacuation
[2021-04-19T17:45:46.539-0700][gc,phases     ] GC(1015)   Pre Evacuate Collection Set: 0.0ms
[2021-04-19T17:45:46.539-0700][gc,phases     ] GC(1015)   Evacuate Collection Set: 6.2ms
[2021-04-19T17:45:46.539-0700][gc,phases     ] GC(1015)   Post Evacuate Collection Set: 1.5ms
[2021-04-19T17:45:46.539-0700][gc,phases     ] GC(1015)   Other: 0.5ms
[2021-04-19T17:45:46.539-0700][gc,heap       ] GC(1015) Eden regions: 610->0(611)
[2021-04-19T17:45:46.539-0700][gc,heap       ] GC(1015) Survivor regions: 4->3(77)
[2021-04-19T17:45:46.539-0700][gc,heap       ] GC(1015) Old regions: 117->117
[2021-04-19T17:45:46.539-0700][gc,heap       ] GC(1015) Humongous regions: 129->129
[2021-04-19T17:45:46.539-0700][gc,metaspace  ] GC(1015) Metaspace: 42152K->42152K(1087488K)
[2021-04-19T17:45:46.539-0700][gc            ] GC(1015) Pause Young (Normal) (G1 Evacuation Pause) 857M->247M(1024M) 8.435ms
[2021-04-19T17:45:46.539-0700][gc,cpu        ] GC(1015) User=0.05s Sys=0.01s Real=0.01s
[2021-04-19T17:49:05.519-0700][gc,start      ] GC(1016) Pause Young (Normal) (G1 Evacuation Pause)
[2021-04-19T17:49:05.519-0700][gc,task       ] GC(1016) Using 8 workers of 8 for evacuation
[2021-04-19T17:49:05.528-0700][gc,phases     ] GC(1016)   Pre Evacuate Collection Set: 0.0ms
[2021-04-19T17:49:05.529-0700][gc,phases     ] GC(1016)   Evacuate Collection Set: 7.4ms
[2021-04-19T17:49:05.529-0700][gc,phases     ] GC(1016)   Post Evacuate Collection Set: 1.2ms
[2021-04-19T17:49:05.529-0700][gc,phases     ] GC(1016)   Other: 0.5ms
[2021-04-19T17:49:05.529-0700][gc,heap       ] GC(1016) Eden regions: 611->0(610)
[2021-04-19T17:49:05.529-0700][gc,heap       ] GC(1016) Survivor regions: 3->4(77)
[2021-04-19T17:49:05.529-0700][gc,heap       ] GC(1016) Old regions: 117->117
[2021-04-19T17:49:05.529-0700][gc,heap       ] GC(1016) Humongous regions: 129->129
[2021-04-19T17:49:05.529-0700][gc,metaspace  ] GC(1016) Metaspace: 42152K->42152K(1087488K)
[2021-04-19T17:49:05.529-0700][gc            ] GC(1016) Pause Young (Normal) (G1 Evacuation Pause) 858M->248M(1024M) 9.425ms
[2021-04-19T17:49:05.529-0700][gc,cpu        ] GC(1016) User=0.06s Sys=0.00s Real=0.01s
[2021-04-19T17:52:24.286-0700][gc,start      ] GC(1017) Pause Young (Normal) (G1 Evacuation Pause)
[2021-04-19T17:52:24.286-0700][gc,task       ] GC(1017) Using 8 workers of 8 for evacuation
[2021-04-19T17:52:24.295-0700][gc,phases     ] GC(1017)   Pre Evacuate Collection Set: 0.0ms
[2021-04-19T17:52:24.295-0700][gc,phases     ] GC(1017)   Evacuate Collection Set: 6.9ms
[2021-04-19T17:52:24.295-0700][gc,phases     ] GC(1017)   Post Evacuate Collection Set: 1.3ms
[2021-04-19T17:52:24.295-0700][gc,phases     ] GC(1017)   Other: 0.5ms
[2021-04-19T17:52:24.295-0700][gc,heap       ] GC(1017) Eden regions: 610->0(610)
[2021-04-19T17:52:24.295-0700][gc,heap       ] GC(1017) Survivor regions: 4->4(77)
[2021-04-19T17:52:24.295-0700][gc,heap       ] GC(1017) Old regions: 117->117
[2021-04-19T17:52:24.295-0700][gc,heap       ] GC(1017) Humongous regions: 129->129
[2021-04-19T17:52:24.295-0700][gc,metaspace  ] GC(1017) Metaspace: 42152K->42152K(1087488K)
[2021-04-19T17:52:24.295-0700][gc            ] GC(1017) Pause Young (Normal) (G1 Evacuation Pause) 858M->248M(1024M) 9.023ms
[2021-04-19T17:52:24.295-0700][gc,cpu        ] GC(1017) User=0.05s Sys=0.00s Real=0.01s
[2021-04-19T17:55:41.491-0700][gc,start      ] GC(1018) Pause Young (Normal) (G1 Evacuation Pause)
[2021-04-19T17:55:41.491-0700][gc,task       ] GC(1018) Using 8 workers of 8 for evacuation
[2021-04-19T17:55:41.502-0700][gc,phases     ] GC(1018)   Pre Evacuate Collection Set: 0.0ms
[2021-04-19T17:55:41.502-0700][gc,phases     ] GC(1018)   Evacuate Collection Set: 8.7ms
[2021-04-19T17:55:41.502-0700][gc,phases     ] GC(1018)   Post Evacuate Collection Set: 1.3ms
[2021-04-19T17:55:41.502-0700][gc,phases     ] GC(1018)   Other: 0.5ms
[2021-04-19T17:55:41.502-0700][gc,heap       ] GC(1018) Eden regions: 610->0(609)
[2021-04-19T17:55:41.502-0700][gc,heap       ] GC(1018) Survivor regions: 4->5(77)
[2021-04-19T17:55:41.502-0700][gc,heap       ] GC(1018) Old regions: 117->117
[2021-04-19T17:55:41.502-0700][gc,heap       ] GC(1018) Humongous regions: 129->129
[2021-04-19T17:55:41.502-0700][gc,metaspace  ] GC(1018) Metaspace: 42172K->42172K(1087488K)
[2021-04-19T17:55:41.502-0700][gc            ] GC(1018) Pause Young (Normal) (G1 Evacuation Pause) 858M->249M(1024M) 10.704ms
[2021-04-19T17:55:41.502-0700][gc,cpu        ] GC(1018) User=0.07s Sys=0.00s Real=0.01s
[2021-04-19T17:58:59.886-0700][gc,start      ] GC(1019) Pause Young (Normal) (G1 Evacuation Pause)
[2021-04-19T17:58:59.887-0700][gc,task       ] GC(1019) Using 8 workers of 8 for evacuation
[2021-04-19T17:58:59.898-0700][gc,phases     ] GC(1019)   Pre Evacuate Collection Set: 0.0ms
[2021-04-19T17:58:59.898-0700][gc,phases     ] GC(1019)   Evacuate Collection Set: 9.4ms
[2021-04-19T17:58:59.898-0700][gc,phases     ] GC(1019)   Post Evacuate Collection Set: 1.4ms
[2021-04-19T17:58:59.898-0700][gc,phases     ] GC(1019)   Other: 0.5ms
[2021-04-19T17:58:59.898-0700][gc,heap       ] GC(1019) Eden regions: 609->0(610)
[2021-04-19T17:58:59.898-0700][gc,heap       ] GC(1019) Survivor regions: 5->4(77)
[2021-04-19T17:58:59.898-0700][gc,heap       ] GC(1019) Old regions: 117->117
[2021-04-19T17:58:59.898-0700][gc,heap       ] GC(1019) Humongous regions: 129->129
[2021-04-19T17:58:59.898-0700][gc,metaspace  ] GC(1019) Metaspace: 42172K->42172K(1087488K)
[2021-04-19T17:58:59.898-0700][gc            ] GC(1019) Pause Young (Normal) (G1 Evacuation Pause) 858M->248M(1024M) 11.580ms
[2021-04-19T17:58:59.898-0700][gc,cpu        ] GC(1019) User=0.07s Sys=0.00s Real=0.02s
[2021-04-19T18:02:27.120-0700][gc,start      ] GC(1020) Pause Young (Normal) (G1 Evacuation Pause)
[2021-04-19T18:02:27.120-0700][gc,task       ] GC(1020) Using 8 workers of 8 for evacuation
[2021-04-19T18:02:27.130-0700][gc,phases     ] GC(1020)   Pre Evacuate Collection Set: 0.0ms
[2021-04-19T18:02:27.130-0700][gc,phases     ] GC(1020)   Evacuate Collection Set: 8.4ms
[2021-04-19T18:02:27.130-0700][gc,phases     ] GC(1020)   Post Evacuate Collection Set: 1.4ms
[2021-04-19T18:02:27.130-0700][gc,phases     ] GC(1020)   Other: 0.5ms
[2021-04-19T18:02:27.130-0700][gc,heap       ] GC(1020) Eden regions: 610->0(610)
[2021-04-19T18:02:27.130-0700][gc,heap       ] GC(1020) Survivor regions: 4->4(77)
[2021-04-19T18:02:27.130-0700][gc,heap       ] GC(1020) Old regions: 117->117
[2021-04-19T18:02:27.130-0700][gc,heap       ] GC(1020) Humongous regions: 129->129
[2021-04-19T18:02:27.130-0700][gc,metaspace  ] GC(1020) Metaspace: 42185K->42185K(1087488K)
[2021-04-19T18:02:27.130-0700][gc            ] GC(1020) Pause Young (Normal) (G1 Evacuation Pause) 858M->248M(1024M) 10.503ms
[2021-04-19T18:02:27.130-0700][gc,cpu        ] GC(1020) User=0.07s Sys=0.00s Real=0.01s
[2021-04-19T18:05:38.444-0700][gc,start      ] GC(1021) Pause Young (Normal) (G1 Evacuation Pause)
[2021-04-19T18:05:38.444-0700][gc,task       ] GC(1021) Using 8 workers of 8 for evacuation
[2021-04-19T18:05:38.455-0700][gc,phases     ] GC(1021)   Pre Evacuate Collection Set: 0.0ms
[2021-04-19T18:05:38.455-0700][gc,phases     ] GC(1021)   Evacuate Collection Set: 9.6ms
[2021-04-19T18:05:38.455-0700][gc,phases     ] GC(1021)   Post Evacuate Collection Set: 1.3ms
[2021-04-19T18:05:38.455-0700][gc,phases     ] GC(1021)   Other: 0.5ms
[2021-04-19T18:05:38.455-0700][gc,heap       ] GC(1021) Eden regions: 610->0(609)
[2021-04-19T18:05:38.455-0700][gc,heap       ] GC(1021) Survivor regions: 4->5(77)
[2021-04-19T18:05:38.455-0700][gc,heap       ] GC(1021) Old regions: 117->117
[2021-04-19T18:05:38.455-0700][gc,heap       ] GC(1021) Humongous regions: 129->129
[2021-04-19T18:05:38.455-0700][gc,metaspace  ] GC(1021) Metaspace: 42185K->42185K(1087488K)
[2021-04-19T18:05:38.455-0700][gc            ] GC(1021) Pause Young (Normal) (G1 Evacuation Pause) 858M->249M(1024M) 11.646ms
[2021-04-19T18:05:38.455-0700][gc,cpu        ] GC(1021) User=0.07s Sys=0.01s Real=0.01s
[2021-04-19T18:08:48.084-0700][gc,start      ] GC(1022) Pause Young (Normal) (G1 Evacuation Pause)
[2021-04-19T18:08:48.084-0700][gc,task       ] GC(1022) Using 8 workers of 8 for evacuation
[2021-04-19T18:08:48.088-0700][gc,phases     ] GC(1022)   Pre Evacuate Collection Set: 0.0ms
[2021-04-19T18:08:48.088-0700][gc,phases     ] GC(1022)   Evacuate Collection Set: 3.3ms
[2021-04-19T18:08:48.088-0700][gc,phases     ] GC(1022)   Post Evacuate Collection Set: 0.7ms
[2021-04-19T18:08:48.088-0700][gc,phases     ] GC(1022)   Other: 0.2ms
[2021-04-19T18:08:48.088-0700][gc,heap       ] GC(1022) Eden regions: 609->0(610)
[2021-04-19T18:08:48.088-0700][gc,heap       ] GC(1022) Survivor regions: 5->4(77)
[2021-04-19T18:08:48.088-0700][gc,heap       ] GC(1022) Old regions: 117->117
[2021-04-19T18:08:48.088-0700][gc,heap       ] GC(1022) Humongous regions: 129->129
[2021-04-19T18:08:48.088-0700][gc,metaspace  ] GC(1022) Metaspace: 42187K->42187K(1087488K)
[2021-04-19T18:08:48.088-0700][gc            ] GC(1022) Pause Young (Normal) (G1 Evacuation Pause) 858M->248M(1024M) 4.310ms
[2021-04-19T18:08:48.088-0700][gc,cpu        ] GC(1022) User=0.02s Sys=0.01s Real=0.00s
[2021-04-19T18:11:57.872-0700][gc,start      ] GC(1023) Pause Young (Normal) (G1 Evacuation Pause)
[2021-04-19T18:11:57.872-0700][gc,task       ] GC(1023) Using 8 workers of 8 for evacuation
[2021-04-19T18:11:57.876-0700][gc,phases     ] GC(1023)   Pre Evacuate Collection Set: 0.0ms
[2021-04-19T18:11:57.876-0700][gc,phases     ] GC(1023)   Evacuate Collection Set: 3.4ms
[2021-04-19T18:11:57.876-0700][gc,phases     ] GC(1023)   Post Evacuate Collection Set: 0.6ms
[2021-04-19T18:11:57.876-0700][gc,phases     ] GC(1023)   Other: 0.3ms
[2021-04-19T18:11:57.876-0700][gc,heap       ] GC(1023) Eden regions: 610->0(609)
[2021-04-19T18:11:57.876-0700][gc,heap       ] GC(1023) Survivor regions: 4->5(77)
[2021-04-19T18:11:57.876-0700][gc,heap       ] GC(1023) Old regions: 117->117
[2021-04-19T18:11:57.876-0700][gc,heap       ] GC(1023) Humongous regions: 129->129
[2021-04-19T18:11:57.876-0700][gc,metaspace  ] GC(1023) Metaspace: 42187K->42187K(1087488K)
[2021-04-19T18:11:57.876-0700][gc            ] GC(1023) Pause Young (Normal) (G1 Evacuation Pause) 858M->248M(1024M) 4.327ms
[2021-04-19T18:11:57.876-0700][gc,cpu        ] GC(1023) User=0.02s Sys=0.01s Real=0.00s
[2021-04-19T18:15:00.334-0700][gc,start      ] GC(1024) Pause Young (Normal) (G1 Evacuation Pause)
[2021-04-19T18:15:00.334-0700][gc,task       ] GC(1024) Using 8 workers of 8 for evacuation
[2021-04-19T18:15:00.339-0700][gc,phases     ] GC(1024)   Pre Evacuate Collection Set: 0.0ms
[2021-04-19T18:15:00.339-0700][gc,phases     ] GC(1024)   Evacuate Collection Set: 4.0ms
[2021-04-19T18:15:00.339-0700][gc,phases     ] GC(1024)   Post Evacuate Collection Set: 0.6ms
[2021-04-19T18:15:00.339-0700][gc,phases     ] GC(1024)   Other: 0.2ms
[2021-04-19T18:15:00.339-0700][gc,heap       ] GC(1024) Eden regions: 609->0(609)
[2021-04-19T18:15:00.339-0700][gc,heap       ] GC(1024) Survivor regions: 5->5(77)
[2021-04-19T18:15:00.339-0700][gc,heap       ] GC(1024) Old regions: 117->118
[2021-04-19T18:15:00.339-0700][gc,heap       ] GC(1024) Humongous regions: 129->129
[2021-04-19T18:15:00.339-0700][gc,metaspace  ] GC(1024) Metaspace: 42218K->42218K(1087488K)
[2021-04-19T18:15:00.339-0700][gc            ] GC(1024) Pause Young (Normal) (G1 Evacuation Pause) 857M->249M(1024M) 4.854ms
[2021-04-19T18:15:00.339-0700][gc,cpu        ] GC(1024) User=0.03s Sys=0.00s Real=0.01s
[2021-04-19T18:18:08.948-0700][gc,start      ] GC(1025) Pause Young (Normal) (G1 Evacuation Pause)
[2021-04-19T18:18:08.948-0700][gc,task       ] GC(1025) Using 8 workers of 8 for evacuation
[2021-04-19T18:18:08.959-0700][gc,phases     ] GC(1025)   Pre Evacuate Collection Set: 0.0ms
[2021-04-19T18:18:08.959-0700][gc,phases     ] GC(1025)   Evacuate Collection Set: 8.7ms
[2021-04-19T18:18:08.959-0700][gc,phases     ] GC(1025)   Post Evacuate Collection Set: 1.2ms
[2021-04-19T18:18:08.959-0700][gc,phases     ] GC(1025)   Other: 0.5ms
[2021-04-19T18:18:08.959-0700][gc,heap       ] GC(1025) Eden regions: 609->0(609)
[2021-04-19T18:18:08.959-0700][gc,heap       ] GC(1025) Survivor regions: 5->5(77)
[2021-04-19T18:18:08.959-0700][gc,heap       ] GC(1025) Old regions: 118->118
[2021-04-19T18:18:08.959-0700][gc,heap       ] GC(1025) Humongous regions: 129->129
[2021-04-19T18:18:08.959-0700][gc,metaspace  ] GC(1025) Metaspace: 42221K->42221K(1087488K)
[2021-04-19T18:18:08.959-0700][gc            ] GC(1025) Pause Young (Normal) (G1 Evacuation Pause) 858M->250M(1024M) 10.669ms
[2021-04-19T18:18:08.959-0700][gc,cpu        ] GC(1025) User=0.06s Sys=0.01s Real=0.02s
[2021-04-19T18:21:19.852-0700][gc,start      ] GC(1026) Pause Young (Normal) (G1 Evacuation Pause)
[2021-04-19T18:21:19.852-0700][gc,task       ] GC(1026) Using 8 workers of 8 for evacuation
[2021-04-19T18:21:19.862-0700][gc,phases     ] GC(1026)   Pre Evacuate Collection Set: 0.0ms
[2021-04-19T18:21:19.862-0700][gc,phases     ] GC(1026)   Evacuate Collection Set: 8.0ms
[2021-04-19T18:21:19.862-0700][gc,phases     ] GC(1026)   Post Evacuate Collection Set: 1.4ms
[2021-04-19T18:21:19.862-0700][gc,phases     ] GC(1026)   Other: 0.5ms
[2021-04-19T18:21:19.862-0700][gc,heap       ] GC(1026) Eden regions: 609->0(609)
[2021-04-19T18:21:19.862-0700][gc,heap       ] GC(1026) Survivor regions: 5->5(77)
[2021-04-19T18:21:19.862-0700][gc,heap       ] GC(1026) Old regions: 118->118
[2021-04-19T18:21:19.862-0700][gc,heap       ] GC(1026) Humongous regions: 129->129
[2021-04-19T18:21:19.862-0700][gc,metaspace  ] GC(1026) Metaspace: 42221K->42221K(1087488K)
[2021-04-19T18:21:19.862-0700][gc            ] GC(1026) Pause Young (Normal) (G1 Evacuation Pause) 859M->249M(1024M) 10.178ms
[2021-04-19T18:21:19.862-0700][gc,cpu        ] GC(1026) User=0.07s Sys=0.00s Real=0.01s
[2021-04-19T18:24:30.891-0700][gc,start      ] GC(1027) Pause Young (Normal) (G1 Evacuation Pause)
[2021-04-19T18:24:30.891-0700][gc,task       ] GC(1027) Using 8 workers of 8 for evacuation
[2021-04-19T18:24:30.900-0700][gc,phases     ] GC(1027)   Pre Evacuate Collection Set: 0.0ms
[2021-04-19T18:24:30.901-0700][gc,phases     ] GC(1027)   Evacuate Collection Set: 7.8ms
[2021-04-19T18:24:30.901-0700][gc,phases     ] GC(1027)   Post Evacuate Collection Set: 1.6ms
[2021-04-19T18:24:30.901-0700][gc,phases     ] GC(1027)   Other: 0.5ms
[2021-04-19T18:24:30.901-0700][gc,heap       ] GC(1027) Eden regions: 609->0(609)
[2021-04-19T18:24:30.901-0700][gc,heap       ] GC(1027) Survivor regions: 5->5(77)
[2021-04-19T18:24:30.901-0700][gc,heap       ] GC(1027) Old regions: 118->118
[2021-04-19T18:24:30.901-0700][gc,heap       ] GC(1027) Humongous regions: 129->129
[2021-04-19T18:24:30.901-0700][gc,metaspace  ] GC(1027) Metaspace: 42221K->42221K(1087488K)
[2021-04-19T18:24:30.901-0700][gc            ] GC(1027) Pause Young (Normal) (G1 Evacuation Pause) 858M->249M(1024M) 10.187ms
[2021-04-19T18:24:30.901-0700][gc,cpu        ] GC(1027) User=0.06s Sys=0.00s Real=0.01s
[2021-04-19T18:27:41.869-0700][gc,start      ] GC(1028) Pause Young (Normal) (G1 Evacuation Pause)
[2021-04-19T18:27:41.869-0700][gc,task       ] GC(1028) Using 8 workers of 8 for evacuation
[2021-04-19T18:27:41.879-0700][gc,phases     ] GC(1028)   Pre Evacuate Collection Set: 0.0ms
[2021-04-19T18:27:41.879-0700][gc,phases     ] GC(1028)   Evacuate Collection Set: 8.7ms
[2021-04-19T18:27:41.880-0700][gc,phases     ] GC(1028)   Post Evacuate Collection Set: 1.4ms
[2021-04-19T18:27:41.880-0700][gc,phases     ] GC(1028)   Other: 0.5ms
[2021-04-19T18:27:41.880-0700][gc,heap       ] GC(1028) Eden regions: 609->0(609)
[2021-04-19T18:27:41.880-0700][gc,heap       ] GC(1028) Survivor regions: 5->5(77)
[2021-04-19T18:27:41.880-0700][gc,heap       ] GC(1028) Old regions: 118->118
[2021-04-19T18:27:41.880-0700][gc,heap       ] GC(1028) Humongous regions: 129->129
[2021-04-19T18:27:41.880-0700][gc,metaspace  ] GC(1028) Metaspace: 42221K->42221K(1087488K)
[2021-04-19T18:27:41.880-0700][gc            ] GC(1028) Pause Young (Normal) (G1 Evacuation Pause) 858M->250M(1024M) 10.849ms
[2021-04-19T18:27:41.880-0700][gc,cpu        ] GC(1028) User=0.08s Sys=0.00s Real=0.01s
[2021-04-19T18:30:52.593-0700][gc,start      ] GC(1029) Pause Young (Normal) (G1 Evacuation Pause)
[2021-04-19T18:30:52.593-0700][gc,task       ] GC(1029) Using 8 workers of 8 for evacuation
[2021-04-19T18:30:52.603-0700][gc,phases     ] GC(1029)   Pre Evacuate Collection Set: 0.0ms
[2021-04-19T18:30:52.603-0700][gc,phases     ] GC(1029)   Evacuate Collection Set: 7.9ms
[2021-04-19T18:30:52.603-0700][gc,phases     ] GC(1029)   Post Evacuate Collection Set: 1.3ms
[2021-04-19T18:30:52.603-0700][gc,phases     ] GC(1029)   Other: 0.5ms
[2021-04-19T18:30:52.603-0700][gc,heap       ] GC(1029) Eden regions: 609->0(609)
[2021-04-19T18:30:52.603-0700][gc,heap       ] GC(1029) Survivor regions: 5->5(77)
[2021-04-19T18:30:52.603-0700][gc,heap       ] GC(1029) Old regions: 118->118
[2021-04-19T18:30:52.603-0700][gc,heap       ] GC(1029) Humongous regions: 129->129
[2021-04-19T18:30:52.603-0700][gc,metaspace  ] GC(1029) Metaspace: 42221K->42221K(1087488K)
[2021-04-19T18:30:52.603-0700][gc            ] GC(1029) Pause Young (Normal) (G1 Evacuation Pause) 859M->249M(1024M) 9.926ms
[2021-04-19T18:30:52.603-0700][gc,cpu        ] GC(1029) User=0.06s Sys=0.00s Real=0.01s
[2021-04-19T18:34:03.425-0700][gc,start      ] GC(1030) Pause Young (Normal) (G1 Evacuation Pause)
[2021-04-19T18:34:03.425-0700][gc,task       ] GC(1030) Using 8 workers of 8 for evacuation
[2021-04-19T18:34:03.434-0700][gc,phases     ] GC(1030)   Pre Evacuate Collection Set: 0.0ms
[2021-04-19T18:34:03.434-0700][gc,phases     ] GC(1030)   Evacuate Collection Set: 7.1ms
[2021-04-19T18:34:03.434-0700][gc,phases     ] GC(1030)   Post Evacuate Collection Set: 1.3ms
[2021-04-19T18:34:03.434-0700][gc,phases     ] GC(1030)   Other: 0.5ms
[2021-04-19T18:34:03.434-0700][gc,heap       ] GC(1030) Eden regions: 609->0(610)
[2021-04-19T18:34:03.434-0700][gc,heap       ] GC(1030) Survivor regions: 5->4(77)
[2021-04-19T18:34:03.434-0700][gc,heap       ] GC(1030) Old regions: 118->118
[2021-04-19T18:34:03.434-0700][gc,heap       ] GC(1030) Humongous regions: 129->129
[2021-04-19T18:34:03.434-0700][gc,metaspace  ] GC(1030) Metaspace: 42221K->42221K(1087488K)
[2021-04-19T18:34:03.434-0700][gc            ] GC(1030) Pause Young (Normal) (G1 Evacuation Pause) 858M->249M(1024M) 9.124ms
[2021-04-19T18:34:03.434-0700][gc,cpu        ] GC(1030) User=0.05s Sys=0.01s Real=0.01s
[2021-04-19T18:37:14.635-0700][gc,start      ] GC(1031) Pause Young (Normal) (G1 Evacuation Pause)
[2021-04-19T18:37:14.635-0700][gc,task       ] GC(1031) Using 8 workers of 8 for evacuation
[2021-04-19T18:37:14.645-0700][gc,phases     ] GC(1031)   Pre Evacuate Collection Set: 0.0ms
[2021-04-19T18:37:14.645-0700][gc,phases     ] GC(1031)   Evacuate Collection Set: 8.4ms
[2021-04-19T18:37:14.645-0700][gc,phases     ] GC(1031)   Post Evacuate Collection Set: 1.3ms
[2021-04-19T18:37:14.645-0700][gc,phases     ] GC(1031)   Other: 0.4ms
[2021-04-19T18:37:14.645-0700][gc,heap       ] GC(1031) Eden regions: 610->0(609)
[2021-04-19T18:37:14.645-0700][gc,heap       ] GC(1031) Survivor regions: 4->5(77)
[2021-04-19T18:37:14.645-0700][gc,heap       ] GC(1031) Old regions: 118->118
[2021-04-19T18:37:14.645-0700][gc,heap       ] GC(1031) Humongous regions: 129->129
[2021-04-19T18:37:14.645-0700][gc,metaspace  ] GC(1031) Metaspace: 42221K->42221K(1087488K)
[2021-04-19T18:37:14.645-0700][gc            ] GC(1031) Pause Young (Normal) (G1 Evacuation Pause) 859M->249M(1024M) 10.377ms
[2021-04-19T18:37:14.645-0700][gc,cpu        ] GC(1031) User=0.07s Sys=0.00s Real=0.01s
[2021-04-19T18:40:25.748-0700][gc,start      ] GC(1032) Pause Young (Normal) (G1 Evacuation Pause)
[2021-04-19T18:40:25.748-0700][gc,task       ] GC(1032) Using 8 workers of 8 for evacuation
[2021-04-19T18:40:25.757-0700][gc,phases     ] GC(1032)   Pre Evacuate Collection Set: 0.0ms
[2021-04-19T18:40:25.758-0700][gc,phases     ] GC(1032)   Evacuate Collection Set: 8.0ms
[2021-04-19T18:40:25.758-0700][gc,phases     ] GC(1032)   Post Evacuate Collection Set: 1.4ms
[2021-04-19T18:40:25.758-0700][gc,phases     ] GC(1032)   Other: 0.5ms
[2021-04-19T18:40:25.758-0700][gc,heap       ] GC(1032) Eden regions: 609->0(610)
[2021-04-19T18:40:25.758-0700][gc,heap       ] GC(1032) Survivor regions: 5->4(77)
[2021-04-19T18:40:25.758-0700][gc,heap       ] GC(1032) Old regions: 118->118
[2021-04-19T18:40:25.758-0700][gc,heap       ] GC(1032) Humongous regions: 129->129
[2021-04-19T18:40:25.758-0700][gc,metaspace  ] GC(1032) Metaspace: 42221K->42221K(1087488K)
[2021-04-19T18:40:25.758-0700][gc            ] GC(1032) Pause Young (Normal) (G1 Evacuation Pause) 858M->249M(1024M) 10.126ms
[2021-04-19T18:40:25.758-0700][gc,cpu        ] GC(1032) User=0.06s Sys=0.00s Real=0.02s
[2021-04-19T18:43:36.930-0700][gc,start      ] GC(1033) Pause Young (Normal) (G1 Evacuation Pause)
[2021-04-19T18:43:36.931-0700][gc,task       ] GC(1033) Using 8 workers of 8 for evacuation
[2021-04-19T18:43:36.937-0700][gc,phases     ] GC(1033)   Pre Evacuate Collection Set: 0.0ms
[2021-04-19T18:43:36.937-0700][gc,phases     ] GC(1033)   Evacuate Collection Set: 5.9ms
[2021-04-19T18:43:36.937-0700][gc,phases     ] GC(1033)   Post Evacuate Collection Set: 0.6ms
[2021-04-19T18:43:36.937-0700][gc,phases     ] GC(1033)   Other: 0.4ms
[2021-04-19T18:43:36.937-0700][gc,heap       ] GC(1033) Eden regions: 610->0(610)
[2021-04-19T18:43:36.937-0700][gc,heap       ] GC(1033) Survivor regions: 4->4(77)
[2021-04-19T18:43:36.937-0700][gc,heap       ] GC(1033) Old regions: 118->118
[2021-04-19T18:43:36.937-0700][gc,heap       ] GC(1033) Humongous regions: 129->129
[2021-04-19T18:43:36.937-0700][gc,metaspace  ] GC(1033) Metaspace: 42221K->42221K(1087488K)
[2021-04-19T18:43:36.937-0700][gc            ] GC(1033) Pause Young (Normal) (G1 Evacuation Pause) 859M->249M(1024M) 6.957ms
[2021-04-19T18:43:36.937-0700][gc,cpu        ] GC(1033) User=0.03s Sys=0.01s Real=0.01s
[2021-04-19T18:46:48.307-0700][gc,start      ] GC(1034) Pause Young (Normal) (G1 Evacuation Pause)
[2021-04-19T18:46:48.307-0700][gc,task       ] GC(1034) Using 8 workers of 8 for evacuation
[2021-04-19T18:46:48.317-0700][gc,phases     ] GC(1034)   Pre Evacuate Collection Set: 0.0ms
[2021-04-19T18:46:48.317-0700][gc,phases     ] GC(1034)   Evacuate Collection Set: 7.8ms
[2021-04-19T18:46:48.317-0700][gc,phases     ] GC(1034)   Post Evacuate Collection Set: 1.3ms
[2021-04-19T18:46:48.317-0700][gc,phases     ] GC(1034)   Other: 0.5ms
[2021-04-19T18:46:48.317-0700][gc,heap       ] GC(1034) Eden regions: 610->0(609)
[2021-04-19T18:46:48.317-0700][gc,heap       ] GC(1034) Survivor regions: 4->5(77)
[2021-04-19T18:46:48.317-0700][gc,heap       ] GC(1034) Old regions: 118->118
[2021-04-19T18:46:48.317-0700][gc,heap       ] GC(1034) Humongous regions: 129->129
[2021-04-19T18:46:48.317-0700][gc,metaspace  ] GC(1034) Metaspace: 42221K->42221K(1087488K)
[2021-04-19T18:46:48.317-0700][gc            ] GC(1034) Pause Young (Normal) (G1 Evacuation Pause) 859M->250M(1024M) 9.903ms
[2021-04-19T18:46:48.317-0700][gc,cpu        ] GC(1034) User=0.07s Sys=0.00s Real=0.02s
[2021-04-19T18:49:59.113-0700][gc,start      ] GC(1035) Pause Young (Normal) (G1 Evacuation Pause)
[2021-04-19T18:49:59.113-0700][gc,task       ] GC(1035) Using 8 workers of 8 for evacuation
[2021-04-19T18:49:59.122-0700][gc,phases     ] GC(1035)   Pre Evacuate Collection Set: 0.0ms
[2021-04-19T18:49:59.122-0700][gc,phases     ] GC(1035)   Evacuate Collection Set: 7.3ms
[2021-04-19T18:49:59.122-0700][gc,phases     ] GC(1035)   Post Evacuate Collection Set: 1.1ms
[2021-04-19T18:49:59.122-0700][gc,phases     ] GC(1035)   Other: 0.5ms
[2021-04-19T18:49:59.122-0700][gc,heap       ] GC(1035) Eden regions: 609->0(610)
[2021-04-19T18:49:59.122-0700][gc,heap       ] GC(1035) Survivor regions: 5->4(77)
[2021-04-19T18:49:59.122-0700][gc,heap       ] GC(1035) Old regions: 118->119
[2021-04-19T18:49:59.122-0700][gc,heap       ] GC(1035) Humongous regions: 129->129
[2021-04-19T18:49:59.122-0700][gc,metaspace  ] GC(1035) Metaspace: 42221K->42221K(1087488K)
[2021-04-19T18:49:59.122-0700][gc            ] GC(1035) Pause Young (Normal) (G1 Evacuation Pause) 859M->249M(1024M) 9.200ms
[2021-04-19T18:49:59.122-0700][gc,cpu        ] GC(1035) User=0.06s Sys=0.00s Real=0.01s
[2021-04-19T18:53:10.091-0700][gc,start      ] GC(1036) Pause Young (Normal) (G1 Evacuation Pause)
[2021-04-19T18:53:10.091-0700][gc,task       ] GC(1036) Using 8 workers of 8 for evacuation
[2021-04-19T18:53:10.100-0700][gc,phases     ] GC(1036)   Pre Evacuate Collection Set: 0.0ms
[2021-04-19T18:53:10.100-0700][gc,phases     ] GC(1036)   Evacuate Collection Set: 6.4ms
[2021-04-19T18:53:10.100-0700][gc,phases     ] GC(1036)   Post Evacuate Collection Set: 1.3ms
[2021-04-19T18:53:10.100-0700][gc,phases     ] GC(1036)   Other: 0.5ms
[2021-04-19T18:53:10.100-0700][gc,heap       ] GC(1036) Eden regions: 610->0(610)
[2021-04-19T18:53:10.100-0700][gc,heap       ] GC(1036) Survivor regions: 4->4(77)
[2021-04-19T18:53:10.100-0700][gc,heap       ] GC(1036) Old regions: 119->119
[2021-04-19T18:53:10.100-0700][gc,heap       ] GC(1036) Humongous regions: 129->129
[2021-04-19T18:53:10.100-0700][gc,metaspace  ] GC(1036) Metaspace: 42221K->42221K(1087488K)
[2021-04-19T18:53:10.100-0700][gc            ] GC(1036) Pause Young (Normal) (G1 Evacuation Pause) 859M->249M(1024M) 8.462ms
[2021-04-19T18:53:10.100-0700][gc,cpu        ] GC(1036) User=0.06s Sys=0.00s Real=0.01s
[2021-04-19T18:56:20.378-0700][gc,start      ] GC(1037) Pause Young (Normal) (G1 Evacuation Pause)
[2021-04-19T18:56:20.378-0700][gc,task       ] GC(1037) Using 8 workers of 8 for evacuation
[2021-04-19T18:56:20.386-0700][gc,phases     ] GC(1037)   Pre Evacuate Collection Set: 0.0ms
[2021-04-19T18:56:20.387-0700][gc,phases     ] GC(1037)   Evacuate Collection Set: 7.3ms
[2021-04-19T18:56:20.387-0700][gc,phases     ] GC(1037)   Post Evacuate Collection Set: 1.2ms
[2021-04-19T18:56:20.387-0700][gc,phases     ] GC(1037)   Other: 0.5ms
[2021-04-19T18:56:20.387-0700][gc,heap       ] GC(1037) Eden regions: 610->0(610)
[2021-04-19T18:56:20.387-0700][gc,heap       ] GC(1037) Survivor regions: 4->4(77)
[2021-04-19T18:56:20.387-0700][gc,heap       ] GC(1037) Old regions: 119->119
[2021-04-19T18:56:20.387-0700][gc,heap       ] GC(1037) Humongous regions: 129->129
[2021-04-19T18:56:20.387-0700][gc,metaspace  ] GC(1037) Metaspace: 42221K->42221K(1087488K)
[2021-04-19T18:56:20.387-0700][gc            ] GC(1037) Pause Young (Normal) (G1 Evacuation Pause) 859M->249M(1024M) 9.217ms
[2021-04-19T18:56:20.387-0700][gc,cpu        ] GC(1037) User=0.06s Sys=0.00s Real=0.00s
[2021-04-19T18:59:26.268-0700][gc,start      ] GC(1038) Pause Young (Normal) (G1 Evacuation Pause)
[2021-04-19T18:59:26.268-0700][gc,task       ] GC(1038) Using 8 workers of 8 for evacuation
[2021-04-19T18:59:26.279-0700][gc,phases     ] GC(1038)   Pre Evacuate Collection Set: 0.0ms
[2021-04-19T18:59:26.279-0700][gc,phases     ] GC(1038)   Evacuate Collection Set: 9.3ms
[2021-04-19T18:59:26.279-0700][gc,phases     ] GC(1038)   Post Evacuate Collection Set: 1.2ms
[2021-04-19T18:59:26.279-0700][gc,phases     ] GC(1038)   Other: 0.5ms
[2021-04-19T18:59:26.279-0700][gc,heap       ] GC(1038) Eden regions: 610->0(609)
[2021-04-19T18:59:26.279-0700][gc,heap       ] GC(1038) Survivor regions: 4->5(77)
[2021-04-19T18:59:26.279-0700][gc,heap       ] GC(1038) Old regions: 119->119
[2021-04-19T18:59:26.279-0700][gc,heap       ] GC(1038) Humongous regions: 129->129
[2021-04-19T18:59:26.279-0700][gc,metaspace  ] GC(1038) Metaspace: 42221K->42221K(1087488K)
[2021-04-19T18:59:26.279-0700][gc            ] GC(1038) Pause Young (Normal) (G1 Evacuation Pause) 859M->250M(1024M) 11.206ms
[2021-04-19T18:59:26.279-0700][gc,cpu        ] GC(1038) User=0.08s Sys=0.00s Real=0.02s
[2021-04-19T19:02:37.170-0700][gc,start      ] GC(1039) Pause Young (Normal) (G1 Evacuation Pause)
[2021-04-19T19:02:37.170-0700][gc,task       ] GC(1039) Using 8 workers of 8 for evacuation
[2021-04-19T19:02:37.177-0700][gc,phases     ] GC(1039)   Pre Evacuate Collection Set: 0.0ms
[2021-04-19T19:02:37.177-0700][gc,phases     ] GC(1039)   Evacuate Collection Set: 5.5ms
[2021-04-19T19:02:37.177-0700][gc,phases     ] GC(1039)   Post Evacuate Collection Set: 0.7ms
[2021-04-19T19:02:37.177-0700][gc,phases     ] GC(1039)   Other: 0.3ms
[2021-04-19T19:02:37.177-0700][gc,heap       ] GC(1039) Eden regions: 609->0(609)
[2021-04-19T19:02:37.177-0700][gc,heap       ] GC(1039) Survivor regions: 5->5(77)
[2021-04-19T19:02:37.177-0700][gc,heap       ] GC(1039) Old regions: 119->119
[2021-04-19T19:02:37.177-0700][gc,heap       ] GC(1039) Humongous regions: 129->129
[2021-04-19T19:02:37.177-0700][gc,metaspace  ] GC(1039) Metaspace: 42221K->42221K(1087488K)
[2021-04-19T19:02:37.177-0700][gc            ] GC(1039) Pause Young (Normal) (G1 Evacuation Pause) 859M->251M(1024M) 6.661ms
[2021-04-19T19:02:37.177-0700][gc,cpu        ] GC(1039) User=0.03s Sys=0.00s Real=0.01s
[2021-04-19T19:05:48.680-0700][gc,start      ] GC(1040) Pause Young (Normal) (G1 Evacuation Pause)
[2021-04-19T19:05:48.681-0700][gc,task       ] GC(1040) Using 8 workers of 8 for evacuation
[2021-04-19T19:05:48.695-0700][gc,phases     ] GC(1040)   Pre Evacuate Collection Set: 0.0ms
[2021-04-19T19:05:48.695-0700][gc,phases     ] GC(1040)   Evacuate Collection Set: 12.7ms
[2021-04-19T19:05:48.695-0700][gc,phases     ] GC(1040)   Post Evacuate Collection Set: 1.2ms
[2021-04-19T19:05:48.695-0700][gc,phases     ] GC(1040)   Other: 0.5ms
[2021-04-19T19:05:48.695-0700][gc,heap       ] GC(1040) Eden regions: 609->0(608)
[2021-04-19T19:05:48.695-0700][gc,heap       ] GC(1040) Survivor regions: 5->6(77)
[2021-04-19T19:05:48.695-0700][gc,heap       ] GC(1040) Old regions: 119->120
[2021-04-19T19:05:48.695-0700][gc,heap       ] GC(1040) Humongous regions: 129->129
[2021-04-19T19:05:48.695-0700][gc,metaspace  ] GC(1040) Metaspace: 42222K->42222K(1087488K)
[2021-04-19T19:05:48.695-0700][gc            ] GC(1040) Pause Young (Normal) (G1 Evacuation Pause) 860M->252M(1024M) 14.736ms
[2021-04-19T19:05:48.695-0700][gc,cpu        ] GC(1040) User=0.10s Sys=0.00s Real=0.01s
[2021-04-19T19:08:58.041-0700][gc,start      ] GC(1041) Pause Young (Normal) (G1 Evacuation Pause)
[2021-04-19T19:08:58.041-0700][gc,task       ] GC(1041) Using 8 workers of 8 for evacuation
[2021-04-19T19:08:58.046-0700][gc,phases     ] GC(1041)   Pre Evacuate Collection Set: 0.0ms
[2021-04-19T19:08:58.047-0700][gc,phases     ] GC(1041)   Evacuate Collection Set: 4.7ms
[2021-04-19T19:08:58.047-0700][gc,phases     ] GC(1041)   Post Evacuate Collection Set: 0.7ms
[2021-04-19T19:08:58.047-0700][gc,phases     ] GC(1041)   Other: 0.2ms
[2021-04-19T19:08:58.047-0700][gc,heap       ] GC(1041) Eden regions: 608->0(609)
[2021-04-19T19:08:58.047-0700][gc,heap       ] GC(1041) Survivor regions: 6->5(77)
[2021-04-19T19:08:58.047-0700][gc,heap       ] GC(1041) Old regions: 120->120
[2021-04-19T19:08:58.047-0700][gc,heap       ] GC(1041) Humongous regions: 129->129
[2021-04-19T19:08:58.047-0700][gc,metaspace  ] GC(1041) Metaspace: 42222K->42222K(1087488K)
[2021-04-19T19:08:58.047-0700][gc            ] GC(1041) Pause Young (Normal) (G1 Evacuation Pause) 860M->251M(1024M) 5.842ms
[2021-04-19T19:08:58.047-0700][gc,cpu        ] GC(1041) User=0.02s Sys=0.02s Real=0.00s
[2021-04-19T19:12:07.868-0700][gc,start      ] GC(1042) Pause Young (Normal) (G1 Evacuation Pause)
[2021-04-19T19:12:07.868-0700][gc,task       ] GC(1042) Using 8 workers of 8 for evacuation
[2021-04-19T19:12:07.882-0700][gc,phases     ] GC(1042)   Pre Evacuate Collection Set: 0.0ms
[2021-04-19T19:12:07.882-0700][gc,phases     ] GC(1042)   Evacuate Collection Set: 11.9ms
[2021-04-19T19:12:07.882-0700][gc,phases     ] GC(1042)   Post Evacuate Collection Set: 1.4ms
[2021-04-19T19:12:07.882-0700][gc,phases     ] GC(1042)   Other: 0.5ms
[2021-04-19T19:12:07.882-0700][gc,heap       ] GC(1042) Eden regions: 609->0(608)
[2021-04-19T19:12:07.882-0700][gc,heap       ] GC(1042) Survivor regions: 5->6(77)
[2021-04-19T19:12:07.882-0700][gc,heap       ] GC(1042) Old regions: 120->120
[2021-04-19T19:12:07.882-0700][gc,heap       ] GC(1042) Humongous regions: 129->129
[2021-04-19T19:12:07.882-0700][gc,metaspace  ] GC(1042) Metaspace: 42222K->42222K(1087488K)
[2021-04-19T19:12:07.882-0700][gc            ] GC(1042) Pause Young (Normal) (G1 Evacuation Pause) 860M->252M(1024M) 14.100ms
[2021-04-19T19:12:07.882-0700][gc,cpu        ] GC(1042) User=0.09s Sys=0.01s Real=0.02s
[2021-04-19T19:15:17.733-0700][gc,start      ] GC(1043) Pause Young (Normal) (G1 Evacuation Pause)
[2021-04-19T19:15:17.733-0700][gc,task       ] GC(1043) Using 8 workers of 8 for evacuation
[2021-04-19T19:15:17.745-0700][gc,phases     ] GC(1043)   Pre Evacuate Collection Set: 0.0ms
[2021-04-19T19:15:17.745-0700][gc,phases     ] GC(1043)   Evacuate Collection Set: 10.1ms
[2021-04-19T19:15:17.745-0700][gc,phases     ] GC(1043)   Post Evacuate Collection Set: 1.3ms
[2021-04-19T19:15:17.745-0700][gc,phases     ] GC(1043)   Other: 0.5ms
[2021-04-19T19:15:17.745-0700][gc,heap       ] GC(1043) Eden regions: 608->0(609)
[2021-04-19T19:15:17.745-0700][gc,heap       ] GC(1043) Survivor regions: 6->5(77)
[2021-04-19T19:15:17.745-0700][gc,heap       ] GC(1043) Old regions: 120->120
[2021-04-19T19:15:17.745-0700][gc,heap       ] GC(1043) Humongous regions: 129->129
[2021-04-19T19:15:17.745-0700][gc,metaspace  ] GC(1043) Metaspace: 42222K->42222K(1087488K)
[2021-04-19T19:15:17.745-0700][gc            ] GC(1043) Pause Young (Normal) (G1 Evacuation Pause) 860M->251M(1024M) 12.147ms
[2021-04-19T19:15:17.745-0700][gc,cpu        ] GC(1043) User=0.08s Sys=0.00s Real=0.01s
[2021-04-19T19:18:28.563-0700][gc,start      ] GC(1044) Pause Young (Normal) (G1 Evacuation Pause)
[2021-04-19T19:18:28.563-0700][gc,task       ] GC(1044) Using 8 workers of 8 for evacuation
[2021-04-19T19:18:28.576-0700][gc,phases     ] GC(1044)   Pre Evacuate Collection Set: 0.0ms
[2021-04-19T19:18:28.576-0700][gc,phases     ] GC(1044)   Evacuate Collection Set: 11.4ms
[2021-04-19T19:18:28.576-0700][gc,phases     ] GC(1044)   Post Evacuate Collection Set: 1.3ms
[2021-04-19T19:18:28.576-0700][gc,phases     ] GC(1044)   Other: 0.5ms
[2021-04-19T19:18:28.576-0700][gc,heap       ] GC(1044) Eden regions: 609->0(608)
[2021-04-19T19:18:28.576-0700][gc,heap       ] GC(1044) Survivor regions: 5->6(77)
[2021-04-19T19:18:28.576-0700][gc,heap       ] GC(1044) Old regions: 120->120
[2021-04-19T19:18:28.576-0700][gc,heap       ] GC(1044) Humongous regions: 129->129
[2021-04-19T19:18:28.576-0700][gc,metaspace  ] GC(1044) Metaspace: 42222K->42222K(1087488K)
[2021-04-19T19:18:28.576-0700][gc            ] GC(1044) Pause Young (Normal) (G1 Evacuation Pause) 860M->252M(1024M) 13.443ms
[2021-04-19T19:18:28.576-0700][gc,cpu        ] GC(1044) User=0.10s Sys=0.00s Real=0.01s
[2021-04-19T19:21:38.999-0700][gc,start      ] GC(1045) Pause Young (Normal) (G1 Evacuation Pause)
[2021-04-19T19:21:38.999-0700][gc,task       ] GC(1045) Using 8 workers of 8 for evacuation
[2021-04-19T19:21:39.007-0700][gc,phases     ] GC(1045)   Pre Evacuate Collection Set: 0.0ms
[2021-04-19T19:21:39.007-0700][gc,phases     ] GC(1045)   Evacuate Collection Set: 7.2ms
[2021-04-19T19:21:39.007-0700][gc,phases     ] GC(1045)   Post Evacuate Collection Set: 0.6ms
[2021-04-19T19:21:39.007-0700][gc,phases     ] GC(1045)   Other: 0.4ms
[2021-04-19T19:21:39.007-0700][gc,heap       ] GC(1045) Eden regions: 608->0(609)
[2021-04-19T19:21:39.007-0700][gc,heap       ] GC(1045) Survivor regions: 6->5(77)
[2021-04-19T19:21:39.007-0700][gc,heap       ] GC(1045) Old regions: 120->120
[2021-04-19T19:21:39.007-0700][gc,heap       ] GC(1045) Humongous regions: 129->129
[2021-04-19T19:21:39.007-0700][gc,metaspace  ] GC(1045) Metaspace: 42222K->42222K(1087488K)
[2021-04-19T19:21:39.007-0700][gc            ] GC(1045) Pause Young (Normal) (G1 Evacuation Pause) 860M->251M(1024M) 8.299ms
[2021-04-19T19:21:39.007-0700][gc,cpu        ] GC(1045) User=0.06s Sys=0.00s Real=0.00s
[2021-04-19T19:24:49.683-0700][gc,start      ] GC(1046) Pause Young (Normal) (G1 Evacuation Pause)
[2021-04-19T19:24:49.683-0700][gc,task       ] GC(1046) Using 8 workers of 8 for evacuation
[2021-04-19T19:24:49.696-0700][gc,phases     ] GC(1046)   Pre Evacuate Collection Set: 0.0ms
[2021-04-19T19:24:49.697-0700][gc,phases     ] GC(1046)   Evacuate Collection Set: 11.9ms
[2021-04-19T19:24:49.697-0700][gc,phases     ] GC(1046)   Post Evacuate Collection Set: 1.4ms
[2021-04-19T19:24:49.697-0700][gc,phases     ] GC(1046)   Other: 0.5ms
[2021-04-19T19:24:49.697-0700][gc,heap       ] GC(1046) Eden regions: 609->0(608)
[2021-04-19T19:24:49.697-0700][gc,heap       ] GC(1046) Survivor regions: 5->6(77)
[2021-04-19T19:24:49.697-0700][gc,heap       ] GC(1046) Old regions: 120->120
[2021-04-19T19:24:49.697-0700][gc,heap       ] GC(1046) Humongous regions: 129->129
[2021-04-19T19:24:49.697-0700][gc,metaspace  ] GC(1046) Metaspace: 42222K->42222K(1087488K)
[2021-04-19T19:24:49.697-0700][gc            ] GC(1046) Pause Young (Normal) (G1 Evacuation Pause) 860M->252M(1024M) 14.077ms
[2021-04-19T19:24:49.697-0700][gc,cpu        ] GC(1046) User=0.10s Sys=0.00s Real=0.02s
[2021-04-19T19:28:00.894-0700][gc,start      ] GC(1047) Pause Young (Normal) (G1 Evacuation Pause)
[2021-04-19T19:28:00.894-0700][gc,task       ] GC(1047) Using 8 workers of 8 for evacuation
[2021-04-19T19:28:00.906-0700][gc,phases     ] GC(1047)   Pre Evacuate Collection Set: 0.0ms
[2021-04-19T19:28:00.906-0700][gc,phases     ] GC(1047)   Evacuate Collection Set: 10.5ms
[2021-04-19T19:28:00.906-0700][gc,phases     ] GC(1047)   Post Evacuate Collection Set: 1.5ms
[2021-04-19T19:28:00.906-0700][gc,phases     ] GC(1047)   Other: 0.5ms
[2021-04-19T19:28:00.906-0700][gc,heap       ] GC(1047) Eden regions: 608->0(609)
[2021-04-19T19:28:00.906-0700][gc,heap       ] GC(1047) Survivor regions: 6->5(77)
[2021-04-19T19:28:00.906-0700][gc,heap       ] GC(1047) Old regions: 120->120
[2021-04-19T19:28:00.906-0700][gc,heap       ] GC(1047) Humongous regions: 129->129
[2021-04-19T19:28:00.906-0700][gc,metaspace  ] GC(1047) Metaspace: 42222K->42222K(1087488K)
[2021-04-19T19:28:00.906-0700][gc            ] GC(1047) Pause Young (Normal) (G1 Evacuation Pause) 860M->251M(1024M) 12.704ms
[2021-04-19T19:28:00.906-0700][gc,cpu        ] GC(1047) User=0.08s Sys=0.00s Real=0.01s
[2021-04-19T19:31:11.461-0700][gc,start      ] GC(1048) Pause Young (Normal) (G1 Evacuation Pause)
[2021-04-19T19:31:11.461-0700][gc,task       ] GC(1048) Using 8 workers of 8 for evacuation
[2021-04-19T19:31:11.468-0700][gc,phases     ] GC(1048)   Pre Evacuate Collection Set: 0.0ms
[2021-04-19T19:31:11.468-0700][gc,phases     ] GC(1048)   Evacuate Collection Set: 5.9ms
[2021-04-19T19:31:11.468-0700][gc,phases     ] GC(1048)   Post Evacuate Collection Set: 0.8ms
[2021-04-19T19:31:11.468-0700][gc,phases     ] GC(1048)   Other: 0.3ms
[2021-04-19T19:31:11.468-0700][gc,heap       ] GC(1048) Eden regions: 609->0(608)
[2021-04-19T19:31:11.468-0700][gc,heap       ] GC(1048) Survivor regions: 5->6(77)
[2021-04-19T19:31:11.468-0700][gc,heap       ] GC(1048) Old regions: 120->120
[2021-04-19T19:31:11.468-0700][gc,heap       ] GC(1048) Humongous regions: 129->129
[2021-04-19T19:31:11.468-0700][gc,metaspace  ] GC(1048) Metaspace: 42222K->42222K(1087488K)
[2021-04-19T19:31:11.468-0700][gc            ] GC(1048) Pause Young (Normal) (G1 Evacuation Pause) 860M->252M(1024M) 7.056ms
[2021-04-19T19:31:11.468-0700][gc,cpu        ] GC(1048) User=0.05s Sys=0.00s Real=0.00s
[2021-04-19T19:34:50.938-0700][gc,start      ] GC(1049) Pause Young (Normal) (G1 Evacuation Pause)
[2021-04-19T19:34:50.938-0700][gc,task       ] GC(1049) Using 8 workers of 8 for evacuation
[2021-04-19T19:34:50.951-0700][gc,phases     ] GC(1049)   Pre Evacuate Collection Set: 0.0ms
[2021-04-19T19:34:50.951-0700][gc,phases     ] GC(1049)   Evacuate Collection Set: 11.7ms
[2021-04-19T19:34:50.951-0700][gc,phases     ] GC(1049)   Post Evacuate Collection Set: 1.4ms
[2021-04-19T19:34:50.951-0700][gc,phases     ] GC(1049)   Other: 0.5ms
[2021-04-19T19:34:50.951-0700][gc,heap       ] GC(1049) Eden regions: 608->0(608)
[2021-04-19T19:34:50.951-0700][gc,heap       ] GC(1049) Survivor regions: 6->6(77)
[2021-04-19T19:34:50.951-0700][gc,heap       ] GC(1049) Old regions: 120->120
[2021-04-19T19:34:50.951-0700][gc,heap       ] GC(1049) Humongous regions: 129->129
[2021-04-19T19:34:50.951-0700][gc,metaspace  ] GC(1049) Metaspace: 42222K->42222K(1087488K)
[2021-04-19T19:34:50.951-0700][gc            ] GC(1049) Pause Young (Normal) (G1 Evacuation Pause) 860M->252M(1024M) 13.867ms
[2021-04-19T19:34:50.952-0700][gc,cpu        ] GC(1049) User=0.10s Sys=0.00s Real=0.01s
[2021-04-19T19:37:57.342-0700][gc,start      ] GC(1050) Pause Young (Normal) (G1 Evacuation Pause)
[2021-04-19T19:37:57.342-0700][gc,task       ] GC(1050) Using 8 workers of 8 for evacuation
[2021-04-19T19:37:57.347-0700][gc,phases     ] GC(1050)   Pre Evacuate Collection Set: 0.0ms
[2021-04-19T19:37:57.347-0700][gc,phases     ] GC(1050)   Evacuate Collection Set: 4.4ms
[2021-04-19T19:37:57.347-0700][gc,phases     ] GC(1050)   Post Evacuate Collection Set: 0.7ms
[2021-04-19T19:37:57.347-0700][gc,phases     ] GC(1050)   Other: 0.2ms
[2021-04-19T19:37:57.347-0700][gc,heap       ] GC(1050) Eden regions: 608->0(607)
[2021-04-19T19:37:57.347-0700][gc,heap       ] GC(1050) Survivor regions: 6->7(77)
[2021-04-19T19:37:57.347-0700][gc,heap       ] GC(1050) Old regions: 120->120
[2021-04-19T19:37:57.347-0700][gc,heap       ] GC(1050) Humongous regions: 129->129
[2021-04-19T19:37:57.347-0700][gc,metaspace  ] GC(1050) Metaspace: 42222K->42222K(1087488K)
[2021-04-19T19:37:57.347-0700][gc            ] GC(1050) Pause Young (Normal) (G1 Evacuation Pause) 860M->253M(1024M) 5.365ms
[2021-04-19T19:37:57.347-0700][gc,cpu        ] GC(1050) User=0.03s Sys=0.00s Real=0.00s
[2021-04-19T19:41:07.309-0700][gc,start      ] GC(1051) Pause Young (Normal) (G1 Evacuation Pause)
[2021-04-19T19:41:07.309-0700][gc,task       ] GC(1051) Using 8 workers of 8 for evacuation
[2021-04-19T19:41:07.321-0700][gc,phases     ] GC(1051)   Pre Evacuate Collection Set: 0.0ms
[2021-04-19T19:41:07.321-0700][gc,phases     ] GC(1051)   Evacuate Collection Set: 10.7ms
[2021-04-19T19:41:07.321-0700][gc,phases     ] GC(1051)   Post Evacuate Collection Set: 1.5ms
[2021-04-19T19:41:07.321-0700][gc,phases     ] GC(1051)   Other: 0.5ms
[2021-04-19T19:41:07.322-0700][gc,heap       ] GC(1051) Eden regions: 607->0(609)
[2021-04-19T19:41:07.322-0700][gc,heap       ] GC(1051) Survivor regions: 7->5(77)
[2021-04-19T19:41:07.322-0700][gc,heap       ] GC(1051) Old regions: 120->120
[2021-04-19T19:41:07.322-0700][gc,heap       ] GC(1051) Humongous regions: 129->129
[2021-04-19T19:41:07.322-0700][gc,metaspace  ] GC(1051) Metaspace: 42222K->42222K(1087488K)
[2021-04-19T19:41:07.322-0700][gc            ] GC(1051) Pause Young (Normal) (G1 Evacuation Pause) 860M->251M(1024M) 12.938ms
[2021-04-19T19:41:07.322-0700][gc,cpu        ] GC(1051) User=0.08s Sys=0.01s Real=0.01s
[2021-04-19T19:44:18.036-0700][gc,start      ] GC(1052) Pause Young (Normal) (G1 Evacuation Pause)
[2021-04-19T19:44:18.036-0700][gc,task       ] GC(1052) Using 8 workers of 8 for evacuation
[2021-04-19T19:44:18.050-0700][gc,phases     ] GC(1052)   Pre Evacuate Collection Set: 0.0ms
[2021-04-19T19:44:18.050-0700][gc,phases     ] GC(1052)   Evacuate Collection Set: 11.8ms
[2021-04-19T19:44:18.050-0700][gc,phases     ] GC(1052)   Post Evacuate Collection Set: 1.5ms
[2021-04-19T19:44:18.050-0700][gc,phases     ] GC(1052)   Other: 0.5ms
[2021-04-19T19:44:18.050-0700][gc,heap       ] GC(1052) Eden regions: 609->0(608)
[2021-04-19T19:44:18.050-0700][gc,heap       ] GC(1052) Survivor regions: 5->6(77)
[2021-04-19T19:44:18.050-0700][gc,heap       ] GC(1052) Old regions: 120->120
[2021-04-19T19:44:18.050-0700][gc,heap       ] GC(1052) Humongous regions: 129->129
[2021-04-19T19:44:18.050-0700][gc,metaspace  ] GC(1052) Metaspace: 42222K->42222K(1087488K)
[2021-04-19T19:44:18.050-0700][gc            ] GC(1052) Pause Young (Normal) (G1 Evacuation Pause) 860M->252M(1024M) 14.051ms
[2021-04-19T19:44:18.050-0700][gc,cpu        ] GC(1052) User=0.10s Sys=0.00s Real=0.02s
[2021-04-19T19:47:28.028-0700][gc,start      ] GC(1053) Pause Young (Normal) (G1 Evacuation Pause)
[2021-04-19T19:47:28.028-0700][gc,task       ] GC(1053) Using 8 workers of 8 for evacuation
[2021-04-19T19:47:28.041-0700][gc,phases     ] GC(1053)   Pre Evacuate Collection Set: 0.0ms
[2021-04-19T19:47:28.041-0700][gc,phases     ] GC(1053)   Evacuate Collection Set: 11.4ms
[2021-04-19T19:47:28.041-0700][gc,phases     ] GC(1053)   Post Evacuate Collection Set: 1.3ms
[2021-04-19T19:47:28.041-0700][gc,phases     ] GC(1053)   Other: 0.5ms
[2021-04-19T19:47:28.041-0700][gc,heap       ] GC(1053) Eden regions: 608->0(609)
[2021-04-19T19:47:28.041-0700][gc,heap       ] GC(1053) Survivor regions: 6->5(77)
[2021-04-19T19:47:28.041-0700][gc,heap       ] GC(1053) Old regions: 120->121
[2021-04-19T19:47:28.041-0700][gc,heap       ] GC(1053) Humongous regions: 129->129
[2021-04-19T19:47:28.041-0700][gc,metaspace  ] GC(1053) Metaspace: 42222K->42222K(1087488K)
[2021-04-19T19:47:28.041-0700][gc            ] GC(1053) Pause Young (Normal) (G1 Evacuation Pause) 860M->252M(1024M) 13.450ms
[2021-04-19T19:47:28.041-0700][gc,cpu        ] GC(1053) User=0.09s Sys=0.00s Real=0.02s
[2021-04-19T19:50:37.919-0700][gc,start      ] GC(1054) Pause Young (Normal) (G1 Evacuation Pause)
[2021-04-19T19:50:37.919-0700][gc,task       ] GC(1054) Using 8 workers of 8 for evacuation
[2021-04-19T19:50:37.930-0700][gc,phases     ] GC(1054)   Pre Evacuate Collection Set: 0.0ms
[2021-04-19T19:50:37.930-0700][gc,phases     ] GC(1054)   Evacuate Collection Set: 10.0ms
[2021-04-19T19:50:37.930-0700][gc,phases     ] GC(1054)   Post Evacuate Collection Set: 1.1ms
[2021-04-19T19:50:37.931-0700][gc,phases     ] GC(1054)   Other: 0.5ms
[2021-04-19T19:50:37.931-0700][gc,heap       ] GC(1054) Eden regions: 609->0(609)
[2021-04-19T19:50:37.931-0700][gc,heap       ] GC(1054) Survivor regions: 5->5(77)
[2021-04-19T19:50:37.931-0700][gc,heap       ] GC(1054) Old regions: 121->121
[2021-04-19T19:50:37.931-0700][gc,heap       ] GC(1054) Humongous regions: 129->129
[2021-04-19T19:50:37.931-0700][gc,metaspace  ] GC(1054) Metaspace: 42222K->42222K(1087488K)
[2021-04-19T19:50:37.931-0700][gc            ] GC(1054) Pause Young (Normal) (G1 Evacuation Pause) 861M->252M(1024M) 11.981ms
[2021-04-19T19:50:37.931-0700][gc,cpu        ] GC(1054) User=0.08s Sys=0.00s Real=0.01s
[2021-04-19T19:53:47.801-0700][gc,start      ] GC(1055) Pause Young (Normal) (G1 Evacuation Pause)
[2021-04-19T19:53:47.801-0700][gc,task       ] GC(1055) Using 8 workers of 8 for evacuation
[2021-04-19T19:53:47.811-0700][gc,phases     ] GC(1055)   Pre Evacuate Collection Set: 0.0ms
[2021-04-19T19:53:47.811-0700][gc,phases     ] GC(1055)   Evacuate Collection Set: 8.0ms
[2021-04-19T19:53:47.811-0700][gc,phases     ] GC(1055)   Post Evacuate Collection Set: 1.1ms
[2021-04-19T19:53:47.811-0700][gc,phases     ] GC(1055)   Other: 0.5ms
[2021-04-19T19:53:47.811-0700][gc,heap       ] GC(1055) Eden regions: 609->0(610)
[2021-04-19T19:53:47.811-0700][gc,heap       ] GC(1055) Survivor regions: 5->4(77)
[2021-04-19T19:53:47.811-0700][gc,heap       ] GC(1055) Old regions: 121->122
[2021-04-19T19:53:47.811-0700][gc,heap       ] GC(1055) Humongous regions: 129->129
[2021-04-19T19:53:47.811-0700][gc,metaspace  ] GC(1055) Metaspace: 42222K->42222K(1087488K)
[2021-04-19T19:53:47.811-0700][gc            ] GC(1055) Pause Young (Normal) (G1 Evacuation Pause) 861M->252M(1024M) 9.795ms
[2021-04-19T19:53:47.811-0700][gc,cpu        ] GC(1055) User=0.07s Sys=0.00s Real=0.01s
[2021-04-19T19:56:56.908-0700][gc,start      ] GC(1056) Pause Young (Normal) (G1 Evacuation Pause)
[2021-04-19T19:56:56.908-0700][gc,task       ] GC(1056) Using 8 workers of 8 for evacuation
[2021-04-19T19:56:56.916-0700][gc,phases     ] GC(1056)   Pre Evacuate Collection Set: 0.0ms
[2021-04-19T19:56:56.916-0700][gc,phases     ] GC(1056)   Evacuate Collection Set: 6.6ms
[2021-04-19T19:56:56.916-0700][gc,phases     ] GC(1056)   Post Evacuate Collection Set: 1.2ms
[2021-04-19T19:56:56.916-0700][gc,phases     ] GC(1056)   Other: 0.5ms
[2021-04-19T19:56:56.916-0700][gc,heap       ] GC(1056) Eden regions: 610->0(610)
[2021-04-19T19:56:56.916-0700][gc,heap       ] GC(1056) Survivor regions: 4->4(77)
[2021-04-19T19:56:56.916-0700][gc,heap       ] GC(1056) Old regions: 122->122
[2021-04-19T19:56:56.916-0700][gc,heap       ] GC(1056) Humongous regions: 129->129
[2021-04-19T19:56:56.916-0700][gc,metaspace  ] GC(1056) Metaspace: 42226K->42226K(1087488K)
[2021-04-19T19:56:56.917-0700][gc            ] GC(1056) Pause Young (Normal) (G1 Evacuation Pause) 862M->252M(1024M) 8.562ms
[2021-04-19T19:56:56.917-0700][gc,cpu        ] GC(1056) User=0.06s Sys=0.00s Real=0.01s
[2021-04-19T20:00:07.035-0700][gc,start      ] GC(1057) Pause Young (Normal) (G1 Evacuation Pause)
[2021-04-19T20:00:07.035-0700][gc,task       ] GC(1057) Using 8 workers of 8 for evacuation
[2021-04-19T20:00:07.042-0700][gc,phases     ] GC(1057)   Pre Evacuate Collection Set: 0.0ms
[2021-04-19T20:00:07.042-0700][gc,phases     ] GC(1057)   Evacuate Collection Set: 5.9ms
[2021-04-19T20:00:07.042-0700][gc,phases     ] GC(1057)   Post Evacuate Collection Set: 1.1ms
[2021-04-19T20:00:07.042-0700][gc,phases     ] GC(1057)   Other: 0.5ms
[2021-04-19T20:00:07.042-0700][gc,heap       ] GC(1057) Eden regions: 610->0(611)
[2021-04-19T20:00:07.042-0700][gc,heap       ] GC(1057) Survivor regions: 4->3(77)
[2021-04-19T20:00:07.042-0700][gc,heap       ] GC(1057) Old regions: 122->122
[2021-04-19T20:00:07.043-0700][gc,heap       ] GC(1057) Humongous regions: 129->129
[2021-04-19T20:00:07.043-0700][gc,metaspace  ] GC(1057) Metaspace: 42226K->42226K(1087488K)
[2021-04-19T20:00:07.043-0700][gc            ] GC(1057) Pause Young (Normal) (G1 Evacuation Pause) 862M->252M(1024M) 7.715ms
[2021-04-19T20:00:07.043-0700][gc,cpu        ] GC(1057) User=0.05s Sys=0.00s Real=0.01s
[2021-04-19T20:03:18.300-0700][gc,start      ] GC(1058) Pause Young (Normal) (G1 Evacuation Pause)
[2021-04-19T20:03:18.300-0700][gc,task       ] GC(1058) Using 8 workers of 8 for evacuation
[2021-04-19T20:03:18.309-0700][gc,phases     ] GC(1058)   Pre Evacuate Collection Set: 0.0ms
[2021-04-19T20:03:18.309-0700][gc,phases     ] GC(1058)   Evacuate Collection Set: 7.4ms
[2021-04-19T20:03:18.309-0700][gc,phases     ] GC(1058)   Post Evacuate Collection Set: 1.1ms
[2021-04-19T20:03:18.309-0700][gc,phases     ] GC(1058)   Other: 0.5ms
[2021-04-19T20:03:18.309-0700][gc,heap       ] GC(1058) Eden regions: 611->0(610)
[2021-04-19T20:03:18.309-0700][gc,heap       ] GC(1058) Survivor regions: 3->4(77)
[2021-04-19T20:03:18.309-0700][gc,heap       ] GC(1058) Old regions: 122->122
[2021-04-19T20:03:18.309-0700][gc,heap       ] GC(1058) Humongous regions: 129->129
[2021-04-19T20:03:18.309-0700][gc,metaspace  ] GC(1058) Metaspace: 42226K->42226K(1087488K)
[2021-04-19T20:03:18.309-0700][gc            ] GC(1058) Pause Young (Normal) (G1 Evacuation Pause) 863M->253M(1024M) 9.361ms
[2021-04-19T20:03:18.309-0700][gc,cpu        ] GC(1058) User=0.06s Sys=0.00s Real=0.01s
[2021-04-19T20:06:29.238-0700][gc,start      ] GC(1059) Pause Young (Normal) (G1 Evacuation Pause)
[2021-04-19T20:06:29.238-0700][gc,task       ] GC(1059) Using 8 workers of 8 for evacuation
[2021-04-19T20:06:29.247-0700][gc,phases     ] GC(1059)   Pre Evacuate Collection Set: 0.0ms
[2021-04-19T20:06:29.247-0700][gc,phases     ] GC(1059)   Evacuate Collection Set: 6.8ms
[2021-04-19T20:06:29.247-0700][gc,phases     ] GC(1059)   Post Evacuate Collection Set: 1.2ms
[2021-04-19T20:06:29.247-0700][gc,phases     ] GC(1059)   Other: 0.5ms
[2021-04-19T20:06:29.247-0700][gc,heap       ] GC(1059) Eden regions: 610->0(610)
[2021-04-19T20:06:29.247-0700][gc,heap       ] GC(1059) Survivor regions: 4->4(77)
[2021-04-19T20:06:29.247-0700][gc,heap       ] GC(1059) Old regions: 122->122
[2021-04-19T20:06:29.247-0700][gc,heap       ] GC(1059) Humongous regions: 129->129
[2021-04-19T20:06:29.247-0700][gc,metaspace  ] GC(1059) Metaspace: 42226K->42226K(1087488K)
[2021-04-19T20:06:29.247-0700][gc            ] GC(1059) Pause Young (Normal) (G1 Evacuation Pause) 863M->252M(1024M) 8.753ms
[2021-04-19T20:06:29.247-0700][gc,cpu        ] GC(1059) User=0.06s Sys=0.00s Real=0.00s
[2021-04-19T20:09:39.745-0700][gc,start      ] GC(1060) Pause Young (Normal) (G1 Evacuation Pause)
[2021-04-19T20:09:39.745-0700][gc,task       ] GC(1060) Using 8 workers of 8 for evacuation
[2021-04-19T20:09:39.754-0700][gc,phases     ] GC(1060)   Pre Evacuate Collection Set: 0.1ms
[2021-04-19T20:09:39.754-0700][gc,phases     ] GC(1060)   Evacuate Collection Set: 7.8ms
[2021-04-19T20:09:39.754-0700][gc,phases     ] GC(1060)   Post Evacuate Collection Set: 1.4ms
[2021-04-19T20:09:39.754-0700][gc,phases     ] GC(1060)   Other: 0.6ms
[2021-04-19T20:09:39.754-0700][gc,heap       ] GC(1060) Eden regions: 610->0(610)
[2021-04-19T20:09:39.754-0700][gc,heap       ] GC(1060) Survivor regions: 4->4(77)
[2021-04-19T20:09:39.754-0700][gc,heap       ] GC(1060) Old regions: 122->122
[2021-04-19T20:09:39.754-0700][gc,heap       ] GC(1060) Humongous regions: 129->129
[2021-04-19T20:09:39.754-0700][gc,metaspace  ] GC(1060) Metaspace: 42226K->42226K(1087488K)
[2021-04-19T20:09:39.755-0700][gc            ] GC(1060) Pause Young (Normal) (G1 Evacuation Pause) 862M->252M(1024M) 9.993ms
[2021-04-19T20:09:39.755-0700][gc,cpu        ] GC(1060) User=0.05s Sys=0.01s Real=0.01s
[2021-04-19T20:12:50.565-0700][gc,start      ] GC(1061) Pause Young (Normal) (G1 Evacuation Pause)
[2021-04-19T20:12:50.565-0700][gc,task       ] GC(1061) Using 8 workers of 8 for evacuation
[2021-04-19T20:12:50.580-0700][gc,phases     ] GC(1061)   Pre Evacuate Collection Set: 0.1ms
[2021-04-19T20:12:50.580-0700][gc,phases     ] GC(1061)   Evacuate Collection Set: 13.4ms
[2021-04-19T20:12:50.580-0700][gc,phases     ] GC(1061)   Post Evacuate Collection Set: 1.3ms
[2021-04-19T20:12:50.580-0700][gc,phases     ] GC(1061)   Other: 0.7ms
[2021-04-19T20:12:50.580-0700][gc,heap       ] GC(1061) Eden regions: 610->0(609)
[2021-04-19T20:12:50.580-0700][gc,heap       ] GC(1061) Survivor regions: 4->5(77)
[2021-04-19T20:12:50.580-0700][gc,heap       ] GC(1061) Old regions: 122->122
[2021-04-19T20:12:50.580-0700][gc,heap       ] GC(1061) Humongous regions: 129->129
[2021-04-19T20:12:50.581-0700][gc,metaspace  ] GC(1061) Metaspace: 42226K->42226K(1087488K)
[2021-04-19T20:12:50.581-0700][gc            ] GC(1061) Pause Young (Normal) (G1 Evacuation Pause) 862M->253M(1024M) 15.780ms
[2021-04-19T20:12:50.581-0700][gc,cpu        ] GC(1061) User=0.08s Sys=0.00s Real=0.02s
[2021-04-19T20:16:00.965-0700][gc,start      ] GC(1062) Pause Young (Normal) (G1 Evacuation Pause)
[2021-04-19T20:16:00.965-0700][gc,task       ] GC(1062) Using 8 workers of 8 for evacuation
[2021-04-19T20:16:00.974-0700][gc,phases     ] GC(1062)   Pre Evacuate Collection Set: 0.0ms
[2021-04-19T20:16:00.974-0700][gc,phases     ] GC(1062)   Evacuate Collection Set: 7.4ms
[2021-04-19T20:16:00.974-0700][gc,phases     ] GC(1062)   Post Evacuate Collection Set: 1.3ms
[2021-04-19T20:16:00.974-0700][gc,phases     ] GC(1062)   Other: 0.5ms
[2021-04-19T20:16:00.974-0700][gc,heap       ] GC(1062) Eden regions: 609->0(610)
[2021-04-19T20:16:00.974-0700][gc,heap       ] GC(1062) Survivor regions: 5->4(77)
[2021-04-19T20:16:00.974-0700][gc,heap       ] GC(1062) Old regions: 122->122
[2021-04-19T20:16:00.974-0700][gc,heap       ] GC(1062) Humongous regions: 129->129
[2021-04-19T20:16:00.974-0700][gc,metaspace  ] GC(1062) Metaspace: 42227K->42227K(1087488K)
[2021-04-19T20:16:00.974-0700][gc            ] GC(1062) Pause Young (Normal) (G1 Evacuation Pause) 862M->253M(1024M) 9.479ms
[2021-04-19T20:16:00.974-0700][gc,cpu        ] GC(1062) User=0.05s Sys=0.01s Real=0.01s
[2021-04-19T20:19:10.457-0700][gc,start      ] GC(1063) Pause Young (Normal) (G1 Evacuation Pause)
[2021-04-19T20:19:10.457-0700][gc,task       ] GC(1063) Using 8 workers of 8 for evacuation
[2021-04-19T20:19:10.461-0700][gc,phases     ] GC(1063)   Pre Evacuate Collection Set: 0.0ms
[2021-04-19T20:19:10.461-0700][gc,phases     ] GC(1063)   Evacuate Collection Set: 3.8ms
[2021-04-19T20:19:10.461-0700][gc,phases     ] GC(1063)   Post Evacuate Collection Set: 0.7ms
[2021-04-19T20:19:10.461-0700][gc,phases     ] GC(1063)   Other: 0.2ms
[2021-04-19T20:19:10.461-0700][gc,heap       ] GC(1063) Eden regions: 610->0(608)
[2021-04-19T20:19:10.461-0700][gc,heap       ] GC(1063) Survivor regions: 4->6(77)
[2021-04-19T20:19:10.461-0700][gc,heap       ] GC(1063) Old regions: 122->122
[2021-04-19T20:19:10.461-0700][gc,heap       ] GC(1063) Humongous regions: 129->129
[2021-04-19T20:19:10.461-0700][gc,metaspace  ] GC(1063) Metaspace: 42227K->42227K(1087488K)
[2021-04-19T20:19:10.461-0700][gc            ] GC(1063) Pause Young (Normal) (G1 Evacuation Pause) 863M->254M(1024M) 4.761ms
[2021-04-19T20:19:10.461-0700][gc,cpu        ] GC(1063) User=0.03s Sys=0.00s Real=0.01s
[2021-04-19T20:22:19.977-0700][gc,start      ] GC(1064) Pause Young (Normal) (G1 Evacuation Pause)
[2021-04-19T20:22:19.977-0700][gc,task       ] GC(1064) Using 8 workers of 8 for evacuation
[2021-04-19T20:22:19.988-0700][gc,phases     ] GC(1064)   Pre Evacuate Collection Set: 0.0ms
[2021-04-19T20:22:19.988-0700][gc,phases     ] GC(1064)   Evacuate Collection Set: 9.4ms
[2021-04-19T20:22:19.988-0700][gc,phases     ] GC(1064)   Post Evacuate Collection Set: 1.3ms
[2021-04-19T20:22:19.988-0700][gc,phases     ] GC(1064)   Other: 0.5ms
[2021-04-19T20:22:19.988-0700][gc,heap       ] GC(1064) Eden regions: 608->0(609)
[2021-04-19T20:22:19.988-0700][gc,heap       ] GC(1064) Survivor regions: 6->5(77)
[2021-04-19T20:22:19.988-0700][gc,heap       ] GC(1064) Old regions: 122->122
[2021-04-19T20:22:19.988-0700][gc,heap       ] GC(1064) Humongous regions: 129->129
[2021-04-19T20:22:19.988-0700][gc,metaspace  ] GC(1064) Metaspace: 42227K->42227K(1087488K)
[2021-04-19T20:22:19.988-0700][gc            ] GC(1064) Pause Young (Normal) (G1 Evacuation Pause) 862M->253M(1024M) 11.437ms
[2021-04-19T20:22:19.988-0700][gc,cpu        ] GC(1064) User=0.08s Sys=0.00s Real=0.01s
[2021-04-19T20:25:29.845-0700][gc,start      ] GC(1065) Pause Young (Normal) (G1 Evacuation Pause)
[2021-04-19T20:25:29.845-0700][gc,task       ] GC(1065) Using 8 workers of 8 for evacuation
[2021-04-19T20:25:29.850-0700][gc,phases     ] GC(1065)   Pre Evacuate Collection Set: 0.0ms
[2021-04-19T20:25:29.850-0700][gc,phases     ] GC(1065)   Evacuate Collection Set: 3.9ms
[2021-04-19T20:25:29.850-0700][gc,phases     ] GC(1065)   Post Evacuate Collection Set: 0.6ms
[2021-04-19T20:25:29.850-0700][gc,phases     ] GC(1065)   Other: 0.2ms
[2021-04-19T20:25:29.850-0700][gc,heap       ] GC(1065) Eden regions: 609->0(609)
[2021-04-19T20:25:29.850-0700][gc,heap       ] GC(1065) Survivor regions: 5->5(77)
[2021-04-19T20:25:29.850-0700][gc,heap       ] GC(1065) Old regions: 122->123
[2021-04-19T20:25:29.850-0700][gc,heap       ] GC(1065) Humongous regions: 129->129
[2021-04-19T20:25:29.850-0700][gc,metaspace  ] GC(1065) Metaspace: 42227K->42227K(1087488K)
[2021-04-19T20:25:29.850-0700][gc            ] GC(1065) Pause Young (Normal) (G1 Evacuation Pause) 862M->254M(1024M) 4.821ms
[2021-04-19T20:25:29.850-0700][gc,cpu        ] GC(1065) User=0.03s Sys=0.00s Real=0.01s
[2021-04-19T20:28:39.138-0700][gc,start      ] GC(1066) Pause Young (Normal) (G1 Evacuation Pause)
[2021-04-19T20:28:39.138-0700][gc,task       ] GC(1066) Using 8 workers of 8 for evacuation
[2021-04-19T20:28:39.145-0700][gc,phases     ] GC(1066)   Pre Evacuate Collection Set: 0.0ms
[2021-04-19T20:28:39.145-0700][gc,phases     ] GC(1066)   Evacuate Collection Set: 6.0ms
[2021-04-19T20:28:39.145-0700][gc,phases     ] GC(1066)   Post Evacuate Collection Set: 0.6ms
[2021-04-19T20:28:39.145-0700][gc,phases     ] GC(1066)   Other: 0.2ms
[2021-04-19T20:28:39.145-0700][gc,heap       ] GC(1066) Eden regions: 609->0(610)
[2021-04-19T20:28:39.145-0700][gc,heap       ] GC(1066) Survivor regions: 5->4(77)
[2021-04-19T20:28:39.145-0700][gc,heap       ] GC(1066) Old regions: 123->123
[2021-04-19T20:28:39.145-0700][gc,heap       ] GC(1066) Humongous regions: 129->129
[2021-04-19T20:28:39.145-0700][gc,metaspace  ] GC(1066) Metaspace: 42227K->42227K(1087488K)
[2021-04-19T20:28:39.145-0700][gc            ] GC(1066) Pause Young (Normal) (G1 Evacuation Pause) 863M->254M(1024M) 6.892ms
[2021-04-19T20:28:39.145-0700][gc,cpu        ] GC(1066) User=0.02s Sys=0.01s Real=0.00s
[2021-04-19T20:31:48.303-0700][gc,start      ] GC(1067) Pause Young (Normal) (G1 Evacuation Pause)
[2021-04-19T20:31:48.303-0700][gc,task       ] GC(1067) Using 8 workers of 8 for evacuation
[2021-04-19T20:31:48.310-0700][gc,phases     ] GC(1067)   Pre Evacuate Collection Set: 0.0ms
[2021-04-19T20:31:48.310-0700][gc,phases     ] GC(1067)   Evacuate Collection Set: 6.1ms
[2021-04-19T20:31:48.310-0700][gc,phases     ] GC(1067)   Post Evacuate Collection Set: 0.5ms
[2021-04-19T20:31:48.310-0700][gc,phases     ] GC(1067)   Other: 0.4ms
[2021-04-19T20:31:48.310-0700][gc,heap       ] GC(1067) Eden regions: 610->0(609)
[2021-04-19T20:31:48.310-0700][gc,heap       ] GC(1067) Survivor regions: 4->5(77)
[2021-04-19T20:31:48.310-0700][gc,heap       ] GC(1067) Old regions: 123->123
[2021-04-19T20:31:48.310-0700][gc,heap       ] GC(1067) Humongous regions: 129->129
[2021-04-19T20:31:48.310-0700][gc,metaspace  ] GC(1067) Metaspace: 42227K->42227K(1087488K)
[2021-04-19T20:31:48.310-0700][gc            ] GC(1067) Pause Young (Normal) (G1 Evacuation Pause) 864M->254M(1024M) 7.072ms
[2021-04-19T20:31:48.310-0700][gc,cpu        ] GC(1067) User=0.05s Sys=0.00s Real=0.01s
[2021-04-19T20:34:57.721-0700][gc,start      ] GC(1068) Pause Young (Normal) (G1 Evacuation Pause)
[2021-04-19T20:34:57.721-0700][gc,task       ] GC(1068) Using 8 workers of 8 for evacuation
[2021-04-19T20:34:57.732-0700][gc,phases     ] GC(1068)   Pre Evacuate Collection Set: 0.0ms
[2021-04-19T20:34:57.732-0700][gc,phases     ] GC(1068)   Evacuate Collection Set: 8.7ms
[2021-04-19T20:34:57.732-0700][gc,phases     ] GC(1068)   Post Evacuate Collection Set: 1.3ms
[2021-04-19T20:34:57.732-0700][gc,phases     ] GC(1068)   Other: 0.5ms
[2021-04-19T20:34:57.732-0700][gc,heap       ] GC(1068) Eden regions: 609->0(610)
[2021-04-19T20:34:57.732-0700][gc,heap       ] GC(1068) Survivor regions: 5->4(77)
[2021-04-19T20:34:57.732-0700][gc,heap       ] GC(1068) Old regions: 123->123
[2021-04-19T20:34:57.732-0700][gc,heap       ] GC(1068) Humongous regions: 129->129
[2021-04-19T20:34:57.732-0700][gc,metaspace  ] GC(1068) Metaspace: 42227K->42227K(1087488K)
[2021-04-19T20:34:57.732-0700][gc            ] GC(1068) Pause Young (Normal) (G1 Evacuation Pause) 863M->254M(1024M) 10.764ms
[2021-04-19T20:34:57.732-0700][gc,cpu        ] GC(1068) User=0.07s Sys=0.00s Real=0.01s
[2021-04-19T20:38:07.116-0700][gc,start      ] GC(1069) Pause Young (Normal) (G1 Evacuation Pause)
[2021-04-19T20:38:07.116-0700][gc,task       ] GC(1069) Using 8 workers of 8 for evacuation
[2021-04-19T20:38:07.122-0700][gc,phases     ] GC(1069)   Pre Evacuate Collection Set: 0.0ms
[2021-04-19T20:38:07.122-0700][gc,phases     ] GC(1069)   Evacuate Collection Set: 5.1ms
[2021-04-19T20:38:07.122-0700][gc,phases     ] GC(1069)   Post Evacuate Collection Set: 0.6ms
[2021-04-19T20:38:07.122-0700][gc,phases     ] GC(1069)   Other: 0.2ms
[2021-04-19T20:38:07.122-0700][gc,heap       ] GC(1069) Eden regions: 610->0(609)
[2021-04-19T20:38:07.122-0700][gc,heap       ] GC(1069) Survivor regions: 4->5(77)
[2021-04-19T20:38:07.122-0700][gc,heap       ] GC(1069) Old regions: 123->123
[2021-04-19T20:38:07.122-0700][gc,heap       ] GC(1069) Humongous regions: 129->129
[2021-04-19T20:38:07.122-0700][gc,metaspace  ] GC(1069) Metaspace: 42229K->42229K(1087488K)
[2021-04-19T20:38:07.122-0700][gc            ] GC(1069) Pause Young (Normal) (G1 Evacuation Pause) 864M->254M(1024M) 5.941ms
[2021-04-19T20:38:07.122-0700][gc,cpu        ] GC(1069) User=0.02s Sys=0.00s Real=0.01s
[2021-04-19T20:41:16.498-0700][gc,start      ] GC(1070) Pause Young (Normal) (G1 Evacuation Pause)
[2021-04-19T20:41:16.498-0700][gc,task       ] GC(1070) Using 8 workers of 8 for evacuation
[2021-04-19T20:41:16.503-0700][gc,phases     ] GC(1070)   Pre Evacuate Collection Set: 0.0ms
[2021-04-19T20:41:16.503-0700][gc,phases     ] GC(1070)   Evacuate Collection Set: 3.5ms
[2021-04-19T20:41:16.503-0700][gc,phases     ] GC(1070)   Post Evacuate Collection Set: 0.8ms
[2021-04-19T20:41:16.503-0700][gc,phases     ] GC(1070)   Other: 0.2ms
[2021-04-19T20:41:16.503-0700][gc,heap       ] GC(1070) Eden regions: 609->0(610)
[2021-04-19T20:41:16.503-0700][gc,heap       ] GC(1070) Survivor regions: 5->4(77)
[2021-04-19T20:41:16.503-0700][gc,heap       ] GC(1070) Old regions: 123->123
[2021-04-19T20:41:16.503-0700][gc,heap       ] GC(1070) Humongous regions: 129->129
[2021-04-19T20:41:16.503-0700][gc,metaspace  ] GC(1070) Metaspace: 42229K->42229K(1087488K)
[2021-04-19T20:41:16.503-0700][gc            ] GC(1070) Pause Young (Normal) (G1 Evacuation Pause) 863M->254M(1024M) 4.537ms
[2021-04-19T20:41:16.503-0700][gc,cpu        ] GC(1070) User=0.01s Sys=0.00s Real=0.00s
[2021-04-19T20:44:26.879-0700][gc,start      ] GC(1071) Pause Young (Normal) (G1 Evacuation Pause)
[2021-04-19T20:44:26.879-0700][gc,task       ] GC(1071) Using 8 workers of 8 for evacuation
[2021-04-19T20:44:26.892-0700][gc,phases     ] GC(1071)   Pre Evacuate Collection Set: 0.0ms
[2021-04-19T20:44:26.892-0700][gc,phases     ] GC(1071)   Evacuate Collection Set: 10.7ms
[2021-04-19T20:44:26.892-0700][gc,phases     ] GC(1071)   Post Evacuate Collection Set: 1.4ms
[2021-04-19T20:44:26.892-0700][gc,phases     ] GC(1071)   Other: 0.5ms
[2021-04-19T20:44:26.892-0700][gc,heap       ] GC(1071) Eden regions: 610->0(609)
[2021-04-19T20:44:26.892-0700][gc,heap       ] GC(1071) Survivor regions: 4->5(77)
[2021-04-19T20:44:26.892-0700][gc,heap       ] GC(1071) Old regions: 123->123
[2021-04-19T20:44:26.892-0700][gc,heap       ] GC(1071) Humongous regions: 129->129
[2021-04-19T20:44:26.892-0700][gc,metaspace  ] GC(1071) Metaspace: 42229K->42229K(1087488K)
[2021-04-19T20:44:26.892-0700][gc            ] GC(1071) Pause Young (Normal) (G1 Evacuation Pause) 864M->254M(1024M) 12.826ms
[2021-04-19T20:44:26.892-0700][gc,cpu        ] GC(1071) User=0.09s Sys=0.00s Real=0.01s
[2021-04-19T20:47:36.683-0700][gc,start      ] GC(1072) Pause Young (Normal) (G1 Evacuation Pause)
[2021-04-19T20:47:36.683-0700][gc,task       ] GC(1072) Using 8 workers of 8 for evacuation
[2021-04-19T20:47:36.693-0700][gc,phases     ] GC(1072)   Pre Evacuate Collection Set: 0.0ms
[2021-04-19T20:47:36.693-0700][gc,phases     ] GC(1072)   Evacuate Collection Set: 8.9ms
[2021-04-19T20:47:36.693-0700][gc,phases     ] GC(1072)   Post Evacuate Collection Set: 1.3ms
[2021-04-19T20:47:36.693-0700][gc,phases     ] GC(1072)   Other: 0.5ms
[2021-04-19T20:47:36.693-0700][gc,heap       ] GC(1072) Eden regions: 609->0(610)
[2021-04-19T20:47:36.694-0700][gc,heap       ] GC(1072) Survivor regions: 5->4(77)
[2021-04-19T20:47:36.694-0700][gc,heap       ] GC(1072) Old regions: 123->123
[2021-04-19T20:47:36.694-0700][gc,heap       ] GC(1072) Humongous regions: 129->129
[2021-04-19T20:47:36.694-0700][gc,metaspace  ] GC(1072) Metaspace: 42229K->42229K(1087488K)
[2021-04-19T20:47:36.694-0700][gc            ] GC(1072) Pause Young (Normal) (G1 Evacuation Pause) 863M->254M(1024M) 10.930ms
[2021-04-19T20:47:36.694-0700][gc,cpu        ] GC(1072) User=0.06s Sys=0.01s Real=0.01s
[2021-04-19T20:50:47.176-0700][gc,start      ] GC(1073) Pause Young (Normal) (G1 Evacuation Pause)
[2021-04-19T20:50:47.176-0700][gc,task       ] GC(1073) Using 8 workers of 8 for evacuation
[2021-04-19T20:50:47.186-0700][gc,phases     ] GC(1073)   Pre Evacuate Collection Set: 0.1ms
[2021-04-19T20:50:47.186-0700][gc,phases     ] GC(1073)   Evacuate Collection Set: 8.3ms
[2021-04-19T20:50:47.186-0700][gc,phases     ] GC(1073)   Post Evacuate Collection Set: 1.5ms
[2021-04-19T20:50:47.186-0700][gc,phases     ] GC(1073)   Other: 0.5ms
[2021-04-19T20:50:47.186-0700][gc,heap       ] GC(1073) Eden regions: 610->0(610)
[2021-04-19T20:50:47.186-0700][gc,heap       ] GC(1073) Survivor regions: 4->4(77)
[2021-04-19T20:50:47.186-0700][gc,heap       ] GC(1073) Old regions: 123->123
[2021-04-19T20:50:47.186-0700][gc,heap       ] GC(1073) Humongous regions: 129->129
[2021-04-19T20:50:47.186-0700][gc,metaspace  ] GC(1073) Metaspace: 42229K->42229K(1087488K)
[2021-04-19T20:50:47.186-0700][gc            ] GC(1073) Pause Young (Normal) (G1 Evacuation Pause) 864M->253M(1024M) 10.754ms
[2021-04-19T20:50:47.186-0700][gc,cpu        ] GC(1073) User=0.07s Sys=0.00s Real=0.01s
[2021-04-19T20:53:59.748-0700][gc,start      ] GC(1074) Pause Young (Normal) (G1 Evacuation Pause)
[2021-04-19T20:53:59.748-0700][gc,task       ] GC(1074) Using 8 workers of 8 for evacuation
[2021-04-19T20:53:59.762-0700][gc,phases     ] GC(1074)   Pre Evacuate Collection Set: 0.0ms
[2021-04-19T20:53:59.762-0700][gc,phases     ] GC(1074)   Evacuate Collection Set: 12.7ms
[2021-04-19T20:53:59.762-0700][gc,phases     ] GC(1074)   Post Evacuate Collection Set: 1.3ms
[2021-04-19T20:53:59.762-0700][gc,phases     ] GC(1074)   Other: 0.5ms
[2021-04-19T20:53:59.762-0700][gc,heap       ] GC(1074) Eden regions: 610->0(607)
[2021-04-19T20:53:59.762-0700][gc,heap       ] GC(1074) Survivor regions: 4->7(77)
[2021-04-19T20:53:59.762-0700][gc,heap       ] GC(1074) Old regions: 123->123
[2021-04-19T20:53:59.762-0700][gc,heap       ] GC(1074) Humongous regions: 129->129
[2021-04-19T20:53:59.762-0700][gc,metaspace  ] GC(1074) Metaspace: 42231K->42231K(1087488K)
[2021-04-19T20:53:59.762-0700][gc            ] GC(1074) Pause Young (Normal) (G1 Evacuation Pause) 863M->256M(1024M) 14.701ms
[2021-04-19T20:53:59.762-0700][gc,cpu        ] GC(1074) User=0.09s Sys=0.02s Real=0.02s
[2021-04-19T20:57:17.067-0700][gc,start      ] GC(1075) Pause Young (Normal) (G1 Evacuation Pause)
[2021-04-19T20:57:17.067-0700][gc,task       ] GC(1075) Using 8 workers of 8 for evacuation
[2021-04-19T20:57:17.080-0700][gc,phases     ] GC(1075)   Pre Evacuate Collection Set: 0.0ms
[2021-04-19T20:57:17.081-0700][gc,phases     ] GC(1075)   Evacuate Collection Set: 11.4ms
[2021-04-19T20:57:17.081-0700][gc,phases     ] GC(1075)   Post Evacuate Collection Set: 1.2ms
[2021-04-19T20:57:17.081-0700][gc,phases     ] GC(1075)   Other: 0.5ms
[2021-04-19T20:57:17.081-0700][gc,heap       ] GC(1075) Eden regions: 607->0(609)
[2021-04-19T20:57:17.081-0700][gc,heap       ] GC(1075) Survivor regions: 7->5(77)
[2021-04-19T20:57:17.081-0700][gc,heap       ] GC(1075) Old regions: 123->124
[2021-04-19T20:57:17.081-0700][gc,heap       ] GC(1075) Humongous regions: 129->129
[2021-04-19T20:57:17.081-0700][gc,metaspace  ] GC(1075) Metaspace: 42231K->42231K(1087488K)
[2021-04-19T20:57:17.081-0700][gc            ] GC(1075) Pause Young (Normal) (G1 Evacuation Pause) 863M->255M(1024M) 13.444ms
[2021-04-19T20:57:17.081-0700][gc,cpu        ] GC(1075) User=0.09s Sys=0.00s Real=0.02s
[2021-04-19T21:00:35.477-0700][gc,start      ] GC(1076) Pause Young (Normal) (G1 Evacuation Pause)
[2021-04-19T21:00:35.477-0700][gc,task       ] GC(1076) Using 8 workers of 8 for evacuation
[2021-04-19T21:00:35.490-0700][gc,phases     ] GC(1076)   Pre Evacuate Collection Set: 0.0ms
[2021-04-19T21:00:35.490-0700][gc,phases     ] GC(1076)   Evacuate Collection Set: 11.2ms
[2021-04-19T21:00:35.490-0700][gc,phases     ] GC(1076)   Post Evacuate Collection Set: 1.2ms
[2021-04-19T21:00:35.490-0700][gc,phases     ] GC(1076)   Other: 0.5ms
[2021-04-19T21:00:35.490-0700][gc,heap       ] GC(1076) Eden regions: 609->0(608)
[2021-04-19T21:00:35.490-0700][gc,heap       ] GC(1076) Survivor regions: 5->6(77)
[2021-04-19T21:00:35.490-0700][gc,heap       ] GC(1076) Old regions: 124->124
[2021-04-19T21:00:35.490-0700][gc,heap       ] GC(1076) Humongous regions: 129->129
[2021-04-19T21:00:35.490-0700][gc,metaspace  ] GC(1076) Metaspace: 42231K->42231K(1087488K)
[2021-04-19T21:00:35.490-0700][gc            ] GC(1076) Pause Young (Normal) (G1 Evacuation Pause) 864M->256M(1024M) 13.145ms
[2021-04-19T21:00:35.490-0700][gc,cpu        ] GC(1076) User=0.09s Sys=0.01s Real=0.01s
[2021-04-19T21:03:53.290-0700][gc,start      ] GC(1077) Pause Young (Normal) (G1 Evacuation Pause)
[2021-04-19T21:03:53.290-0700][gc,task       ] GC(1077) Using 8 workers of 8 for evacuation
[2021-04-19T21:03:53.302-0700][gc,phases     ] GC(1077)   Pre Evacuate Collection Set: 0.0ms
[2021-04-19T21:03:53.302-0700][gc,phases     ] GC(1077)   Evacuate Collection Set: 10.0ms
[2021-04-19T21:03:53.302-0700][gc,phases     ] GC(1077)   Post Evacuate Collection Set: 1.4ms
[2021-04-19T21:03:53.302-0700][gc,phases     ] GC(1077)   Other: 0.5ms
[2021-04-19T21:03:53.302-0700][gc,heap       ] GC(1077) Eden regions: 608->0(609)
[2021-04-19T21:03:53.302-0700][gc,heap       ] GC(1077) Survivor regions: 6->5(77)
[2021-04-19T21:03:53.302-0700][gc,heap       ] GC(1077) Old regions: 124->124
[2021-04-19T21:03:53.302-0700][gc,heap       ] GC(1077) Humongous regions: 129->129
[2021-04-19T21:03:53.302-0700][gc,metaspace  ] GC(1077) Metaspace: 42231K->42231K(1087488K)
[2021-04-19T21:03:53.303-0700][gc            ] GC(1077) Pause Young (Normal) (G1 Evacuation Pause) 864M->255M(1024M) 12.137ms
[2021-04-19T21:03:53.303-0700][gc,cpu        ] GC(1077) User=0.08s Sys=0.00s Real=0.01s
[2021-04-19T21:07:11.672-0700][gc,start      ] GC(1078) Pause Young (Normal) (G1 Evacuation Pause)
[2021-04-19T21:07:11.672-0700][gc,task       ] GC(1078) Using 8 workers of 8 for evacuation
[2021-04-19T21:07:11.686-0700][gc,phases     ] GC(1078)   Pre Evacuate Collection Set: 0.0ms
[2021-04-19T21:07:11.686-0700][gc,phases     ] GC(1078)   Evacuate Collection Set: 11.8ms
[2021-04-19T21:07:11.686-0700][gc,phases     ] GC(1078)   Post Evacuate Collection Set: 1.4ms
[2021-04-19T21:07:11.686-0700][gc,phases     ] GC(1078)   Other: 0.5ms
[2021-04-19T21:07:11.686-0700][gc,heap       ] GC(1078) Eden regions: 609->0(609)
[2021-04-19T21:07:11.686-0700][gc,heap       ] GC(1078) Survivor regions: 5->5(77)
[2021-04-19T21:07:11.686-0700][gc,heap       ] GC(1078) Old regions: 124->124
[2021-04-19T21:07:11.686-0700][gc,heap       ] GC(1078) Humongous regions: 129->129
[2021-04-19T21:07:11.686-0700][gc,metaspace  ] GC(1078) Metaspace: 42231K->42231K(1087488K)
[2021-04-19T21:07:11.686-0700][gc            ] GC(1078) Pause Young (Normal) (G1 Evacuation Pause) 864M->256M(1024M) 13.901ms
[2021-04-19T21:07:11.686-0700][gc,cpu        ] GC(1078) User=0.09s Sys=0.01s Real=0.01s
[2021-04-19T21:10:29.683-0700][gc,start      ] GC(1079) Pause Young (Normal) (G1 Evacuation Pause)
[2021-04-19T21:10:29.683-0700][gc,task       ] GC(1079) Using 8 workers of 8 for evacuation
[2021-04-19T21:10:29.693-0700][gc,phases     ] GC(1079)   Pre Evacuate Collection Set: 0.0ms
[2021-04-19T21:10:29.693-0700][gc,phases     ] GC(1079)   Evacuate Collection Set: 8.4ms
[2021-04-19T21:10:29.693-0700][gc,phases     ] GC(1079)   Post Evacuate Collection Set: 1.3ms
[2021-04-19T21:10:29.693-0700][gc,phases     ] GC(1079)   Other: 0.5ms
[2021-04-19T21:10:29.693-0700][gc,heap       ] GC(1079) Eden regions: 609->0(610)
[2021-04-19T21:10:29.693-0700][gc,heap       ] GC(1079) Survivor regions: 5->4(77)
[2021-04-19T21:10:29.693-0700][gc,heap       ] GC(1079) Old regions: 124->124
[2021-04-19T21:10:29.693-0700][gc,heap       ] GC(1079) Humongous regions: 129->129
[2021-04-19T21:10:29.693-0700][gc,metaspace  ] GC(1079) Metaspace: 42231K->42231K(1087488K)
[2021-04-19T21:10:29.693-0700][gc            ] GC(1079) Pause Young (Normal) (G1 Evacuation Pause) 865M->255M(1024M) 10.503ms
[2021-04-19T21:10:29.693-0700][gc,cpu        ] GC(1079) User=0.07s Sys=0.00s Real=0.01s
[2021-04-19T21:13:48.423-0700][gc,start      ] GC(1080) Pause Young (Normal) (G1 Evacuation Pause)
[2021-04-19T21:13:48.423-0700][gc,task       ] GC(1080) Using 8 workers of 8 for evacuation
[2021-04-19T21:13:48.434-0700][gc,phases     ] GC(1080)   Pre Evacuate Collection Set: 0.0ms
[2021-04-19T21:13:48.435-0700][gc,phases     ] GC(1080)   Evacuate Collection Set: 9.3ms
[2021-04-19T21:13:48.435-0700][gc,phases     ] GC(1080)   Post Evacuate Collection Set: 1.3ms
[2021-04-19T21:13:48.435-0700][gc,phases     ] GC(1080)   Other: 0.5ms
[2021-04-19T21:13:48.435-0700][gc,heap       ] GC(1080) Eden regions: 610->0(609)
[2021-04-19T21:13:48.435-0700][gc,heap       ] GC(1080) Survivor regions: 4->5(77)
[2021-04-19T21:13:48.435-0700][gc,heap       ] GC(1080) Old regions: 124->125
[2021-04-19T21:13:48.435-0700][gc,heap       ] GC(1080) Humongous regions: 129->129
[2021-04-19T21:13:48.435-0700][gc,metaspace  ] GC(1080) Metaspace: 42231K->42231K(1087488K)
[2021-04-19T21:13:48.435-0700][gc            ] GC(1080) Pause Young (Normal) (G1 Evacuation Pause) 865M->256M(1024M) 11.360ms
[2021-04-19T21:13:48.435-0700][gc,cpu        ] GC(1080) User=0.08s Sys=0.00s Real=0.01s
[2021-04-19T21:16:59.667-0700][gc,start      ] GC(1081) Pause Young (Normal) (G1 Evacuation Pause)
[2021-04-19T21:16:59.667-0700][gc,task       ] GC(1081) Using 8 workers of 8 for evacuation
[2021-04-19T21:16:59.680-0700][gc,phases     ] GC(1081)   Pre Evacuate Collection Set: 0.0ms
[2021-04-19T21:16:59.680-0700][gc,phases     ] GC(1081)   Evacuate Collection Set: 11.2ms
[2021-04-19T21:16:59.680-0700][gc,phases     ] GC(1081)   Post Evacuate Collection Set: 1.3ms
[2021-04-19T21:16:59.680-0700][gc,phases     ] GC(1081)   Other: 0.5ms
[2021-04-19T21:16:59.680-0700][gc,heap       ] GC(1081) Eden regions: 609->0(608)
[2021-04-19T21:16:59.680-0700][gc,heap       ] GC(1081) Survivor regions: 5->6(77)
[2021-04-19T21:16:59.681-0700][gc,heap       ] GC(1081) Old regions: 125->125
[2021-04-19T21:16:59.681-0700][gc,heap       ] GC(1081) Humongous regions: 129->129
[2021-04-19T21:16:59.681-0700][gc,metaspace  ] GC(1081) Metaspace: 42231K->42231K(1087488K)
[2021-04-19T21:16:59.681-0700][gc            ] GC(1081) Pause Young (Normal) (G1 Evacuation Pause) 865M->257M(1024M) 13.248ms
[2021-04-19T21:16:59.681-0700][gc,cpu        ] GC(1081) User=0.09s Sys=0.00s Real=0.02s
[2021-04-19T21:20:14.451-0700][gc,start      ] GC(1082) Pause Young (Normal) (G1 Evacuation Pause)
[2021-04-19T21:20:14.451-0700][gc,task       ] GC(1082) Using 8 workers of 8 for evacuation
[2021-04-19T21:20:14.465-0700][gc,phases     ] GC(1082)   Pre Evacuate Collection Set: 0.0ms
[2021-04-19T21:20:14.465-0700][gc,phases     ] GC(1082)   Evacuate Collection Set: 12.1ms
[2021-04-19T21:20:14.465-0700][gc,phases     ] GC(1082)   Post Evacuate Collection Set: 1.4ms
[2021-04-19T21:20:14.465-0700][gc,phases     ] GC(1082)   Other: 0.5ms
[2021-04-19T21:20:14.465-0700][gc,heap       ] GC(1082) Eden regions: 608->0(608)
[2021-04-19T21:20:14.465-0700][gc,heap       ] GC(1082) Survivor regions: 6->6(77)
[2021-04-19T21:20:14.465-0700][gc,heap       ] GC(1082) Old regions: 125->125
[2021-04-19T21:20:14.465-0700][gc,heap       ] GC(1082) Humongous regions: 129->129
[2021-04-19T21:20:14.465-0700][gc,metaspace  ] GC(1082) Metaspace: 42231K->42231K(1087488K)
[2021-04-19T21:20:14.465-0700][gc            ] GC(1082) Pause Young (Normal) (G1 Evacuation Pause) 865M->257M(1024M) 14.299ms
[2021-04-19T21:20:14.465-0700][gc,cpu        ] GC(1082) User=0.09s Sys=0.00s Real=0.01s
[2021-04-19T21:23:23.501-0700][gc,start      ] GC(1083) Pause Young (Normal) (G1 Evacuation Pause)
[2021-04-19T21:23:23.501-0700][gc,task       ] GC(1083) Using 8 workers of 8 for evacuation
[2021-04-19T21:23:23.506-0700][gc,phases     ] GC(1083)   Pre Evacuate Collection Set: 0.0ms
[2021-04-19T21:23:23.506-0700][gc,phases     ] GC(1083)   Evacuate Collection Set: 4.6ms
[2021-04-19T21:23:23.506-0700][gc,phases     ] GC(1083)   Post Evacuate Collection Set: 0.6ms
[2021-04-19T21:23:23.506-0700][gc,phases     ] GC(1083)   Other: 0.2ms
[2021-04-19T21:23:23.507-0700][gc,heap       ] GC(1083) Eden regions: 608->0(608)
[2021-04-19T21:23:23.507-0700][gc,heap       ] GC(1083) Survivor regions: 6->6(77)
[2021-04-19T21:23:23.507-0700][gc,heap       ] GC(1083) Old regions: 125->125
[2021-04-19T21:23:23.507-0700][gc,heap       ] GC(1083) Humongous regions: 129->129
[2021-04-19T21:23:23.507-0700][gc,metaspace  ] GC(1083) Metaspace: 42231K->42231K(1087488K)
[2021-04-19T21:23:23.507-0700][gc            ] GC(1083) Pause Young (Normal) (G1 Evacuation Pause) 865M->257M(1024M) 5.509ms
[2021-04-19T21:23:23.507-0700][gc,cpu        ] GC(1083) User=0.04s Sys=0.00s Real=0.00s
[2021-04-19T21:26:33.391-0700][gc,start      ] GC(1084) Pause Young (Normal) (G1 Evacuation Pause)
[2021-04-19T21:26:33.391-0700][gc,task       ] GC(1084) Using 8 workers of 8 for evacuation
[2021-04-19T21:26:33.395-0700][gc,phases     ] GC(1084)   Pre Evacuate Collection Set: 0.0ms
[2021-04-19T21:26:33.395-0700][gc,phases     ] GC(1084)   Evacuate Collection Set: 3.7ms
[2021-04-19T21:26:33.395-0700][gc,phases     ] GC(1084)   Post Evacuate Collection Set: 0.6ms
[2021-04-19T21:26:33.395-0700][gc,phases     ] GC(1084)   Other: 0.2ms
[2021-04-19T21:26:33.395-0700][gc,heap       ] GC(1084) Eden regions: 608->0(607)
[2021-04-19T21:26:33.395-0700][gc,heap       ] GC(1084) Survivor regions: 6->7(77)
[2021-04-19T21:26:33.395-0700][gc,heap       ] GC(1084) Old regions: 125->125
[2021-04-19T21:26:33.395-0700][gc,heap       ] GC(1084) Humongous regions: 129->129
[2021-04-19T21:26:33.395-0700][gc,metaspace  ] GC(1084) Metaspace: 42231K->42231K(1087488K)
[2021-04-19T21:26:33.395-0700][gc            ] GC(1084) Pause Young (Normal) (G1 Evacuation Pause) 865M->258M(1024M) 4.568ms
[2021-04-19T21:26:33.395-0700][gc,cpu        ] GC(1084) User=0.02s Sys=0.02s Real=0.00s
[2021-04-19T21:29:43.531-0700][gc,start      ] GC(1085) Pause Young (Normal) (G1 Evacuation Pause)
[2021-04-19T21:29:43.532-0700][gc,task       ] GC(1085) Using 8 workers of 8 for evacuation
[2021-04-19T21:29:43.538-0700][gc,phases     ] GC(1085)   Pre Evacuate Collection Set: 0.0ms
[2021-04-19T21:29:43.538-0700][gc,phases     ] GC(1085)   Evacuate Collection Set: 5.7ms
[2021-04-19T21:29:43.538-0700][gc,phases     ] GC(1085)   Post Evacuate Collection Set: 0.6ms
[2021-04-19T21:29:43.538-0700][gc,phases     ] GC(1085)   Other: 0.3ms
[2021-04-19T21:29:43.538-0700][gc,heap       ] GC(1085) Eden regions: 607->0(608)
[2021-04-19T21:29:43.538-0700][gc,heap       ] GC(1085) Survivor regions: 7->6(77)
[2021-04-19T21:29:43.538-0700][gc,heap       ] GC(1085) Old regions: 125->125
[2021-04-19T21:29:43.538-0700][gc,heap       ] GC(1085) Humongous regions: 129->129
[2021-04-19T21:29:43.538-0700][gc,metaspace  ] GC(1085) Metaspace: 42231K->42231K(1087488K)
[2021-04-19T21:29:43.538-0700][gc            ] GC(1085) Pause Young (Normal) (G1 Evacuation Pause) 865M->257M(1024M) 6.774ms
[2021-04-19T21:29:43.538-0700][gc,cpu        ] GC(1085) User=0.03s Sys=0.00s Real=0.01s
[2021-04-19T21:33:05.625-0700][gc,start      ] GC(1086) Pause Young (Normal) (G1 Evacuation Pause)
[2021-04-19T21:33:05.625-0700][gc,task       ] GC(1086) Using 8 workers of 8 for evacuation
[2021-04-19T21:33:05.639-0700][gc,phases     ] GC(1086)   Pre Evacuate Collection Set: 0.0ms
[2021-04-19T21:33:05.639-0700][gc,phases     ] GC(1086)   Evacuate Collection Set: 12.5ms
[2021-04-19T21:33:05.639-0700][gc,phases     ] GC(1086)   Post Evacuate Collection Set: 1.3ms
[2021-04-19T21:33:05.639-0700][gc,phases     ] GC(1086)   Other: 0.5ms
[2021-04-19T21:33:05.639-0700][gc,heap       ] GC(1086) Eden regions: 608->0(608)
[2021-04-19T21:33:05.639-0700][gc,heap       ] GC(1086) Survivor regions: 6->6(77)
[2021-04-19T21:33:05.639-0700][gc,heap       ] GC(1086) Old regions: 125->125
[2021-04-19T21:33:05.639-0700][gc,heap       ] GC(1086) Humongous regions: 129->129
[2021-04-19T21:33:05.639-0700][gc,metaspace  ] GC(1086) Metaspace: 42231K->42231K(1087488K)
[2021-04-19T21:33:05.639-0700][gc            ] GC(1086) Pause Young (Normal) (G1 Evacuation Pause) 865M->257M(1024M) 14.554ms
[2021-04-19T21:33:05.639-0700][gc,cpu        ] GC(1086) User=0.10s Sys=0.01s Real=0.02s
[2021-04-19T21:36:08.633-0700][gc,start      ] GC(1087) Pause Young (Normal) (G1 Evacuation Pause)
[2021-04-19T21:36:08.633-0700][gc,task       ] GC(1087) Using 8 workers of 8 for evacuation
[2021-04-19T21:36:08.644-0700][gc,phases     ] GC(1087)   Pre Evacuate Collection Set: 0.0ms
[2021-04-19T21:36:08.644-0700][gc,phases     ] GC(1087)   Evacuate Collection Set: 9.6ms
[2021-04-19T21:36:08.644-0700][gc,phases     ] GC(1087)   Post Evacuate Collection Set: 0.7ms
[2021-04-19T21:36:08.644-0700][gc,phases     ] GC(1087)   Other: 0.3ms
[2021-04-19T21:36:08.644-0700][gc,heap       ] GC(1087) Eden regions: 608->0(608)
[2021-04-19T21:36:08.644-0700][gc,heap       ] GC(1087) Survivor regions: 6->6(77)
[2021-04-19T21:36:08.644-0700][gc,heap       ] GC(1087) Old regions: 125->125
[2021-04-19T21:36:08.644-0700][gc,heap       ] GC(1087) Humongous regions: 129->129
[2021-04-19T21:36:08.644-0700][gc,metaspace  ] GC(1087) Metaspace: 42231K->42231K(1087488K)
[2021-04-19T21:36:08.644-0700][gc            ] GC(1087) Pause Young (Normal) (G1 Evacuation Pause) 865M->257M(1024M) 10.856ms
[2021-04-19T21:36:08.644-0700][gc,cpu        ] GC(1087) User=0.04s Sys=0.02s Real=0.01s
[2021-04-19T21:39:07.457-0700][gc,start      ] GC(1088) Pause Young (Normal) (G1 Evacuation Pause)
[2021-04-19T21:39:07.457-0700][gc,task       ] GC(1088) Using 8 workers of 8 for evacuation
[2021-04-19T21:39:07.471-0700][gc,phases     ] GC(1088)   Pre Evacuate Collection Set: 0.0ms
[2021-04-19T21:39:07.471-0700][gc,phases     ] GC(1088)   Evacuate Collection Set: 11.9ms
[2021-04-19T21:39:07.471-0700][gc,phases     ] GC(1088)   Post Evacuate Collection Set: 1.3ms
[2021-04-19T21:39:07.471-0700][gc,phases     ] GC(1088)   Other: 0.5ms
[2021-04-19T21:39:07.471-0700][gc,heap       ] GC(1088) Eden regions: 608->0(608)
[2021-04-19T21:39:07.471-0700][gc,heap       ] GC(1088) Survivor regions: 6->6(77)
[2021-04-19T21:39:07.471-0700][gc,heap       ] GC(1088) Old regions: 125->125
[2021-04-19T21:39:07.471-0700][gc,heap       ] GC(1088) Humongous regions: 129->129
[2021-04-19T21:39:07.471-0700][gc,metaspace  ] GC(1088) Metaspace: 42235K->42235K(1087488K)
[2021-04-19T21:39:07.471-0700][gc            ] GC(1088) Pause Young (Normal) (G1 Evacuation Pause) 865M->257M(1024M) 14.022ms
[2021-04-19T21:39:07.471-0700][gc,cpu        ] GC(1088) User=0.09s Sys=0.01s Real=0.01s
[2021-04-19T21:42:03.347-0700][gc,start      ] GC(1089) Pause Young (Normal) (G1 Evacuation Pause)
[2021-04-19T21:42:03.347-0700][gc,task       ] GC(1089) Using 8 workers of 8 for evacuation
[2021-04-19T21:42:03.354-0700][gc,phases     ] GC(1089)   Pre Evacuate Collection Set: 0.0ms
[2021-04-19T21:42:03.354-0700][gc,phases     ] GC(1089)   Evacuate Collection Set: 5.0ms
[2021-04-19T21:42:03.354-0700][gc,phases     ] GC(1089)   Post Evacuate Collection Set: 0.9ms
[2021-04-19T21:42:03.354-0700][gc,phases     ] GC(1089)   Other: 0.2ms
[2021-04-19T21:42:03.354-0700][gc,heap       ] GC(1089) Eden regions: 608->0(610)
[2021-04-19T21:42:03.354-0700][gc,heap       ] GC(1089) Survivor regions: 6->4(77)
[2021-04-19T21:42:03.354-0700][gc,heap       ] GC(1089) Old regions: 125->126
[2021-04-19T21:42:03.354-0700][gc,heap       ] GC(1089) Humongous regions: 129->129
[2021-04-19T21:42:03.354-0700][gc,metaspace  ] GC(1089) Metaspace: 42235K->42235K(1087488K)
[2021-04-19T21:42:03.354-0700][gc            ] GC(1089) Pause Young (Normal) (G1 Evacuation Pause) 865M->256M(1024M) 6.268ms
[2021-04-19T21:42:03.354-0700][gc,cpu        ] GC(1089) User=0.04s Sys=0.00s Real=0.01s
[2021-04-19T21:45:06.328-0700][gc,start      ] GC(1090) Pause Young (Normal) (G1 Evacuation Pause)
[2021-04-19T21:45:06.328-0700][gc,task       ] GC(1090) Using 8 workers of 8 for evacuation
[2021-04-19T21:45:06.340-0700][gc,phases     ] GC(1090)   Pre Evacuate Collection Set: 0.0ms
[2021-04-19T21:45:06.340-0700][gc,phases     ] GC(1090)   Evacuate Collection Set: 10.1ms
[2021-04-19T21:45:06.340-0700][gc,phases     ] GC(1090)   Post Evacuate Collection Set: 1.3ms
[2021-04-19T21:45:06.340-0700][gc,phases     ] GC(1090)   Other: 0.5ms
[2021-04-19T21:45:06.340-0700][gc,heap       ] GC(1090) Eden regions: 610->0(609)
[2021-04-19T21:45:06.340-0700][gc,heap       ] GC(1090) Survivor regions: 4->5(77)
[2021-04-19T21:45:06.340-0700][gc,heap       ] GC(1090) Old regions: 126->126
[2021-04-19T21:45:06.340-0700][gc,heap       ] GC(1090) Humongous regions: 129->129
[2021-04-19T21:45:06.340-0700][gc,metaspace  ] GC(1090) Metaspace: 42235K->42235K(1087488K)
[2021-04-19T21:45:06.340-0700][gc            ] GC(1090) Pause Young (Normal) (G1 Evacuation Pause) 866M->257M(1024M) 12.079ms
[2021-04-19T21:45:06.340-0700][gc,cpu        ] GC(1090) User=0.08s Sys=0.01s Real=0.02s
[2021-04-19T21:48:07.751-0700][gc,start      ] GC(1091) Pause Young (Normal) (G1 Evacuation Pause)
[2021-04-19T21:48:07.751-0700][gc,task       ] GC(1091) Using 8 workers of 8 for evacuation
[2021-04-19T21:48:07.763-0700][gc,phases     ] GC(1091)   Pre Evacuate Collection Set: 0.0ms
[2021-04-19T21:48:07.763-0700][gc,phases     ] GC(1091)   Evacuate Collection Set: 9.8ms
[2021-04-19T21:48:07.763-0700][gc,phases     ] GC(1091)   Post Evacuate Collection Set: 1.4ms
[2021-04-19T21:48:07.763-0700][gc,phases     ] GC(1091)   Other: 0.5ms
[2021-04-19T21:48:07.763-0700][gc,heap       ] GC(1091) Eden regions: 609->0(609)
[2021-04-19T21:48:07.763-0700][gc,heap       ] GC(1091) Survivor regions: 5->5(77)
[2021-04-19T21:48:07.763-0700][gc,heap       ] GC(1091) Old regions: 126->126
[2021-04-19T21:48:07.763-0700][gc,heap       ] GC(1091) Humongous regions: 129->129
[2021-04-19T21:48:07.763-0700][gc,metaspace  ] GC(1091) Metaspace: 42235K->42235K(1087488K)
[2021-04-19T21:48:07.763-0700][gc            ] GC(1091) Pause Young (Normal) (G1 Evacuation Pause) 866M->257M(1024M) 11.934ms
[2021-04-19T21:48:07.763-0700][gc,cpu        ] GC(1091) User=0.08s Sys=0.00s Real=0.01s
[2021-04-19T21:51:10.151-0700][gc,start      ] GC(1092) Pause Young (Normal) (G1 Evacuation Pause)
[2021-04-19T21:51:10.151-0700][gc,task       ] GC(1092) Using 8 workers of 8 for evacuation
[2021-04-19T21:51:10.156-0700][gc,phases     ] GC(1092)   Pre Evacuate Collection Set: 0.0ms
[2021-04-19T21:51:10.156-0700][gc,phases     ] GC(1092)   Evacuate Collection Set: 4.4ms
[2021-04-19T21:51:10.156-0700][gc,phases     ] GC(1092)   Post Evacuate Collection Set: 0.5ms
[2021-04-19T21:51:10.156-0700][gc,phases     ] GC(1092)   Other: 0.2ms
[2021-04-19T21:51:10.156-0700][gc,heap       ] GC(1092) Eden regions: 609->0(608)
[2021-04-19T21:51:10.156-0700][gc,heap       ] GC(1092) Survivor regions: 5->6(77)
[2021-04-19T21:51:10.156-0700][gc,heap       ] GC(1092) Old regions: 126->126
[2021-04-19T21:51:10.156-0700][gc,heap       ] GC(1092) Humongous regions: 129->129
[2021-04-19T21:51:10.156-0700][gc,metaspace  ] GC(1092) Metaspace: 42235K->42235K(1087488K)
[2021-04-19T21:51:10.156-0700][gc            ] GC(1092) Pause Young (Normal) (G1 Evacuation Pause) 866M->258M(1024M) 5.170ms
[2021-04-19T21:51:10.156-0700][gc,cpu        ] GC(1092) User=0.01s Sys=0.01s Real=0.00s
[2021-04-19T21:54:12.801-0700][gc,start      ] GC(1093) Pause Young (Normal) (G1 Evacuation Pause)
[2021-04-19T21:54:12.801-0700][gc,task       ] GC(1093) Using 8 workers of 8 for evacuation
[2021-04-19T21:54:12.806-0700][gc,phases     ] GC(1093)   Pre Evacuate Collection Set: 0.0ms
[2021-04-19T21:54:12.806-0700][gc,phases     ] GC(1093)   Evacuate Collection Set: 3.6ms
[2021-04-19T21:54:12.806-0700][gc,phases     ] GC(1093)   Post Evacuate Collection Set: 0.5ms
[2021-04-19T21:54:12.806-0700][gc,phases     ] GC(1093)   Other: 0.2ms
[2021-04-19T21:54:12.806-0700][gc,heap       ] GC(1093) Eden regions: 608->0(608)
[2021-04-19T21:54:12.806-0700][gc,heap       ] GC(1093) Survivor regions: 6->6(77)
[2021-04-19T21:54:12.806-0700][gc,heap       ] GC(1093) Old regions: 126->126
[2021-04-19T21:54:12.806-0700][gc,heap       ] GC(1093) Humongous regions: 129->129
[2021-04-19T21:54:12.806-0700][gc,metaspace  ] GC(1093) Metaspace: 42235K->42235K(1087488K)
[2021-04-19T21:54:12.806-0700][gc            ] GC(1093) Pause Young (Normal) (G1 Evacuation Pause) 866M->258M(1024M) 4.444ms
[2021-04-19T21:54:12.806-0700][gc,cpu        ] GC(1093) User=0.02s Sys=0.01s Real=0.00s
[2021-04-19T21:57:22.331-0700][gc,start      ] GC(1094) Pause Young (Normal) (G1 Evacuation Pause)
[2021-04-19T21:57:22.331-0700][gc,task       ] GC(1094) Using 8 workers of 8 for evacuation
[2021-04-19T21:57:22.337-0700][gc,phases     ] GC(1094)   Pre Evacuate Collection Set: 0.1ms
[2021-04-19T21:57:22.337-0700][gc,phases     ] GC(1094)   Evacuate Collection Set: 5.4ms
[2021-04-19T21:57:22.337-0700][gc,phases     ] GC(1094)   Post Evacuate Collection Set: 0.7ms
[2021-04-19T21:57:22.337-0700][gc,phases     ] GC(1094)   Other: 0.3ms
[2021-04-19T21:57:22.337-0700][gc,heap       ] GC(1094) Eden regions: 608->0(608)
[2021-04-19T21:57:22.337-0700][gc,heap       ] GC(1094) Survivor regions: 6->6(77)
[2021-04-19T21:57:22.337-0700][gc,heap       ] GC(1094) Old regions: 126->126
[2021-04-19T21:57:22.337-0700][gc,heap       ] GC(1094) Humongous regions: 129->129
[2021-04-19T21:57:22.337-0700][gc,metaspace  ] GC(1094) Metaspace: 42235K->42235K(1087488K)
[2021-04-19T21:57:22.337-0700][gc            ] GC(1094) Pause Young (Normal) (G1 Evacuation Pause) 866M->258M(1024M) 6.506ms
[2021-04-19T21:57:22.337-0700][gc,cpu        ] GC(1094) User=0.03s Sys=0.00s Real=0.01s
[2021-04-19T22:00:31.626-0700][gc,start      ] GC(1095) Pause Young (Normal) (G1 Evacuation Pause)
[2021-04-19T22:00:31.626-0700][gc,task       ] GC(1095) Using 8 workers of 8 for evacuation
[2021-04-19T22:00:31.641-0700][gc,phases     ] GC(1095)   Pre Evacuate Collection Set: 0.0ms
[2021-04-19T22:00:31.641-0700][gc,phases     ] GC(1095)   Evacuate Collection Set: 12.9ms
[2021-04-19T22:00:31.641-0700][gc,phases     ] GC(1095)   Post Evacuate Collection Set: 1.4ms
[2021-04-19T22:00:31.641-0700][gc,phases     ] GC(1095)   Other: 0.5ms
[2021-04-19T22:00:31.641-0700][gc,heap       ] GC(1095) Eden regions: 608->0(607)
[2021-04-19T22:00:31.641-0700][gc,heap       ] GC(1095) Survivor regions: 6->7(77)
[2021-04-19T22:00:31.641-0700][gc,heap       ] GC(1095) Old regions: 126->126
[2021-04-19T22:00:31.641-0700][gc,heap       ] GC(1095) Humongous regions: 129->129
[2021-04-19T22:00:31.641-0700][gc,metaspace  ] GC(1095) Metaspace: 42235K->42235K(1087488K)
[2021-04-19T22:00:31.641-0700][gc            ] GC(1095) Pause Young (Normal) (G1 Evacuation Pause) 866M->259M(1024M) 15.152ms
[2021-04-19T22:00:31.641-0700][gc,cpu        ] GC(1095) User=0.09s Sys=0.01s Real=0.02s
[2021-04-19T22:03:41.391-0700][gc,start      ] GC(1096) Pause Young (Normal) (G1 Evacuation Pause)
[2021-04-19T22:03:41.391-0700][gc,task       ] GC(1096) Using 8 workers of 8 for evacuation
[2021-04-19T22:03:41.407-0700][gc,phases     ] GC(1096)   Pre Evacuate Collection Set: 0.0ms
[2021-04-19T22:03:41.408-0700][gc,phases     ] GC(1096)   Evacuate Collection Set: 14.4ms
[2021-04-19T22:03:41.408-0700][gc,phases     ] GC(1096)   Post Evacuate Collection Set: 1.5ms
[2021-04-19T22:03:41.408-0700][gc,phases     ] GC(1096)   Other: 0.5ms
[2021-04-19T22:03:41.408-0700][gc,heap       ] GC(1096) Eden regions: 607->0(609)
[2021-04-19T22:03:41.408-0700][gc,heap       ] GC(1096) Survivor regions: 7->5(77)
[2021-04-19T22:03:41.408-0700][gc,heap       ] GC(1096) Old regions: 126->126
[2021-04-19T22:03:41.408-0700][gc,heap       ] GC(1096) Humongous regions: 129->129
[2021-04-19T22:03:41.408-0700][gc,metaspace  ] GC(1096) Metaspace: 42235K->42235K(1087488K)
[2021-04-19T22:03:41.408-0700][gc            ] GC(1096) Pause Young (Normal) (G1 Evacuation Pause) 866M->258M(1024M) 16.668ms
[2021-04-19T22:03:41.408-0700][gc,cpu        ] GC(1096) User=0.10s Sys=0.00s Real=0.01s
[2021-04-19T22:06:51.582-0700][gc,start      ] GC(1097) Pause Young (Normal) (G1 Evacuation Pause)
[2021-04-19T22:06:51.582-0700][gc,task       ] GC(1097) Using 8 workers of 8 for evacuation
[2021-04-19T22:06:51.595-0700][gc,phases     ] GC(1097)   Pre Evacuate Collection Set: 0.0ms
[2021-04-19T22:06:51.595-0700][gc,phases     ] GC(1097)   Evacuate Collection Set: 10.9ms
[2021-04-19T22:06:51.595-0700][gc,phases     ] GC(1097)   Post Evacuate Collection Set: 1.3ms
[2021-04-19T22:06:51.595-0700][gc,phases     ] GC(1097)   Other: 0.5ms
[2021-04-19T22:06:51.595-0700][gc,heap       ] GC(1097) Eden regions: 609->0(608)
[2021-04-19T22:06:51.595-0700][gc,heap       ] GC(1097) Survivor regions: 5->6(77)
[2021-04-19T22:06:51.595-0700][gc,heap       ] GC(1097) Old regions: 126->127
[2021-04-19T22:06:51.595-0700][gc,heap       ] GC(1097) Humongous regions: 129->129
[2021-04-19T22:06:51.595-0700][gc,metaspace  ] GC(1097) Metaspace: 42235K->42235K(1087488K)
[2021-04-19T22:06:51.595-0700][gc            ] GC(1097) Pause Young (Normal) (G1 Evacuation Pause) 867M->259M(1024M) 12.950ms
[2021-04-19T22:06:51.595-0700][gc,cpu        ] GC(1097) User=0.09s Sys=0.00s Real=0.01s
[2021-04-19T22:10:01.725-0700][gc,start      ] GC(1098) Pause Young (Normal) (G1 Evacuation Pause)
[2021-04-19T22:10:01.725-0700][gc,task       ] GC(1098) Using 8 workers of 8 for evacuation
[2021-04-19T22:10:01.738-0700][gc,phases     ] GC(1098)   Pre Evacuate Collection Set: 0.0ms
[2021-04-19T22:10:01.738-0700][gc,phases     ] GC(1098)   Evacuate Collection Set: 11.0ms
[2021-04-19T22:10:01.738-0700][gc,phases     ] GC(1098)   Post Evacuate Collection Set: 1.3ms
[2021-04-19T22:10:01.738-0700][gc,phases     ] GC(1098)   Other: 0.5ms
[2021-04-19T22:10:01.738-0700][gc,heap       ] GC(1098) Eden regions: 608->0(609)
[2021-04-19T22:10:01.738-0700][gc,heap       ] GC(1098) Survivor regions: 6->5(77)
[2021-04-19T22:10:01.738-0700][gc,heap       ] GC(1098) Old regions: 127->127
[2021-04-19T22:10:01.738-0700][gc,heap       ] GC(1098) Humongous regions: 129->129
[2021-04-19T22:10:01.738-0700][gc,metaspace  ] GC(1098) Metaspace: 42235K->42235K(1087488K)
[2021-04-19T22:10:01.738-0700][gc            ] GC(1098) Pause Young (Normal) (G1 Evacuation Pause) 867M->258M(1024M) 13.056ms
[2021-04-19T22:10:01.738-0700][gc,cpu        ] GC(1098) User=0.07s Sys=0.00s Real=0.02s
[2021-04-20T02:04:30.966-0700][gc,start      ] GC(1099) Pause Young (Normal) (G1 Evacuation Pause)
[2021-04-20T02:04:30.966-0700][gc,task       ] GC(1099) Using 8 workers of 8 for evacuation
[2021-04-20T02:04:30.973-0700][gc,phases     ] GC(1099)   Pre Evacuate Collection Set: 0.0ms
[2021-04-20T02:04:30.973-0700][gc,phases     ] GC(1099)   Evacuate Collection Set: 6.9ms
[2021-04-20T02:04:30.973-0700][gc,phases     ] GC(1099)   Post Evacuate Collection Set: 0.6ms
[2021-04-20T02:04:30.973-0700][gc,phases     ] GC(1099)   Other: 0.4ms
[2021-04-20T02:04:30.973-0700][gc,heap       ] GC(1099) Eden regions: 609->0(608)
[2021-04-20T02:04:30.973-0700][gc,heap       ] GC(1099) Survivor regions: 5->6(77)
[2021-04-20T02:04:30.973-0700][gc,heap       ] GC(1099) Old regions: 127->127
[2021-04-20T02:04:30.973-0700][gc,heap       ] GC(1099) Humongous regions: 129->129
[2021-04-20T02:04:30.973-0700][gc,metaspace  ] GC(1099) Metaspace: 42237K->42237K(1087488K)
[2021-04-20T02:04:30.974-0700][gc            ] GC(1099) Pause Young (Normal) (G1 Evacuation Pause) 867M->259M(1024M) 7.984ms
[2021-04-20T02:04:30.974-0700][gc,cpu        ] GC(1099) User=0.05s Sys=0.00s Real=0.01s
[2021-04-20T11:34:51.206-0700][gc,start      ] GC(1100) Pause Young (Normal) (G1 Evacuation Pause)
[2021-04-20T11:34:51.206-0700][gc,task       ] GC(1100) Using 8 workers of 8 for evacuation
[2021-04-20T11:34:51.218-0700][gc,phases     ] GC(1100)   Pre Evacuate Collection Set: 0.0ms
[2021-04-20T11:34:51.218-0700][gc,phases     ] GC(1100)   Evacuate Collection Set: 10.1ms
[2021-04-20T11:34:51.218-0700][gc,phases     ] GC(1100)   Post Evacuate Collection Set: 1.5ms
[2021-04-20T11:34:51.218-0700][gc,phases     ] GC(1100)   Other: 0.5ms
[2021-04-20T11:34:51.218-0700][gc,heap       ] GC(1100) Eden regions: 608->0(609)
[2021-04-20T11:34:51.218-0700][gc,heap       ] GC(1100) Survivor regions: 6->5(77)
[2021-04-20T11:34:51.218-0700][gc,heap       ] GC(1100) Old regions: 127->127
[2021-04-20T11:34:51.218-0700][gc,heap       ] GC(1100) Humongous regions: 129->129
[2021-04-20T11:34:51.218-0700][gc,metaspace  ] GC(1100) Metaspace: 42241K->42241K(1087488K)
[2021-04-20T11:34:51.218-0700][gc            ] GC(1100) Pause Young (Normal) (G1 Evacuation Pause) 867M->259M(1024M) 12.359ms
[2021-04-20T11:34:51.218-0700][gc,cpu        ] GC(1100) User=0.08s Sys=0.00s Real=0.02s
[2021-04-20T11:37:55.210-0700][gc,start      ] GC(1101) Pause Young (Normal) (G1 Evacuation Pause)
[2021-04-20T11:37:55.210-0700][gc,task       ] GC(1101) Using 8 workers of 8 for evacuation
[2021-04-20T11:37:55.221-0700][gc,phases     ] GC(1101)   Pre Evacuate Collection Set: 0.0ms
[2021-04-20T11:37:55.221-0700][gc,phases     ] GC(1101)   Evacuate Collection Set: 9.8ms
[2021-04-20T11:37:55.221-0700][gc,phases     ] GC(1101)   Post Evacuate Collection Set: 1.1ms
[2021-04-20T11:37:55.221-0700][gc,phases     ] GC(1101)   Other: 0.5ms
[2021-04-20T11:37:55.221-0700][gc,heap       ] GC(1101) Eden regions: 609->0(609)
[2021-04-20T11:37:55.221-0700][gc,heap       ] GC(1101) Survivor regions: 5->5(77)
[2021-04-20T11:37:55.221-0700][gc,heap       ] GC(1101) Old regions: 127->127
[2021-04-20T11:37:55.221-0700][gc,heap       ] GC(1101) Humongous regions: 129->129
[2021-04-20T11:37:55.221-0700][gc,metaspace  ] GC(1101) Metaspace: 42241K->42241K(1087488K)
[2021-04-20T11:37:55.221-0700][gc            ] GC(1101) Pause Young (Normal) (G1 Evacuation Pause) 868M->259M(1024M) 11.641ms
[2021-04-20T11:37:55.221-0700][gc,cpu        ] GC(1101) User=0.08s Sys=0.00s Real=0.01s
[2021-04-20T11:40:58.395-0700][gc,start      ] GC(1102) Pause Young (Normal) (G1 Evacuation Pause)
[2021-04-20T11:40:58.395-0700][gc,task       ] GC(1102) Using 8 workers of 8 for evacuation
[2021-04-20T11:40:58.407-0700][gc,phases     ] GC(1102)   Pre Evacuate Collection Set: 0.0ms
[2021-04-20T11:40:58.407-0700][gc,phases     ] GC(1102)   Evacuate Collection Set: 9.3ms
[2021-04-20T11:40:58.407-0700][gc,phases     ] GC(1102)   Post Evacuate Collection Set: 1.5ms
[2021-04-20T11:40:58.407-0700][gc,phases     ] GC(1102)   Other: 0.5ms
[2021-04-20T11:40:58.407-0700][gc,heap       ] GC(1102) Eden regions: 609->0(610)
[2021-04-20T11:40:58.407-0700][gc,heap       ] GC(1102) Survivor regions: 5->4(77)
[2021-04-20T11:40:58.407-0700][gc,heap       ] GC(1102) Old regions: 127->127
[2021-04-20T11:40:58.407-0700][gc,heap       ] GC(1102) Humongous regions: 129->129
[2021-04-20T11:40:58.407-0700][gc,metaspace  ] GC(1102) Metaspace: 42241K->42241K(1087488K)
[2021-04-20T11:40:58.407-0700][gc            ] GC(1102) Pause Young (Normal) (G1 Evacuation Pause) 868M->258M(1024M) 11.546ms
[2021-04-20T11:40:58.407-0700][gc,cpu        ] GC(1102) User=0.07s Sys=0.00s Real=0.01s
[2021-04-20T11:44:01.629-0700][gc,start      ] GC(1103) Pause Young (Normal) (G1 Evacuation Pause)
[2021-04-20T11:44:01.629-0700][gc,task       ] GC(1103) Using 8 workers of 8 for evacuation
[2021-04-20T11:44:01.635-0700][gc,phases     ] GC(1103)   Pre Evacuate Collection Set: 0.0ms
[2021-04-20T11:44:01.635-0700][gc,phases     ] GC(1103)   Evacuate Collection Set: 4.4ms
[2021-04-20T11:44:01.635-0700][gc,phases     ] GC(1103)   Post Evacuate Collection Set: 0.7ms
[2021-04-20T11:44:01.635-0700][gc,phases     ] GC(1103)   Other: 0.2ms
[2021-04-20T11:44:01.635-0700][gc,heap       ] GC(1103) Eden regions: 610->0(609)
[2021-04-20T11:44:01.635-0700][gc,heap       ] GC(1103) Survivor regions: 4->5(77)
[2021-04-20T11:44:01.635-0700][gc,heap       ] GC(1103) Old regions: 127->127
[2021-04-20T11:44:01.635-0700][gc,heap       ] GC(1103) Humongous regions: 129->129
[2021-04-20T11:44:01.635-0700][gc,metaspace  ] GC(1103) Metaspace: 42241K->42241K(1087488K)
[2021-04-20T11:44:01.635-0700][gc            ] GC(1103) Pause Young (Normal) (G1 Evacuation Pause) 868M->259M(1024M) 5.452ms
[2021-04-20T11:44:01.635-0700][gc,cpu        ] GC(1103) User=0.01s Sys=0.01s Real=0.00s
[2021-04-20T11:47:04.387-0700][gc,start      ] GC(1104) Pause Young (Normal) (G1 Evacuation Pause)
[2021-04-20T11:47:04.387-0700][gc,task       ] GC(1104) Using 8 workers of 8 for evacuation
[2021-04-20T11:47:04.399-0700][gc,phases     ] GC(1104)   Pre Evacuate Collection Set: 0.0ms
[2021-04-20T11:47:04.399-0700][gc,phases     ] GC(1104)   Evacuate Collection Set: 9.4ms
[2021-04-20T11:47:04.399-0700][gc,phases     ] GC(1104)   Post Evacuate Collection Set: 1.3ms
[2021-04-20T11:47:04.399-0700][gc,phases     ] GC(1104)   Other: 0.5ms
[2021-04-20T11:47:04.399-0700][gc,heap       ] GC(1104) Eden regions: 609->0(610)
[2021-04-20T11:47:04.399-0700][gc,heap       ] GC(1104) Survivor regions: 5->4(77)
[2021-04-20T11:47:04.399-0700][gc,heap       ] GC(1104) Old regions: 127->128
[2021-04-20T11:47:04.399-0700][gc,heap       ] GC(1104) Humongous regions: 129->129
[2021-04-20T11:47:04.399-0700][gc,metaspace  ] GC(1104) Metaspace: 42241K->42241K(1087488K)
[2021-04-20T11:47:04.399-0700][gc            ] GC(1104) Pause Young (Normal) (G1 Evacuation Pause) 868M->258M(1024M) 11.408ms
[2021-04-20T11:47:04.399-0700][gc,cpu        ] GC(1104) User=0.08s Sys=0.00s Real=0.02s
[2021-04-20T11:50:07.746-0700][gc,start      ] GC(1105) Pause Young (Normal) (G1 Evacuation Pause)
[2021-04-20T11:50:07.746-0700][gc,task       ] GC(1105) Using 8 workers of 8 for evacuation
[2021-04-20T11:50:07.759-0700][gc,phases     ] GC(1105)   Pre Evacuate Collection Set: 0.0ms
[2021-04-20T11:50:07.759-0700][gc,phases     ] GC(1105)   Evacuate Collection Set: 10.7ms
[2021-04-20T11:50:07.759-0700][gc,phases     ] GC(1105)   Post Evacuate Collection Set: 1.2ms
[2021-04-20T11:50:07.759-0700][gc,phases     ] GC(1105)   Other: 0.5ms
[2021-04-20T11:50:07.759-0700][gc,heap       ] GC(1105) Eden regions: 610->0(609)
[2021-04-20T11:50:07.759-0700][gc,heap       ] GC(1105) Survivor regions: 4->5(77)
[2021-04-20T11:50:07.759-0700][gc,heap       ] GC(1105) Old regions: 128->128
[2021-04-20T11:50:07.759-0700][gc,heap       ] GC(1105) Humongous regions: 129->129
[2021-04-20T11:50:07.759-0700][gc,metaspace  ] GC(1105) Metaspace: 42241K->42241K(1087488K)
[2021-04-20T11:50:07.759-0700][gc            ] GC(1105) Pause Young (Normal) (G1 Evacuation Pause) 868M->259M(1024M) 12.623ms
[2021-04-20T11:50:07.759-0700][gc,cpu        ] GC(1105) User=0.08s Sys=0.01s Real=0.02s
[2021-04-20T11:53:10.260-0700][gc,start      ] GC(1106) Pause Young (Normal) (G1 Evacuation Pause)
[2021-04-20T11:53:10.260-0700][gc,task       ] GC(1106) Using 8 workers of 8 for evacuation
[2021-04-20T11:53:10.271-0700][gc,phases     ] GC(1106)   Pre Evacuate Collection Set: 0.0ms
[2021-04-20T11:53:10.271-0700][gc,phases     ] GC(1106)   Evacuate Collection Set: 9.4ms
[2021-04-20T11:53:10.271-0700][gc,phases     ] GC(1106)   Post Evacuate Collection Set: 1.2ms
[2021-04-20T11:53:10.271-0700][gc,phases     ] GC(1106)   Other: 0.5ms
[2021-04-20T11:53:10.271-0700][gc,heap       ] GC(1106) Eden regions: 609->0(610)
[2021-04-20T11:53:10.271-0700][gc,heap       ] GC(1106) Survivor regions: 5->4(77)
[2021-04-20T11:53:10.271-0700][gc,heap       ] GC(1106) Old regions: 128->128
[2021-04-20T11:53:10.271-0700][gc,heap       ] GC(1106) Humongous regions: 129->129
[2021-04-20T11:53:10.271-0700][gc,metaspace  ] GC(1106) Metaspace: 42241K->42241K(1087488K)
[2021-04-20T11:53:10.271-0700][gc            ] GC(1106) Pause Young (Normal) (G1 Evacuation Pause) 868M->258M(1024M) 11.333ms
[2021-04-20T11:53:10.271-0700][gc,cpu        ] GC(1106) User=0.08s Sys=0.00s Real=0.01s
[2021-04-20T11:56:13.190-0700][gc,start      ] GC(1107) Pause Young (Normal) (G1 Evacuation Pause)
[2021-04-20T11:56:13.190-0700][gc,task       ] GC(1107) Using 8 workers of 8 for evacuation
[2021-04-20T11:56:13.196-0700][gc,phases     ] GC(1107)   Pre Evacuate Collection Set: 0.0ms
[2021-04-20T11:56:13.196-0700][gc,phases     ] GC(1107)   Evacuate Collection Set: 4.4ms
[2021-04-20T11:56:13.196-0700][gc,phases     ] GC(1107)   Post Evacuate Collection Set: 0.7ms
[2021-04-20T11:56:13.196-0700][gc,phases     ] GC(1107)   Other: 0.3ms
[2021-04-20T11:56:13.196-0700][gc,heap       ] GC(1107) Eden regions: 610->0(611)
[2021-04-20T11:56:13.196-0700][gc,heap       ] GC(1107) Survivor regions: 4->3(77)
[2021-04-20T11:56:13.196-0700][gc,heap       ] GC(1107) Old regions: 128->128
[2021-04-20T11:56:13.196-0700][gc,heap       ] GC(1107) Humongous regions: 129->129
[2021-04-20T11:56:13.196-0700][gc,metaspace  ] GC(1107) Metaspace: 42241K->42241K(1087488K)
[2021-04-20T11:56:13.196-0700][gc            ] GC(1107) Pause Young (Normal) (G1 Evacuation Pause) 868M->258M(1024M) 5.548ms
[2021-04-20T11:56:13.196-0700][gc,cpu        ] GC(1107) User=0.03s Sys=0.02s Real=0.00s
[2021-04-20T11:59:17.083-0700][gc,start      ] GC(1108) Pause Young (Normal) (G1 Evacuation Pause)
[2021-04-20T11:59:17.083-0700][gc,task       ] GC(1108) Using 8 workers of 8 for evacuation
[2021-04-20T11:59:17.088-0700][gc,phases     ] GC(1108)   Pre Evacuate Collection Set: 0.0ms
[2021-04-20T11:59:17.088-0700][gc,phases     ] GC(1108)   Evacuate Collection Set: 4.3ms
[2021-04-20T11:59:17.088-0700][gc,phases     ] GC(1108)   Post Evacuate Collection Set: 0.5ms
[2021-04-20T11:59:17.088-0700][gc,phases     ] GC(1108)   Other: 0.2ms
[2021-04-20T11:59:17.088-0700][gc,heap       ] GC(1108) Eden regions: 611->0(610)
[2021-04-20T11:59:17.088-0700][gc,heap       ] GC(1108) Survivor regions: 3->4(77)
[2021-04-20T11:59:17.088-0700][gc,heap       ] GC(1108) Old regions: 128->128
[2021-04-20T11:59:17.088-0700][gc,heap       ] GC(1108) Humongous regions: 129->129
[2021-04-20T11:59:17.088-0700][gc,metaspace  ] GC(1108) Metaspace: 42241K->42241K(1087488K)
[2021-04-20T11:59:17.088-0700][gc            ] GC(1108) Pause Young (Normal) (G1 Evacuation Pause) 869M->259M(1024M) 5.129ms
[2021-04-20T11:59:17.088-0700][gc,cpu        ] GC(1108) User=0.02s Sys=0.01s Real=0.00s
[2021-04-20T12:02:20.367-0700][gc,start      ] GC(1109) Pause Young (Normal) (G1 Evacuation Pause)
[2021-04-20T12:02:20.367-0700][gc,task       ] GC(1109) Using 8 workers of 8 for evacuation
[2021-04-20T12:02:20.377-0700][gc,phases     ] GC(1109)   Pre Evacuate Collection Set: 0.0ms
[2021-04-20T12:02:20.377-0700][gc,phases     ] GC(1109)   Evacuate Collection Set: 8.1ms
[2021-04-20T12:02:20.377-0700][gc,phases     ] GC(1109)   Post Evacuate Collection Set: 1.3ms
[2021-04-20T12:02:20.377-0700][gc,phases     ] GC(1109)   Other: 0.5ms
[2021-04-20T12:02:20.377-0700][gc,heap       ] GC(1109) Eden regions: 610->0(610)
[2021-04-20T12:02:20.377-0700][gc,heap       ] GC(1109) Survivor regions: 4->4(77)
[2021-04-20T12:02:20.377-0700][gc,heap       ] GC(1109) Old regions: 128->128
[2021-04-20T12:02:20.377-0700][gc,heap       ] GC(1109) Humongous regions: 129->129
[2021-04-20T12:02:20.377-0700][gc,metaspace  ] GC(1109) Metaspace: 42241K->42241K(1087488K)
[2021-04-20T12:02:20.377-0700][gc            ] GC(1109) Pause Young (Normal) (G1 Evacuation Pause) 869M->258M(1024M) 10.129ms
[2021-04-20T12:02:20.377-0700][gc,cpu        ] GC(1109) User=0.07s Sys=0.00s Real=0.02s
[2021-04-20T12:05:23.634-0700][gc,start      ] GC(1110) Pause Young (Normal) (G1 Evacuation Pause)
[2021-04-20T12:05:23.634-0700][gc,task       ] GC(1110) Using 8 workers of 8 for evacuation
[2021-04-20T12:05:23.640-0700][gc,phases     ] GC(1110)   Pre Evacuate Collection Set: 0.0ms
[2021-04-20T12:05:23.640-0700][gc,phases     ] GC(1110)   Evacuate Collection Set: 5.9ms
[2021-04-20T12:05:23.640-0700][gc,phases     ] GC(1110)   Post Evacuate Collection Set: 0.6ms
[2021-04-20T12:05:23.640-0700][gc,phases     ] GC(1110)   Other: 0.3ms
[2021-04-20T12:05:23.640-0700][gc,heap       ] GC(1110) Eden regions: 610->0(609)
[2021-04-20T12:05:23.640-0700][gc,heap       ] GC(1110) Survivor regions: 4->5(77)
[2021-04-20T12:05:23.640-0700][gc,heap       ] GC(1110) Old regions: 128->128
[2021-04-20T12:05:23.641-0700][gc,heap       ] GC(1110) Humongous regions: 129->129
[2021-04-20T12:05:23.641-0700][gc,metaspace  ] GC(1110) Metaspace: 42241K->42241K(1087488K)
[2021-04-20T12:05:23.641-0700][gc            ] GC(1110) Pause Young (Normal) (G1 Evacuation Pause) 868M->259M(1024M) 6.917ms
[2021-04-20T12:05:23.641-0700][gc,cpu        ] GC(1110) User=0.02s Sys=0.01s Real=0.01s
[2021-04-20T12:08:26.902-0700][gc,start      ] GC(1111) Pause Young (Normal) (G1 Evacuation Pause)
[2021-04-20T12:08:26.902-0700][gc,task       ] GC(1111) Using 8 workers of 8 for evacuation
[2021-04-20T12:08:26.912-0700][gc,phases     ] GC(1111)   Pre Evacuate Collection Set: 0.0ms
[2021-04-20T12:08:26.912-0700][gc,phases     ] GC(1111)   Evacuate Collection Set: 7.8ms
[2021-04-20T12:08:26.912-0700][gc,phases     ] GC(1111)   Post Evacuate Collection Set: 1.4ms
[2021-04-20T12:08:26.912-0700][gc,phases     ] GC(1111)   Other: 0.5ms
[2021-04-20T12:08:26.912-0700][gc,heap       ] GC(1111) Eden regions: 609->0(610)
[2021-04-20T12:08:26.912-0700][gc,heap       ] GC(1111) Survivor regions: 5->4(77)
[2021-04-20T12:08:26.912-0700][gc,heap       ] GC(1111) Old regions: 128->128
[2021-04-20T12:08:26.912-0700][gc,heap       ] GC(1111) Humongous regions: 129->129
[2021-04-20T12:08:26.912-0700][gc,metaspace  ] GC(1111) Metaspace: 42241K->42241K(1087488K)
[2021-04-20T12:08:26.912-0700][gc            ] GC(1111) Pause Young (Normal) (G1 Evacuation Pause) 868M->259M(1024M) 9.961ms
[2021-04-20T12:08:26.912-0700][gc,cpu        ] GC(1111) User=0.04s Sys=0.03s Real=0.01s
[2021-04-20T12:11:30.471-0700][gc,start      ] GC(1112) Pause Young (Normal) (G1 Evacuation Pause)
[2021-04-20T12:11:30.471-0700][gc,task       ] GC(1112) Using 8 workers of 8 for evacuation
[2021-04-20T12:11:30.480-0700][gc,phases     ] GC(1112)   Pre Evacuate Collection Set: 0.0ms
[2021-04-20T12:11:30.480-0700][gc,phases     ] GC(1112)   Evacuate Collection Set: 7.3ms
[2021-04-20T12:11:30.480-0700][gc,phases     ] GC(1112)   Post Evacuate Collection Set: 1.2ms
[2021-04-20T12:11:30.480-0700][gc,phases     ] GC(1112)   Other: 0.5ms
[2021-04-20T12:11:30.480-0700][gc,heap       ] GC(1112) Eden regions: 610->0(610)
[2021-04-20T12:11:30.480-0700][gc,heap       ] GC(1112) Survivor regions: 4->4(77)
[2021-04-20T12:11:30.480-0700][gc,heap       ] GC(1112) Old regions: 128->128
[2021-04-20T12:11:30.480-0700][gc,heap       ] GC(1112) Humongous regions: 129->129
[2021-04-20T12:11:30.480-0700][gc,metaspace  ] GC(1112) Metaspace: 42241K->42241K(1087488K)
[2021-04-20T12:11:30.480-0700][gc            ] GC(1112) Pause Young (Normal) (G1 Evacuation Pause) 869M->258M(1024M) 9.294ms
[2021-04-20T12:11:30.480-0700][gc,cpu        ] GC(1112) User=0.06s Sys=0.00s Real=0.01s
[2021-04-20T12:14:34.161-0700][gc,start      ] GC(1113) Pause Young (Normal) (G1 Evacuation Pause)
[2021-04-20T12:14:34.161-0700][gc,task       ] GC(1113) Using 8 workers of 8 for evacuation
[2021-04-20T12:14:34.173-0700][gc,phases     ] GC(1113)   Pre Evacuate Collection Set: 0.0ms
[2021-04-20T12:14:34.173-0700][gc,phases     ] GC(1113)   Evacuate Collection Set: 10.1ms
[2021-04-20T12:14:34.173-0700][gc,phases     ] GC(1113)   Post Evacuate Collection Set: 1.6ms
[2021-04-20T12:14:34.173-0700][gc,phases     ] GC(1113)   Other: 0.6ms
[2021-04-20T12:14:34.173-0700][gc,heap       ] GC(1113) Eden regions: 610->0(610)
[2021-04-20T12:14:34.173-0700][gc,heap       ] GC(1113) Survivor regions: 4->4(77)
[2021-04-20T12:14:34.173-0700][gc,heap       ] GC(1113) Old regions: 128->128
[2021-04-20T12:14:34.174-0700][gc,heap       ] GC(1113) Humongous regions: 129->129
[2021-04-20T12:14:34.174-0700][gc,metaspace  ] GC(1113) Metaspace: 42241K->42241K(1087488K)
[2021-04-20T12:14:34.174-0700][gc            ] GC(1113) Pause Young (Normal) (G1 Evacuation Pause) 868M->259M(1024M) 12.851ms
[2021-04-20T12:14:34.174-0700][gc,cpu        ] GC(1113) User=0.08s Sys=0.00s Real=0.01s
[2021-04-20T12:17:37.745-0700][gc,start      ] GC(1114) Pause Young (Normal) (G1 Evacuation Pause)
[2021-04-20T12:17:37.745-0700][gc,task       ] GC(1114) Using 8 workers of 8 for evacuation
[2021-04-20T12:17:37.755-0700][gc,phases     ] GC(1114)   Pre Evacuate Collection Set: 0.0ms
[2021-04-20T12:17:37.755-0700][gc,phases     ] GC(1114)   Evacuate Collection Set: 7.8ms
[2021-04-20T12:17:37.755-0700][gc,phases     ] GC(1114)   Post Evacuate Collection Set: 1.1ms
[2021-04-20T12:17:37.755-0700][gc,phases     ] GC(1114)   Other: 0.5ms
[2021-04-20T12:17:37.755-0700][gc,heap       ] GC(1114) Eden regions: 610->0(610)
[2021-04-20T12:17:37.755-0700][gc,heap       ] GC(1114) Survivor regions: 4->4(77)
[2021-04-20T12:17:37.755-0700][gc,heap       ] GC(1114) Old regions: 128->129
[2021-04-20T12:17:37.755-0700][gc,heap       ] GC(1114) Humongous regions: 129->129
[2021-04-20T12:17:37.755-0700][gc,metaspace  ] GC(1114) Metaspace: 42241K->42241K(1087488K)
[2021-04-20T12:17:37.755-0700][gc            ] GC(1114) Pause Young (Normal) (G1 Evacuation Pause) 869M->259M(1024M) 9.694ms
[2021-04-20T12:17:37.755-0700][gc,cpu        ] GC(1114) User=0.06s Sys=0.00s Real=0.01s
[2021-04-20T12:20:41.483-0700][gc,start      ] GC(1115) Pause Young (Normal) (G1 Evacuation Pause)
[2021-04-20T12:20:41.483-0700][gc,task       ] GC(1115) Using 8 workers of 8 for evacuation
[2021-04-20T12:20:41.492-0700][gc,phases     ] GC(1115)   Pre Evacuate Collection Set: 0.0ms
[2021-04-20T12:20:41.492-0700][gc,phases     ] GC(1115)   Evacuate Collection Set: 6.7ms
[2021-04-20T12:20:41.492-0700][gc,phases     ] GC(1115)   Post Evacuate Collection Set: 1.2ms
[2021-04-20T12:20:41.492-0700][gc,phases     ] GC(1115)   Other: 0.5ms
[2021-04-20T12:20:41.492-0700][gc,heap       ] GC(1115) Eden regions: 610->0(611)
[2021-04-20T12:20:41.492-0700][gc,heap       ] GC(1115) Survivor regions: 4->3(77)
[2021-04-20T12:20:41.492-0700][gc,heap       ] GC(1115) Old regions: 129->129
[2021-04-20T12:20:41.492-0700][gc,heap       ] GC(1115) Humongous regions: 129->129
[2021-04-20T12:20:41.492-0700][gc,metaspace  ] GC(1115) Metaspace: 42241K->42241K(1087488K)
[2021-04-20T12:20:41.492-0700][gc            ] GC(1115) Pause Young (Normal) (G1 Evacuation Pause) 869M->258M(1024M) 8.735ms
[2021-04-20T12:20:41.492-0700][gc,cpu        ] GC(1115) User=0.06s Sys=0.00s Real=0.01s
[2021-04-20T12:23:45.517-0700][gc,start      ] GC(1116) Pause Young (Normal) (G1 Evacuation Pause)
[2021-04-20T12:23:45.517-0700][gc,task       ] GC(1116) Using 8 workers of 8 for evacuation
[2021-04-20T12:23:45.521-0700][gc,phases     ] GC(1116)   Pre Evacuate Collection Set: 0.0ms
[2021-04-20T12:23:45.521-0700][gc,phases     ] GC(1116)   Evacuate Collection Set: 2.6ms
[2021-04-20T12:23:45.521-0700][gc,phases     ] GC(1116)   Post Evacuate Collection Set: 0.5ms
[2021-04-20T12:23:45.521-0700][gc,phases     ] GC(1116)   Other: 0.2ms
[2021-04-20T12:23:45.521-0700][gc,heap       ] GC(1116) Eden regions: 611->0(610)
[2021-04-20T12:23:45.521-0700][gc,heap       ] GC(1116) Survivor regions: 3->4(77)
[2021-04-20T12:23:45.521-0700][gc,heap       ] GC(1116) Old regions: 129->129
[2021-04-20T12:23:45.521-0700][gc,heap       ] GC(1116) Humongous regions: 129->129
[2021-04-20T12:23:45.521-0700][gc,metaspace  ] GC(1116) Metaspace: 42241K->42241K(1087488K)
[2021-04-20T12:23:45.521-0700][gc            ] GC(1116) Pause Young (Normal) (G1 Evacuation Pause) 869M->259M(1024M) 3.492ms
[2021-04-20T12:23:45.521-0700][gc,cpu        ] GC(1116) User=0.01s Sys=0.01s Real=0.00s
[2021-04-20T12:26:51.439-0700][gc,start      ] GC(1117) Pause Young (Normal) (G1 Evacuation Pause)
[2021-04-20T12:26:51.439-0700][gc,task       ] GC(1117) Using 8 workers of 8 for evacuation
[2021-04-20T12:26:51.446-0700][gc,phases     ] GC(1117)   Pre Evacuate Collection Set: 0.0ms
[2021-04-20T12:26:51.446-0700][gc,phases     ] GC(1117)   Evacuate Collection Set: 5.4ms
[2021-04-20T12:26:51.446-0700][gc,phases     ] GC(1117)   Post Evacuate Collection Set: 1.3ms
[2021-04-20T12:26:51.447-0700][gc,phases     ] GC(1117)   Other: 0.5ms
[2021-04-20T12:26:51.447-0700][gc,heap       ] GC(1117) Eden regions: 610->0(611)
[2021-04-20T12:26:51.447-0700][gc,heap       ] GC(1117) Survivor regions: 4->3(77)
[2021-04-20T12:26:51.447-0700][gc,heap       ] GC(1117) Old regions: 129->129
[2021-04-20T12:26:51.447-0700][gc,heap       ] GC(1117) Humongous regions: 129->129
[2021-04-20T12:26:51.447-0700][gc,metaspace  ] GC(1117) Metaspace: 42241K->42241K(1087488K)
[2021-04-20T12:26:51.447-0700][gc            ] GC(1117) Pause Young (Normal) (G1 Evacuation Pause) 869M->259M(1024M) 7.355ms
[2021-04-20T12:26:51.447-0700][gc,cpu        ] GC(1117) User=0.05s Sys=0.00s Real=0.00s
[2021-04-20T12:30:03.753-0700][gc,start      ] GC(1118) Pause Young (Normal) (G1 Evacuation Pause)
[2021-04-20T12:30:03.753-0700][gc,task       ] GC(1118) Using 8 workers of 8 for evacuation
[2021-04-20T12:30:03.761-0700][gc,phases     ] GC(1118)   Pre Evacuate Collection Set: 0.0ms
[2021-04-20T12:30:03.761-0700][gc,phases     ] GC(1118)   Evacuate Collection Set: 6.1ms
[2021-04-20T12:30:03.761-0700][gc,phases     ] GC(1118)   Post Evacuate Collection Set: 1.2ms
[2021-04-20T12:30:03.761-0700][gc,phases     ] GC(1118)   Other: 0.5ms
[2021-04-20T12:30:03.761-0700][gc,heap       ] GC(1118) Eden regions: 611->0(610)
[2021-04-20T12:30:03.761-0700][gc,heap       ] GC(1118) Survivor regions: 3->4(77)
[2021-04-20T12:30:03.761-0700][gc,heap       ] GC(1118) Old regions: 129->129
[2021-04-20T12:30:03.761-0700][gc,heap       ] GC(1118) Humongous regions: 129->129
[2021-04-20T12:30:03.761-0700][gc,metaspace  ] GC(1118) Metaspace: 42241K->42241K(1087488K)
[2021-04-20T12:30:03.761-0700][gc            ] GC(1118) Pause Young (Normal) (G1 Evacuation Pause) 870M->259M(1024M) 8.099ms
[2021-04-20T12:30:03.761-0700][gc,cpu        ] GC(1118) User=0.05s Sys=0.00s Real=0.01s
[2021-04-20T12:33:14.748-0700][gc,start      ] GC(1119) Pause Young (Normal) (G1 Evacuation Pause)
[2021-04-20T12:33:14.748-0700][gc,task       ] GC(1119) Using 8 workers of 8 for evacuation
[2021-04-20T12:33:14.755-0700][gc,phases     ] GC(1119)   Pre Evacuate Collection Set: 0.0ms
[2021-04-20T12:33:14.755-0700][gc,phases     ] GC(1119)   Evacuate Collection Set: 5.3ms
[2021-04-20T12:33:14.755-0700][gc,phases     ] GC(1119)   Post Evacuate Collection Set: 1.3ms
[2021-04-20T12:33:14.755-0700][gc,phases     ] GC(1119)   Other: 0.5ms
[2021-04-20T12:33:14.755-0700][gc,heap       ] GC(1119) Eden regions: 610->0(611)
[2021-04-20T12:33:14.755-0700][gc,heap       ] GC(1119) Survivor regions: 4->3(77)
[2021-04-20T12:33:14.755-0700][gc,heap       ] GC(1119) Old regions: 129->129
[2021-04-20T12:33:14.755-0700][gc,heap       ] GC(1119) Humongous regions: 129->129
[2021-04-20T12:33:14.755-0700][gc,metaspace  ] GC(1119) Metaspace: 42241K->42241K(1087488K)
[2021-04-20T12:33:14.755-0700][gc            ] GC(1119) Pause Young (Normal) (G1 Evacuation Pause) 869M->259M(1024M) 7.421ms
[2021-04-20T12:33:14.755-0700][gc,cpu        ] GC(1119) User=0.04s Sys=0.00s Real=0.01s
[2021-04-20T12:36:25.134-0700][gc,start      ] GC(1120) Pause Young (Normal) (G1 Evacuation Pause)
[2021-04-20T12:36:25.134-0700][gc,task       ] GC(1120) Using 8 workers of 8 for evacuation
[2021-04-20T12:36:25.142-0700][gc,phases     ] GC(1120)   Pre Evacuate Collection Set: 0.0ms
[2021-04-20T12:36:25.143-0700][gc,phases     ] GC(1120)   Evacuate Collection Set: 6.7ms
[2021-04-20T12:36:25.143-0700][gc,phases     ] GC(1120)   Post Evacuate Collection Set: 1.3ms
[2021-04-20T12:36:25.143-0700][gc,phases     ] GC(1120)   Other: 0.5ms
[2021-04-20T12:36:25.143-0700][gc,heap       ] GC(1120) Eden regions: 611->0(610)
[2021-04-20T12:36:25.143-0700][gc,heap       ] GC(1120) Survivor regions: 3->4(77)
[2021-04-20T12:36:25.143-0700][gc,heap       ] GC(1120) Old regions: 129->129
[2021-04-20T12:36:25.143-0700][gc,heap       ] GC(1120) Humongous regions: 129->129
[2021-04-20T12:36:25.143-0700][gc,metaspace  ] GC(1120) Metaspace: 42241K->42241K(1087488K)
[2021-04-20T12:36:25.143-0700][gc            ] GC(1120) Pause Young (Normal) (G1 Evacuation Pause) 870M->259M(1024M) 8.767ms
[2021-04-20T12:36:25.143-0700][gc,cpu        ] GC(1120) User=0.05s Sys=0.00s Real=0.01s
[2021-04-20T12:39:36.497-0700][gc,start      ] GC(1121) Pause Young (Normal) (G1 Evacuation Pause)
[2021-04-20T12:39:36.497-0700][gc,task       ] GC(1121) Using 8 workers of 8 for evacuation
[2021-04-20T12:39:36.505-0700][gc,phases     ] GC(1121)   Pre Evacuate Collection Set: 0.0ms
[2021-04-20T12:39:36.505-0700][gc,phases     ] GC(1121)   Evacuate Collection Set: 6.5ms
[2021-04-20T12:39:36.505-0700][gc,phases     ] GC(1121)   Post Evacuate Collection Set: 1.2ms
[2021-04-20T12:39:36.505-0700][gc,phases     ] GC(1121)   Other: 0.5ms
[2021-04-20T12:39:36.505-0700][gc,heap       ] GC(1121) Eden regions: 610->0(610)
[2021-04-20T12:39:36.505-0700][gc,heap       ] GC(1121) Survivor regions: 4->4(77)
[2021-04-20T12:39:36.505-0700][gc,heap       ] GC(1121) Old regions: 129->129
[2021-04-20T12:39:36.505-0700][gc,heap       ] GC(1121) Humongous regions: 129->129
[2021-04-20T12:39:36.505-0700][gc,metaspace  ] GC(1121) Metaspace: 42241K->42241K(1087488K)
[2021-04-20T12:39:36.505-0700][gc            ] GC(1121) Pause Young (Normal) (G1 Evacuation Pause) 869M->259M(1024M) 8.449ms
[2021-04-20T12:39:36.505-0700][gc,cpu        ] GC(1121) User=0.05s Sys=0.00s Real=0.00s
[2021-04-20T12:42:47.608-0700][gc,start      ] GC(1122) Pause Young (Normal) (G1 Evacuation Pause)
[2021-04-20T12:42:47.608-0700][gc,task       ] GC(1122) Using 8 workers of 8 for evacuation
[2021-04-20T12:42:47.615-0700][gc,phases     ] GC(1122)   Pre Evacuate Collection Set: 0.0ms
[2021-04-20T12:42:47.615-0700][gc,phases     ] GC(1122)   Evacuate Collection Set: 5.1ms
[2021-04-20T12:42:47.615-0700][gc,phases     ] GC(1122)   Post Evacuate Collection Set: 1.1ms
[2021-04-20T12:42:47.615-0700][gc,phases     ] GC(1122)   Other: 0.5ms
[2021-04-20T12:42:47.615-0700][gc,heap       ] GC(1122) Eden regions: 610->0(611)
[2021-04-20T12:42:47.615-0700][gc,heap       ] GC(1122) Survivor regions: 4->3(77)
[2021-04-20T12:42:47.615-0700][gc,heap       ] GC(1122) Old regions: 129->129
[2021-04-20T12:42:47.615-0700][gc,heap       ] GC(1122) Humongous regions: 129->129
[2021-04-20T12:42:47.615-0700][gc,metaspace  ] GC(1122) Metaspace: 42241K->42241K(1087488K)
[2021-04-20T12:42:47.615-0700][gc            ] GC(1122) Pause Young (Normal) (G1 Evacuation Pause) 869M->259M(1024M) 6.942ms
[2021-04-20T12:42:47.615-0700][gc,cpu        ] GC(1122) User=0.05s Sys=0.00s Real=0.01s
[2021-04-20T12:45:58.906-0700][gc,start      ] GC(1123) Pause Young (Normal) (G1 Evacuation Pause)
[2021-04-20T12:45:58.906-0700][gc,task       ] GC(1123) Using 8 workers of 8 for evacuation
[2021-04-20T12:45:58.912-0700][gc,phases     ] GC(1123)   Pre Evacuate Collection Set: 0.0ms
[2021-04-20T12:45:58.912-0700][gc,phases     ] GC(1123)   Evacuate Collection Set: 4.6ms
[2021-04-20T12:45:58.912-0700][gc,phases     ] GC(1123)   Post Evacuate Collection Set: 1.2ms
[2021-04-20T12:45:58.912-0700][gc,phases     ] GC(1123)   Other: 0.5ms
[2021-04-20T12:45:58.912-0700][gc,heap       ] GC(1123) Eden regions: 611->0(611)
[2021-04-20T12:45:58.912-0700][gc,heap       ] GC(1123) Survivor regions: 3->3(77)
[2021-04-20T12:45:58.912-0700][gc,heap       ] GC(1123) Old regions: 129->129
[2021-04-20T12:45:58.912-0700][gc,heap       ] GC(1123) Humongous regions: 129->129
[2021-04-20T12:45:58.913-0700][gc,metaspace  ] GC(1123) Metaspace: 42241K->42241K(1087488K)
[2021-04-20T12:45:58.913-0700][gc            ] GC(1123) Pause Young (Normal) (G1 Evacuation Pause) 870M->258M(1024M) 6.499ms
[2021-04-20T12:45:58.913-0700][gc,cpu        ] GC(1123) User=0.04s Sys=0.00s Real=0.01s
[2021-04-20T12:49:10.298-0700][gc,start      ] GC(1124) Pause Young (Normal) (G1 Evacuation Pause)
[2021-04-20T12:49:10.299-0700][gc,task       ] GC(1124) Using 8 workers of 8 for evacuation
[2021-04-20T12:49:10.306-0700][gc,phases     ] GC(1124)   Pre Evacuate Collection Set: 0.0ms
[2021-04-20T12:49:10.306-0700][gc,phases     ] GC(1124)   Evacuate Collection Set: 6.0ms
[2021-04-20T12:49:10.306-0700][gc,phases     ] GC(1124)   Post Evacuate Collection Set: 1.2ms
[2021-04-20T12:49:10.306-0700][gc,phases     ] GC(1124)   Other: 0.5ms
[2021-04-20T12:49:10.306-0700][gc,heap       ] GC(1124) Eden regions: 611->0(610)
[2021-04-20T12:49:10.306-0700][gc,heap       ] GC(1124) Survivor regions: 3->4(77)
[2021-04-20T12:49:10.306-0700][gc,heap       ] GC(1124) Old regions: 129->129
[2021-04-20T12:49:10.306-0700][gc,heap       ] GC(1124) Humongous regions: 129->129
[2021-04-20T12:49:10.306-0700][gc,metaspace  ] GC(1124) Metaspace: 42241K->42241K(1087488K)
[2021-04-20T12:49:10.306-0700][gc            ] GC(1124) Pause Young (Normal) (G1 Evacuation Pause) 869M->259M(1024M) 7.849ms
[2021-04-20T12:49:10.306-0700][gc,cpu        ] GC(1124) User=0.05s Sys=0.00s Real=0.00s
[2021-04-20T12:52:21.623-0700][gc,start      ] GC(1125) Pause Young (Normal) (G1 Evacuation Pause)
[2021-04-20T12:52:21.623-0700][gc,task       ] GC(1125) Using 8 workers of 8 for evacuation
[2021-04-20T12:52:21.630-0700][gc,phases     ] GC(1125)   Pre Evacuate Collection Set: 0.0ms
[2021-04-20T12:52:21.630-0700][gc,phases     ] GC(1125)   Evacuate Collection Set: 5.3ms
[2021-04-20T12:52:21.630-0700][gc,phases     ] GC(1125)   Post Evacuate Collection Set: 1.1ms
[2021-04-20T12:52:21.630-0700][gc,phases     ] GC(1125)   Other: 0.4ms
[2021-04-20T12:52:21.630-0700][gc,heap       ] GC(1125) Eden regions: 610->0(611)
[2021-04-20T12:52:21.630-0700][gc,heap       ] GC(1125) Survivor regions: 4->3(77)
[2021-04-20T12:52:21.630-0700][gc,heap       ] GC(1125) Old regions: 129->129
[2021-04-20T12:52:21.630-0700][gc,heap       ] GC(1125) Humongous regions: 129->129
[2021-04-20T12:52:21.630-0700][gc,metaspace  ] GC(1125) Metaspace: 42241K->42241K(1087488K)
[2021-04-20T12:52:21.630-0700][gc            ] GC(1125) Pause Young (Normal) (G1 Evacuation Pause) 869M->259M(1024M) 7.119ms
[2021-04-20T12:52:21.630-0700][gc,cpu        ] GC(1125) User=0.02s Sys=0.02s Real=0.01s
[2021-04-20T12:55:32.807-0700][gc,start      ] GC(1126) Pause Young (Normal) (G1 Evacuation Pause)
[2021-04-20T12:55:32.807-0700][gc,task       ] GC(1126) Using 8 workers of 8 for evacuation
[2021-04-20T12:55:32.816-0700][gc,phases     ] GC(1126)   Pre Evacuate Collection Set: 0.0ms
[2021-04-20T12:55:32.816-0700][gc,phases     ] GC(1126)   Evacuate Collection Set: 7.5ms
[2021-04-20T12:55:32.816-0700][gc,phases     ] GC(1126)   Post Evacuate Collection Set: 1.2ms
[2021-04-20T12:55:32.817-0700][gc,phases     ] GC(1126)   Other: 0.5ms
[2021-04-20T12:55:32.817-0700][gc,heap       ] GC(1126) Eden regions: 611->0(611)
[2021-04-20T12:55:32.817-0700][gc,heap       ] GC(1126) Survivor regions: 3->3(77)
[2021-04-20T12:55:32.817-0700][gc,heap       ] GC(1126) Old regions: 129->129
[2021-04-20T12:55:32.817-0700][gc,heap       ] GC(1126) Humongous regions: 129->129
[2021-04-20T12:55:32.817-0700][gc,metaspace  ] GC(1126) Metaspace: 42241K->42241K(1087488K)
[2021-04-20T12:55:32.817-0700][gc            ] GC(1126) Pause Young (Normal) (G1 Evacuation Pause) 870M->258M(1024M) 9.433ms
[2021-04-20T12:55:32.817-0700][gc,cpu        ] GC(1126) User=0.05s Sys=0.00s Real=0.02s
[2021-04-20T12:58:44.470-0700][gc,start      ] GC(1127) Pause Young (Normal) (G1 Evacuation Pause)
[2021-04-20T12:58:44.470-0700][gc,task       ] GC(1127) Using 8 workers of 8 for evacuation
[2021-04-20T12:58:44.477-0700][gc,phases     ] GC(1127)   Pre Evacuate Collection Set: 0.0ms
[2021-04-20T12:58:44.478-0700][gc,phases     ] GC(1127)   Evacuate Collection Set: 6.2ms
[2021-04-20T12:58:44.478-0700][gc,phases     ] GC(1127)   Post Evacuate Collection Set: 1.2ms
[2021-04-20T12:58:44.478-0700][gc,phases     ] GC(1127)   Other: 0.4ms
[2021-04-20T12:58:44.478-0700][gc,heap       ] GC(1127) Eden regions: 611->0(610)
[2021-04-20T12:58:44.478-0700][gc,heap       ] GC(1127) Survivor regions: 3->4(77)
[2021-04-20T12:58:44.478-0700][gc,heap       ] GC(1127) Old regions: 129->129
[2021-04-20T12:58:44.478-0700][gc,heap       ] GC(1127) Humongous regions: 129->129
[2021-04-20T12:58:44.478-0700][gc,metaspace  ] GC(1127) Metaspace: 42241K->42241K(1087488K)
[2021-04-20T12:58:44.478-0700][gc            ] GC(1127) Pause Young (Normal) (G1 Evacuation Pause) 869M->259M(1024M) 8.073ms
[2021-04-20T12:58:44.478-0700][gc,cpu        ] GC(1127) User=0.03s Sys=0.02s Real=0.01s
[2021-04-20T13:01:55.583-0700][gc,start      ] GC(1128) Pause Young (Normal) (G1 Evacuation Pause)
[2021-04-20T13:01:55.583-0700][gc,task       ] GC(1128) Using 8 workers of 8 for evacuation
[2021-04-20T13:01:55.590-0700][gc,phases     ] GC(1128)   Pre Evacuate Collection Set: 0.0ms
[2021-04-20T13:01:55.591-0700][gc,phases     ] GC(1128)   Evacuate Collection Set: 5.6ms
[2021-04-20T13:01:55.591-0700][gc,phases     ] GC(1128)   Post Evacuate Collection Set: 1.1ms
[2021-04-20T13:01:55.591-0700][gc,phases     ] GC(1128)   Other: 0.5ms
[2021-04-20T13:01:55.591-0700][gc,heap       ] GC(1128) Eden regions: 610->0(611)
[2021-04-20T13:01:55.591-0700][gc,heap       ] GC(1128) Survivor regions: 4->3(77)
[2021-04-20T13:01:55.591-0700][gc,heap       ] GC(1128) Old regions: 129->129
[2021-04-20T13:01:55.591-0700][gc,heap       ] GC(1128) Humongous regions: 129->129
[2021-04-20T13:01:55.591-0700][gc,metaspace  ] GC(1128) Metaspace: 42241K->42241K(1087488K)
[2021-04-20T13:01:55.591-0700][gc            ] GC(1128) Pause Young (Normal) (G1 Evacuation Pause) 869M->259M(1024M) 7.438ms
[2021-04-20T13:01:55.591-0700][gc,cpu        ] GC(1128) User=0.05s Sys=0.00s Real=0.01s
[2021-04-20T13:05:07.029-0700][gc,start      ] GC(1129) Pause Young (Normal) (G1 Evacuation Pause)
[2021-04-20T13:05:07.029-0700][gc,task       ] GC(1129) Using 8 workers of 8 for evacuation
[2021-04-20T13:05:07.036-0700][gc,phases     ] GC(1129)   Pre Evacuate Collection Set: 0.0ms
[2021-04-20T13:05:07.036-0700][gc,phases     ] GC(1129)   Evacuate Collection Set: 5.4ms
[2021-04-20T13:05:07.036-0700][gc,phases     ] GC(1129)   Post Evacuate Collection Set: 1.3ms
[2021-04-20T13:05:07.036-0700][gc,phases     ] GC(1129)   Other: 0.5ms
[2021-04-20T13:05:07.036-0700][gc,heap       ] GC(1129) Eden regions: 611->0(611)
[2021-04-20T13:05:07.036-0700][gc,heap       ] GC(1129) Survivor regions: 3->3(77)
[2021-04-20T13:05:07.036-0700][gc,heap       ] GC(1129) Old regions: 129->129
[2021-04-20T13:05:07.036-0700][gc,heap       ] GC(1129) Humongous regions: 129->129
[2021-04-20T13:05:07.036-0700][gc,metaspace  ] GC(1129) Metaspace: 42241K->42241K(1087488K)
[2021-04-20T13:05:07.036-0700][gc            ] GC(1129) Pause Young (Normal) (G1 Evacuation Pause) 870M->259M(1024M) 7.409ms
[2021-04-20T13:05:07.036-0700][gc,cpu        ] GC(1129) User=0.03s Sys=0.01s Real=0.00s
[2021-04-20T13:08:18.524-0700][gc,start      ] GC(1130) Pause Young (Normal) (G1 Evacuation Pause)
[2021-04-20T13:08:18.524-0700][gc,task       ] GC(1130) Using 8 workers of 8 for evacuation
[2021-04-20T13:08:18.530-0700][gc,phases     ] GC(1130)   Pre Evacuate Collection Set: 0.0ms
[2021-04-20T13:08:18.530-0700][gc,phases     ] GC(1130)   Evacuate Collection Set: 4.7ms
[2021-04-20T13:08:18.530-0700][gc,phases     ] GC(1130)   Post Evacuate Collection Set: 1.2ms
[2021-04-20T13:08:18.530-0700][gc,phases     ] GC(1130)   Other: 0.5ms
[2021-04-20T13:08:18.530-0700][gc,heap       ] GC(1130) Eden regions: 611->0(611)
[2021-04-20T13:08:18.530-0700][gc,heap       ] GC(1130) Survivor regions: 3->3(77)
[2021-04-20T13:08:18.530-0700][gc,heap       ] GC(1130) Old regions: 129->129
[2021-04-20T13:08:18.530-0700][gc,heap       ] GC(1130) Humongous regions: 129->129
[2021-04-20T13:08:18.530-0700][gc,metaspace  ] GC(1130) Metaspace: 42241K->42241K(1087488K)
[2021-04-20T13:08:18.530-0700][gc            ] GC(1130) Pause Young (Normal) (G1 Evacuation Pause) 870M->258M(1024M) 6.661ms
[2021-04-20T13:08:18.530-0700][gc,cpu        ] GC(1130) User=0.05s Sys=0.00s Real=0.01s
[2021-04-20T13:11:29.883-0700][gc,start      ] GC(1131) Pause Young (Normal) (G1 Evacuation Pause)
[2021-04-20T13:11:29.883-0700][gc,task       ] GC(1131) Using 8 workers of 8 for evacuation
[2021-04-20T13:11:29.891-0700][gc,phases     ] GC(1131)   Pre Evacuate Collection Set: 0.1ms
[2021-04-20T13:11:29.891-0700][gc,phases     ] GC(1131)   Evacuate Collection Set: 6.1ms
[2021-04-20T13:11:29.891-0700][gc,phases     ] GC(1131)   Post Evacuate Collection Set: 1.3ms
[2021-04-20T13:11:29.891-0700][gc,phases     ] GC(1131)   Other: 0.5ms
[2021-04-20T13:11:29.891-0700][gc,heap       ] GC(1131) Eden regions: 611->0(610)
[2021-04-20T13:11:29.891-0700][gc,heap       ] GC(1131) Survivor regions: 3->4(77)
[2021-04-20T13:11:29.891-0700][gc,heap       ] GC(1131) Old regions: 129->129
[2021-04-20T13:11:29.891-0700][gc,heap       ] GC(1131) Humongous regions: 129->129
[2021-04-20T13:11:29.891-0700][gc,metaspace  ] GC(1131) Metaspace: 42241K->42241K(1087488K)
[2021-04-20T13:11:29.891-0700][gc            ] GC(1131) Pause Young (Normal) (G1 Evacuation Pause) 869M->259M(1024M) 8.195ms
[2021-04-20T13:11:29.892-0700][gc,cpu        ] GC(1131) User=0.05s Sys=0.00s Real=0.01s
[2021-04-20T13:14:40.965-0700][gc,start      ] GC(1132) Pause Young (Normal) (G1 Evacuation Pause)
[2021-04-20T13:14:40.965-0700][gc,task       ] GC(1132) Using 8 workers of 8 for evacuation
[2021-04-20T13:14:40.972-0700][gc,phases     ] GC(1132)   Pre Evacuate Collection Set: 0.0ms
[2021-04-20T13:14:40.972-0700][gc,phases     ] GC(1132)   Evacuate Collection Set: 5.4ms
[2021-04-20T13:14:40.972-0700][gc,phases     ] GC(1132)   Post Evacuate Collection Set: 1.3ms
[2021-04-20T13:14:40.972-0700][gc,phases     ] GC(1132)   Other: 0.5ms
[2021-04-20T13:14:40.972-0700][gc,heap       ] GC(1132) Eden regions: 610->0(611)
[2021-04-20T13:14:40.972-0700][gc,heap       ] GC(1132) Survivor regions: 4->3(77)
[2021-04-20T13:14:40.972-0700][gc,heap       ] GC(1132) Old regions: 129->129
[2021-04-20T13:14:40.972-0700][gc,heap       ] GC(1132) Humongous regions: 129->129
[2021-04-20T13:14:40.972-0700][gc,metaspace  ] GC(1132) Metaspace: 42241K->42241K(1087488K)
[2021-04-20T13:14:40.972-0700][gc            ] GC(1132) Pause Young (Normal) (G1 Evacuation Pause) 869M->259M(1024M) 7.437ms
[2021-04-20T13:14:40.972-0700][gc,cpu        ] GC(1132) User=0.03s Sys=0.02s Real=0.01s
[2021-04-20T13:17:49.947-0700][gc,start      ] GC(1133) Pause Young (Normal) (G1 Evacuation Pause)
[2021-04-20T13:17:49.947-0700][gc,task       ] GC(1133) Using 8 workers of 8 for evacuation
[2021-04-20T13:17:49.950-0700][gc,phases     ] GC(1133)   Pre Evacuate Collection Set: 0.0ms
[2021-04-20T13:17:49.950-0700][gc,phases     ] GC(1133)   Evacuate Collection Set: 2.7ms
[2021-04-20T13:17:49.950-0700][gc,phases     ] GC(1133)   Post Evacuate Collection Set: 0.7ms
[2021-04-20T13:17:49.950-0700][gc,phases     ] GC(1133)   Other: 0.2ms
[2021-04-20T13:17:49.950-0700][gc,heap       ] GC(1133) Eden regions: 611->0(611)
[2021-04-20T13:17:49.950-0700][gc,heap       ] GC(1133) Survivor regions: 3->3(77)
[2021-04-20T13:17:49.950-0700][gc,heap       ] GC(1133) Old regions: 129->129
[2021-04-20T13:17:49.950-0700][gc,heap       ] GC(1133) Humongous regions: 129->129
[2021-04-20T13:17:49.950-0700][gc,metaspace  ] GC(1133) Metaspace: 42241K->42241K(1087488K)
[2021-04-20T13:17:49.950-0700][gc            ] GC(1133) Pause Young (Normal) (G1 Evacuation Pause) 870M->258M(1024M) 3.746ms
[2021-04-20T13:17:49.950-0700][gc,cpu        ] GC(1133) User=0.01s Sys=0.01s Real=0.01s
[2021-04-20T13:20:59.894-0700][gc,start      ] GC(1134) Pause Young (Normal) (G1 Evacuation Pause)
[2021-04-20T13:20:59.894-0700][gc,task       ] GC(1134) Using 8 workers of 8 for evacuation
[2021-04-20T13:20:59.900-0700][gc,phases     ] GC(1134)   Pre Evacuate Collection Set: 0.0ms
[2021-04-20T13:20:59.900-0700][gc,phases     ] GC(1134)   Evacuate Collection Set: 4.5ms
[2021-04-20T13:20:59.900-0700][gc,phases     ] GC(1134)   Post Evacuate Collection Set: 1.1ms
[2021-04-20T13:20:59.900-0700][gc,phases     ] GC(1134)   Other: 0.4ms
[2021-04-20T13:20:59.900-0700][gc,heap       ] GC(1134) Eden regions: 611->0(612)
[2021-04-20T13:20:59.900-0700][gc,heap       ] GC(1134) Survivor regions: 3->2(77)
[2021-04-20T13:20:59.900-0700][gc,heap       ] GC(1134) Old regions: 129->129
[2021-04-20T13:20:59.900-0700][gc,heap       ] GC(1134) Humongous regions: 129->129
[2021-04-20T13:20:59.900-0700][gc,metaspace  ] GC(1134) Metaspace: 42241K->42241K(1087488K)
[2021-04-20T13:20:59.900-0700][gc            ] GC(1134) Pause Young (Normal) (G1 Evacuation Pause) 869M->258M(1024M) 6.356ms
[2021-04-20T13:20:59.900-0700][gc,cpu        ] GC(1134) User=0.03s Sys=0.00s Real=0.01s
[2021-04-20T13:24:11.761-0700][gc,start      ] GC(1135) Pause Young (Normal) (G1 Evacuation Pause)
[2021-04-20T13:24:11.761-0700][gc,task       ] GC(1135) Using 8 workers of 8 for evacuation
[2021-04-20T13:24:11.768-0700][gc,phases     ] GC(1135)   Pre Evacuate Collection Set: 0.0ms
[2021-04-20T13:24:11.768-0700][gc,phases     ] GC(1135)   Evacuate Collection Set: 5.9ms
[2021-04-20T13:24:11.768-0700][gc,phases     ] GC(1135)   Post Evacuate Collection Set: 1.0ms
[2021-04-20T13:24:11.768-0700][gc,phases     ] GC(1135)   Other: 0.5ms
[2021-04-20T13:24:11.768-0700][gc,heap       ] GC(1135) Eden regions: 612->0(610)
[2021-04-20T13:24:11.768-0700][gc,heap       ] GC(1135) Survivor regions: 2->4(77)
[2021-04-20T13:24:11.768-0700][gc,heap       ] GC(1135) Old regions: 129->130
[2021-04-20T13:24:11.768-0700][gc,heap       ] GC(1135) Humongous regions: 129->129
[2021-04-20T13:24:11.768-0700][gc,metaspace  ] GC(1135) Metaspace: 42241K->42241K(1087488K)
[2021-04-20T13:24:11.768-0700][gc            ] GC(1135) Pause Young (Normal) (G1 Evacuation Pause) 870M->259M(1024M) 7.662ms
[2021-04-20T13:24:11.768-0700][gc,cpu        ] GC(1135) User=0.05s Sys=0.00s Real=0.00s
[2021-04-20T13:27:22.893-0700][gc,start      ] GC(1136) Pause Young (Normal) (G1 Evacuation Pause)
[2021-04-20T13:27:22.893-0700][gc,task       ] GC(1136) Using 8 workers of 8 for evacuation
[2021-04-20T13:27:22.900-0700][gc,phases     ] GC(1136)   Pre Evacuate Collection Set: 0.0ms
[2021-04-20T13:27:22.900-0700][gc,phases     ] GC(1136)   Evacuate Collection Set: 5.7ms
[2021-04-20T13:27:22.900-0700][gc,phases     ] GC(1136)   Post Evacuate Collection Set: 1.2ms
[2021-04-20T13:27:22.900-0700][gc,phases     ] GC(1136)   Other: 0.5ms
[2021-04-20T13:27:22.900-0700][gc,heap       ] GC(1136) Eden regions: 610->0(611)
[2021-04-20T13:27:22.900-0700][gc,heap       ] GC(1136) Survivor regions: 4->3(77)
[2021-04-20T13:27:22.900-0700][gc,heap       ] GC(1136) Old regions: 130->130
[2021-04-20T13:27:22.901-0700][gc,heap       ] GC(1136) Humongous regions: 129->129
[2021-04-20T13:27:22.901-0700][gc,metaspace  ] GC(1136) Metaspace: 42241K->42241K(1087488K)
[2021-04-20T13:27:22.901-0700][gc            ] GC(1136) Pause Young (Normal) (G1 Evacuation Pause) 869M->259M(1024M) 7.652ms
[2021-04-20T13:27:22.901-0700][gc,cpu        ] GC(1136) User=0.05s Sys=0.00s Real=0.01s
[2021-04-20T13:30:34.140-0700][gc,start      ] GC(1137) Pause Young (Normal) (G1 Evacuation Pause)
[2021-04-20T13:30:34.140-0700][gc,task       ] GC(1137) Using 8 workers of 8 for evacuation
[2021-04-20T13:30:34.147-0700][gc,phases     ] GC(1137)   Pre Evacuate Collection Set: 0.0ms
[2021-04-20T13:30:34.147-0700][gc,phases     ] GC(1137)   Evacuate Collection Set: 5.3ms
[2021-04-20T13:30:34.147-0700][gc,phases     ] GC(1137)   Post Evacuate Collection Set: 1.2ms
[2021-04-20T13:30:34.147-0700][gc,phases     ] GC(1137)   Other: 0.5ms
[2021-04-20T13:30:34.147-0700][gc,heap       ] GC(1137) Eden regions: 611->0(611)
[2021-04-20T13:30:34.147-0700][gc,heap       ] GC(1137) Survivor regions: 3->3(77)
[2021-04-20T13:30:34.147-0700][gc,heap       ] GC(1137) Old regions: 130->130
[2021-04-20T13:30:34.147-0700][gc,heap       ] GC(1137) Humongous regions: 129->129
[2021-04-20T13:30:34.147-0700][gc,metaspace  ] GC(1137) Metaspace: 42241K->42241K(1087488K)
[2021-04-20T13:30:34.147-0700][gc            ] GC(1137) Pause Young (Normal) (G1 Evacuation Pause) 870M->259M(1024M) 7.289ms
[2021-04-20T13:30:34.147-0700][gc,cpu        ] GC(1137) User=0.05s Sys=0.00s Real=0.00s
[2021-04-20T13:33:45.505-0700][gc,start      ] GC(1138) Pause Young (Normal) (G1 Evacuation Pause)
[2021-04-20T13:33:45.505-0700][gc,task       ] GC(1138) Using 8 workers of 8 for evacuation
[2021-04-20T13:33:45.511-0700][gc,phases     ] GC(1138)   Pre Evacuate Collection Set: 0.0ms
[2021-04-20T13:33:45.511-0700][gc,phases     ] GC(1138)   Evacuate Collection Set: 4.5ms
[2021-04-20T13:33:45.511-0700][gc,phases     ] GC(1138)   Post Evacuate Collection Set: 1.2ms
[2021-04-20T13:33:45.511-0700][gc,phases     ] GC(1138)   Other: 0.5ms
[2021-04-20T13:33:45.511-0700][gc,heap       ] GC(1138) Eden regions: 611->0(612)
[2021-04-20T13:33:45.511-0700][gc,heap       ] GC(1138) Survivor regions: 3->2(77)
[2021-04-20T13:33:45.511-0700][gc,heap       ] GC(1138) Old regions: 130->130
[2021-04-20T13:33:45.511-0700][gc,heap       ] GC(1138) Humongous regions: 129->129
[2021-04-20T13:33:45.511-0700][gc,metaspace  ] GC(1138) Metaspace: 42241K->42241K(1087488K)
[2021-04-20T13:33:45.511-0700][gc            ] GC(1138) Pause Young (Normal) (G1 Evacuation Pause) 870M->258M(1024M) 6.495ms
[2021-04-20T13:33:45.511-0700][gc,cpu        ] GC(1138) User=0.02s Sys=0.01s Real=0.01s
[2021-04-20T13:36:56.343-0700][gc,start      ] GC(1139) Pause Young (Normal) (G1 Evacuation Pause)
[2021-04-20T13:36:56.343-0700][gc,task       ] GC(1139) Using 8 workers of 8 for evacuation
[2021-04-20T13:36:56.350-0700][gc,phases     ] GC(1139)   Pre Evacuate Collection Set: 0.0ms
[2021-04-20T13:36:56.350-0700][gc,phases     ] GC(1139)   Evacuate Collection Set: 5.4ms
[2021-04-20T13:36:56.350-0700][gc,phases     ] GC(1139)   Post Evacuate Collection Set: 1.1ms
[2021-04-20T13:36:56.350-0700][gc,phases     ] GC(1139)   Other: 0.5ms
[2021-04-20T13:36:56.350-0700][gc,heap       ] GC(1139) Eden regions: 612->0(611)
[2021-04-20T13:36:56.350-0700][gc,heap       ] GC(1139) Survivor regions: 2->3(77)
[2021-04-20T13:36:56.350-0700][gc,heap       ] GC(1139) Old regions: 130->130
[2021-04-20T13:36:56.350-0700][gc,heap       ] GC(1139) Humongous regions: 129->129
[2021-04-20T13:36:56.350-0700][gc,metaspace  ] GC(1139) Metaspace: 42241K->42241K(1087488K)
[2021-04-20T13:36:56.350-0700][gc            ] GC(1139) Pause Young (Normal) (G1 Evacuation Pause) 870M->259M(1024M) 7.250ms
[2021-04-20T13:36:56.350-0700][gc,cpu        ] GC(1139) User=0.05s Sys=0.00s Real=0.01s
[2021-04-20T13:40:07.570-0700][gc,start      ] GC(1140) Pause Young (Normal) (G1 Evacuation Pause)
[2021-04-20T13:40:07.570-0700][gc,task       ] GC(1140) Using 8 workers of 8 for evacuation
[2021-04-20T13:40:07.576-0700][gc,phases     ] GC(1140)   Pre Evacuate Collection Set: 0.0ms
[2021-04-20T13:40:07.576-0700][gc,phases     ] GC(1140)   Evacuate Collection Set: 4.8ms
[2021-04-20T13:40:07.576-0700][gc,phases     ] GC(1140)   Post Evacuate Collection Set: 1.1ms
[2021-04-20T13:40:07.576-0700][gc,phases     ] GC(1140)   Other: 0.4ms
[2021-04-20T13:40:07.576-0700][gc,heap       ] GC(1140) Eden regions: 611->0(611)
[2021-04-20T13:40:07.576-0700][gc,heap       ] GC(1140) Survivor regions: 3->3(77)
[2021-04-20T13:40:07.576-0700][gc,heap       ] GC(1140) Old regions: 130->130
[2021-04-20T13:40:07.576-0700][gc,heap       ] GC(1140) Humongous regions: 129->129
[2021-04-20T13:40:07.576-0700][gc,metaspace  ] GC(1140) Metaspace: 42241K->42241K(1087488K)
[2021-04-20T13:40:07.576-0700][gc            ] GC(1140) Pause Young (Normal) (G1 Evacuation Pause) 870M->259M(1024M) 6.634ms
[2021-04-20T13:40:07.576-0700][gc,cpu        ] GC(1140) User=0.05s Sys=0.00s Real=0.00s
[2021-04-20T13:43:19.139-0700][gc,start      ] GC(1141) Pause Young (Normal) (G1 Evacuation Pause)
[2021-04-20T13:43:19.139-0700][gc,task       ] GC(1141) Using 8 workers of 8 for evacuation
[2021-04-20T13:43:19.145-0700][gc,phases     ] GC(1141)   Pre Evacuate Collection Set: 0.0ms
[2021-04-20T13:43:19.145-0700][gc,phases     ] GC(1141)   Evacuate Collection Set: 4.8ms
[2021-04-20T13:43:19.145-0700][gc,phases     ] GC(1141)   Post Evacuate Collection Set: 1.2ms
[2021-04-20T13:43:19.145-0700][gc,phases     ] GC(1141)   Other: 0.5ms
[2021-04-20T13:43:19.145-0700][gc,heap       ] GC(1141) Eden regions: 611->0(611)
[2021-04-20T13:43:19.145-0700][gc,heap       ] GC(1141) Survivor regions: 3->3(77)
[2021-04-20T13:43:19.145-0700][gc,heap       ] GC(1141) Old regions: 130->130
[2021-04-20T13:43:19.145-0700][gc,heap       ] GC(1141) Humongous regions: 129->129
[2021-04-20T13:43:19.145-0700][gc,metaspace  ] GC(1141) Metaspace: 42241K->42241K(1087488K)
[2021-04-20T13:43:19.145-0700][gc            ] GC(1141) Pause Young (Normal) (G1 Evacuation Pause) 870M->258M(1024M) 6.689ms
[2021-04-20T13:43:19.145-0700][gc,cpu        ] GC(1141) User=0.04s Sys=0.00s Real=0.00s
[2021-04-20T13:46:30.521-0700][gc,start      ] GC(1142) Pause Young (Normal) (G1 Evacuation Pause)
[2021-04-20T13:46:30.522-0700][gc,task       ] GC(1142) Using 8 workers of 8 for evacuation
[2021-04-20T13:46:30.529-0700][gc,phases     ] GC(1142)   Pre Evacuate Collection Set: 0.0ms
[2021-04-20T13:46:30.529-0700][gc,phases     ] GC(1142)   Evacuate Collection Set: 5.8ms
[2021-04-20T13:46:30.529-0700][gc,phases     ] GC(1142)   Post Evacuate Collection Set: 1.3ms
[2021-04-20T13:46:30.529-0700][gc,phases     ] GC(1142)   Other: 0.5ms
[2021-04-20T13:46:30.529-0700][gc,heap       ] GC(1142) Eden regions: 611->0(610)
[2021-04-20T13:46:30.529-0700][gc,heap       ] GC(1142) Survivor regions: 3->4(77)
[2021-04-20T13:46:30.529-0700][gc,heap       ] GC(1142) Old regions: 130->130
[2021-04-20T13:46:30.529-0700][gc,heap       ] GC(1142) Humongous regions: 129->129
[2021-04-20T13:46:30.529-0700][gc,metaspace  ] GC(1142) Metaspace: 42241K->42241K(1087488K)
[2021-04-20T13:46:30.529-0700][gc            ] GC(1142) Pause Young (Normal) (G1 Evacuation Pause) 869M->259M(1024M) 7.845ms
[2021-04-20T13:46:30.529-0700][gc,cpu        ] GC(1142) User=0.05s Sys=0.00s Real=0.01s
[2021-04-20T13:49:41.826-0700][gc,start      ] GC(1143) Pause Young (Normal) (G1 Evacuation Pause)
[2021-04-20T13:49:41.826-0700][gc,task       ] GC(1143) Using 8 workers of 8 for evacuation
[2021-04-20T13:49:41.833-0700][gc,phases     ] GC(1143)   Pre Evacuate Collection Set: 0.0ms
[2021-04-20T13:49:41.833-0700][gc,phases     ] GC(1143)   Evacuate Collection Set: 5.4ms
[2021-04-20T13:49:41.833-0700][gc,phases     ] GC(1143)   Post Evacuate Collection Set: 1.3ms
[2021-04-20T13:49:41.833-0700][gc,phases     ] GC(1143)   Other: 0.5ms
[2021-04-20T13:49:41.833-0700][gc,heap       ] GC(1143) Eden regions: 610->0(611)
[2021-04-20T13:49:41.833-0700][gc,heap       ] GC(1143) Survivor regions: 4->3(77)
[2021-04-20T13:49:41.833-0700][gc,heap       ] GC(1143) Old regions: 130->130
[2021-04-20T13:49:41.833-0700][gc,heap       ] GC(1143) Humongous regions: 129->129
[2021-04-20T13:49:41.833-0700][gc,metaspace  ] GC(1143) Metaspace: 42241K->42241K(1087488K)
[2021-04-20T13:49:41.833-0700][gc            ] GC(1143) Pause Young (Normal) (G1 Evacuation Pause) 869M->259M(1024M) 7.501ms
[2021-04-20T13:49:41.833-0700][gc,cpu        ] GC(1143) User=0.05s Sys=0.00s Real=0.01s
[2021-04-20T13:52:53.269-0700][gc,start      ] GC(1144) Pause Young (Normal) (G1 Evacuation Pause)
[2021-04-20T13:52:53.269-0700][gc,task       ] GC(1144) Using 8 workers of 8 for evacuation
[2021-04-20T13:52:53.275-0700][gc,phases     ] GC(1144)   Pre Evacuate Collection Set: 0.0ms
[2021-04-20T13:52:53.275-0700][gc,phases     ] GC(1144)   Evacuate Collection Set: 4.8ms
[2021-04-20T13:52:53.275-0700][gc,phases     ] GC(1144)   Post Evacuate Collection Set: 1.1ms
[2021-04-20T13:52:53.275-0700][gc,phases     ] GC(1144)   Other: 0.4ms
[2021-04-20T13:52:53.275-0700][gc,heap       ] GC(1144) Eden regions: 611->0(611)
[2021-04-20T13:52:53.275-0700][gc,heap       ] GC(1144) Survivor regions: 3->3(77)
[2021-04-20T13:52:53.275-0700][gc,heap       ] GC(1144) Old regions: 130->130
[2021-04-20T13:52:53.275-0700][gc,heap       ] GC(1144) Humongous regions: 129->129
[2021-04-20T13:52:53.275-0700][gc,metaspace  ] GC(1144) Metaspace: 42241K->42241K(1087488K)
[2021-04-20T13:52:53.276-0700][gc            ] GC(1144) Pause Young (Normal) (G1 Evacuation Pause) 870M->259M(1024M) 6.562ms
[2021-04-20T13:52:53.276-0700][gc,cpu        ] GC(1144) User=0.04s Sys=0.00s Real=0.00s
[2021-04-20T13:56:04.615-0700][gc,start      ] GC(1145) Pause Young (Normal) (G1 Evacuation Pause)
[2021-04-20T13:56:04.615-0700][gc,task       ] GC(1145) Using 8 workers of 8 for evacuation
[2021-04-20T13:56:04.621-0700][gc,phases     ] GC(1145)   Pre Evacuate Collection Set: 0.0ms
[2021-04-20T13:56:04.621-0700][gc,phases     ] GC(1145)   Evacuate Collection Set: 4.3ms
[2021-04-20T13:56:04.621-0700][gc,phases     ] GC(1145)   Post Evacuate Collection Set: 1.1ms
[2021-04-20T13:56:04.621-0700][gc,phases     ] GC(1145)   Other: 0.5ms
[2021-04-20T13:56:04.621-0700][gc,heap       ] GC(1145) Eden regions: 611->0(612)
[2021-04-20T13:56:04.621-0700][gc,heap       ] GC(1145) Survivor regions: 3->2(77)
[2021-04-20T13:56:04.621-0700][gc,heap       ] GC(1145) Old regions: 130->130
[2021-04-20T13:56:04.621-0700][gc,heap       ] GC(1145) Humongous regions: 129->129
[2021-04-20T13:56:04.621-0700][gc,metaspace  ] GC(1145) Metaspace: 42241K->42241K(1087488K)
[2021-04-20T13:56:04.621-0700][gc            ] GC(1145) Pause Young (Normal) (G1 Evacuation Pause) 870M->258M(1024M) 6.179ms
[2021-04-20T13:56:04.621-0700][gc,cpu        ] GC(1145) User=0.02s Sys=0.01s Real=0.01s
[2021-04-20T13:59:16.472-0700][gc,start      ] GC(1146) Pause Young (Normal) (G1 Evacuation Pause)
[2021-04-20T13:59:16.472-0700][gc,task       ] GC(1146) Using 8 workers of 8 for evacuation
[2021-04-20T13:59:16.479-0700][gc,phases     ] GC(1146)   Pre Evacuate Collection Set: 0.0ms
[2021-04-20T13:59:16.479-0700][gc,phases     ] GC(1146)   Evacuate Collection Set: 5.9ms
[2021-04-20T13:59:16.479-0700][gc,phases     ] GC(1146)   Post Evacuate Collection Set: 1.1ms
[2021-04-20T13:59:16.479-0700][gc,phases     ] GC(1146)   Other: 0.5ms
[2021-04-20T13:59:16.479-0700][gc,heap       ] GC(1146) Eden regions: 612->0(610)
[2021-04-20T13:59:16.479-0700][gc,heap       ] GC(1146) Survivor regions: 2->4(77)
[2021-04-20T13:59:16.479-0700][gc,heap       ] GC(1146) Old regions: 130->130
[2021-04-20T13:59:16.479-0700][gc,heap       ] GC(1146) Humongous regions: 129->129
[2021-04-20T13:59:16.479-0700][gc,metaspace  ] GC(1146) Metaspace: 42241K->42241K(1087488K)
[2021-04-20T13:59:16.479-0700][gc            ] GC(1146) Pause Young (Normal) (G1 Evacuation Pause) 870M->260M(1024M) 7.746ms
[2021-04-20T13:59:16.479-0700][gc,cpu        ] GC(1146) User=0.05s Sys=0.00s Real=0.01s
[2021-04-20T14:02:27.298-0700][gc,start      ] GC(1147) Pause Young (Normal) (G1 Evacuation Pause)
[2021-04-20T14:02:27.298-0700][gc,task       ] GC(1147) Using 8 workers of 8 for evacuation
[2021-04-20T14:02:27.307-0700][gc,phases     ] GC(1147)   Pre Evacuate Collection Set: 0.1ms
[2021-04-20T14:02:27.307-0700][gc,phases     ] GC(1147)   Evacuate Collection Set: 6.9ms
[2021-04-20T14:02:27.307-0700][gc,phases     ] GC(1147)   Post Evacuate Collection Set: 1.2ms
[2021-04-20T14:02:27.307-0700][gc,phases     ] GC(1147)   Other: 0.6ms
[2021-04-20T14:02:27.307-0700][gc,heap       ] GC(1147) Eden regions: 610->0(611)
[2021-04-20T14:02:27.307-0700][gc,heap       ] GC(1147) Survivor regions: 4->3(77)
[2021-04-20T14:02:27.307-0700][gc,heap       ] GC(1147) Old regions: 130->130
[2021-04-20T14:02:27.307-0700][gc,heap       ] GC(1147) Humongous regions: 129->129
[2021-04-20T14:02:27.307-0700][gc,metaspace  ] GC(1147) Metaspace: 42241K->42241K(1087488K)
[2021-04-20T14:02:27.307-0700][gc            ] GC(1147) Pause Young (Normal) (G1 Evacuation Pause) 870M->259M(1024M) 9.051ms
[2021-04-20T14:02:27.307-0700][gc,cpu        ] GC(1147) User=0.05s Sys=0.00s Real=0.00s
[2021-04-20T14:05:37.932-0700][gc,start      ] GC(1148) Pause Young (Normal) (G1 Evacuation Pause)
[2021-04-20T14:05:37.933-0700][gc,task       ] GC(1148) Using 8 workers of 8 for evacuation
[2021-04-20T14:05:37.938-0700][gc,phases     ] GC(1148)   Pre Evacuate Collection Set: 0.0ms
[2021-04-20T14:05:37.938-0700][gc,phases     ] GC(1148)   Evacuate Collection Set: 4.2ms
[2021-04-20T14:05:37.938-0700][gc,phases     ] GC(1148)   Post Evacuate Collection Set: 1.2ms
[2021-04-20T14:05:37.938-0700][gc,phases     ] GC(1148)   Other: 0.5ms
[2021-04-20T14:05:37.938-0700][gc,heap       ] GC(1148) Eden regions: 611->0(611)
[2021-04-20T14:05:37.938-0700][gc,heap       ] GC(1148) Survivor regions: 3->3(77)
[2021-04-20T14:05:37.938-0700][gc,heap       ] GC(1148) Old regions: 130->130
[2021-04-20T14:05:37.939-0700][gc,heap       ] GC(1148) Humongous regions: 129->129
[2021-04-20T14:05:37.939-0700][gc,metaspace  ] GC(1148) Metaspace: 42241K->42241K(1087488K)
[2021-04-20T14:05:37.939-0700][gc            ] GC(1148) Pause Young (Normal) (G1 Evacuation Pause) 870M->259M(1024M) 6.113ms
[2021-04-20T14:05:37.939-0700][gc,cpu        ] GC(1148) User=0.03s Sys=0.01s Real=0.01s
[2021-04-20T14:08:49.069-0700][gc,start      ] GC(1149) Pause Young (Normal) (G1 Evacuation Pause)
[2021-04-20T14:08:49.069-0700][gc,task       ] GC(1149) Using 8 workers of 8 for evacuation
[2021-04-20T14:08:49.075-0700][gc,phases     ] GC(1149)   Pre Evacuate Collection Set: 0.0ms
[2021-04-20T14:08:49.076-0700][gc,phases     ] GC(1149)   Evacuate Collection Set: 4.3ms
[2021-04-20T14:08:49.076-0700][gc,phases     ] GC(1149)   Post Evacuate Collection Set: 1.3ms
[2021-04-20T14:08:49.076-0700][gc,phases     ] GC(1149)   Other: 0.5ms
[2021-04-20T14:08:49.076-0700][gc,heap       ] GC(1149) Eden regions: 611->0(612)
[2021-04-20T14:08:49.076-0700][gc,heap       ] GC(1149) Survivor regions: 3->2(77)
[2021-04-20T14:08:49.076-0700][gc,heap       ] GC(1149) Old regions: 130->130
[2021-04-20T14:08:49.076-0700][gc,heap       ] GC(1149) Humongous regions: 129->129
[2021-04-20T14:08:49.076-0700][gc,metaspace  ] GC(1149) Metaspace: 42241K->42241K(1087488K)
[2021-04-20T14:08:49.076-0700][gc            ] GC(1149) Pause Young (Normal) (G1 Evacuation Pause) 870M->258M(1024M) 6.395ms
[2021-04-20T14:08:49.076-0700][gc,cpu        ] GC(1149) User=0.03s Sys=0.00s Real=0.00s
[2021-04-20T14:12:00.018-0700][gc,start      ] GC(1150) Pause Young (Normal) (G1 Evacuation Pause)
[2021-04-20T14:12:00.018-0700][gc,task       ] GC(1150) Using 8 workers of 8 for evacuation
[2021-04-20T14:12:00.026-0700][gc,phases     ] GC(1150)   Pre Evacuate Collection Set: 0.0ms
[2021-04-20T14:12:00.026-0700][gc,phases     ] GC(1150)   Evacuate Collection Set: 6.0ms
[2021-04-20T14:12:00.026-0700][gc,phases     ] GC(1150)   Post Evacuate Collection Set: 1.3ms
[2021-04-20T14:12:00.026-0700][gc,phases     ] GC(1150)   Other: 0.5ms
[2021-04-20T14:12:00.026-0700][gc,heap       ] GC(1150) Eden regions: 612->0(610)
[2021-04-20T14:12:00.026-0700][gc,heap       ] GC(1150) Survivor regions: 2->4(77)
[2021-04-20T14:12:00.026-0700][gc,heap       ] GC(1150) Old regions: 130->130
[2021-04-20T14:12:00.026-0700][gc,heap       ] GC(1150) Humongous regions: 129->129
[2021-04-20T14:12:00.026-0700][gc,metaspace  ] GC(1150) Metaspace: 42241K->42241K(1087488K)
[2021-04-20T14:12:00.026-0700][gc            ] GC(1150) Pause Young (Normal) (G1 Evacuation Pause) 870M->259M(1024M) 8.023ms
[2021-04-20T14:12:00.026-0700][gc,cpu        ] GC(1150) User=0.05s Sys=0.00s Real=0.00s
[2021-04-20T14:15:04.889-0700][gc,start      ] GC(1151) Pause Young (Normal) (G1 Evacuation Pause)
[2021-04-20T14:15:04.889-0700][gc,task       ] GC(1151) Using 8 workers of 8 for evacuation
[2021-04-20T14:15:04.897-0700][gc,phases     ] GC(1151)   Pre Evacuate Collection Set: 0.0ms
[2021-04-20T14:15:04.897-0700][gc,phases     ] GC(1151)   Evacuate Collection Set: 5.8ms
[2021-04-20T14:15:04.897-0700][gc,phases     ] GC(1151)   Post Evacuate Collection Set: 1.5ms
[2021-04-20T14:15:04.897-0700][gc,phases     ] GC(1151)   Other: 0.5ms
[2021-04-20T14:15:04.897-0700][gc,heap       ] GC(1151) Eden regions: 610->0(611)
[2021-04-20T14:15:04.897-0700][gc,heap       ] GC(1151) Survivor regions: 4->3(77)
[2021-04-20T14:15:04.897-0700][gc,heap       ] GC(1151) Old regions: 130->130
[2021-04-20T14:15:04.897-0700][gc,heap       ] GC(1151) Humongous regions: 129->129
[2021-04-20T14:15:04.897-0700][gc,metaspace  ] GC(1151) Metaspace: 42241K->42241K(1087488K)
[2021-04-20T14:15:04.897-0700][gc            ] GC(1151) Pause Young (Normal) (G1 Evacuation Pause) 869M->259M(1024M) 8.021ms
[2021-04-20T14:15:04.897-0700][gc,cpu        ] GC(1151) User=0.05s Sys=0.00s Real=0.01s
[2021-04-20T14:18:08.197-0700][gc,start      ] GC(1152) Pause Young (Normal) (G1 Evacuation Pause)
[2021-04-20T14:18:08.197-0700][gc,task       ] GC(1152) Using 8 workers of 8 for evacuation
[2021-04-20T14:18:08.207-0700][gc,phases     ] GC(1152)   Pre Evacuate Collection Set: 0.0ms
[2021-04-20T14:18:08.207-0700][gc,phases     ] GC(1152)   Evacuate Collection Set: 8.6ms
[2021-04-20T14:18:08.207-0700][gc,phases     ] GC(1152)   Post Evacuate Collection Set: 0.9ms
[2021-04-20T14:18:08.207-0700][gc,phases     ] GC(1152)   Other: 0.3ms
[2021-04-20T14:18:08.207-0700][gc,heap       ] GC(1152) Eden regions: 611->0(610)
[2021-04-20T14:18:08.207-0700][gc,heap       ] GC(1152) Survivor regions: 3->4(77)
[2021-04-20T14:18:08.207-0700][gc,heap       ] GC(1152) Old regions: 130->130
[2021-04-20T14:18:08.207-0700][gc,heap       ] GC(1152) Humongous regions: 129->129
[2021-04-20T14:18:08.207-0700][gc,metaspace  ] GC(1152) Metaspace: 42241K->42241K(1087488K)
[2021-04-20T14:18:08.207-0700][gc            ] GC(1152) Pause Young (Normal) (G1 Evacuation Pause) 870M->260M(1024M) 9.907ms
[2021-04-20T14:18:08.207-0700][gc,cpu        ] GC(1152) User=0.02s Sys=0.02s Real=0.00s
[2021-04-20T14:21:12.106-0700][gc,start      ] GC(1153) Pause Young (Normal) (G1 Evacuation Pause)
[2021-04-20T14:21:12.106-0700][gc,task       ] GC(1153) Using 8 workers of 8 for evacuation
[2021-04-20T14:21:12.114-0700][gc,phases     ] GC(1153)   Pre Evacuate Collection Set: 0.0ms
[2021-04-20T14:21:12.114-0700][gc,phases     ] GC(1153)   Evacuate Collection Set: 5.9ms
[2021-04-20T14:21:12.114-0700][gc,phases     ] GC(1153)   Post Evacuate Collection Set: 1.3ms
[2021-04-20T14:21:12.114-0700][gc,phases     ] GC(1153)   Other: 0.5ms
[2021-04-20T14:21:12.114-0700][gc,heap       ] GC(1153) Eden regions: 610->0(611)
[2021-04-20T14:21:12.114-0700][gc,heap       ] GC(1153) Survivor regions: 4->3(77)
[2021-04-20T14:21:12.114-0700][gc,heap       ] GC(1153) Old regions: 130->130
[2021-04-20T14:21:12.114-0700][gc,heap       ] GC(1153) Humongous regions: 129->129
[2021-04-20T14:21:12.114-0700][gc,metaspace  ] GC(1153) Metaspace: 42241K->42241K(1087488K)
[2021-04-20T14:21:12.114-0700][gc            ] GC(1153) Pause Young (Normal) (G1 Evacuation Pause) 870M->259M(1024M) 7.934ms
[2021-04-20T14:21:12.114-0700][gc,cpu        ] GC(1153) User=0.05s Sys=0.00s Real=0.01s
[2021-04-20T14:24:15.481-0700][gc,start      ] GC(1154) Pause Young (Normal) (G1 Evacuation Pause)
[2021-04-20T14:24:15.481-0700][gc,task       ] GC(1154) Using 8 workers of 8 for evacuation
[2021-04-20T14:24:15.489-0700][gc,phases     ] GC(1154)   Pre Evacuate Collection Set: 0.0ms
[2021-04-20T14:24:15.489-0700][gc,phases     ] GC(1154)   Evacuate Collection Set: 5.5ms
[2021-04-20T14:24:15.489-0700][gc,phases     ] GC(1154)   Post Evacuate Collection Set: 1.3ms
[2021-04-20T14:24:15.489-0700][gc,phases     ] GC(1154)   Other: 0.5ms
[2021-04-20T14:24:15.489-0700][gc,heap       ] GC(1154) Eden regions: 611->0(611)
[2021-04-20T14:24:15.489-0700][gc,heap       ] GC(1154) Survivor regions: 3->3(77)
[2021-04-20T14:24:15.489-0700][gc,heap       ] GC(1154) Old regions: 130->130
[2021-04-20T14:24:15.489-0700][gc,heap       ] GC(1154) Humongous regions: 129->129
[2021-04-20T14:24:15.489-0700][gc,metaspace  ] GC(1154) Metaspace: 42241K->42241K(1087488K)
[2021-04-20T14:24:15.489-0700][gc            ] GC(1154) Pause Young (Normal) (G1 Evacuation Pause) 870M->259M(1024M) 7.582ms
[2021-04-20T14:24:15.489-0700][gc,cpu        ] GC(1154) User=0.02s Sys=0.02s Real=0.01s
[2021-04-20T14:27:19.283-0700][gc,start      ] GC(1155) Pause Young (Normal) (G1 Evacuation Pause)
[2021-04-20T14:27:19.283-0700][gc,task       ] GC(1155) Using 8 workers of 8 for evacuation
[2021-04-20T14:27:19.292-0700][gc,phases     ] GC(1155)   Pre Evacuate Collection Set: 0.0ms
[2021-04-20T14:27:19.292-0700][gc,phases     ] GC(1155)   Evacuate Collection Set: 6.5ms
[2021-04-20T14:27:19.292-0700][gc,phases     ] GC(1155)   Post Evacuate Collection Set: 1.3ms
[2021-04-20T14:27:19.292-0700][gc,phases     ] GC(1155)   Other: 0.5ms
[2021-04-20T14:27:19.292-0700][gc,heap       ] GC(1155) Eden regions: 611->0(610)
[2021-04-20T14:27:19.292-0700][gc,heap       ] GC(1155) Survivor regions: 3->4(77)
[2021-04-20T14:27:19.292-0700][gc,heap       ] GC(1155) Old regions: 130->130
[2021-04-20T14:27:19.292-0700][gc,heap       ] GC(1155) Humongous regions: 129->129
[2021-04-20T14:27:19.292-0700][gc,metaspace  ] GC(1155) Metaspace: 42241K->42241K(1087488K)
[2021-04-20T14:27:19.292-0700][gc            ] GC(1155) Pause Young (Normal) (G1 Evacuation Pause) 870M->260M(1024M) 8.527ms
[2021-04-20T14:27:19.292-0700][gc,cpu        ] GC(1155) User=0.05s Sys=0.00s Real=0.01s
[2021-04-20T14:30:22.705-0700][gc,start      ] GC(1156) Pause Young (Normal) (G1 Evacuation Pause)
[2021-04-20T14:30:22.705-0700][gc,task       ] GC(1156) Using 8 workers of 8 for evacuation
[2021-04-20T14:30:22.712-0700][gc,phases     ] GC(1156)   Pre Evacuate Collection Set: 0.0ms
[2021-04-20T14:30:22.713-0700][gc,phases     ] GC(1156)   Evacuate Collection Set: 5.9ms
[2021-04-20T14:30:22.713-0700][gc,phases     ] GC(1156)   Post Evacuate Collection Set: 1.3ms
[2021-04-20T14:30:22.713-0700][gc,phases     ] GC(1156)   Other: 0.5ms
[2021-04-20T14:30:22.713-0700][gc,heap       ] GC(1156) Eden regions: 610->0(611)
[2021-04-20T14:30:22.713-0700][gc,heap       ] GC(1156) Survivor regions: 4->3(77)
[2021-04-20T14:30:22.713-0700][gc,heap       ] GC(1156) Old regions: 130->130
[2021-04-20T14:30:22.713-0700][gc,heap       ] GC(1156) Humongous regions: 129->129
[2021-04-20T14:30:22.713-0700][gc,metaspace  ] GC(1156) Metaspace: 42241K->42241K(1087488K)
[2021-04-20T14:30:22.713-0700][gc            ] GC(1156) Pause Young (Normal) (G1 Evacuation Pause) 870M->259M(1024M) 8.281ms
[2021-04-20T14:30:22.713-0700][gc,cpu        ] GC(1156) User=0.05s Sys=0.00s Real=0.01s
[2021-04-20T14:33:26.638-0700][gc,start      ] GC(1157) Pause Young (Normal) (G1 Evacuation Pause)
[2021-04-20T14:33:26.638-0700][gc,task       ] GC(1157) Using 8 workers of 8 for evacuation
[2021-04-20T14:33:26.646-0700][gc,phases     ] GC(1157)   Pre Evacuate Collection Set: 0.0ms
[2021-04-20T14:33:26.646-0700][gc,phases     ] GC(1157)   Evacuate Collection Set: 6.2ms
[2021-04-20T14:33:26.646-0700][gc,phases     ] GC(1157)   Post Evacuate Collection Set: 1.1ms
[2021-04-20T14:33:26.646-0700][gc,phases     ] GC(1157)   Other: 0.4ms
[2021-04-20T14:33:26.646-0700][gc,heap       ] GC(1157) Eden regions: 611->0(611)
[2021-04-20T14:33:26.646-0700][gc,heap       ] GC(1157) Survivor regions: 3->3(77)
[2021-04-20T14:33:26.646-0700][gc,heap       ] GC(1157) Old regions: 130->130
[2021-04-20T14:33:26.646-0700][gc,heap       ] GC(1157) Humongous regions: 129->129
[2021-04-20T14:33:26.646-0700][gc,metaspace  ] GC(1157) Metaspace: 42241K->42241K(1087488K)
[2021-04-20T14:33:26.646-0700][gc            ] GC(1157) Pause Young (Normal) (G1 Evacuation Pause) 870M->259M(1024M) 7.883ms
[2021-04-20T14:33:26.646-0700][gc,cpu        ] GC(1157) User=0.03s Sys=0.02s Real=0.00s
[2021-04-20T14:36:29.163-0700][gc,start      ] GC(1158) Pause Young (Normal) (G1 Evacuation Pause)
[2021-04-20T14:36:29.163-0700][gc,task       ] GC(1158) Using 8 workers of 8 for evacuation
[2021-04-20T14:36:29.171-0700][gc,phases     ] GC(1158)   Pre Evacuate Collection Set: 0.0ms
[2021-04-20T14:36:29.171-0700][gc,phases     ] GC(1158)   Evacuate Collection Set: 6.3ms
[2021-04-20T14:36:29.171-0700][gc,phases     ] GC(1158)   Post Evacuate Collection Set: 1.4ms
[2021-04-20T14:36:29.172-0700][gc,phases     ] GC(1158)   Other: 0.5ms
[2021-04-20T14:36:29.172-0700][gc,heap       ] GC(1158) Eden regions: 611->0(611)
[2021-04-20T14:36:29.172-0700][gc,heap       ] GC(1158) Survivor regions: 3->3(77)
[2021-04-20T14:36:29.172-0700][gc,heap       ] GC(1158) Old regions: 130->130
[2021-04-20T14:36:29.172-0700][gc,heap       ] GC(1158) Humongous regions: 129->129
[2021-04-20T14:36:29.172-0700][gc,metaspace  ] GC(1158) Metaspace: 42241K->42241K(1087488K)
[2021-04-20T14:36:29.172-0700][gc            ] GC(1158) Pause Young (Normal) (G1 Evacuation Pause) 870M->259M(1024M) 8.534ms
[2021-04-20T14:36:29.172-0700][gc,cpu        ] GC(1158) User=0.05s Sys=0.00s Real=0.01s
[2021-04-20T14:39:32.812-0700][gc,start      ] GC(1159) Pause Young (Normal) (G1 Evacuation Pause)
[2021-04-20T14:39:32.812-0700][gc,task       ] GC(1159) Using 8 workers of 8 for evacuation
[2021-04-20T14:39:32.824-0700][gc,phases     ] GC(1159)   Pre Evacuate Collection Set: 0.0ms
[2021-04-20T14:39:32.824-0700][gc,phases     ] GC(1159)   Evacuate Collection Set: 9.1ms
[2021-04-20T14:39:32.824-0700][gc,phases     ] GC(1159)   Post Evacuate Collection Set: 1.9ms
[2021-04-20T14:39:32.824-0700][gc,phases     ] GC(1159)   Other: 0.7ms
[2021-04-20T14:39:32.824-0700][gc,heap       ] GC(1159) Eden regions: 611->0(611)
[2021-04-20T14:39:32.824-0700][gc,heap       ] GC(1159) Survivor regions: 3->3(77)
[2021-04-20T14:39:32.824-0700][gc,heap       ] GC(1159) Old regions: 130->130
[2021-04-20T14:39:32.824-0700][gc,heap       ] GC(1159) Humongous regions: 129->129
[2021-04-20T14:39:32.824-0700][gc,metaspace  ] GC(1159) Metaspace: 42241K->42241K(1087488K)
[2021-04-20T14:39:32.824-0700][gc            ] GC(1159) Pause Young (Normal) (G1 Evacuation Pause) 870M->259M(1024M) 12.060ms
[2021-04-20T14:39:32.824-0700][gc,cpu        ] GC(1159) User=0.06s Sys=0.01s Real=0.01s
[2021-04-20T14:42:36.483-0700][gc,start      ] GC(1160) Pause Young (Normal) (G1 Evacuation Pause)
[2021-04-20T14:42:36.483-0700][gc,task       ] GC(1160) Using 8 workers of 8 for evacuation
[2021-04-20T14:42:36.491-0700][gc,phases     ] GC(1160)   Pre Evacuate Collection Set: 0.0ms
[2021-04-20T14:42:36.491-0700][gc,phases     ] GC(1160)   Evacuate Collection Set: 6.8ms
[2021-04-20T14:42:36.491-0700][gc,phases     ] GC(1160)   Post Evacuate Collection Set: 1.3ms
[2021-04-20T14:42:36.491-0700][gc,phases     ] GC(1160)   Other: 0.5ms
[2021-04-20T14:42:36.491-0700][gc,heap       ] GC(1160) Eden regions: 611->0(610)
[2021-04-20T14:42:36.491-0700][gc,heap       ] GC(1160) Survivor regions: 3->4(77)
[2021-04-20T14:42:36.491-0700][gc,heap       ] GC(1160) Old regions: 130->130
[2021-04-20T14:42:36.491-0700][gc,heap       ] GC(1160) Humongous regions: 129->129
[2021-04-20T14:42:36.491-0700][gc,metaspace  ] GC(1160) Metaspace: 42241K->42241K(1087488K)
[2021-04-20T14:42:36.492-0700][gc            ] GC(1160) Pause Young (Normal) (G1 Evacuation Pause) 870M->260M(1024M) 8.872ms
[2021-04-20T14:42:36.492-0700][gc,cpu        ] GC(1160) User=0.06s Sys=0.00s Real=0.01s
[2021-04-20T14:45:40.052-0700][gc,start      ] GC(1161) Pause Young (Normal) (G1 Evacuation Pause)
[2021-04-20T14:45:40.052-0700][gc,task       ] GC(1161) Using 8 workers of 8 for evacuation
[2021-04-20T14:45:40.059-0700][gc,phases     ] GC(1161)   Pre Evacuate Collection Set: 0.0ms
[2021-04-20T14:45:40.059-0700][gc,phases     ] GC(1161)   Evacuate Collection Set: 5.7ms
[2021-04-20T14:45:40.059-0700][gc,phases     ] GC(1161)   Post Evacuate Collection Set: 1.3ms
[2021-04-20T14:45:40.059-0700][gc,phases     ] GC(1161)   Other: 0.5ms
[2021-04-20T14:45:40.059-0700][gc,heap       ] GC(1161) Eden regions: 610->0(611)
[2021-04-20T14:45:40.059-0700][gc,heap       ] GC(1161) Survivor regions: 4->3(77)
[2021-04-20T14:45:40.059-0700][gc,heap       ] GC(1161) Old regions: 130->130
[2021-04-20T14:45:40.059-0700][gc,heap       ] GC(1161) Humongous regions: 129->129
[2021-04-20T14:45:40.059-0700][gc,metaspace  ] GC(1161) Metaspace: 42241K->42241K(1087488K)
[2021-04-20T14:45:40.059-0700][gc            ] GC(1161) Pause Young (Normal) (G1 Evacuation Pause) 870M->259M(1024M) 7.807ms
[2021-04-20T14:45:40.059-0700][gc,cpu        ] GC(1161) User=0.05s Sys=0.00s Real=0.01s
[2021-04-20T14:48:43.941-0700][gc,start      ] GC(1162) Pause Young (Normal) (G1 Evacuation Pause)
[2021-04-20T14:48:43.942-0700][gc,task       ] GC(1162) Using 8 workers of 8 for evacuation
[2021-04-20T14:48:43.948-0700][gc,phases     ] GC(1162)   Pre Evacuate Collection Set: 0.0ms
[2021-04-20T14:48:43.948-0700][gc,phases     ] GC(1162)   Evacuate Collection Set: 5.2ms
[2021-04-20T14:48:43.948-0700][gc,phases     ] GC(1162)   Post Evacuate Collection Set: 1.2ms
[2021-04-20T14:48:43.948-0700][gc,phases     ] GC(1162)   Other: 0.5ms
[2021-04-20T14:48:43.948-0700][gc,heap       ] GC(1162) Eden regions: 611->0(611)
[2021-04-20T14:48:43.948-0700][gc,heap       ] GC(1162) Survivor regions: 3->3(77)
[2021-04-20T14:48:43.949-0700][gc,heap       ] GC(1162) Old regions: 130->130
[2021-04-20T14:48:43.949-0700][gc,heap       ] GC(1162) Humongous regions: 129->129
[2021-04-20T14:48:43.949-0700][gc,metaspace  ] GC(1162) Metaspace: 42241K->42241K(1087488K)
[2021-04-20T14:48:43.949-0700][gc            ] GC(1162) Pause Young (Normal) (G1 Evacuation Pause) 870M->259M(1024M) 7.160ms
[2021-04-20T14:48:43.949-0700][gc,cpu        ] GC(1162) User=0.02s Sys=0.02s Real=0.00s
[2021-04-20T14:51:47.968-0700][gc,start      ] GC(1163) Pause Young (Normal) (G1 Evacuation Pause)
[2021-04-20T14:51:47.968-0700][gc,task       ] GC(1163) Using 8 workers of 8 for evacuation
[2021-04-20T14:51:47.972-0700][gc,phases     ] GC(1163)   Pre Evacuate Collection Set: 0.0ms
[2021-04-20T14:51:47.972-0700][gc,phases     ] GC(1163)   Evacuate Collection Set: 3.5ms
[2021-04-20T14:51:47.972-0700][gc,phases     ] GC(1163)   Post Evacuate Collection Set: 0.5ms
[2021-04-20T14:51:47.972-0700][gc,phases     ] GC(1163)   Other: 0.3ms
[2021-04-20T14:51:47.972-0700][gc,heap       ] GC(1163) Eden regions: 611->0(610)
[2021-04-20T14:51:47.972-0700][gc,heap       ] GC(1163) Survivor regions: 3->4(77)
[2021-04-20T14:51:47.972-0700][gc,heap       ] GC(1163) Old regions: 130->130
[2021-04-20T14:51:47.972-0700][gc,heap       ] GC(1163) Humongous regions: 129->129
[2021-04-20T14:51:47.972-0700][gc,metaspace  ] GC(1163) Metaspace: 42241K->42241K(1087488K)
[2021-04-20T14:51:47.972-0700][gc            ] GC(1163) Pause Young (Normal) (G1 Evacuation Pause) 870M->260M(1024M) 4.424ms
[2021-04-20T14:51:47.972-0700][gc,cpu        ] GC(1163) User=0.02s Sys=0.01s Real=0.01s
[2021-04-20T14:54:51.546-0700][gc,start      ] GC(1164) Pause Young (Normal) (G1 Evacuation Pause)
[2021-04-20T14:54:51.546-0700][gc,task       ] GC(1164) Using 8 workers of 8 for evacuation
[2021-04-20T14:54:51.550-0700][gc,phases     ] GC(1164)   Pre Evacuate Collection Set: 0.0ms
[2021-04-20T14:54:51.550-0700][gc,phases     ] GC(1164)   Evacuate Collection Set: 2.7ms
[2021-04-20T14:54:51.550-0700][gc,phases     ] GC(1164)   Post Evacuate Collection Set: 0.6ms
[2021-04-20T14:54:51.550-0700][gc,phases     ] GC(1164)   Other: 0.2ms
[2021-04-20T14:54:51.550-0700][gc,heap       ] GC(1164) Eden regions: 610->0(610)
[2021-04-20T14:54:51.550-0700][gc,heap       ] GC(1164) Survivor regions: 4->4(77)
[2021-04-20T14:54:51.550-0700][gc,heap       ] GC(1164) Old regions: 130->130
[2021-04-20T14:54:51.550-0700][gc,heap       ] GC(1164) Humongous regions: 129->129
[2021-04-20T14:54:51.550-0700][gc,metaspace  ] GC(1164) Metaspace: 42241K->42241K(1087488K)
[2021-04-20T14:54:51.550-0700][gc            ] GC(1164) Pause Young (Normal) (G1 Evacuation Pause) 870M->260M(1024M) 3.585ms
[2021-04-20T14:54:51.550-0700][gc,cpu        ] GC(1164) User=0.02s Sys=0.01s Real=0.01s
[2021-04-20T14:57:55.080-0700][gc,start      ] GC(1165) Pause Young (Normal) (G1 Evacuation Pause)
[2021-04-20T14:57:55.080-0700][gc,task       ] GC(1165) Using 8 workers of 8 for evacuation
[2021-04-20T14:57:55.086-0700][gc,phases     ] GC(1165)   Pre Evacuate Collection Set: 0.1ms
[2021-04-20T14:57:55.086-0700][gc,phases     ] GC(1165)   Evacuate Collection Set: 5.2ms
[2021-04-20T14:57:55.086-0700][gc,phases     ] GC(1165)   Post Evacuate Collection Set: 0.6ms
[2021-04-20T14:57:55.086-0700][gc,phases     ] GC(1165)   Other: 0.4ms
[2021-04-20T14:57:55.086-0700][gc,heap       ] GC(1165) Eden regions: 610->0(611)
[2021-04-20T14:57:55.086-0700][gc,heap       ] GC(1165) Survivor regions: 4->3(77)
[2021-04-20T14:57:55.086-0700][gc,heap       ] GC(1165) Old regions: 130->130
[2021-04-20T14:57:55.086-0700][gc,heap       ] GC(1165) Humongous regions: 129->129
[2021-04-20T14:57:55.086-0700][gc,metaspace  ] GC(1165) Metaspace: 42241K->42241K(1087488K)
[2021-04-20T14:57:55.086-0700][gc            ] GC(1165) Pause Young (Normal) (G1 Evacuation Pause) 870M->259M(1024M) 6.393ms
[2021-04-20T14:57:55.086-0700][gc,cpu        ] GC(1165) User=0.02s Sys=0.01s Real=0.00s
[2021-04-20T15:00:58.783-0700][gc,start      ] GC(1166) Pause Young (Normal) (G1 Evacuation Pause)
[2021-04-20T15:00:58.783-0700][gc,task       ] GC(1166) Using 8 workers of 8 for evacuation
[2021-04-20T15:00:58.792-0700][gc,phases     ] GC(1166)   Pre Evacuate Collection Set: 0.0ms
[2021-04-20T15:00:58.792-0700][gc,phases     ] GC(1166)   Evacuate Collection Set: 7.4ms
[2021-04-20T15:00:58.792-0700][gc,phases     ] GC(1166)   Post Evacuate Collection Set: 1.2ms
[2021-04-20T15:00:58.793-0700][gc,phases     ] GC(1166)   Other: 0.5ms
[2021-04-20T15:00:58.793-0700][gc,heap       ] GC(1166) Eden regions: 611->0(610)
[2021-04-20T15:00:58.793-0700][gc,heap       ] GC(1166) Survivor regions: 3->4(77)
[2021-04-20T15:00:58.793-0700][gc,heap       ] GC(1166) Old regions: 130->130
[2021-04-20T15:00:58.793-0700][gc,heap       ] GC(1166) Humongous regions: 129->129
[2021-04-20T15:00:58.793-0700][gc,metaspace  ] GC(1166) Metaspace: 42241K->42241K(1087488K)
[2021-04-20T15:00:58.793-0700][gc            ] GC(1166) Pause Young (Normal) (G1 Evacuation Pause) 870M->260M(1024M) 9.349ms
[2021-04-20T15:00:58.793-0700][gc,cpu        ] GC(1166) User=0.06s Sys=0.00s Real=0.01s
[2021-04-20T15:04:02.525-0700][gc,start      ] GC(1167) Pause Young (Normal) (G1 Evacuation Pause)
[2021-04-20T15:04:02.525-0700][gc,task       ] GC(1167) Using 8 workers of 8 for evacuation
[2021-04-20T15:04:02.532-0700][gc,phases     ] GC(1167)   Pre Evacuate Collection Set: 0.0ms
[2021-04-20T15:04:02.532-0700][gc,phases     ] GC(1167)   Evacuate Collection Set: 5.5ms
[2021-04-20T15:04:02.532-0700][gc,phases     ] GC(1167)   Post Evacuate Collection Set: 1.1ms
[2021-04-20T15:04:02.532-0700][gc,phases     ] GC(1167)   Other: 0.5ms
[2021-04-20T15:04:02.532-0700][gc,heap       ] GC(1167) Eden regions: 610->0(611)
[2021-04-20T15:04:02.532-0700][gc,heap       ] GC(1167) Survivor regions: 4->3(77)
[2021-04-20T15:04:02.532-0700][gc,heap       ] GC(1167) Old regions: 130->130
[2021-04-20T15:04:02.532-0700][gc,heap       ] GC(1167) Humongous regions: 129->129
[2021-04-20T15:04:02.532-0700][gc,metaspace  ] GC(1167) Metaspace: 42241K->42241K(1087488K)
[2021-04-20T15:04:02.532-0700][gc            ] GC(1167) Pause Young (Normal) (G1 Evacuation Pause) 870M->260M(1024M) 7.358ms
[2021-04-20T15:04:02.532-0700][gc,cpu        ] GC(1167) User=0.04s Sys=0.00s Real=0.01s
[2021-04-20T15:07:06.529-0700][gc,start      ] GC(1168) Pause Young (Normal) (G1 Evacuation Pause)
[2021-04-20T15:07:06.529-0700][gc,task       ] GC(1168) Using 8 workers of 8 for evacuation
[2021-04-20T15:07:06.536-0700][gc,phases     ] GC(1168)   Pre Evacuate Collection Set: 0.0ms
[2021-04-20T15:07:06.536-0700][gc,phases     ] GC(1168)   Evacuate Collection Set: 4.6ms
[2021-04-20T15:07:06.536-0700][gc,phases     ] GC(1168)   Post Evacuate Collection Set: 1.3ms
[2021-04-20T15:07:06.536-0700][gc,phases     ] GC(1168)   Other: 0.5ms
[2021-04-20T15:07:06.536-0700][gc,heap       ] GC(1168) Eden regions: 611->0(611)
[2021-04-20T15:07:06.536-0700][gc,heap       ] GC(1168) Survivor regions: 3->3(77)
[2021-04-20T15:07:06.536-0700][gc,heap       ] GC(1168) Old regions: 130->130
[2021-04-20T15:07:06.536-0700][gc,heap       ] GC(1168) Humongous regions: 129->129
[2021-04-20T15:07:06.536-0700][gc,metaspace  ] GC(1168) Metaspace: 42241K->42241K(1087488K)
[2021-04-20T15:07:06.536-0700][gc            ] GC(1168) Pause Young (Normal) (G1 Evacuation Pause) 871M->259M(1024M) 6.675ms
[2021-04-20T15:07:06.536-0700][gc,cpu        ] GC(1168) User=0.02s Sys=0.01s Real=0.00s
[2021-04-20T15:10:10.415-0700][gc,start      ] GC(1169) Pause Young (Normal) (G1 Evacuation Pause)
[2021-04-20T15:10:10.415-0700][gc,task       ] GC(1169) Using 8 workers of 8 for evacuation
[2021-04-20T15:10:10.419-0700][gc,phases     ] GC(1169)   Pre Evacuate Collection Set: 0.0ms
[2021-04-20T15:10:10.419-0700][gc,phases     ] GC(1169)   Evacuate Collection Set: 2.9ms
[2021-04-20T15:10:10.419-0700][gc,phases     ] GC(1169)   Post Evacuate Collection Set: 0.8ms
[2021-04-20T15:10:10.419-0700][gc,phases     ] GC(1169)   Other: 0.3ms
[2021-04-20T15:10:10.419-0700][gc,heap       ] GC(1169) Eden regions: 611->0(610)
[2021-04-20T15:10:10.419-0700][gc,heap       ] GC(1169) Survivor regions: 3->4(77)
[2021-04-20T15:10:10.419-0700][gc,heap       ] GC(1169) Old regions: 130->130
[2021-04-20T15:10:10.419-0700][gc,heap       ] GC(1169) Humongous regions: 129->129
[2021-04-20T15:10:10.419-0700][gc,metaspace  ] GC(1169) Metaspace: 42241K->42241K(1087488K)
[2021-04-20T15:10:10.419-0700][gc            ] GC(1169) Pause Young (Normal) (G1 Evacuation Pause) 870M->260M(1024M) 4.072ms
[2021-04-20T15:10:10.419-0700][gc,cpu        ] GC(1169) User=0.03s Sys=0.00s Real=0.01s
[2021-04-20T15:13:14.175-0700][gc,start      ] GC(1170) Pause Young (Normal) (G1 Evacuation Pause)
[2021-04-20T15:13:14.175-0700][gc,task       ] GC(1170) Using 8 workers of 8 for evacuation
[2021-04-20T15:13:14.183-0700][gc,phases     ] GC(1170)   Pre Evacuate Collection Set: 0.0ms
[2021-04-20T15:13:14.183-0700][gc,phases     ] GC(1170)   Evacuate Collection Set: 5.8ms
[2021-04-20T15:13:14.183-0700][gc,phases     ] GC(1170)   Post Evacuate Collection Set: 1.4ms
[2021-04-20T15:13:14.183-0700][gc,phases     ] GC(1170)   Other: 0.5ms
[2021-04-20T15:13:14.183-0700][gc,heap       ] GC(1170) Eden regions: 610->0(610)
[2021-04-20T15:13:14.183-0700][gc,heap       ] GC(1170) Survivor regions: 4->4(77)
[2021-04-20T15:13:14.183-0700][gc,heap       ] GC(1170) Old regions: 130->130
[2021-04-20T15:13:14.183-0700][gc,heap       ] GC(1170) Humongous regions: 129->129
[2021-04-20T15:13:14.183-0700][gc,metaspace  ] GC(1170) Metaspace: 42241K->42241K(1087488K)
[2021-04-20T15:13:14.183-0700][gc            ] GC(1170) Pause Young (Normal) (G1 Evacuation Pause) 870M->260M(1024M) 8.098ms
[2021-04-20T15:13:14.183-0700][gc,cpu        ] GC(1170) User=0.05s Sys=0.00s Real=0.01s
[2021-04-20T15:16:18.002-0700][gc,start      ] GC(1171) Pause Young (Normal) (G1 Evacuation Pause)
[2021-04-20T15:16:18.002-0700][gc,task       ] GC(1171) Using 8 workers of 8 for evacuation
[2021-04-20T15:16:18.009-0700][gc,phases     ] GC(1171)   Pre Evacuate Collection Set: 0.0ms
[2021-04-20T15:16:18.009-0700][gc,phases     ] GC(1171)   Evacuate Collection Set: 5.0ms
[2021-04-20T15:16:18.009-0700][gc,phases     ] GC(1171)   Post Evacuate Collection Set: 1.3ms
[2021-04-20T15:16:18.009-0700][gc,phases     ] GC(1171)   Other: 0.5ms
[2021-04-20T15:16:18.009-0700][gc,heap       ] GC(1171) Eden regions: 610->0(611)
[2021-04-20T15:16:18.009-0700][gc,heap       ] GC(1171) Survivor regions: 4->3(77)
[2021-04-20T15:16:18.009-0700][gc,heap       ] GC(1171) Old regions: 130->130
[2021-04-20T15:16:18.009-0700][gc,heap       ] GC(1171) Humongous regions: 129->129
[2021-04-20T15:16:18.009-0700][gc,metaspace  ] GC(1171) Metaspace: 42241K->42241K(1087488K)
[2021-04-20T15:16:18.009-0700][gc            ] GC(1171) Pause Young (Normal) (G1 Evacuation Pause) 870M->259M(1024M) 7.037ms
[2021-04-20T15:16:18.009-0700][gc,cpu        ] GC(1171) User=0.05s Sys=0.00s Real=0.01s
[2021-04-20T15:19:24.416-0700][gc,start      ] GC(1172) Pause Young (Normal) (G1 Evacuation Pause)
[2021-04-20T15:19:24.416-0700][gc,task       ] GC(1172) Using 8 workers of 8 for evacuation
[2021-04-20T15:19:24.423-0700][gc,phases     ] GC(1172)   Pre Evacuate Collection Set: 0.0ms
[2021-04-20T15:19:24.423-0700][gc,phases     ] GC(1172)   Evacuate Collection Set: 5.4ms
[2021-04-20T15:19:24.423-0700][gc,phases     ] GC(1172)   Post Evacuate Collection Set: 1.3ms
[2021-04-20T15:19:24.423-0700][gc,phases     ] GC(1172)   Other: 0.5ms
[2021-04-20T15:19:24.423-0700][gc,heap       ] GC(1172) Eden regions: 611->0(611)
[2021-04-20T15:19:24.423-0700][gc,heap       ] GC(1172) Survivor regions: 3->3(77)
[2021-04-20T15:19:24.423-0700][gc,heap       ] GC(1172) Old regions: 130->130
[2021-04-20T15:19:24.423-0700][gc,heap       ] GC(1172) Humongous regions: 129->129
[2021-04-20T15:19:24.423-0700][gc,metaspace  ] GC(1172) Metaspace: 42241K->42241K(1087488K)
[2021-04-20T15:19:24.423-0700][gc            ] GC(1172) Pause Young (Normal) (G1 Evacuation Pause) 870M->259M(1024M) 7.440ms
[2021-04-20T15:19:24.423-0700][gc,cpu        ] GC(1172) User=0.05s Sys=0.00s Real=0.01s
[2021-04-20T15:22:35.483-0700][gc,start      ] GC(1173) Pause Young (Normal) (G1 Evacuation Pause)
[2021-04-20T15:22:35.483-0700][gc,task       ] GC(1173) Using 8 workers of 8 for evacuation
[2021-04-20T15:22:35.490-0700][gc,phases     ] GC(1173)   Pre Evacuate Collection Set: 0.0ms
[2021-04-20T15:22:35.491-0700][gc,phases     ] GC(1173)   Evacuate Collection Set: 6.3ms
[2021-04-20T15:22:35.491-0700][gc,phases     ] GC(1173)   Post Evacuate Collection Set: 1.1ms
[2021-04-20T15:22:35.491-0700][gc,phases     ] GC(1173)   Other: 0.5ms
[2021-04-20T15:22:35.491-0700][gc,heap       ] GC(1173) Eden regions: 611->0(610)
[2021-04-20T15:22:35.491-0700][gc,heap       ] GC(1173) Survivor regions: 3->4(77)
[2021-04-20T15:22:35.491-0700][gc,heap       ] GC(1173) Old regions: 130->130
[2021-04-20T15:22:35.491-0700][gc,heap       ] GC(1173) Humongous regions: 129->129
[2021-04-20T15:22:35.491-0700][gc,metaspace  ] GC(1173) Metaspace: 42241K->42241K(1087488K)
[2021-04-20T15:22:35.491-0700][gc            ] GC(1173) Pause Young (Normal) (G1 Evacuation Pause) 870M->260M(1024M) 8.117ms
[2021-04-20T15:22:35.491-0700][gc,cpu        ] GC(1173) User=0.05s Sys=0.00s Real=0.01s
[2021-04-20T15:25:46.124-0700][gc,start      ] GC(1174) Pause Young (Normal) (G1 Evacuation Pause)
[2021-04-20T15:25:46.124-0700][gc,task       ] GC(1174) Using 8 workers of 8 for evacuation
[2021-04-20T15:25:46.132-0700][gc,phases     ] GC(1174)   Pre Evacuate Collection Set: 0.0ms
[2021-04-20T15:25:46.132-0700][gc,phases     ] GC(1174)   Evacuate Collection Set: 5.8ms
[2021-04-20T15:25:46.132-0700][gc,phases     ] GC(1174)   Post Evacuate Collection Set: 1.3ms
[2021-04-20T15:25:46.132-0700][gc,phases     ] GC(1174)   Other: 0.6ms
[2021-04-20T15:25:46.132-0700][gc,heap       ] GC(1174) Eden regions: 610->0(611)
[2021-04-20T15:25:46.132-0700][gc,heap       ] GC(1174) Survivor regions: 4->3(77)
[2021-04-20T15:25:46.132-0700][gc,heap       ] GC(1174) Old regions: 130->130
[2021-04-20T15:25:46.132-0700][gc,heap       ] GC(1174) Humongous regions: 129->129
[2021-04-20T15:25:46.132-0700][gc,metaspace  ] GC(1174) Metaspace: 42241K->42241K(1087488K)
[2021-04-20T15:25:46.132-0700][gc            ] GC(1174) Pause Young (Normal) (G1 Evacuation Pause) 870M->260M(1024M) 7.864ms
[2021-04-20T15:25:46.132-0700][gc,cpu        ] GC(1174) User=0.05s Sys=0.00s Real=0.01s
[2021-04-20T15:28:28.911-0700][gc,start      ] GC(1175) Pause Young (Normal) (G1 Evacuation Pause)
[2021-04-20T15:28:28.911-0700][gc,task       ] GC(1175) Using 8 workers of 8 for evacuation
[2021-04-20T15:28:28.919-0700][gc,phases     ] GC(1175)   Pre Evacuate Collection Set: 0.0ms
[2021-04-20T15:28:28.919-0700][gc,phases     ] GC(1175)   Evacuate Collection Set: 7.0ms
[2021-04-20T15:28:28.919-0700][gc,phases     ] GC(1175)   Post Evacuate Collection Set: 1.1ms
[2021-04-20T15:28:28.919-0700][gc,phases     ] GC(1175)   Other: 0.5ms
[2021-04-20T15:28:28.920-0700][gc,heap       ] GC(1175) Eden regions: 611->0(610)
[2021-04-20T15:28:28.920-0700][gc,heap       ] GC(1175) Survivor regions: 3->4(77)
[2021-04-20T15:28:28.920-0700][gc,heap       ] GC(1175) Old regions: 130->130
[2021-04-20T15:28:28.920-0700][gc,heap       ] GC(1175) Humongous regions: 129->129
[2021-04-20T15:28:28.920-0700][gc,metaspace  ] GC(1175) Metaspace: 42241K->42241K(1087488K)
[2021-04-20T15:28:28.920-0700][gc            ] GC(1175) Pause Young (Normal) (G1 Evacuation Pause) 871M->260M(1024M) 8.845ms
[2021-04-20T15:28:28.920-0700][gc,cpu        ] GC(1175) User=0.06s Sys=0.00s Real=0.01s
[2021-04-20T15:30:03.052-0700][gc,start      ] GC(1176) Pause Young (Normal) (G1 Evacuation Pause)
[2021-04-20T15:30:03.052-0700][gc,task       ] GC(1176) Using 8 workers of 8 for evacuation
[2021-04-20T15:30:03.061-0700][gc,phases     ] GC(1176)   Pre Evacuate Collection Set: 0.0ms
[2021-04-20T15:30:03.061-0700][gc,phases     ] GC(1176)   Evacuate Collection Set: 6.9ms
[2021-04-20T15:30:03.061-0700][gc,phases     ] GC(1176)   Post Evacuate Collection Set: 1.2ms
[2021-04-20T15:30:03.061-0700][gc,phases     ] GC(1176)   Other: 0.5ms
[2021-04-20T15:30:03.061-0700][gc,heap       ] GC(1176) Eden regions: 610->0(610)
[2021-04-20T15:30:03.061-0700][gc,heap       ] GC(1176) Survivor regions: 4->4(77)
[2021-04-20T15:30:03.061-0700][gc,heap       ] GC(1176) Old regions: 130->130
[2021-04-20T15:30:03.061-0700][gc,heap       ] GC(1176) Humongous regions: 129->129
[2021-04-20T15:30:03.061-0700][gc,metaspace  ] GC(1176) Metaspace: 42241K->42241K(1087488K)
[2021-04-20T15:30:03.061-0700][gc            ] GC(1176) Pause Young (Normal) (G1 Evacuation Pause) 870M->260M(1024M) 8.937ms
[2021-04-20T15:30:03.061-0700][gc,cpu        ] GC(1176) User=0.05s Sys=0.00s Real=0.01s
[2021-04-20T15:32:27.683-0700][gc,start      ] GC(1177) Pause Young (Normal) (G1 Evacuation Pause)
[2021-04-20T15:32:27.683-0700][gc,task       ] GC(1177) Using 8 workers of 8 for evacuation
[2021-04-20T15:32:27.690-0700][gc,phases     ] GC(1177)   Pre Evacuate Collection Set: 0.0ms
[2021-04-20T15:32:27.690-0700][gc,phases     ] GC(1177)   Evacuate Collection Set: 5.7ms
[2021-04-20T15:32:27.690-0700][gc,phases     ] GC(1177)   Post Evacuate Collection Set: 1.1ms
[2021-04-20T15:32:27.690-0700][gc,phases     ] GC(1177)   Other: 0.4ms
[2021-04-20T15:32:27.690-0700][gc,heap       ] GC(1177) Eden regions: 610->0(611)
[2021-04-20T15:32:27.690-0700][gc,heap       ] GC(1177) Survivor regions: 4->3(77)
[2021-04-20T15:32:27.690-0700][gc,heap       ] GC(1177) Old regions: 130->130
[2021-04-20T15:32:27.690-0700][gc,heap       ] GC(1177) Humongous regions: 129->129
[2021-04-20T15:32:27.690-0700][gc,metaspace  ] GC(1177) Metaspace: 42241K->42241K(1087488K)
[2021-04-20T15:32:27.690-0700][gc            ] GC(1177) Pause Young (Normal) (G1 Evacuation Pause) 870M->259M(1024M) 7.572ms
[2021-04-20T15:32:27.690-0700][gc,cpu        ] GC(1177) User=0.04s Sys=0.00s Real=0.01s
[2021-04-20T15:35:33.566-0700][gc,start      ] GC(1178) Pause Young (Normal) (G1 Evacuation Pause)
[2021-04-20T15:35:33.566-0700][gc,task       ] GC(1178) Using 8 workers of 8 for evacuation
[2021-04-20T15:35:33.574-0700][gc,phases     ] GC(1178)   Pre Evacuate Collection Set: 0.0ms
[2021-04-20T15:35:33.574-0700][gc,phases     ] GC(1178)   Evacuate Collection Set: 6.4ms
[2021-04-20T15:35:33.574-0700][gc,phases     ] GC(1178)   Post Evacuate Collection Set: 1.4ms
[2021-04-20T15:35:33.574-0700][gc,phases     ] GC(1178)   Other: 0.5ms
[2021-04-20T15:35:33.574-0700][gc,heap       ] GC(1178) Eden regions: 611->0(610)
[2021-04-20T15:35:33.574-0700][gc,heap       ] GC(1178) Survivor regions: 3->4(77)
[2021-04-20T15:35:33.574-0700][gc,heap       ] GC(1178) Old regions: 130->130
[2021-04-20T15:35:33.574-0700][gc,heap       ] GC(1178) Humongous regions: 129->129
[2021-04-20T15:35:33.574-0700][gc,metaspace  ] GC(1178) Metaspace: 42241K->42241K(1087488K)
[2021-04-20T15:35:33.574-0700][gc            ] GC(1178) Pause Young (Normal) (G1 Evacuation Pause) 870M->260M(1024M) 8.621ms
[2021-04-20T15:35:33.574-0700][gc,cpu        ] GC(1178) User=0.03s Sys=0.03s Real=0.01s
[2021-04-20T15:38:43.281-0700][gc,start      ] GC(1179) Pause Young (Normal) (G1 Evacuation Pause)
[2021-04-20T15:38:43.281-0700][gc,task       ] GC(1179) Using 8 workers of 8 for evacuation
[2021-04-20T15:38:43.288-0700][gc,phases     ] GC(1179)   Pre Evacuate Collection Set: 0.0ms
[2021-04-20T15:38:43.288-0700][gc,phases     ] GC(1179)   Evacuate Collection Set: 5.7ms
[2021-04-20T15:38:43.288-0700][gc,phases     ] GC(1179)   Post Evacuate Collection Set: 0.9ms
[2021-04-20T15:38:43.288-0700][gc,phases     ] GC(1179)   Other: 0.3ms
[2021-04-20T15:38:43.288-0700][gc,heap       ] GC(1179) Eden regions: 610->0(611)
[2021-04-20T15:38:43.288-0700][gc,heap       ] GC(1179) Survivor regions: 4->3(77)
[2021-04-20T15:38:43.288-0700][gc,heap       ] GC(1179) Old regions: 130->130
[2021-04-20T15:38:43.288-0700][gc,heap       ] GC(1179) Humongous regions: 129->129
[2021-04-20T15:38:43.288-0700][gc,metaspace  ] GC(1179) Metaspace: 42241K->42241K(1087488K)
[2021-04-20T15:38:43.288-0700][gc            ] GC(1179) Pause Young (Normal) (G1 Evacuation Pause) 870M->259M(1024M) 7.105ms
[2021-04-20T15:38:43.288-0700][gc,cpu        ] GC(1179) User=0.02s Sys=0.02s Real=0.00s
[2021-04-20T15:41:48.812-0700][gc,start      ] GC(1180) Pause Young (Normal) (G1 Evacuation Pause)
[2021-04-20T15:41:48.812-0700][gc,task       ] GC(1180) Using 8 workers of 8 for evacuation
[2021-04-20T15:41:48.823-0700][gc,phases     ] GC(1180)   Pre Evacuate Collection Set: 0.0ms
[2021-04-20T15:41:48.823-0700][gc,phases     ] GC(1180)   Evacuate Collection Set: 8.3ms
[2021-04-20T15:41:48.823-0700][gc,phases     ] GC(1180)   Post Evacuate Collection Set: 1.7ms
[2021-04-20T15:41:48.823-0700][gc,phases     ] GC(1180)   Other: 0.5ms
[2021-04-20T15:41:48.823-0700][gc,heap       ] GC(1180) Eden regions: 611->0(610)
[2021-04-20T15:41:48.823-0700][gc,heap       ] GC(1180) Survivor regions: 3->4(77)
[2021-04-20T15:41:48.823-0700][gc,heap       ] GC(1180) Old regions: 130->130
[2021-04-20T15:41:48.823-0700][gc,heap       ] GC(1180) Humongous regions: 129->129
[2021-04-20T15:41:48.823-0700][gc,metaspace  ] GC(1180) Metaspace: 42241K->42241K(1087488K)
[2021-04-20T15:41:48.823-0700][gc            ] GC(1180) Pause Young (Normal) (G1 Evacuation Pause) 870M->260M(1024M) 10.889ms
[2021-04-20T15:41:48.823-0700][gc,cpu        ] GC(1180) User=0.06s Sys=0.00s Real=0.01s
[2021-04-20T15:44:56.697-0700][gc,start      ] GC(1181) Pause Young (Normal) (G1 Evacuation Pause)
[2021-04-20T15:44:56.697-0700][gc,task       ] GC(1181) Using 8 workers of 8 for evacuation
[2021-04-20T15:44:56.700-0700][gc,phases     ] GC(1181)   Pre Evacuate Collection Set: 0.0ms
[2021-04-20T15:44:56.700-0700][gc,phases     ] GC(1181)   Evacuate Collection Set: 2.0ms
[2021-04-20T15:44:56.700-0700][gc,phases     ] GC(1181)   Post Evacuate Collection Set: 0.5ms
[2021-04-20T15:44:56.700-0700][gc,phases     ] GC(1181)   Other: 0.2ms
[2021-04-20T15:44:56.700-0700][gc,heap       ] GC(1181) Eden regions: 610->0(611)
[2021-04-20T15:44:56.700-0700][gc,heap       ] GC(1181) Survivor regions: 4->3(77)
[2021-04-20T15:44:56.700-0700][gc,heap       ] GC(1181) Old regions: 130->130
[2021-04-20T15:44:56.700-0700][gc,heap       ] GC(1181) Humongous regions: 129->129
[2021-04-20T15:44:56.700-0700][gc,metaspace  ] GC(1181) Metaspace: 42241K->42241K(1087488K)
[2021-04-20T15:44:56.700-0700][gc            ] GC(1181) Pause Young (Normal) (G1 Evacuation Pause) 870M->260M(1024M) 2.816ms
[2021-04-20T15:44:56.700-0700][gc,cpu        ] GC(1181) User=0.01s Sys=0.01s Real=0.00s
[2021-04-20T15:48:02.390-0700][gc,start      ] GC(1182) Pause Young (Normal) (G1 Evacuation Pause)
[2021-04-20T15:48:02.390-0700][gc,task       ] GC(1182) Using 8 workers of 8 for evacuation
[2021-04-20T15:48:02.398-0700][gc,phases     ] GC(1182)   Pre Evacuate Collection Set: 0.0ms
[2021-04-20T15:48:02.398-0700][gc,phases     ] GC(1182)   Evacuate Collection Set: 7.0ms
[2021-04-20T15:48:02.398-0700][gc,phases     ] GC(1182)   Post Evacuate Collection Set: 1.4ms
[2021-04-20T15:48:02.399-0700][gc,phases     ] GC(1182)   Other: 0.5ms
[2021-04-20T15:48:02.399-0700][gc,heap       ] GC(1182) Eden regions: 611->0(610)
[2021-04-20T15:48:02.399-0700][gc,heap       ] GC(1182) Survivor regions: 3->4(77)
[2021-04-20T15:48:02.399-0700][gc,heap       ] GC(1182) Old regions: 130->130
[2021-04-20T15:48:02.399-0700][gc,heap       ] GC(1182) Humongous regions: 129->129
[2021-04-20T15:48:02.399-0700][gc,metaspace  ] GC(1182) Metaspace: 42241K->42241K(1087488K)
[2021-04-20T15:48:02.399-0700][gc            ] GC(1182) Pause Young (Normal) (G1 Evacuation Pause) 871M->261M(1024M) 9.180ms
[2021-04-20T15:48:02.399-0700][gc,cpu        ] GC(1182) User=0.04s Sys=0.02s Real=0.01s
[2021-04-20T15:51:13.030-0700][gc,start      ] GC(1183) Pause Young (Normal) (G1 Evacuation Pause)
[2021-04-20T15:51:13.030-0700][gc,task       ] GC(1183) Using 8 workers of 8 for evacuation
[2021-04-20T15:51:13.038-0700][gc,phases     ] GC(1183)   Pre Evacuate Collection Set: 0.0ms
[2021-04-20T15:51:13.038-0700][gc,phases     ] GC(1183)   Evacuate Collection Set: 6.2ms
[2021-04-20T15:51:13.038-0700][gc,phases     ] GC(1183)   Post Evacuate Collection Set: 1.2ms
[2021-04-20T15:51:13.038-0700][gc,phases     ] GC(1183)   Other: 0.5ms
[2021-04-20T15:51:13.038-0700][gc,heap       ] GC(1183) Eden regions: 610->0(610)
[2021-04-20T15:51:13.038-0700][gc,heap       ] GC(1183) Survivor regions: 4->4(77)
[2021-04-20T15:51:13.038-0700][gc,heap       ] GC(1183) Old regions: 130->130
[2021-04-20T15:51:13.038-0700][gc,heap       ] GC(1183) Humongous regions: 129->129
[2021-04-20T15:51:13.038-0700][gc,metaspace  ] GC(1183) Metaspace: 42241K->42241K(1087488K)
[2021-04-20T15:51:13.038-0700][gc            ] GC(1183) Pause Young (Normal) (G1 Evacuation Pause) 871M->260M(1024M) 8.156ms
[2021-04-20T15:51:13.038-0700][gc,cpu        ] GC(1183) User=0.06s Sys=0.00s Real=0.01s
[2021-04-20T15:54:23.966-0700][gc,start      ] GC(1184) Pause Young (Normal) (G1 Evacuation Pause)
[2021-04-20T15:54:23.966-0700][gc,task       ] GC(1184) Using 8 workers of 8 for evacuation
[2021-04-20T15:54:23.978-0700][gc,phases     ] GC(1184)   Pre Evacuate Collection Set: 0.1ms
[2021-04-20T15:54:23.978-0700][gc,phases     ] GC(1184)   Evacuate Collection Set: 10.0ms
[2021-04-20T15:54:23.978-0700][gc,phases     ] GC(1184)   Post Evacuate Collection Set: 1.3ms
[2021-04-20T15:54:23.978-0700][gc,phases     ] GC(1184)   Other: 0.7ms
[2021-04-20T15:54:23.978-0700][gc,heap       ] GC(1184) Eden regions: 610->0(611)
[2021-04-20T15:54:23.978-0700][gc,heap       ] GC(1184) Survivor regions: 4->3(77)
[2021-04-20T15:54:23.978-0700][gc,heap       ] GC(1184) Old regions: 130->130
[2021-04-20T15:54:23.978-0700][gc,heap       ] GC(1184) Humongous regions: 129->129
[2021-04-20T15:54:23.979-0700][gc,metaspace  ] GC(1184) Metaspace: 42241K->42241K(1087488K)
[2021-04-20T15:54:23.979-0700][gc            ] GC(1184) Pause Young (Normal) (G1 Evacuation Pause) 870M->260M(1024M) 12.335ms
[2021-04-20T15:54:23.979-0700][gc,cpu        ] GC(1184) User=0.07s Sys=0.00s Real=0.02s
[2021-04-20T15:57:34.865-0700][gc,start      ] GC(1185) Pause Young (Normal) (G1 Evacuation Pause)
[2021-04-20T15:57:34.865-0700][gc,task       ] GC(1185) Using 8 workers of 8 for evacuation
[2021-04-20T15:57:34.873-0700][gc,phases     ] GC(1185)   Pre Evacuate Collection Set: 0.0ms
[2021-04-20T15:57:34.873-0700][gc,phases     ] GC(1185)   Evacuate Collection Set: 6.2ms
[2021-04-20T15:57:34.873-0700][gc,phases     ] GC(1185)   Post Evacuate Collection Set: 0.8ms
[2021-04-20T15:57:34.873-0700][gc,phases     ] GC(1185)   Other: 0.4ms
[2021-04-20T15:57:34.873-0700][gc,heap       ] GC(1185) Eden regions: 611->0(610)
[2021-04-20T15:57:34.873-0700][gc,heap       ] GC(1185) Survivor regions: 3->4(77)
[2021-04-20T15:57:34.873-0700][gc,heap       ] GC(1185) Old regions: 130->130
[2021-04-20T15:57:34.873-0700][gc,heap       ] GC(1185) Humongous regions: 129->129
[2021-04-20T15:57:34.873-0700][gc,metaspace  ] GC(1185) Metaspace: 42241K->42241K(1087488K)
[2021-04-20T15:57:34.873-0700][gc            ] GC(1185) Pause Young (Normal) (G1 Evacuation Pause) 871M->261M(1024M) 7.696ms
[2021-04-20T15:57:34.873-0700][gc,cpu        ] GC(1185) User=0.02s Sys=0.02s Real=0.01s
[2021-04-20T16:00:45.492-0700][gc,start      ] GC(1186) Pause Young (Normal) (G1 Evacuation Pause)
[2021-04-20T16:00:45.492-0700][gc,task       ] GC(1186) Using 8 workers of 8 for evacuation
[2021-04-20T16:00:45.500-0700][gc,phases     ] GC(1186)   Pre Evacuate Collection Set: 0.0ms
[2021-04-20T16:00:45.500-0700][gc,phases     ] GC(1186)   Evacuate Collection Set: 6.3ms
[2021-04-20T16:00:45.500-0700][gc,phases     ] GC(1186)   Post Evacuate Collection Set: 1.3ms
[2021-04-20T16:00:45.500-0700][gc,phases     ] GC(1186)   Other: 0.5ms
[2021-04-20T16:00:45.500-0700][gc,heap       ] GC(1186) Eden regions: 610->0(611)
[2021-04-20T16:00:45.500-0700][gc,heap       ] GC(1186) Survivor regions: 4->3(77)
[2021-04-20T16:00:45.500-0700][gc,heap       ] GC(1186) Old regions: 130->130
[2021-04-20T16:00:45.500-0700][gc,heap       ] GC(1186) Humongous regions: 129->129
[2021-04-20T16:00:45.500-0700][gc,metaspace  ] GC(1186) Metaspace: 42241K->42241K(1087488K)
[2021-04-20T16:00:45.500-0700][gc            ] GC(1186) Pause Young (Normal) (G1 Evacuation Pause) 871M->260M(1024M) 8.313ms
[2021-04-20T16:00:45.500-0700][gc,cpu        ] GC(1186) User=0.05s Sys=0.00s Real=0.01s
[2021-04-20T16:03:54.002-0700][gc,start      ] GC(1187) Pause Young (Normal) (G1 Evacuation Pause)
[2021-04-20T16:03:54.002-0700][gc,task       ] GC(1187) Using 8 workers of 8 for evacuation
[2021-04-20T16:03:54.010-0700][gc,phases     ] GC(1187)   Pre Evacuate Collection Set: 0.0ms
[2021-04-20T16:03:54.010-0700][gc,phases     ] GC(1187)   Evacuate Collection Set: 7.2ms
[2021-04-20T16:03:54.010-0700][gc,phases     ] GC(1187)   Post Evacuate Collection Set: 1.2ms
[2021-04-20T16:03:54.011-0700][gc,phases     ] GC(1187)   Other: 0.5ms
[2021-04-20T16:03:54.011-0700][gc,heap       ] GC(1187) Eden regions: 611->0(610)
[2021-04-20T16:03:54.011-0700][gc,heap       ] GC(1187) Survivor regions: 3->4(77)
[2021-04-20T16:03:54.011-0700][gc,heap       ] GC(1187) Old regions: 130->131
[2021-04-20T16:03:54.011-0700][gc,heap       ] GC(1187) Humongous regions: 129->129
[2021-04-20T16:03:54.011-0700][gc,metaspace  ] GC(1187) Metaspace: 42241K->42241K(1087488K)
[2021-04-20T16:03:54.011-0700][gc            ] GC(1187) Pause Young (Normal) (G1 Evacuation Pause) 871M->261M(1024M) 9.163ms
[2021-04-20T16:03:54.011-0700][gc,cpu        ] GC(1187) User=0.06s Sys=0.00s Real=0.01s
[2021-04-20T16:07:02.029-0700][gc,start      ] GC(1188) Pause Young (Normal) (G1 Evacuation Pause)
[2021-04-20T16:07:02.029-0700][gc,task       ] GC(1188) Using 8 workers of 8 for evacuation
[2021-04-20T16:07:02.037-0700][gc,phases     ] GC(1188)   Pre Evacuate Collection Set: 0.0ms
[2021-04-20T16:07:02.037-0700][gc,phases     ] GC(1188)   Evacuate Collection Set: 6.2ms
[2021-04-20T16:07:02.037-0700][gc,phases     ] GC(1188)   Post Evacuate Collection Set: 1.4ms
[2021-04-20T16:07:02.037-0700][gc,phases     ] GC(1188)   Other: 0.5ms
[2021-04-20T16:07:02.037-0700][gc,heap       ] GC(1188) Eden regions: 610->0(610)
[2021-04-20T16:07:02.037-0700][gc,heap       ] GC(1188) Survivor regions: 4->4(77)
[2021-04-20T16:07:02.037-0700][gc,heap       ] GC(1188) Old regions: 131->131
[2021-04-20T16:07:02.037-0700][gc,heap       ] GC(1188) Humongous regions: 129->129
[2021-04-20T16:07:02.037-0700][gc,metaspace  ] GC(1188) Metaspace: 42241K->42241K(1087488K)
[2021-04-20T16:07:02.037-0700][gc            ] GC(1188) Pause Young (Normal) (G1 Evacuation Pause) 871M->260M(1024M) 8.323ms
[2021-04-20T16:07:02.037-0700][gc,cpu        ] GC(1188) User=0.06s Sys=0.00s Real=0.01s
[2021-04-20T16:10:05.965-0700][gc,start      ] GC(1189) Pause Young (Normal) (G1 Evacuation Pause)
[2021-04-20T16:10:05.965-0700][gc,task       ] GC(1189) Using 8 workers of 8 for evacuation
[2021-04-20T16:10:05.972-0700][gc,phases     ] GC(1189)   Pre Evacuate Collection Set: 0.0ms
[2021-04-20T16:10:05.972-0700][gc,phases     ] GC(1189)   Evacuate Collection Set: 5.3ms
[2021-04-20T16:10:05.972-0700][gc,phases     ] GC(1189)   Post Evacuate Collection Set: 1.3ms
[2021-04-20T16:10:05.972-0700][gc,phases     ] GC(1189)   Other: 0.5ms
[2021-04-20T16:10:05.972-0700][gc,heap       ] GC(1189) Eden regions: 610->0(611)
[2021-04-20T16:10:05.972-0700][gc,heap       ] GC(1189) Survivor regions: 4->3(77)
[2021-04-20T16:10:05.972-0700][gc,heap       ] GC(1189) Old regions: 131->131
[2021-04-20T16:10:05.972-0700][gc,heap       ] GC(1189) Humongous regions: 129->129
[2021-04-20T16:10:05.972-0700][gc,metaspace  ] GC(1189) Metaspace: 42241K->42241K(1087488K)
[2021-04-20T16:10:05.972-0700][gc            ] GC(1189) Pause Young (Normal) (G1 Evacuation Pause) 870M->260M(1024M) 7.404ms
[2021-04-20T16:10:05.972-0700][gc,cpu        ] GC(1189) User=0.05s Sys=0.00s Real=0.01s
[2021-04-20T16:13:10.433-0700][gc,start      ] GC(1190) Pause Young (Normal) (G1 Evacuation Pause)
[2021-04-20T16:13:10.433-0700][gc,task       ] GC(1190) Using 8 workers of 8 for evacuation
[2021-04-20T16:13:10.442-0700][gc,phases     ] GC(1190)   Pre Evacuate Collection Set: 0.0ms
[2021-04-20T16:13:10.442-0700][gc,phases     ] GC(1190)   Evacuate Collection Set: 6.5ms
[2021-04-20T16:13:10.442-0700][gc,phases     ] GC(1190)   Post Evacuate Collection Set: 1.3ms
[2021-04-20T16:13:10.442-0700][gc,phases     ] GC(1190)   Other: 0.5ms
[2021-04-20T16:13:10.442-0700][gc,heap       ] GC(1190) Eden regions: 611->0(610)
[2021-04-20T16:13:10.442-0700][gc,heap       ] GC(1190) Survivor regions: 3->4(77)
[2021-04-20T16:13:10.442-0700][gc,heap       ] GC(1190) Old regions: 131->131
[2021-04-20T16:13:10.442-0700][gc,heap       ] GC(1190) Humongous regions: 129->129
[2021-04-20T16:13:10.442-0700][gc,metaspace  ] GC(1190) Metaspace: 42241K->42241K(1087488K)
[2021-04-20T16:13:10.442-0700][gc            ] GC(1190) Pause Young (Normal) (G1 Evacuation Pause) 871M->261M(1024M) 8.518ms
[2021-04-20T16:13:10.442-0700][gc,cpu        ] GC(1190) User=0.05s Sys=0.00s Real=0.01s
[2021-04-20T16:16:14.536-0700][gc,start      ] GC(1191) Pause Young (Normal) (G1 Evacuation Pause)
[2021-04-20T16:16:14.536-0700][gc,task       ] GC(1191) Using 8 workers of 8 for evacuation
[2021-04-20T16:16:14.539-0700][gc,phases     ] GC(1191)   Pre Evacuate Collection Set: 0.0ms
[2021-04-20T16:16:14.539-0700][gc,phases     ] GC(1191)   Evacuate Collection Set: 2.3ms
[2021-04-20T16:16:14.539-0700][gc,phases     ] GC(1191)   Post Evacuate Collection Set: 0.6ms
[2021-04-20T16:16:14.539-0700][gc,phases     ] GC(1191)   Other: 0.3ms
[2021-04-20T16:16:14.539-0700][gc,heap       ] GC(1191) Eden regions: 610->0(610)
[2021-04-20T16:16:14.539-0700][gc,heap       ] GC(1191) Survivor regions: 4->4(77)
[2021-04-20T16:16:14.539-0700][gc,heap       ] GC(1191) Old regions: 131->131
[2021-04-20T16:16:14.539-0700][gc,heap       ] GC(1191) Humongous regions: 129->129
[2021-04-20T16:16:14.539-0700][gc,metaspace  ] GC(1191) Metaspace: 42241K->42241K(1087488K)
[2021-04-20T16:16:14.539-0700][gc            ] GC(1191) Pause Young (Normal) (G1 Evacuation Pause) 871M->261M(1024M) 3.285ms
[2021-04-20T16:16:14.539-0700][gc,cpu        ] GC(1191) User=0.02s Sys=0.00s Real=0.01s
[2021-04-20T16:19:19.332-0700][gc,start      ] GC(1192) Pause Young (Normal) (G1 Evacuation Pause)
[2021-04-20T16:19:19.332-0700][gc,task       ] GC(1192) Using 8 workers of 8 for evacuation
[2021-04-20T16:19:19.336-0700][gc,phases     ] GC(1192)   Pre Evacuate Collection Set: 0.0ms
[2021-04-20T16:19:19.336-0700][gc,phases     ] GC(1192)   Evacuate Collection Set: 2.9ms
[2021-04-20T16:19:19.336-0700][gc,phases     ] GC(1192)   Post Evacuate Collection Set: 0.5ms
[2021-04-20T16:19:19.336-0700][gc,phases     ] GC(1192)   Other: 0.2ms
[2021-04-20T16:19:19.336-0700][gc,heap       ] GC(1192) Eden regions: 610->0(610)
[2021-04-20T16:19:19.336-0700][gc,heap       ] GC(1192) Survivor regions: 4->4(77)
[2021-04-20T16:19:19.336-0700][gc,heap       ] GC(1192) Old regions: 131->131
[2021-04-20T16:19:19.336-0700][gc,heap       ] GC(1192) Humongous regions: 129->129
[2021-04-20T16:19:19.336-0700][gc,metaspace  ] GC(1192) Metaspace: 42241K->42241K(1087488K)
[2021-04-20T16:19:19.336-0700][gc            ] GC(1192) Pause Young (Normal) (G1 Evacuation Pause) 871M->261M(1024M) 3.703ms
[2021-04-20T16:19:19.336-0700][gc,cpu        ] GC(1192) User=0.02s Sys=0.00s Real=0.00s
[2021-04-20T16:22:27.120-0700][gc,start      ] GC(1193) Pause Young (Normal) (G1 Evacuation Pause)
[2021-04-20T16:22:27.121-0700][gc,task       ] GC(1193) Using 8 workers of 8 for evacuation
[2021-04-20T16:22:27.124-0700][gc,phases     ] GC(1193)   Pre Evacuate Collection Set: 0.0ms
[2021-04-20T16:22:27.124-0700][gc,phases     ] GC(1193)   Evacuate Collection Set: 2.6ms
[2021-04-20T16:22:27.124-0700][gc,phases     ] GC(1193)   Post Evacuate Collection Set: 0.4ms
[2021-04-20T16:22:27.124-0700][gc,phases     ] GC(1193)   Other: 0.2ms
[2021-04-20T16:22:27.124-0700][gc,heap       ] GC(1193) Eden regions: 610->0(610)
[2021-04-20T16:22:27.124-0700][gc,heap       ] GC(1193) Survivor regions: 4->4(77)
[2021-04-20T16:22:27.124-0700][gc,heap       ] GC(1193) Old regions: 131->131
[2021-04-20T16:22:27.124-0700][gc,heap       ] GC(1193) Humongous regions: 129->129
[2021-04-20T16:22:27.124-0700][gc,metaspace  ] GC(1193) Metaspace: 42241K->42241K(1087488K)
[2021-04-20T16:22:27.124-0700][gc            ] GC(1193) Pause Young (Normal) (G1 Evacuation Pause) 871M->261M(1024M) 3.377ms
[2021-04-20T16:22:27.124-0700][gc,cpu        ] GC(1193) User=0.02s Sys=0.00s Real=0.00s
[2021-04-20T16:25:35.042-0700][gc,start      ] GC(1194) Pause Young (Normal) (G1 Evacuation Pause)
[2021-04-20T16:25:35.042-0700][gc,task       ] GC(1194) Using 8 workers of 8 for evacuation
[2021-04-20T16:25:35.050-0700][gc,phases     ] GC(1194)   Pre Evacuate Collection Set: 0.0ms
[2021-04-20T16:25:35.051-0700][gc,phases     ] GC(1194)   Evacuate Collection Set: 6.4ms
[2021-04-20T16:25:35.051-0700][gc,phases     ] GC(1194)   Post Evacuate Collection Set: 1.3ms
[2021-04-20T16:25:35.051-0700][gc,phases     ] GC(1194)   Other: 0.5ms
[2021-04-20T16:25:35.051-0700][gc,heap       ] GC(1194) Eden regions: 610->0(611)
[2021-04-20T16:25:35.051-0700][gc,heap       ] GC(1194) Survivor regions: 4->3(77)
[2021-04-20T16:25:35.051-0700][gc,heap       ] GC(1194) Old regions: 131->131
[2021-04-20T16:25:35.051-0700][gc,heap       ] GC(1194) Humongous regions: 129->129
[2021-04-20T16:25:35.051-0700][gc,metaspace  ] GC(1194) Metaspace: 42241K->42241K(1087488K)
[2021-04-20T16:25:35.051-0700][gc            ] GC(1194) Pause Young (Normal) (G1 Evacuation Pause) 871M->260M(1024M) 8.538ms
[2021-04-20T16:25:35.051-0700][gc,cpu        ] GC(1194) User=0.05s Sys=0.00s Real=0.01s
[2021-04-20T16:28:40.169-0700][gc,start      ] GC(1195) Pause Young (Normal) (G1 Evacuation Pause)
[2021-04-20T16:28:40.169-0700][gc,task       ] GC(1195) Using 8 workers of 8 for evacuation
[2021-04-20T16:28:40.178-0700][gc,phases     ] GC(1195)   Pre Evacuate Collection Set: 0.1ms
[2021-04-20T16:28:40.178-0700][gc,phases     ] GC(1195)   Evacuate Collection Set: 7.2ms
[2021-04-20T16:28:40.178-0700][gc,phases     ] GC(1195)   Post Evacuate Collection Set: 1.3ms
[2021-04-20T16:28:40.178-0700][gc,phases     ] GC(1195)   Other: 0.6ms
[2021-04-20T16:28:40.178-0700][gc,heap       ] GC(1195) Eden regions: 611->0(610)
[2021-04-20T16:28:40.178-0700][gc,heap       ] GC(1195) Survivor regions: 3->4(77)
[2021-04-20T16:28:40.178-0700][gc,heap       ] GC(1195) Old regions: 131->131
[2021-04-20T16:28:40.178-0700][gc,heap       ] GC(1195) Humongous regions: 129->129
[2021-04-20T16:28:40.178-0700][gc,metaspace  ] GC(1195) Metaspace: 42241K->42241K(1087488K)
[2021-04-20T16:28:40.178-0700][gc            ] GC(1195) Pause Young (Normal) (G1 Evacuation Pause) 871M->261M(1024M) 9.388ms
[2021-04-20T16:28:40.178-0700][gc,cpu        ] GC(1195) User=0.03s Sys=0.02s Real=0.01s
[2021-04-20T16:31:45.091-0700][gc,start      ] GC(1196) Pause Young (Normal) (G1 Evacuation Pause)
[2021-04-20T16:31:45.091-0700][gc,task       ] GC(1196) Using 8 workers of 8 for evacuation
[2021-04-20T16:31:45.094-0700][gc,phases     ] GC(1196)   Pre Evacuate Collection Set: 0.0ms
[2021-04-20T16:31:45.094-0700][gc,phases     ] GC(1196)   Evacuate Collection Set: 2.9ms
[2021-04-20T16:31:45.094-0700][gc,phases     ] GC(1196)   Post Evacuate Collection Set: 0.7ms
[2021-04-20T16:31:45.094-0700][gc,phases     ] GC(1196)   Other: 0.3ms
[2021-04-20T16:31:45.094-0700][gc,heap       ] GC(1196) Eden regions: 610->0(610)
[2021-04-20T16:31:45.094-0700][gc,heap       ] GC(1196) Survivor regions: 4->4(77)
[2021-04-20T16:31:45.094-0700][gc,heap       ] GC(1196) Old regions: 131->131
[2021-04-20T16:31:45.094-0700][gc,heap       ] GC(1196) Humongous regions: 129->129
[2021-04-20T16:31:45.094-0700][gc,metaspace  ] GC(1196) Metaspace: 42241K->42241K(1087488K)
[2021-04-20T16:31:45.094-0700][gc            ] GC(1196) Pause Young (Normal) (G1 Evacuation Pause) 871M->261M(1024M) 3.963ms
[2021-04-20T16:31:45.094-0700][gc,cpu        ] GC(1196) User=0.02s Sys=0.00s Real=0.00s
[2021-04-20T16:34:50.965-0700][gc,start      ] GC(1197) Pause Young (Normal) (G1 Evacuation Pause)
[2021-04-20T16:34:50.965-0700][gc,task       ] GC(1197) Using 8 workers of 8 for evacuation
[2021-04-20T16:34:50.975-0700][gc,phases     ] GC(1197)   Pre Evacuate Collection Set: 0.0ms
[2021-04-20T16:34:50.975-0700][gc,phases     ] GC(1197)   Evacuate Collection Set: 8.1ms
[2021-04-20T16:34:50.975-0700][gc,phases     ] GC(1197)   Post Evacuate Collection Set: 1.4ms
[2021-04-20T16:34:50.975-0700][gc,phases     ] GC(1197)   Other: 0.5ms
[2021-04-20T16:34:50.975-0700][gc,heap       ] GC(1197) Eden regions: 610->0(610)
[2021-04-20T16:34:50.975-0700][gc,heap       ] GC(1197) Survivor regions: 4->4(77)
[2021-04-20T16:34:50.975-0700][gc,heap       ] GC(1197) Old regions: 131->131
[2021-04-20T16:34:50.975-0700][gc,heap       ] GC(1197) Humongous regions: 129->129
[2021-04-20T16:34:50.975-0700][gc,metaspace  ] GC(1197) Metaspace: 42241K->42241K(1087488K)
[2021-04-20T16:34:50.975-0700][gc            ] GC(1197) Pause Young (Normal) (G1 Evacuation Pause) 871M->262M(1024M) 10.286ms
[2021-04-20T16:34:50.975-0700][gc,cpu        ] GC(1197) User=0.06s Sys=0.00s Real=0.01s
[2021-04-20T16:37:55.663-0700][gc,start      ] GC(1198) Pause Young (Normal) (G1 Evacuation Pause)
[2021-04-20T16:37:55.663-0700][gc,task       ] GC(1198) Using 8 workers of 8 for evacuation
[2021-04-20T16:37:55.674-0700][gc,phases     ] GC(1198)   Pre Evacuate Collection Set: 0.1ms
[2021-04-20T16:37:55.674-0700][gc,phases     ] GC(1198)   Evacuate Collection Set: 8.4ms
[2021-04-20T16:37:55.674-0700][gc,phases     ] GC(1198)   Post Evacuate Collection Set: 1.4ms
[2021-04-20T16:37:55.674-0700][gc,phases     ] GC(1198)   Other: 0.6ms
[2021-04-20T16:37:55.674-0700][gc,heap       ] GC(1198) Eden regions: 610->0(609)
[2021-04-20T16:37:55.674-0700][gc,heap       ] GC(1198) Survivor regions: 4->5(77)
[2021-04-20T16:37:55.674-0700][gc,heap       ] GC(1198) Old regions: 131->131
[2021-04-20T16:37:55.674-0700][gc,heap       ] GC(1198) Humongous regions: 129->129
[2021-04-20T16:37:55.674-0700][gc,metaspace  ] GC(1198) Metaspace: 42241K->42241K(1087488K)
[2021-04-20T16:37:55.674-0700][gc            ] GC(1198) Pause Young (Normal) (G1 Evacuation Pause) 872M->262M(1024M) 10.795ms
[2021-04-20T16:37:55.674-0700][gc,cpu        ] GC(1198) User=0.06s Sys=0.01s Real=0.01s
[2021-04-20T16:41:01.711-0700][gc,start      ] GC(1199) Pause Young (Normal) (G1 Evacuation Pause)
[2021-04-20T16:41:01.711-0700][gc,task       ] GC(1199) Using 8 workers of 8 for evacuation
[2021-04-20T16:41:01.720-0700][gc,phases     ] GC(1199)   Pre Evacuate Collection Set: 0.0ms
[2021-04-20T16:41:01.720-0700][gc,phases     ] GC(1199)   Evacuate Collection Set: 7.5ms
[2021-04-20T16:41:01.721-0700][gc,phases     ] GC(1199)   Post Evacuate Collection Set: 1.5ms
[2021-04-20T16:41:01.721-0700][gc,phases     ] GC(1199)   Other: 0.5ms
[2021-04-20T16:41:01.721-0700][gc,heap       ] GC(1199) Eden regions: 609->0(610)
[2021-04-20T16:41:01.721-0700][gc,heap       ] GC(1199) Survivor regions: 5->4(77)
[2021-04-20T16:41:01.721-0700][gc,heap       ] GC(1199) Old regions: 131->131
[2021-04-20T16:41:01.721-0700][gc,heap       ] GC(1199) Humongous regions: 129->129
[2021-04-20T16:41:01.721-0700][gc,metaspace  ] GC(1199) Metaspace: 42241K->42241K(1087488K)
[2021-04-20T16:41:01.721-0700][gc            ] GC(1199) Pause Young (Normal) (G1 Evacuation Pause) 871M->261M(1024M) 9.841ms
[2021-04-20T16:41:01.721-0700][gc,cpu        ] GC(1199) User=0.06s Sys=0.00s Real=0.01s
[2021-04-20T16:44:12.631-0700][gc,start      ] GC(1200) Pause Young (Normal) (G1 Evacuation Pause)
[2021-04-20T16:44:12.631-0700][gc,task       ] GC(1200) Using 8 workers of 8 for evacuation
[2021-04-20T16:44:12.639-0700][gc,phases     ] GC(1200)   Pre Evacuate Collection Set: 0.0ms
[2021-04-20T16:44:12.640-0700][gc,phases     ] GC(1200)   Evacuate Collection Set: 6.7ms
[2021-04-20T16:44:12.640-0700][gc,phases     ] GC(1200)   Post Evacuate Collection Set: 1.1ms
[2021-04-20T16:44:12.640-0700][gc,phases     ] GC(1200)   Other: 0.5ms
[2021-04-20T16:44:12.640-0700][gc,heap       ] GC(1200) Eden regions: 610->0(610)
[2021-04-20T16:44:12.640-0700][gc,heap       ] GC(1200) Survivor regions: 4->4(77)
[2021-04-20T16:44:12.640-0700][gc,heap       ] GC(1200) Old regions: 131->131
[2021-04-20T16:44:12.640-0700][gc,heap       ] GC(1200) Humongous regions: 129->129
[2021-04-20T16:44:12.640-0700][gc,metaspace  ] GC(1200) Metaspace: 42241K->42241K(1087488K)
[2021-04-20T16:44:12.640-0700][gc            ] GC(1200) Pause Young (Normal) (G1 Evacuation Pause) 871M->261M(1024M) 8.602ms
[2021-04-20T16:44:12.640-0700][gc,cpu        ] GC(1200) User=0.06s Sys=0.00s Real=0.01s
[2021-04-20T16:47:23.513-0700][gc,start      ] GC(1201) Pause Young (Normal) (G1 Evacuation Pause)
[2021-04-20T16:47:23.513-0700][gc,task       ] GC(1201) Using 8 workers of 8 for evacuation
[2021-04-20T16:47:23.523-0700][gc,phases     ] GC(1201)   Pre Evacuate Collection Set: 0.0ms
[2021-04-20T16:47:23.523-0700][gc,phases     ] GC(1201)   Evacuate Collection Set: 8.0ms
[2021-04-20T16:47:23.523-0700][gc,phases     ] GC(1201)   Post Evacuate Collection Set: 1.3ms
[2021-04-20T16:47:23.523-0700][gc,phases     ] GC(1201)   Other: 0.5ms
[2021-04-20T16:47:23.523-0700][gc,heap       ] GC(1201) Eden regions: 610->0(609)
[2021-04-20T16:47:23.523-0700][gc,heap       ] GC(1201) Survivor regions: 4->5(77)
[2021-04-20T16:47:23.523-0700][gc,heap       ] GC(1201) Old regions: 131->131
[2021-04-20T16:47:23.523-0700][gc,heap       ] GC(1201) Humongous regions: 129->129
[2021-04-20T16:47:23.523-0700][gc,metaspace  ] GC(1201) Metaspace: 42241K->42241K(1087488K)
[2021-04-20T16:47:23.523-0700][gc            ] GC(1201) Pause Young (Normal) (G1 Evacuation Pause) 871M->262M(1024M) 10.038ms
[2021-04-20T16:47:23.523-0700][gc,cpu        ] GC(1201) User=0.04s Sys=0.03s Real=0.01s
[2021-04-20T16:50:33.685-0700][gc,start      ] GC(1202) Pause Young (Normal) (G1 Evacuation Pause)
[2021-04-20T16:50:33.685-0700][gc,task       ] GC(1202) Using 8 workers of 8 for evacuation
[2021-04-20T16:50:33.689-0700][gc,phases     ] GC(1202)   Pre Evacuate Collection Set: 0.0ms
[2021-04-20T16:50:33.689-0700][gc,phases     ] GC(1202)   Evacuate Collection Set: 3.5ms
[2021-04-20T16:50:33.689-0700][gc,phases     ] GC(1202)   Post Evacuate Collection Set: 0.4ms
[2021-04-20T16:50:33.689-0700][gc,phases     ] GC(1202)   Other: 0.2ms
[2021-04-20T16:50:33.689-0700][gc,heap       ] GC(1202) Eden regions: 609->0(610)
[2021-04-20T16:50:33.689-0700][gc,heap       ] GC(1202) Survivor regions: 5->4(77)
[2021-04-20T16:50:33.689-0700][gc,heap       ] GC(1202) Old regions: 131->131
[2021-04-20T16:50:33.689-0700][gc,heap       ] GC(1202) Humongous regions: 129->129
[2021-04-20T16:50:33.689-0700][gc,metaspace  ] GC(1202) Metaspace: 42241K->42241K(1087488K)
[2021-04-20T16:50:33.689-0700][gc            ] GC(1202) Pause Young (Normal) (G1 Evacuation Pause) 871M->261M(1024M) 4.311ms
[2021-04-20T16:50:33.689-0700][gc,cpu        ] GC(1202) User=0.02s Sys=0.00s Real=0.01s
[2021-04-20T16:53:44.358-0700][gc,start      ] GC(1203) Pause Young (Normal) (G1 Evacuation Pause)
[2021-04-20T16:53:44.358-0700][gc,task       ] GC(1203) Using 8 workers of 8 for evacuation
[2021-04-20T16:53:44.368-0700][gc,phases     ] GC(1203)   Pre Evacuate Collection Set: 0.0ms
[2021-04-20T16:53:44.368-0700][gc,phases     ] GC(1203)   Evacuate Collection Set: 8.3ms
[2021-04-20T16:53:44.368-0700][gc,phases     ] GC(1203)   Post Evacuate Collection Set: 1.1ms
[2021-04-20T16:53:44.368-0700][gc,phases     ] GC(1203)   Other: 0.5ms
[2021-04-20T16:53:44.368-0700][gc,heap       ] GC(1203) Eden regions: 610->0(609)
[2021-04-20T16:53:44.368-0700][gc,heap       ] GC(1203) Survivor regions: 4->5(77)
[2021-04-20T16:53:44.368-0700][gc,heap       ] GC(1203) Old regions: 131->131
[2021-04-20T16:53:44.368-0700][gc,heap       ] GC(1203) Humongous regions: 129->129
[2021-04-20T16:53:44.368-0700][gc,metaspace  ] GC(1203) Metaspace: 42241K->42241K(1087488K)
[2021-04-20T16:53:44.368-0700][gc            ] GC(1203) Pause Young (Normal) (G1 Evacuation Pause) 871M->262M(1024M) 10.198ms
[2021-04-20T16:53:44.369-0700][gc,cpu        ] GC(1203) User=0.07s Sys=0.00s Real=0.00s
[2021-04-20T16:56:54.796-0700][gc,start      ] GC(1204) Pause Young (Normal) (G1 Evacuation Pause)
[2021-04-20T16:56:54.796-0700][gc,task       ] GC(1204) Using 8 workers of 8 for evacuation
[2021-04-20T16:56:54.805-0700][gc,phases     ] GC(1204)   Pre Evacuate Collection Set: 0.0ms
[2021-04-20T16:56:54.805-0700][gc,phases     ] GC(1204)   Evacuate Collection Set: 7.7ms
[2021-04-20T16:56:54.805-0700][gc,phases     ] GC(1204)   Post Evacuate Collection Set: 1.2ms
[2021-04-20T16:56:54.805-0700][gc,phases     ] GC(1204)   Other: 0.5ms
[2021-04-20T16:56:54.805-0700][gc,heap       ] GC(1204) Eden regions: 609->0(610)
[2021-04-20T16:56:54.805-0700][gc,heap       ] GC(1204) Survivor regions: 5->4(77)
[2021-04-20T16:56:54.805-0700][gc,heap       ] GC(1204) Old regions: 131->131
[2021-04-20T16:56:54.805-0700][gc,heap       ] GC(1204) Humongous regions: 129->129
[2021-04-20T16:56:54.805-0700][gc,metaspace  ] GC(1204) Metaspace: 42241K->42241K(1087488K)
[2021-04-20T16:56:54.805-0700][gc            ] GC(1204) Pause Young (Normal) (G1 Evacuation Pause) 871M->262M(1024M) 9.640ms
[2021-04-20T16:56:54.805-0700][gc,cpu        ] GC(1204) User=0.06s Sys=0.00s Real=0.01s
[2021-04-20T17:00:05.157-0700][gc,start      ] GC(1205) Pause Young (Normal) (G1 Evacuation Pause)
[2021-04-20T17:00:05.157-0700][gc,task       ] GC(1205) Using 8 workers of 8 for evacuation
[2021-04-20T17:00:05.162-0700][gc,phases     ] GC(1205)   Pre Evacuate Collection Set: 0.0ms
[2021-04-20T17:00:05.162-0700][gc,phases     ] GC(1205)   Evacuate Collection Set: 4.1ms
[2021-04-20T17:00:05.163-0700][gc,phases     ] GC(1205)   Post Evacuate Collection Set: 0.7ms
[2021-04-20T17:00:05.163-0700][gc,phases     ] GC(1205)   Other: 0.3ms
[2021-04-20T17:00:05.163-0700][gc,heap       ] GC(1205) Eden regions: 610->0(610)
[2021-04-20T17:00:05.163-0700][gc,heap       ] GC(1205) Survivor regions: 4->4(77)
[2021-04-20T17:00:05.163-0700][gc,heap       ] GC(1205) Old regions: 131->131
[2021-04-20T17:00:05.163-0700][gc,heap       ] GC(1205) Humongous regions: 129->129
[2021-04-20T17:00:05.163-0700][gc,metaspace  ] GC(1205) Metaspace: 42241K->42241K(1087488K)
[2021-04-20T17:00:05.163-0700][gc            ] GC(1205) Pause Young (Normal) (G1 Evacuation Pause) 872M->261M(1024M) 5.198ms
[2021-04-20T17:00:05.163-0700][gc,cpu        ] GC(1205) User=0.01s Sys=0.01s Real=0.00s
[2021-04-20T17:03:15.135-0700][gc,start      ] GC(1206) Pause Young (Normal) (G1 Evacuation Pause)
[2021-04-20T17:03:15.135-0700][gc,task       ] GC(1206) Using 8 workers of 8 for evacuation
[2021-04-20T17:03:15.140-0700][gc,phases     ] GC(1206)   Pre Evacuate Collection Set: 0.0ms
[2021-04-20T17:03:15.140-0700][gc,phases     ] GC(1206)   Evacuate Collection Set: 3.4ms
[2021-04-20T17:03:15.140-0700][gc,phases     ] GC(1206)   Post Evacuate Collection Set: 0.5ms
[2021-04-20T17:03:15.140-0700][gc,phases     ] GC(1206)   Other: 0.2ms
[2021-04-20T17:03:15.140-0700][gc,heap       ] GC(1206) Eden regions: 610->0(610)
[2021-04-20T17:03:15.140-0700][gc,heap       ] GC(1206) Survivor regions: 4->4(77)
[2021-04-20T17:03:15.140-0700][gc,heap       ] GC(1206) Old regions: 131->131
[2021-04-20T17:03:15.140-0700][gc,heap       ] GC(1206) Humongous regions: 129->129
[2021-04-20T17:03:15.140-0700][gc,metaspace  ] GC(1206) Metaspace: 42241K->42241K(1087488K)
[2021-04-20T17:03:15.140-0700][gc            ] GC(1206) Pause Young (Normal) (G1 Evacuation Pause) 871M->262M(1024M) 4.192ms
[2021-04-20T17:03:15.140-0700][gc,cpu        ] GC(1206) User=0.03s Sys=0.00s Real=0.01s
[2021-04-20T17:06:25.168-0700][gc,start      ] GC(1207) Pause Young (Normal) (G1 Evacuation Pause)
[2021-04-20T17:06:25.168-0700][gc,task       ] GC(1207) Using 8 workers of 8 for evacuation
[2021-04-20T17:06:25.178-0700][gc,phases     ] GC(1207)   Pre Evacuate Collection Set: 0.0ms
[2021-04-20T17:06:25.178-0700][gc,phases     ] GC(1207)   Evacuate Collection Set: 6.8ms
[2021-04-20T17:06:25.178-0700][gc,phases     ] GC(1207)   Post Evacuate Collection Set: 2.3ms
[2021-04-20T17:06:25.178-0700][gc,phases     ] GC(1207)   Other: 0.6ms
[2021-04-20T17:06:25.178-0700][gc,heap       ] GC(1207) Eden regions: 610->0(611)
[2021-04-20T17:06:25.178-0700][gc,heap       ] GC(1207) Survivor regions: 4->3(77)
[2021-04-20T17:06:25.178-0700][gc,heap       ] GC(1207) Old regions: 131->132
[2021-04-20T17:06:25.178-0700][gc,heap       ] GC(1207) Humongous regions: 129->129
[2021-04-20T17:06:25.178-0700][gc,metaspace  ] GC(1207) Metaspace: 42241K->42241K(1087488K)
[2021-04-20T17:06:25.178-0700][gc            ] GC(1207) Pause Young (Normal) (G1 Evacuation Pause) 872M->261M(1024M) 10.135ms
[2021-04-20T17:06:25.179-0700][gc,cpu        ] GC(1207) User=0.04s Sys=0.03s Real=0.02s
[2021-04-20T17:09:36.126-0700][gc,start      ] GC(1208) Pause Young (Normal) (G1 Evacuation Pause)
[2021-04-20T17:09:36.126-0700][gc,task       ] GC(1208) Using 8 workers of 8 for evacuation
[2021-04-20T17:09:36.134-0700][gc,phases     ] GC(1208)   Pre Evacuate Collection Set: 0.1ms
[2021-04-20T17:09:36.134-0700][gc,phases     ] GC(1208)   Evacuate Collection Set: 5.8ms
[2021-04-20T17:09:36.134-0700][gc,phases     ] GC(1208)   Post Evacuate Collection Set: 1.2ms
[2021-04-20T17:09:36.134-0700][gc,phases     ] GC(1208)   Other: 0.6ms
[2021-04-20T17:09:36.134-0700][gc,heap       ] GC(1208) Eden regions: 611->0(611)
[2021-04-20T17:09:36.134-0700][gc,heap       ] GC(1208) Survivor regions: 3->3(77)
[2021-04-20T17:09:36.134-0700][gc,heap       ] GC(1208) Old regions: 132->132
[2021-04-20T17:09:36.134-0700][gc,heap       ] GC(1208) Humongous regions: 129->129
[2021-04-20T17:09:36.134-0700][gc,metaspace  ] GC(1208) Metaspace: 42241K->42241K(1087488K)
[2021-04-20T17:09:36.134-0700][gc            ] GC(1208) Pause Young (Normal) (G1 Evacuation Pause) 872M->261M(1024M) 7.918ms
[2021-04-20T17:09:36.134-0700][gc,cpu        ] GC(1208) User=0.03s Sys=0.02s Real=0.01s
[2021-04-20T17:12:47.246-0700][gc,start      ] GC(1209) Pause Young (Normal) (G1 Evacuation Pause)
[2021-04-20T17:12:47.246-0700][gc,task       ] GC(1209) Using 8 workers of 8 for evacuation
[2021-04-20T17:12:47.251-0700][gc,phases     ] GC(1209)   Pre Evacuate Collection Set: 0.0ms
[2021-04-20T17:12:47.251-0700][gc,phases     ] GC(1209)   Evacuate Collection Set: 3.5ms
[2021-04-20T17:12:47.251-0700][gc,phases     ] GC(1209)   Post Evacuate Collection Set: 0.6ms
[2021-04-20T17:12:47.251-0700][gc,phases     ] GC(1209)   Other: 0.2ms
[2021-04-20T17:12:47.251-0700][gc,heap       ] GC(1209) Eden regions: 611->0(610)
[2021-04-20T17:12:47.251-0700][gc,heap       ] GC(1209) Survivor regions: 3->4(77)
[2021-04-20T17:12:47.251-0700][gc,heap       ] GC(1209) Old regions: 132->132
[2021-04-20T17:12:47.251-0700][gc,heap       ] GC(1209) Humongous regions: 129->129
[2021-04-20T17:12:47.251-0700][gc,metaspace  ] GC(1209) Metaspace: 42241K->42241K(1087488K)
[2021-04-20T17:12:47.251-0700][gc            ] GC(1209) Pause Young (Normal) (G1 Evacuation Pause) 872M->262M(1024M) 4.373ms
[2021-04-20T17:12:47.251-0700][gc,cpu        ] GC(1209) User=0.02s Sys=0.01s Real=0.01s
[2021-04-20T17:15:57.600-0700][gc,start      ] GC(1210) Pause Young (Normal) (G1 Evacuation Pause)
[2021-04-20T17:15:57.600-0700][gc,task       ] GC(1210) Using 8 workers of 8 for evacuation
[2021-04-20T17:15:57.608-0700][gc,phases     ] GC(1210)   Pre Evacuate Collection Set: 0.1ms
[2021-04-20T17:15:57.609-0700][gc,phases     ] GC(1210)   Evacuate Collection Set: 6.2ms
[2021-04-20T17:15:57.609-0700][gc,phases     ] GC(1210)   Post Evacuate Collection Set: 1.4ms
[2021-04-20T17:15:57.609-0700][gc,phases     ] GC(1210)   Other: 0.6ms
[2021-04-20T17:15:57.609-0700][gc,heap       ] GC(1210) Eden regions: 610->0(611)
[2021-04-20T17:15:57.609-0700][gc,heap       ] GC(1210) Survivor regions: 4->3(77)
[2021-04-20T17:15:57.609-0700][gc,heap       ] GC(1210) Old regions: 132->132
[2021-04-20T17:15:57.609-0700][gc,heap       ] GC(1210) Humongous regions: 129->129
[2021-04-20T17:15:57.609-0700][gc,metaspace  ] GC(1210) Metaspace: 42241K->42241K(1087488K)
[2021-04-20T17:15:57.609-0700][gc            ] GC(1210) Pause Young (Normal) (G1 Evacuation Pause) 872M->261M(1024M) 8.460ms
[2021-04-20T17:15:57.609-0700][gc,cpu        ] GC(1210) User=0.05s Sys=0.00s Real=0.01s
[2021-04-20T17:19:08.530-0700][gc,start      ] GC(1211) Pause Young (Normal) (G1 Evacuation Pause)
[2021-04-20T17:19:08.530-0700][gc,task       ] GC(1211) Using 8 workers of 8 for evacuation
[2021-04-20T17:19:08.539-0700][gc,phases     ] GC(1211)   Pre Evacuate Collection Set: 0.1ms
[2021-04-20T17:19:08.539-0700][gc,phases     ] GC(1211)   Evacuate Collection Set: 7.1ms
[2021-04-20T17:19:08.539-0700][gc,phases     ] GC(1211)   Post Evacuate Collection Set: 1.4ms
[2021-04-20T17:19:08.539-0700][gc,phases     ] GC(1211)   Other: 0.7ms
[2021-04-20T17:19:08.539-0700][gc,heap       ] GC(1211) Eden regions: 611->0(611)
[2021-04-20T17:19:08.539-0700][gc,heap       ] GC(1211) Survivor regions: 3->3(77)
[2021-04-20T17:19:08.539-0700][gc,heap       ] GC(1211) Old regions: 132->132
[2021-04-20T17:19:08.539-0700][gc,heap       ] GC(1211) Humongous regions: 129->129
[2021-04-20T17:19:08.539-0700][gc,metaspace  ] GC(1211) Metaspace: 42241K->42241K(1087488K)
[2021-04-20T17:19:08.539-0700][gc            ] GC(1211) Pause Young (Normal) (G1 Evacuation Pause) 872M->261M(1024M) 9.638ms
[2021-04-20T17:19:08.540-0700][gc,cpu        ] GC(1211) User=0.05s Sys=0.00s Real=0.01s
[2021-04-20T17:22:19.745-0700][gc,start      ] GC(1212) Pause Young (Normal) (G1 Evacuation Pause)
[2021-04-20T17:22:19.745-0700][gc,task       ] GC(1212) Using 8 workers of 8 for evacuation
[2021-04-20T17:22:19.754-0700][gc,phases     ] GC(1212)   Pre Evacuate Collection Set: 0.0ms
[2021-04-20T17:22:19.754-0700][gc,phases     ] GC(1212)   Evacuate Collection Set: 7.5ms
[2021-04-20T17:22:19.754-0700][gc,phases     ] GC(1212)   Post Evacuate Collection Set: 1.5ms
[2021-04-20T17:22:19.754-0700][gc,phases     ] GC(1212)   Other: 0.6ms
[2021-04-20T17:22:19.754-0700][gc,heap       ] GC(1212) Eden regions: 611->0(610)
[2021-04-20T17:22:19.754-0700][gc,heap       ] GC(1212) Survivor regions: 3->4(77)
[2021-04-20T17:22:19.754-0700][gc,heap       ] GC(1212) Old regions: 132->132
[2021-04-20T17:22:19.754-0700][gc,heap       ] GC(1212) Humongous regions: 129->129
[2021-04-20T17:22:19.754-0700][gc,metaspace  ] GC(1212) Metaspace: 42241K->42241K(1087488K)
[2021-04-20T17:22:19.754-0700][gc            ] GC(1212) Pause Young (Normal) (G1 Evacuation Pause) 872M->262M(1024M) 9.826ms
[2021-04-20T17:22:19.754-0700][gc,cpu        ] GC(1212) User=0.03s Sys=0.03s Real=0.01s
[2021-04-20T17:25:30.342-0700][gc,start      ] GC(1213) Pause Young (Normal) (G1 Evacuation Pause)
[2021-04-20T17:25:30.342-0700][gc,task       ] GC(1213) Using 8 workers of 8 for evacuation
[2021-04-20T17:25:30.349-0700][gc,phases     ] GC(1213)   Pre Evacuate Collection Set: 0.0ms
[2021-04-20T17:25:30.349-0700][gc,phases     ] GC(1213)   Evacuate Collection Set: 5.5ms
[2021-04-20T17:25:30.349-0700][gc,phases     ] GC(1213)   Post Evacuate Collection Set: 1.2ms
[2021-04-20T17:25:30.349-0700][gc,phases     ] GC(1213)   Other: 0.5ms
[2021-04-20T17:25:30.349-0700][gc,heap       ] GC(1213) Eden regions: 610->0(611)
[2021-04-20T17:25:30.349-0700][gc,heap       ] GC(1213) Survivor regions: 4->3(77)
[2021-04-20T17:25:30.349-0700][gc,heap       ] GC(1213) Old regions: 132->132
[2021-04-20T17:25:30.349-0700][gc,heap       ] GC(1213) Humongous regions: 129->129
[2021-04-20T17:25:30.349-0700][gc,metaspace  ] GC(1213) Metaspace: 42241K->42241K(1087488K)
[2021-04-20T17:25:30.349-0700][gc            ] GC(1213) Pause Young (Normal) (G1 Evacuation Pause) 872M->262M(1024M) 7.416ms
[2021-04-20T17:25:30.350-0700][gc,cpu        ] GC(1213) User=0.04s Sys=0.00s Real=0.01s
[2021-04-20T17:28:40.965-0700][gc,start      ] GC(1214) Pause Young (Normal) (G1 Evacuation Pause)
[2021-04-20T17:28:40.965-0700][gc,task       ] GC(1214) Using 8 workers of 8 for evacuation
[2021-04-20T17:28:40.968-0700][gc,phases     ] GC(1214)   Pre Evacuate Collection Set: 0.0ms
[2021-04-20T17:28:40.968-0700][gc,phases     ] GC(1214)   Evacuate Collection Set: 2.3ms
[2021-04-20T17:28:40.968-0700][gc,phases     ] GC(1214)   Post Evacuate Collection Set: 0.6ms
[2021-04-20T17:28:40.968-0700][gc,phases     ] GC(1214)   Other: 0.3ms
[2021-04-20T17:28:40.968-0700][gc,heap       ] GC(1214) Eden regions: 611->0(611)
[2021-04-20T17:28:40.968-0700][gc,heap       ] GC(1214) Survivor regions: 3->3(77)
[2021-04-20T17:28:40.968-0700][gc,heap       ] GC(1214) Old regions: 132->132
[2021-04-20T17:28:40.968-0700][gc,heap       ] GC(1214) Humongous regions: 129->129
[2021-04-20T17:28:40.968-0700][gc,metaspace  ] GC(1214) Metaspace: 42241K->42241K(1087488K)
[2021-04-20T17:28:40.968-0700][gc            ] GC(1214) Pause Young (Normal) (G1 Evacuation Pause) 873M->261M(1024M) 3.155ms
[2021-04-20T17:28:40.968-0700][gc,cpu        ] GC(1214) User=0.01s Sys=0.01s Real=0.00s
[2021-04-20T17:31:51.549-0700][gc,start      ] GC(1215) Pause Young (Normal) (G1 Evacuation Pause)
[2021-04-20T17:31:51.549-0700][gc,task       ] GC(1215) Using 8 workers of 8 for evacuation
[2021-04-20T17:31:51.556-0700][gc,phases     ] GC(1215)   Pre Evacuate Collection Set: 0.0ms
[2021-04-20T17:31:51.556-0700][gc,phases     ] GC(1215)   Evacuate Collection Set: 5.0ms
[2021-04-20T17:31:51.556-0700][gc,phases     ] GC(1215)   Post Evacuate Collection Set: 1.5ms
[2021-04-20T17:31:51.556-0700][gc,phases     ] GC(1215)   Other: 0.5ms
[2021-04-20T17:31:51.556-0700][gc,heap       ] GC(1215) Eden regions: 611->0(611)
[2021-04-20T17:31:51.556-0700][gc,heap       ] GC(1215) Survivor regions: 3->3(77)
[2021-04-20T17:31:51.556-0700][gc,heap       ] GC(1215) Old regions: 132->132
[2021-04-20T17:31:51.556-0700][gc,heap       ] GC(1215) Humongous regions: 129->129
[2021-04-20T17:31:51.556-0700][gc,metaspace  ] GC(1215) Metaspace: 42241K->42241K(1087488K)
[2021-04-20T17:31:51.556-0700][gc            ] GC(1215) Pause Young (Normal) (G1 Evacuation Pause) 872M->261M(1024M) 7.222ms
[2021-04-20T17:31:51.556-0700][gc,cpu        ] GC(1215) User=0.04s Sys=0.00s Real=0.00s
[2021-04-20T17:35:01.624-0700][gc,start      ] GC(1216) Pause Young (Normal) (G1 Evacuation Pause)
[2021-04-20T17:35:01.624-0700][gc,task       ] GC(1216) Using 8 workers of 8 for evacuation
[2021-04-20T17:35:01.627-0700][gc,phases     ] GC(1216)   Pre Evacuate Collection Set: 0.0ms
[2021-04-20T17:35:01.627-0700][gc,phases     ] GC(1216)   Evacuate Collection Set: 2.3ms
[2021-04-20T17:35:01.627-0700][gc,phases     ] GC(1216)   Post Evacuate Collection Set: 0.6ms
[2021-04-20T17:35:01.627-0700][gc,phases     ] GC(1216)   Other: 0.2ms
[2021-04-20T17:35:01.627-0700][gc,heap       ] GC(1216) Eden regions: 611->0(611)
[2021-04-20T17:35:01.627-0700][gc,heap       ] GC(1216) Survivor regions: 3->3(77)
[2021-04-20T17:35:01.627-0700][gc,heap       ] GC(1216) Old regions: 132->132
[2021-04-20T17:35:01.627-0700][gc,heap       ] GC(1216) Humongous regions: 129->129
[2021-04-20T17:35:01.627-0700][gc,metaspace  ] GC(1216) Metaspace: 42241K->42241K(1087488K)
[2021-04-20T17:35:01.627-0700][gc            ] GC(1216) Pause Young (Normal) (G1 Evacuation Pause) 872M->262M(1024M) 3.210ms
[2021-04-20T17:35:01.627-0700][gc,cpu        ] GC(1216) User=0.01s Sys=0.01s Real=0.00s
[2021-04-20T17:38:12.430-0700][gc,start      ] GC(1217) Pause Young (Normal) (G1 Evacuation Pause)
[2021-04-20T17:38:12.430-0700][gc,task       ] GC(1217) Using 8 workers of 8 for evacuation
[2021-04-20T17:38:12.436-0700][gc,phases     ] GC(1217)   Pre Evacuate Collection Set: 0.0ms
[2021-04-20T17:38:12.436-0700][gc,phases     ] GC(1217)   Evacuate Collection Set: 5.3ms
[2021-04-20T17:38:12.436-0700][gc,phases     ] GC(1217)   Post Evacuate Collection Set: 0.6ms
[2021-04-20T17:38:12.436-0700][gc,phases     ] GC(1217)   Other: 0.2ms
[2021-04-20T17:38:12.436-0700][gc,heap       ] GC(1217) Eden regions: 611->0(611)
[2021-04-20T17:38:12.436-0700][gc,heap       ] GC(1217) Survivor regions: 3->3(77)
[2021-04-20T17:38:12.436-0700][gc,heap       ] GC(1217) Old regions: 132->132
[2021-04-20T17:38:12.436-0700][gc,heap       ] GC(1217) Humongous regions: 129->129
[2021-04-20T17:38:12.436-0700][gc,metaspace  ] GC(1217) Metaspace: 42241K->42241K(1087488K)
[2021-04-20T17:38:12.436-0700][gc            ] GC(1217) Pause Young (Normal) (G1 Evacuation Pause) 873M->261M(1024M) 6.222ms
[2021-04-20T17:38:12.436-0700][gc,cpu        ] GC(1217) User=0.02s Sys=0.02s Real=0.00s
[2021-04-20T17:41:23.204-0700][gc,start      ] GC(1218) Pause Young (Normal) (G1 Evacuation Pause)
[2021-04-20T17:41:23.205-0700][gc,task       ] GC(1218) Using 8 workers of 8 for evacuation
[2021-04-20T17:41:23.208-0700][gc,phases     ] GC(1218)   Pre Evacuate Collection Set: 0.0ms
[2021-04-20T17:41:23.208-0700][gc,phases     ] GC(1218)   Evacuate Collection Set: 2.7ms
[2021-04-20T17:41:23.208-0700][gc,phases     ] GC(1218)   Post Evacuate Collection Set: 0.7ms
[2021-04-20T17:41:23.208-0700][gc,phases     ] GC(1218)   Other: 0.2ms
[2021-04-20T17:41:23.208-0700][gc,heap       ] GC(1218) Eden regions: 611->0(610)
[2021-04-20T17:41:23.208-0700][gc,heap       ] GC(1218) Survivor regions: 3->4(77)
[2021-04-20T17:41:23.208-0700][gc,heap       ] GC(1218) Old regions: 132->132
[2021-04-20T17:41:23.208-0700][gc,heap       ] GC(1218) Humongous regions: 129->129
[2021-04-20T17:41:23.208-0700][gc,metaspace  ] GC(1218) Metaspace: 42241K->42241K(1087488K)
[2021-04-20T17:41:23.208-0700][gc            ] GC(1218) Pause Young (Normal) (G1 Evacuation Pause) 872M->262M(1024M) 3.676ms
[2021-04-20T17:41:23.208-0700][gc,cpu        ] GC(1218) User=0.02s Sys=0.00s Real=0.00s
[2021-04-20T17:44:33.459-0700][gc,start      ] GC(1219) Pause Young (Normal) (G1 Evacuation Pause)
[2021-04-20T17:44:33.459-0700][gc,task       ] GC(1219) Using 8 workers of 8 for evacuation
[2021-04-20T17:44:33.466-0700][gc,phases     ] GC(1219)   Pre Evacuate Collection Set: 0.0ms
[2021-04-20T17:44:33.467-0700][gc,phases     ] GC(1219)   Evacuate Collection Set: 5.5ms
[2021-04-20T17:44:33.467-0700][gc,phases     ] GC(1219)   Post Evacuate Collection Set: 1.2ms
[2021-04-20T17:44:33.467-0700][gc,phases     ] GC(1219)   Other: 0.5ms
[2021-04-20T17:44:33.467-0700][gc,heap       ] GC(1219) Eden regions: 610->0(611)
[2021-04-20T17:44:33.467-0700][gc,heap       ] GC(1219) Survivor regions: 4->3(77)
[2021-04-20T17:44:33.467-0700][gc,heap       ] GC(1219) Old regions: 132->132
[2021-04-20T17:44:33.467-0700][gc,heap       ] GC(1219) Humongous regions: 129->129
[2021-04-20T17:44:33.467-0700][gc,metaspace  ] GC(1219) Metaspace: 42241K->42241K(1087488K)
[2021-04-20T17:44:33.467-0700][gc            ] GC(1219) Pause Young (Normal) (G1 Evacuation Pause) 872M->262M(1024M) 7.467ms
[2021-04-20T17:44:33.467-0700][gc,cpu        ] GC(1219) User=0.05s Sys=0.00s Real=0.00s
[2021-04-20T17:47:43.977-0700][gc,start      ] GC(1220) Pause Young (Normal) (G1 Evacuation Pause)
[2021-04-20T17:47:43.977-0700][gc,task       ] GC(1220) Using 8 workers of 8 for evacuation
[2021-04-20T17:47:43.984-0700][gc,phases     ] GC(1220)   Pre Evacuate Collection Set: 0.0ms
[2021-04-20T17:47:43.984-0700][gc,phases     ] GC(1220)   Evacuate Collection Set: 4.8ms
[2021-04-20T17:47:43.984-0700][gc,phases     ] GC(1220)   Post Evacuate Collection Set: 1.3ms
[2021-04-20T17:47:43.984-0700][gc,phases     ] GC(1220)   Other: 0.5ms
[2021-04-20T17:47:43.984-0700][gc,heap       ] GC(1220) Eden regions: 611->0(611)
[2021-04-20T17:47:43.984-0700][gc,heap       ] GC(1220) Survivor regions: 3->3(77)
[2021-04-20T17:47:43.984-0700][gc,heap       ] GC(1220) Old regions: 132->132
[2021-04-20T17:47:43.984-0700][gc,heap       ] GC(1220) Humongous regions: 129->129
[2021-04-20T17:47:43.984-0700][gc,metaspace  ] GC(1220) Metaspace: 42241K->42241K(1087488K)
[2021-04-20T17:47:43.984-0700][gc            ] GC(1220) Pause Young (Normal) (G1 Evacuation Pause) 873M->261M(1024M) 6.848ms
[2021-04-20T17:47:43.984-0700][gc,cpu        ] GC(1220) User=0.04s Sys=0.00s Real=0.00s
[2021-04-20T17:50:54.808-0700][gc,start      ] GC(1221) Pause Young (Normal) (G1 Evacuation Pause)
[2021-04-20T17:50:54.808-0700][gc,task       ] GC(1221) Using 8 workers of 8 for evacuation
[2021-04-20T17:50:54.815-0700][gc,phases     ] GC(1221)   Pre Evacuate Collection Set: 0.1ms
[2021-04-20T17:50:54.815-0700][gc,phases     ] GC(1221)   Evacuate Collection Set: 5.0ms
[2021-04-20T17:50:54.815-0700][gc,phases     ] GC(1221)   Post Evacuate Collection Set: 1.3ms
[2021-04-20T17:50:54.815-0700][gc,phases     ] GC(1221)   Other: 0.5ms
[2021-04-20T17:50:54.815-0700][gc,heap       ] GC(1221) Eden regions: 611->0(612)
[2021-04-20T17:50:54.815-0700][gc,heap       ] GC(1221) Survivor regions: 3->2(77)
[2021-04-20T17:50:54.815-0700][gc,heap       ] GC(1221) Old regions: 132->132
[2021-04-20T17:50:54.815-0700][gc,heap       ] GC(1221) Humongous regions: 129->129
[2021-04-20T17:50:54.815-0700][gc,metaspace  ] GC(1221) Metaspace: 42241K->42241K(1087488K)
[2021-04-20T17:50:54.815-0700][gc            ] GC(1221) Pause Young (Normal) (G1 Evacuation Pause) 872M->261M(1024M) 7.129ms
[2021-04-20T17:50:54.815-0700][gc,cpu        ] GC(1221) User=0.04s Sys=0.00s Real=0.01s
[2021-04-20T17:54:05.964-0700][gc,start      ] GC(1222) Pause Young (Normal) (G1 Evacuation Pause)
[2021-04-20T17:54:05.964-0700][gc,task       ] GC(1222) Using 8 workers of 8 for evacuation
[2021-04-20T17:54:05.970-0700][gc,phases     ] GC(1222)   Pre Evacuate Collection Set: 0.0ms
[2021-04-20T17:54:05.970-0700][gc,phases     ] GC(1222)   Evacuate Collection Set: 4.5ms
[2021-04-20T17:54:05.970-0700][gc,phases     ] GC(1222)   Post Evacuate Collection Set: 0.4ms
[2021-04-20T17:54:05.970-0700][gc,phases     ] GC(1222)   Other: 0.2ms
[2021-04-20T17:54:05.970-0700][gc,heap       ] GC(1222) Eden regions: 612->0(610)
[2021-04-20T17:54:05.970-0700][gc,heap       ] GC(1222) Survivor regions: 2->4(77)
[2021-04-20T17:54:05.970-0700][gc,heap       ] GC(1222) Old regions: 132->132
[2021-04-20T17:54:05.970-0700][gc,heap       ] GC(1222) Humongous regions: 129->129
[2021-04-20T17:54:05.970-0700][gc,metaspace  ] GC(1222) Metaspace: 42241K->42241K(1087488K)
[2021-04-20T17:54:05.970-0700][gc            ] GC(1222) Pause Young (Normal) (G1 Evacuation Pause) 873M->262M(1024M) 5.155ms
[2021-04-20T17:54:05.970-0700][gc,cpu        ] GC(1222) User=0.01s Sys=0.01s Real=0.01s
[2021-04-20T17:57:16.566-0700][gc,start      ] GC(1223) Pause Young (Normal) (G1 Evacuation Pause)
[2021-04-20T17:57:16.566-0700][gc,task       ] GC(1223) Using 8 workers of 8 for evacuation
[2021-04-20T17:57:16.573-0700][gc,phases     ] GC(1223)   Pre Evacuate Collection Set: 0.0ms
[2021-04-20T17:57:16.573-0700][gc,phases     ] GC(1223)   Evacuate Collection Set: 5.4ms
[2021-04-20T17:57:16.573-0700][gc,phases     ] GC(1223)   Post Evacuate Collection Set: 1.2ms
[2021-04-20T17:57:16.573-0700][gc,phases     ] GC(1223)   Other: 0.5ms
[2021-04-20T17:57:16.573-0700][gc,heap       ] GC(1223) Eden regions: 610->0(611)
[2021-04-20T17:57:16.573-0700][gc,heap       ] GC(1223) Survivor regions: 4->3(77)
[2021-04-20T17:57:16.573-0700][gc,heap       ] GC(1223) Old regions: 132->132
[2021-04-20T17:57:16.573-0700][gc,heap       ] GC(1223) Humongous regions: 129->129
[2021-04-20T17:57:16.574-0700][gc,metaspace  ] GC(1223) Metaspace: 42241K->42241K(1087488K)
[2021-04-20T17:57:16.574-0700][gc            ] GC(1223) Pause Young (Normal) (G1 Evacuation Pause) 872M->262M(1024M) 7.281ms
[2021-04-20T17:57:16.574-0700][gc,cpu        ] GC(1223) User=0.04s Sys=0.00s Real=0.01s
[2021-04-20T18:00:27.805-0700][gc,start      ] GC(1224) Pause Young (Normal) (G1 Evacuation Pause)
[2021-04-20T18:00:27.805-0700][gc,task       ] GC(1224) Using 8 workers of 8 for evacuation
[2021-04-20T18:00:27.811-0700][gc,phases     ] GC(1224)   Pre Evacuate Collection Set: 0.0ms
[2021-04-20T18:00:27.811-0700][gc,phases     ] GC(1224)   Evacuate Collection Set: 4.8ms
[2021-04-20T18:00:27.811-0700][gc,phases     ] GC(1224)   Post Evacuate Collection Set: 1.3ms
[2021-04-20T18:00:27.811-0700][gc,phases     ] GC(1224)   Other: 0.5ms
[2021-04-20T18:00:27.811-0700][gc,heap       ] GC(1224) Eden regions: 611->0(611)
[2021-04-20T18:00:27.811-0700][gc,heap       ] GC(1224) Survivor regions: 3->3(77)
[2021-04-20T18:00:27.812-0700][gc,heap       ] GC(1224) Old regions: 132->132
[2021-04-20T18:00:27.812-0700][gc,heap       ] GC(1224) Humongous regions: 129->129
[2021-04-20T18:00:27.812-0700][gc,metaspace  ] GC(1224) Metaspace: 42241K->42241K(1087488K)
[2021-04-20T18:00:27.812-0700][gc            ] GC(1224) Pause Young (Normal) (G1 Evacuation Pause) 873M->261M(1024M) 6.756ms
[2021-04-20T18:00:27.812-0700][gc,cpu        ] GC(1224) User=0.04s Sys=0.00s Real=0.01s
[2021-04-20T18:03:39.339-0700][gc,start      ] GC(1225) Pause Young (Normal) (G1 Evacuation Pause)
[2021-04-20T18:03:39.339-0700][gc,task       ] GC(1225) Using 8 workers of 8 for evacuation
[2021-04-20T18:03:39.345-0700][gc,phases     ] GC(1225)   Pre Evacuate Collection Set: 0.1ms
[2021-04-20T18:03:39.345-0700][gc,phases     ] GC(1225)   Evacuate Collection Set: 4.8ms
[2021-04-20T18:03:39.345-0700][gc,phases     ] GC(1225)   Post Evacuate Collection Set: 1.2ms
[2021-04-20T18:03:39.346-0700][gc,phases     ] GC(1225)   Other: 0.6ms
[2021-04-20T18:03:39.346-0700][gc,heap       ] GC(1225) Eden regions: 611->0(612)
[2021-04-20T18:03:39.346-0700][gc,heap       ] GC(1225) Survivor regions: 3->2(77)
[2021-04-20T18:03:39.346-0700][gc,heap       ] GC(1225) Old regions: 132->132
[2021-04-20T18:03:39.346-0700][gc,heap       ] GC(1225) Humongous regions: 129->129
[2021-04-20T18:03:39.346-0700][gc,metaspace  ] GC(1225) Metaspace: 42241K->42241K(1087488K)
[2021-04-20T18:03:39.346-0700][gc            ] GC(1225) Pause Young (Normal) (G1 Evacuation Pause) 872M->261M(1024M) 6.872ms
[2021-04-20T18:03:39.346-0700][gc,cpu        ] GC(1225) User=0.04s Sys=0.00s Real=0.00s
[2021-04-20T18:06:50.457-0700][gc,start      ] GC(1226) Pause Young (Normal) (G1 Evacuation Pause)
[2021-04-20T18:06:50.457-0700][gc,task       ] GC(1226) Using 8 workers of 8 for evacuation
[2021-04-20T18:06:50.465-0700][gc,phases     ] GC(1226)   Pre Evacuate Collection Set: 0.0ms
[2021-04-20T18:06:50.465-0700][gc,phases     ] GC(1226)   Evacuate Collection Set: 6.1ms
[2021-04-20T18:06:50.465-0700][gc,phases     ] GC(1226)   Post Evacuate Collection Set: 1.2ms
[2021-04-20T18:06:50.465-0700][gc,phases     ] GC(1226)   Other: 0.5ms
[2021-04-20T18:06:50.465-0700][gc,heap       ] GC(1226) Eden regions: 612->0(610)
[2021-04-20T18:06:50.465-0700][gc,heap       ] GC(1226) Survivor regions: 2->4(77)
[2021-04-20T18:06:50.465-0700][gc,heap       ] GC(1226) Old regions: 132->132
[2021-04-20T18:06:50.465-0700][gc,heap       ] GC(1226) Humongous regions: 129->129
[2021-04-20T18:06:50.465-0700][gc,metaspace  ] GC(1226) Metaspace: 42241K->42241K(1087488K)
[2021-04-20T18:06:50.465-0700][gc            ] GC(1226) Pause Young (Normal) (G1 Evacuation Pause) 873M->262M(1024M) 8.132ms
[2021-04-20T18:06:50.465-0700][gc,cpu        ] GC(1226) User=0.05s Sys=0.00s Real=0.00s
[2021-04-20T18:10:01.178-0700][gc,start      ] GC(1227) Pause Young (Normal) (G1 Evacuation Pause)
[2021-04-20T18:10:01.178-0700][gc,task       ] GC(1227) Using 8 workers of 8 for evacuation
[2021-04-20T18:10:01.186-0700][gc,phases     ] GC(1227)   Pre Evacuate Collection Set: 0.0ms
[2021-04-20T18:10:01.186-0700][gc,phases     ] GC(1227)   Evacuate Collection Set: 5.4ms
[2021-04-20T18:10:01.186-0700][gc,phases     ] GC(1227)   Post Evacuate Collection Set: 1.3ms
[2021-04-20T18:10:01.186-0700][gc,phases     ] GC(1227)   Other: 0.5ms
[2021-04-20T18:10:01.186-0700][gc,heap       ] GC(1227) Eden regions: 610->0(611)
[2021-04-20T18:10:01.186-0700][gc,heap       ] GC(1227) Survivor regions: 4->3(77)
[2021-04-20T18:10:01.186-0700][gc,heap       ] GC(1227) Old regions: 132->132
[2021-04-20T18:10:01.186-0700][gc,heap       ] GC(1227) Humongous regions: 129->129
[2021-04-20T18:10:01.186-0700][gc,metaspace  ] GC(1227) Metaspace: 42241K->42241K(1087488K)
[2021-04-20T18:10:01.186-0700][gc            ] GC(1227) Pause Young (Normal) (G1 Evacuation Pause) 872M->262M(1024M) 7.494ms
[2021-04-20T18:10:01.186-0700][gc,cpu        ] GC(1227) User=0.03s Sys=0.02s Real=0.00s
[2021-04-20T18:13:11.677-0700][gc,start      ] GC(1228) Pause Young (Normal) (G1 Evacuation Pause)
[2021-04-20T18:13:11.677-0700][gc,task       ] GC(1228) Using 8 workers of 8 for evacuation
[2021-04-20T18:13:11.683-0700][gc,phases     ] GC(1228)   Pre Evacuate Collection Set: 0.0ms
[2021-04-20T18:13:11.683-0700][gc,phases     ] GC(1228)   Evacuate Collection Set: 4.5ms
[2021-04-20T18:13:11.683-0700][gc,phases     ] GC(1228)   Post Evacuate Collection Set: 1.2ms
[2021-04-20T18:13:11.683-0700][gc,phases     ] GC(1228)   Other: 0.5ms
[2021-04-20T18:13:11.683-0700][gc,heap       ] GC(1228) Eden regions: 611->0(611)
[2021-04-20T18:13:11.684-0700][gc,heap       ] GC(1228) Survivor regions: 3->3(77)
[2021-04-20T18:13:11.684-0700][gc,heap       ] GC(1228) Old regions: 132->132
[2021-04-20T18:13:11.684-0700][gc,heap       ] GC(1228) Humongous regions: 129->129
[2021-04-20T18:13:11.684-0700][gc,metaspace  ] GC(1228) Metaspace: 42241K->42241K(1087488K)
[2021-04-20T18:13:11.684-0700][gc            ] GC(1228) Pause Young (Normal) (G1 Evacuation Pause) 873M->261M(1024M) 6.506ms
[2021-04-20T18:13:11.684-0700][gc,cpu        ] GC(1228) User=0.02s Sys=0.02s Real=0.00s
[2021-04-20T18:16:22.789-0700][gc,start      ] GC(1229) Pause Young (Normal) (G1 Evacuation Pause)
[2021-04-20T18:16:22.790-0700][gc,task       ] GC(1229) Using 8 workers of 8 for evacuation
[2021-04-20T18:16:22.797-0700][gc,phases     ] GC(1229)   Pre Evacuate Collection Set: 0.0ms
[2021-04-20T18:16:22.797-0700][gc,phases     ] GC(1229)   Evacuate Collection Set: 6.1ms
[2021-04-20T18:16:22.797-0700][gc,phases     ] GC(1229)   Post Evacuate Collection Set: 1.3ms
[2021-04-20T18:16:22.797-0700][gc,phases     ] GC(1229)   Other: 0.5ms
[2021-04-20T18:16:22.797-0700][gc,heap       ] GC(1229) Eden regions: 611->0(610)
[2021-04-20T18:16:22.797-0700][gc,heap       ] GC(1229) Survivor regions: 3->4(77)
[2021-04-20T18:16:22.797-0700][gc,heap       ] GC(1229) Old regions: 132->132
[2021-04-20T18:16:22.797-0700][gc,heap       ] GC(1229) Humongous regions: 129->129
[2021-04-20T18:16:22.798-0700][gc,metaspace  ] GC(1229) Metaspace: 42241K->42241K(1087488K)
[2021-04-20T18:16:22.798-0700][gc            ] GC(1229) Pause Young (Normal) (G1 Evacuation Pause) 872M->262M(1024M) 8.103ms
[2021-04-20T18:16:22.798-0700][gc,cpu        ] GC(1229) User=0.05s Sys=0.00s Real=0.01s
[2021-04-20T18:19:33.479-0700][gc,start      ] GC(1230) Pause Young (Normal) (G1 Evacuation Pause)
[2021-04-20T18:19:33.479-0700][gc,task       ] GC(1230) Using 8 workers of 8 for evacuation
[2021-04-20T18:19:33.486-0700][gc,phases     ] GC(1230)   Pre Evacuate Collection Set: 0.0ms
[2021-04-20T18:19:33.486-0700][gc,phases     ] GC(1230)   Evacuate Collection Set: 5.6ms
[2021-04-20T18:19:33.486-0700][gc,phases     ] GC(1230)   Post Evacuate Collection Set: 1.2ms
[2021-04-20T18:19:33.487-0700][gc,phases     ] GC(1230)   Other: 0.5ms
[2021-04-20T18:19:33.487-0700][gc,heap       ] GC(1230) Eden regions: 610->0(611)
[2021-04-20T18:19:33.487-0700][gc,heap       ] GC(1230) Survivor regions: 4->3(77)
[2021-04-20T18:19:33.487-0700][gc,heap       ] GC(1230) Old regions: 132->132
[2021-04-20T18:19:33.487-0700][gc,heap       ] GC(1230) Humongous regions: 129->129
[2021-04-20T18:19:33.487-0700][gc,metaspace  ] GC(1230) Metaspace: 42241K->42241K(1087488K)
[2021-04-20T18:19:33.487-0700][gc            ] GC(1230) Pause Young (Normal) (G1 Evacuation Pause) 872M->262M(1024M) 7.534ms
[2021-04-20T18:19:33.487-0700][gc,cpu        ] GC(1230) User=0.05s Sys=0.00s Real=0.00s
[2021-04-20T18:22:44.511-0700][gc,start      ] GC(1231) Pause Young (Normal) (G1 Evacuation Pause)
[2021-04-20T18:22:44.511-0700][gc,task       ] GC(1231) Using 8 workers of 8 for evacuation
[2021-04-20T18:22:44.518-0700][gc,phases     ] GC(1231)   Pre Evacuate Collection Set: 0.0ms
[2021-04-20T18:22:44.518-0700][gc,phases     ] GC(1231)   Evacuate Collection Set: 5.7ms
[2021-04-20T18:22:44.518-0700][gc,phases     ] GC(1231)   Post Evacuate Collection Set: 1.4ms
[2021-04-20T18:22:44.518-0700][gc,phases     ] GC(1231)   Other: 0.6ms
[2021-04-20T18:22:44.519-0700][gc,heap       ] GC(1231) Eden regions: 611->0(611)
[2021-04-20T18:22:44.519-0700][gc,heap       ] GC(1231) Survivor regions: 3->3(77)
[2021-04-20T18:22:44.519-0700][gc,heap       ] GC(1231) Old regions: 132->132
[2021-04-20T18:22:44.519-0700][gc,heap       ] GC(1231) Humongous regions: 129->129
[2021-04-20T18:22:44.519-0700][gc,metaspace  ] GC(1231) Metaspace: 42241K->42241K(1087488K)
[2021-04-20T18:22:44.519-0700][gc            ] GC(1231) Pause Young (Normal) (G1 Evacuation Pause) 873M->262M(1024M) 7.851ms
[2021-04-20T18:22:44.519-0700][gc,cpu        ] GC(1231) User=0.04s Sys=0.01s Real=0.01s
[2021-04-20T18:25:55.460-0700][gc,start      ] GC(1232) Pause Young (Normal) (G1 Evacuation Pause)
[2021-04-20T18:25:55.460-0700][gc,task       ] GC(1232) Using 8 workers of 8 for evacuation
[2021-04-20T18:25:55.466-0700][gc,phases     ] GC(1232)   Pre Evacuate Collection Set: 0.1ms
[2021-04-20T18:25:55.466-0700][gc,phases     ] GC(1232)   Evacuate Collection Set: 4.8ms
[2021-04-20T18:25:55.466-0700][gc,phases     ] GC(1232)   Post Evacuate Collection Set: 1.3ms
[2021-04-20T18:25:55.466-0700][gc,phases     ] GC(1232)   Other: 0.5ms
[2021-04-20T18:25:55.466-0700][gc,heap       ] GC(1232) Eden regions: 611->0(612)
[2021-04-20T18:25:55.466-0700][gc,heap       ] GC(1232) Survivor regions: 3->2(77)
[2021-04-20T18:25:55.466-0700][gc,heap       ] GC(1232) Old regions: 132->132
[2021-04-20T18:25:55.466-0700][gc,heap       ] GC(1232) Humongous regions: 129->129
[2021-04-20T18:25:55.466-0700][gc,metaspace  ] GC(1232) Metaspace: 42241K->42241K(1087488K)
[2021-04-20T18:25:55.467-0700][gc            ] GC(1232) Pause Young (Normal) (G1 Evacuation Pause) 873M->261M(1024M) 6.863ms
[2021-04-20T18:25:55.467-0700][gc,cpu        ] GC(1232) User=0.04s Sys=0.00s Real=0.00s
[2021-04-20T18:29:06.365-0700][gc,start      ] GC(1233) Pause Young (Normal) (G1 Evacuation Pause)
[2021-04-20T18:29:06.365-0700][gc,task       ] GC(1233) Using 8 workers of 8 for evacuation
[2021-04-20T18:29:06.371-0700][gc,phases     ] GC(1233)   Pre Evacuate Collection Set: 0.0ms
[2021-04-20T18:29:06.371-0700][gc,phases     ] GC(1233)   Evacuate Collection Set: 4.0ms
[2021-04-20T18:29:06.371-0700][gc,phases     ] GC(1233)   Post Evacuate Collection Set: 1.2ms
[2021-04-20T18:29:06.371-0700][gc,phases     ] GC(1233)   Other: 0.4ms
[2021-04-20T18:29:06.371-0700][gc,heap       ] GC(1233) Eden regions: 612->0(610)
[2021-04-20T18:29:06.371-0700][gc,heap       ] GC(1233) Survivor regions: 2->4(77)
[2021-04-20T18:29:06.371-0700][gc,heap       ] GC(1233) Old regions: 132->132
[2021-04-20T18:29:06.371-0700][gc,heap       ] GC(1233) Humongous regions: 129->129
[2021-04-20T18:29:06.371-0700][gc,metaspace  ] GC(1233) Metaspace: 42241K->42241K(1087488K)
[2021-04-20T18:29:06.371-0700][gc            ] GC(1233) Pause Young (Normal) (G1 Evacuation Pause) 873M->262M(1024M) 5.942ms
[2021-04-20T18:29:06.371-0700][gc,cpu        ] GC(1233) User=0.03s Sys=0.00s Real=0.01s
[2021-04-20T18:32:17.087-0700][gc,start      ] GC(1234) Pause Young (Normal) (G1 Evacuation Pause)
[2021-04-20T18:32:17.088-0700][gc,task       ] GC(1234) Using 8 workers of 8 for evacuation
[2021-04-20T18:32:17.098-0700][gc,phases     ] GC(1234)   Pre Evacuate Collection Set: 0.1ms
[2021-04-20T18:32:17.098-0700][gc,phases     ] GC(1234)   Evacuate Collection Set: 8.1ms
[2021-04-20T18:32:17.098-0700][gc,phases     ] GC(1234)   Post Evacuate Collection Set: 2.1ms
[2021-04-20T18:32:17.098-0700][gc,phases     ] GC(1234)   Other: 0.6ms
[2021-04-20T18:32:17.098-0700][gc,heap       ] GC(1234) Eden regions: 610->0(611)
[2021-04-20T18:32:17.098-0700][gc,heap       ] GC(1234) Survivor regions: 4->3(77)
[2021-04-20T18:32:17.098-0700][gc,heap       ] GC(1234) Old regions: 132->132
[2021-04-20T18:32:17.098-0700][gc,heap       ] GC(1234) Humongous regions: 129->129
[2021-04-20T18:32:17.099-0700][gc,metaspace  ] GC(1234) Metaspace: 42241K->42241K(1087488K)
[2021-04-20T18:32:17.099-0700][gc            ] GC(1234) Pause Young (Normal) (G1 Evacuation Pause) 872M->262M(1024M) 11.146ms
[2021-04-20T18:32:17.099-0700][gc,cpu        ] GC(1234) User=0.05s Sys=0.00s Real=0.02s
[2021-04-20T18:35:27.099-0700][gc,start      ] GC(1235) Pause Young (Normal) (G1 Evacuation Pause)
[2021-04-20T18:35:27.099-0700][gc,task       ] GC(1235) Using 8 workers of 8 for evacuation
[2021-04-20T18:35:27.107-0700][gc,phases     ] GC(1235)   Pre Evacuate Collection Set: 0.0ms
[2021-04-20T18:35:27.107-0700][gc,phases     ] GC(1235)   Evacuate Collection Set: 5.7ms
[2021-04-20T18:35:27.107-0700][gc,phases     ] GC(1235)   Post Evacuate Collection Set: 1.2ms
[2021-04-20T18:35:27.107-0700][gc,phases     ] GC(1235)   Other: 0.5ms
[2021-04-20T18:35:27.107-0700][gc,heap       ] GC(1235) Eden regions: 611->0(610)
[2021-04-20T18:35:27.107-0700][gc,heap       ] GC(1235) Survivor regions: 3->4(77)
[2021-04-20T18:35:27.107-0700][gc,heap       ] GC(1235) Old regions: 132->132
[2021-04-20T18:35:27.107-0700][gc,heap       ] GC(1235) Humongous regions: 129->129
[2021-04-20T18:35:27.107-0700][gc,metaspace  ] GC(1235) Metaspace: 42241K->42241K(1087488K)
[2021-04-20T18:35:27.107-0700][gc            ] GC(1235) Pause Young (Normal) (G1 Evacuation Pause) 873M->262M(1024M) 7.602ms
[2021-04-20T18:35:27.107-0700][gc,cpu        ] GC(1235) User=0.05s Sys=0.00s Real=0.00s
[2021-04-20T18:38:37.633-0700][gc,start      ] GC(1236) Pause Young (Normal) (G1 Evacuation Pause)
[2021-04-20T18:38:37.633-0700][gc,task       ] GC(1236) Using 8 workers of 8 for evacuation
[2021-04-20T18:38:37.640-0700][gc,phases     ] GC(1236)   Pre Evacuate Collection Set: 0.0ms
[2021-04-20T18:38:37.640-0700][gc,phases     ] GC(1236)   Evacuate Collection Set: 5.2ms
[2021-04-20T18:38:37.640-0700][gc,phases     ] GC(1236)   Post Evacuate Collection Set: 1.3ms
[2021-04-20T18:38:37.640-0700][gc,phases     ] GC(1236)   Other: 0.5ms
[2021-04-20T18:38:37.640-0700][gc,heap       ] GC(1236) Eden regions: 610->0(611)
[2021-04-20T18:38:37.640-0700][gc,heap       ] GC(1236) Survivor regions: 4->3(77)
[2021-04-20T18:38:37.640-0700][gc,heap       ] GC(1236) Old regions: 132->132
[2021-04-20T18:38:37.640-0700][gc,heap       ] GC(1236) Humongous regions: 129->129
[2021-04-20T18:38:37.640-0700][gc,metaspace  ] GC(1236) Metaspace: 42241K->42241K(1087488K)
[2021-04-20T18:38:37.640-0700][gc            ] GC(1236) Pause Young (Normal) (G1 Evacuation Pause) 872M->262M(1024M) 7.325ms
[2021-04-20T18:38:37.640-0700][gc,cpu        ] GC(1236) User=0.03s Sys=0.02s Real=0.01s
[2021-04-20T18:41:48.428-0700][gc,start      ] GC(1237) Pause Young (Normal) (G1 Evacuation Pause)
[2021-04-20T18:41:48.428-0700][gc,task       ] GC(1237) Using 8 workers of 8 for evacuation
[2021-04-20T18:41:48.432-0700][gc,phases     ] GC(1237)   Pre Evacuate Collection Set: 0.0ms
[2021-04-20T18:41:48.432-0700][gc,phases     ] GC(1237)   Evacuate Collection Set: 3.0ms
[2021-04-20T18:41:48.432-0700][gc,phases     ] GC(1237)   Post Evacuate Collection Set: 0.6ms
[2021-04-20T18:41:48.432-0700][gc,phases     ] GC(1237)   Other: 0.2ms
[2021-04-20T18:41:48.432-0700][gc,heap       ] GC(1237) Eden regions: 611->0(611)
[2021-04-20T18:41:48.432-0700][gc,heap       ] GC(1237) Survivor regions: 3->3(77)
[2021-04-20T18:41:48.432-0700][gc,heap       ] GC(1237) Old regions: 132->132
[2021-04-20T18:41:48.432-0700][gc,heap       ] GC(1237) Humongous regions: 129->129
[2021-04-20T18:41:48.432-0700][gc,metaspace  ] GC(1237) Metaspace: 42241K->42241K(1087488K)
[2021-04-20T18:41:48.432-0700][gc            ] GC(1237) Pause Young (Normal) (G1 Evacuation Pause) 873M->261M(1024M) 3.922ms
[2021-04-20T18:41:48.432-0700][gc,cpu        ] GC(1237) User=0.01s Sys=0.02s Real=0.01s
[2021-04-20T18:44:59.103-0700][gc,start      ] GC(1238) Pause Young (Normal) (G1 Evacuation Pause)
[2021-04-20T18:44:59.103-0700][gc,task       ] GC(1238) Using 8 workers of 8 for evacuation
[2021-04-20T18:44:59.111-0700][gc,phases     ] GC(1238)   Pre Evacuate Collection Set: 0.0ms
[2021-04-20T18:44:59.111-0700][gc,phases     ] GC(1238)   Evacuate Collection Set: 5.7ms
[2021-04-20T18:44:59.111-0700][gc,phases     ] GC(1238)   Post Evacuate Collection Set: 1.4ms
[2021-04-20T18:44:59.111-0700][gc,phases     ] GC(1238)   Other: 0.5ms
[2021-04-20T18:44:59.111-0700][gc,heap       ] GC(1238) Eden regions: 611->0(612)
[2021-04-20T18:44:59.111-0700][gc,heap       ] GC(1238) Survivor regions: 3->2(77)
[2021-04-20T18:44:59.111-0700][gc,heap       ] GC(1238) Old regions: 132->132
[2021-04-20T18:44:59.111-0700][gc,heap       ] GC(1238) Humongous regions: 129->129
[2021-04-20T18:44:59.111-0700][gc,metaspace  ] GC(1238) Metaspace: 42241K->42241K(1087488K)
[2021-04-20T18:44:59.111-0700][gc            ] GC(1238) Pause Young (Normal) (G1 Evacuation Pause) 872M->261M(1024M) 7.866ms
[2021-04-20T18:44:59.111-0700][gc,cpu        ] GC(1238) User=0.04s Sys=0.00s Real=0.01s
[2021-04-20T18:48:10.443-0700][gc,start      ] GC(1239) Pause Young (Normal) (G1 Evacuation Pause)
[2021-04-20T18:48:10.443-0700][gc,task       ] GC(1239) Using 8 workers of 8 for evacuation
[2021-04-20T18:48:10.457-0700][gc,phases     ] GC(1239)   Pre Evacuate Collection Set: 0.1ms
[2021-04-20T18:48:10.457-0700][gc,phases     ] GC(1239)   Evacuate Collection Set: 12.2ms
[2021-04-20T18:48:10.457-0700][gc,phases     ] GC(1239)   Post Evacuate Collection Set: 1.6ms
[2021-04-20T18:48:10.457-0700][gc,phases     ] GC(1239)   Other: 0.7ms
[2021-04-20T18:48:10.457-0700][gc,heap       ] GC(1239) Eden regions: 612->0(610)
[2021-04-20T18:48:10.457-0700][gc,heap       ] GC(1239) Survivor regions: 2->4(77)
[2021-04-20T18:48:10.457-0700][gc,heap       ] GC(1239) Old regions: 132->132
[2021-04-20T18:48:10.457-0700][gc,heap       ] GC(1239) Humongous regions: 129->129
[2021-04-20T18:48:10.457-0700][gc,metaspace  ] GC(1239) Metaspace: 42241K->42241K(1087488K)
[2021-04-20T18:48:10.458-0700][gc            ] GC(1239) Pause Young (Normal) (G1 Evacuation Pause) 873M->262M(1024M) 14.778ms
[2021-04-20T18:48:10.458-0700][gc,cpu        ] GC(1239) User=0.07s Sys=0.00s Real=0.02s
[2021-04-20T18:51:20.941-0700][gc,start      ] GC(1240) Pause Young (Normal) (G1 Evacuation Pause)
[2021-04-20T18:51:20.941-0700][gc,task       ] GC(1240) Using 8 workers of 8 for evacuation
[2021-04-20T18:51:20.948-0700][gc,phases     ] GC(1240)   Pre Evacuate Collection Set: 0.0ms
[2021-04-20T18:51:20.948-0700][gc,phases     ] GC(1240)   Evacuate Collection Set: 5.2ms
[2021-04-20T18:51:20.948-0700][gc,phases     ] GC(1240)   Post Evacuate Collection Set: 1.4ms
[2021-04-20T18:51:20.949-0700][gc,phases     ] GC(1240)   Other: 0.5ms
[2021-04-20T18:51:20.949-0700][gc,heap       ] GC(1240) Eden regions: 610->0(611)
[2021-04-20T18:51:20.949-0700][gc,heap       ] GC(1240) Survivor regions: 4->3(77)
[2021-04-20T18:51:20.949-0700][gc,heap       ] GC(1240) Old regions: 132->132
[2021-04-20T18:51:20.949-0700][gc,heap       ] GC(1240) Humongous regions: 129->129
[2021-04-20T18:51:20.949-0700][gc,metaspace  ] GC(1240) Metaspace: 42241K->42241K(1087488K)
[2021-04-20T18:51:20.949-0700][gc            ] GC(1240) Pause Young (Normal) (G1 Evacuation Pause) 872M->262M(1024M) 7.533ms
[2021-04-20T18:51:20.949-0700][gc,cpu        ] GC(1240) User=0.04s Sys=0.00s Real=0.01s
[2021-04-20T18:54:31.882-0700][gc,start      ] GC(1241) Pause Young (Normal) (G1 Evacuation Pause)
[2021-04-20T18:54:31.883-0700][gc,task       ] GC(1241) Using 8 workers of 8 for evacuation
[2021-04-20T18:54:31.889-0700][gc,phases     ] GC(1241)   Pre Evacuate Collection Set: 0.1ms
[2021-04-20T18:54:31.889-0700][gc,phases     ] GC(1241)   Evacuate Collection Set: 4.5ms
[2021-04-20T18:54:31.889-0700][gc,phases     ] GC(1241)   Post Evacuate Collection Set: 1.1ms
[2021-04-20T18:54:31.889-0700][gc,phases     ] GC(1241)   Other: 0.5ms
[2021-04-20T18:54:31.889-0700][gc,heap       ] GC(1241) Eden regions: 611->0(611)
[2021-04-20T18:54:31.889-0700][gc,heap       ] GC(1241) Survivor regions: 3->3(77)
[2021-04-20T18:54:31.889-0700][gc,heap       ] GC(1241) Old regions: 132->132
[2021-04-20T18:54:31.889-0700][gc,heap       ] GC(1241) Humongous regions: 129->129
[2021-04-20T18:54:31.889-0700][gc,metaspace  ] GC(1241) Metaspace: 42241K->42241K(1087488K)
[2021-04-20T18:54:31.889-0700][gc            ] GC(1241) Pause Young (Normal) (G1 Evacuation Pause) 873M->261M(1024M) 6.430ms
[2021-04-20T18:54:31.889-0700][gc,cpu        ] GC(1241) User=0.02s Sys=0.01s Real=0.01s
[2021-04-20T20:10:30.965-0700][gc,start      ] GC(1242) Pause Young (Normal) (G1 Evacuation Pause)
[2021-04-20T20:10:30.966-0700][gc,task       ] GC(1242) Using 8 workers of 8 for evacuation
[2021-04-20T20:10:30.972-0700][gc,phases     ] GC(1242)   Pre Evacuate Collection Set: 0.0ms
[2021-04-20T20:10:30.972-0700][gc,phases     ] GC(1242)   Evacuate Collection Set: 4.7ms
[2021-04-20T20:10:30.972-0700][gc,phases     ] GC(1242)   Post Evacuate Collection Set: 1.5ms
[2021-04-20T20:10:30.972-0700][gc,phases     ] GC(1242)   Other: 0.5ms
[2021-04-20T20:10:30.972-0700][gc,heap       ] GC(1242) Eden regions: 611->0(611)
[2021-04-20T20:10:30.972-0700][gc,heap       ] GC(1242) Survivor regions: 3->3(77)
[2021-04-20T20:10:30.972-0700][gc,heap       ] GC(1242) Old regions: 132->132
[2021-04-20T20:10:30.972-0700][gc,heap       ] GC(1242) Humongous regions: 129->129
[2021-04-20T20:10:30.972-0700][gc,metaspace  ] GC(1242) Metaspace: 42241K->42241K(1087488K)
[2021-04-20T20:10:30.972-0700][gc            ] GC(1242) Pause Young (Normal) (G1 Evacuation Pause) 872M->261M(1024M) 6.989ms
[2021-04-20T20:10:30.972-0700][gc,cpu        ] GC(1242) User=0.04s Sys=0.00s Real=0.01s
[2021-04-21T05:45:42.335-0700][gc,start      ] GC(1243) Pause Young (Normal) (G1 Evacuation Pause)
[2021-04-21T05:45:42.336-0700][gc,task       ] GC(1243) Using 8 workers of 8 for evacuation
[2021-04-21T05:45:42.342-0700][gc,phases     ] GC(1243)   Pre Evacuate Collection Set: 0.0ms
[2021-04-21T05:45:42.342-0700][gc,phases     ] GC(1243)   Evacuate Collection Set: 4.3ms
[2021-04-21T05:45:42.342-0700][gc,phases     ] GC(1243)   Post Evacuate Collection Set: 1.4ms
[2021-04-21T05:45:42.342-0700][gc,phases     ] GC(1243)   Other: 0.5ms
[2021-04-21T05:45:42.342-0700][gc,heap       ] GC(1243) Eden regions: 611->0(611)
[2021-04-21T05:45:42.342-0700][gc,heap       ] GC(1243) Survivor regions: 3->3(77)
[2021-04-21T05:45:42.342-0700][gc,heap       ] GC(1243) Old regions: 132->132
[2021-04-21T05:45:42.342-0700][gc,heap       ] GC(1243) Humongous regions: 129->129
[2021-04-21T05:45:42.342-0700][gc,metaspace  ] GC(1243) Metaspace: 42241K->42241K(1087488K)
[2021-04-21T05:45:42.342-0700][gc            ] GC(1243) Pause Young (Normal) (G1 Evacuation Pause) 872M->261M(1024M) 6.451ms
[2021-04-21T05:45:42.342-0700][gc,cpu        ] GC(1243) User=0.04s Sys=0.00s Real=0.01s
[2021-04-21T15:28:47.133-0700][gc,start      ] GC(1244) Pause Young (Normal) (G1 Evacuation Pause)
[2021-04-21T15:28:47.133-0700][gc,task       ] GC(1244) Using 8 workers of 8 for evacuation
[2021-04-21T15:28:47.135-0700][gc,phases     ] GC(1244)   Pre Evacuate Collection Set: 0.0ms
[2021-04-21T15:28:47.135-0700][gc,phases     ] GC(1244)   Evacuate Collection Set: 1.4ms
[2021-04-21T15:28:47.135-0700][gc,phases     ] GC(1244)   Post Evacuate Collection Set: 0.7ms
[2021-04-21T15:28:47.135-0700][gc,phases     ] GC(1244)   Other: 0.2ms
[2021-04-21T15:28:47.135-0700][gc,heap       ] GC(1244) Eden regions: 611->0(611)
[2021-04-21T15:28:47.135-0700][gc,heap       ] GC(1244) Survivor regions: 3->3(77)
[2021-04-21T15:28:47.135-0700][gc,heap       ] GC(1244) Old regions: 132->132
[2021-04-21T15:28:47.135-0700][gc,heap       ] GC(1244) Humongous regions: 129->129
[2021-04-21T15:28:47.135-0700][gc,metaspace  ] GC(1244) Metaspace: 42241K->42241K(1087488K)
[2021-04-21T15:28:47.135-0700][gc            ] GC(1244) Pause Young (Normal) (G1 Evacuation Pause) 872M->261M(1024M) 2.338ms
[2021-04-21T15:28:47.135-0700][gc,cpu        ] GC(1244) User=0.01s Sys=0.01s Real=0.00s
[2021-04-21T16:39:46.979-0700][gc,start      ] GC(1245) Pause Young (Normal) (G1 Evacuation Pause)
[2021-04-21T16:39:46.985-0700][gc,task       ] GC(1245) Using 8 workers of 8 for evacuation
[2021-04-21T16:39:46.992-0700][gc,phases     ] GC(1245)   Pre Evacuate Collection Set: 0.0ms
[2021-04-21T16:39:46.992-0700][gc,phases     ] GC(1245)   Evacuate Collection Set: 5.1ms
[2021-04-21T16:39:46.992-0700][gc,phases     ] GC(1245)   Post Evacuate Collection Set: 1.4ms
[2021-04-21T16:39:46.992-0700][gc,phases     ] GC(1245)   Other: 6.6ms
[2021-04-21T16:39:46.992-0700][gc,heap       ] GC(1245) Eden regions: 611->0(611)
[2021-04-21T16:39:46.992-0700][gc,heap       ] GC(1245) Survivor regions: 3->3(77)
[2021-04-21T16:39:46.992-0700][gc,heap       ] GC(1245) Old regions: 132->132
[2021-04-21T16:39:46.992-0700][gc,heap       ] GC(1245) Humongous regions: 129->129
[2021-04-21T16:39:46.993-0700][gc,metaspace  ] GC(1245) Metaspace: 42242K->42242K(1087488K)
[2021-04-21T16:39:46.993-0700][gc            ] GC(1245) Pause Young (Normal) (G1 Evacuation Pause) 872M->261M(1024M) 13.323ms
[2021-04-21T16:39:46.993-0700][gc,cpu        ] GC(1245) User=0.03s Sys=0.02s Real=0.01s
[2021-04-21T16:42:57.197-0700][gc,start      ] GC(1246) Pause Young (Normal) (G1 Evacuation Pause)
[2021-04-21T16:42:57.197-0700][gc,task       ] GC(1246) Using 8 workers of 8 for evacuation
[2021-04-21T16:42:57.206-0700][gc,phases     ] GC(1246)   Pre Evacuate Collection Set: 0.1ms
[2021-04-21T16:42:57.206-0700][gc,phases     ] GC(1246)   Evacuate Collection Set: 6.5ms
[2021-04-21T16:42:57.206-0700][gc,phases     ] GC(1246)   Post Evacuate Collection Set: 1.4ms
[2021-04-21T16:42:57.206-0700][gc,phases     ] GC(1246)   Other: 0.7ms
[2021-04-21T16:42:57.206-0700][gc,heap       ] GC(1246) Eden regions: 611->0(610)
[2021-04-21T16:42:57.206-0700][gc,heap       ] GC(1246) Survivor regions: 3->4(77)
[2021-04-21T16:42:57.206-0700][gc,heap       ] GC(1246) Old regions: 132->132
[2021-04-21T16:42:57.206-0700][gc,heap       ] GC(1246) Humongous regions: 129->129
[2021-04-21T16:42:57.206-0700][gc,metaspace  ] GC(1246) Metaspace: 42242K->42242K(1087488K)
[2021-04-21T16:42:57.206-0700][gc            ] GC(1246) Pause Young (Normal) (G1 Evacuation Pause) 872M->262M(1024M) 8.874ms
[2021-04-21T16:42:57.206-0700][gc,cpu        ] GC(1246) User=0.03s Sys=0.03s Real=0.00s
[2021-04-21T16:46:08.017-0700][gc,start      ] GC(1247) Pause Young (Normal) (G1 Evacuation Pause)
[2021-04-21T16:46:08.017-0700][gc,task       ] GC(1247) Using 8 workers of 8 for evacuation
[2021-04-21T16:46:08.025-0700][gc,phases     ] GC(1247)   Pre Evacuate Collection Set: 0.0ms
[2021-04-21T16:46:08.025-0700][gc,phases     ] GC(1247)   Evacuate Collection Set: 5.6ms
[2021-04-21T16:46:08.025-0700][gc,phases     ] GC(1247)   Post Evacuate Collection Set: 1.4ms
[2021-04-21T16:46:08.025-0700][gc,phases     ] GC(1247)   Other: 0.5ms
[2021-04-21T16:46:08.025-0700][gc,heap       ] GC(1247) Eden regions: 610->0(611)
[2021-04-21T16:46:08.025-0700][gc,heap       ] GC(1247) Survivor regions: 4->3(77)
[2021-04-21T16:46:08.025-0700][gc,heap       ] GC(1247) Old regions: 132->132
[2021-04-21T16:46:08.025-0700][gc,heap       ] GC(1247) Humongous regions: 129->129
[2021-04-21T16:46:08.025-0700][gc,metaspace  ] GC(1247) Metaspace: 42242K->42242K(1087488K)
[2021-04-21T16:46:08.025-0700][gc            ] GC(1247) Pause Young (Normal) (G1 Evacuation Pause) 872M->262M(1024M) 7.779ms
[2021-04-21T16:46:08.025-0700][gc,cpu        ] GC(1247) User=0.03s Sys=0.02s Real=0.00s
[2021-04-21T16:49:19.164-0700][gc,start      ] GC(1248) Pause Young (Normal) (G1 Evacuation Pause)
[2021-04-21T16:49:19.164-0700][gc,task       ] GC(1248) Using 8 workers of 8 for evacuation
[2021-04-21T16:49:19.173-0700][gc,phases     ] GC(1248)   Pre Evacuate Collection Set: 0.0ms
[2021-04-21T16:49:19.173-0700][gc,phases     ] GC(1248)   Evacuate Collection Set: 7.3ms
[2021-04-21T16:49:19.173-0700][gc,phases     ] GC(1248)   Post Evacuate Collection Set: 1.3ms
[2021-04-21T16:49:19.173-0700][gc,phases     ] GC(1248)   Other: 0.5ms
[2021-04-21T16:49:19.173-0700][gc,heap       ] GC(1248) Eden regions: 611->0(610)
[2021-04-21T16:49:19.173-0700][gc,heap       ] GC(1248) Survivor regions: 3->4(77)
[2021-04-21T16:49:19.173-0700][gc,heap       ] GC(1248) Old regions: 132->132
[2021-04-21T16:49:19.173-0700][gc,heap       ] GC(1248) Humongous regions: 129->129
[2021-04-21T16:49:19.173-0700][gc,metaspace  ] GC(1248) Metaspace: 42242K->42242K(1087488K)
[2021-04-21T16:49:19.174-0700][gc            ] GC(1248) Pause Young (Normal) (G1 Evacuation Pause) 873M->263M(1024M) 9.288ms
[2021-04-21T16:49:19.174-0700][gc,cpu        ] GC(1248) User=0.02s Sys=0.04s Real=0.01s
[2021-04-21T16:52:29.020-0700][gc,start      ] GC(1249) Pause Young (Normal) (G1 Evacuation Pause)
[2021-04-21T16:52:29.020-0700][gc,task       ] GC(1249) Using 8 workers of 8 for evacuation
[2021-04-21T16:52:29.024-0700][gc,phases     ] GC(1249)   Pre Evacuate Collection Set: 0.0ms
[2021-04-21T16:52:29.024-0700][gc,phases     ] GC(1249)   Evacuate Collection Set: 3.6ms
[2021-04-21T16:52:29.024-0700][gc,phases     ] GC(1249)   Post Evacuate Collection Set: 0.5ms
[2021-04-21T16:52:29.024-0700][gc,phases     ] GC(1249)   Other: 0.2ms
[2021-04-21T16:52:29.024-0700][gc,heap       ] GC(1249) Eden regions: 610->0(611)
[2021-04-21T16:52:29.024-0700][gc,heap       ] GC(1249) Survivor regions: 4->3(77)
[2021-04-21T16:52:29.024-0700][gc,heap       ] GC(1249) Old regions: 132->132
[2021-04-21T16:52:29.024-0700][gc,heap       ] GC(1249) Humongous regions: 129->129
[2021-04-21T16:52:29.024-0700][gc,metaspace  ] GC(1249) Metaspace: 42242K->42242K(1087488K)
[2021-04-21T16:52:29.024-0700][gc            ] GC(1249) Pause Young (Normal) (G1 Evacuation Pause) 873M->262M(1024M) 4.377ms
[2021-04-21T16:52:29.024-0700][gc,cpu        ] GC(1249) User=0.01s Sys=0.01s Real=0.00s
[2021-04-21T16:55:39.650-0700][gc,start      ] GC(1250) Pause Young (Normal) (G1 Evacuation Pause)
[2021-04-21T16:55:39.650-0700][gc,task       ] GC(1250) Using 8 workers of 8 for evacuation
[2021-04-21T16:55:39.662-0700][gc,phases     ] GC(1250)   Pre Evacuate Collection Set: 0.1ms
[2021-04-21T16:55:39.662-0700][gc,phases     ] GC(1250)   Evacuate Collection Set: 9.7ms
[2021-04-21T16:55:39.662-0700][gc,phases     ] GC(1250)   Post Evacuate Collection Set: 1.4ms
[2021-04-21T16:55:39.662-0700][gc,phases     ] GC(1250)   Other: 0.7ms
[2021-04-21T16:55:39.662-0700][gc,heap       ] GC(1250) Eden regions: 611->0(611)
[2021-04-21T16:55:39.662-0700][gc,heap       ] GC(1250) Survivor regions: 3->3(77)
[2021-04-21T16:55:39.662-0700][gc,heap       ] GC(1250) Old regions: 132->132
[2021-04-21T16:55:39.662-0700][gc,heap       ] GC(1250) Humongous regions: 129->129
[2021-04-21T16:55:39.662-0700][gc,metaspace  ] GC(1250) Metaspace: 42242K->42242K(1087488K)
[2021-04-21T16:55:39.662-0700][gc            ] GC(1250) Pause Young (Normal) (G1 Evacuation Pause) 873M->262M(1024M) 12.117ms
[2021-04-21T16:55:39.662-0700][gc,cpu        ] GC(1250) User=0.07s Sys=0.00s Real=0.01s
[2021-04-21T16:58:49.741-0700][gc,start      ] GC(1251) Pause Young (Normal) (G1 Evacuation Pause)
[2021-04-21T16:58:49.742-0700][gc,task       ] GC(1251) Using 8 workers of 8 for evacuation
[2021-04-21T16:58:49.751-0700][gc,phases     ] GC(1251)   Pre Evacuate Collection Set: 0.0ms
[2021-04-21T16:58:49.751-0700][gc,phases     ] GC(1251)   Evacuate Collection Set: 7.5ms
[2021-04-21T16:58:49.751-0700][gc,phases     ] GC(1251)   Post Evacuate Collection Set: 1.3ms
[2021-04-21T16:58:49.751-0700][gc,phases     ] GC(1251)   Other: 0.5ms
[2021-04-21T16:58:49.751-0700][gc,heap       ] GC(1251) Eden regions: 611->0(610)
[2021-04-21T16:58:49.751-0700][gc,heap       ] GC(1251) Survivor regions: 3->4(77)
[2021-04-21T16:58:49.751-0700][gc,heap       ] GC(1251) Old regions: 132->132
[2021-04-21T16:58:49.751-0700][gc,heap       ] GC(1251) Humongous regions: 129->129
[2021-04-21T16:58:49.751-0700][gc,metaspace  ] GC(1251) Metaspace: 42242K->42242K(1087488K)
[2021-04-21T16:58:49.751-0700][gc            ] GC(1251) Pause Young (Normal) (G1 Evacuation Pause) 873M->263M(1024M) 9.527ms
[2021-04-21T16:58:49.751-0700][gc,cpu        ] GC(1251) User=0.06s Sys=0.00s Real=0.01s
[2021-04-21T17:01:54.991-0700][gc,start      ] GC(1252) Pause Young (Normal) (G1 Evacuation Pause)
[2021-04-21T17:01:54.991-0700][gc,task       ] GC(1252) Using 8 workers of 8 for evacuation
[2021-04-21T17:01:55.000-0700][gc,phases     ] GC(1252)   Pre Evacuate Collection Set: 0.1ms
[2021-04-21T17:01:55.000-0700][gc,phases     ] GC(1252)   Evacuate Collection Set: 7.2ms
[2021-04-21T17:01:55.000-0700][gc,phases     ] GC(1252)   Post Evacuate Collection Set: 1.3ms
[2021-04-21T17:01:55.000-0700][gc,phases     ] GC(1252)   Other: 0.6ms
[2021-04-21T17:01:55.000-0700][gc,heap       ] GC(1252) Eden regions: 610->0(610)
[2021-04-21T17:01:55.000-0700][gc,heap       ] GC(1252) Survivor regions: 4->4(77)
[2021-04-21T17:01:55.000-0700][gc,heap       ] GC(1252) Old regions: 132->132
[2021-04-21T17:01:55.000-0700][gc,heap       ] GC(1252) Humongous regions: 129->129
[2021-04-21T17:01:55.000-0700][gc,metaspace  ] GC(1252) Metaspace: 42251K->42251K(1087488K)
[2021-04-21T17:01:55.000-0700][gc            ] GC(1252) Pause Young (Normal) (G1 Evacuation Pause) 873M->263M(1024M) 9.366ms
[2021-04-21T17:01:55.001-0700][gc,cpu        ] GC(1252) User=0.06s Sys=0.00s Real=0.01s
[2021-04-21T17:05:01.564-0700][gc,start      ] GC(1253) Pause Young (Normal) (G1 Evacuation Pause)
[2021-04-21T17:05:01.564-0700][gc,task       ] GC(1253) Using 8 workers of 8 for evacuation
[2021-04-21T17:05:01.573-0700][gc,phases     ] GC(1253)   Pre Evacuate Collection Set: 0.0ms
[2021-04-21T17:05:01.573-0700][gc,phases     ] GC(1253)   Evacuate Collection Set: 7.2ms
[2021-04-21T17:05:01.573-0700][gc,phases     ] GC(1253)   Post Evacuate Collection Set: 1.3ms
[2021-04-21T17:05:01.573-0700][gc,phases     ] GC(1253)   Other: 0.5ms
[2021-04-21T17:05:01.573-0700][gc,heap       ] GC(1253) Eden regions: 610->0(610)
[2021-04-21T17:05:01.573-0700][gc,heap       ] GC(1253) Survivor regions: 4->4(77)
[2021-04-21T17:05:01.573-0700][gc,heap       ] GC(1253) Old regions: 132->132
[2021-04-21T17:05:01.573-0700][gc,heap       ] GC(1253) Humongous regions: 129->129
[2021-04-21T17:05:01.573-0700][gc,metaspace  ] GC(1253) Metaspace: 42251K->42251K(1087488K)
[2021-04-21T17:05:01.574-0700][gc            ] GC(1253) Pause Young (Normal) (G1 Evacuation Pause) 873M->262M(1024M) 9.213ms
[2021-04-21T17:05:01.574-0700][gc,cpu        ] GC(1253) User=0.04s Sys=0.02s Real=0.01s
[2021-04-21T17:08:11.746-0700][gc,start      ] GC(1254) Pause Young (Normal) (G1 Evacuation Pause)
[2021-04-21T17:08:11.746-0700][gc,task       ] GC(1254) Using 8 workers of 8 for evacuation
[2021-04-21T17:08:11.757-0700][gc,phases     ] GC(1254)   Pre Evacuate Collection Set: 0.0ms
[2021-04-21T17:08:11.757-0700][gc,phases     ] GC(1254)   Evacuate Collection Set: 8.8ms
[2021-04-21T17:08:11.757-0700][gc,phases     ] GC(1254)   Post Evacuate Collection Set: 1.3ms
[2021-04-21T17:08:11.757-0700][gc,phases     ] GC(1254)   Other: 0.5ms
[2021-04-21T17:08:11.757-0700][gc,heap       ] GC(1254) Eden regions: 610->0(610)
[2021-04-21T17:08:11.757-0700][gc,heap       ] GC(1254) Survivor regions: 4->4(77)
[2021-04-21T17:08:11.757-0700][gc,heap       ] GC(1254) Old regions: 132->132
[2021-04-21T17:08:11.757-0700][gc,heap       ] GC(1254) Humongous regions: 129->129
[2021-04-21T17:08:11.757-0700][gc,metaspace  ] GC(1254) Metaspace: 42251K->42251K(1087488K)
[2021-04-21T17:08:11.757-0700][gc            ] GC(1254) Pause Young (Normal) (G1 Evacuation Pause) 872M->263M(1024M) 10.915ms
[2021-04-21T17:08:11.757-0700][gc,cpu        ] GC(1254) User=0.07s Sys=0.00s Real=0.02s
[2021-04-21T17:11:22.581-0700][gc,start      ] GC(1255) Pause Young (Normal) (G1 Evacuation Pause)
[2021-04-21T17:11:22.581-0700][gc,task       ] GC(1255) Using 8 workers of 8 for evacuation
[2021-04-21T17:11:22.592-0700][gc,phases     ] GC(1255)   Pre Evacuate Collection Set: 0.1ms
[2021-04-21T17:11:22.592-0700][gc,phases     ] GC(1255)   Evacuate Collection Set: 8.8ms
[2021-04-21T17:11:22.592-0700][gc,phases     ] GC(1255)   Post Evacuate Collection Set: 1.5ms
[2021-04-21T17:11:22.592-0700][gc,phases     ] GC(1255)   Other: 0.5ms
[2021-04-21T17:11:22.592-0700][gc,heap       ] GC(1255) Eden regions: 610->0(609)
[2021-04-21T17:11:22.592-0700][gc,heap       ] GC(1255) Survivor regions: 4->5(77)
[2021-04-21T17:11:22.592-0700][gc,heap       ] GC(1255) Old regions: 132->132
[2021-04-21T17:11:22.592-0700][gc,heap       ] GC(1255) Humongous regions: 129->129
[2021-04-21T17:11:22.592-0700][gc,metaspace  ] GC(1255) Metaspace: 42251K->42251K(1087488K)
[2021-04-21T17:11:22.592-0700][gc            ] GC(1255) Pause Young (Normal) (G1 Evacuation Pause) 873M->264M(1024M) 11.134ms
[2021-04-21T17:11:22.592-0700][gc,cpu        ] GC(1255) User=0.08s Sys=0.00s Real=0.01s
[2021-04-21T17:14:33.215-0700][gc,start      ] GC(1256) Pause Young (Normal) (G1 Evacuation Pause)
[2021-04-21T17:14:33.215-0700][gc,task       ] GC(1256) Using 8 workers of 8 for evacuation
[2021-04-21T17:14:33.218-0700][gc,phases     ] GC(1256)   Pre Evacuate Collection Set: 0.0ms
[2021-04-21T17:14:33.218-0700][gc,phases     ] GC(1256)   Evacuate Collection Set: 2.5ms
[2021-04-21T17:14:33.218-0700][gc,phases     ] GC(1256)   Post Evacuate Collection Set: 0.6ms
[2021-04-21T17:14:33.218-0700][gc,phases     ] GC(1256)   Other: 0.2ms
[2021-04-21T17:14:33.218-0700][gc,heap       ] GC(1256) Eden regions: 609->0(609)
[2021-04-21T17:14:33.218-0700][gc,heap       ] GC(1256) Survivor regions: 5->5(77)
[2021-04-21T17:14:33.218-0700][gc,heap       ] GC(1256) Old regions: 132->132
[2021-04-21T17:14:33.218-0700][gc,heap       ] GC(1256) Humongous regions: 129->129
[2021-04-21T17:14:33.218-0700][gc,metaspace  ] GC(1256) Metaspace: 42251K->42251K(1087488K)
[2021-04-21T17:14:33.218-0700][gc            ] GC(1256) Pause Young (Normal) (G1 Evacuation Pause) 873M->263M(1024M) 3.378ms
[2021-04-21T17:14:33.218-0700][gc,cpu        ] GC(1256) User=0.02s Sys=0.00s Real=0.01s
[2021-04-21T17:17:43.550-0700][gc,start      ] GC(1257) Pause Young (Normal) (G1 Evacuation Pause)
[2021-04-21T17:17:43.550-0700][gc,task       ] GC(1257) Using 8 workers of 8 for evacuation
[2021-04-21T17:17:43.559-0700][gc,phases     ] GC(1257)   Pre Evacuate Collection Set: 0.1ms
[2021-04-21T17:17:43.559-0700][gc,phases     ] GC(1257)   Evacuate Collection Set: 7.6ms
[2021-04-21T17:17:43.559-0700][gc,phases     ] GC(1257)   Post Evacuate Collection Set: 1.3ms
[2021-04-21T17:17:43.559-0700][gc,phases     ] GC(1257)   Other: 0.5ms
[2021-04-21T17:17:43.559-0700][gc,heap       ] GC(1257) Eden regions: 609->0(610)
[2021-04-21T17:17:43.559-0700][gc,heap       ] GC(1257) Survivor regions: 5->4(77)
[2021-04-21T17:17:43.559-0700][gc,heap       ] GC(1257) Old regions: 132->133
[2021-04-21T17:17:43.559-0700][gc,heap       ] GC(1257) Humongous regions: 129->129
[2021-04-21T17:17:43.559-0700][gc,metaspace  ] GC(1257) Metaspace: 42251K->42251K(1087488K)
[2021-04-21T17:17:43.559-0700][gc            ] GC(1257) Pause Young (Normal) (G1 Evacuation Pause) 872M->263M(1024M) 9.819ms
[2021-04-21T17:17:43.560-0700][gc,cpu        ] GC(1257) User=0.06s Sys=0.00s Real=0.01s
[2021-04-21T17:20:54.695-0700][gc,start      ] GC(1258) Pause Young (Normal) (G1 Evacuation Pause)
[2021-04-21T17:20:54.695-0700][gc,task       ] GC(1258) Using 8 workers of 8 for evacuation
[2021-04-21T17:20:54.699-0700][gc,phases     ] GC(1258)   Pre Evacuate Collection Set: 0.0ms
[2021-04-21T17:20:54.699-0700][gc,phases     ] GC(1258)   Evacuate Collection Set: 2.9ms
[2021-04-21T17:20:54.699-0700][gc,phases     ] GC(1258)   Post Evacuate Collection Set: 0.8ms
[2021-04-21T17:20:54.699-0700][gc,phases     ] GC(1258)   Other: 0.2ms
[2021-04-21T17:20:54.699-0700][gc,heap       ] GC(1258) Eden regions: 610->0(609)
[2021-04-21T17:20:54.699-0700][gc,heap       ] GC(1258) Survivor regions: 4->5(77)
[2021-04-21T17:20:54.699-0700][gc,heap       ] GC(1258) Old regions: 133->133
[2021-04-21T17:20:54.699-0700][gc,heap       ] GC(1258) Humongous regions: 129->129
[2021-04-21T17:20:54.699-0700][gc,metaspace  ] GC(1258) Metaspace: 42251K->42251K(1087488K)
[2021-04-21T17:20:54.699-0700][gc            ] GC(1258) Pause Young (Normal) (G1 Evacuation Pause) 873M->264M(1024M) 3.989ms
[2021-04-21T17:20:54.699-0700][gc,cpu        ] GC(1258) User=0.03s Sys=0.00s Real=0.01s
[2021-04-21T17:23:22.491-0700][gc,start      ] GC(1259) Pause Young (Normal) (G1 Evacuation Pause)
[2021-04-21T17:23:22.491-0700][gc,task       ] GC(1259) Using 8 workers of 8 for evacuation
[2021-04-21T17:23:22.500-0700][gc,phases     ] GC(1259)   Pre Evacuate Collection Set: 0.0ms
[2021-04-21T17:23:22.500-0700][gc,phases     ] GC(1259)   Evacuate Collection Set: 7.6ms
[2021-04-21T17:23:22.500-0700][gc,phases     ] GC(1259)   Post Evacuate Collection Set: 1.3ms
[2021-04-21T17:23:22.500-0700][gc,phases     ] GC(1259)   Other: 0.5ms
[2021-04-21T17:23:22.500-0700][gc,heap       ] GC(1259) Eden regions: 609->0(610)
[2021-04-21T17:23:22.500-0700][gc,heap       ] GC(1259) Survivor regions: 5->4(77)
[2021-04-21T17:23:22.500-0700][gc,heap       ] GC(1259) Old regions: 133->133
[2021-04-21T17:23:22.500-0700][gc,heap       ] GC(1259) Humongous regions: 129->129
[2021-04-21T17:23:22.500-0700][gc,metaspace  ] GC(1259) Metaspace: 42251K->42251K(1087488K)
[2021-04-21T17:23:22.500-0700][gc            ] GC(1259) Pause Young (Normal) (G1 Evacuation Pause) 873M->263M(1024M) 9.682ms
[2021-04-21T17:23:22.500-0700][gc,cpu        ] GC(1259) User=0.06s Sys=0.00s Real=0.01s
[2021-04-21T17:24:58.281-0700][gc,start      ] GC(1260) Pause Young (Normal) (G1 Evacuation Pause)
[2021-04-21T17:24:58.281-0700][gc,task       ] GC(1260) Using 8 workers of 8 for evacuation
[2021-04-21T17:24:58.290-0700][gc,phases     ] GC(1260)   Pre Evacuate Collection Set: 0.0ms
[2021-04-21T17:24:58.290-0700][gc,phases     ] GC(1260)   Evacuate Collection Set: 7.4ms
[2021-04-21T17:24:58.290-0700][gc,phases     ] GC(1260)   Post Evacuate Collection Set: 1.1ms
[2021-04-21T17:24:58.290-0700][gc,phases     ] GC(1260)   Other: 0.5ms
[2021-04-21T17:24:58.290-0700][gc,heap       ] GC(1260) Eden regions: 610->0(610)
[2021-04-21T17:24:58.290-0700][gc,heap       ] GC(1260) Survivor regions: 4->4(77)
[2021-04-21T17:24:58.290-0700][gc,heap       ] GC(1260) Old regions: 133->133
[2021-04-21T17:24:58.290-0700][gc,heap       ] GC(1260) Humongous regions: 129->129
[2021-04-21T17:24:58.290-0700][gc,metaspace  ] GC(1260) Metaspace: 42251K->42251K(1087488K)
[2021-04-21T17:24:58.290-0700][gc            ] GC(1260) Pause Young (Normal) (G1 Evacuation Pause) 873M->263M(1024M) 9.314ms
[2021-04-21T17:24:58.290-0700][gc,cpu        ] GC(1260) User=0.06s Sys=0.00s Real=0.01s
[2021-04-21T17:26:34.157-0700][gc,start      ] GC(1261) Pause Young (Normal) (G1 Evacuation Pause)
[2021-04-21T17:26:34.157-0700][gc,task       ] GC(1261) Using 8 workers of 8 for evacuation
[2021-04-21T17:26:34.165-0700][gc,phases     ] GC(1261)   Pre Evacuate Collection Set: 0.0ms
[2021-04-21T17:26:34.165-0700][gc,phases     ] GC(1261)   Evacuate Collection Set: 6.3ms
[2021-04-21T17:26:34.165-0700][gc,phases     ] GC(1261)   Post Evacuate Collection Set: 1.4ms
[2021-04-21T17:26:34.165-0700][gc,phases     ] GC(1261)   Other: 0.5ms
[2021-04-21T17:26:34.165-0700][gc,heap       ] GC(1261) Eden regions: 610->0(610)
[2021-04-21T17:26:34.165-0700][gc,heap       ] GC(1261) Survivor regions: 4->4(77)
[2021-04-21T17:26:34.165-0700][gc,heap       ] GC(1261) Old regions: 133->133
[2021-04-21T17:26:34.165-0700][gc,heap       ] GC(1261) Humongous regions: 129->129
[2021-04-21T17:26:34.165-0700][gc,metaspace  ] GC(1261) Metaspace: 42251K->42251K(1087488K)
[2021-04-21T17:26:34.165-0700][gc            ] GC(1261) Pause Young (Normal) (G1 Evacuation Pause) 873M->263M(1024M) 8.484ms
[2021-04-21T17:26:34.165-0700][gc,cpu        ] GC(1261) User=0.04s Sys=0.02s Real=0.00s
[2021-04-21T17:28:10.172-0700][gc,start      ] GC(1262) Pause Young (Normal) (G1 Evacuation Pause)
[2021-04-21T17:28:10.172-0700][gc,task       ] GC(1262) Using 8 workers of 8 for evacuation
[2021-04-21T17:28:10.180-0700][gc,phases     ] GC(1262)   Pre Evacuate Collection Set: 0.0ms
[2021-04-21T17:28:10.180-0700][gc,phases     ] GC(1262)   Evacuate Collection Set: 6.6ms
[2021-04-21T17:28:10.180-0700][gc,phases     ] GC(1262)   Post Evacuate Collection Set: 1.4ms
[2021-04-21T17:28:10.180-0700][gc,phases     ] GC(1262)   Other: 0.5ms
[2021-04-21T17:28:10.180-0700][gc,heap       ] GC(1262) Eden regions: 610->0(610)
[2021-04-21T17:28:10.180-0700][gc,heap       ] GC(1262) Survivor regions: 4->4(77)
[2021-04-21T17:28:10.180-0700][gc,heap       ] GC(1262) Old regions: 133->133
[2021-04-21T17:28:10.180-0700][gc,heap       ] GC(1262) Humongous regions: 129->129
[2021-04-21T17:28:10.181-0700][gc,metaspace  ] GC(1262) Metaspace: 42251K->42251K(1087488K)
[2021-04-21T17:28:10.181-0700][gc            ] GC(1262) Pause Young (Normal) (G1 Evacuation Pause) 873M->263M(1024M) 8.718ms
[2021-04-21T17:28:10.181-0700][gc,cpu        ] GC(1262) User=0.05s Sys=0.00s Real=0.01s
[2021-04-21T17:29:45.934-0700][gc,start      ] GC(1263) Pause Young (Normal) (G1 Evacuation Pause)
[2021-04-21T17:29:45.934-0700][gc,task       ] GC(1263) Using 8 workers of 8 for evacuation
[2021-04-21T17:29:45.942-0700][gc,phases     ] GC(1263)   Pre Evacuate Collection Set: 0.0ms
[2021-04-21T17:29:45.942-0700][gc,phases     ] GC(1263)   Evacuate Collection Set: 6.1ms
[2021-04-21T17:29:45.942-0700][gc,phases     ] GC(1263)   Post Evacuate Collection Set: 1.1ms
[2021-04-21T17:29:45.942-0700][gc,phases     ] GC(1263)   Other: 0.5ms
[2021-04-21T17:29:45.942-0700][gc,heap       ] GC(1263) Eden regions: 610->0(610)
[2021-04-21T17:29:45.942-0700][gc,heap       ] GC(1263) Survivor regions: 4->4(77)
[2021-04-21T17:29:45.942-0700][gc,heap       ] GC(1263) Old regions: 133->133
[2021-04-21T17:29:45.942-0700][gc,heap       ] GC(1263) Humongous regions: 129->129
[2021-04-21T17:29:45.942-0700][gc,metaspace  ] GC(1263) Metaspace: 42251K->42251K(1087488K)
[2021-04-21T17:29:45.942-0700][gc            ] GC(1263) Pause Young (Normal) (G1 Evacuation Pause) 873M->263M(1024M) 7.981ms
[2021-04-21T17:29:45.942-0700][gc,cpu        ] GC(1263) User=0.05s Sys=0.00s Real=0.01s
[2021-04-21T17:31:38.255-0700][gc,start      ] GC(1264) Pause Young (Normal) (G1 Evacuation Pause)
[2021-04-21T17:31:38.255-0700][gc,task       ] GC(1264) Using 8 workers of 8 for evacuation
[2021-04-21T17:31:38.265-0700][gc,phases     ] GC(1264)   Pre Evacuate Collection Set: 0.0ms
[2021-04-21T17:31:38.265-0700][gc,phases     ] GC(1264)   Evacuate Collection Set: 8.1ms
[2021-04-21T17:31:38.265-0700][gc,phases     ] GC(1264)   Post Evacuate Collection Set: 1.2ms
[2021-04-21T17:31:38.265-0700][gc,phases     ] GC(1264)   Other: 0.5ms
[2021-04-21T17:31:38.265-0700][gc,heap       ] GC(1264) Eden regions: 610->0(609)
[2021-04-21T17:31:38.265-0700][gc,heap       ] GC(1264) Survivor regions: 4->5(77)
[2021-04-21T17:31:38.265-0700][gc,heap       ] GC(1264) Old regions: 133->133
[2021-04-21T17:31:38.265-0700][gc,heap       ] GC(1264) Humongous regions: 129->129
[2021-04-21T17:31:38.265-0700][gc,metaspace  ] GC(1264) Metaspace: 42251K->42251K(1087488K)
[2021-04-21T17:31:38.265-0700][gc            ] GC(1264) Pause Young (Normal) (G1 Evacuation Pause) 873M->264M(1024M) 10.053ms
[2021-04-21T17:31:38.265-0700][gc,cpu        ] GC(1264) User=0.06s Sys=0.00s Real=0.01s
[2021-04-21T17:34:41.846-0700][gc,start      ] GC(1265) Pause Young (Normal) (G1 Evacuation Pause)
[2021-04-21T17:34:41.846-0700][gc,task       ] GC(1265) Using 8 workers of 8 for evacuation
[2021-04-21T17:34:41.855-0700][gc,phases     ] GC(1265)   Pre Evacuate Collection Set: 0.0ms
[2021-04-21T17:34:41.856-0700][gc,phases     ] GC(1265)   Evacuate Collection Set: 7.3ms
[2021-04-21T17:34:41.856-0700][gc,phases     ] GC(1265)   Post Evacuate Collection Set: 1.3ms
[2021-04-21T17:34:41.856-0700][gc,phases     ] GC(1265)   Other: 0.5ms
[2021-04-21T17:34:41.856-0700][gc,heap       ] GC(1265) Eden regions: 609->0(610)
[2021-04-21T17:34:41.856-0700][gc,heap       ] GC(1265) Survivor regions: 5->4(77)
[2021-04-21T17:34:41.856-0700][gc,heap       ] GC(1265) Old regions: 133->133
[2021-04-21T17:34:41.856-0700][gc,heap       ] GC(1265) Humongous regions: 129->129
[2021-04-21T17:34:41.856-0700][gc,metaspace  ] GC(1265) Metaspace: 42251K->42251K(1087488K)
[2021-04-21T17:34:41.856-0700][gc            ] GC(1265) Pause Young (Normal) (G1 Evacuation Pause) 873M->263M(1024M) 9.359ms
[2021-04-21T17:34:41.856-0700][gc,cpu        ] GC(1265) User=0.06s Sys=0.00s Real=0.01s
[2021-04-21T17:37:44.758-0700][gc,start      ] GC(1266) Pause Young (Normal) (G1 Evacuation Pause)
[2021-04-21T17:37:44.758-0700][gc,task       ] GC(1266) Using 8 workers of 8 for evacuation
[2021-04-21T17:37:44.768-0700][gc,phases     ] GC(1266)   Pre Evacuate Collection Set: 0.0ms
[2021-04-21T17:37:44.768-0700][gc,phases     ] GC(1266)   Evacuate Collection Set: 7.6ms
[2021-04-21T17:37:44.768-0700][gc,phases     ] GC(1266)   Post Evacuate Collection Set: 1.2ms
[2021-04-21T17:37:44.768-0700][gc,phases     ] GC(1266)   Other: 0.5ms
[2021-04-21T17:37:44.768-0700][gc,heap       ] GC(1266) Eden regions: 610->0(609)
[2021-04-21T17:37:44.768-0700][gc,heap       ] GC(1266) Survivor regions: 4->5(77)
[2021-04-21T17:37:44.768-0700][gc,heap       ] GC(1266) Old regions: 133->133
[2021-04-21T17:37:44.768-0700][gc,heap       ] GC(1266) Humongous regions: 129->129
[2021-04-21T17:37:44.768-0700][gc,metaspace  ] GC(1266) Metaspace: 42251K->42251K(1087488K)
[2021-04-21T17:37:44.768-0700][gc            ] GC(1266) Pause Young (Normal) (G1 Evacuation Pause) 873M->264M(1024M) 9.534ms
[2021-04-21T17:37:44.768-0700][gc,cpu        ] GC(1266) User=0.07s Sys=0.00s Real=0.00s
[2021-04-21T17:40:48.043-0700][gc,start      ] GC(1267) Pause Young (Normal) (G1 Evacuation Pause)
[2021-04-21T17:40:48.043-0700][gc,task       ] GC(1267) Using 8 workers of 8 for evacuation
[2021-04-21T17:40:48.052-0700][gc,phases     ] GC(1267)   Pre Evacuate Collection Set: 0.0ms
[2021-04-21T17:40:48.052-0700][gc,phases     ] GC(1267)   Evacuate Collection Set: 7.0ms
[2021-04-21T17:40:48.052-0700][gc,phases     ] GC(1267)   Post Evacuate Collection Set: 1.2ms
[2021-04-21T17:40:48.052-0700][gc,phases     ] GC(1267)   Other: 0.6ms
[2021-04-21T17:40:48.052-0700][gc,heap       ] GC(1267) Eden regions: 609->0(610)
[2021-04-21T17:40:48.052-0700][gc,heap       ] GC(1267) Survivor regions: 5->4(77)
[2021-04-21T17:40:48.052-0700][gc,heap       ] GC(1267) Old regions: 133->133
[2021-04-21T17:40:48.052-0700][gc,heap       ] GC(1267) Humongous regions: 129->129
[2021-04-21T17:40:48.052-0700][gc,metaspace  ] GC(1267) Metaspace: 42251K->42251K(1087488K)
[2021-04-21T17:40:48.052-0700][gc            ] GC(1267) Pause Young (Normal) (G1 Evacuation Pause) 873M->263M(1024M) 9.159ms
[2021-04-21T17:40:48.052-0700][gc,cpu        ] GC(1267) User=0.06s Sys=0.00s Real=0.01s
[2021-04-21T17:43:51.341-0700][gc,start      ] GC(1268) Pause Young (Normal) (G1 Evacuation Pause)
[2021-04-21T17:43:51.341-0700][gc,task       ] GC(1268) Using 8 workers of 8 for evacuation
[2021-04-21T17:43:51.352-0700][gc,phases     ] GC(1268)   Pre Evacuate Collection Set: 0.1ms
[2021-04-21T17:43:51.352-0700][gc,phases     ] GC(1268)   Evacuate Collection Set: 9.1ms
[2021-04-21T17:43:51.352-0700][gc,phases     ] GC(1268)   Post Evacuate Collection Set: 1.1ms
[2021-04-21T17:43:51.353-0700][gc,phases     ] GC(1268)   Other: 0.8ms
[2021-04-21T17:43:51.353-0700][gc,heap       ] GC(1268) Eden regions: 610->0(609)
[2021-04-21T17:43:51.353-0700][gc,heap       ] GC(1268) Survivor regions: 4->5(77)
[2021-04-21T17:43:51.353-0700][gc,heap       ] GC(1268) Old regions: 133->134
[2021-04-21T17:43:51.353-0700][gc,heap       ] GC(1268) Humongous regions: 129->129
[2021-04-21T17:43:51.353-0700][gc,metaspace  ] GC(1268) Metaspace: 42251K->42251K(1087488K)
[2021-04-21T17:43:51.353-0700][gc            ] GC(1268) Pause Young (Normal) (G1 Evacuation Pause) 873M->265M(1024M) 11.364ms
[2021-04-21T17:43:51.353-0700][gc,cpu        ] GC(1268) User=0.07s Sys=0.01s Real=0.01s
[2021-04-21T17:46:54.810-0700][gc,start      ] GC(1269) Pause Young (Normal) (G1 Evacuation Pause)
[2021-04-21T17:46:54.810-0700][gc,task       ] GC(1269) Using 8 workers of 8 for evacuation
[2021-04-21T17:46:54.819-0700][gc,phases     ] GC(1269)   Pre Evacuate Collection Set: 0.1ms
[2021-04-21T17:46:54.819-0700][gc,phases     ] GC(1269)   Evacuate Collection Set: 7.6ms
[2021-04-21T17:46:54.819-0700][gc,phases     ] GC(1269)   Post Evacuate Collection Set: 1.1ms
[2021-04-21T17:46:54.819-0700][gc,phases     ] GC(1269)   Other: 0.5ms
[2021-04-21T17:46:54.819-0700][gc,heap       ] GC(1269) Eden regions: 609->0(610)
[2021-04-21T17:46:54.819-0700][gc,heap       ] GC(1269) Survivor regions: 5->4(77)
[2021-04-21T17:46:54.819-0700][gc,heap       ] GC(1269) Old regions: 134->134
[2021-04-21T17:46:54.819-0700][gc,heap       ] GC(1269) Humongous regions: 129->129
[2021-04-21T17:46:54.819-0700][gc,metaspace  ] GC(1269) Metaspace: 42251K->42251K(1087488K)
[2021-04-21T17:46:54.819-0700][gc            ] GC(1269) Pause Young (Normal) (G1 Evacuation Pause) 874M->264M(1024M) 9.405ms
[2021-04-21T17:46:54.819-0700][gc,cpu        ] GC(1269) User=0.06s Sys=0.00s Real=0.01s
[2021-04-21T17:49:58.561-0700][gc,start      ] GC(1270) Pause Young (Normal) (G1 Evacuation Pause)
[2021-04-21T17:49:58.561-0700][gc,task       ] GC(1270) Using 8 workers of 8 for evacuation
[2021-04-21T17:49:58.571-0700][gc,phases     ] GC(1270)   Pre Evacuate Collection Set: 0.0ms
[2021-04-21T17:49:58.571-0700][gc,phases     ] GC(1270)   Evacuate Collection Set: 8.1ms
[2021-04-21T17:49:58.571-0700][gc,phases     ] GC(1270)   Post Evacuate Collection Set: 1.1ms
[2021-04-21T17:49:58.571-0700][gc,phases     ] GC(1270)   Other: 0.5ms
[2021-04-21T17:49:58.571-0700][gc,heap       ] GC(1270) Eden regions: 610->0(609)
[2021-04-21T17:49:58.571-0700][gc,heap       ] GC(1270) Survivor regions: 4->5(77)
[2021-04-21T17:49:58.571-0700][gc,heap       ] GC(1270) Old regions: 134->134
[2021-04-21T17:49:58.571-0700][gc,heap       ] GC(1270) Humongous regions: 129->129
[2021-04-21T17:49:58.571-0700][gc,metaspace  ] GC(1270) Metaspace: 42251K->42251K(1087488K)
[2021-04-21T17:49:58.571-0700][gc            ] GC(1270) Pause Young (Normal) (G1 Evacuation Pause) 874M->265M(1024M) 9.993ms
[2021-04-21T17:49:58.571-0700][gc,cpu        ] GC(1270) User=0.07s Sys=0.00s Real=0.01s
[2021-04-21T17:53:02.084-0700][gc,start      ] GC(1271) Pause Young (Normal) (G1 Evacuation Pause)
[2021-04-21T17:53:02.084-0700][gc,task       ] GC(1271) Using 8 workers of 8 for evacuation
[2021-04-21T17:53:02.093-0700][gc,phases     ] GC(1271)   Pre Evacuate Collection Set: 0.0ms
[2021-04-21T17:53:02.093-0700][gc,phases     ] GC(1271)   Evacuate Collection Set: 7.3ms
[2021-04-21T17:53:02.093-0700][gc,phases     ] GC(1271)   Post Evacuate Collection Set: 1.2ms
[2021-04-21T17:53:02.093-0700][gc,phases     ] GC(1271)   Other: 0.5ms
[2021-04-21T17:53:02.093-0700][gc,heap       ] GC(1271) Eden regions: 609->0(610)
[2021-04-21T17:53:02.093-0700][gc,heap       ] GC(1271) Survivor regions: 5->4(77)
[2021-04-21T17:53:02.093-0700][gc,heap       ] GC(1271) Old regions: 134->134
[2021-04-21T17:53:02.093-0700][gc,heap       ] GC(1271) Humongous regions: 129->129
[2021-04-21T17:53:02.093-0700][gc,metaspace  ] GC(1271) Metaspace: 42251K->42251K(1087488K)
[2021-04-21T17:53:02.093-0700][gc            ] GC(1271) Pause Young (Normal) (G1 Evacuation Pause) 874M->264M(1024M) 9.271ms
[2021-04-21T17:53:02.093-0700][gc,cpu        ] GC(1271) User=0.06s Sys=0.00s Real=0.01s
[2021-04-21T17:56:05.874-0700][gc,start      ] GC(1272) Pause Young (Normal) (G1 Evacuation Pause)
[2021-04-21T17:56:05.874-0700][gc,task       ] GC(1272) Using 8 workers of 8 for evacuation
[2021-04-21T17:56:05.882-0700][gc,phases     ] GC(1272)   Pre Evacuate Collection Set: 0.0ms
[2021-04-21T17:56:05.882-0700][gc,phases     ] GC(1272)   Evacuate Collection Set: 7.2ms
[2021-04-21T17:56:05.883-0700][gc,phases     ] GC(1272)   Post Evacuate Collection Set: 1.2ms
[2021-04-21T17:56:05.883-0700][gc,phases     ] GC(1272)   Other: 0.5ms
[2021-04-21T17:56:05.883-0700][gc,heap       ] GC(1272) Eden regions: 610->0(610)
[2021-04-21T17:56:05.883-0700][gc,heap       ] GC(1272) Survivor regions: 4->4(77)
[2021-04-21T17:56:05.883-0700][gc,heap       ] GC(1272) Old regions: 134->134
[2021-04-21T17:56:05.883-0700][gc,heap       ] GC(1272) Humongous regions: 129->129
[2021-04-21T17:56:05.883-0700][gc,metaspace  ] GC(1272) Metaspace: 42251K->42251K(1087488K)
[2021-04-21T17:56:05.883-0700][gc            ] GC(1272) Pause Young (Normal) (G1 Evacuation Pause) 874M->264M(1024M) 9.177ms
[2021-04-21T17:56:05.883-0700][gc,cpu        ] GC(1272) User=0.07s Sys=0.00s Real=0.01s
[2021-04-21T17:59:09.343-0700][gc,start      ] GC(1273) Pause Young (Normal) (G1 Evacuation Pause)
[2021-04-21T17:59:09.343-0700][gc,task       ] GC(1273) Using 8 workers of 8 for evacuation
[2021-04-21T17:59:09.352-0700][gc,phases     ] GC(1273)   Pre Evacuate Collection Set: 0.0ms
[2021-04-21T17:59:09.353-0700][gc,phases     ] GC(1273)   Evacuate Collection Set: 8.0ms
[2021-04-21T17:59:09.353-0700][gc,phases     ] GC(1273)   Post Evacuate Collection Set: 1.1ms
[2021-04-21T17:59:09.353-0700][gc,phases     ] GC(1273)   Other: 0.5ms
[2021-04-21T17:59:09.353-0700][gc,heap       ] GC(1273) Eden regions: 610->0(610)
[2021-04-21T17:59:09.353-0700][gc,heap       ] GC(1273) Survivor regions: 4->4(77)
[2021-04-21T17:59:09.353-0700][gc,heap       ] GC(1273) Old regions: 134->134
[2021-04-21T17:59:09.353-0700][gc,heap       ] GC(1273) Humongous regions: 129->129
[2021-04-21T17:59:09.353-0700][gc,metaspace  ] GC(1273) Metaspace: 42251K->42251K(1087488K)
[2021-04-21T17:59:09.353-0700][gc            ] GC(1273) Pause Young (Normal) (G1 Evacuation Pause) 874M->264M(1024M) 9.950ms
[2021-04-21T17:59:09.353-0700][gc,cpu        ] GC(1273) User=0.06s Sys=0.00s Real=0.01s
[2021-04-21T18:02:13.215-0700][gc,start      ] GC(1274) Pause Young (Normal) (G1 Evacuation Pause)
[2021-04-21T18:02:13.215-0700][gc,task       ] GC(1274) Using 8 workers of 8 for evacuation
[2021-04-21T18:02:13.224-0700][gc,phases     ] GC(1274)   Pre Evacuate Collection Set: 0.0ms
[2021-04-21T18:02:13.224-0700][gc,phases     ] GC(1274)   Evacuate Collection Set: 7.3ms
[2021-04-21T18:02:13.224-0700][gc,phases     ] GC(1274)   Post Evacuate Collection Set: 1.2ms
[2021-04-21T18:02:13.224-0700][gc,phases     ] GC(1274)   Other: 0.5ms
[2021-04-21T18:02:13.224-0700][gc,heap       ] GC(1274) Eden regions: 610->0(610)
[2021-04-21T18:02:13.224-0700][gc,heap       ] GC(1274) Survivor regions: 4->4(77)
[2021-04-21T18:02:13.224-0700][gc,heap       ] GC(1274) Old regions: 134->134
[2021-04-21T18:02:13.224-0700][gc,heap       ] GC(1274) Humongous regions: 129->129
[2021-04-21T18:02:13.224-0700][gc,metaspace  ] GC(1274) Metaspace: 42251K->42251K(1087488K)
[2021-04-21T18:02:13.224-0700][gc            ] GC(1274) Pause Young (Normal) (G1 Evacuation Pause) 874M->264M(1024M) 9.290ms
[2021-04-21T18:02:13.224-0700][gc,cpu        ] GC(1274) User=0.06s Sys=0.00s Real=0.01s
[2021-04-21T18:05:17.107-0700][gc,start      ] GC(1275) Pause Young (Normal) (G1 Evacuation Pause)
[2021-04-21T18:05:17.107-0700][gc,task       ] GC(1275) Using 8 workers of 8 for evacuation
[2021-04-21T18:05:17.117-0700][gc,phases     ] GC(1275)   Pre Evacuate Collection Set: 0.0ms
[2021-04-21T18:05:17.117-0700][gc,phases     ] GC(1275)   Evacuate Collection Set: 8.4ms
[2021-04-21T18:05:17.117-0700][gc,phases     ] GC(1275)   Post Evacuate Collection Set: 1.2ms
[2021-04-21T18:05:17.117-0700][gc,phases     ] GC(1275)   Other: 0.5ms
[2021-04-21T18:05:17.118-0700][gc,heap       ] GC(1275) Eden regions: 610->0(609)
[2021-04-21T18:05:17.118-0700][gc,heap       ] GC(1275) Survivor regions: 4->5(77)
[2021-04-21T18:05:17.118-0700][gc,heap       ] GC(1275) Old regions: 134->134
[2021-04-21T18:05:17.118-0700][gc,heap       ] GC(1275) Humongous regions: 129->129
[2021-04-21T18:05:17.118-0700][gc,metaspace  ] GC(1275) Metaspace: 42251K->42251K(1087488K)
[2021-04-21T18:05:17.118-0700][gc            ] GC(1275) Pause Young (Normal) (G1 Evacuation Pause) 874M->265M(1024M) 10.396ms
[2021-04-21T18:05:17.118-0700][gc,cpu        ] GC(1275) User=0.06s Sys=0.00s Real=0.02s
[2021-04-21T18:08:20.429-0700][gc,start      ] GC(1276) Pause Young (Normal) (G1 Evacuation Pause)
[2021-04-21T18:08:20.429-0700][gc,task       ] GC(1276) Using 8 workers of 8 for evacuation
[2021-04-21T18:08:20.438-0700][gc,phases     ] GC(1276)   Pre Evacuate Collection Set: 0.0ms
[2021-04-21T18:08:20.438-0700][gc,phases     ] GC(1276)   Evacuate Collection Set: 7.3ms
[2021-04-21T18:08:20.438-0700][gc,phases     ] GC(1276)   Post Evacuate Collection Set: 1.2ms
[2021-04-21T18:08:20.438-0700][gc,phases     ] GC(1276)   Other: 0.5ms
[2021-04-21T18:08:20.438-0700][gc,heap       ] GC(1276) Eden regions: 609->0(610)
[2021-04-21T18:08:20.438-0700][gc,heap       ] GC(1276) Survivor regions: 5->4(77)
[2021-04-21T18:08:20.438-0700][gc,heap       ] GC(1276) Old regions: 134->134
[2021-04-21T18:08:20.438-0700][gc,heap       ] GC(1276) Humongous regions: 129->129
[2021-04-21T18:08:20.438-0700][gc,metaspace  ] GC(1276) Metaspace: 42251K->42251K(1087488K)
[2021-04-21T18:08:20.438-0700][gc            ] GC(1276) Pause Young (Normal) (G1 Evacuation Pause) 874M->264M(1024M) 9.175ms
[2021-04-21T18:08:20.438-0700][gc,cpu        ] GC(1276) User=0.06s Sys=0.00s Real=0.01s
[2021-04-21T18:11:23.933-0700][gc,start      ] GC(1277) Pause Young (Normal) (G1 Evacuation Pause)
[2021-04-21T18:11:23.933-0700][gc,task       ] GC(1277) Using 8 workers of 8 for evacuation
[2021-04-21T18:11:23.942-0700][gc,phases     ] GC(1277)   Pre Evacuate Collection Set: 0.0ms
[2021-04-21T18:11:23.942-0700][gc,phases     ] GC(1277)   Evacuate Collection Set: 7.0ms
[2021-04-21T18:11:23.942-0700][gc,phases     ] GC(1277)   Post Evacuate Collection Set: 1.3ms
[2021-04-21T18:11:23.942-0700][gc,phases     ] GC(1277)   Other: 0.5ms
[2021-04-21T18:11:23.942-0700][gc,heap       ] GC(1277) Eden regions: 610->0(610)
[2021-04-21T18:11:23.942-0700][gc,heap       ] GC(1277) Survivor regions: 4->4(77)
[2021-04-21T18:11:23.942-0700][gc,heap       ] GC(1277) Old regions: 134->134
[2021-04-21T18:11:23.942-0700][gc,heap       ] GC(1277) Humongous regions: 129->129
[2021-04-21T18:11:23.942-0700][gc,metaspace  ] GC(1277) Metaspace: 42251K->42251K(1087488K)
[2021-04-21T18:11:23.942-0700][gc            ] GC(1277) Pause Young (Normal) (G1 Evacuation Pause) 874M->264M(1024M) 9.094ms
[2021-04-21T18:11:23.942-0700][gc,cpu        ] GC(1277) User=0.05s Sys=0.00s Real=0.01s
[2021-04-21T18:14:27.133-0700][gc,start      ] GC(1278) Pause Young (Normal) (G1 Evacuation Pause)
[2021-04-21T18:14:27.133-0700][gc,task       ] GC(1278) Using 8 workers of 8 for evacuation
[2021-04-21T18:14:27.143-0700][gc,phases     ] GC(1278)   Pre Evacuate Collection Set: 0.0ms
[2021-04-21T18:14:27.143-0700][gc,phases     ] GC(1278)   Evacuate Collection Set: 7.6ms
[2021-04-21T18:14:27.143-0700][gc,phases     ] GC(1278)   Post Evacuate Collection Set: 1.5ms
[2021-04-21T18:14:27.143-0700][gc,phases     ] GC(1278)   Other: 0.5ms
[2021-04-21T18:14:27.143-0700][gc,heap       ] GC(1278) Eden regions: 610->0(610)
[2021-04-21T18:14:27.143-0700][gc,heap       ] GC(1278) Survivor regions: 4->4(77)
[2021-04-21T18:14:27.143-0700][gc,heap       ] GC(1278) Old regions: 134->134
[2021-04-21T18:14:27.143-0700][gc,heap       ] GC(1278) Humongous regions: 129->129
[2021-04-21T18:14:27.143-0700][gc,metaspace  ] GC(1278) Metaspace: 42251K->42251K(1087488K)
[2021-04-21T18:14:27.143-0700][gc            ] GC(1278) Pause Young (Normal) (G1 Evacuation Pause) 874M->264M(1024M) 9.859ms
[2021-04-21T18:14:27.143-0700][gc,cpu        ] GC(1278) User=0.04s Sys=0.03s Real=0.01s
[2021-04-21T18:17:30.371-0700][gc,start      ] GC(1279) Pause Young (Normal) (G1 Evacuation Pause)
[2021-04-21T18:17:30.371-0700][gc,task       ] GC(1279) Using 8 workers of 8 for evacuation
[2021-04-21T18:17:30.380-0700][gc,phases     ] GC(1279)   Pre Evacuate Collection Set: 0.0ms
[2021-04-21T18:17:30.380-0700][gc,phases     ] GC(1279)   Evacuate Collection Set: 7.2ms
[2021-04-21T18:17:30.380-0700][gc,phases     ] GC(1279)   Post Evacuate Collection Set: 1.3ms
[2021-04-21T18:17:30.380-0700][gc,phases     ] GC(1279)   Other: 0.5ms
[2021-04-21T18:17:30.380-0700][gc,heap       ] GC(1279) Eden regions: 610->0(611)
[2021-04-21T18:17:30.380-0700][gc,heap       ] GC(1279) Survivor regions: 4->3(77)
[2021-04-21T18:17:30.380-0700][gc,heap       ] GC(1279) Old regions: 134->134
[2021-04-21T18:17:30.380-0700][gc,heap       ] GC(1279) Humongous regions: 129->129
[2021-04-21T18:17:30.380-0700][gc,metaspace  ] GC(1279) Metaspace: 42251K->42251K(1087488K)
[2021-04-21T18:17:30.380-0700][gc            ] GC(1279) Pause Young (Normal) (G1 Evacuation Pause) 874M->264M(1024M) 9.272ms
[2021-04-21T18:17:30.380-0700][gc,cpu        ] GC(1279) User=0.06s Sys=0.00s Real=0.01s
[2021-04-21T18:20:33.833-0700][gc,start      ] GC(1280) Pause Young (Normal) (G1 Evacuation Pause)
[2021-04-21T18:20:33.833-0700][gc,task       ] GC(1280) Using 8 workers of 8 for evacuation
[2021-04-21T18:20:33.845-0700][gc,phases     ] GC(1280)   Pre Evacuate Collection Set: 0.1ms
[2021-04-21T18:20:33.845-0700][gc,phases     ] GC(1280)   Evacuate Collection Set: 9.4ms
[2021-04-21T18:20:33.845-0700][gc,phases     ] GC(1280)   Post Evacuate Collection Set: 1.8ms
[2021-04-21T18:20:33.845-0700][gc,phases     ] GC(1280)   Other: 0.7ms
[2021-04-21T18:20:33.845-0700][gc,heap       ] GC(1280) Eden regions: 611->0(610)
[2021-04-21T18:20:33.845-0700][gc,heap       ] GC(1280) Survivor regions: 3->4(77)
[2021-04-21T18:20:33.845-0700][gc,heap       ] GC(1280) Old regions: 134->134
[2021-04-21T18:20:33.845-0700][gc,heap       ] GC(1280) Humongous regions: 129->129
[2021-04-21T18:20:33.845-0700][gc,metaspace  ] GC(1280) Metaspace: 42251K->42251K(1087488K)
[2021-04-21T18:20:33.845-0700][gc            ] GC(1280) Pause Young (Normal) (G1 Evacuation Pause) 875M->265M(1024M) 12.108ms
[2021-04-21T18:20:33.845-0700][gc,cpu        ] GC(1280) User=0.07s Sys=0.00s Real=0.01s
[2021-04-21T18:23:39.386-0700][gc,start      ] GC(1281) Pause Young (Normal) (G1 Evacuation Pause)
[2021-04-21T18:23:39.386-0700][gc,task       ] GC(1281) Using 8 workers of 8 for evacuation
[2021-04-21T18:23:39.395-0700][gc,phases     ] GC(1281)   Pre Evacuate Collection Set: 0.0ms
[2021-04-21T18:23:39.395-0700][gc,phases     ] GC(1281)   Evacuate Collection Set: 8.0ms
[2021-04-21T18:23:39.395-0700][gc,phases     ] GC(1281)   Post Evacuate Collection Set: 1.3ms
[2021-04-21T18:23:39.396-0700][gc,phases     ] GC(1281)   Other: 0.5ms
[2021-04-21T18:23:39.396-0700][gc,heap       ] GC(1281) Eden regions: 610->0(610)
[2021-04-21T18:23:39.396-0700][gc,heap       ] GC(1281) Survivor regions: 4->4(77)
[2021-04-21T18:23:39.396-0700][gc,heap       ] GC(1281) Old regions: 134->134
[2021-04-21T18:23:39.396-0700][gc,heap       ] GC(1281) Humongous regions: 129->129
[2021-04-21T18:23:39.396-0700][gc,metaspace  ] GC(1281) Metaspace: 42251K->42251K(1087488K)
[2021-04-21T18:23:39.396-0700][gc            ] GC(1281) Pause Young (Normal) (G1 Evacuation Pause) 875M->264M(1024M) 10.019ms
[2021-04-21T18:23:39.396-0700][gc,cpu        ] GC(1281) User=0.07s Sys=0.00s Real=0.01s
[2021-04-21T18:26:50.050-0700][gc,start      ] GC(1282) Pause Young (Normal) (G1 Evacuation Pause)
[2021-04-21T18:26:50.050-0700][gc,task       ] GC(1282) Using 8 workers of 8 for evacuation
[2021-04-21T18:26:50.061-0700][gc,phases     ] GC(1282)   Pre Evacuate Collection Set: 0.0ms
[2021-04-21T18:26:50.061-0700][gc,phases     ] GC(1282)   Evacuate Collection Set: 9.0ms
[2021-04-21T18:26:50.061-0700][gc,phases     ] GC(1282)   Post Evacuate Collection Set: 1.3ms
[2021-04-21T18:26:50.061-0700][gc,phases     ] GC(1282)   Other: 0.5ms
[2021-04-21T18:26:50.061-0700][gc,heap       ] GC(1282) Eden regions: 610->0(609)
[2021-04-21T18:26:50.061-0700][gc,heap       ] GC(1282) Survivor regions: 4->5(77)
[2021-04-21T18:26:50.061-0700][gc,heap       ] GC(1282) Old regions: 134->134
[2021-04-21T18:26:50.061-0700][gc,heap       ] GC(1282) Humongous regions: 129->129
[2021-04-21T18:26:50.061-0700][gc,metaspace  ] GC(1282) Metaspace: 42251K->42251K(1087488K)
[2021-04-21T18:26:50.061-0700][gc            ] GC(1282) Pause Young (Normal) (G1 Evacuation Pause) 874M->265M(1024M) 11.069ms
[2021-04-21T18:26:50.061-0700][gc,cpu        ] GC(1282) User=0.08s Sys=0.00s Real=0.01s
[2021-04-21T18:30:00.454-0700][gc,start      ] GC(1283) Pause Young (Normal) (G1 Evacuation Pause)
[2021-04-21T18:30:00.454-0700][gc,task       ] GC(1283) Using 8 workers of 8 for evacuation
[2021-04-21T18:30:00.465-0700][gc,phases     ] GC(1283)   Pre Evacuate Collection Set: 0.1ms
[2021-04-21T18:30:00.465-0700][gc,phases     ] GC(1283)   Evacuate Collection Set: 9.3ms
[2021-04-21T18:30:00.465-0700][gc,phases     ] GC(1283)   Post Evacuate Collection Set: 1.3ms
[2021-04-21T18:30:00.465-0700][gc,phases     ] GC(1283)   Other: 0.7ms
[2021-04-21T18:30:00.465-0700][gc,heap       ] GC(1283) Eden regions: 609->0(610)
[2021-04-21T18:30:00.465-0700][gc,heap       ] GC(1283) Survivor regions: 5->4(77)
[2021-04-21T18:30:00.466-0700][gc,heap       ] GC(1283) Old regions: 134->135
[2021-04-21T18:30:00.466-0700][gc,heap       ] GC(1283) Humongous regions: 129->129
[2021-04-21T18:30:00.466-0700][gc,metaspace  ] GC(1283) Metaspace: 42251K->42251K(1087488K)
[2021-04-21T18:30:00.466-0700][gc            ] GC(1283) Pause Young (Normal) (G1 Evacuation Pause) 874M->265M(1024M) 11.837ms
[2021-04-21T18:30:00.466-0700][gc,cpu        ] GC(1283) User=0.06s Sys=0.01s Real=0.01s
[2021-04-21T18:30:40.981-0700][gc,heap,exit  ] Heap
[2021-04-21T18:30:40.981-0700][gc,heap,exit  ]  garbage-first heap   total 1048576K, used 403859K [0x00000000c0000000, 0x0000000100000000)
[2021-04-21T18:30:40.981-0700][gc,heap,exit  ]   region size 1024K, 134 young (137216K), 4 survivors (4096K)
[2021-04-21T18:30:40.981-0700][gc,heap,exit  ]  Metaspace       used 42989K, capacity 45271K, committed 45568K, reserved 1089536K
[2021-04-21T18:30:40.981-0700][gc,heap,exit  ]   class space    used 5091K, capacity 6092K, committed 6144K, reserved 1048576K
