[2021-04-17T04:36:47.050-0700][gc,heap] Heap region size: 1M
[2021-04-17T04:36:47.058-0700][gc     ] Using G1
[2021-04-17T04:36:47.058-0700][gc,heap,coops] Heap address: 0x00000000c0000000, size: 1024 MB, Compressed Oops mode: 32-bit
[2021-04-17T04:36:47.059-0700][gc,cds       ] Mark closed archive regions in map: [0x00000000fff00000, 0x00000000fff6aff8]
[2021-04-17T04:36:47.059-0700][gc,cds       ] Mark open archive regions in map: [0x00000000ffe00000, 0x00000000ffe46ff8]
[2021-04-17T04:36:48.030-0700][gc,start     ] GC(0) Pause Young (Normal) (G1 Evacuation Pause)
[2021-04-17T04:36:48.032-0700][gc,task      ] GC(0) Using 8 workers of 8 for evacuation
[2021-04-17T04:36:48.052-0700][gc,mmu       ] GC(0) MMU target violated: 20.1ms (20.0ms/21.0ms)
[2021-04-17T04:36:48.052-0700][gc,phases    ] GC(0)   Pre Evacuate Collection Set: 0.1ms
[2021-04-17T04:36:48.052-0700][gc,phases    ] GC(0)   Evacuate Collection Set: 19.1ms
[2021-04-17T04:36:48.052-0700][gc,phases    ] GC(0)   Post Evacuate Collection Set: 0.7ms
[2021-04-17T04:36:48.052-0700][gc,phases    ] GC(0)   Other: 2.7ms
[2021-04-17T04:36:48.052-0700][gc,heap      ] GC(0) Eden regions: 51->0(44)
[2021-04-17T04:36:48.052-0700][gc,heap      ] GC(0) Survivor regions: 0->7(7)
[2021-04-17T04:36:48.052-0700][gc,heap      ] GC(0) Old regions: 2->2
[2021-04-17T04:36:48.052-0700][gc,heap      ] GC(0) Humongous regions: 0->0
[2021-04-17T04:36:48.052-0700][gc,metaspace ] GC(0) Metaspace: 15560K->15560K(1062912K)
[2021-04-17T04:36:48.052-0700][gc           ] GC(0) Pause Young (Normal) (G1 Evacuation Pause) 51M->7M(1024M) 22.609ms
[2021-04-17T04:36:48.052-0700][gc,cpu       ] GC(0) User=0.14s Sys=0.02s Real=0.02s
[2021-04-17T04:36:48.286-0700][gc,start     ] GC(1) Pause Young (Concurrent Start) (Metadata GC Threshold)
[2021-04-17T04:36:48.286-0700][gc,task      ] GC(1) Using 8 workers of 8 for evacuation
[2021-04-17T04:36:48.294-0700][gc,phases    ] GC(1)   Pre Evacuate Collection Set: 0.1ms
[2021-04-17T04:36:48.294-0700][gc,phases    ] GC(1)   Evacuate Collection Set: 7.5ms
[2021-04-17T04:36:48.294-0700][gc,phases    ] GC(1)   Post Evacuate Collection Set: 0.4ms
[2021-04-17T04:36:48.294-0700][gc,phases    ] GC(1)   Other: 0.2ms
[2021-04-17T04:36:48.294-0700][gc,heap      ] GC(1) Eden regions: 21->0(50)
[2021-04-17T04:36:48.294-0700][gc,heap      ] GC(1) Survivor regions: 7->1(7)
[2021-04-17T04:36:48.294-0700][gc,heap      ] GC(1) Old regions: 2->9
[2021-04-17T04:36:48.294-0700][gc,heap      ] GC(1) Humongous regions: 0->0
[2021-04-17T04:36:48.294-0700][gc,metaspace ] GC(1) Metaspace: 20611K->20611K(1067008K)
[2021-04-17T04:36:48.295-0700][gc           ] GC(1) Pause Young (Concurrent Start) (Metadata GC Threshold) 27M->7M(1024M) 8.230ms
[2021-04-17T04:36:48.295-0700][gc,cpu       ] GC(1) User=0.05s Sys=0.01s Real=0.01s
[2021-04-17T04:36:48.295-0700][gc           ] GC(2) Concurrent Cycle
[2021-04-17T04:36:48.295-0700][gc,marking   ] GC(2) Concurrent Clear Claimed Marks
[2021-04-17T04:36:48.295-0700][gc,marking   ] GC(2) Concurrent Clear Claimed Marks 0.029ms
[2021-04-17T04:36:48.295-0700][gc,marking   ] GC(2) Concurrent Scan Root Regions
[2021-04-17T04:36:48.296-0700][gc,marking   ] GC(2) Concurrent Scan Root Regions 1.013ms
[2021-04-17T04:36:48.296-0700][gc,marking   ] GC(2) Concurrent Mark (1.249s)
[2021-04-17T04:36:48.296-0700][gc,marking   ] GC(2) Concurrent Mark From Roots
[2021-04-17T04:36:48.296-0700][gc,task      ] GC(2) Using 2 workers of 2 for marking
[2021-04-17T04:36:48.303-0700][gc,marking   ] GC(2) Concurrent Mark From Roots 7.074ms
[2021-04-17T04:36:48.303-0700][gc,marking   ] GC(2) Concurrent Preclean
[2021-04-17T04:36:48.303-0700][gc,marking   ] GC(2) Concurrent Preclean 0.152ms
[2021-04-17T04:36:48.303-0700][gc,marking   ] GC(2) Concurrent Mark (1.249s, 1.256s) 7.274ms
[2021-04-17T04:36:48.303-0700][gc,start     ] GC(2) Pause Remark
[2021-04-17T04:36:48.306-0700][gc,stringtable] GC(2) Cleaned string and symbol table, strings: 5008 processed, 0 removed, symbols: 49725 processed, 42 removed
[2021-04-17T04:36:48.306-0700][gc            ] GC(2) Pause Remark 8M->8M(1024M) 2.897ms
[2021-04-17T04:36:48.306-0700][gc,cpu        ] GC(2) User=0.01s Sys=0.00s Real=0.00s
[2021-04-17T04:36:48.306-0700][gc,marking    ] GC(2) Concurrent Rebuild Remembered Sets
[2021-04-17T04:36:48.309-0700][gc,marking    ] GC(2) Concurrent Rebuild Remembered Sets 3.150ms
[2021-04-17T04:36:48.309-0700][gc,start      ] GC(2) Pause Cleanup
[2021-04-17T04:36:48.310-0700][gc            ] GC(2) Pause Cleanup 8M->8M(1024M) 0.257ms
[2021-04-17T04:36:48.310-0700][gc,cpu        ] GC(2) User=0.00s Sys=0.00s Real=0.00s
[2021-04-17T04:36:48.310-0700][gc,marking    ] GC(2) Concurrent Cleanup for Next Mark
[2021-04-17T04:36:48.314-0700][gc,marking    ] GC(2) Concurrent Cleanup for Next Mark 4.543ms
[2021-04-17T04:36:48.314-0700][gc            ] GC(2) Concurrent Cycle 19.791ms
[2021-04-17T04:36:49.001-0700][gc,start      ] GC(3) Pause Young (Normal) (GCLocker Initiated GC)
[2021-04-17T04:36:49.001-0700][gc,task       ] GC(3) Using 8 workers of 8 for evacuation
[2021-04-17T04:36:49.014-0700][gc,phases     ] GC(3)   Pre Evacuate Collection Set: 0.0ms
[2021-04-17T04:36:49.014-0700][gc,phases     ] GC(3)   Evacuate Collection Set: 12.5ms
[2021-04-17T04:36:49.014-0700][gc,phases     ] GC(3)   Post Evacuate Collection Set: 0.5ms
[2021-04-17T04:36:49.014-0700][gc,phases     ] GC(3)   Other: 0.2ms
[2021-04-17T04:36:49.014-0700][gc,heap       ] GC(3) Eden regions: 50->0(46)
[2021-04-17T04:36:49.014-0700][gc,heap       ] GC(3) Survivor regions: 1->5(7)
[2021-04-17T04:36:49.014-0700][gc,heap       ] GC(3) Old regions: 9->9
[2021-04-17T04:36:49.014-0700][gc,heap       ] GC(3) Humongous regions: 129->129
[2021-04-17T04:36:49.014-0700][gc,metaspace  ] GC(3) Metaspace: 30304K->30304K(1077248K)
[2021-04-17T04:36:49.014-0700][gc            ] GC(3) Pause Young (Normal) (GCLocker Initiated GC) 186M->140M(1024M) 13.264ms
[2021-04-17T04:36:49.014-0700][gc,cpu        ] GC(3) User=0.08s Sys=0.00s Real=0.01s
[2021-04-17T04:36:49.272-0700][gc,start      ] GC(4) Pause Young (Concurrent Start) (Metadata GC Threshold)
[2021-04-17T04:36:49.272-0700][gc,task       ] GC(4) Using 8 workers of 8 for evacuation
[2021-04-17T04:36:49.280-0700][gc,phases     ] GC(4)   Pre Evacuate Collection Set: 0.1ms
[2021-04-17T04:36:49.280-0700][gc,phases     ] GC(4)   Evacuate Collection Set: 7.3ms
[2021-04-17T04:36:49.280-0700][gc,phases     ] GC(4)   Post Evacuate Collection Set: 0.4ms
[2021-04-17T04:36:49.280-0700][gc,phases     ] GC(4)   Other: 0.3ms
[2021-04-17T04:36:49.280-0700][gc,heap       ] GC(4) Eden regions: 20->0(49)
[2021-04-17T04:36:49.280-0700][gc,heap       ] GC(4) Survivor regions: 5->2(7)
[2021-04-17T04:36:49.280-0700][gc,heap       ] GC(4) Old regions: 9->13
[2021-04-17T04:36:49.280-0700][gc,heap       ] GC(4) Humongous regions: 129->129
[2021-04-17T04:36:49.280-0700][gc,metaspace  ] GC(4) Metaspace: 34506K->34506K(1081344K)
[2021-04-17T04:36:49.280-0700][gc            ] GC(4) Pause Young (Concurrent Start) (Metadata GC Threshold) 159M->141M(1024M) 8.151ms
[2021-04-17T04:36:49.280-0700][gc,cpu        ] GC(4) User=0.04s Sys=0.00s Real=0.01s
[2021-04-17T04:36:49.280-0700][gc            ] GC(5) Concurrent Cycle
[2021-04-17T04:36:49.280-0700][gc,marking    ] GC(5) Concurrent Clear Claimed Marks
[2021-04-17T04:36:49.280-0700][gc,marking    ] GC(5) Concurrent Clear Claimed Marks 0.061ms
[2021-04-17T04:36:49.280-0700][gc,marking    ] GC(5) Concurrent Scan Root Regions
[2021-04-17T04:36:49.282-0700][gc,marking    ] GC(5) Concurrent Scan Root Regions 1.412ms
[2021-04-17T04:36:49.282-0700][gc,marking    ] GC(5) Concurrent Mark (2.235s)
[2021-04-17T04:36:49.282-0700][gc,marking    ] GC(5) Concurrent Mark From Roots
[2021-04-17T04:36:49.282-0700][gc,task       ] GC(5) Using 2 workers of 2 for marking
[2021-04-17T04:36:49.296-0700][gc,marking    ] GC(5) Concurrent Mark From Roots 14.120ms
[2021-04-17T04:36:49.296-0700][gc,marking    ] GC(5) Concurrent Preclean
[2021-04-17T04:36:49.296-0700][gc,marking    ] GC(5) Concurrent Preclean 0.149ms
[2021-04-17T04:36:49.296-0700][gc,marking    ] GC(5) Concurrent Mark (2.235s, 2.249s) 14.335ms
[2021-04-17T04:36:49.296-0700][gc,start      ] GC(5) Pause Remark
[2021-04-17T04:36:49.299-0700][gc,stringtable] GC(5) Cleaned string and symbol table, strings: 9501 processed, 11 removed, symbols: 79225 processed, 6 removed
[2021-04-17T04:36:49.299-0700][gc            ] GC(5) Pause Remark 142M->142M(1024M) 3.081ms
[2021-04-17T04:36:49.299-0700][gc,cpu        ] GC(5) User=0.02s Sys=0.00s Real=0.01s
[2021-04-17T04:36:49.299-0700][gc,marking    ] GC(5) Concurrent Rebuild Remembered Sets
[2021-04-17T04:36:49.316-0700][gc,marking    ] GC(5) Concurrent Rebuild Remembered Sets 16.072ms
[2021-04-17T04:36:49.316-0700][gc,start      ] GC(5) Pause Cleanup
[2021-04-17T04:36:49.316-0700][gc            ] GC(5) Pause Cleanup 143M->143M(1024M) 0.236ms
[2021-04-17T04:36:49.316-0700][gc,cpu        ] GC(5) User=0.00s Sys=0.00s Real=0.00s
[2021-04-17T04:36:49.316-0700][gc,marking    ] GC(5) Concurrent Cleanup for Next Mark
[2021-04-17T04:36:49.325-0700][gc,marking    ] GC(5) Concurrent Cleanup for Next Mark 8.546ms
[2021-04-17T04:36:49.325-0700][gc            ] GC(5) Concurrent Cycle 44.365ms
[2021-04-17T04:37:38.917-0700][gc,start      ] GC(6) Pause Young (Normal) (G1 Evacuation Pause)
[2021-04-17T04:37:38.917-0700][gc,task       ] GC(6) Using 8 workers of 8 for evacuation
[2021-04-17T04:37:38.925-0700][gc,phases     ] GC(6)   Pre Evacuate Collection Set: 0.0ms
[2021-04-17T04:37:38.925-0700][gc,phases     ] GC(6)   Evacuate Collection Set: 7.4ms
[2021-04-17T04:37:38.925-0700][gc,phases     ] GC(6)   Post Evacuate Collection Set: 0.5ms
[2021-04-17T04:37:38.925-0700][gc,phases     ] GC(6)   Other: 0.2ms
[2021-04-17T04:37:38.925-0700][gc,heap       ] GC(6) Eden regions: 49->0(47)
[2021-04-17T04:37:38.925-0700][gc,heap       ] GC(6) Survivor regions: 2->4(7)
[2021-04-17T04:37:38.925-0700][gc,heap       ] GC(6) Old regions: 13->13
[2021-04-17T04:37:38.925-0700][gc,heap       ] GC(6) Humongous regions: 129->129
[2021-04-17T04:37:38.925-0700][gc,metaspace  ] GC(6) Metaspace: 39222K->39222K(1085440K)
[2021-04-17T04:37:38.925-0700][gc            ] GC(6) Pause Young (Normal) (G1 Evacuation Pause) 190M->144M(1024M) 8.237ms
[2021-04-17T04:37:38.925-0700][gc,cpu        ] GC(6) User=0.03s Sys=0.01s Real=0.00s
[2021-04-17T04:37:40.281-0700][gc,start      ] GC(7) Pause Young (Normal) (G1 Evacuation Pause)
[2021-04-17T04:37:40.281-0700][gc,task       ] GC(7) Using 8 workers of 8 for evacuation
[2021-04-17T04:37:40.289-0700][gc,phases     ] GC(7)   Pre Evacuate Collection Set: 0.0ms
[2021-04-17T04:37:40.289-0700][gc,phases     ] GC(7)   Evacuate Collection Set: 7.0ms
[2021-04-17T04:37:40.289-0700][gc,phases     ] GC(7)   Post Evacuate Collection Set: 0.5ms
[2021-04-17T04:37:40.289-0700][gc,phases     ] GC(7)   Other: 0.2ms
[2021-04-17T04:37:40.289-0700][gc,heap       ] GC(7) Eden regions: 47->0(47)
[2021-04-17T04:37:40.289-0700][gc,heap       ] GC(7) Survivor regions: 4->4(7)
[2021-04-17T04:37:40.289-0700][gc,heap       ] GC(7) Old regions: 13->14
[2021-04-17T04:37:40.289-0700][gc,heap       ] GC(7) Humongous regions: 129->129
[2021-04-17T04:37:40.289-0700][gc,metaspace  ] GC(7) Metaspace: 39277K->39277K(1085440K)
[2021-04-17T04:37:40.289-0700][gc            ] GC(7) Pause Young (Normal) (G1 Evacuation Pause) 191M->145M(1024M) 7.844ms
[2021-04-17T04:37:40.289-0700][gc,cpu        ] GC(7) User=0.03s Sys=0.00s Real=0.01s
[2021-04-17T04:37:41.508-0700][gc,start      ] GC(8) Pause Young (Normal) (G1 Evacuation Pause)
[2021-04-17T04:37:41.508-0700][gc,task       ] GC(8) Using 8 workers of 8 for evacuation
[2021-04-17T04:37:41.513-0700][gc,phases     ] GC(8)   Pre Evacuate Collection Set: 0.0ms
[2021-04-17T04:37:41.513-0700][gc,phases     ] GC(8)   Evacuate Collection Set: 3.9ms
[2021-04-17T04:37:41.513-0700][gc,phases     ] GC(8)   Post Evacuate Collection Set: 0.5ms
[2021-04-17T04:37:41.513-0700][gc,phases     ] GC(8)   Other: 0.2ms
[2021-04-17T04:37:41.513-0700][gc,heap       ] GC(8) Eden regions: 47->0(47)
[2021-04-17T04:37:41.513-0700][gc,heap       ] GC(8) Survivor regions: 4->4(7)
[2021-04-17T04:37:41.513-0700][gc,heap       ] GC(8) Old regions: 14->14
[2021-04-17T04:37:41.513-0700][gc,heap       ] GC(8) Humongous regions: 129->129
[2021-04-17T04:37:41.513-0700][gc,metaspace  ] GC(8) Metaspace: 39293K->39293K(1085440K)
[2021-04-17T04:37:41.513-0700][gc            ] GC(8) Pause Young (Normal) (G1 Evacuation Pause) 192M->145M(1024M) 4.713ms
[2021-04-17T04:37:41.513-0700][gc,cpu        ] GC(8) User=0.03s Sys=0.00s Real=0.01s
[2021-04-17T04:37:42.170-0700][gc,start      ] GC(9) Pause Young (Normal) (G1 Evacuation Pause)
[2021-04-17T04:37:42.170-0700][gc,task       ] GC(9) Using 8 workers of 8 for evacuation
[2021-04-17T04:37:42.174-0700][gc,phases     ] GC(9)   Pre Evacuate Collection Set: 0.0ms
[2021-04-17T04:37:42.174-0700][gc,phases     ] GC(9)   Evacuate Collection Set: 3.3ms
[2021-04-17T04:37:42.174-0700][gc,phases     ] GC(9)   Post Evacuate Collection Set: 0.4ms
[2021-04-17T04:37:42.174-0700][gc,phases     ] GC(9)   Other: 0.1ms
[2021-04-17T04:37:42.174-0700][gc,heap       ] GC(9) Eden regions: 47->0(48)
[2021-04-17T04:37:42.174-0700][gc,heap       ] GC(9) Survivor regions: 4->4(7)
[2021-04-17T04:37:42.174-0700][gc,heap       ] GC(9) Old regions: 14->14
[2021-04-17T04:37:42.174-0700][gc,heap       ] GC(9) Humongous regions: 129->129
[2021-04-17T04:37:42.174-0700][gc,metaspace  ] GC(9) Metaspace: 39304K->39304K(1085440K)
[2021-04-17T04:37:42.174-0700][gc            ] GC(9) Pause Young (Normal) (G1 Evacuation Pause) 192M->145M(1024M) 3.902ms
[2021-04-17T04:37:42.174-0700][gc,cpu        ] GC(9) User=0.03s Sys=0.00s Real=0.00s
[2021-04-17T04:37:42.691-0700][gc,start      ] GC(10) Pause Young (Normal) (G1 Evacuation Pause)
[2021-04-17T04:37:42.691-0700][gc,task       ] GC(10) Using 8 workers of 8 for evacuation
[2021-04-17T04:37:42.695-0700][gc,phases     ] GC(10)   Pre Evacuate Collection Set: 0.0ms
[2021-04-17T04:37:42.695-0700][gc,phases     ] GC(10)   Evacuate Collection Set: 3.4ms
[2021-04-17T04:37:42.695-0700][gc,phases     ] GC(10)   Post Evacuate Collection Set: 0.6ms
[2021-04-17T04:37:42.695-0700][gc,phases     ] GC(10)   Other: 0.1ms
[2021-04-17T04:37:42.695-0700][gc,heap       ] GC(10) Eden regions: 48->0(57)
[2021-04-17T04:37:42.695-0700][gc,heap       ] GC(10) Survivor regions: 4->4(7)
[2021-04-17T04:37:42.695-0700][gc,heap       ] GC(10) Old regions: 14->14
[2021-04-17T04:37:42.695-0700][gc,heap       ] GC(10) Humongous regions: 129->129
[2021-04-17T04:37:42.695-0700][gc,metaspace  ] GC(10) Metaspace: 39304K->39304K(1085440K)
[2021-04-17T04:37:42.695-0700][gc            ] GC(10) Pause Young (Normal) (G1 Evacuation Pause) 193M->145M(1024M) 4.157ms
[2021-04-17T04:37:42.695-0700][gc,cpu        ] GC(10) User=0.02s Sys=0.00s Real=0.00s
[2021-04-17T04:37:43.367-0700][gc,start      ] GC(11) Pause Young (Normal) (G1 Evacuation Pause)
[2021-04-17T04:37:43.367-0700][gc,task       ] GC(11) Using 8 workers of 8 for evacuation
[2021-04-17T04:37:43.373-0700][gc,phases     ] GC(11)   Pre Evacuate Collection Set: 0.0ms
[2021-04-17T04:37:43.373-0700][gc,phases     ] GC(11)   Evacuate Collection Set: 5.4ms
[2021-04-17T04:37:43.373-0700][gc,phases     ] GC(11)   Post Evacuate Collection Set: 0.5ms
[2021-04-17T04:37:43.373-0700][gc,phases     ] GC(11)   Other: 0.2ms
[2021-04-17T04:37:43.373-0700][gc,heap       ] GC(11) Eden regions: 57->0(61)
[2021-04-17T04:37:43.373-0700][gc,heap       ] GC(11) Survivor regions: 4->5(8)
[2021-04-17T04:37:43.373-0700][gc,heap       ] GC(11) Old regions: 14->14
[2021-04-17T04:37:43.373-0700][gc,heap       ] GC(11) Humongous regions: 129->129
[2021-04-17T04:37:43.373-0700][gc,metaspace  ] GC(11) Metaspace: 39304K->39304K(1085440K)
[2021-04-17T04:37:43.373-0700][gc            ] GC(11) Pause Young (Normal) (G1 Evacuation Pause) 202M->145M(1024M) 6.167ms
[2021-04-17T04:37:43.373-0700][gc,cpu        ] GC(11) User=0.02s Sys=0.01s Real=0.01s
[2021-04-17T04:37:44.085-0700][gc,start      ] GC(12) Pause Young (Normal) (G1 Evacuation Pause)
[2021-04-17T04:37:44.085-0700][gc,task       ] GC(12) Using 8 workers of 8 for evacuation
[2021-04-17T04:37:44.090-0700][gc,phases     ] GC(12)   Pre Evacuate Collection Set: 0.0ms
[2021-04-17T04:37:44.090-0700][gc,phases     ] GC(12)   Evacuate Collection Set: 3.9ms
[2021-04-17T04:37:44.090-0700][gc,phases     ] GC(12)   Post Evacuate Collection Set: 0.5ms
[2021-04-17T04:37:44.090-0700][gc,phases     ] GC(12)   Other: 0.1ms
[2021-04-17T04:37:44.090-0700][gc,heap       ] GC(12) Eden regions: 61->0(455)
[2021-04-17T04:37:44.090-0700][gc,heap       ] GC(12) Survivor regions: 5->5(9)
[2021-04-17T04:37:44.090-0700][gc,heap       ] GC(12) Old regions: 14->14
[2021-04-17T04:37:44.090-0700][gc,heap       ] GC(12) Humongous regions: 129->129
[2021-04-17T04:37:44.090-0700][gc,metaspace  ] GC(12) Metaspace: 39323K->39323K(1085440K)
[2021-04-17T04:37:44.090-0700][gc            ] GC(12) Pause Young (Normal) (G1 Evacuation Pause) 206M->145M(1024M) 4.643ms
[2021-04-17T04:37:44.090-0700][gc,cpu        ] GC(12) User=0.03s Sys=0.00s Real=0.01s
[2021-04-17T04:37:49.383-0700][gc,start      ] GC(13) Pause Young (Normal) (G1 Evacuation Pause)
[2021-04-17T04:37:49.383-0700][gc,task       ] GC(13) Using 8 workers of 8 for evacuation
[2021-04-17T04:37:49.390-0700][gc,phases     ] GC(13)   Pre Evacuate Collection Set: 0.0ms
[2021-04-17T04:37:49.390-0700][gc,phases     ] GC(13)   Evacuate Collection Set: 5.5ms
[2021-04-17T04:37:49.390-0700][gc,phases     ] GC(13)   Post Evacuate Collection Set: 0.7ms
[2021-04-17T04:37:49.390-0700][gc,phases     ] GC(13)   Other: 0.3ms
[2021-04-17T04:37:49.390-0700][gc,heap       ] GC(13) Eden regions: 455->0(610)
[2021-04-17T04:37:49.390-0700][gc,heap       ] GC(13) Survivor regions: 5->4(58)
[2021-04-17T04:37:49.390-0700][gc,heap       ] GC(13) Old regions: 14->14
[2021-04-17T04:37:49.390-0700][gc,heap       ] GC(13) Humongous regions: 129->129
[2021-04-17T04:37:49.390-0700][gc,metaspace  ] GC(13) Metaspace: 39359K->39359K(1085440K)
[2021-04-17T04:37:49.390-0700][gc            ] GC(13) Pause Young (Normal) (G1 Evacuation Pause) 600M->145M(1024M) 6.649ms
[2021-04-17T04:37:49.390-0700][gc,cpu        ] GC(13) User=0.02s Sys=0.00s Real=0.01s
[2021-04-17T04:37:56.211-0700][gc,start      ] GC(14) Pause Young (Normal) (G1 Evacuation Pause)
[2021-04-17T04:37:56.211-0700][gc,task       ] GC(14) Using 8 workers of 8 for evacuation
[2021-04-17T04:37:56.215-0700][gc,phases     ] GC(14)   Pre Evacuate Collection Set: 0.0ms
[2021-04-17T04:37:56.215-0700][gc,phases     ] GC(14)   Evacuate Collection Set: 3.5ms
[2021-04-17T04:37:56.215-0700][gc,phases     ] GC(14)   Post Evacuate Collection Set: 0.7ms
[2021-04-17T04:37:56.215-0700][gc,phases     ] GC(14)   Other: 0.2ms
[2021-04-17T04:37:56.215-0700][gc,heap       ] GC(14) Eden regions: 610->0(610)
[2021-04-17T04:37:56.215-0700][gc,heap       ] GC(14) Survivor regions: 4->4(77)
[2021-04-17T04:37:56.215-0700][gc,heap       ] GC(14) Old regions: 14->14
[2021-04-17T04:37:56.215-0700][gc,heap       ] GC(14) Humongous regions: 129->129
[2021-04-17T04:37:56.215-0700][gc,metaspace  ] GC(14) Metaspace: 39369K->39369K(1085440K)
[2021-04-17T04:37:56.215-0700][gc            ] GC(14) Pause Young (Normal) (G1 Evacuation Pause) 755M->145M(1024M) 4.478ms
[2021-04-17T04:37:56.215-0700][gc,cpu        ] GC(14) User=0.03s Sys=0.00s Real=0.00s
[2021-04-17T04:38:02.066-0700][gc,start      ] GC(15) Pause Young (Normal) (G1 Evacuation Pause)
[2021-04-17T04:38:02.066-0700][gc,task       ] GC(15) Using 8 workers of 8 for evacuation
[2021-04-17T04:38:02.070-0700][gc,phases     ] GC(15)   Pre Evacuate Collection Set: 0.0ms
[2021-04-17T04:38:02.070-0700][gc,phases     ] GC(15)   Evacuate Collection Set: 3.3ms
[2021-04-17T04:38:02.070-0700][gc,phases     ] GC(15)   Post Evacuate Collection Set: 0.6ms
[2021-04-17T04:38:02.070-0700][gc,phases     ] GC(15)   Other: 0.1ms
[2021-04-17T04:38:02.070-0700][gc,heap       ] GC(15) Eden regions: 610->0(610)
[2021-04-17T04:38:02.070-0700][gc,heap       ] GC(15) Survivor regions: 4->4(77)
[2021-04-17T04:38:02.070-0700][gc,heap       ] GC(15) Old regions: 14->14
[2021-04-17T04:38:02.070-0700][gc,heap       ] GC(15) Humongous regions: 129->129
[2021-04-17T04:38:02.070-0700][gc,metaspace  ] GC(15) Metaspace: 39378K->39378K(1085440K)
[2021-04-17T04:38:02.070-0700][gc            ] GC(15) Pause Young (Normal) (G1 Evacuation Pause) 755M->145M(1024M) 4.139ms
[2021-04-17T04:38:02.070-0700][gc,cpu        ] GC(15) User=0.02s Sys=0.00s Real=0.01s
[2021-04-17T04:38:07.755-0700][gc,start      ] GC(16) Pause Young (Normal) (G1 Evacuation Pause)
[2021-04-17T04:38:07.755-0700][gc,task       ] GC(16) Using 8 workers of 8 for evacuation
[2021-04-17T04:38:07.761-0700][gc,phases     ] GC(16)   Pre Evacuate Collection Set: 0.0ms
[2021-04-17T04:38:07.761-0700][gc,phases     ] GC(16)   Evacuate Collection Set: 4.7ms
[2021-04-17T04:38:07.761-0700][gc,phases     ] GC(16)   Post Evacuate Collection Set: 0.7ms
[2021-04-17T04:38:07.761-0700][gc,phases     ] GC(16)   Other: 0.2ms
[2021-04-17T04:38:07.761-0700][gc,heap       ] GC(16) Eden regions: 610->0(610)
[2021-04-17T04:38:07.761-0700][gc,heap       ] GC(16) Survivor regions: 4->4(77)
[2021-04-17T04:38:07.761-0700][gc,heap       ] GC(16) Old regions: 14->14
[2021-04-17T04:38:07.761-0700][gc,heap       ] GC(16) Humongous regions: 129->129
[2021-04-17T04:38:07.761-0700][gc,metaspace  ] GC(16) Metaspace: 39413K->39413K(1085440K)
[2021-04-17T04:38:07.761-0700][gc            ] GC(16) Pause Young (Normal) (G1 Evacuation Pause) 755M->145M(1024M) 5.652ms
[2021-04-17T04:38:07.761-0700][gc,cpu        ] GC(16) User=0.03s Sys=0.00s Real=0.01s
[2021-04-17T04:38:13.385-0700][gc,start      ] GC(17) Pause Young (Normal) (G1 Evacuation Pause)
[2021-04-17T04:38:13.385-0700][gc,task       ] GC(17) Using 8 workers of 8 for evacuation
[2021-04-17T04:38:13.389-0700][gc,phases     ] GC(17)   Pre Evacuate Collection Set: 0.0ms
[2021-04-17T04:38:13.389-0700][gc,phases     ] GC(17)   Evacuate Collection Set: 2.7ms
[2021-04-17T04:38:13.389-0700][gc,phases     ] GC(17)   Post Evacuate Collection Set: 0.7ms
[2021-04-17T04:38:13.389-0700][gc,phases     ] GC(17)   Other: 0.2ms
[2021-04-17T04:38:13.389-0700][gc,heap       ] GC(17) Eden regions: 610->0(610)
[2021-04-17T04:38:13.389-0700][gc,heap       ] GC(17) Survivor regions: 4->4(77)
[2021-04-17T04:38:13.389-0700][gc,heap       ] GC(17) Old regions: 14->14
[2021-04-17T04:38:13.389-0700][gc,heap       ] GC(17) Humongous regions: 129->129
[2021-04-17T04:38:13.389-0700][gc,metaspace  ] GC(17) Metaspace: 39455K->39455K(1085440K)
[2021-04-17T04:38:13.389-0700][gc            ] GC(17) Pause Young (Normal) (G1 Evacuation Pause) 755M->144M(1024M) 3.741ms
[2021-04-17T04:38:13.389-0700][gc,cpu        ] GC(17) User=0.02s Sys=0.01s Real=0.01s
[2021-04-17T04:38:19.379-0700][gc,start      ] GC(18) Pause Young (Normal) (G1 Evacuation Pause)
[2021-04-17T04:38:19.379-0700][gc,task       ] GC(18) Using 8 workers of 8 for evacuation
[2021-04-17T04:38:19.384-0700][gc,phases     ] GC(18)   Pre Evacuate Collection Set: 0.0ms
[2021-04-17T04:38:19.384-0700][gc,phases     ] GC(18)   Evacuate Collection Set: 3.8ms
[2021-04-17T04:38:19.384-0700][gc,phases     ] GC(18)   Post Evacuate Collection Set: 0.6ms
[2021-04-17T04:38:19.384-0700][gc,phases     ] GC(18)   Other: 0.2ms
[2021-04-17T04:38:19.384-0700][gc,heap       ] GC(18) Eden regions: 610->0(611)
[2021-04-17T04:38:19.384-0700][gc,heap       ] GC(18) Survivor regions: 4->3(77)
[2021-04-17T04:38:19.384-0700][gc,heap       ] GC(18) Old regions: 14->14
[2021-04-17T04:38:19.384-0700][gc,heap       ] GC(18) Humongous regions: 129->129
[2021-04-17T04:38:19.384-0700][gc,metaspace  ] GC(18) Metaspace: 39458K->39458K(1085440K)
[2021-04-17T04:38:19.384-0700][gc            ] GC(18) Pause Young (Normal) (G1 Evacuation Pause) 754M->144M(1024M) 4.770ms
[2021-04-17T04:38:19.384-0700][gc,cpu        ] GC(18) User=0.02s Sys=0.00s Real=0.00s
[2021-04-17T04:38:25.307-0700][gc,start      ] GC(19) Pause Young (Normal) (G1 Evacuation Pause)
[2021-04-17T04:38:25.307-0700][gc,task       ] GC(19) Using 8 workers of 8 for evacuation
[2021-04-17T04:38:25.313-0700][gc,phases     ] GC(19)   Pre Evacuate Collection Set: 0.0ms
[2021-04-17T04:38:25.313-0700][gc,phases     ] GC(19)   Evacuate Collection Set: 4.7ms
[2021-04-17T04:38:25.313-0700][gc,phases     ] GC(19)   Post Evacuate Collection Set: 0.7ms
[2021-04-17T04:38:25.313-0700][gc,phases     ] GC(19)   Other: 0.2ms
[2021-04-17T04:38:25.313-0700][gc,heap       ] GC(19) Eden regions: 611->0(609)
[2021-04-17T04:38:25.313-0700][gc,heap       ] GC(19) Survivor regions: 3->5(77)
[2021-04-17T04:38:25.313-0700][gc,heap       ] GC(19) Old regions: 14->14
[2021-04-17T04:38:25.313-0700][gc,heap       ] GC(19) Humongous regions: 129->129
[2021-04-17T04:38:25.313-0700][gc,metaspace  ] GC(19) Metaspace: 40028K->40028K(1085440K)
[2021-04-17T04:38:25.313-0700][gc            ] GC(19) Pause Young (Normal) (G1 Evacuation Pause) 755M->146M(1024M) 5.744ms
[2021-04-17T04:38:25.313-0700][gc,cpu        ] GC(19) User=0.03s Sys=0.01s Real=0.01s
[2021-04-17T04:38:30.108-0700][gc,start      ] GC(20) Pause Young (Normal) (G1 Evacuation Pause)
[2021-04-17T04:38:30.108-0700][gc,task       ] GC(20) Using 8 workers of 8 for evacuation
[2021-04-17T04:38:30.112-0700][gc,phases     ] GC(20)   Pre Evacuate Collection Set: 0.0ms
[2021-04-17T04:38:30.112-0700][gc,phases     ] GC(20)   Evacuate Collection Set: 3.4ms
[2021-04-17T04:38:30.112-0700][gc,phases     ] GC(20)   Post Evacuate Collection Set: 0.5ms
[2021-04-17T04:38:30.112-0700][gc,phases     ] GC(20)   Other: 0.2ms
[2021-04-17T04:38:30.112-0700][gc,heap       ] GC(20) Eden regions: 609->0(610)
[2021-04-17T04:38:30.112-0700][gc,heap       ] GC(20) Survivor regions: 5->4(77)
[2021-04-17T04:38:30.112-0700][gc,heap       ] GC(20) Old regions: 14->14
[2021-04-17T04:38:30.112-0700][gc,heap       ] GC(20) Humongous regions: 129->129
[2021-04-17T04:38:30.112-0700][gc,metaspace  ] GC(20) Metaspace: 40031K->40031K(1085440K)
[2021-04-17T04:38:30.112-0700][gc            ] GC(20) Pause Young (Normal) (G1 Evacuation Pause) 755M->145M(1024M) 4.147ms
[2021-04-17T04:38:30.112-0700][gc,cpu        ] GC(20) User=0.02s Sys=0.00s Real=0.01s
[2021-04-17T04:38:34.281-0700][gc,start      ] GC(21) Pause Young (Normal) (G1 Evacuation Pause)
[2021-04-17T04:38:34.281-0700][gc,task       ] GC(21) Using 8 workers of 8 for evacuation
[2021-04-17T04:38:34.285-0700][gc,phases     ] GC(21)   Pre Evacuate Collection Set: 0.0ms
[2021-04-17T04:38:34.285-0700][gc,phases     ] GC(21)   Evacuate Collection Set: 3.0ms
[2021-04-17T04:38:34.285-0700][gc,phases     ] GC(21)   Post Evacuate Collection Set: 0.7ms
[2021-04-17T04:38:34.285-0700][gc,phases     ] GC(21)   Other: 0.2ms
[2021-04-17T04:38:34.285-0700][gc,heap       ] GC(21) Eden regions: 610->0(612)
[2021-04-17T04:38:34.285-0700][gc,heap       ] GC(21) Survivor regions: 4->2(77)
[2021-04-17T04:38:34.285-0700][gc,heap       ] GC(21) Old regions: 14->16
[2021-04-17T04:38:34.285-0700][gc,heap       ] GC(21) Humongous regions: 129->129
[2021-04-17T04:38:34.285-0700][gc,metaspace  ] GC(21) Metaspace: 40043K->40043K(1085440K)
[2021-04-17T04:38:34.285-0700][gc            ] GC(21) Pause Young (Normal) (G1 Evacuation Pause) 755M->145M(1024M) 3.937ms
[2021-04-17T04:38:34.285-0700][gc,cpu        ] GC(21) User=0.02s Sys=0.00s Real=0.00s
[2021-04-17T04:38:38.845-0700][gc,start      ] GC(22) Pause Young (Normal) (G1 Evacuation Pause)
[2021-04-17T04:38:38.845-0700][gc,task       ] GC(22) Using 8 workers of 8 for evacuation
[2021-04-17T04:38:38.848-0700][gc,phases     ] GC(22)   Pre Evacuate Collection Set: 0.0ms
[2021-04-17T04:38:38.848-0700][gc,phases     ] GC(22)   Evacuate Collection Set: 2.7ms
[2021-04-17T04:38:38.849-0700][gc,phases     ] GC(22)   Post Evacuate Collection Set: 0.5ms
[2021-04-17T04:38:38.849-0700][gc,phases     ] GC(22)   Other: 0.2ms
[2021-04-17T04:38:38.849-0700][gc,heap       ] GC(22) Eden regions: 612->0(611)
[2021-04-17T04:38:38.849-0700][gc,heap       ] GC(22) Survivor regions: 2->3(77)
[2021-04-17T04:38:38.849-0700][gc,heap       ] GC(22) Old regions: 16->16
[2021-04-17T04:38:38.849-0700][gc,heap       ] GC(22) Humongous regions: 129->129
[2021-04-17T04:38:38.849-0700][gc,metaspace  ] GC(22) Metaspace: 40098K->40098K(1085440K)
[2021-04-17T04:38:38.849-0700][gc            ] GC(22) Pause Young (Normal) (G1 Evacuation Pause) 757M->146M(1024M) 3.536ms
[2021-04-17T04:38:38.849-0700][gc,cpu        ] GC(22) User=0.01s Sys=0.01s Real=0.00s
[2021-04-17T04:38:43.245-0700][gc,start      ] GC(23) Pause Young (Normal) (G1 Evacuation Pause)
[2021-04-17T04:38:43.245-0700][gc,task       ] GC(23) Using 8 workers of 8 for evacuation
[2021-04-17T04:38:43.248-0700][gc,phases     ] GC(23)   Pre Evacuate Collection Set: 0.0ms
[2021-04-17T04:38:43.248-0700][gc,phases     ] GC(23)   Evacuate Collection Set: 2.3ms
[2021-04-17T04:38:43.248-0700][gc,phases     ] GC(23)   Post Evacuate Collection Set: 0.5ms
[2021-04-17T04:38:43.248-0700][gc,phases     ] GC(23)   Other: 0.2ms
[2021-04-17T04:38:43.248-0700][gc,heap       ] GC(23) Eden regions: 611->0(611)
[2021-04-17T04:38:43.248-0700][gc,heap       ] GC(23) Survivor regions: 3->3(77)
[2021-04-17T04:38:43.248-0700][gc,heap       ] GC(23) Old regions: 16->16
[2021-04-17T04:38:43.248-0700][gc,heap       ] GC(23) Humongous regions: 129->129
[2021-04-17T04:38:43.248-0700][gc,metaspace  ] GC(23) Metaspace: 40111K->40111K(1085440K)
[2021-04-17T04:38:43.248-0700][gc            ] GC(23) Pause Young (Normal) (G1 Evacuation Pause) 757M->145M(1024M) 3.084ms
[2021-04-17T04:38:43.248-0700][gc,cpu        ] GC(23) User=0.01s Sys=0.00s Real=0.00s
[2021-04-17T04:38:47.696-0700][gc,start      ] GC(24) Pause Young (Normal) (G1 Evacuation Pause)
[2021-04-17T04:38:47.696-0700][gc,task       ] GC(24) Using 8 workers of 8 for evacuation
[2021-04-17T04:38:47.698-0700][gc,phases     ] GC(24)   Pre Evacuate Collection Set: 0.0ms
[2021-04-17T04:38:47.698-0700][gc,phases     ] GC(24)   Evacuate Collection Set: 1.7ms
[2021-04-17T04:38:47.698-0700][gc,phases     ] GC(24)   Post Evacuate Collection Set: 0.5ms
[2021-04-17T04:38:47.698-0700][gc,phases     ] GC(24)   Other: 0.2ms
[2021-04-17T04:38:47.698-0700][gc,heap       ] GC(24) Eden regions: 611->0(611)
[2021-04-17T04:38:47.698-0700][gc,heap       ] GC(24) Survivor regions: 3->3(77)
[2021-04-17T04:38:47.698-0700][gc,heap       ] GC(24) Old regions: 16->16
[2021-04-17T04:38:47.698-0700][gc,heap       ] GC(24) Humongous regions: 129->129
[2021-04-17T04:38:47.698-0700][gc,metaspace  ] GC(24) Metaspace: 40111K->40111K(1085440K)
[2021-04-17T04:38:47.698-0700][gc            ] GC(24) Pause Young (Normal) (G1 Evacuation Pause) 756M->145M(1024M) 2.390ms
[2021-04-17T04:38:47.698-0700][gc,cpu        ] GC(24) User=0.01s Sys=0.00s Real=0.01s
[2021-04-17T04:38:51.952-0700][gc,start      ] GC(25) Pause Young (Normal) (G1 Evacuation Pause)
[2021-04-17T04:38:51.952-0700][gc,task       ] GC(25) Using 8 workers of 8 for evacuation
[2021-04-17T04:38:51.954-0700][gc,phases     ] GC(25)   Pre Evacuate Collection Set: 0.0ms
[2021-04-17T04:38:51.954-0700][gc,phases     ] GC(25)   Evacuate Collection Set: 1.3ms
[2021-04-17T04:38:51.954-0700][gc,phases     ] GC(25)   Post Evacuate Collection Set: 0.6ms
[2021-04-17T04:38:51.954-0700][gc,phases     ] GC(25)   Other: 0.2ms
[2021-04-17T04:38:51.954-0700][gc,heap       ] GC(25) Eden regions: 611->0(612)
[2021-04-17T04:38:51.954-0700][gc,heap       ] GC(25) Survivor regions: 3->2(77)
[2021-04-17T04:38:51.954-0700][gc,heap       ] GC(25) Old regions: 16->16
[2021-04-17T04:38:51.954-0700][gc,heap       ] GC(25) Humongous regions: 129->129
[2021-04-17T04:38:51.954-0700][gc,metaspace  ] GC(25) Metaspace: 40116K->40116K(1085440K)
[2021-04-17T04:38:51.954-0700][gc            ] GC(25) Pause Young (Normal) (G1 Evacuation Pause) 756M->145M(1024M) 2.200ms
[2021-04-17T04:38:51.954-0700][gc,cpu        ] GC(25) User=0.02s Sys=0.00s Real=0.00s
[2021-04-17T04:38:56.207-0700][gc,start      ] GC(26) Pause Young (Normal) (G1 Evacuation Pause)
[2021-04-17T04:38:56.207-0700][gc,task       ] GC(26) Using 8 workers of 8 for evacuation
[2021-04-17T04:38:56.210-0700][gc,phases     ] GC(26)   Pre Evacuate Collection Set: 0.0ms
[2021-04-17T04:38:56.210-0700][gc,phases     ] GC(26)   Evacuate Collection Set: 2.8ms
[2021-04-17T04:38:56.210-0700][gc,phases     ] GC(26)   Post Evacuate Collection Set: 0.5ms
[2021-04-17T04:38:56.210-0700][gc,phases     ] GC(26)   Other: 0.2ms
[2021-04-17T04:38:56.210-0700][gc,heap       ] GC(26) Eden regions: 612->0(611)
[2021-04-17T04:38:56.210-0700][gc,heap       ] GC(26) Survivor regions: 2->3(77)
[2021-04-17T04:38:56.210-0700][gc,heap       ] GC(26) Old regions: 16->16
[2021-04-17T04:38:56.210-0700][gc,heap       ] GC(26) Humongous regions: 129->129
[2021-04-17T04:38:56.210-0700][gc,metaspace  ] GC(26) Metaspace: 40118K->40118K(1085440K)
[2021-04-17T04:38:56.210-0700][gc            ] GC(26) Pause Young (Normal) (G1 Evacuation Pause) 757M->146M(1024M) 3.526ms
[2021-04-17T04:38:56.210-0700][gc,cpu        ] GC(26) User=0.02s Sys=0.00s Real=0.01s
[2021-04-17T04:39:01.273-0700][gc,start      ] GC(27) Pause Young (Normal) (G1 Evacuation Pause)
[2021-04-17T04:39:01.273-0700][gc,task       ] GC(27) Using 8 workers of 8 for evacuation
[2021-04-17T04:39:01.276-0700][gc,phases     ] GC(27)   Pre Evacuate Collection Set: 0.0ms
[2021-04-17T04:39:01.276-0700][gc,phases     ] GC(27)   Evacuate Collection Set: 2.4ms
[2021-04-17T04:39:01.276-0700][gc,phases     ] GC(27)   Post Evacuate Collection Set: 0.6ms
[2021-04-17T04:39:01.276-0700][gc,phases     ] GC(27)   Other: 0.2ms
[2021-04-17T04:39:01.276-0700][gc,heap       ] GC(27) Eden regions: 611->0(611)
[2021-04-17T04:39:01.276-0700][gc,heap       ] GC(27) Survivor regions: 3->3(77)
[2021-04-17T04:39:01.276-0700][gc,heap       ] GC(27) Old regions: 16->16
[2021-04-17T04:39:01.276-0700][gc,heap       ] GC(27) Humongous regions: 129->129
[2021-04-17T04:39:01.276-0700][gc,metaspace  ] GC(27) Metaspace: 40119K->40119K(1085440K)
[2021-04-17T04:39:01.276-0700][gc            ] GC(27) Pause Young (Normal) (G1 Evacuation Pause) 757M->146M(1024M) 3.216ms
[2021-04-17T04:39:01.277-0700][gc,cpu        ] GC(27) User=0.01s Sys=0.00s Real=0.00s
[2021-04-17T04:39:05.537-0700][gc,start      ] GC(28) Pause Young (Normal) (G1 Evacuation Pause)
[2021-04-17T04:39:05.537-0700][gc,task       ] GC(28) Using 8 workers of 8 for evacuation
[2021-04-17T04:39:05.540-0700][gc,phases     ] GC(28)   Pre Evacuate Collection Set: 0.0ms
[2021-04-17T04:39:05.540-0700][gc,phases     ] GC(28)   Evacuate Collection Set: 3.3ms
[2021-04-17T04:39:05.540-0700][gc,phases     ] GC(28)   Post Evacuate Collection Set: 0.4ms
[2021-04-17T04:39:05.540-0700][gc,phases     ] GC(28)   Other: 0.2ms
[2021-04-17T04:39:05.540-0700][gc,heap       ] GC(28) Eden regions: 611->0(611)
[2021-04-17T04:39:05.540-0700][gc,heap       ] GC(28) Survivor regions: 3->3(77)
[2021-04-17T04:39:05.540-0700][gc,heap       ] GC(28) Old regions: 16->16
[2021-04-17T04:39:05.540-0700][gc,heap       ] GC(28) Humongous regions: 129->129
[2021-04-17T04:39:05.540-0700][gc,metaspace  ] GC(28) Metaspace: 40121K->40121K(1085440K)
[2021-04-17T04:39:05.541-0700][gc            ] GC(28) Pause Young (Normal) (G1 Evacuation Pause) 757M->145M(1024M) 3.918ms
[2021-04-17T04:39:05.541-0700][gc,cpu        ] GC(28) User=0.01s Sys=0.01s Real=0.01s
[2021-04-17T04:39:09.929-0700][gc,start      ] GC(29) Pause Young (Normal) (G1 Evacuation Pause)
[2021-04-17T04:39:09.929-0700][gc,task       ] GC(29) Using 8 workers of 8 for evacuation
[2021-04-17T04:39:09.933-0700][gc,phases     ] GC(29)   Pre Evacuate Collection Set: 0.0ms
[2021-04-17T04:39:09.933-0700][gc,phases     ] GC(29)   Evacuate Collection Set: 2.8ms
[2021-04-17T04:39:09.933-0700][gc,phases     ] GC(29)   Post Evacuate Collection Set: 0.5ms
[2021-04-17T04:39:09.933-0700][gc,phases     ] GC(29)   Other: 0.2ms
[2021-04-17T04:39:09.933-0700][gc,heap       ] GC(29) Eden regions: 611->0(610)
[2021-04-17T04:39:09.933-0700][gc,heap       ] GC(29) Survivor regions: 3->4(77)
[2021-04-17T04:39:09.933-0700][gc,heap       ] GC(29) Old regions: 16->16
[2021-04-17T04:39:09.933-0700][gc,heap       ] GC(29) Humongous regions: 129->129
[2021-04-17T04:39:09.933-0700][gc,metaspace  ] GC(29) Metaspace: 40127K->40127K(1085440K)
[2021-04-17T04:39:09.933-0700][gc            ] GC(29) Pause Young (Normal) (G1 Evacuation Pause) 756M->147M(1024M) 3.532ms
[2021-04-17T04:39:09.933-0700][gc,cpu        ] GC(29) User=0.02s Sys=0.00s Real=0.00s
[2021-04-17T04:39:14.142-0700][gc,start      ] GC(30) Pause Young (Normal) (G1 Evacuation Pause)
[2021-04-17T04:39:14.142-0700][gc,task       ] GC(30) Using 8 workers of 8 for evacuation
[2021-04-17T04:39:14.145-0700][gc,phases     ] GC(30)   Pre Evacuate Collection Set: 0.0ms
[2021-04-17T04:39:14.145-0700][gc,phases     ] GC(30)   Evacuate Collection Set: 2.8ms
[2021-04-17T04:39:14.145-0700][gc,phases     ] GC(30)   Post Evacuate Collection Set: 0.5ms
[2021-04-17T04:39:14.145-0700][gc,phases     ] GC(30)   Other: 0.2ms
[2021-04-17T04:39:14.145-0700][gc,heap       ] GC(30) Eden regions: 610->0(610)
[2021-04-17T04:39:14.145-0700][gc,heap       ] GC(30) Survivor regions: 4->4(77)
[2021-04-17T04:39:14.145-0700][gc,heap       ] GC(30) Old regions: 16->17
[2021-04-17T04:39:14.145-0700][gc,heap       ] GC(30) Humongous regions: 129->129
[2021-04-17T04:39:14.145-0700][gc,metaspace  ] GC(30) Metaspace: 40153K->40153K(1085440K)
[2021-04-17T04:39:14.145-0700][gc            ] GC(30) Pause Young (Normal) (G1 Evacuation Pause) 757M->146M(1024M) 3.552ms
[2021-04-17T04:39:14.146-0700][gc,cpu        ] GC(30) User=0.01s Sys=0.00s Real=0.00s
[2021-04-17T04:39:18.478-0700][gc,start      ] GC(31) Pause Young (Normal) (G1 Evacuation Pause)
[2021-04-17T04:39:18.478-0700][gc,task       ] GC(31) Using 8 workers of 8 for evacuation
[2021-04-17T04:39:18.481-0700][gc,phases     ] GC(31)   Pre Evacuate Collection Set: 0.0ms
[2021-04-17T04:39:18.481-0700][gc,phases     ] GC(31)   Evacuate Collection Set: 2.5ms
[2021-04-17T04:39:18.481-0700][gc,phases     ] GC(31)   Post Evacuate Collection Set: 0.6ms
[2021-04-17T04:39:18.481-0700][gc,phases     ] GC(31)   Other: 0.2ms
[2021-04-17T04:39:18.481-0700][gc,heap       ] GC(31) Eden regions: 610->0(611)
[2021-04-17T04:39:18.481-0700][gc,heap       ] GC(31) Survivor regions: 4->3(77)
[2021-04-17T04:39:18.481-0700][gc,heap       ] GC(31) Old regions: 17->17
[2021-04-17T04:39:18.481-0700][gc,heap       ] GC(31) Humongous regions: 129->129
[2021-04-17T04:39:18.481-0700][gc,metaspace  ] GC(31) Metaspace: 40158K->40158K(1085440K)
[2021-04-17T04:39:18.481-0700][gc            ] GC(31) Pause Young (Normal) (G1 Evacuation Pause) 756M->146M(1024M) 3.249ms
[2021-04-17T04:39:18.482-0700][gc,cpu        ] GC(31) User=0.02s Sys=0.00s Real=0.00s
[2021-04-17T04:39:22.836-0700][gc,start      ] GC(32) Pause Young (Normal) (G1 Evacuation Pause)
[2021-04-17T04:39:22.836-0700][gc,task       ] GC(32) Using 8 workers of 8 for evacuation
[2021-04-17T04:39:22.839-0700][gc,phases     ] GC(32)   Pre Evacuate Collection Set: 0.0ms
[2021-04-17T04:39:22.839-0700][gc,phases     ] GC(32)   Evacuate Collection Set: 2.3ms
[2021-04-17T04:39:22.839-0700][gc,phases     ] GC(32)   Post Evacuate Collection Set: 0.6ms
[2021-04-17T04:39:22.839-0700][gc,phases     ] GC(32)   Other: 0.2ms
[2021-04-17T04:39:22.839-0700][gc,heap       ] GC(32) Eden regions: 611->0(610)
[2021-04-17T04:39:22.839-0700][gc,heap       ] GC(32) Survivor regions: 3->4(77)
[2021-04-17T04:39:22.839-0700][gc,heap       ] GC(32) Old regions: 17->17
[2021-04-17T04:39:22.839-0700][gc,heap       ] GC(32) Humongous regions: 129->129
[2021-04-17T04:39:22.839-0700][gc,metaspace  ] GC(32) Metaspace: 40160K->40160K(1085440K)
[2021-04-17T04:39:22.839-0700][gc            ] GC(32) Pause Young (Normal) (G1 Evacuation Pause) 757M->147M(1024M) 3.158ms
[2021-04-17T04:39:22.839-0700][gc,cpu        ] GC(32) User=0.02s Sys=0.00s Real=0.01s
[2021-04-17T04:39:27.132-0700][gc,start      ] GC(33) Pause Young (Normal) (G1 Evacuation Pause)
[2021-04-17T04:39:27.132-0700][gc,task       ] GC(33) Using 8 workers of 8 for evacuation
[2021-04-17T04:39:27.137-0700][gc,phases     ] GC(33)   Pre Evacuate Collection Set: 0.0ms
[2021-04-17T04:39:27.137-0700][gc,phases     ] GC(33)   Evacuate Collection Set: 3.9ms
[2021-04-17T04:39:27.137-0700][gc,phases     ] GC(33)   Post Evacuate Collection Set: 0.7ms
[2021-04-17T04:39:27.137-0700][gc,phases     ] GC(33)   Other: 0.3ms
[2021-04-17T04:39:27.137-0700][gc,heap       ] GC(33) Eden regions: 610->0(610)
[2021-04-17T04:39:27.137-0700][gc,heap       ] GC(33) Survivor regions: 4->4(77)
[2021-04-17T04:39:27.137-0700][gc,heap       ] GC(33) Old regions: 17->17
[2021-04-17T04:39:27.137-0700][gc,heap       ] GC(33) Humongous regions: 129->129
[2021-04-17T04:39:27.137-0700][gc,metaspace  ] GC(33) Metaspace: 40163K->40163K(1085440K)
[2021-04-17T04:39:27.137-0700][gc            ] GC(33) Pause Young (Normal) (G1 Evacuation Pause) 757M->147M(1024M) 4.964ms
[2021-04-17T04:39:27.137-0700][gc,cpu        ] GC(33) User=0.03s Sys=0.00s Real=0.01s
[2021-04-17T04:39:31.740-0700][gc,start      ] GC(34) Pause Young (Normal) (G1 Evacuation Pause)
[2021-04-17T04:39:31.740-0700][gc,task       ] GC(34) Using 8 workers of 8 for evacuation
[2021-04-17T04:39:31.743-0700][gc,phases     ] GC(34)   Pre Evacuate Collection Set: 0.0ms
[2021-04-17T04:39:31.743-0700][gc,phases     ] GC(34)   Evacuate Collection Set: 2.0ms
[2021-04-17T04:39:31.743-0700][gc,phases     ] GC(34)   Post Evacuate Collection Set: 0.5ms
[2021-04-17T04:39:31.743-0700][gc,phases     ] GC(34)   Other: 0.2ms
[2021-04-17T04:39:31.743-0700][gc,heap       ] GC(34) Eden regions: 610->0(611)
[2021-04-17T04:39:31.743-0700][gc,heap       ] GC(34) Survivor regions: 4->3(77)
[2021-04-17T04:39:31.743-0700][gc,heap       ] GC(34) Old regions: 17->17
[2021-04-17T04:39:31.743-0700][gc,heap       ] GC(34) Humongous regions: 129->129
[2021-04-17T04:39:31.743-0700][gc,metaspace  ] GC(34) Metaspace: 40166K->40166K(1085440K)
[2021-04-17T04:39:31.743-0700][gc            ] GC(34) Pause Young (Normal) (G1 Evacuation Pause) 757M->147M(1024M) 2.786ms
[2021-04-17T04:39:31.743-0700][gc,cpu        ] GC(34) User=0.02s Sys=0.00s Real=0.00s
[2021-04-17T04:39:35.985-0700][gc,start      ] GC(35) Pause Young (Normal) (G1 Evacuation Pause)
[2021-04-17T04:39:35.985-0700][gc,task       ] GC(35) Using 8 workers of 8 for evacuation
[2021-04-17T04:39:35.988-0700][gc,phases     ] GC(35)   Pre Evacuate Collection Set: 0.0ms
[2021-04-17T04:39:35.988-0700][gc,phases     ] GC(35)   Evacuate Collection Set: 3.1ms
[2021-04-17T04:39:35.988-0700][gc,phases     ] GC(35)   Post Evacuate Collection Set: 0.6ms
[2021-04-17T04:39:35.988-0700][gc,phases     ] GC(35)   Other: 0.2ms
[2021-04-17T04:39:35.988-0700][gc,heap       ] GC(35) Eden regions: 611->0(610)
[2021-04-17T04:39:35.988-0700][gc,heap       ] GC(35) Survivor regions: 3->4(77)
[2021-04-17T04:39:35.988-0700][gc,heap       ] GC(35) Old regions: 17->17
[2021-04-17T04:39:35.989-0700][gc,heap       ] GC(35) Humongous regions: 129->129
[2021-04-17T04:39:35.989-0700][gc,metaspace  ] GC(35) Metaspace: 40170K->40170K(1085440K)
[2021-04-17T04:39:35.989-0700][gc            ] GC(35) Pause Young (Normal) (G1 Evacuation Pause) 758M->148M(1024M) 3.931ms
[2021-04-17T04:39:35.989-0700][gc,cpu        ] GC(35) User=0.02s Sys=0.00s Real=0.00s
[2021-04-17T04:39:40.252-0700][gc,start      ] GC(36) Pause Young (Normal) (G1 Evacuation Pause)
[2021-04-17T04:39:40.252-0700][gc,task       ] GC(36) Using 8 workers of 8 for evacuation
[2021-04-17T04:39:40.257-0700][gc,phases     ] GC(36)   Pre Evacuate Collection Set: 0.0ms
[2021-04-17T04:39:40.257-0700][gc,phases     ] GC(36)   Evacuate Collection Set: 3.8ms
[2021-04-17T04:39:40.257-0700][gc,phases     ] GC(36)   Post Evacuate Collection Set: 0.4ms
[2021-04-17T04:39:40.257-0700][gc,phases     ] GC(36)   Other: 0.2ms
[2021-04-17T04:39:40.257-0700][gc,heap       ] GC(36) Eden regions: 610->0(610)
[2021-04-17T04:39:40.257-0700][gc,heap       ] GC(36) Survivor regions: 4->4(77)
[2021-04-17T04:39:40.257-0700][gc,heap       ] GC(36) Old regions: 17->17
[2021-04-17T04:39:40.257-0700][gc,heap       ] GC(36) Humongous regions: 129->129
[2021-04-17T04:39:40.257-0700][gc,metaspace  ] GC(36) Metaspace: 40172K->40172K(1085440K)
[2021-04-17T04:39:40.257-0700][gc            ] GC(36) Pause Young (Normal) (G1 Evacuation Pause) 758M->148M(1024M) 4.499ms
[2021-04-17T04:39:40.257-0700][gc,cpu        ] GC(36) User=0.02s Sys=0.00s Real=0.01s
[2021-04-17T04:39:44.579-0700][gc,start      ] GC(37) Pause Young (Normal) (G1 Evacuation Pause)
[2021-04-17T04:39:44.579-0700][gc,task       ] GC(37) Using 8 workers of 8 for evacuation
[2021-04-17T04:39:44.582-0700][gc,phases     ] GC(37)   Pre Evacuate Collection Set: 0.0ms
[2021-04-17T04:39:44.582-0700][gc,phases     ] GC(37)   Evacuate Collection Set: 2.2ms
[2021-04-17T04:39:44.582-0700][gc,phases     ] GC(37)   Post Evacuate Collection Set: 0.5ms
[2021-04-17T04:39:44.582-0700][gc,phases     ] GC(37)   Other: 0.2ms
[2021-04-17T04:39:44.582-0700][gc,heap       ] GC(37) Eden regions: 610->0(611)
[2021-04-17T04:39:44.582-0700][gc,heap       ] GC(37) Survivor regions: 4->3(77)
[2021-04-17T04:39:44.582-0700][gc,heap       ] GC(37) Old regions: 17->17
[2021-04-17T04:39:44.582-0700][gc,heap       ] GC(37) Humongous regions: 129->129
[2021-04-17T04:39:44.582-0700][gc,metaspace  ] GC(37) Metaspace: 40176K->40176K(1085440K)
[2021-04-17T04:39:44.582-0700][gc            ] GC(37) Pause Young (Normal) (G1 Evacuation Pause) 758M->147M(1024M) 3.014ms
[2021-04-17T04:39:44.582-0700][gc,cpu        ] GC(37) User=0.02s Sys=0.00s Real=0.00s
[2021-04-17T04:39:48.846-0700][gc,start      ] GC(38) Pause Young (Normal) (G1 Evacuation Pause)
[2021-04-17T04:39:48.846-0700][gc,task       ] GC(38) Using 8 workers of 8 for evacuation
[2021-04-17T04:39:48.849-0700][gc,phases     ] GC(38)   Pre Evacuate Collection Set: 0.0ms
[2021-04-17T04:39:48.849-0700][gc,phases     ] GC(38)   Evacuate Collection Set: 2.8ms
[2021-04-17T04:39:48.849-0700][gc,phases     ] GC(38)   Post Evacuate Collection Set: 0.6ms
[2021-04-17T04:39:48.849-0700][gc,phases     ] GC(38)   Other: 0.2ms
[2021-04-17T04:39:48.849-0700][gc,heap       ] GC(38) Eden regions: 611->0(610)
[2021-04-17T04:39:48.849-0700][gc,heap       ] GC(38) Survivor regions: 3->4(77)
[2021-04-17T04:39:48.849-0700][gc,heap       ] GC(38) Old regions: 17->18
[2021-04-17T04:39:48.849-0700][gc,heap       ] GC(38) Humongous regions: 129->129
[2021-04-17T04:39:48.849-0700][gc,metaspace  ] GC(38) Metaspace: 40182K->40182K(1085440K)
[2021-04-17T04:39:48.849-0700][gc            ] GC(38) Pause Young (Normal) (G1 Evacuation Pause) 758M->148M(1024M) 3.743ms
[2021-04-17T04:39:48.849-0700][gc,cpu        ] GC(38) User=0.02s Sys=0.00s Real=0.01s
[2021-04-17T04:39:53.120-0700][gc,start      ] GC(39) Pause Young (Normal) (G1 Evacuation Pause)
[2021-04-17T04:39:53.120-0700][gc,task       ] GC(39) Using 8 workers of 8 for evacuation
[2021-04-17T04:39:53.124-0700][gc,phases     ] GC(39)   Pre Evacuate Collection Set: 0.0ms
[2021-04-17T04:39:53.124-0700][gc,phases     ] GC(39)   Evacuate Collection Set: 3.3ms
[2021-04-17T04:39:53.124-0700][gc,phases     ] GC(39)   Post Evacuate Collection Set: 0.6ms
[2021-04-17T04:39:53.124-0700][gc,phases     ] GC(39)   Other: 0.3ms
[2021-04-17T04:39:53.124-0700][gc,heap       ] GC(39) Eden regions: 610->0(610)
[2021-04-17T04:39:53.124-0700][gc,heap       ] GC(39) Survivor regions: 4->4(77)
[2021-04-17T04:39:53.124-0700][gc,heap       ] GC(39) Old regions: 18->18
[2021-04-17T04:39:53.124-0700][gc,heap       ] GC(39) Humongous regions: 129->129
[2021-04-17T04:39:53.124-0700][gc,metaspace  ] GC(39) Metaspace: 40182K->40182K(1085440K)
[2021-04-17T04:39:53.124-0700][gc            ] GC(39) Pause Young (Normal) (G1 Evacuation Pause) 758M->148M(1024M) 4.255ms
[2021-04-17T04:39:53.124-0700][gc,cpu        ] GC(39) User=0.02s Sys=0.00s Real=0.00s
[2021-04-17T04:39:57.300-0700][gc,start      ] GC(40) Pause Young (Normal) (G1 Evacuation Pause)
[2021-04-17T04:39:57.300-0700][gc,task       ] GC(40) Using 8 workers of 8 for evacuation
[2021-04-17T04:39:57.304-0700][gc,phases     ] GC(40)   Pre Evacuate Collection Set: 0.0ms
[2021-04-17T04:39:57.304-0700][gc,phases     ] GC(40)   Evacuate Collection Set: 3.0ms
[2021-04-17T04:39:57.304-0700][gc,phases     ] GC(40)   Post Evacuate Collection Set: 0.5ms
[2021-04-17T04:39:57.304-0700][gc,phases     ] GC(40)   Other: 0.2ms
[2021-04-17T04:39:57.304-0700][gc,heap       ] GC(40) Eden regions: 610->0(611)
[2021-04-17T04:39:57.304-0700][gc,heap       ] GC(40) Survivor regions: 4->3(77)
[2021-04-17T04:39:57.304-0700][gc,heap       ] GC(40) Old regions: 18->18
[2021-04-17T04:39:57.304-0700][gc,heap       ] GC(40) Humongous regions: 129->129
[2021-04-17T04:39:57.304-0700][gc,metaspace  ] GC(40) Metaspace: 40195K->40195K(1085440K)
[2021-04-17T04:39:57.304-0700][gc            ] GC(40) Pause Young (Normal) (G1 Evacuation Pause) 758M->148M(1024M) 3.774ms
[2021-04-17T04:39:57.304-0700][gc,cpu        ] GC(40) User=0.02s Sys=0.00s Real=0.00s
[2021-04-17T04:40:01.750-0700][gc,start      ] GC(41) Pause Young (Normal) (G1 Evacuation Pause)
[2021-04-17T04:40:01.750-0700][gc,task       ] GC(41) Using 8 workers of 8 for evacuation
[2021-04-17T04:40:01.754-0700][gc,phases     ] GC(41)   Pre Evacuate Collection Set: 0.0ms
[2021-04-17T04:40:01.754-0700][gc,phases     ] GC(41)   Evacuate Collection Set: 3.0ms
[2021-04-17T04:40:01.754-0700][gc,phases     ] GC(41)   Post Evacuate Collection Set: 0.5ms
[2021-04-17T04:40:01.754-0700][gc,phases     ] GC(41)   Other: 0.2ms
[2021-04-17T04:40:01.754-0700][gc,heap       ] GC(41) Eden regions: 611->0(610)
[2021-04-17T04:40:01.754-0700][gc,heap       ] GC(41) Survivor regions: 3->4(77)
[2021-04-17T04:40:01.754-0700][gc,heap       ] GC(41) Old regions: 18->18
[2021-04-17T04:40:01.754-0700][gc,heap       ] GC(41) Humongous regions: 129->129
[2021-04-17T04:40:01.754-0700][gc,metaspace  ] GC(41) Metaspace: 40199K->40199K(1085440K)
[2021-04-17T04:40:01.754-0700][gc            ] GC(41) Pause Young (Normal) (G1 Evacuation Pause) 759M->149M(1024M) 3.814ms
[2021-04-17T04:40:01.754-0700][gc,cpu        ] GC(41) User=0.02s Sys=0.00s Real=0.00s
[2021-04-17T04:40:06.066-0700][gc,start      ] GC(42) Pause Young (Normal) (G1 Evacuation Pause)
[2021-04-17T04:40:06.066-0700][gc,task       ] GC(42) Using 8 workers of 8 for evacuation
[2021-04-17T04:40:06.070-0700][gc,phases     ] GC(42)   Pre Evacuate Collection Set: 0.0ms
[2021-04-17T04:40:06.070-0700][gc,phases     ] GC(42)   Evacuate Collection Set: 3.5ms
[2021-04-17T04:40:06.070-0700][gc,phases     ] GC(42)   Post Evacuate Collection Set: 0.5ms
[2021-04-17T04:40:06.070-0700][gc,phases     ] GC(42)   Other: 0.2ms
[2021-04-17T04:40:06.070-0700][gc,heap       ] GC(42) Eden regions: 610->0(610)
[2021-04-17T04:40:06.070-0700][gc,heap       ] GC(42) Survivor regions: 4->4(77)
[2021-04-17T04:40:06.070-0700][gc,heap       ] GC(42) Old regions: 18->18
[2021-04-17T04:40:06.070-0700][gc,heap       ] GC(42) Humongous regions: 129->129
[2021-04-17T04:40:06.070-0700][gc,metaspace  ] GC(42) Metaspace: 40204K->40204K(1085440K)
[2021-04-17T04:40:06.070-0700][gc            ] GC(42) Pause Young (Normal) (G1 Evacuation Pause) 759M->149M(1024M) 4.183ms
[2021-04-17T04:40:06.070-0700][gc,cpu        ] GC(42) User=0.02s Sys=0.00s Real=0.01s
[2021-04-17T04:41:06.334-0700][gc,heap,exit  ] Heap
[2021-04-17T04:41:06.334-0700][gc,heap,exit  ]  garbage-first heap   total 1048576K, used 610412K [0x00000000c0000000, 0x0000000100000000)
[2021-04-17T04:41:06.334-0700][gc,heap,exit  ]   region size 1024K, 453 young (463872K), 4 survivors (4096K)
[2021-04-17T04:41:06.334-0700][gc,heap,exit  ]  Metaspace       used 40947K, capacity 43027K, committed 43084K, reserved 1087488K
[2021-04-17T04:41:06.334-0700][gc,heap,exit  ]   class space    used 4964K, capacity 5914K, committed 5964K, reserved 1048576K
