[2021-04-17T05:02:49.235-0700][gc,heap] Heap region size: 1M
[2021-04-17T05:02:49.245-0700][gc     ] Using G1
[2021-04-17T05:02:49.245-0700][gc,heap,coops] Heap address: 0x00000000c0000000, size: 1024 MB, Compressed Oops mode: 32-bit
[2021-04-17T05:02:49.245-0700][gc,cds       ] Mark closed archive regions in map: [0x00000000fff00000, 0x00000000fff6aff8]
[2021-04-17T05:02:49.245-0700][gc,cds       ] Mark open archive regions in map: [0x00000000ffe00000, 0x00000000ffe46ff8]
[2021-04-17T05:02:50.369-0700][gc,start     ] GC(0) Pause Young (Normal) (G1 Evacuation Pause)
[2021-04-17T05:02:50.371-0700][gc,task      ] GC(0) Using 8 workers of 8 for evacuation
[2021-04-17T05:02:50.384-0700][gc,phases    ] GC(0)   Pre Evacuate Collection Set: 0.0ms
[2021-04-17T05:02:50.384-0700][gc,phases    ] GC(0)   Evacuate Collection Set: 12.3ms
[2021-04-17T05:02:50.384-0700][gc,phases    ] GC(0)   Post Evacuate Collection Set: 0.5ms
[2021-04-17T05:02:50.384-0700][gc,phases    ] GC(0)   Other: 1.5ms
[2021-04-17T05:02:50.384-0700][gc,heap      ] GC(0) Eden regions: 51->0(44)
[2021-04-17T05:02:50.384-0700][gc,heap      ] GC(0) Survivor regions: 0->7(7)
[2021-04-17T05:02:50.384-0700][gc,heap      ] GC(0) Old regions: 2->2
[2021-04-17T05:02:50.384-0700][gc,heap      ] GC(0) Humongous regions: 0->0
[2021-04-17T05:02:50.384-0700][gc,metaspace ] GC(0) Metaspace: 15640K->15640K(1062912K)
[2021-04-17T05:02:50.384-0700][gc           ] GC(0) Pause Young (Normal) (G1 Evacuation Pause) 51M->7M(1024M) 14.372ms
[2021-04-17T05:02:50.384-0700][gc,cpu       ] GC(0) User=0.09s Sys=0.00s Real=0.01s
[2021-04-17T05:02:50.667-0700][gc,start     ] GC(1) Pause Young (Concurrent Start) (Metadata GC Threshold)
[2021-04-17T05:02:50.667-0700][gc,task      ] GC(1) Using 8 workers of 8 for evacuation
[2021-04-17T05:02:50.675-0700][gc,phases    ] GC(1)   Pre Evacuate Collection Set: 0.0ms
[2021-04-17T05:02:50.675-0700][gc,phases    ] GC(1)   Evacuate Collection Set: 7.1ms
[2021-04-17T05:02:50.675-0700][gc,phases    ] GC(1)   Post Evacuate Collection Set: 0.3ms
[2021-04-17T05:02:50.675-0700][gc,phases    ] GC(1)   Other: 0.2ms
[2021-04-17T05:02:50.675-0700][gc,heap      ] GC(1) Eden regions: 20->0(49)
[2021-04-17T05:02:50.675-0700][gc,heap      ] GC(1) Survivor regions: 7->2(7)
[2021-04-17T05:02:50.675-0700][gc,heap      ] GC(1) Old regions: 2->9
[2021-04-17T05:02:50.675-0700][gc,heap      ] GC(1) Humongous regions: 0->0
[2021-04-17T05:02:50.675-0700][gc,metaspace ] GC(1) Metaspace: 20609K->20609K(1067008K)
[2021-04-17T05:02:50.675-0700][gc           ] GC(1) Pause Young (Concurrent Start) (Metadata GC Threshold) 27M->8M(1024M) 7.805ms
[2021-04-17T05:02:50.675-0700][gc,cpu       ] GC(1) User=0.04s Sys=0.00s Real=0.01s
[2021-04-17T05:02:50.675-0700][gc           ] GC(2) Concurrent Cycle
[2021-04-17T05:02:50.675-0700][gc,marking   ] GC(2) Concurrent Clear Claimed Marks
[2021-04-17T05:02:50.675-0700][gc,marking   ] GC(2) Concurrent Clear Claimed Marks 0.029ms
[2021-04-17T05:02:50.675-0700][gc,marking   ] GC(2) Concurrent Scan Root Regions
[2021-04-17T05:02:50.676-0700][gc,marking   ] GC(2) Concurrent Scan Root Regions 0.850ms
[2021-04-17T05:02:50.676-0700][gc,marking   ] GC(2) Concurrent Mark (1.445s)
[2021-04-17T05:02:50.676-0700][gc,marking   ] GC(2) Concurrent Mark From Roots
[2021-04-17T05:02:50.676-0700][gc,task      ] GC(2) Using 2 workers of 2 for marking
[2021-04-17T05:02:50.682-0700][gc,marking   ] GC(2) Concurrent Mark From Roots 5.982ms
[2021-04-17T05:02:50.682-0700][gc,marking   ] GC(2) Concurrent Preclean
[2021-04-17T05:02:50.682-0700][gc,marking   ] GC(2) Concurrent Preclean 0.144ms
[2021-04-17T05:02:50.682-0700][gc,marking   ] GC(2) Concurrent Mark (1.445s, 1.451s) 6.164ms
[2021-04-17T05:02:50.682-0700][gc,start     ] GC(2) Pause Remark
[2021-04-17T05:02:50.684-0700][gc,stringtable] GC(2) Cleaned string and symbol table, strings: 5083 processed, 0 removed, symbols: 50703 processed, 42 removed
[2021-04-17T05:02:50.684-0700][gc            ] GC(2) Pause Remark 8M->8M(1024M) 2.002ms
[2021-04-17T05:02:50.684-0700][gc,cpu        ] GC(2) User=0.01s Sys=0.00s Real=0.00s
[2021-04-17T05:02:50.684-0700][gc,marking    ] GC(2) Concurrent Rebuild Remembered Sets
[2021-04-17T05:02:50.688-0700][gc,marking    ] GC(2) Concurrent Rebuild Remembered Sets 3.352ms
[2021-04-17T05:02:50.688-0700][gc,start      ] GC(2) Pause Cleanup
[2021-04-17T05:02:50.688-0700][gc            ] GC(2) Pause Cleanup 8M->8M(1024M) 0.198ms
[2021-04-17T05:02:50.688-0700][gc,cpu        ] GC(2) User=0.00s Sys=0.00s Real=0.00s
[2021-04-17T05:02:50.688-0700][gc,marking    ] GC(2) Concurrent Cleanup for Next Mark
[2021-04-17T05:02:50.693-0700][gc,marking    ] GC(2) Concurrent Cleanup for Next Mark 4.537ms
[2021-04-17T05:02:50.693-0700][gc            ] GC(2) Concurrent Cycle 17.747ms
[2021-04-17T05:02:51.308-0700][gc,start      ] GC(3) Pause Young (Normal) (G1 Evacuation Pause)
[2021-04-17T05:02:51.309-0700][gc,task       ] GC(3) Using 8 workers of 8 for evacuation
[2021-04-17T05:02:51.313-0700][gc,phases     ] GC(3)   Pre Evacuate Collection Set: 0.0ms
[2021-04-17T05:02:51.313-0700][gc,phases     ] GC(3)   Evacuate Collection Set: 4.3ms
[2021-04-17T05:02:51.313-0700][gc,phases     ] GC(3)   Post Evacuate Collection Set: 0.3ms
[2021-04-17T05:02:51.313-0700][gc,phases     ] GC(3)   Other: 0.1ms
[2021-04-17T05:02:51.313-0700][gc,heap       ] GC(3) Eden regions: 49->0(46)
[2021-04-17T05:02:51.313-0700][gc,heap       ] GC(3) Survivor regions: 2->5(7)
[2021-04-17T05:02:51.313-0700][gc,heap       ] GC(3) Old regions: 9->9
[2021-04-17T05:02:51.313-0700][gc,heap       ] GC(3) Humongous regions: 129->129
[2021-04-17T05:02:51.313-0700][gc,metaspace  ] GC(3) Metaspace: 29968K->29968K(1077248K)
[2021-04-17T05:02:51.313-0700][gc            ] GC(3) Pause Young (Normal) (G1 Evacuation Pause) 186M->140M(1024M) 4.838ms
[2021-04-17T05:02:51.313-0700][gc,cpu        ] GC(3) User=0.04s Sys=0.00s Real=0.01s
[2021-04-17T05:03:04.142-0700][gc,start      ] GC(4) Pause Young (Concurrent Start) (Metadata GC Threshold)
[2021-04-17T05:03:04.142-0700][gc,task       ] GC(4) Using 8 workers of 8 for evacuation
[2021-04-17T05:03:04.147-0700][gc,phases     ] GC(4)   Pre Evacuate Collection Set: 0.1ms
[2021-04-17T05:03:04.147-0700][gc,phases     ] GC(4)   Evacuate Collection Set: 4.7ms
[2021-04-17T05:03:04.147-0700][gc,phases     ] GC(4)   Post Evacuate Collection Set: 0.5ms
[2021-04-17T05:03:04.147-0700][gc,phases     ] GC(4)   Other: 0.2ms
[2021-04-17T05:03:04.147-0700][gc,heap       ] GC(4) Eden regions: 22->0(49)
[2021-04-17T05:03:04.147-0700][gc,heap       ] GC(4) Survivor regions: 5->2(7)
[2021-04-17T05:03:04.147-0700][gc,heap       ] GC(4) Old regions: 9->14
[2021-04-17T05:03:04.147-0700][gc,heap       ] GC(4) Humongous regions: 129->129
[2021-04-17T05:03:04.147-0700][gc,metaspace  ] GC(4) Metaspace: 34634K->34634K(1081344K)
[2021-04-17T05:03:04.147-0700][gc            ] GC(4) Pause Young (Concurrent Start) (Metadata GC Threshold) 161M->142M(1024M) 5.508ms
[2021-04-17T05:03:04.147-0700][gc,cpu        ] GC(4) User=0.03s Sys=0.00s Real=0.00s
[2021-04-17T05:03:04.147-0700][gc            ] GC(5) Concurrent Cycle
[2021-04-17T05:03:04.147-0700][gc,marking    ] GC(5) Concurrent Clear Claimed Marks
[2021-04-17T05:03:04.148-0700][gc,marking    ] GC(5) Concurrent Clear Claimed Marks 0.139ms
[2021-04-17T05:03:04.148-0700][gc,marking    ] GC(5) Concurrent Scan Root Regions
[2021-04-17T05:03:04.148-0700][gc,marking    ] GC(5) Concurrent Scan Root Regions 0.794ms
[2021-04-17T05:03:04.148-0700][gc,marking    ] GC(5) Concurrent Mark (14.917s)
[2021-04-17T05:03:04.148-0700][gc,marking    ] GC(5) Concurrent Mark From Roots
[2021-04-17T05:03:04.148-0700][gc,task       ] GC(5) Using 2 workers of 2 for marking
[2021-04-17T05:03:04.158-0700][gc,marking    ] GC(5) Concurrent Mark From Roots 9.945ms
[2021-04-17T05:03:04.158-0700][gc,marking    ] GC(5) Concurrent Preclean
[2021-04-17T05:03:04.159-0700][gc,marking    ] GC(5) Concurrent Preclean 0.126ms
[2021-04-17T05:03:04.159-0700][gc,marking    ] GC(5) Concurrent Mark (14.917s, 14.927s) 10.109ms
[2021-04-17T05:03:04.159-0700][gc,start      ] GC(5) Pause Remark
[2021-04-17T05:03:04.161-0700][gc,stringtable] GC(5) Cleaned string and symbol table, strings: 9533 processed, 10 removed, symbols: 79595 processed, 8 removed
[2021-04-17T05:03:04.161-0700][gc            ] GC(5) Pause Remark 143M->143M(1024M) 2.453ms
[2021-04-17T05:03:04.161-0700][gc,cpu        ] GC(5) User=0.01s Sys=0.00s Real=0.00s
[2021-04-17T05:03:04.161-0700][gc,marking    ] GC(5) Concurrent Rebuild Remembered Sets
[2021-04-17T05:03:04.167-0700][gc,marking    ] GC(5) Concurrent Rebuild Remembered Sets 5.272ms
[2021-04-17T05:03:04.168-0700][gc,start      ] GC(5) Pause Cleanup
[2021-04-17T05:03:04.169-0700][gc            ] GC(5) Pause Cleanup 143M->143M(1024M) 0.199ms
[2021-04-17T05:03:04.169-0700][gc,cpu        ] GC(5) User=0.00s Sys=0.00s Real=0.01s
[2021-04-17T05:03:04.169-0700][gc,marking    ] GC(5) Concurrent Cleanup for Next Mark
[2021-04-17T05:03:04.173-0700][gc,marking    ] GC(5) Concurrent Cleanup for Next Mark 3.876ms
[2021-04-17T05:03:04.173-0700][gc            ] GC(5) Concurrent Cycle 25.172ms
[2021-04-17T05:04:47.383-0700][gc,start      ] GC(6) Pause Young (Normal) (G1 Evacuation Pause)
[2021-04-17T05:04:47.383-0700][gc,task       ] GC(6) Using 8 workers of 8 for evacuation
[2021-04-17T05:04:47.388-0700][gc,phases     ] GC(6)   Pre Evacuate Collection Set: 0.0ms
[2021-04-17T05:04:47.388-0700][gc,phases     ] GC(6)   Evacuate Collection Set: 4.2ms
[2021-04-17T05:04:47.388-0700][gc,phases     ] GC(6)   Post Evacuate Collection Set: 0.6ms
[2021-04-17T05:04:47.388-0700][gc,phases     ] GC(6)   Other: 0.1ms
[2021-04-17T05:04:47.388-0700][gc,heap       ] GC(6) Eden regions: 49->0(46)
[2021-04-17T05:04:47.388-0700][gc,heap       ] GC(6) Survivor regions: 2->5(7)
[2021-04-17T05:04:47.388-0700][gc,heap       ] GC(6) Old regions: 14->14
[2021-04-17T05:04:47.388-0700][gc,heap       ] GC(6) Humongous regions: 129->129
[2021-04-17T05:04:47.388-0700][gc,metaspace  ] GC(6) Metaspace: 39669K->39669K(1085440K)
[2021-04-17T05:04:47.388-0700][gc            ] GC(6) Pause Young (Normal) (G1 Evacuation Pause) 191M->145M(1024M) 5.012ms
[2021-04-17T05:04:47.388-0700][gc,cpu        ] GC(6) User=0.02s Sys=0.00s Real=0.00s
[2021-04-17T05:04:58.496-0700][gc,start      ] GC(7) Pause Young (Normal) (G1 Evacuation Pause)
[2021-04-17T05:04:58.496-0700][gc,task       ] GC(7) Using 8 workers of 8 for evacuation
[2021-04-17T05:04:58.501-0700][gc,phases     ] GC(7)   Pre Evacuate Collection Set: 0.0ms
[2021-04-17T05:04:58.501-0700][gc,phases     ] GC(7)   Evacuate Collection Set: 4.3ms
[2021-04-17T05:04:58.501-0700][gc,phases     ] GC(7)   Post Evacuate Collection Set: 0.6ms
[2021-04-17T05:04:58.501-0700][gc,phases     ] GC(7)   Other: 0.2ms
[2021-04-17T05:04:58.501-0700][gc,heap       ] GC(7) Eden regions: 46->0(49)
[2021-04-17T05:04:58.501-0700][gc,heap       ] GC(7) Survivor regions: 5->2(7)
[2021-04-17T05:04:58.501-0700][gc,heap       ] GC(7) Old regions: 14->16
[2021-04-17T05:04:58.501-0700][gc,heap       ] GC(7) Humongous regions: 129->129
[2021-04-17T05:04:58.501-0700][gc,metaspace  ] GC(7) Metaspace: 40361K->40361K(1085440K)
[2021-04-17T05:04:58.501-0700][gc            ] GC(7) Pause Young (Normal) (G1 Evacuation Pause) 191M->145M(1024M) 5.129ms
[2021-04-17T05:04:58.501-0700][gc,cpu        ] GC(7) User=0.02s Sys=0.00s Real=0.01s
[2021-04-17T05:05:13.536-0700][gc,start      ] GC(8) Pause Young (Normal) (G1 Evacuation Pause)
[2021-04-17T05:05:13.536-0700][gc,task       ] GC(8) Using 8 workers of 8 for evacuation
[2021-04-17T05:05:13.554-0700][gc,phases     ] GC(8)   Pre Evacuate Collection Set: 0.1ms
[2021-04-17T05:05:13.555-0700][gc,phases     ] GC(8)   Evacuate Collection Set: 16.7ms
[2021-04-17T05:05:13.555-0700][gc,phases     ] GC(8)   Post Evacuate Collection Set: 1.1ms
[2021-04-17T05:05:13.555-0700][gc,phases     ] GC(8)   Other: 0.5ms
[2021-04-17T05:05:13.555-0700][gc,heap       ] GC(8) Eden regions: 49->0(47)
[2021-04-17T05:05:13.555-0700][gc,heap       ] GC(8) Survivor regions: 2->4(7)
[2021-04-17T05:05:13.555-0700][gc,heap       ] GC(8) Old regions: 16->16
[2021-04-17T05:05:13.555-0700][gc,heap       ] GC(8) Humongous regions: 129->129
[2021-04-17T05:05:13.555-0700][gc,metaspace  ] GC(8) Metaspace: 40414K->40414K(1085440K)
[2021-04-17T05:05:13.555-0700][gc            ] GC(8) Pause Young (Normal) (G1 Evacuation Pause) 194M->147M(1024M) 18.808ms
[2021-04-17T05:05:13.555-0700][gc,cpu        ] GC(8) User=0.08s Sys=0.01s Real=0.02s
[2021-04-17T05:07:09.007-0700][gc,start      ] GC(9) Pause Young (Normal) (G1 Evacuation Pause)
[2021-04-17T05:07:09.008-0700][gc,task       ] GC(9) Using 8 workers of 8 for evacuation
[2021-04-17T05:07:09.019-0700][gc,phases     ] GC(9)   Pre Evacuate Collection Set: 0.1ms
[2021-04-17T05:07:09.019-0700][gc,phases     ] GC(9)   Evacuate Collection Set: 9.9ms
[2021-04-17T05:07:09.019-0700][gc,phases     ] GC(9)   Post Evacuate Collection Set: 1.1ms
[2021-04-17T05:07:09.019-0700][gc,phases     ] GC(9)   Other: 0.5ms
[2021-04-17T05:07:09.019-0700][gc,heap       ] GC(9) Eden regions: 47->0(48)
[2021-04-17T05:07:09.019-0700][gc,heap       ] GC(9) Survivor regions: 4->3(7)
[2021-04-17T05:07:09.019-0700][gc,heap       ] GC(9) Old regions: 16->18
[2021-04-17T05:07:09.019-0700][gc,heap       ] GC(9) Humongous regions: 129->129
[2021-04-17T05:07:09.019-0700][gc,metaspace  ] GC(9) Metaspace: 40512K->40512K(1085440K)
[2021-04-17T05:07:09.019-0700][gc            ] GC(9) Pause Young (Normal) (G1 Evacuation Pause) 194M->147M(1024M) 11.877ms
[2021-04-17T05:07:09.019-0700][gc,cpu        ] GC(9) User=0.06s Sys=0.01s Real=0.02s
[2021-04-17T05:12:14.839-0700][gc,start      ] GC(10) Pause Young (Normal) (G1 Evacuation Pause)
[2021-04-17T05:12:14.839-0700][gc,task       ] GC(10) Using 8 workers of 8 for evacuation
[2021-04-17T05:12:14.848-0700][gc,phases     ] GC(10)   Pre Evacuate Collection Set: 0.0ms
[2021-04-17T05:12:14.848-0700][gc,phases     ] GC(10)   Evacuate Collection Set: 9.3ms
[2021-04-17T05:12:14.848-0700][gc,phases     ] GC(10)   Post Evacuate Collection Set: 0.3ms
[2021-04-17T05:12:14.849-0700][gc,phases     ] GC(10)   Other: 0.3ms
[2021-04-17T05:12:14.849-0700][gc,heap       ] GC(10) Eden regions: 48->0(44)
[2021-04-17T05:12:14.849-0700][gc,heap       ] GC(10) Survivor regions: 3->7(7)
[2021-04-17T05:12:14.849-0700][gc,heap       ] GC(10) Old regions: 18->18
[2021-04-17T05:12:14.849-0700][gc,heap       ] GC(10) Humongous regions: 129->129
[2021-04-17T05:12:14.849-0700][gc,metaspace  ] GC(10) Metaspace: 40586K->40586K(1085440K)
[2021-04-17T05:12:14.849-0700][gc            ] GC(10) Pause Young (Normal) (G1 Evacuation Pause) 195M->151M(1024M) 10.047ms
[2021-04-17T05:12:14.849-0700][gc,cpu        ] GC(10) User=0.07s Sys=0.00s Real=0.00s
[2021-04-17T05:16:54.896-0700][gc,start      ] GC(11) Pause Young (Normal) (G1 Evacuation Pause)
[2021-04-17T05:16:54.896-0700][gc,task       ] GC(11) Using 8 workers of 8 for evacuation
[2021-04-17T05:16:54.908-0700][gc,phases     ] GC(11)   Pre Evacuate Collection Set: 0.0ms
[2021-04-17T05:16:54.908-0700][gc,phases     ] GC(11)   Evacuate Collection Set: 11.1ms
[2021-04-17T05:16:54.908-0700][gc,phases     ] GC(11)   Post Evacuate Collection Set: 0.4ms
[2021-04-17T05:16:54.908-0700][gc,phases     ] GC(11)   Other: 0.3ms
[2021-04-17T05:16:54.908-0700][gc,heap       ] GC(11) Eden regions: 44->0(45)
[2021-04-17T05:16:54.908-0700][gc,heap       ] GC(11) Survivor regions: 7->6(7)
[2021-04-17T05:16:54.908-0700][gc,heap       ] GC(11) Old regions: 18->24
[2021-04-17T05:16:54.908-0700][gc,heap       ] GC(11) Humongous regions: 129->129
[2021-04-17T05:16:54.908-0700][gc,metaspace  ] GC(11) Metaspace: 40633K->40633K(1085440K)
[2021-04-17T05:16:54.908-0700][gc            ] GC(11) Pause Young (Normal) (G1 Evacuation Pause) 195M->157M(1024M) 11.884ms
[2021-04-17T05:16:54.908-0700][gc,cpu        ] GC(11) User=0.07s Sys=0.02s Real=0.01s
[2021-04-17T05:21:42.863-0700][gc,start      ] GC(12) Pause Young (Normal) (G1 Evacuation Pause)
[2021-04-17T05:21:42.863-0700][gc,task       ] GC(12) Using 8 workers of 8 for evacuation
[2021-04-17T05:21:42.873-0700][gc,phases     ] GC(12)   Pre Evacuate Collection Set: 0.0ms
[2021-04-17T05:21:42.873-0700][gc,phases     ] GC(12)   Evacuate Collection Set: 9.8ms
[2021-04-17T05:21:42.873-0700][gc,phases     ] GC(12)   Post Evacuate Collection Set: 0.4ms
[2021-04-17T05:21:42.873-0700][gc,phases     ] GC(12)   Other: 0.3ms
[2021-04-17T05:21:42.873-0700][gc,heap       ] GC(12) Eden regions: 45->0(45)
[2021-04-17T05:21:42.873-0700][gc,heap       ] GC(12) Survivor regions: 6->6(7)
[2021-04-17T05:21:42.873-0700][gc,heap       ] GC(12) Old regions: 24->28
[2021-04-17T05:21:42.873-0700][gc,heap       ] GC(12) Humongous regions: 129->129
[2021-04-17T05:21:42.873-0700][gc,metaspace  ] GC(12) Metaspace: 40682K->40682K(1085440K)
[2021-04-17T05:21:42.873-0700][gc            ] GC(12) Pause Young (Normal) (G1 Evacuation Pause) 202M->161M(1024M) 10.555ms
[2021-04-17T05:21:42.873-0700][gc,cpu        ] GC(12) User=0.08s Sys=0.00s Real=0.01s
[2021-04-17T05:26:27.031-0700][gc,start      ] GC(13) Pause Young (Normal) (G1 Evacuation Pause)
[2021-04-17T05:26:27.031-0700][gc,task       ] GC(13) Using 8 workers of 8 for evacuation
[2021-04-17T05:26:27.042-0700][gc,phases     ] GC(13)   Pre Evacuate Collection Set: 0.0ms
[2021-04-17T05:26:27.042-0700][gc,phases     ] GC(13)   Evacuate Collection Set: 9.8ms
[2021-04-17T05:26:27.042-0700][gc,phases     ] GC(13)   Post Evacuate Collection Set: 0.3ms
[2021-04-17T05:26:27.042-0700][gc,phases     ] GC(13)   Other: 0.3ms
[2021-04-17T05:26:27.042-0700][gc,heap       ] GC(13) Eden regions: 45->0(47)
[2021-04-17T05:26:27.042-0700][gc,heap       ] GC(13) Survivor regions: 6->6(7)
[2021-04-17T05:26:27.042-0700][gc,heap       ] GC(13) Old regions: 28->33
[2021-04-17T05:26:27.042-0700][gc,heap       ] GC(13) Humongous regions: 129->129
[2021-04-17T05:26:27.042-0700][gc,metaspace  ] GC(13) Metaspace: 40737K->40737K(1085440K)
[2021-04-17T05:26:27.042-0700][gc            ] GC(13) Pause Young (Normal) (G1 Evacuation Pause) 206M->165M(1024M) 10.557ms
[2021-04-17T05:26:27.042-0700][gc,cpu        ] GC(13) User=0.08s Sys=0.00s Real=0.01s
[2021-04-17T05:31:24.542-0700][gc,start      ] GC(14) Pause Young (Normal) (G1 Evacuation Pause)
[2021-04-17T05:31:24.542-0700][gc,task       ] GC(14) Using 8 workers of 8 for evacuation
[2021-04-17T05:31:24.552-0700][gc,phases     ] GC(14)   Pre Evacuate Collection Set: 0.0ms
[2021-04-17T05:31:24.552-0700][gc,phases     ] GC(14)   Evacuate Collection Set: 9.3ms
[2021-04-17T05:31:24.552-0700][gc,phases     ] GC(14)   Post Evacuate Collection Set: 0.4ms
[2021-04-17T05:31:24.552-0700][gc,phases     ] GC(14)   Other: 0.3ms
[2021-04-17T05:31:24.552-0700][gc,heap       ] GC(14) Eden regions: 47->0(53)
[2021-04-17T05:31:24.552-0700][gc,heap       ] GC(14) Survivor regions: 6->6(7)
[2021-04-17T05:31:24.552-0700][gc,heap       ] GC(14) Old regions: 33->37
[2021-04-17T05:31:24.552-0700][gc,heap       ] GC(14) Humongous regions: 129->129
[2021-04-17T05:31:24.552-0700][gc,metaspace  ] GC(14) Metaspace: 40783K->40783K(1087488K)
[2021-04-17T05:31:24.552-0700][gc            ] GC(14) Pause Young (Normal) (G1 Evacuation Pause) 212M->169M(1024M) 10.124ms
[2021-04-17T05:31:24.552-0700][gc,cpu        ] GC(14) User=0.07s Sys=0.01s Real=0.01s
[2021-04-17T05:37:00.457-0700][gc,start      ] GC(15) Pause Young (Normal) (G1 Evacuation Pause)
[2021-04-17T05:37:00.457-0700][gc,task       ] GC(15) Using 8 workers of 8 for evacuation
[2021-04-17T05:37:00.468-0700][gc,phases     ] GC(15)   Pre Evacuate Collection Set: 0.0ms
[2021-04-17T05:37:00.468-0700][gc,phases     ] GC(15)   Evacuate Collection Set: 10.5ms
[2021-04-17T05:37:00.468-0700][gc,phases     ] GC(15)   Post Evacuate Collection Set: 0.4ms
[2021-04-17T05:37:00.468-0700][gc,phases     ] GC(15)   Other: 0.4ms
[2021-04-17T05:37:00.468-0700][gc,heap       ] GC(15) Eden regions: 53->0(607)
[2021-04-17T05:37:00.468-0700][gc,heap       ] GC(15) Survivor regions: 6->7(8)
[2021-04-17T05:37:00.468-0700][gc,heap       ] GC(15) Old regions: 37->42
[2021-04-17T05:37:00.468-0700][gc,heap       ] GC(15) Humongous regions: 129->129
[2021-04-17T05:37:00.468-0700][gc,metaspace  ] GC(15) Metaspace: 40818K->40818K(1087488K)
[2021-04-17T05:37:00.468-0700][gc            ] GC(15) Pause Young (Normal) (G1 Evacuation Pause) 222M->175M(1024M) 11.362ms
[2021-04-17T05:37:00.468-0700][gc,cpu        ] GC(15) User=0.08s Sys=0.01s Real=0.00s
[2021-04-17T06:42:11.241-0700][gc,start      ] GC(16) Pause Young (Normal) (G1 Evacuation Pause)
[2021-04-17T06:42:11.241-0700][gc,task       ] GC(16) Using 8 workers of 8 for evacuation
[2021-04-17T06:42:11.265-0700][gc,mmu        ] GC(16) MMU target violated: 21.0ms (20.0ms/21.0ms)
[2021-04-17T06:42:11.265-0700][gc,phases     ] GC(16)   Pre Evacuate Collection Set: 0.0ms
[2021-04-17T06:42:11.265-0700][gc,phases     ] GC(16)   Evacuate Collection Set: 23.2ms
[2021-04-17T06:42:11.265-0700][gc,phases     ] GC(16)   Post Evacuate Collection Set: 0.6ms
[2021-04-17T06:42:11.265-0700][gc,phases     ] GC(16)   Other: 0.6ms
[2021-04-17T06:42:11.265-0700][gc,heap       ] GC(16) Eden regions: 607->0(370)
[2021-04-17T06:42:11.265-0700][gc,heap       ] GC(16) Survivor regions: 7->30(77)
[2021-04-17T06:42:11.265-0700][gc,heap       ] GC(16) Old regions: 42->42
[2021-04-17T06:42:11.265-0700][gc,heap       ] GC(16) Humongous regions: 129->129
[2021-04-17T06:42:11.265-0700][gc,metaspace  ] GC(16) Metaspace: 41083K->41083K(1087488K)
[2021-04-17T06:42:11.265-0700][gc            ] GC(16) Pause Young (Normal) (G1 Evacuation Pause) 782M->198M(1024M) 24.513ms
[2021-04-17T06:42:11.265-0700][gc,cpu        ] GC(16) User=0.18s Sys=0.01s Real=0.02s
[2021-04-17T07:21:49.507-0700][gc,start      ] GC(17) Pause Young (Normal) (G1 Evacuation Pause)
[2021-04-17T07:21:49.507-0700][gc,task       ] GC(17) Using 8 workers of 8 for evacuation
[2021-04-17T07:21:49.527-0700][gc,phases     ] GC(17)   Pre Evacuate Collection Set: 0.0ms
[2021-04-17T07:21:49.527-0700][gc,phases     ] GC(17)   Evacuate Collection Set: 18.6ms
[2021-04-17T07:21:49.527-0700][gc,phases     ] GC(17)   Post Evacuate Collection Set: 0.7ms
[2021-04-17T07:21:49.527-0700][gc,phases     ] GC(17)   Other: 0.4ms
[2021-04-17T07:21:49.527-0700][gc,heap       ] GC(17) Eden regions: 370->0(24)
[2021-04-17T07:21:49.527-0700][gc,heap       ] GC(17) Survivor regions: 30->27(50)
[2021-04-17T07:21:49.527-0700][gc,heap       ] GC(17) Old regions: 42->47
[2021-04-17T07:21:49.527-0700][gc,heap       ] GC(17) Humongous regions: 129->129
[2021-04-17T07:21:49.527-0700][gc,metaspace  ] GC(17) Metaspace: 41150K->41150K(1087488K)
[2021-04-17T07:21:49.527-0700][gc            ] GC(17) Pause Young (Normal) (G1 Evacuation Pause) 568M->200M(1024M) 19.809ms
[2021-04-17T07:21:49.527-0700][gc,cpu        ] GC(17) User=0.15s Sys=0.00s Real=0.02s
[2021-04-17T07:24:20.899-0700][gc,start      ] GC(18) Pause Young (Normal) (G1 Evacuation Pause)
[2021-04-17T07:24:20.899-0700][gc,task       ] GC(18) Using 8 workers of 8 for evacuation
[2021-04-17T07:24:20.918-0700][gc,phases     ] GC(18)   Pre Evacuate Collection Set: 0.0ms
[2021-04-17T07:24:20.918-0700][gc,phases     ] GC(18)   Evacuate Collection Set: 17.9ms
[2021-04-17T07:24:20.918-0700][gc,phases     ] GC(18)   Post Evacuate Collection Set: 0.4ms
[2021-04-17T07:24:20.918-0700][gc,phases     ] GC(18)   Other: 0.4ms
[2021-04-17T07:24:20.918-0700][gc,heap       ] GC(18) Eden regions: 24->0(127)
[2021-04-17T07:24:20.918-0700][gc,heap       ] GC(18) Survivor regions: 27->6(7)
[2021-04-17T07:24:20.918-0700][gc,heap       ] GC(18) Old regions: 47->70
[2021-04-17T07:24:20.918-0700][gc,heap       ] GC(18) Humongous regions: 129->129
[2021-04-17T07:24:20.918-0700][gc,metaspace  ] GC(18) Metaspace: 41150K->41150K(1087488K)
[2021-04-17T07:24:20.918-0700][gc            ] GC(18) Pause Young (Normal) (G1 Evacuation Pause) 224M->202M(1024M) 18.723ms
[2021-04-17T07:24:20.918-0700][gc,cpu        ] GC(18) User=0.15s Sys=0.00s Real=0.02s
[2021-04-17T07:37:59.246-0700][gc,start      ] GC(19) Pause Young (Normal) (G1 Evacuation Pause)
[2021-04-17T07:37:59.246-0700][gc,task       ] GC(19) Using 8 workers of 8 for evacuation
[2021-04-17T07:37:59.252-0700][gc,phases     ] GC(19)   Pre Evacuate Collection Set: 0.0ms
[2021-04-17T07:37:59.252-0700][gc,phases     ] GC(19)   Evacuate Collection Set: 5.3ms
[2021-04-17T07:37:59.252-0700][gc,phases     ] GC(19)   Post Evacuate Collection Set: 0.4ms
[2021-04-17T07:37:59.252-0700][gc,phases     ] GC(19)   Other: 0.3ms
[2021-04-17T07:37:59.252-0700][gc,heap       ] GC(19) Eden regions: 127->0(164)
[2021-04-17T07:37:59.252-0700][gc,heap       ] GC(19) Survivor regions: 6->4(17)
[2021-04-17T07:37:59.252-0700][gc,heap       ] GC(19) Old regions: 70->70
[2021-04-17T07:37:59.252-0700][gc,heap       ] GC(19) Humongous regions: 129->129
[2021-04-17T07:37:59.252-0700][gc,metaspace  ] GC(19) Metaspace: 41152K->41152K(1087488K)
[2021-04-17T07:37:59.252-0700][gc            ] GC(19) Pause Young (Normal) (G1 Evacuation Pause) 329M->200M(1024M) 6.128ms
[2021-04-17T07:37:59.253-0700][gc,cpu        ] GC(19) User=0.04s Sys=0.00s Real=0.01s
[2021-04-17T07:55:36.573-0700][gc,start      ] GC(20) Pause Young (Normal) (G1 Evacuation Pause)
[2021-04-17T07:55:36.573-0700][gc,task       ] GC(20) Using 8 workers of 8 for evacuation
[2021-04-17T07:55:36.579-0700][gc,phases     ] GC(20)   Pre Evacuate Collection Set: 0.0ms
[2021-04-17T07:55:36.579-0700][gc,phases     ] GC(20)   Evacuate Collection Set: 4.8ms
[2021-04-17T07:55:36.579-0700][gc,phases     ] GC(20)   Post Evacuate Collection Set: 0.3ms
[2021-04-17T07:55:36.579-0700][gc,phases     ] GC(20)   Other: 0.4ms
[2021-04-17T07:55:36.579-0700][gc,heap       ] GC(20) Eden regions: 164->0(189)
[2021-04-17T07:55:36.579-0700][gc,heap       ] GC(20) Survivor regions: 4->3(21)
[2021-04-17T07:55:36.579-0700][gc,heap       ] GC(20) Old regions: 70->70
[2021-04-17T07:55:36.579-0700][gc,heap       ] GC(20) Humongous regions: 129->129
[2021-04-17T07:55:36.579-0700][gc,metaspace  ] GC(20) Metaspace: 41153K->41153K(1087488K)
[2021-04-17T07:55:36.579-0700][gc            ] GC(20) Pause Young (Normal) (G1 Evacuation Pause) 364M->199M(1024M) 5.523ms
[2021-04-17T07:55:36.579-0700][gc,cpu        ] GC(20) User=0.04s Sys=0.00s Real=0.01s
[2021-04-17T08:15:38.898-0700][gc,start      ] GC(21) Pause Young (Normal) (G1 Evacuation Pause)
[2021-04-17T08:15:38.898-0700][gc,task       ] GC(21) Using 8 workers of 8 for evacuation
[2021-04-17T08:15:38.903-0700][gc,phases     ] GC(21)   Pre Evacuate Collection Set: 0.0ms
[2021-04-17T08:15:38.903-0700][gc,phases     ] GC(21)   Evacuate Collection Set: 4.4ms
[2021-04-17T08:15:38.903-0700][gc,phases     ] GC(21)   Post Evacuate Collection Set: 0.6ms
[2021-04-17T08:15:38.903-0700][gc,phases     ] GC(21)   Other: 0.4ms
[2021-04-17T08:15:38.903-0700][gc,heap       ] GC(21) Eden regions: 189->0(212)
[2021-04-17T08:15:38.903-0700][gc,heap       ] GC(21) Survivor regions: 3->3(24)
[2021-04-17T08:15:38.903-0700][gc,heap       ] GC(21) Old regions: 70->70
[2021-04-17T08:15:38.903-0700][gc,heap       ] GC(21) Humongous regions: 129->129
[2021-04-17T08:15:38.903-0700][gc,metaspace  ] GC(21) Metaspace: 41167K->41167K(1087488K)
[2021-04-17T08:15:38.903-0700][gc            ] GC(21) Pause Young (Normal) (G1 Evacuation Pause) 388M->199M(1024M) 5.444ms
[2021-04-17T08:15:38.903-0700][gc,cpu        ] GC(21) User=0.04s Sys=0.00s Real=0.00s
[2021-04-17T08:38:29.420-0700][gc,start      ] GC(22) Pause Young (Normal) (G1 Evacuation Pause)
[2021-04-17T08:38:29.420-0700][gc,task       ] GC(22) Using 8 workers of 8 for evacuation
[2021-04-17T08:38:29.426-0700][gc,phases     ] GC(22)   Pre Evacuate Collection Set: 0.0ms
[2021-04-17T08:38:29.426-0700][gc,phases     ] GC(22)   Evacuate Collection Set: 5.4ms
[2021-04-17T08:38:29.426-0700][gc,phases     ] GC(22)   Post Evacuate Collection Set: 0.3ms
[2021-04-17T08:38:29.426-0700][gc,phases     ] GC(22)   Other: 0.4ms
[2021-04-17T08:38:29.426-0700][gc,heap       ] GC(22) Eden regions: 212->0(244)
[2021-04-17T08:38:29.426-0700][gc,heap       ] GC(22) Survivor regions: 3->3(27)
[2021-04-17T08:38:29.426-0700][gc,heap       ] GC(22) Old regions: 70->70
[2021-04-17T08:38:29.427-0700][gc,heap       ] GC(22) Humongous regions: 129->129
[2021-04-17T08:38:29.427-0700][gc,metaspace  ] GC(22) Metaspace: 41169K->41169K(1087488K)
[2021-04-17T08:38:29.427-0700][gc            ] GC(22) Pause Young (Normal) (G1 Evacuation Pause) 411M->199M(1024M) 6.172ms
[2021-04-17T08:38:29.427-0700][gc,cpu        ] GC(22) User=0.04s Sys=0.00s Real=0.00s
[2021-04-17T09:04:27.549-0700][gc,start      ] GC(23) Pause Young (Normal) (G1 Evacuation Pause)
[2021-04-17T09:04:27.549-0700][gc,task       ] GC(23) Using 8 workers of 8 for evacuation
[2021-04-17T09:04:27.555-0700][gc,phases     ] GC(23)   Pre Evacuate Collection Set: 0.0ms
[2021-04-17T09:04:27.555-0700][gc,phases     ] GC(23)   Evacuate Collection Set: 5.4ms
[2021-04-17T09:04:27.555-0700][gc,phases     ] GC(23)   Post Evacuate Collection Set: 0.3ms
[2021-04-17T09:04:27.555-0700][gc,phases     ] GC(23)   Other: 0.4ms
[2021-04-17T09:04:27.555-0700][gc,heap       ] GC(23) Eden regions: 244->0(303)
[2021-04-17T09:04:27.555-0700][gc,heap       ] GC(23) Survivor regions: 3->4(31)
[2021-04-17T09:04:27.555-0700][gc,heap       ] GC(23) Old regions: 70->70
[2021-04-17T09:04:27.555-0700][gc,heap       ] GC(23) Humongous regions: 129->129
[2021-04-17T09:04:27.555-0700][gc,metaspace  ] GC(23) Metaspace: 41191K->41191K(1087488K)
[2021-04-17T09:04:27.555-0700][gc            ] GC(23) Pause Young (Normal) (G1 Evacuation Pause) 443M->200M(1024M) 6.215ms
[2021-04-17T09:04:27.555-0700][gc,cpu        ] GC(23) User=0.05s Sys=0.00s Real=0.01s
[2021-04-17T09:37:09.421-0700][gc,start      ] GC(24) Pause Young (Normal) (G1 Evacuation Pause)
[2021-04-17T09:37:09.421-0700][gc,task       ] GC(24) Using 8 workers of 8 for evacuation
[2021-04-17T09:37:09.426-0700][gc,phases     ] GC(24)   Pre Evacuate Collection Set: 0.0ms
[2021-04-17T09:37:09.427-0700][gc,phases     ] GC(24)   Evacuate Collection Set: 4.5ms
[2021-04-17T09:37:09.427-0700][gc,phases     ] GC(24)   Post Evacuate Collection Set: 1.0ms
[2021-04-17T09:37:09.427-0700][gc,phases     ] GC(24)   Other: 0.4ms
[2021-04-17T09:37:09.427-0700][gc,heap       ] GC(24) Eden regions: 303->0(377)
[2021-04-17T09:37:09.427-0700][gc,heap       ] GC(24) Survivor regions: 4->3(39)
[2021-04-17T09:37:09.427-0700][gc,heap       ] GC(24) Old regions: 70->70
[2021-04-17T09:37:09.427-0700][gc,heap       ] GC(24) Humongous regions: 129->129
[2021-04-17T09:37:09.427-0700][gc,metaspace  ] GC(24) Metaspace: 41204K->41204K(1087488K)
[2021-04-17T09:37:09.427-0700][gc            ] GC(24) Pause Young (Normal) (G1 Evacuation Pause) 503M->199M(1024M) 6.265ms
[2021-04-17T09:37:09.427-0700][gc,cpu        ] GC(24) User=0.04s Sys=0.00s Real=0.00s
[2021-04-17T10:17:34.369-0700][gc,start      ] GC(25) Pause Young (Normal) (G1 Evacuation Pause)
[2021-04-17T10:17:34.369-0700][gc,task       ] GC(25) Using 8 workers of 8 for evacuation
[2021-04-17T10:17:34.376-0700][gc,phases     ] GC(25)   Pre Evacuate Collection Set: 0.0ms
[2021-04-17T10:17:34.376-0700][gc,phases     ] GC(25)   Evacuate Collection Set: 5.8ms
[2021-04-17T10:17:34.376-0700][gc,phases     ] GC(25)   Post Evacuate Collection Set: 0.5ms
[2021-04-17T10:17:34.376-0700][gc,phases     ] GC(25)   Other: 0.4ms
[2021-04-17T10:17:34.376-0700][gc,heap       ] GC(25) Eden regions: 377->0(419)
[2021-04-17T10:17:34.376-0700][gc,heap       ] GC(25) Survivor regions: 3->4(48)
[2021-04-17T10:17:34.376-0700][gc,heap       ] GC(25) Old regions: 70->70
[2021-04-17T10:17:34.376-0700][gc,heap       ] GC(25) Humongous regions: 129->129
[2021-04-17T10:17:34.376-0700][gc,metaspace  ] GC(25) Metaspace: 41211K->41211K(1087488K)
[2021-04-17T10:17:34.376-0700][gc            ] GC(25) Pause Young (Normal) (G1 Evacuation Pause) 576M->200M(1024M) 6.787ms
[2021-04-17T10:17:34.376-0700][gc,cpu        ] GC(25) User=0.05s Sys=0.00s Real=0.00s
[2021-04-17T11:02:51.267-0700][gc,start      ] GC(26) Pause Young (Normal) (G1 Evacuation Pause)
[2021-04-17T11:02:51.267-0700][gc,task       ] GC(26) Using 8 workers of 8 for evacuation
[2021-04-17T11:02:51.270-0700][gc,phases     ] GC(26)   Pre Evacuate Collection Set: 0.0ms
[2021-04-17T11:02:51.270-0700][gc,phases     ] GC(26)   Evacuate Collection Set: 2.0ms
[2021-04-17T11:02:51.270-0700][gc,phases     ] GC(26)   Post Evacuate Collection Set: 0.6ms
[2021-04-17T11:02:51.270-0700][gc,phases     ] GC(26)   Other: 0.2ms
[2021-04-17T11:02:51.270-0700][gc,heap       ] GC(26) Eden regions: 419->0(544)
[2021-04-17T11:02:51.270-0700][gc,heap       ] GC(26) Survivor regions: 4->3(53)
[2021-04-17T11:02:51.270-0700][gc,heap       ] GC(26) Old regions: 70->70
[2021-04-17T11:02:51.270-0700][gc,heap       ] GC(26) Humongous regions: 129->129
[2021-04-17T11:02:51.270-0700][gc,metaspace  ] GC(26) Metaspace: 41215K->41215K(1087488K)
[2021-04-17T11:02:51.270-0700][gc            ] GC(26) Pause Young (Normal) (G1 Evacuation Pause) 619M->200M(1024M) 2.824ms
[2021-04-17T11:02:51.270-0700][gc,cpu        ] GC(26) User=0.01s Sys=0.00s Real=0.01s
[2021-04-17T12:01:29.480-0700][gc,start      ] GC(27) Pause Young (Normal) (G1 Evacuation Pause)
[2021-04-17T12:01:29.480-0700][gc,task       ] GC(27) Using 8 workers of 8 for evacuation
[2021-04-17T12:01:29.486-0700][gc,phases     ] GC(27)   Pre Evacuate Collection Set: 0.0ms
[2021-04-17T12:01:29.486-0700][gc,phases     ] GC(27)   Evacuate Collection Set: 4.6ms
[2021-04-17T12:01:29.486-0700][gc,phases     ] GC(27)   Post Evacuate Collection Set: 1.1ms
[2021-04-17T12:01:29.486-0700][gc,phases     ] GC(27)   Other: 0.4ms
[2021-04-17T12:01:29.486-0700][gc,heap       ] GC(27) Eden regions: 544->0(600)
[2021-04-17T12:01:29.486-0700][gc,heap       ] GC(27) Survivor regions: 3->3(69)
[2021-04-17T12:01:29.486-0700][gc,heap       ] GC(27) Old regions: 70->70
[2021-04-17T12:01:29.486-0700][gc,heap       ] GC(27) Humongous regions: 129->129
[2021-04-17T12:01:29.486-0700][gc,metaspace  ] GC(27) Metaspace: 41224K->41224K(1087488K)
[2021-04-17T12:01:29.486-0700][gc            ] GC(27) Pause Young (Normal) (G1 Evacuation Pause) 744M->199M(1024M) 6.396ms
[2021-04-17T12:01:29.486-0700][gc,cpu        ] GC(27) User=0.04s Sys=0.00s Real=0.00s
[2021-04-17T13:05:51.597-0700][gc,start      ] GC(28) Pause Young (Normal) (G1 Evacuation Pause)
[2021-04-17T13:05:51.597-0700][gc,task       ] GC(28) Using 8 workers of 8 for evacuation
[2021-04-17T13:05:51.603-0700][gc,phases     ] GC(28)   Pre Evacuate Collection Set: 0.0ms
[2021-04-17T13:05:51.603-0700][gc,phases     ] GC(28)   Evacuate Collection Set: 4.7ms
[2021-04-17T13:05:51.603-0700][gc,phases     ] GC(28)   Post Evacuate Collection Set: 0.6ms
[2021-04-17T13:05:51.603-0700][gc,phases     ] GC(28)   Other: 0.4ms
[2021-04-17T13:05:51.603-0700][gc,heap       ] GC(28) Eden regions: 600->0(611)
[2021-04-17T13:05:51.603-0700][gc,heap       ] GC(28) Survivor regions: 3->3(76)
[2021-04-17T13:05:51.603-0700][gc,heap       ] GC(28) Old regions: 70->70
[2021-04-17T13:05:51.603-0700][gc,heap       ] GC(28) Humongous regions: 129->129
[2021-04-17T13:05:51.603-0700][gc,metaspace  ] GC(28) Metaspace: 41231K->41231K(1087488K)
[2021-04-17T13:05:51.603-0700][gc            ] GC(28) Pause Young (Normal) (G1 Evacuation Pause) 799M->199M(1024M) 5.761ms
[2021-04-17T13:05:51.603-0700][gc,cpu        ] GC(28) User=0.04s Sys=0.00s Real=0.00s
[2021-04-17T14:11:44.125-0700][gc,start      ] GC(29) Pause Young (Normal) (G1 Evacuation Pause)
[2021-04-17T14:11:44.125-0700][gc,task       ] GC(29) Using 8 workers of 8 for evacuation
[2021-04-17T14:11:44.132-0700][gc,phases     ] GC(29)   Pre Evacuate Collection Set: 0.0ms
[2021-04-17T14:11:44.132-0700][gc,phases     ] GC(29)   Evacuate Collection Set: 5.8ms
[2021-04-17T14:11:44.132-0700][gc,phases     ] GC(29)   Post Evacuate Collection Set: 0.5ms
[2021-04-17T14:11:44.132-0700][gc,phases     ] GC(29)   Other: 0.4ms
[2021-04-17T14:11:44.132-0700][gc,heap       ] GC(29) Eden regions: 611->0(610)
[2021-04-17T14:11:44.132-0700][gc,heap       ] GC(29) Survivor regions: 3->4(77)
[2021-04-17T14:11:44.132-0700][gc,heap       ] GC(29) Old regions: 70->70
[2021-04-17T14:11:44.132-0700][gc,heap       ] GC(29) Humongous regions: 129->129
[2021-04-17T14:11:44.132-0700][gc,metaspace  ] GC(29) Metaspace: 41264K->41264K(1087488K)
[2021-04-17T14:11:44.132-0700][gc            ] GC(29) Pause Young (Normal) (G1 Evacuation Pause) 810M->200M(1024M) 6.744ms
[2021-04-17T14:11:44.132-0700][gc,cpu        ] GC(29) User=0.04s Sys=0.01s Real=0.01s
[2021-04-17T14:34:12.365-0700][gc,heap,exit  ] Heap
[2021-04-17T14:34:12.365-0700][gc,heap,exit  ]  garbage-first heap   total 1048576K, used 457037K [0x00000000c0000000, 0x0000000100000000)
[2021-04-17T14:34:12.365-0700][gc,heap,exit  ]   region size 1024K, 252 young (258048K), 4 survivors (4096K)
[2021-04-17T14:34:12.365-0700][gc,heap,exit  ]  Metaspace       used 42176K, capacity 44293K, committed 44492K, reserved 1087488K
[2021-04-17T14:34:12.365-0700][gc,heap,exit  ]   class space    used 5074K, capacity 6073K, committed 6092K, reserved 1048576K
