[2021-04-17T04:41:22.889-0700][gc,heap] Heap region size: 1M
[2021-04-17T04:41:22.894-0700][gc     ] Using G1
[2021-04-17T04:41:22.894-0700][gc,heap,coops] Heap address: 0x00000000e0000000, size: 512 MB, Compressed Oops mode: 32-bit
[2021-04-17T04:41:22.894-0700][gc,cds       ] Mark closed archive regions in map: [0x00000000fff00000, 0x00000000fff6aff8]
[2021-04-17T04:41:22.894-0700][gc,cds       ] Mark open archive regions in map: [0x00000000ffe00000, 0x00000000ffe46ff8]
[2021-04-17T04:41:28.411-0700][gc,start     ] GC(0) Pause Young (Normal) (G1 Evacuation Pause)
[2021-04-17T04:41:28.414-0700][gc,task      ] GC(0) Using 8 workers of 8 for evacuation
[2021-04-17T04:41:28.432-0700][gc,phases    ] GC(0)   Pre Evacuate Collection Set: 0.0ms
[2021-04-17T04:41:28.432-0700][gc,phases    ] GC(0)   Evacuate Collection Set: 17.8ms
[2021-04-17T04:41:28.432-0700][gc,phases    ] GC(0)   Post Evacuate Collection Set: 0.5ms
[2021-04-17T04:41:28.432-0700][gc,phases    ] GC(0)   Other: 2.4ms
[2021-04-17T04:41:28.432-0700][gc,heap      ] GC(0) Eden regions: 25->0(21)
[2021-04-17T04:41:28.432-0700][gc,heap      ] GC(0) Survivor regions: 0->4(4)
[2021-04-17T04:41:28.432-0700][gc,heap      ] GC(0) Old regions: 2->4
[2021-04-17T04:41:28.432-0700][gc,heap      ] GC(0) Humongous regions: 0->0
[2021-04-17T04:41:28.432-0700][gc,metaspace ] GC(0) Metaspace: 7710K->7710K(1056768K)
[2021-04-17T04:41:28.432-0700][gc           ] GC(0) Pause Young (Normal) (G1 Evacuation Pause) 25M->5M(512M) 20.757ms
[2021-04-17T04:41:28.432-0700][gc,cpu       ] GC(0) User=0.13s Sys=0.00s Real=0.02s
[2021-04-17T04:46:38.711-0700][gc,heap,exit ] Heap
[2021-04-17T04:46:38.711-0700][gc,heap,exit ]  garbage-first heap   total 524288K, used 14258K [0x00000000e0000000, 0x0000000100000000)
[2021-04-17T04:46:38.711-0700][gc,heap,exit ]   region size 1024K, 13 young (13312K), 4 survivors (4096K)
[2021-04-17T04:46:38.711-0700][gc,heap,exit ]  Metaspace       used 8449K, capacity 8719K, committed 8960K, reserved 1056768K
[2021-04-17T04:46:38.711-0700][gc,heap,exit ]   class space    used 902K, capacity 1015K, committed 1024K, reserved 1048576K
