[2021-04-17T14:53:51.182-0700][gc,heap] Heap region size: 1M
[2021-04-17T14:53:51.194-0700][gc     ] Using G1
[2021-04-17T14:53:51.194-0700][gc,heap,coops] Heap address: 0x00000000e0000000, size: 512 MB, Compressed Oops mode: 32-bit
[2021-04-17T14:53:51.194-0700][gc,cds       ] Mark closed archive regions in map: [0x00000000fff00000, 0x00000000fff6aff8]
[2021-04-17T14:53:51.194-0700][gc,cds       ] Mark open archive regions in map: [0x00000000ffe00000, 0x00000000ffe46ff8]
[2021-04-17T14:53:56.686-0700][gc,start     ] GC(0) Pause Young (Normal) (G1 Evacuation Pause)
[2021-04-17T14:53:56.686-0700][gc,task      ] GC(0) Using 8 workers of 8 for evacuation
[2021-04-17T14:53:56.695-0700][gc,phases    ] GC(0)   Pre Evacuate Collection Set: 0.0ms
[2021-04-17T14:53:56.695-0700][gc,phases    ] GC(0)   Evacuate Collection Set: 8.2ms
[2021-04-17T14:53:56.695-0700][gc,phases    ] GC(0)   Post Evacuate Collection Set: 0.4ms
[2021-04-17T14:53:56.695-0700][gc,phases    ] GC(0)   Other: 0.8ms
[2021-04-17T14:53:56.695-0700][gc,heap      ] GC(0) Eden regions: 25->0(21)
[2021-04-17T14:53:56.695-0700][gc,heap      ] GC(0) Survivor regions: 0->4(4)
[2021-04-17T14:53:56.695-0700][gc,heap      ] GC(0) Old regions: 2->4
[2021-04-17T14:53:56.695-0700][gc,heap      ] GC(0) Humongous regions: 0->0
[2021-04-17T14:53:56.695-0700][gc,metaspace ] GC(0) Metaspace: 7603K->7603K(1056768K)
[2021-04-17T14:53:56.695-0700][gc           ] GC(0) Pause Young (Normal) (G1 Evacuation Pause) 25M->6M(512M) 9.441ms
[2021-04-17T14:53:56.695-0700][gc,cpu       ] GC(0) User=0.06s Sys=0.01s Real=0.01s
[2021-04-17T15:10:10.730-0700][gc,start     ] GC(1) Pause Young (Normal) (G1 Evacuation Pause)
[2021-04-17T15:10:10.730-0700][gc,task      ] GC(1) Using 8 workers of 8 for evacuation
[2021-04-17T15:10:10.748-0700][gc,phases    ] GC(1)   Pre Evacuate Collection Set: 0.0ms
[2021-04-17T15:10:10.748-0700][gc,phases    ] GC(1)   Evacuate Collection Set: 16.7ms
[2021-04-17T15:10:10.748-0700][gc,phases    ] GC(1)   Post Evacuate Collection Set: 0.9ms
[2021-04-17T15:10:10.748-0700][gc,phases    ] GC(1)   Other: 0.3ms
[2021-04-17T15:10:10.748-0700][gc,heap      ] GC(1) Eden regions: 21->0(24)
[2021-04-17T15:10:10.748-0700][gc,heap      ] GC(1) Survivor regions: 4->1(4)
[2021-04-17T15:10:10.748-0700][gc,heap      ] GC(1) Old regions: 4->8
[2021-04-17T15:10:10.748-0700][gc,heap      ] GC(1) Humongous regions: 0->0
[2021-04-17T15:10:10.748-0700][gc,metaspace ] GC(1) Metaspace: 8463K->8463K(1056768K)
[2021-04-17T15:10:10.748-0700][gc           ] GC(1) Pause Young (Normal) (G1 Evacuation Pause) 27M->6M(512M) 18.126ms
[2021-04-17T15:10:10.748-0700][gc,cpu       ] GC(1) User=0.12s Sys=0.02s Real=0.01s
[2021-04-17T15:32:13.248-0700][gc,start     ] GC(2) Pause Young (Normal) (G1 Evacuation Pause)
[2021-04-17T15:32:13.248-0700][gc,task      ] GC(2) Using 8 workers of 8 for evacuation
[2021-04-17T15:32:13.250-0700][gc,phases    ] GC(2)   Pre Evacuate Collection Set: 0.0ms
[2021-04-17T15:32:13.250-0700][gc,phases    ] GC(2)   Evacuate Collection Set: 1.4ms
[2021-04-17T15:32:13.250-0700][gc,phases    ] GC(2)   Post Evacuate Collection Set: 0.3ms
[2021-04-17T15:32:13.250-0700][gc,phases    ] GC(2)   Other: 0.2ms
[2021-04-17T15:32:13.250-0700][gc,heap      ] GC(2) Eden regions: 24->0(24)
[2021-04-17T15:32:13.250-0700][gc,heap      ] GC(2) Survivor regions: 1->1(4)
[2021-04-17T15:32:13.250-0700][gc,heap      ] GC(2) Old regions: 8->8
[2021-04-17T15:32:13.250-0700][gc,heap      ] GC(2) Humongous regions: 0->0
[2021-04-17T15:32:13.250-0700][gc,metaspace ] GC(2) Metaspace: 8465K->8465K(1056768K)
[2021-04-17T15:32:13.250-0700][gc           ] GC(2) Pause Young (Normal) (G1 Evacuation Pause) 30M->6M(512M) 1.945ms
[2021-04-17T15:32:13.250-0700][gc,cpu       ] GC(2) User=0.00s Sys=0.00s Real=0.01s
[2021-04-17T15:55:13.789-0700][gc,start     ] GC(3) Pause Young (Normal) (G1 Evacuation Pause)
[2021-04-17T15:55:13.789-0700][gc,task      ] GC(3) Using 8 workers of 8 for evacuation
[2021-04-17T15:55:13.792-0700][gc,phases    ] GC(3)   Pre Evacuate Collection Set: 0.0ms
[2021-04-17T15:55:13.792-0700][gc,phases    ] GC(3)   Evacuate Collection Set: 2.2ms
[2021-04-17T15:55:13.792-0700][gc,phases    ] GC(3)   Post Evacuate Collection Set: 0.6ms
[2021-04-17T15:55:13.792-0700][gc,phases    ] GC(3)   Other: 0.3ms
[2021-04-17T15:55:13.792-0700][gc,heap      ] GC(3) Eden regions: 24->0(24)
[2021-04-17T15:55:13.792-0700][gc,heap      ] GC(3) Survivor regions: 1->1(4)
[2021-04-17T15:55:13.792-0700][gc,heap      ] GC(3) Old regions: 8->8
[2021-04-17T15:55:13.792-0700][gc,heap      ] GC(3) Humongous regions: 0->0
[2021-04-17T15:55:13.792-0700][gc,metaspace ] GC(3) Metaspace: 8465K->8465K(1056768K)
[2021-04-17T15:55:13.792-0700][gc           ] GC(3) Pause Young (Normal) (G1 Evacuation Pause) 30M->6M(512M) 3.536ms
[2021-04-17T15:55:13.792-0700][gc,cpu       ] GC(3) User=0.02s Sys=0.00s Real=0.01s
[2021-04-17T16:18:50.691-0700][gc,start     ] GC(4) Pause Young (Normal) (G1 Evacuation Pause)
[2021-04-17T16:18:50.691-0700][gc,task      ] GC(4) Using 8 workers of 8 for evacuation
[2021-04-17T16:18:50.695-0700][gc,phases    ] GC(4)   Pre Evacuate Collection Set: 0.0ms
[2021-04-17T16:18:50.695-0700][gc,phases    ] GC(4)   Evacuate Collection Set: 3.1ms
[2021-04-17T16:18:50.695-0700][gc,phases    ] GC(4)   Post Evacuate Collection Set: 0.6ms
[2021-04-17T16:18:50.695-0700][gc,phases    ] GC(4)   Other: 0.3ms
[2021-04-17T16:18:50.695-0700][gc,heap      ] GC(4) Eden regions: 24->0(24)
[2021-04-17T16:18:50.695-0700][gc,heap      ] GC(4) Survivor regions: 1->1(4)
[2021-04-17T16:18:50.695-0700][gc,heap      ] GC(4) Old regions: 8->8
[2021-04-17T16:18:50.695-0700][gc,heap      ] GC(4) Humongous regions: 0->0
[2021-04-17T16:18:50.695-0700][gc,metaspace ] GC(4) Metaspace: 8466K->8466K(1056768K)
[2021-04-17T16:18:50.695-0700][gc           ] GC(4) Pause Young (Normal) (G1 Evacuation Pause) 30M->6M(512M) 4.206ms
[2021-04-17T16:18:50.695-0700][gc,cpu       ] GC(4) User=0.02s Sys=0.00s Real=0.00s
[2021-04-17T16:42:33.131-0700][gc,start     ] GC(5) Pause Young (Normal) (G1 Evacuation Pause)
[2021-04-17T16:42:33.132-0700][gc,task      ] GC(5) Using 8 workers of 8 for evacuation
[2021-04-17T16:42:33.135-0700][gc,phases    ] GC(5)   Pre Evacuate Collection Set: 0.0ms
[2021-04-17T16:42:33.135-0700][gc,phases    ] GC(5)   Evacuate Collection Set: 3.0ms
[2021-04-17T16:42:33.135-0700][gc,phases    ] GC(5)   Post Evacuate Collection Set: 0.6ms
[2021-04-17T16:42:33.135-0700][gc,phases    ] GC(5)   Other: 0.3ms
[2021-04-17T16:42:33.135-0700][gc,heap      ] GC(5) Eden regions: 24->0(29)
[2021-04-17T16:42:33.135-0700][gc,heap      ] GC(5) Survivor regions: 1->1(4)
[2021-04-17T16:42:33.135-0700][gc,heap      ] GC(5) Old regions: 8->8
[2021-04-17T16:42:33.136-0700][gc,heap      ] GC(5) Humongous regions: 0->0
[2021-04-17T16:42:33.136-0700][gc,metaspace ] GC(5) Metaspace: 8472K->8472K(1056768K)
[2021-04-17T16:42:33.136-0700][gc           ] GC(5) Pause Young (Normal) (G1 Evacuation Pause) 30M->6M(512M) 4.131ms
[2021-04-17T16:42:33.136-0700][gc,cpu       ] GC(5) User=0.02s Sys=0.00s Real=0.00s
[2021-04-17T17:11:03.940-0700][gc,start     ] GC(6) Pause Young (Normal) (G1 Evacuation Pause)
[2021-04-17T17:11:03.940-0700][gc,task      ] GC(6) Using 8 workers of 8 for evacuation
[2021-04-17T17:11:03.943-0700][gc,phases    ] GC(6)   Pre Evacuate Collection Set: 0.0ms
[2021-04-17T17:11:03.943-0700][gc,phases    ] GC(6)   Evacuate Collection Set: 2.4ms
[2021-04-17T17:11:03.943-0700][gc,phases    ] GC(6)   Post Evacuate Collection Set: 0.7ms
[2021-04-17T17:11:03.943-0700][gc,phases    ] GC(6)   Other: 0.3ms
[2021-04-17T17:11:03.944-0700][gc,heap      ] GC(6) Eden regions: 29->0(34)
[2021-04-17T17:11:03.944-0700][gc,heap      ] GC(6) Survivor regions: 1->1(4)
[2021-04-17T17:11:03.944-0700][gc,heap      ] GC(6) Old regions: 8->8
[2021-04-17T17:11:03.944-0700][gc,heap      ] GC(6) Humongous regions: 0->0
[2021-04-17T17:11:03.944-0700][gc,metaspace ] GC(6) Metaspace: 8474K->8474K(1056768K)
[2021-04-17T17:11:03.944-0700][gc           ] GC(6) Pause Young (Normal) (G1 Evacuation Pause) 35M->6M(512M) 3.710ms
[2021-04-17T17:11:03.944-0700][gc,cpu       ] GC(6) User=0.02s Sys=0.00s Real=0.00s
[2021-04-17T17:44:33.371-0700][gc,start     ] GC(7) Pause Young (Normal) (G1 Evacuation Pause)
[2021-04-17T17:44:33.371-0700][gc,task      ] GC(7) Using 8 workers of 8 for evacuation
[2021-04-17T17:44:33.375-0700][gc,phases    ] GC(7)   Pre Evacuate Collection Set: 0.0ms
[2021-04-17T17:44:33.375-0700][gc,phases    ] GC(7)   Evacuate Collection Set: 3.5ms
[2021-04-17T17:44:33.375-0700][gc,phases    ] GC(7)   Post Evacuate Collection Set: 0.6ms
[2021-04-17T17:44:33.375-0700][gc,phases    ] GC(7)   Other: 0.3ms
[2021-04-17T17:44:33.375-0700][gc,heap      ] GC(7) Eden regions: 34->0(41)
[2021-04-17T17:44:33.375-0700][gc,heap      ] GC(7) Survivor regions: 1->1(5)
[2021-04-17T17:44:33.375-0700][gc,heap      ] GC(7) Old regions: 8->8
[2021-04-17T17:44:33.375-0700][gc,heap      ] GC(7) Humongous regions: 0->0
[2021-04-17T17:44:33.375-0700][gc,metaspace ] GC(7) Metaspace: 8474K->8474K(1056768K)
[2021-04-17T17:44:33.375-0700][gc           ] GC(7) Pause Young (Normal) (G1 Evacuation Pause) 40M->6M(512M) 4.695ms
[2021-04-17T17:44:33.375-0700][gc,cpu       ] GC(7) User=0.02s Sys=0.00s Real=0.00s
[2021-04-17T18:24:39.912-0700][gc,start     ] GC(8) Pause Young (Normal) (G1 Evacuation Pause)
[2021-04-17T18:24:39.912-0700][gc,task      ] GC(8) Using 8 workers of 8 for evacuation
[2021-04-17T18:24:39.918-0700][gc,phases    ] GC(8)   Pre Evacuate Collection Set: 0.0ms
[2021-04-17T18:24:39.918-0700][gc,phases    ] GC(8)   Evacuate Collection Set: 5.1ms
[2021-04-17T18:24:39.918-0700][gc,phases    ] GC(8)   Post Evacuate Collection Set: 0.8ms
[2021-04-17T18:24:39.918-0700][gc,phases    ] GC(8)   Other: 0.4ms
[2021-04-17T18:24:39.918-0700][gc,heap      ] GC(8) Eden regions: 41->0(51)
[2021-04-17T18:24:39.918-0700][gc,heap      ] GC(8) Survivor regions: 1->1(6)
[2021-04-17T18:24:39.918-0700][gc,heap      ] GC(8) Old regions: 8->8
[2021-04-17T18:24:39.918-0700][gc,heap      ] GC(8) Humongous regions: 0->0
[2021-04-17T18:24:39.918-0700][gc,metaspace ] GC(8) Metaspace: 8474K->8474K(1056768K)
[2021-04-17T18:24:39.918-0700][gc           ] GC(8) Pause Young (Normal) (G1 Evacuation Pause) 47M->6M(512M) 6.666ms
[2021-04-17T18:24:39.918-0700][gc,cpu       ] GC(8) User=0.03s Sys=0.00s Real=0.01s
[2021-04-17T19:15:18.183-0700][gc,start     ] GC(9) Pause Young (Normal) (G1 Evacuation Pause)
[2021-04-17T19:15:18.183-0700][gc,task      ] GC(9) Using 8 workers of 8 for evacuation
[2021-04-17T19:15:18.186-0700][gc,phases    ] GC(9)   Pre Evacuate Collection Set: 0.0ms
[2021-04-17T19:15:18.187-0700][gc,phases    ] GC(9)   Evacuate Collection Set: 2.4ms
[2021-04-17T19:15:18.187-0700][gc,phases    ] GC(9)   Post Evacuate Collection Set: 0.7ms
[2021-04-17T19:15:18.187-0700][gc,phases    ] GC(9)   Other: 0.3ms
[2021-04-17T19:15:18.187-0700][gc,heap      ] GC(9) Eden regions: 51->0(63)
[2021-04-17T19:15:18.187-0700][gc,heap      ] GC(9) Survivor regions: 1->1(7)
[2021-04-17T19:15:18.187-0700][gc,heap      ] GC(9) Old regions: 8->8
[2021-04-17T19:15:18.187-0700][gc,heap      ] GC(9) Humongous regions: 0->0
[2021-04-17T19:15:18.187-0700][gc,metaspace ] GC(9) Metaspace: 8484K->8484K(1056768K)
[2021-04-17T19:15:18.187-0700][gc           ] GC(9) Pause Young (Normal) (G1 Evacuation Pause) 57M->6M(512M) 3.635ms
[2021-04-17T19:15:18.187-0700][gc,cpu       ] GC(9) User=0.02s Sys=0.00s Real=0.00s
[2021-04-17T20:18:13.903-0700][gc,start     ] GC(10) Pause Young (Normal) (G1 Evacuation Pause)
[2021-04-17T20:18:13.903-0700][gc,task      ] GC(10) Using 8 workers of 8 for evacuation
[2021-04-17T20:18:13.907-0700][gc,phases    ] GC(10)   Pre Evacuate Collection Set: 0.0ms
[2021-04-17T20:18:13.907-0700][gc,phases    ] GC(10)   Evacuate Collection Set: 3.3ms
[2021-04-17T20:18:13.907-0700][gc,phases    ] GC(10)   Post Evacuate Collection Set: 0.6ms
[2021-04-17T20:18:13.907-0700][gc,phases    ] GC(10)   Other: 0.3ms
[2021-04-17T20:18:13.907-0700][gc,heap      ] GC(10) Eden regions: 63->0(76)
[2021-04-17T20:18:13.907-0700][gc,heap      ] GC(10) Survivor regions: 1->1(8)
[2021-04-17T20:18:13.907-0700][gc,heap      ] GC(10) Old regions: 8->8
[2021-04-17T20:18:13.907-0700][gc,heap      ] GC(10) Humongous regions: 0->0
[2021-04-17T20:18:13.907-0700][gc,metaspace ] GC(10) Metaspace: 8484K->8484K(1056768K)
[2021-04-17T20:18:13.908-0700][gc           ] GC(10) Pause Young (Normal) (G1 Evacuation Pause) 69M->6M(512M) 4.475ms
[2021-04-17T20:18:13.908-0700][gc,cpu       ] GC(10) User=0.03s Sys=0.00s Real=0.00s
[2021-04-17T21:33:41.549-0700][gc,start     ] GC(11) Pause Young (Normal) (G1 Evacuation Pause)
[2021-04-17T21:33:41.549-0700][gc,task      ] GC(11) Using 8 workers of 8 for evacuation
[2021-04-17T21:33:41.553-0700][gc,phases    ] GC(11)   Pre Evacuate Collection Set: 0.0ms
[2021-04-17T21:33:41.553-0700][gc,phases    ] GC(11)   Evacuate Collection Set: 2.4ms
[2021-04-17T21:33:41.553-0700][gc,phases    ] GC(11)   Post Evacuate Collection Set: 0.8ms
[2021-04-17T21:33:41.553-0700][gc,phases    ] GC(11)   Other: 0.3ms
[2021-04-17T21:33:41.553-0700][gc,heap      ] GC(11) Eden regions: 76->0(91)
[2021-04-17T21:33:41.553-0700][gc,heap      ] GC(11) Survivor regions: 1->1(10)
[2021-04-17T21:33:41.553-0700][gc,heap      ] GC(11) Old regions: 8->8
[2021-04-17T21:33:41.553-0700][gc,heap      ] GC(11) Humongous regions: 0->0
[2021-04-17T21:33:41.553-0700][gc,metaspace ] GC(11) Metaspace: 8493K->8493K(1056768K)
[2021-04-17T21:33:41.553-0700][gc           ] GC(11) Pause Young (Normal) (G1 Evacuation Pause) 82M->6M(512M) 3.721ms
[2021-04-17T21:33:41.553-0700][gc,cpu       ] GC(11) User=0.01s Sys=0.01s Real=0.00s
[2021-04-17T23:04:37.051-0700][gc,start     ] GC(12) Pause Young (Normal) (G1 Evacuation Pause)
[2021-04-17T23:04:37.051-0700][gc,task      ] GC(12) Using 8 workers of 8 for evacuation
[2021-04-17T23:04:37.055-0700][gc,phases    ] GC(12)   Pre Evacuate Collection Set: 0.0ms
[2021-04-17T23:04:37.055-0700][gc,phases    ] GC(12)   Evacuate Collection Set: 3.1ms
[2021-04-17T23:04:37.055-0700][gc,phases    ] GC(12)   Post Evacuate Collection Set: 0.7ms
[2021-04-17T23:04:37.056-0700][gc,phases    ] GC(12)   Other: 0.3ms
[2021-04-17T23:04:37.056-0700][gc,heap      ] GC(12) Eden regions: 91->0(107)
[2021-04-17T23:04:37.056-0700][gc,heap      ] GC(12) Survivor regions: 1->1(12)
[2021-04-17T23:04:37.056-0700][gc,heap      ] GC(12) Old regions: 8->8
[2021-04-17T23:04:37.056-0700][gc,heap      ] GC(12) Humongous regions: 0->0
[2021-04-17T23:04:37.056-0700][gc,metaspace ] GC(12) Metaspace: 8493K->8493K(1056768K)
[2021-04-17T23:04:37.056-0700][gc           ] GC(12) Pause Young (Normal) (G1 Evacuation Pause) 97M->6M(512M) 4.312ms
[2021-04-17T23:04:37.056-0700][gc,cpu       ] GC(12) User=0.03s Sys=0.00s Real=0.00s
[2021-04-18T00:51:37.596-0700][gc,start     ] GC(13) Pause Young (Normal) (G1 Evacuation Pause)
[2021-04-18T00:51:37.596-0700][gc,task      ] GC(13) Using 8 workers of 8 for evacuation
[2021-04-18T00:51:37.601-0700][gc,phases    ] GC(13)   Pre Evacuate Collection Set: 0.0ms
[2021-04-18T00:51:37.601-0700][gc,phases    ] GC(13)   Evacuate Collection Set: 3.3ms
[2021-04-18T00:51:37.601-0700][gc,phases    ] GC(13)   Post Evacuate Collection Set: 0.8ms
[2021-04-18T00:51:37.601-0700][gc,phases    ] GC(13)   Other: 0.3ms
[2021-04-18T00:51:37.601-0700][gc,heap      ] GC(13) Eden regions: 107->0(124)
[2021-04-18T00:51:37.601-0700][gc,heap      ] GC(13) Survivor regions: 1->1(14)
[2021-04-18T00:51:37.601-0700][gc,heap      ] GC(13) Old regions: 8->8
[2021-04-18T00:51:37.601-0700][gc,heap      ] GC(13) Humongous regions: 0->0
[2021-04-18T00:51:37.601-0700][gc,metaspace ] GC(13) Metaspace: 8494K->8494K(1056768K)
[2021-04-18T00:51:37.601-0700][gc           ] GC(13) Pause Young (Normal) (G1 Evacuation Pause) 113M->6M(512M) 4.626ms
[2021-04-18T00:51:37.601-0700][gc,cpu       ] GC(13) User=0.02s Sys=0.00s Real=0.01s
[2021-04-18T02:55:24.347-0700][gc,start     ] GC(14) Pause Young (Normal) (G1 Evacuation Pause)
[2021-04-18T02:55:24.347-0700][gc,task      ] GC(14) Using 8 workers of 8 for evacuation
[2021-04-18T02:55:24.352-0700][gc,phases    ] GC(14)   Pre Evacuate Collection Set: 0.0ms
[2021-04-18T02:55:24.352-0700][gc,phases    ] GC(14)   Evacuate Collection Set: 3.4ms
[2021-04-18T02:55:24.352-0700][gc,phases    ] GC(14)   Post Evacuate Collection Set: 0.8ms
[2021-04-18T02:55:24.352-0700][gc,phases    ] GC(14)   Other: 0.3ms
[2021-04-18T02:55:24.352-0700][gc,heap      ] GC(14) Eden regions: 124->0(142)
[2021-04-18T02:55:24.352-0700][gc,heap      ] GC(14) Survivor regions: 1->1(16)
[2021-04-18T02:55:24.352-0700][gc,heap      ] GC(14) Old regions: 8->8
[2021-04-18T02:55:24.352-0700][gc,heap      ] GC(14) Humongous regions: 0->0
[2021-04-18T02:55:24.352-0700][gc,metaspace ] GC(14) Metaspace: 8499K->8499K(1056768K)
[2021-04-18T02:55:24.352-0700][gc           ] GC(14) Pause Young (Normal) (G1 Evacuation Pause) 130M->6M(512M) 4.707ms
[2021-04-18T02:55:24.352-0700][gc,cpu       ] GC(14) User=0.03s Sys=0.00s Real=0.01s
[2021-04-18T05:17:06.069-0700][gc,start     ] GC(15) Pause Young (Normal) (G1 Evacuation Pause)
[2021-04-18T05:17:06.069-0700][gc,task      ] GC(15) Using 8 workers of 8 for evacuation
[2021-04-18T05:17:06.073-0700][gc,phases    ] GC(15)   Pre Evacuate Collection Set: 0.0ms
[2021-04-18T05:17:06.073-0700][gc,phases    ] GC(15)   Evacuate Collection Set: 3.2ms
[2021-04-18T05:17:06.073-0700][gc,phases    ] GC(15)   Post Evacuate Collection Set: 0.8ms
[2021-04-18T05:17:06.073-0700][gc,phases    ] GC(15)   Other: 0.3ms
[2021-04-18T05:17:06.073-0700][gc,heap      ] GC(15) Eden regions: 142->0(159)
[2021-04-18T05:17:06.073-0700][gc,heap      ] GC(15) Survivor regions: 1->1(18)
[2021-04-18T05:17:06.073-0700][gc,heap      ] GC(15) Old regions: 8->8
[2021-04-18T05:17:06.073-0700][gc,heap      ] GC(15) Humongous regions: 0->0
[2021-04-18T05:17:06.073-0700][gc,metaspace ] GC(15) Metaspace: 8504K->8504K(1056768K)
[2021-04-18T05:17:06.073-0700][gc           ] GC(15) Pause Young (Normal) (G1 Evacuation Pause) 148M->6M(512M) 4.523ms
[2021-04-18T05:17:06.074-0700][gc,cpu       ] GC(15) User=0.01s Sys=0.01s Real=0.00s
[2021-04-18T07:56:14.999-0700][gc,start     ] GC(16) Pause Young (Normal) (G1 Evacuation Pause)
[2021-04-18T07:56:14.999-0700][gc,task      ] GC(16) Using 8 workers of 8 for evacuation
[2021-04-18T07:56:15.003-0700][gc,phases    ] GC(16)   Pre Evacuate Collection Set: 0.0ms
[2021-04-18T07:56:15.003-0700][gc,phases    ] GC(16)   Evacuate Collection Set: 3.3ms
[2021-04-18T07:56:15.003-0700][gc,phases    ] GC(16)   Post Evacuate Collection Set: 0.8ms
[2021-04-18T07:56:15.003-0700][gc,phases    ] GC(16)   Other: 0.3ms
[2021-04-18T07:56:15.004-0700][gc,heap      ] GC(16) Eden regions: 159->0(177)
[2021-04-18T07:56:15.004-0700][gc,heap      ] GC(16) Survivor regions: 1->1(20)
[2021-04-18T07:56:15.004-0700][gc,heap      ] GC(16) Old regions: 8->8
[2021-04-18T07:56:15.004-0700][gc,heap      ] GC(16) Humongous regions: 0->0
[2021-04-18T07:56:15.004-0700][gc,metaspace ] GC(16) Metaspace: 8504K->8504K(1056768K)
[2021-04-18T07:56:15.004-0700][gc           ] GC(16) Pause Young (Normal) (G1 Evacuation Pause) 165M->6M(512M) 4.666ms
[2021-04-18T07:56:15.004-0700][gc,cpu       ] GC(16) User=0.03s Sys=0.00s Real=0.00s
[2021-04-18T10:53:46.768-0700][gc,start     ] GC(17) Pause Young (Normal) (G1 Evacuation Pause)
[2021-04-18T10:53:46.768-0700][gc,task      ] GC(17) Using 8 workers of 8 for evacuation
[2021-04-18T10:53:46.771-0700][gc,phases    ] GC(17)   Pre Evacuate Collection Set: 0.0ms
[2021-04-18T10:53:46.771-0700][gc,phases    ] GC(17)   Evacuate Collection Set: 1.4ms
[2021-04-18T10:53:46.771-0700][gc,phases    ] GC(17)   Post Evacuate Collection Set: 0.7ms
[2021-04-18T10:53:46.771-0700][gc,phases    ] GC(17)   Other: 0.3ms
[2021-04-18T10:53:46.771-0700][gc,heap      ] GC(17) Eden regions: 177->0(301)
[2021-04-18T10:53:46.771-0700][gc,heap      ] GC(17) Survivor regions: 1->1(23)
[2021-04-18T10:53:46.771-0700][gc,heap      ] GC(17) Old regions: 8->8
[2021-04-18T10:53:46.771-0700][gc,heap      ] GC(17) Humongous regions: 0->0
[2021-04-18T10:53:46.771-0700][gc,metaspace ] GC(17) Metaspace: 8504K->8504K(1056768K)
[2021-04-18T10:53:46.771-0700][gc           ] GC(17) Pause Young (Normal) (G1 Evacuation Pause) 183M->6M(512M) 2.755ms
[2021-04-18T10:53:46.771-0700][gc,cpu       ] GC(17) User=0.01s Sys=0.00s Real=0.01s
[2021-04-18T15:56:11.242-0700][gc,start     ] GC(18) Pause Young (Normal) (G1 Evacuation Pause)
[2021-04-18T15:56:11.264-0700][gc,task      ] GC(18) Using 8 workers of 8 for evacuation
[2021-04-18T15:56:11.267-0700][gc,phases    ] GC(18)   Pre Evacuate Collection Set: 0.0ms
[2021-04-18T15:56:11.267-0700][gc,phases    ] GC(18)   Evacuate Collection Set: 1.3ms
[2021-04-18T15:56:11.267-0700][gc,phases    ] GC(18)   Post Evacuate Collection Set: 0.9ms
[2021-04-18T15:56:11.267-0700][gc,phases    ] GC(18)   Other: 22.8ms
[2021-04-18T15:56:11.267-0700][gc,heap      ] GC(18) Eden regions: 301->0(306)
[2021-04-18T15:56:11.267-0700][gc,heap      ] GC(18) Survivor regions: 1->1(38)
[2021-04-18T15:56:11.267-0700][gc,heap      ] GC(18) Old regions: 8->8
[2021-04-18T15:56:11.267-0700][gc,heap      ] GC(18) Humongous regions: 0->0
[2021-04-18T15:56:11.267-0700][gc,metaspace ] GC(18) Metaspace: 8504K->8504K(1056768K)
[2021-04-18T15:56:11.267-0700][gc           ] GC(18) Pause Young (Normal) (G1 Evacuation Pause) 307M->6M(512M) 25.222ms
[2021-04-18T15:56:11.267-0700][gc,cpu       ] GC(18) User=0.01s Sys=0.00s Real=0.02s
[2021-04-18T20:56:00.142-0700][gc,start     ] GC(19) Pause Young (Normal) (G1 Evacuation Pause)
[2021-04-18T20:56:00.187-0700][gc,task      ] GC(19) Using 8 workers of 8 for evacuation
[2021-04-18T20:56:00.190-0700][gc,phases    ] GC(19)   Pre Evacuate Collection Set: 0.0ms
[2021-04-18T20:56:00.190-0700][gc,phases    ] GC(19)   Evacuate Collection Set: 1.5ms
[2021-04-18T20:56:00.190-0700][gc,phases    ] GC(19)   Post Evacuate Collection Set: 1.2ms
[2021-04-18T20:56:00.190-0700][gc,phases    ] GC(19)   Other: 45.3ms
[2021-04-18T20:56:00.190-0700][gc,heap      ] GC(19) Eden regions: 306->0(306)
[2021-04-18T20:56:00.190-0700][gc,heap      ] GC(19) Survivor regions: 1->1(39)
[2021-04-18T20:56:00.190-0700][gc,heap      ] GC(19) Old regions: 8->8
[2021-04-18T20:56:00.190-0700][gc,heap      ] GC(19) Humongous regions: 0->0
[2021-04-18T20:56:00.190-0700][gc,metaspace ] GC(19) Metaspace: 8511K->8511K(1056768K)
[2021-04-18T20:56:00.190-0700][gc           ] GC(19) Pause Young (Normal) (G1 Evacuation Pause) 312M->6M(512M) 48.314ms
[2021-04-18T20:56:00.190-0700][gc,cpu       ] GC(19) User=0.01s Sys=0.00s Real=0.05s
[2021-04-19T01:35:29.582-0700][gc,start     ] GC(20) Pause Young (Normal) (G1 Evacuation Pause)
[2021-04-19T01:35:29.626-0700][gc,task      ] GC(20) Using 8 workers of 8 for evacuation
[2021-04-19T01:35:29.629-0700][gc,phases    ] GC(20)   Pre Evacuate Collection Set: 0.0ms
[2021-04-19T01:35:29.629-0700][gc,phases    ] GC(20)   Evacuate Collection Set: 1.2ms
[2021-04-19T01:35:29.629-0700][gc,phases    ] GC(20)   Post Evacuate Collection Set: 0.9ms
[2021-04-19T01:35:29.629-0700][gc,phases    ] GC(20)   Other: 44.6ms
[2021-04-19T01:35:29.629-0700][gc,heap      ] GC(20) Eden regions: 306->0(306)
[2021-04-19T01:35:29.629-0700][gc,heap      ] GC(20) Survivor regions: 1->1(39)
[2021-04-19T01:35:29.629-0700][gc,heap      ] GC(20) Old regions: 8->8
[2021-04-19T01:35:29.629-0700][gc,heap      ] GC(20) Humongous regions: 0->0
[2021-04-19T01:35:29.629-0700][gc,metaspace ] GC(20) Metaspace: 8516K->8516K(1056768K)
[2021-04-19T01:35:29.629-0700][gc           ] GC(20) Pause Young (Normal) (G1 Evacuation Pause) 312M->6M(512M) 47.064ms
[2021-04-19T01:35:29.629-0700][gc,cpu       ] GC(20) User=0.01s Sys=0.01s Real=0.05s
[2021-04-19T06:15:20.064-0700][gc,start     ] GC(21) Pause Young (Normal) (G1 Evacuation Pause)
[2021-04-19T06:15:20.064-0700][gc,task      ] GC(21) Using 8 workers of 8 for evacuation
[2021-04-19T06:15:20.066-0700][gc,phases    ] GC(21)   Pre Evacuate Collection Set: 0.0ms
[2021-04-19T06:15:20.066-0700][gc,phases    ] GC(21)   Evacuate Collection Set: 1.2ms
[2021-04-19T06:15:20.066-0700][gc,phases    ] GC(21)   Post Evacuate Collection Set: 0.9ms
[2021-04-19T06:15:20.066-0700][gc,phases    ] GC(21)   Other: 0.3ms
[2021-04-19T06:15:20.066-0700][gc,heap      ] GC(21) Eden regions: 306->0(306)
[2021-04-19T06:15:20.066-0700][gc,heap      ] GC(21) Survivor regions: 1->1(39)
[2021-04-19T06:15:20.066-0700][gc,heap      ] GC(21) Old regions: 8->8
[2021-04-19T06:15:20.066-0700][gc,heap      ] GC(21) Humongous regions: 0->0
[2021-04-19T06:15:20.067-0700][gc,metaspace ] GC(21) Metaspace: 8516K->8516K(1056768K)
[2021-04-19T06:15:20.067-0700][gc           ] GC(21) Pause Young (Normal) (G1 Evacuation Pause) 312M->6M(512M) 2.701ms
[2021-04-19T06:15:20.067-0700][gc,cpu       ] GC(21) User=0.01s Sys=0.00s Real=0.00s
[2021-04-19T11:04:01.314-0700][gc,start     ] GC(22) Pause Young (Normal) (G1 Evacuation Pause)
[2021-04-19T11:04:01.314-0700][gc,task      ] GC(22) Using 8 workers of 8 for evacuation
[2021-04-19T11:04:01.318-0700][gc,phases    ] GC(22)   Pre Evacuate Collection Set: 0.0ms
[2021-04-19T11:04:01.318-0700][gc,phases    ] GC(22)   Evacuate Collection Set: 2.8ms
[2021-04-19T11:04:01.318-0700][gc,phases    ] GC(22)   Post Evacuate Collection Set: 1.0ms
[2021-04-19T11:04:01.318-0700][gc,phases    ] GC(22)   Other: 0.3ms
[2021-04-19T11:04:01.319-0700][gc,heap      ] GC(22) Eden regions: 306->0(306)
[2021-04-19T11:04:01.319-0700][gc,heap      ] GC(22) Survivor regions: 1->1(39)
[2021-04-19T11:04:01.319-0700][gc,heap      ] GC(22) Old regions: 8->8
[2021-04-19T11:04:01.319-0700][gc,heap      ] GC(22) Humongous regions: 0->0
[2021-04-19T11:04:01.319-0700][gc,metaspace ] GC(22) Metaspace: 8516K->8516K(1056768K)
[2021-04-19T11:04:01.319-0700][gc           ] GC(22) Pause Young (Normal) (G1 Evacuation Pause) 312M->6M(512M) 4.357ms
[2021-04-19T11:04:01.319-0700][gc,cpu       ] GC(22) User=0.02s Sys=0.00s Real=0.01s
[2021-04-19T15:17:41.038-0700][gc,start     ] GC(23) Pause Young (Normal) (G1 Evacuation Pause)
[2021-04-19T15:17:41.038-0700][gc,task      ] GC(23) Using 8 workers of 8 for evacuation
[2021-04-19T15:17:41.041-0700][gc,phases    ] GC(23)   Pre Evacuate Collection Set: 0.0ms
[2021-04-19T15:17:41.041-0700][gc,phases    ] GC(23)   Evacuate Collection Set: 1.7ms
[2021-04-19T15:17:41.041-0700][gc,phases    ] GC(23)   Post Evacuate Collection Set: 0.9ms
[2021-04-19T15:17:41.041-0700][gc,phases    ] GC(23)   Other: 0.3ms
[2021-04-19T15:17:41.041-0700][gc,heap      ] GC(23) Eden regions: 306->0(306)
[2021-04-19T15:17:41.041-0700][gc,heap      ] GC(23) Survivor regions: 1->1(39)
[2021-04-19T15:17:41.041-0700][gc,heap      ] GC(23) Old regions: 8->8
[2021-04-19T15:17:41.041-0700][gc,heap      ] GC(23) Humongous regions: 0->0
[2021-04-19T15:17:41.041-0700][gc,metaspace ] GC(23) Metaspace: 8517K->8517K(1056768K)
[2021-04-19T15:17:41.042-0700][gc           ] GC(23) Pause Young (Normal) (G1 Evacuation Pause) 312M->6M(512M) 3.182ms
[2021-04-19T15:17:41.042-0700][gc,cpu       ] GC(23) User=0.01s Sys=0.01s Real=0.00s
[2021-04-19T18:41:06.749-0700][gc,start     ] GC(24) Pause Young (Normal) (G1 Evacuation Pause)
[2021-04-19T18:41:06.749-0700][gc,task      ] GC(24) Using 8 workers of 8 for evacuation
[2021-04-19T18:41:06.752-0700][gc,phases    ] GC(24)   Pre Evacuate Collection Set: 0.0ms
[2021-04-19T18:41:06.752-0700][gc,phases    ] GC(24)   Evacuate Collection Set: 1.3ms
[2021-04-19T18:41:06.752-0700][gc,phases    ] GC(24)   Post Evacuate Collection Set: 0.9ms
[2021-04-19T18:41:06.752-0700][gc,phases    ] GC(24)   Other: 0.3ms
[2021-04-19T18:41:06.752-0700][gc,heap      ] GC(24) Eden regions: 306->0(306)
[2021-04-19T18:41:06.752-0700][gc,heap      ] GC(24) Survivor regions: 1->1(39)
[2021-04-19T18:41:06.752-0700][gc,heap      ] GC(24) Old regions: 8->8
[2021-04-19T18:41:06.752-0700][gc,heap      ] GC(24) Humongous regions: 0->0
[2021-04-19T18:41:06.752-0700][gc,metaspace ] GC(24) Metaspace: 8519K->8519K(1056768K)
[2021-04-19T18:41:06.752-0700][gc           ] GC(24) Pause Young (Normal) (G1 Evacuation Pause) 312M->6M(512M) 2.783ms
[2021-04-19T18:41:06.752-0700][gc,cpu       ] GC(24) User=0.01s Sys=0.01s Real=0.00s
[2021-04-19T21:46:43.974-0700][gc,start     ] GC(25) Pause Young (Normal) (G1 Evacuation Pause)
[2021-04-19T21:46:43.974-0700][gc,task      ] GC(25) Using 8 workers of 8 for evacuation
[2021-04-19T21:46:43.975-0700][gc,phases    ] GC(25)   Pre Evacuate Collection Set: 0.0ms
[2021-04-19T21:46:43.975-0700][gc,phases    ] GC(25)   Evacuate Collection Set: 0.5ms
[2021-04-19T21:46:43.975-0700][gc,phases    ] GC(25)   Post Evacuate Collection Set: 0.3ms
[2021-04-19T21:46:43.975-0700][gc,phases    ] GC(25)   Other: 0.2ms
[2021-04-19T21:46:43.975-0700][gc,heap      ] GC(25) Eden regions: 306->0(306)
[2021-04-19T21:46:43.975-0700][gc,heap      ] GC(25) Survivor regions: 1->1(39)
[2021-04-19T21:46:43.975-0700][gc,heap      ] GC(25) Old regions: 8->8
[2021-04-19T21:46:43.975-0700][gc,heap      ] GC(25) Humongous regions: 0->0
[2021-04-19T21:46:43.975-0700][gc,metaspace ] GC(25) Metaspace: 8520K->8520K(1056768K)
[2021-04-19T21:46:43.975-0700][gc           ] GC(25) Pause Young (Normal) (G1 Evacuation Pause) 312M->6M(512M) 1.069ms
[2021-04-19T21:46:43.975-0700][gc,cpu       ] GC(25) User=0.00s Sys=0.00s Real=0.00s
[2021-04-20T13:48:52.681-0700][gc,start     ] GC(26) Pause Young (Normal) (G1 Evacuation Pause)
[2021-04-20T13:48:52.682-0700][gc,task      ] GC(26) Using 8 workers of 8 for evacuation
[2021-04-20T13:48:52.684-0700][gc,phases    ] GC(26)   Pre Evacuate Collection Set: 0.0ms
[2021-04-20T13:48:52.684-0700][gc,phases    ] GC(26)   Evacuate Collection Set: 1.3ms
[2021-04-20T13:48:52.684-0700][gc,phases    ] GC(26)   Post Evacuate Collection Set: 0.9ms
[2021-04-20T13:48:52.684-0700][gc,phases    ] GC(26)   Other: 0.4ms
[2021-04-20T13:48:52.684-0700][gc,heap      ] GC(26) Eden regions: 306->0(306)
[2021-04-20T13:48:52.684-0700][gc,heap      ] GC(26) Survivor regions: 1->1(39)
[2021-04-20T13:48:52.684-0700][gc,heap      ] GC(26) Old regions: 8->8
[2021-04-20T13:48:52.684-0700][gc,heap      ] GC(26) Humongous regions: 0->0
[2021-04-20T13:48:52.684-0700][gc,metaspace ] GC(26) Metaspace: 8521K->8521K(1056768K)
[2021-04-20T13:48:52.684-0700][gc           ] GC(26) Pause Young (Normal) (G1 Evacuation Pause) 312M->6M(512M) 2.788ms
[2021-04-20T13:48:52.684-0700][gc,cpu       ] GC(26) User=0.00s Sys=0.01s Real=0.00s
[2021-04-20T16:41:04.564-0700][gc,start     ] GC(27) Pause Young (Normal) (G1 Evacuation Pause)
[2021-04-20T16:41:04.564-0700][gc,task      ] GC(27) Using 8 workers of 8 for evacuation
[2021-04-20T16:41:04.566-0700][gc,phases    ] GC(27)   Pre Evacuate Collection Set: 0.0ms
[2021-04-20T16:41:04.567-0700][gc,phases    ] GC(27)   Evacuate Collection Set: 1.5ms
[2021-04-20T16:41:04.567-0700][gc,phases    ] GC(27)   Post Evacuate Collection Set: 1.0ms
[2021-04-20T16:41:04.567-0700][gc,phases    ] GC(27)   Other: 0.4ms
[2021-04-20T16:41:04.567-0700][gc,heap      ] GC(27) Eden regions: 306->0(306)
[2021-04-20T16:41:04.567-0700][gc,heap      ] GC(27) Survivor regions: 1->1(39)
[2021-04-20T16:41:04.567-0700][gc,heap      ] GC(27) Old regions: 8->8
[2021-04-20T16:41:04.567-0700][gc,heap      ] GC(27) Humongous regions: 0->0
[2021-04-20T16:41:04.567-0700][gc,metaspace ] GC(27) Metaspace: 8521K->8521K(1056768K)
[2021-04-20T16:41:04.567-0700][gc           ] GC(27) Pause Young (Normal) (G1 Evacuation Pause) 312M->6M(512M) 3.079ms
[2021-04-20T16:41:04.567-0700][gc,cpu       ] GC(27) User=0.02s Sys=0.00s Real=0.00s
[2021-04-21T16:52:27.310-0700][gc,start     ] GC(28) Pause Young (Normal) (G1 Evacuation Pause)
[2021-04-21T16:52:27.328-0700][gc,task      ] GC(28) Using 8 workers of 8 for evacuation
[2021-04-21T16:52:27.329-0700][gc,phases    ] GC(28)   Pre Evacuate Collection Set: 0.0ms
[2021-04-21T16:52:27.329-0700][gc,phases    ] GC(28)   Evacuate Collection Set: 0.9ms
[2021-04-21T16:52:27.329-0700][gc,phases    ] GC(28)   Post Evacuate Collection Set: 0.4ms
[2021-04-21T16:52:27.329-0700][gc,phases    ] GC(28)   Other: 18.1ms
[2021-04-21T16:52:27.329-0700][gc,heap      ] GC(28) Eden regions: 306->0(306)
[2021-04-21T16:52:27.329-0700][gc,heap      ] GC(28) Survivor regions: 1->1(39)
[2021-04-21T16:52:27.329-0700][gc,heap      ] GC(28) Old regions: 8->8
[2021-04-21T16:52:27.329-0700][gc,heap      ] GC(28) Humongous regions: 0->0
[2021-04-21T16:52:27.329-0700][gc,metaspace ] GC(28) Metaspace: 8522K->8522K(1056768K)
[2021-04-21T16:52:27.329-0700][gc           ] GC(28) Pause Young (Normal) (G1 Evacuation Pause) 312M->6M(512M) 19.532ms
[2021-04-21T16:52:27.329-0700][gc,cpu       ] GC(28) User=0.01s Sys=0.00s Real=0.02s
[2021-04-21T18:30:43.553-0700][gc,heap,exit ] Heap
[2021-04-21T18:30:43.553-0700][gc,heap,exit ]  garbage-first heap   total 524288K, used 205387K [0x00000000e0000000, 0x0000000100000000)
[2021-04-21T18:30:43.553-0700][gc,heap,exit ]   region size 1024K, 196 young (200704K), 1 survivors (1024K)
[2021-04-21T18:30:43.553-0700][gc,heap,exit ]  Metaspace       used 8533K, capacity 8847K, committed 8960K, reserved 1056768K
[2021-04-21T18:30:43.553-0700][gc,heap,exit ]   class space    used 902K, capacity 1015K, committed 1024K, reserved 1048576K
