[2021-04-16T00:32:45.035-0700][gc,heap] Heap region size: 1M
[2021-04-16T00:32:45.041-0700][gc     ] Using G1
[2021-04-16T00:32:45.041-0700][gc,heap,coops] Heap address: 0x00000000e0000000, size: 512 MB, Compressed Oops mode: 32-bit
[2021-04-16T00:32:45.041-0700][gc,cds       ] Mark closed archive regions in map: [0x00000000fff00000, 0x00000000fff6aff8]
[2021-04-16T00:32:45.041-0700][gc,cds       ] Mark open archive regions in map: [0x00000000ffe00000, 0x00000000ffe46ff8]
[2021-04-16T00:32:54.210-0700][gc,start     ] GC(0) Pause Young (Normal) (G1 Evacuation Pause)
[2021-04-16T00:32:54.212-0700][gc,task      ] GC(0) Using 8 workers of 8 for evacuation
[2021-04-16T00:32:54.235-0700][gc,mmu       ] GC(0) MMU target violated: 21.0ms (20.0ms/21.0ms)
[2021-04-16T00:32:54.235-0700][gc,phases    ] GC(0)   Pre Evacuate Collection Set: 0.0ms
[2021-04-16T00:32:54.235-0700][gc,phases    ] GC(0)   Evacuate Collection Set: 22.3ms
[2021-04-16T00:32:54.235-0700][gc,phases    ] GC(0)   Post Evacuate Collection Set: 0.7ms
[2021-04-16T00:32:54.235-0700][gc,phases    ] GC(0)   Other: 2.6ms
[2021-04-16T00:32:54.235-0700][gc,heap      ] GC(0) Eden regions: 25->0(21)
[2021-04-16T00:32:54.235-0700][gc,heap      ] GC(0) Survivor regions: 0->4(4)
[2021-04-16T00:32:54.235-0700][gc,heap      ] GC(0) Old regions: 2->4
[2021-04-16T00:32:54.235-0700][gc,heap      ] GC(0) Humongous regions: 0->0
[2021-04-16T00:32:54.235-0700][gc,metaspace ] GC(0) Metaspace: 7689K->7689K(1056768K)
[2021-04-16T00:32:54.235-0700][gc           ] GC(0) Pause Young (Normal) (G1 Evacuation Pause) 25M->5M(512M) 25.674ms
[2021-04-16T00:32:54.235-0700][gc,cpu       ] GC(0) User=0.16s Sys=0.01s Real=0.02s
[2021-04-16T01:15:26.945-0700][gc,start     ] GC(1) Pause Young (Normal) (G1 Evacuation Pause)
[2021-04-16T01:15:26.945-0700][gc,task      ] GC(1) Using 8 workers of 8 for evacuation
[2021-04-16T01:15:26.954-0700][gc,phases    ] GC(1)   Pre Evacuate Collection Set: 0.0ms
[2021-04-16T01:15:26.954-0700][gc,phases    ] GC(1)   Evacuate Collection Set: 8.6ms
[2021-04-16T01:15:26.954-0700][gc,phases    ] GC(1)   Post Evacuate Collection Set: 0.3ms
[2021-04-16T01:15:26.954-0700][gc,phases    ] GC(1)   Other: 0.3ms
[2021-04-16T01:15:26.954-0700][gc,heap      ] GC(1) Eden regions: 21->0(24)
[2021-04-16T01:15:26.954-0700][gc,heap      ] GC(1) Survivor regions: 4->1(4)
[2021-04-16T01:15:26.954-0700][gc,heap      ] GC(1) Old regions: 4->8
[2021-04-16T01:15:26.954-0700][gc,heap      ] GC(1) Humongous regions: 0->0
[2021-04-16T01:15:26.954-0700][gc,metaspace ] GC(1) Metaspace: 8450K->8450K(1056768K)
[2021-04-16T01:15:26.954-0700][gc           ] GC(1) Pause Young (Normal) (G1 Evacuation Pause) 26M->6M(512M) 9.259ms
[2021-04-16T01:15:26.954-0700][gc,cpu       ] GC(1) User=0.06s Sys=0.01s Real=0.01s
[2021-04-16T01:46:27.467-0700][gc,start     ] GC(2) Pause Young (Normal) (G1 Evacuation Pause)
[2021-04-16T01:46:27.467-0700][gc,task      ] GC(2) Using 8 workers of 8 for evacuation
[2021-04-16T01:46:27.470-0700][gc,phases    ] GC(2)   Pre Evacuate Collection Set: 0.0ms
[2021-04-16T01:46:27.470-0700][gc,phases    ] GC(2)   Evacuate Collection Set: 2.2ms
[2021-04-16T01:46:27.470-0700][gc,phases    ] GC(2)   Post Evacuate Collection Set: 0.6ms
[2021-04-16T01:46:27.470-0700][gc,phases    ] GC(2)   Other: 0.3ms
[2021-04-16T01:46:27.470-0700][gc,heap      ] GC(2) Eden regions: 24->0(24)
[2021-04-16T01:46:27.470-0700][gc,heap      ] GC(2) Survivor regions: 1->1(4)
[2021-04-16T01:46:27.470-0700][gc,heap      ] GC(2) Old regions: 8->8
[2021-04-16T01:46:27.470-0700][gc,heap      ] GC(2) Humongous regions: 0->0
[2021-04-16T01:46:27.470-0700][gc,metaspace ] GC(2) Metaspace: 8452K->8452K(1056768K)
[2021-04-16T01:46:27.470-0700][gc           ] GC(2) Pause Young (Normal) (G1 Evacuation Pause) 30M->6M(512M) 3.327ms
[2021-04-16T01:46:27.470-0700][gc,cpu       ] GC(2) User=0.02s Sys=0.00s Real=0.01s
[2021-04-16T02:19:34.427-0700][gc,start     ] GC(3) Pause Young (Normal) (G1 Evacuation Pause)
[2021-04-16T02:19:34.427-0700][gc,task      ] GC(3) Using 8 workers of 8 for evacuation
[2021-04-16T02:19:34.431-0700][gc,phases    ] GC(3)   Pre Evacuate Collection Set: 0.0ms
[2021-04-16T02:19:34.431-0700][gc,phases    ] GC(3)   Evacuate Collection Set: 3.9ms
[2021-04-16T02:19:34.431-0700][gc,phases    ] GC(3)   Post Evacuate Collection Set: 0.6ms
[2021-04-16T02:19:34.432-0700][gc,phases    ] GC(3)   Other: 0.3ms
[2021-04-16T02:19:34.432-0700][gc,heap      ] GC(3) Eden regions: 24->0(24)
[2021-04-16T02:19:34.432-0700][gc,heap      ] GC(3) Survivor regions: 1->1(4)
[2021-04-16T02:19:34.432-0700][gc,heap      ] GC(3) Old regions: 8->8
[2021-04-16T02:19:34.432-0700][gc,heap      ] GC(3) Humongous regions: 0->0
[2021-04-16T02:19:34.432-0700][gc,metaspace ] GC(3) Metaspace: 8453K->8453K(1056768K)
[2021-04-16T02:19:34.432-0700][gc           ] GC(3) Pause Young (Normal) (G1 Evacuation Pause) 30M->6M(512M) 5.100ms
[2021-04-16T02:19:34.432-0700][gc,cpu       ] GC(3) User=0.03s Sys=0.00s Real=0.01s
[2021-04-16T02:53:12.549-0700][gc,start     ] GC(4) Pause Young (Normal) (G1 Evacuation Pause)
[2021-04-16T02:53:12.549-0700][gc,task      ] GC(4) Using 8 workers of 8 for evacuation
[2021-04-16T02:53:12.553-0700][gc,phases    ] GC(4)   Pre Evacuate Collection Set: 0.0ms
[2021-04-16T02:53:12.553-0700][gc,phases    ] GC(4)   Evacuate Collection Set: 2.9ms
[2021-04-16T02:53:12.553-0700][gc,phases    ] GC(4)   Post Evacuate Collection Set: 0.7ms
[2021-04-16T02:53:12.553-0700][gc,phases    ] GC(4)   Other: 0.3ms
[2021-04-16T02:53:12.553-0700][gc,heap      ] GC(4) Eden regions: 24->0(24)
[2021-04-16T02:53:12.553-0700][gc,heap      ] GC(4) Survivor regions: 1->1(4)
[2021-04-16T02:53:12.553-0700][gc,heap      ] GC(4) Old regions: 8->8
[2021-04-16T02:53:12.553-0700][gc,heap      ] GC(4) Humongous regions: 0->0
[2021-04-16T02:53:12.553-0700][gc,metaspace ] GC(4) Metaspace: 8457K->8457K(1056768K)
[2021-04-16T02:53:12.553-0700][gc           ] GC(4) Pause Young (Normal) (G1 Evacuation Pause) 30M->6M(512M) 4.086ms
[2021-04-16T02:53:12.553-0700][gc,cpu       ] GC(4) User=0.01s Sys=0.01s Real=0.00s
[2021-04-16T03:26:51.660-0700][gc,start     ] GC(5) Pause Young (Normal) (G1 Evacuation Pause)
[2021-04-16T03:26:51.661-0700][gc,task      ] GC(5) Using 8 workers of 8 for evacuation
[2021-04-16T03:26:51.664-0700][gc,phases    ] GC(5)   Pre Evacuate Collection Set: 0.0ms
[2021-04-16T03:26:51.664-0700][gc,phases    ] GC(5)   Evacuate Collection Set: 2.9ms
[2021-04-16T03:26:51.664-0700][gc,phases    ] GC(5)   Post Evacuate Collection Set: 0.6ms
[2021-04-16T03:26:51.664-0700][gc,phases    ] GC(5)   Other: 0.3ms
[2021-04-16T03:26:51.664-0700][gc,heap      ] GC(5) Eden regions: 24->0(28)
[2021-04-16T03:26:51.664-0700][gc,heap      ] GC(5) Survivor regions: 1->1(4)
[2021-04-16T03:26:51.664-0700][gc,heap      ] GC(5) Old regions: 8->8
[2021-04-16T03:26:51.664-0700][gc,heap      ] GC(5) Humongous regions: 0->0
[2021-04-16T03:26:51.664-0700][gc,metaspace ] GC(5) Metaspace: 8461K->8461K(1056768K)
[2021-04-16T03:26:51.664-0700][gc           ] GC(5) Pause Young (Normal) (G1 Evacuation Pause) 30M->6M(512M) 3.990ms
[2021-04-16T03:26:51.664-0700][gc,cpu       ] GC(5) User=0.02s Sys=0.01s Real=0.00s
[2021-04-16T04:06:04.867-0700][gc,start     ] GC(6) Pause Young (Normal) (G1 Evacuation Pause)
[2021-04-16T04:06:04.867-0700][gc,task      ] GC(6) Using 8 workers of 8 for evacuation
[2021-04-16T04:06:04.870-0700][gc,phases    ] GC(6)   Pre Evacuate Collection Set: 0.0ms
[2021-04-16T04:06:04.870-0700][gc,phases    ] GC(6)   Evacuate Collection Set: 2.6ms
[2021-04-16T04:06:04.870-0700][gc,phases    ] GC(6)   Post Evacuate Collection Set: 0.3ms
[2021-04-16T04:06:04.870-0700][gc,phases    ] GC(6)   Other: 0.3ms
[2021-04-16T04:06:04.870-0700][gc,heap      ] GC(6) Eden regions: 28->0(34)
[2021-04-16T04:06:04.870-0700][gc,heap      ] GC(6) Survivor regions: 1->1(4)
[2021-04-16T04:06:04.870-0700][gc,heap      ] GC(6) Old regions: 8->8
[2021-04-16T04:06:04.870-0700][gc,heap      ] GC(6) Humongous regions: 0->0
[2021-04-16T04:06:04.870-0700][gc,metaspace ] GC(6) Metaspace: 8461K->8461K(1056768K)
[2021-04-16T04:06:04.870-0700][gc           ] GC(6) Pause Young (Normal) (G1 Evacuation Pause) 34M->6M(512M) 3.206ms
[2021-04-16T04:06:04.870-0700][gc,cpu       ] GC(6) User=0.02s Sys=0.00s Real=0.01s
[2021-04-16T04:54:07.707-0700][gc,start     ] GC(7) Pause Young (Normal) (G1 Evacuation Pause)
[2021-04-16T04:54:07.707-0700][gc,task      ] GC(7) Using 8 workers of 8 for evacuation
[2021-04-16T04:54:07.711-0700][gc,phases    ] GC(7)   Pre Evacuate Collection Set: 0.0ms
[2021-04-16T04:54:07.711-0700][gc,phases    ] GC(7)   Evacuate Collection Set: 3.0ms
[2021-04-16T04:54:07.711-0700][gc,phases    ] GC(7)   Post Evacuate Collection Set: 0.6ms
[2021-04-16T04:54:07.711-0700][gc,phases    ] GC(7)   Other: 0.3ms
[2021-04-16T04:54:07.711-0700][gc,heap      ] GC(7) Eden regions: 34->0(44)
[2021-04-16T04:54:07.711-0700][gc,heap      ] GC(7) Survivor regions: 1->1(5)
[2021-04-16T04:54:07.711-0700][gc,heap      ] GC(7) Old regions: 8->8
[2021-04-16T04:54:07.711-0700][gc,heap      ] GC(7) Humongous regions: 0->0
[2021-04-16T04:54:07.711-0700][gc,metaspace ] GC(7) Metaspace: 8462K->8462K(1056768K)
[2021-04-16T04:54:07.711-0700][gc           ] GC(7) Pause Young (Normal) (G1 Evacuation Pause) 40M->6M(512M) 4.157ms
[2021-04-16T04:54:07.711-0700][gc,cpu       ] GC(7) User=0.03s Sys=0.00s Real=0.01s
[2021-04-16T05:56:19.419-0700][gc,start     ] GC(8) Pause Young (Normal) (G1 Evacuation Pause)
[2021-04-16T05:56:19.419-0700][gc,task      ] GC(8) Using 8 workers of 8 for evacuation
[2021-04-16T05:56:19.423-0700][gc,phases    ] GC(8)   Pre Evacuate Collection Set: 0.0ms
[2021-04-16T05:56:19.423-0700][gc,phases    ] GC(8)   Evacuate Collection Set: 3.0ms
[2021-04-16T05:56:19.423-0700][gc,phases    ] GC(8)   Post Evacuate Collection Set: 0.6ms
[2021-04-16T05:56:19.423-0700][gc,phases    ] GC(8)   Other: 0.3ms
[2021-04-16T05:56:19.423-0700][gc,heap      ] GC(8) Eden regions: 44->0(57)
[2021-04-16T05:56:19.423-0700][gc,heap      ] GC(8) Survivor regions: 1->1(6)
[2021-04-16T05:56:19.423-0700][gc,heap      ] GC(8) Old regions: 8->8
[2021-04-16T05:56:19.423-0700][gc,heap      ] GC(8) Humongous regions: 0->0
[2021-04-16T05:56:19.423-0700][gc,metaspace ] GC(8) Metaspace: 8462K->8462K(1056768K)
[2021-04-16T05:56:19.423-0700][gc           ] GC(8) Pause Young (Normal) (G1 Evacuation Pause) 50M->6M(512M) 4.207ms
[2021-04-16T05:56:19.423-0700][gc,cpu       ] GC(8) User=0.03s Sys=0.00s Real=0.00s
[2021-04-16T07:16:21.478-0700][gc,start     ] GC(9) Pause Young (Normal) (G1 Evacuation Pause)
[2021-04-16T07:16:21.478-0700][gc,task      ] GC(9) Using 8 workers of 8 for evacuation
[2021-04-16T07:16:21.482-0700][gc,phases    ] GC(9)   Pre Evacuate Collection Set: 0.0ms
[2021-04-16T07:16:21.482-0700][gc,phases    ] GC(9)   Evacuate Collection Set: 3.0ms
[2021-04-16T07:16:21.482-0700][gc,phases    ] GC(9)   Post Evacuate Collection Set: 0.6ms
[2021-04-16T07:16:21.482-0700][gc,phases    ] GC(9)   Other: 0.3ms
[2021-04-16T07:16:21.482-0700][gc,heap      ] GC(9) Eden regions: 57->0(73)
[2021-04-16T07:16:21.482-0700][gc,heap      ] GC(9) Survivor regions: 1->1(8)
[2021-04-16T07:16:21.482-0700][gc,heap      ] GC(9) Old regions: 8->8
[2021-04-16T07:16:21.482-0700][gc,heap      ] GC(9) Humongous regions: 0->0
[2021-04-16T07:16:21.482-0700][gc,metaspace ] GC(9) Metaspace: 8479K->8479K(1056768K)
[2021-04-16T07:16:21.482-0700][gc           ] GC(9) Pause Young (Normal) (G1 Evacuation Pause) 63M->6M(512M) 4.064ms
[2021-04-16T07:16:21.482-0700][gc,cpu       ] GC(9) User=0.02s Sys=0.00s Real=0.00s
[2021-04-16T08:59:45.057-0700][gc,start     ] GC(10) Pause Young (Normal) (G1 Evacuation Pause)
[2021-04-16T08:59:45.057-0700][gc,task      ] GC(10) Using 8 workers of 8 for evacuation
[2021-04-16T08:59:45.060-0700][gc,phases    ] GC(10)   Pre Evacuate Collection Set: 0.1ms
[2021-04-16T08:59:45.061-0700][gc,phases    ] GC(10)   Evacuate Collection Set: 3.0ms
[2021-04-16T08:59:45.061-0700][gc,phases    ] GC(10)   Post Evacuate Collection Set: 0.6ms
[2021-04-16T08:59:45.061-0700][gc,phases    ] GC(10)   Other: 0.3ms
[2021-04-16T08:59:45.061-0700][gc,heap      ] GC(10) Eden regions: 73->0(92)
[2021-04-16T08:59:45.061-0700][gc,heap      ] GC(10) Survivor regions: 1->1(10)
[2021-04-16T08:59:45.061-0700][gc,heap      ] GC(10) Old regions: 8->8
[2021-04-16T08:59:45.061-0700][gc,heap      ] GC(10) Humongous regions: 0->0
[2021-04-16T08:59:45.061-0700][gc,metaspace ] GC(10) Metaspace: 8479K->8479K(1056768K)
[2021-04-16T08:59:45.061-0700][gc           ] GC(10) Pause Young (Normal) (G1 Evacuation Pause) 79M->6M(512M) 4.273ms
[2021-04-16T08:59:45.061-0700][gc,cpu       ] GC(10) User=0.01s Sys=0.01s Real=0.01s
[2021-04-16T11:17:04.571-0700][gc,start     ] GC(11) Pause Young (Normal) (G1 Evacuation Pause)
[2021-04-16T11:17:04.571-0700][gc,task      ] GC(11) Using 8 workers of 8 for evacuation
[2021-04-16T11:17:04.574-0700][gc,phases    ] GC(11)   Pre Evacuate Collection Set: 0.0ms
[2021-04-16T11:17:04.574-0700][gc,phases    ] GC(11)   Evacuate Collection Set: 2.6ms
[2021-04-16T11:17:04.574-0700][gc,phases    ] GC(11)   Post Evacuate Collection Set: 0.3ms
[2021-04-16T11:17:04.574-0700][gc,phases    ] GC(11)   Other: 0.3ms
[2021-04-16T11:17:04.574-0700][gc,heap      ] GC(11) Eden regions: 92->0(114)
[2021-04-16T11:17:04.574-0700][gc,heap      ] GC(11) Survivor regions: 1->1(12)
[2021-04-16T11:17:04.574-0700][gc,heap      ] GC(11) Old regions: 8->8
[2021-04-16T11:17:04.574-0700][gc,heap      ] GC(11) Humongous regions: 0->0
[2021-04-16T11:17:04.574-0700][gc,metaspace ] GC(11) Metaspace: 8479K->8479K(1056768K)
[2021-04-16T11:17:04.574-0700][gc           ] GC(11) Pause Young (Normal) (G1 Evacuation Pause) 98M->6M(512M) 3.194ms
[2021-04-16T11:17:04.574-0700][gc,cpu       ] GC(11) User=0.02s Sys=0.00s Real=0.00s
[2021-04-16T14:04:35.962-0700][gc,start     ] GC(12) Pause Young (Normal) (G1 Evacuation Pause)
[2021-04-16T14:04:35.962-0700][gc,task      ] GC(12) Using 8 workers of 8 for evacuation
[2021-04-16T14:04:35.967-0700][gc,phases    ] GC(12)   Pre Evacuate Collection Set: 0.0ms
[2021-04-16T14:04:35.967-0700][gc,phases    ] GC(12)   Evacuate Collection Set: 4.1ms
[2021-04-16T14:04:35.967-0700][gc,phases    ] GC(12)   Post Evacuate Collection Set: 0.7ms
[2021-04-16T14:04:35.967-0700][gc,phases    ] GC(12)   Other: 0.3ms
[2021-04-16T14:04:35.967-0700][gc,heap      ] GC(12) Eden regions: 114->0(138)
[2021-04-16T14:04:35.967-0700][gc,heap      ] GC(12) Survivor regions: 1->1(15)
[2021-04-16T14:04:35.967-0700][gc,heap      ] GC(12) Old regions: 8->8
[2021-04-16T14:04:35.967-0700][gc,heap      ] GC(12) Humongous regions: 0->0
[2021-04-16T14:04:35.967-0700][gc,metaspace ] GC(12) Metaspace: 8483K->8483K(1056768K)
[2021-04-16T14:04:35.968-0700][gc           ] GC(12) Pause Young (Normal) (G1 Evacuation Pause) 120M->6M(512M) 5.381ms
[2021-04-16T14:04:35.968-0700][gc,cpu       ] GC(12) User=0.03s Sys=0.00s Real=0.00s
[2021-04-16T17:14:26.655-0700][gc,start     ] GC(13) Pause Young (Normal) (G1 Evacuation Pause)
[2021-04-16T17:14:26.655-0700][gc,task      ] GC(13) Using 8 workers of 8 for evacuation
[2021-04-16T17:14:26.659-0700][gc,phases    ] GC(13)   Pre Evacuate Collection Set: 0.0ms
[2021-04-16T17:14:26.659-0700][gc,phases    ] GC(13)   Evacuate Collection Set: 3.2ms
[2021-04-16T17:14:26.659-0700][gc,phases    ] GC(13)   Post Evacuate Collection Set: 0.7ms
[2021-04-16T17:14:26.659-0700][gc,phases    ] GC(13)   Other: 0.3ms
[2021-04-16T17:14:26.659-0700][gc,heap      ] GC(13) Eden regions: 138->0(161)
[2021-04-16T17:14:26.659-0700][gc,heap      ] GC(13) Survivor regions: 1->1(18)
[2021-04-16T17:14:26.659-0700][gc,heap      ] GC(13) Old regions: 8->8
[2021-04-16T17:14:26.659-0700][gc,heap      ] GC(13) Humongous regions: 0->0
[2021-04-16T17:14:26.659-0700][gc,metaspace ] GC(13) Metaspace: 8489K->8489K(1056768K)
[2021-04-16T17:14:26.659-0700][gc           ] GC(13) Pause Young (Normal) (G1 Evacuation Pause) 144M->6M(512M) 4.378ms
[2021-04-16T17:14:26.659-0700][gc,cpu       ] GC(13) User=0.03s Sys=0.00s Real=0.01s
[2021-04-16T21:03:37.653-0700][gc,start     ] GC(14) Pause Young (Normal) (G1 Evacuation Pause)
[2021-04-16T21:03:37.653-0700][gc,task      ] GC(14) Using 8 workers of 8 for evacuation
[2021-04-16T21:03:37.658-0700][gc,phases    ] GC(14)   Pre Evacuate Collection Set: 0.0ms
[2021-04-16T21:03:37.658-0700][gc,phases    ] GC(14)   Evacuate Collection Set: 3.9ms
[2021-04-16T21:03:37.658-0700][gc,phases    ] GC(14)   Post Evacuate Collection Set: 0.7ms
[2021-04-16T21:03:37.658-0700][gc,phases    ] GC(14)   Other: 0.3ms
[2021-04-16T21:03:37.658-0700][gc,heap      ] GC(14) Eden regions: 161->0(182)
[2021-04-16T21:03:37.658-0700][gc,heap      ] GC(14) Survivor regions: 1->1(21)
[2021-04-16T21:03:37.658-0700][gc,heap      ] GC(14) Old regions: 8->8
[2021-04-16T21:03:37.658-0700][gc,heap      ] GC(14) Humongous regions: 0->0
[2021-04-16T21:03:37.658-0700][gc,metaspace ] GC(14) Metaspace: 8489K->8489K(1056768K)
[2021-04-16T21:03:37.659-0700][gc           ] GC(14) Pause Young (Normal) (G1 Evacuation Pause) 167M->6M(512M) 5.230ms
[2021-04-16T21:03:37.659-0700][gc,cpu       ] GC(14) User=0.03s Sys=0.00s Real=0.01s
[2021-04-17T01:23:07.074-0700][gc,start     ] GC(15) Pause Young (Normal) (G1 Evacuation Pause)
[2021-04-17T01:23:07.074-0700][gc,task      ] GC(15) Using 8 workers of 8 for evacuation
[2021-04-17T01:23:07.079-0700][gc,phases    ] GC(15)   Pre Evacuate Collection Set: 0.0ms
[2021-04-17T01:23:07.079-0700][gc,phases    ] GC(15)   Evacuate Collection Set: 3.2ms
[2021-04-17T01:23:07.079-0700][gc,phases    ] GC(15)   Post Evacuate Collection Set: 1.0ms
[2021-04-17T01:23:07.079-0700][gc,phases    ] GC(15)   Other: 0.3ms
[2021-04-17T01:23:07.079-0700][gc,heap      ] GC(15) Eden regions: 182->0(203)
[2021-04-17T01:23:07.079-0700][gc,heap      ] GC(15) Survivor regions: 1->1(23)
[2021-04-17T01:23:07.079-0700][gc,heap      ] GC(15) Old regions: 8->8
[2021-04-17T01:23:07.079-0700][gc,heap      ] GC(15) Humongous regions: 0->0
[2021-04-17T01:23:07.079-0700][gc,metaspace ] GC(15) Metaspace: 8494K->8494K(1056768K)
[2021-04-17T01:23:07.079-0700][gc           ] GC(15) Pause Young (Normal) (G1 Evacuation Pause) 188M->6M(512M) 4.722ms
[2021-04-17T01:23:07.079-0700][gc,cpu       ] GC(15) User=0.03s Sys=0.00s Real=0.01s
[2021-04-17T04:12:04.496-0700][gc,heap,exit ] Heap
[2021-04-17T04:12:04.496-0700][gc,heap,exit ]  garbage-first heap   total 524288K, used 124446K [0x00000000e0000000, 0x0000000100000000)
[2021-04-17T04:12:04.496-0700][gc,heap,exit ]   region size 1024K, 117 young (119808K), 1 survivors (1024K)
[2021-04-17T04:12:04.496-0700][gc,heap,exit ]  Metaspace       used 8504K, capacity 8783K, committed 8960K, reserved 1056768K
[2021-04-17T04:12:04.496-0700][gc,heap,exit ]   class space    used 902K, capacity 1015K, committed 1024K, reserved 1048576K
