[2021-04-17T04:26:06.192-0700][gc,heap] Heap region size: 1M
[2021-04-17T04:26:06.204-0700][gc     ] Using G1
[2021-04-17T04:26:06.204-0700][gc,heap,coops] Heap address: 0x00000000e0000000, size: 512 MB, Compressed Oops mode: 32-bit
[2021-04-17T04:26:06.205-0700][gc,cds       ] Mark closed archive regions in map: [0x00000000fff00000, 0x00000000fff6aff8]
[2021-04-17T04:26:06.205-0700][gc,cds       ] Mark open archive regions in map: [0x00000000ffe00000, 0x00000000ffe46ff8]
[2021-04-17T04:26:13.502-0700][gc,start     ] GC(0) Pause Young (Normal) (G1 Evacuation Pause)
[2021-04-17T04:26:13.504-0700][gc,task      ] GC(0) Using 8 workers of 8 for evacuation
[2021-04-17T04:26:13.531-0700][gc,mmu       ] GC(0) MMU target violated: 21.0ms (20.0ms/21.0ms)
[2021-04-17T04:26:13.531-0700][gc,phases    ] GC(0)   Pre Evacuate Collection Set: 0.0ms
[2021-04-17T04:26:13.531-0700][gc,phases    ] GC(0)   Evacuate Collection Set: 26.0ms
[2021-04-17T04:26:13.531-0700][gc,phases    ] GC(0)   Post Evacuate Collection Set: 0.5ms
[2021-04-17T04:26:13.531-0700][gc,phases    ] GC(0)   Other: 2.6ms
[2021-04-17T04:26:13.531-0700][gc,heap      ] GC(0) Eden regions: 25->0(21)
[2021-04-17T04:26:13.531-0700][gc,heap      ] GC(0) Survivor regions: 0->4(4)
[2021-04-17T04:26:13.531-0700][gc,heap      ] GC(0) Old regions: 2->4
[2021-04-17T04:26:13.531-0700][gc,heap      ] GC(0) Humongous regions: 0->0
[2021-04-17T04:26:13.531-0700][gc,metaspace ] GC(0) Metaspace: 7694K->7694K(1056768K)
[2021-04-17T04:26:13.531-0700][gc           ] GC(0) Pause Young (Normal) (G1 Evacuation Pause) 25M->5M(512M) 29.193ms
[2021-04-17T04:26:13.531-0700][gc,cpu       ] GC(0) User=0.15s Sys=0.03s Real=0.03s
[2021-04-17T04:41:12.315-0700][gc,heap,exit ] Heap
[2021-04-17T04:41:12.315-0700][gc,heap,exit ]  garbage-first heap   total 524288K, used 18322K [0x00000000e0000000, 0x0000000100000000)
[2021-04-17T04:41:12.315-0700][gc,heap,exit ]   region size 1024K, 17 young (17408K), 4 survivors (4096K)
[2021-04-17T04:41:12.315-0700][gc,heap,exit ]  Metaspace       used 8470K, capacity 8783K, committed 8960K, reserved 1056768K
[2021-04-17T04:41:12.315-0700][gc,heap,exit ]   class space    used 902K, capacity 1015K, committed 1024K, reserved 1048576K
